******************************************************************************
               TMS320C6x Linker PC v7.4.14                     
******************************************************************************
>> Linked Tue May 31 16:48:37 2016

OUTPUT FILE NAME:   <my_dsp_project.out>
ENTRY POINT SYMBOL: "_c_int00"  address: 00029d60


MEMORY CONFIGURATION

         name            origin    length      used     unused   attr    fill
----------------------  --------  ---------  --------  --------  ----  --------
  IRAM                  00000000   0003e000  0002b7ad  00012853  RWIX
  SDRAM                 80000000   00800000  0002bb4c  007d44b4  RWIX


SECTION ALLOCATION MAP

 output                                  attributes/
section   page    origin      length       input sections
--------  ----  ----------  ----------   ----------------
.data      0    00000000    00000000     UNINITIALIZED

.vers      0    00000000    00000044     COPY SECTION
                  00000000    00000044     my_dsp_projectcfg.obj (.vers)

.hwi_vec   0    00000000    00000200     
                  00000000    00000200     my_dsp_projectcfg.obj (.hwi_vec)

.cinit     0    00000200    0001c374     
                  00000200    0001afa4     skeleton.obj (.cinit)
                  0001b1a4    00000004     --HOLE-- [fill = 0]
                  0001b1a8    0000085c     my_dsp_projectcfg.obj (.cinit)
                  0001ba04    00000004     --HOLE-- [fill = 0]
                  0001ba08    0000026c     bios.a67 : biosdata.o67 (.cinit)
                  0001bc74    00000004     --HOLE-- [fill = 0]
                  0001bc78    000001a4              : knl.o67 (.cinit)
                  0001be1c    00000004     --HOLE-- [fill = 0]
                  0001be20    0000012c     csl6713.lib : csl_irq.obj (.cinit)
                  0001bf4c    00000004     --HOLE-- [fill = 0]
                  0001bf50    000000b0     bios.a67 : swi.o67 (.cinit)
                  0001c000    00000080              : tsk.o67 (.cinit)
                  0001c080    00000078     config_BSPLink.obj (.cinit)
                  0001c0f8    00000070     csl6713.lib : csl_edma.obj (.cinit)
                  0001c168    00000060     bios.a67 : tsk_stup.o67 (.cinit)
                  0001c1c8    0000005c     lnkrtdx.a67 : rtdx.o67 (.cinit)
                  0001c224    00000004     --HOLE-- [fill = 0]
                  0001c228    00000054     csl6713.lib : csl_mcbsp.obj (.cinit)
                  0001c27c    00000004     --HOLE-- [fill = 0]
                  0001c280    0000004c     bios.a67 : rta.o67 (.cinit)
                  0001c2cc    00000004     --HOLE-- [fill = 0]
                  0001c2d0    0000004c     csl6713.lib : csl_timer.obj (.cinit)
                  0001c31c    00000004     --HOLE-- [fill = 0]
                  0001c320    0000004c     rtdx.lib : buffer1.o62 (.cinit)
                  0001c36c    00000004     --HOLE-- [fill = 0]
                  0001c370    00000048     config_AIC23.obj (.cinit)
                  0001c3b8    0000003c     csl6713.lib : csl.obj (.cinit)
                  0001c3f4    00000004     --HOLE-- [fill = 0]
                  0001c3f8    00000034     bios.a67 : hwi.o67 (.cinit)
                  0001c42c    00000004     --HOLE-- [fill = 0]
                  0001c430    0000002c              : utl_putc.o67 (.cinit)
                  0001c45c    00000004     --HOLE-- [fill = 0]
                  0001c460    0000002c     rts6700.lib : exit.obj (.cinit)
                  0001c48c    00000004     --HOLE-- [fill = 0]
                  0001c490    00000024     bios.a67 : obj_init.o67 (.cinit)
                  0001c4b4    00000004     --HOLE-- [fill = 0]
                  0001c4b8    0000001c              : sys.o67 (.cinit)
                  0001c4d4    00000004     --HOLE-- [fill = 0]
                  0001c4d8    0000001c     rts6700.lib : _lock.obj (.cinit)
                  0001c4f4    00000004     --HOLE-- [fill = 0]
                  0001c4f8    0000001c                 : atexit.obj (.cinit)
                  0001c514    00000004     --HOLE-- [fill = 0]
                  0001c518    00000018     bios.a67 : knl_tick.o67 (.cinit)
                  0001c530    0000000c              : gbl_setL2CacheMode.o67 (.cinit)
                  0001c53c    00000004     --HOLE-- [fill = 0]
                  0001c540    0000000c              : idl_busy.o67 (.cinit)
                  0001c54c    00000004     --HOLE-- [fill = 0]
                  0001c550    0000000c              : knl_swit.o67 (.cinit)
                  0001c55c    00000004     --HOLE-- [fill = 0]
                  0001c560    0000000c     rts6700.lib : sinit.obj (.cinit)
                  0001c56c    00000004     --HOLE-- [fill = 0]
                  0001c570    00000004     (.pad.cinit) [fill = 0]

.pinit     0    0001c574    0000000c     
                  0001c574    00000004     rtdx.lib : buffer1.o62 (.pinit)
                  0001c578    00000004              : rtdx_mon.o62 (.pinit)
                  0001c57c    00000004     --HOLE-- [fill = 0]

.bios      0    0001c580    00004280     
                  0001c580    00000600     lnkrtdx.a67 : rtdx.o67 (.bios)
                  0001cb80    000005e0     bios.a67 : gbl_setL2CacheMode.o67 (.bios)
                  0001d160    00000540              : swi.o67 (.bios)
                  0001d6a0    00000460              : hwi_disp_asm.o67 (.bios)
                  0001db00    000003a0              : prd.o67 (.bios)
                  0001dea0    000002c0              : knl_run.o67 (.bios)
                  0001e160    000002c0              : rta.o67 (.bios)
                  0001e420    000002c0              : sem_pend.o67 (.bios)
                  0001e6e0    00000260              : knl_tick.o67 (.bios)
                  0001e940    00000240              : pip.o67 (.bios)
                  0001eb80    00000220              : sem_dopo.o67 (.bios)
                  0001eda0    00000200              : tsk_setu.o67 (.bios)
                  0001efa0    000001c0              : knl_swit.o67 (.bios)
                  0001f160    000001c0     biosC6000.a67 : clk.o67 (.bios)
                  0001f320    000001a0     bios.a67 : tsk_exit.o67 (.bios)
                  0001f4c0    00000180              : autoinit.o67 (.bios)
                  0001f640    00000180              : tsk_stup.o67 (.bios)
                  0001f7c0    00000140              : knl_chec.o67 (.bios)
                  0001f900    000000e0              : gbl_cslcacheinit.o67 (.bios)
                  0001f9e0    000000e0              : knl_exit.o67 (.bios)
                  0001fac0    000000e0              : sem_post.o67 (.bios)
                  0001fba0    000000e0              : sem_post_asm.o67 (.bios)
                  0001fc80    000000e0     biosC6000.a67 : clk_meas.o67 (.bios)
                  0001fd60    000000c0     bios.a67 : knl_ipos.o67 (.bios)
                  0001fe20    000000c0              : knl_post.o67 (.bios)
                  0001fee0    000000c0              : lck.o67 (.bios)
                  0001ffa0    000000c0              : sys_exit.o67 (.bios)
                  00020060    000000c0     biosC6000.a67 : clk_htime.o67 (.bios)
                  00020120    00000080     bios.a67 : fxn.o67 (.bios)
                  000201a0    00000080              : idl_busy.o67 (.bios)
                  00020220    00000080              : log.o67 (.bios)
                  000202a0    00000080              : sts.o67 (.bios)
                  00020320    00000080     biosC6000.a67 : idl_cal.o67 (.bios)
                  000203a0    00000060     bios.a67 : hwi_c.o67 (.bios)
                  00020400    00000060              : sem_pend_binary.o67 (.bios)
                  00020460    00000060              : sem_pend_counting.o67 (.bios)
                  000204c0    00000060              : swi_disable.o67 (.bios)
                  00020520    00000060              : sys_abor.o67 (.bios)
                  00020580    00000060              : utl_putc.o67 (.bios)
                  000205e0    00000060     biosC6000.a67 : clk_start.o67 (.bios)
                  00020640    00000040     bios.a67 : idl_stub.o67 (.bios)
                  00020680    00000040              : rta_andn.o67 (.bios)
                  000206c0    00000040              : utl_doab.o67 (.bios)
                  00020700    00000040     biosC6000.a67 : clk_stop.o67 (.bios)
                  00020740    00000020     bios.a67 : fxn_c.o67 (.bios)
                  00020760    00000020              : gbl_vers.o67 (.bios)
                  00020780    00000020              : idl.o67 (.bios)
                  000207a0    00000020              : sts_set.o67 (.bios)
                  000207c0    00000020              : utl_doer.o67 (.bios)
                  000207e0    00000020              : utl_halt.o67 (.bios)

.stack     0    00020800    00004000     UNINITIALIZED
                  00020800    00004000     --HOLE--

.text      0    00024800    00003ca0     
                  00024800    00000cc0     skeleton.obj (.text)
                  000254c0    00000660     config_BSPLink.obj (.text)
                  00025b20    00000480     dsk6713bsl.lib : dsk6713.obj (.text)
                  00025fa0    00000280     csl6713.lib : csl_edma.obj (.text:_EDMA_open)
                  00026220    00000240     rts6700.lib : memcpy62.obj (.text:_memcpy)
                  00026460    00000240     config_AIC23.obj (.text)
                  000266a0    00000220     csl6713.lib : csl.obj (.text:__CSL_init)
                  000268c0    000001e0     dsk6713bsl.lib : dsk6713_led.obj (.text)
                  00026aa0    000001c0     csl6713.lib : csl_irq.obj (.text:_IRQ_map)
                  00026c60    000001c0                 : csl_irq.obj (.text:_mux2Tables)
                  00026e20    000001a0                 : csl_edma.obj (.text:_EDMA_allocTable)
                  00026fc0    000001a0                 : csl_mcbsp.obj (.text:_MCBSP_reset)
                  00027160    00000180     bios.a67 : gbl_cslpllinit62.o67 (.text)
                  000272e0    00000160     rts6700.lib : sinit.obj (.text:_call_dtors)
                  00027440    00000140     csl6713.lib : csl_edma.obj (.text:_EDMA_reset)
                  00027580    00000140                 : csl_timer.obj (.text:_TIMER_open)
                  000276c0    00000120                 : csl_timer.obj (.text:_TIMER_reset)
                  000277e0    00000100                 : csl_edma.obj (.text:_EDMA_intAlloc)
                  000278e0    00000100                 : csl_mcbsp.obj (.text:_MCBSP_open)
                  000279e0    00000100                 : csl_mcbsp.obj (.text:_MCBSP_start)
                  00027ae0    000000e0                 : csl_edma.obj (.text:_EDMA_config)
                  00027bc0    000000e0     rts6700.lib : strasg.obj (.text:__strasg)
                  00027ca0    000000e0                 : atexit.obj (.text:_atexit)
                  00027d80    000000c0     bios.a67 : tsk_stup.o67 (.text)
                  00027e40    000000a0     csl6713.lib : csl_mcbsp.obj (.text:_MCBSP_close)
                  00027ee0    000000a0                 : csl_mcbsp.obj (.text:_MCBSP_config)
                  00027f80    000000a0                 : csl_irq.obj (.text:__IRQ_init)
                  00028020    000000a0                 : csl_irq.obj (.text:_setMux)
                  000280c0    00000060                 : csl_edma.obj (.text:_EDMA_disableChannel)
                  00028120    00000060                 : csl_edma.obj (.text:_EDMA_enableChannel)
                  00028180    00000060                 : csl_edma.obj (.text:_EDMA_intEnable)
                  000281e0    00000060                 : csl_edma.obj (.text:_EDMA_qdmaConfig)
                  00028240    00000040                 : csl_edma.obj (.text:_EDMA_link)
                  00028280    00000040                 : csl_irq.obj (.text:_IRQ_enable)
                  000282c0    00000040     rts6700.lib : sinit.obj (.text:___add_dtor)
                  00028300    00000020     csl6713.lib : csl.obj (.text:_CSL6713_LIB_)
                  00028320    00000020                 : csl_edma.obj (.text:_EDMA_intClear)
                  00028340    00000020                 : csl_edma.obj (.text:_EDMA_intTest)
                  00028360    00000020                 : csl_irq.obj (.text:_IRQ_clear)
                  00028380    00000020                 : csl_irq.obj (.text:_IRQ_globalEnable)
                  000283a0    00000020                 : csl_mcbsp.obj (.text:_MCBSP_getRcvAddr)
                  000283c0    00000020                 : csl_mcbsp.obj (.text:_MCBSP_getXmtAddr)
                  000283e0    00000020                 : csl_mcbsp.obj (.text:_MCBSP_write)
                  00028400    00000020                 : csl_mcbsp.obj (.text:_MCBSP_xrdy)
                  00028420    00000020     rts6700.lib : _lock.obj (.text:__nop)
                  00028440    00000020                 : _lock.obj (.text:__register_lock)
                  00028460    00000020                 : _lock.obj (.text:__register_unlock)
                  00028480    00000020     csl6713.lib : csl_irq.obj (.text)

.rtdx_text 
*          0    000284a0    00000ea0     
                  000284a0    00000400     rtdx.lib : rtdx_mon.o62 (.rtdx_text:_RTDX_Poll)
                  000288a0    00000340              : buffer1.o62 (.rtdx_text:_RTDX_Buffer_WriteCB)
                  00028be0    00000300              : buffer1.o62 (.rtdx_text:_RTDX_write_next)
                  00028ee0    00000140              : rtdx_mon.o62 (.rtdx_text:_RTDX_Mon_Queue)
                  00029020    000000e0              : buffer1.o62 (.rtdx_text:_claim)
                  00029100    00000080              : rtdx_mon.o62 (.rtdx_text:_RTDX_Init_RT_Monitor)
                  00029180    00000060              : buffer1.o62 (.rtdx_text:_RTDX_Buffer_Initialize)
                  000291e0    00000060              : buffer2.o62 (.rtdx_text:_RTDX_Buffer_ReadCB)
                  00029240    00000040              : buffer1.o62 (.rtdx_text:_RTDX_Buffer_Size)
                  00029280    00000040              : rtdx_mon.o62 (.rtdx_text:_RTDX_Final_RT_Monitor)
                  000292c0    00000020              : buffer2.o62 (.rtdx_text:_RTDX_Buffer_Read)
                  000292e0    00000020              : buffer1.o62 (.rtdx_text:_RTDX_Buffer_Write)
                  00029300    00000020              : rtdx_mon.o62 (.rtdx_text:_RTDX_checksum)
                  00029320    00000020              : intr_tgt.o62 (.rtdx_text)

.far       0    00029340    00000658     UNINITIALIZED
                  00029340    00000188     rts6700.lib : atexit.obj (.far)
                  000294c8    000000f4     csl6713.lib : csl_irq.obj (.far)
                  000295bc    000000d8     bios.a67 : knl.o67 (.far)
                  00029694    0000005c              : tsk.o67 (.far)
                  000296f0    00000054              : obj_init.o67 (.far)
                  00029744    00000054     csl6713.lib : csl_edma.obj (.far)
                  00029798    00000050     bios.a67 : tsk_stup.o67 (.far)
                  000297e8    00000050     config_BSPLink.obj (.far)
                  00029838    00000050     skeleton.obj (.far)
                  00029888    00000038     csl6713.lib : csl_mcbsp.obj (.far)
                  000298c0    00000034     config_AIC23.obj (.far)
                  000298f4    00000028     csl6713.lib : csl.obj (.far)
                  0002991c    00000024                 : csl_timer.obj (.far)
                  00029940    00000020     bios.a67 : sys.o67 (.far)
                  00029960    00000010              : knl_tick.o67 (.far)
                  00029970    0000000c              : utl_putc.o67 (.far)
                  0002997c    0000000c     rts6700.lib : exit.obj (.far)
                  00029988    00000008                 : _lock.obj (.far)
                  00029990    00000004                 : sinit.obj (.far)
                  00029994    00000002     dsk6713bsl.lib : dsk6713.obj (.far)
                  00029996    00000002                    : dsk6713_led.obj (.far)

.clk       0    00029998    00000008     UNINITIALIZED
                  00029998    00000008     my_dsp_projectcfg.obj (.clk)

.sysinit   0    000299a0    00000520     
                  000299a0    000002e0     my_dsp_projectcfg.obj (.sysinit)
                  00029c80    000000e0     bios.a67 : mem_init.o67 (.sysinit)
                  00029d60    000000c0              : boot.o67 (.sysinit)
                  00029e20    00000080              : tsk_init.o67 (.sysinit)
                  00029ea0    00000020              : obj_init.o67 (.sysinit)

.rtdx_data 
*          0    00029ec0    0000044c     UNINITIALIZED
                  00029ec0    00000410     my_dsp_projectcfg.obj (.rtdx_data)
                  0002a2d0    00000020     rtdx.lib : buffer1.o62 (.rtdx_data)
                  0002a2f0    0000001c              : rtdx_mon.o62 (.rtdx_data)

.args      0    0002a30c    00000004     
                  0002a30c    00000004     --HOLE-- [fill = 0]

.TSK_LEDTOGGLE$stk 
*          0    0002a310    00000400     UNINITIALIZED
                  0002a310    00000400     my_dsp_projectcfg.obj (.TSK_LEDTOGGLE$stk)

.TSK_idle$stk 
*          0    0002a710    00000400     UNINITIALIZED
                  0002a710    00000400     my_dsp_projectcfg.obj (.TSK_idle$stk)

.bss       0    0002ab10    000003cc     UNINITIALIZED
                  0002ab10    00000100     bios.a67 : hwi_disp_asm.o67 (.bss)
                  0002ac10    000000cc              : biosdata.o67 (.bss)
                  0002acdc    0000009c              : swi.o67 (.bss)
                  0002ad78    00000058     skeleton.obj (.bss)
                  0002add0    00000048     bios.a67 : knl.o67 (.bss)
                  0002ae18    0000002c     config_BSPLink.obj (.bss)
                  0002ae44    00000028     my_dsp_projectcfg.obj (.bss)
                  0002ae6c    00000018     bios.a67 : hwi.o67 (.bss)
                  0002ae84    00000018     lnkrtdx.a67 : rtdx.o67 (.bss)
                  0002ae9c    00000010     rtdx.lib : buffer1.o62 (.bss)
                  0002aeac    0000000c     bios.a67 : tsk.o67 (.bss)
                  0002aeb8    00000008              : clk_data.o67 (.bss)
                  0002aec0    00000008              : sys.o67 (.bss)
                  0002aec8    00000004              : clk_data2.o67 (.bss)
                  0002aecc    00000004              : gbl_setL2CacheMode.o67 (.bss)
                  0002aed0    00000004              : idl_busy.o67 (.bss)
                  0002aed4    00000004              : mem_asm.o67 (.bss)
                  0002aed8    00000004     config_AIC23.obj (.bss)

.trace     0    0002aedc    00000200     
                  0002aedc    00000200     --HOLE-- [fill = 00000000]

.prd       0    0002b0dc    00000020     UNINITIALIZED
                  0002b0dc    00000020     my_dsp_projectcfg.obj (.prd)

.mem       0    0002b0fc    00000004     UNINITIALIZED
                  0002b0fc    00000004     my_dsp_projectcfg.obj (.mem)

.LOG_system$buf 
*          0    0002b100    00000100     UNINITIALIZED
                  0002b100    00000100     my_dsp_projectcfg.obj (.LOG_system$buf)

.hst0      0    0002b200    00000100     UNINITIALIZED
                  0002b200    00000100     my_dsp_projectcfg.obj (.hst0)

.pip       0    0002b300    000000c8     UNINITIALIZED
                  0002b300    000000c8     my_dsp_projectcfg.obj (.pip)

.tsk       0    0002b3c8    000000c0     UNINITIALIZED
                  0002b3c8    000000c0     my_dsp_projectcfg.obj (.tsk)

.const     0    0002b488    000000b5     
                  0002b488    0000004e     bios.a67 : tsk_stup.o67 (.const)
                  0002b4d6    00000023              : utl_doab.o67 (.const)
                  0002b4f9    00000022              : utl_doer.o67 (.const)
                  0002b51b    00000001     --HOLE-- [fill = 0]
                  0002b51c    00000020     dsk6713bsl.lib : dsk6713.obj (.const)
                  0002b53c    00000001     bios.a67 : tsk.o67 (.const)

.printf    0    0002b53d    000000c4     COPY SECTION
                  0002b53d    000000c4     my_dsp_projectcfg.obj (.printf)

.swi       0    0002b540    000000b0     UNINITIALIZED
                  0002b540    000000b0     my_dsp_projectcfg.obj (.swi)

.sts       0    0002b5f0    00000080     
                  0002b5f0    00000080     my_dsp_projectcfg.obj (.sts)

.gblinit   0    0002b670    0000004c     
                  0002b670    0000004c     my_dsp_projectcfg.obj (.gblinit)

.hst       0    0002b6bc    0000003c     UNINITIALIZED
                  0002b6bc    0000003c     my_dsp_projectcfg.obj (.hst)

.sem       0    0002b6f8    0000002c     UNINITIALIZED
                  0002b6f8    0000002c     my_dsp_projectcfg.obj (.sem)

.switch    0    0002b724    00000028     
                  0002b724    00000028     rtdx.lib : rtdx_mon.o62 (.switch)

.log       0    0002b74c    00000018     
                  0002b74c    00000018     my_dsp_projectcfg.obj (.log)

.hst1      0    0002b764    00000010     UNINITIALIZED
                  0002b764    00000010     my_dsp_projectcfg.obj (.hst1)

.idl       0    0002b774    00000010     UNINITIALIZED
                  0002b774    00000010     my_dsp_projectcfg.obj (.idl)

.idlcal    0    0002b784    00000010     UNINITIALIZED
                  0002b784    00000010     my_dsp_projectcfg.obj (.idlcal)

.sys       0    0002b794    00000010     UNINITIALIZED
                  0002b794    00000010     my_dsp_projectcfg.obj (.sys)

.trcdata   0    0002b7a4    0000000c     
                  0002b7a4    0000000c     bios.a67 : trc.o67 (.trcdata)

.sounds    0    80000000    0001aeac     UNINITIALIZED
                  80000000    0001aeac     skeleton.obj (.sounds)

.datenpuffer 
*          0    8001aeac    00008ca0     UNINITIALIZED
                  8001aeac    00004e20     config_BSPLink.obj (.datenpuffer)
                  8001fccc    00003e80     skeleton.obj (.datenpuffer)

.SDRAM$heap 
*          0    80023b4c    00008000     UNINITIALIZED
                  80023b4c    00008000     --HOLE--


GLOBAL SYMBOLS: SORTED ALPHABETICALLY BY Name 

address    name
--------   ----
0002ab10   $bss
0002ab10   .bss
00000000   .data
00024800   .text
00029b5c   BIOS$$CLKOFF
00029b1c   BIOS$$CLKON
000299a0   BIOS_init
00029bc4   BIOS_start
00000000   BUF$
00000001   BUF_ENABLED
00000001   CLK$
00029998   CLK_A_TABBEG
00000001   CLK_CALDIV
00000004   CLK_CALMULT
0000dbba   CLK_COUNTSPMS
00000000   CLK_COUNTSPMSHIGH
0002ac38   CLK_D_idletime
0002ac34   CLK_D_isrhook
0002ac30   CLK_D_tabbeg
0002ac2c   CLK_D_timefxn
00020060   CLK_F_getfhtime
00020080   CLK_F_gethtime
0001f160   CLK_F_getltime
00020080   CLK_F_getshtime
0001f174   CLK_F_isr
0001f2d4   CLK_F_itime
0001d6a0   CLK_HOOKFXN
00000001   CLK_HTIMEDIV
00000004   CLK_HTIMEMULT
0000dbba   CLK_HTIMEPERLTIME
00004000   CLK_INTBIT
00000001   CLK_LTIMEDIV
00036ee8   CLK_LTIMEMULT
000003e8   CLK_MICROSECS
0000dbba   CLK_PRD
00000000   CLK_PRDHIGH
01940000   CLK_REGS
0002ac28   CLK_R_time
00000020   CLK_TCR
00000000   CLK_TDDR
00000000   CLK_TDDRHIGH
00020080   CLK_TIMEFXN
00000000   CLK_TIMERNUM
00000001   CLK_USETIMER
0002999c   CLK_null
00000000   DEV$
00000000   DGN$
00000000   DHL$
00000000   DHL_gChannelsAvailable
00000000   DIO$
00000000   DIO_NUMSWIBASE
00000000   DIO_NUMTSKBASE
00000000   DIO_STATIC
00000000   DPI$
00020120   FXN_F_nop
00020128   FXN_F_run
00020178   FXN_F_zero
00000001   GBL$
00005205   GBL_A_VERSION
00000000   GBL_BIGENDIAN
00000000   GBL_C641XL2PRIORITY
00000000   GBL_CACHE
00000001   GBL_CALLCSLCFGINIT
00004e20   GBL_CLKIN
00001770   GBL_CLKTYPE
00001a39   GBL_DSPSUBTYPE
0000003e   GBL_DSPTYPE
00000001   GBL_ENABLEINST
00000042   GBL_FOOTPRINT
00036ee8   GBL_FREQ
00002226   GBL_L2ALLOC
00000000   GBL_L2CONFIGALLOC
00000001   GBL_L2CONFIGURE
00000001   GBL_L2MARMASK
00000000   GBL_L2MARMASK1
00000000   GBL_L2MARMASK2
00000000   GBL_L2MARMASK3
00000000   GBL_L2MARMASK4
00000000   GBL_L2MARMASK5
00000000   GBL_L2MODE
00000000   GBL_L2PRIORITY
00000000   GBL_NULL
00000000   GBL_PROCID
00000000   GBL_ROM
00000000   GBL_SUPPORTCSL
0000dbef   GBL_TRCMASKVALUE
00000001   GBL_USERINIT
00027188   GBL_USERINITFXN
00000001   GBL_boot
0002b7ac   GBL_initdone
00020800   GBL_stackbeg
000247ff   GBL_stackend
00000000   GIO$
00020740   GIO_CREATEFXN
00020740   GIO_DELETEFXN
00020740   GIO_PENDFXN
00020740   GIO_POSTFXN
00000000   HOOK$
00000000   HOOK_KNLID
00000001   HST$
0002b6bc   HST_A_TABBEG
0002b6f8   HST_A_TABEND
00000000   HST_DSM
ffffffff   HST_DSMBUFSEG
00000400   HST_DSMMEMSIZE
0002aca4   HST_D_chanmask
0002aca8   HST_D_tabbeg
0002acac   HST_D_tabend
000000ff   HST_MAXFRAMEALLOWED
00000040   HST_MAXFRAMESET
00000000   HST_NONE
00000001   HST_RTDX
00000001   HWI$
00000000   HWI_A_VECS
00005108   HWI_CFGDISPATCHED
0002ae7c   HWI_D_bss
0002ae80   HWI_D_ccmask
0002ae6c   HWI_D_spsave
0001d6a0   HWI_F_dispatch
00000000   HWI_GENERATE_RESET_VEC
0000000a   HWI_INT10
00000000   HWI_INT10$hwi
0000000b   HWI_INT11
00000000   HWI_INT11$hwi
0000000c   HWI_INT12
00000000   HWI_INT12$hwi
0000000d   HWI_INT13
00000000   HWI_INT13$hwi
0000000e   HWI_INT14
00000000   HWI_INT14$hwi
0000000f   HWI_INT15
00000000   HWI_INT15$hwi
00000004   HWI_INT4
00000000   HWI_INT4$hwi
00000005   HWI_INT5
00000000   HWI_INT5$hwi
00000006   HWI_INT6
00000000   HWI_INT6$hwi
00000007   HWI_INT7
00000000   HWI_INT7$hwi
00000008   HWI_INT8
00000000   HWI_INT8$hwi
00000009   HWI_INT9
00000000   HWI_INT9$hwi
082039a3   HWI_INTRMULTHIGH
310718a4   HWI_INTRMULTLOW
00000001   HWI_NMI
00000000   HWI_NMI$hwi
00000000   HWI_POLARITYMASK
00000002   HWI_RESERVED0
00000000   HWI_RESERVED0$hwi
00000003   HWI_RESERVED1
00000000   HWI_RESERVED1$hwi
00000000   HWI_RESET
00000000   HWI_RESET$hwi
00000001   HWI_ZEROTAB
00000001   IDL$
0002b784   IDL_A_CALBEG
0002b774   IDL_A_TABBEG
00000006   IDL_CALIBRERROR
00020640   IDL_CALIBRFXN
0002aed0   IDL_D_busyObj
0002ac18   IDL_D_calbeg
0002ac14   IDL_D_calibrate
0002ac10   IDL_D_tabbeg
0002b780   IDL_END
0002b790   IDL_END$
000201a0   IDL_F_busy
00020320   IDL_F_calibrate
00020780   IDL_F_loop
00020640   IDL_F_stub
00000001   IDL_USECLKIDLTIME
0002b664   IDL_busyObj
0002b5fc   IDL_busyObj$avgfmt
00000001   IDL_busyObj$filter
00000001   IDL_busyObj$iA
00000000   IDL_busyObj$iB
00000001   IDL_busyObj$iC
0002b5f6   IDL_busyObj$maxfmt
00000000   IDL_busyObj$operation
0002b660   IDL_busyObj$stsobj
0002b5f9   IDL_busyObj$sumfmt
00000002   IDL_busyObj$unittype
0002b774   IDL_cpuLoad
0002b784   IDL_cpuLoad$
ffffffff   IRAM
00000001   ISRC$
0001f120   KNL_glue
0002b56c   KNL_swi
00000001   KNL_swi$dorta
00000002   KNL_swi$ord
00000000   KNL_swi$pri
0002b614   KNL_swi$sts
0002b584   KNL_swi$sts$avgfmt
00000002   KNL_swi$sts$filter
00000001   KNL_swi$sts$filtmaxmult
00000001   KNL_swi$sts$filtsummult
0002b574   KNL_swi$sts$maxfmt
0002b610   KNL_swi$sts$stsobj
0002b57c   KNL_swi$sts$sumfmt
00000000   KNL_swi$sts$unittype
00000000   KNL_swi$swi
00000001   LCK$
0001c580   LNK_F_checkBufferCall
0001c600   LNK_F_dataPump
0001c5a0   LNK_F_getChanPtr
0001c5f8   LNK_F_init
0001cb44   LNK_F_readCallBack
0002b778   LNK_dataPump
0002b788   LNK_dataPump$
0002ae88   LNK_dspFrameReadyMask
0002ae84   LNK_dspFrameRequestMask
0001c8a0   LNK_newin
0001c9e0   LNK_newout
0001c614   LNK_rcloop
0001c6e0   LNK_rdrtry
0002ae90   LNK_readDone
0002ae94   LNK_readFail
0002ae8c   LNK_readPend
0001c6f0   LNK_rrloop
0002ae98   LNK_writeFail
0001c7c4   LNK_wrloop
0001c7b4   LNK_wrrtry
00000001   LOG$
0002b74c   LOG_A_TABBEG
0002b764   LOG_A_TABEND
00000001   LOG_A_TABLEN
0002ac1c   LOG_D_system
00000001   LOG_ENABLED
00020220   LOG_F_event
0002b74c   LOG_system
0002b100   LOG_system$buf
00000000   LOG_system$datatype
00000000   LOG_system$log
00000040   LOG_system$size
00000000   MBX$
00000001   MEM$
0002ae50   MEM_MALLOCSEG
00000000   MEM_NULL
0002ae50   MEM_SEGZERO
00000000   MEM_USEMPC
00000001   MEM_gNumHeap
00000000   MSGQ$
00000000   MSGQ_USEMSGQ
00000000   OBJ$
00000000   PIP$
0002b300   PIP_A_TABBEG
0002b3c8   PIP_A_TABEND
00000002   PIP_A_TABLEN
0002ac20   PIP_D_tabbeg
0002ac24   PIP_D_tablen
0001e9d4   PIP_F_give
0001e9d4   PIP_F_probe
0001eaa8   PIP_F_start
0001e940   PIP_F_take
00000064   PIP_OBJSIZE
00000000   PIP_gNextId
00000002   PIP_gNumEmbed
00000000   POOL$
00000000   POOL_USEPOOL
00000001   PRD$
0002b0dc   PRD_A_TABBEG
0002b0fc   PRD_A_TABEND
00000001   PRD_A_TABLEN
0002ac60   PRD_D_cur
0002ac64   PRD_D_elapsed
0002ac68   PRD_D_prevtim
0002ac6c   PRD_D_scalar
0002ac70   PRD_D_swihandle
0002ac74   PRD_D_tabbeg
0002ac78   PRD_D_tablen
0002ac7c   PRD_D_thook
0002ac5c   PRD_D_tick
0001db00   PRD_F_swi
0001ddc0   PRD_F_tick
0002b0dc   PRD_LEDToggle
0002b0f8   PRD_LEDToggle$aaa
00000000   PRD_LEDToggle$mode
00000002   PRD_LEDToggle$ord
000003e8   PRD_LEDToggle$period
00000000   PRD_LEDToggle$prd
0002b5f4   PRD_LEDToggle$sts
0002b54f   PRD_LEDToggle$sts$avgfmt
00000000   PRD_LEDToggle$sts$filter
0002b53d   PRD_LEDToggle$sts$maxfmt
0002b5f0   PRD_LEDToggle$sts$stsobj
0002b546   PRD_LEDToggle$sts$sumfmt
00000002   PRD_LEDToggle$sts$unittype
00000008   PRD_SCALAR
0002b540   PRD_SWIHANDLE
0001e920   PRD_THOOKFXN
00029998   PRD_clock
0002b540   PRD_swi
00000001   PRD_swi$dorta
00000001   PRD_swi$ord
00000001   PRD_swi$pri
0002b604   PRD_swi$sts
0002b56a   PRD_swi$sts$avgfmt
00000002   PRD_swi$sts$filter
00000001   PRD_swi$sts$filtmaxmult
00000001   PRD_swi$sts$filtsummult
0002b55a   PRD_swi$sts$maxfmt
0002b600   PRD_swi$sts$stsobj
0002b562   PRD_swi$sts$sumfmt
00000000   PRD_swi$sts$unittype
00000000   PRD_swi$swi
00000001   QUE$
0002ac80   RTA_D_fromHost
0002ac88   RTA_D_logval
0002ac98   RTA_D_stsval
0002ac84   RTA_D_toHost
00020680   RTA_F_andn
0001e258   RTA_F_dispatch
0001e160   RTA_F_getlog
0001e1a4   RTA_F_getsts
000206a0   RTA_F_or
0001e1ec   RTA_F_readblk
0001e218   RTA_F_resetmem
0001e20c   RTA_F_writeword
0002b77c   RTA_dispatcher
0002b78c   RTA_dispatcher$
0001e2a8   RTA_execute
0002b6c0   RTA_fromHost
0002b764   RTA_fromHost$buf
00000004   RTA_fromHost$framesize
00000000   RTA_fromHost$hst
00000001   RTA_fromHost$id
00000000   RTA_fromHost$mode
0002b300   RTA_fromHost$pipe
0002b330   RTA_fromHost$pipe$aaa
0002b360   RTA_fromHost$pipe$bbb
0002ae54   RTA_fromHost$pipe$dtab
0002b304   RTA_fromHost$pipe$rd
0002b334   RTA_fromHost$pipe$wr
0002b6c8   RTA_fromHost$rtdx
0002b6dc   RTA_toHost
0002b200   RTA_toHost$buf
00000040   RTA_toHost$framesize
00000000   RTA_toHost$hst
00000000   RTA_toHost$id
00000001   RTA_toHost$mode
0002b364   RTA_toHost$pipe
0002b394   RTA_toHost$pipe$aaa
0002b3c4   RTA_toHost$pipe$bbb
0002ae60   RTA_toHost$pipe$dtab
0002b368   RTA_toHost$pipe$rd
0002b398   RTA_toHost$pipe$wr
0002b6e4   RTA_toHost$rtdx
00000001   RTDX$
00000408   RTDX_BUFMEMSIZE
ffffffff   RTDX_DATAMEMSEG
00000000   RTDX_MODE
00000001   RTDX_NORMALIZED_HDR
00000001   RTDX_USERTDX
00000000   RTDX_USERTEXECUTION
0002ae50   SDRAM
80023b4c   SDRAM$B
00008000   SDRAM$L
00000001   SEM$
0002b704   SEM_LEDToggle
00000000   SIO$
00000001   STS$
0002b5f0   STS_A_TABBEG
0002b670   STS_A_TABEND
000202d8   STS_F_add
000202a0   STS_F_delta
00020304   STS_F_reset
00000001   SWI$
0002b540   SWI_A_TABBEG
0002b5f0   SWI_A_TABEND
00000004   SWI_A_TABLEN
0002acf4   SWI_D_curfxn
0002ace4   SWI_D_curmask
0002acf0   SWI_D_curmbox
0002ace8   SWI_D_curset
0002ace0   SWI_D_execaddr
0002acfc   SWI_D_inswi
0002acec   SWI_D_lock
0002acf8   SWI_D_rdybeg
0002ad00   SWI_D_rdytab
0002acdc   SWI_D_runaddr
00000000   SWI_EHOOKFXN
0001d37c   SWI_EXECFXN
0001d160   SWI_F_enable
0001d37c   SWI_F_exec
0001d3a8   SWI_F_iexec
0001d1d0   SWI_F_post
0001d438   SWI_F_run
00000000   SWI_IHOOKFXN
0002b598   SWI_Ping
00000001   SWI_Ping$dorta
00000003   SWI_Ping$ord
00000001   SWI_Ping$pri
0002b624   SWI_Ping$sts
0002b59e   SWI_Ping$sts$avgfmt
00000002   SWI_Ping$sts$filter
00000001   SWI_Ping$sts$filtmaxmult
00000001   SWI_Ping$sts$filtsummult
0002b58e   SWI_Ping$sts$maxfmt
0002b620   SWI_Ping$sts$stsobj
0002b596   SWI_Ping$sts$sumfmt
00000000   SWI_Ping$sts$unittype
00000000   SWI_Ping$swi
0002b5c4   SWI_Pong
00000001   SWI_Pong$dorta
00000004   SWI_Pong$ord
00000001   SWI_Pong$pri
0002b634   SWI_Pong$sts
0002b5b8   SWI_Pong$sts$avgfmt
00000002   SWI_Pong$sts$filter
00000001   SWI_Pong$sts$filtmaxmult
00000001   SWI_Pong$sts$filtsummult
0002b5a8   SWI_Pong$sts$maxfmt
0002b630   SWI_Pong$sts$stsobj
0002b5b0   SWI_Pong$sts$sumfmt
00000000   SWI_Pong$sts$unittype
00000000   SWI_Pong$swi
0001d438   SWI_RUNFXN
00000001   SYS$
0002b794   SYS$config
000206c0   SYS_ABORTFXN
000207c0   SYS_ERRORFXN
000207e0   SYS_EXITFXN
00020580   SYS_PUTCFXN
0002b7a8   TRC_R_mask
0002b7a4   TRC_cinit
00000001   TSK$
0002b434   TSK_LEDTOGGLE
00000003   TSK_LEDTOGGLE$ord
00000002   TSK_LEDTOGGLE$pri
0002a310   TSK_LEDTOGGLE$stack
0002a6a8   TSK_LEDTOGGLE$stkptr
0002b654   TSK_LEDTOGGLE$sts
0002b5ec   TSK_LEDTOGGLE$sts$avgfmt
00000002   TSK_LEDTOGGLE$sts$filter
00000001   TSK_LEDTOGGLE$sts$filtmaxmult
00000001   TSK_LEDTOGGLE$sts$filtsummult
0002b5dc   TSK_LEDTOGGLE$sts$maxfmt
0002b650   TSK_LEDTOGGLE$sts$stsobj
0002b5e4   TSK_LEDTOGGLE$sts$sumfmt
00000000   TSK_LEDTOGGLE$sts$unittype
00000000   TSK_LEDTOGGLE$tsk
00000000   TSK_NUM_HOOKS
00000001   TSK_PRIORITY
00000000   TSK_READYFXN
00000000   TSK_STACKSEG
00000400   TSK_STACKSIZE
00000000   TSK_SWITCHFXN
00020740   TSK_VCREATEFXN
00020740   TSK_VDELETEFXN
00020740   TSK_VEXITFXN
0002b3d4   TSK_idle
00000001   TSK_idle$ord
00000000   TSK_idle$pri
0002a710   TSK_idle$stack
0002aaa8   TSK_idle$stkptr
0002b644   TSK_idle$sts
0002b5d2   TSK_idle$sts$avgfmt
00000002   TSK_idle$sts$filter
00000001   TSK_idle$sts$filtmaxmult
00000001   TSK_idle$sts$filtsummult
0002b5c2   TSK_idle$sts$maxfmt
0002b640   TSK_idle$sts$stsobj
0002b5ca   TSK_idle$sts$sumfmt
00000000   TSK_idle$sts$unittype
00000000   TSK_idle$tsk
00000000   UDEV$
000299a0   _BIOS_init
00029bc4   _BIOS_start
8001ed2c   _BSPLinkBuffer_data
8001aeac   _BSPLinkBuffer_in_ping
8001be4c   _BSPLinkBuffer_in_pong
8001cdec   _BSPLinkBuffer_out_ping
8001dd8c   _BSPLinkBuffer_out_pong
000255e8   _BSPLink_EDMA_Send_Ping
0002557c   _BSPLink_EDMA_Send_Pong
000297e8   _BSPLink_interface_config
8001fccc   _Buffer_in_ping
80020c6c   _Buffer_in_pong
80021c0c   _Buffer_out_ping
80022bac   _Buffer_out_pong
0000dbba   _CLK_COUNTSPMS
0002aeb8   _CLK_DFLTMICROSECS
0002ac58   _CLK_D_countspms
0002ac4c   _CLK_D_dirty
0002aebc   _CLK_D_microseconds
0002ac50   _CLK_D_prd
0002ac54   _CLK_D_tddr
0001f2d4   _CLK_F_itime
0000dbba   _CLK_PRD
01940000   _CLK_REGS
00000000   _CLK_TDDR
00000000   _CLK_TIMERNUM
00000001   _CLK_USETIMER
0002ac3c   _CLK_htimeDiv
0002ac40   _CLK_htimeMult
0002aec8   _CLK_htimePerLtime
0001f2d4   _CLK_itime
0002ac44   _CLK_ltimeDiv
0002ac48   _CLK_ltimeMult
0001fc80   _CLK_measure
000205e0   _CLK_start
00020700   _CLK_stop
00028300   _CSL6713_LIB_
00026460   _Config_DSK6713_AIC23
000268c0   _DSK6713_LED_init
00026900   _DSK6713_LED_off
00026970   _DSK6713_LED_on
000269e0   _DSK6713_LED_toggle
00025f34   _DSK6713_getVersion
00025b6c   _DSK6713_init
00025e88   _DSK6713_rget
00025e9c   _DSK6713_rset
00029994   _DSK6713_version
00025eb0   _DSK6713_wait
00025f08   _DSK6713_waitusec
00024f54   _EDMA_ISR
00026e20   _EDMA_allocTable
00027ae0   _EDMA_config
000280c0   _EDMA_disableChannel
00028120   _EDMA_enableChannel
000277e0   _EDMA_intAlloc
00028320   _EDMA_intClear
00028180   _EDMA_intEnable
00028340   _EDMA_intTest
00028240   _EDMA_link
00025fa0   _EDMA_open
000281e0   _EDMA_qdmaConfig
00027440   _EDMA_reset
00020740   _FXN_F_nop
00020128   _FXN_F_run
00020178   _FXN_F_zero
00000000   _GBL_CACHE
0002acb4   _GBL_clkIn
0001f900   _GBL_cslCacheInit
0002acb8   _GBL_freq
00020760   _GBL_getVersion
0002acb0   _GBL_procId
00027188   _GBL_setPLLto225MHz
0002b6bc   _HST_A_TABBEG
0002b6f8   _HST_A_TABEND
00005108   _HWI_CFGDISPATCHED
0002ae78   _HWI_D_inhwi
0002ae6c   _HWI_D_spsave
0001d6a0   _HWI_F_dispatch
0000000a   _HWI_INT10
0000000b   _HWI_INT11
0000000c   _HWI_INT12
0000000d   _HWI_INT13
0000000e   _HWI_INT14
0000000f   _HWI_INT15
00000004   _HWI_INT4
00000005   _HWI_INT5
00000006   _HWI_INT6
00000007   _HWI_INT7
00000008   _HWI_INT8
00000009   _HWI_INT9
00000001   _HWI_NMI
00000002   _HWI_RESERVED0
00000003   _HWI_RESERVED1
00000000   _HWI_RESET
000247f8   _HWI_STKBOTTOM
00020800   _HWI_STKTOP
0002ae6c   _HWI_data
000203a0   _HWI_disable
0002ab10   _HWI_dispatchTab
000203b8   _HWI_enable
000203cc   _HWI_restore
0002b664   _IDL_busyObj
0002b774   _IDL_cpuLoad
00020780   _IDL_loop
ffffffff   _IRAM
00028360   _IRQ_clear
00028280   _IRQ_enable
00028380   _IRQ_globalEnable
00026aa0   _IRQ_map
0002add8   _KNL_alarm
0001f7c0   _KNL_check
0002adfc   _KNL_curqueue
0002adec   _KNL_curtask
0002adf4   _KNL_curtime
0002965c   _KNL_dummy
0001fa34   _KNL_enter
0001f9e0   _KNL_exit
0001f898   _KNL_idle
0002ae14   _KNL_idlefxn
0002ade0   _KNL_inactive
0001fd60   _KNL_ipost
0001f8bc   _KNL_max
0002ae00   _KNL_maxqueue
0001fe20   _KNL_post
0002adf0   _KNL_prevtask
0002ade4   _KNL_priority
000295bc   _KNL_queues
0001dea0   _KNL_run
0001efa0   _KNL_saveIsrFrame
0002ade8   _KNL_set
0002addc   _KNL_setpri
0002b56c   _KNL_swi
0002adf8   _KNL_swiptr
0001f06c   _KNL_switch
0002ae08   _KNL_tcreatefxn
0002ae0c   _KNL_tdeletefxn
0001e920   _KNL_tick
0002ae10   _KNL_treadyfxn
0002ae04   _KNL_tswitchfxn
0002add0   _KNL_wFlag
0002add4   _KNL_wList
0001ff10   _LCK_pend
0001fee0   _LCK_post
0002b778   _LNK_dataPump
0002ae88   _LNK_dspFrameReadyMask
0002ae84   _LNK_dspFrameRequestMask
0002ae90   _LNK_readDone
0002ae94   _LNK_readFail
0002ae8c   _LNK_readPend
0002ae98   _LNK_writeFail
0002b74c   _LOG_A_TABBEG
0002b764   _LOG_A_TABEND
00000001   _LOG_A_TABLEN
0002ac1c   _LOG_D_system
00020220   _LOG_event
0002b74c   _LOG_system
00027e40   _MCBSP_close
00027ee0   _MCBSP_config
000283a0   _MCBSP_getRcvAddr
000283c0   _MCBSP_getXmtAddr
000278e0   _MCBSP_open
00026fc0   _MCBSP_reset
000279e0   _MCBSP_start
000283e0   _MCBSP_write
00028400   _MCBSP_xrdy
0002aed4   _MEM
0002acbc   _MEM_D_NUMSEGMENTS
0002acc4   _MEM_D_freelist
0002acc8   _MEM_D_lockaddr
0002acc0   _MEM_D_memtab
0002accc   _MEM_D_unlockaddr
00029c80   _MEM_init
0002ae44   _MEM_memtab
80000000   _MySound
00029ea0   _OBJ_init
00029728   _OBJ_segtab
000296f0   _OBJ_table
0002b300   _PIP_A_TABBEG
0002b3c8   _PIP_A_TABEND
0002ac5c   _PRD_D_tick
0002b0dc   _PRD_LEDToggle
00029998   _PRD_clock
0002b540   _PRD_swi
0002b77c   _RTA_dispatcher
0002b6c0   _RTA_fromHost
0002b6dc   _RTA_toHost
00029ec0   _RTDX_Buffer
0002a2cc   _RTDX_Buffer_End
00029180   _RTDX_Buffer_Initialize
000292c0   _RTDX_Buffer_Read
000291e0   _RTDX_Buffer_ReadCB
00029240   _RTDX_Buffer_Size
0002a2c8   _RTDX_Buffer_Start
000292e0   _RTDX_Buffer_Write
000288a0   _RTDX_Buffer_WriteCB
00029280   _RTDX_Final_RT_Monitor
00029100   _RTDX_Init_RT_Monitor
00000002   _RTDX_JTAGONLY
00029320   _RTDX_Mask_IER
00028ee0   _RTDX_Mon_Queue
000284a0   _RTDX_Poll
00000000   _RTDX_interrupt_mask
0002a2dc   _RTDX_writing
0002ae50   _SDRAM
80023b4c   _SDRAM_base
00008000   _SDRAM_length
0002b704   _SEM_LEDToggle
00020460   _SEM_pend
00020400   _SEM_pendBinary
0001e420   _SEM_pendEnterKnl
0001fba0   _SEM_post
0001fba0   _SEM_postBinary
0001fac0   _SEM_postEnterKnl
0002b5f0   _STS_A_TABBEG
0002b670   _STS_A_TABEND
000202d8   _STS_add
000202a0   _STS_delta
00020304   _STS_reset
000207a0   _STS_set
0002acf4   _SWI_D_curfxn
0002ace4   _SWI_D_curmask
0002ace8   _SWI_D_curset
0002ace0   _SWI_D_execaddr
0002acfc   _SWI_D_inswi
0002acec   _SWI_D_lock
0002acf8   _SWI_D_rdybeg
0002acdc   _SWI_D_runaddr
00025370   _SWI_LEDToggle
0002b598   _SWI_Ping
0002b5c4   _SWI_Pong
0002acdc   _SWI_data
000204c0   _SWI_disable
000204e8   _SWI_enable
0001d1d0   _SWI_post
0002acd0   _SYS
0002aedc   _SYS_PUTCBEG
0002b0db   _SYS_PUTCEND
00020520   _SYS_abort
0001ffa0   _SYS_exit
00029940   _SYS_exitStack
0002aec0   _SYS_exitStackPtr
0002aec4   _SYS_exitStackTop
00027580   _TIMER_open
000276c0   _TIMER_reset
0002b7a8   _TRC_R_mask
0002aeb4   _TSK
00029694   _TSK_ATTRS
0002b434   _TSK_LEDTOGGLE
000296b0   _TSK_config
0001f320   _TSK_exit
0002b3d4   _TSK_idle
00029e20   _TSK_init
0002aeac   _TSK_nTasks
0002aeb0   _TSK_pid
0001eda0   _TSK_setup
0001f700   _TSK_startup
000296d0   _TSK_timerSem
000206c0   _UTL_doAbort
000207c0   _UTL_doError
00020580   _UTL_doPutc
000207e0   _UTL_halt
0001f2f0   __CLK_lat1beg
0001f31c   __CLK_lat1end
000266a0   __CSL_init
0001cfb4   __GBL_setL2CacheMode
0002acd8   __HOOK_NUMHOOKS
0002acd4   __HOOK_knlId
0001d6a0   __HWI_lat1beg
0001d820   __HWI_lat1end
0001d820   __HWI_lat2beg
0001d9c0   __HWI_lat2end1
0001d94c   __HWI_lat2end2
0001d9e0   __HWI_lat3beg
0001dae0   __HWI_lat3end1
0001d97c   __HWI_lat3end2
000201a0   __IDL_lat1beg
000201f0   __IDL_lat1end
000295b4   __IRQ_dispatchTable
000294f0   __IRQ_eventTable
00028480   __IRQ_hookFetchPacket
00027f80   __IRQ_init
00029574   __IRQ_intTable
0001f810   __KNL_lat1beg
0001f898   __KNL_lat1end
00020220   __LOG_lat1beg
000298b8   __MCBSP_hDev0
000298bc   __MCBSP_hDev1
000297c0   __MEM_mutex
0001e218   __RTA_lat1beg
0001e250   __RTA_lat1end
0001eb80   __SEM_dopost
00024800   __STACK_END
00004000   __STACK_SIZE
0001d30c   __SWI_lat1beg
0001d3c0   __SWI_lat1end
0001d3c4   __SWI_lat2beg
0001d434   __SWI_lat2end
0001d160   __SWI_lat3beg
0001d1cc   __SWI_lat3end
0002991c   __TIMER_deviceTable
0002993c   __TIMER_hBios
00029934   __TIMER_hDev0
00029938   __TIMER_hDev1
00029798   __TSK_mutex
00029984   ___TI_enable_exit_profile_output
ffffffff   ___TI_pprof_out_hndl
ffffffff   ___TI_prof_data_size
ffffffff   ___TI_prof_data_start
000282c0   ___add_dtor
00029340   ___atexit_func_id__
ffffffff   ___binit__
0002ab10   ___bss__
ffffffff   ___c_args__
00000200   ___cinit__
00000000   ___data__
00000000   ___edata__
0002aedc   ___end__
000284a0   ___etext__
0001c574   ___pinit__
00024800   ___text__
0001f4c0   __auto_init
0002997c   __cleanup_ptr
00029980   __dtors_ptr
00029988   __lock
00028420   __nop
00028440   __register_lock
00028460   __register_unlock
00020800   __stack
00027bc0   __strasg
0002998c   __unlock
00027ca0   _atexit
00029d60   _c_int00
000272e0   _call_dtors
0002ada8   _configComplete
00029808   _configEDMABSPLinkRcv
00029820   _configEDMABSPLinkXmt
00029858   _configEDMARcv
00029870   _configEDMAXmt
000254c0   _config_BSPLink
00025654   _config_BSPLink_EDMA
0002498c   _config_EDMA
00024ec0   _config_interrupts
00029838   _datainterface_config
00029990   _dtors
0002ae1c   _hEdmaBSPLinkRcv
0002ae20   _hEdmaBSPLinkRcvRelPing
0002ae24   _hEdmaBSPLinkRcvRelPong
0002ae28   _hEdmaBSPLinkXmt
0002ae2c   _hEdmaBSPLinkXmtRelPing
0002ae30   _hEdmaBSPLinkXmtRelPong
0002ad7c   _hEdmaRcv
0002ad80   _hEdmaRcvRelPing
0002ad84   _hEdmaRcvRelPong
0002ad88   _hEdmaXmt
0002ad8c   _hEdmaXmtRelPing
0002ad90   _hEdmaXmtRelPong
0002ad78   _hMcbsp
0002aed8   _hMcbsp_AIC23_Config
0002ae18   _hMcbsp_Link
00024848   _main
00026220   _memcpy
000252fc   _process_buffer
0002529c   _process_ping_SWI
000252cc   _process_pong_SWI
0002aea4   _rtdxNullChanCnt
0002aea8   _rtdxNullFuncCnt
0002a2d0   _rtdx_buffer_state
0002a2f0   _rtdx_mon_state
0002ada4   _soundBuffer_i
0002adac   _t_reg
00029758   _tccAllocTable
0002ae34   _tccBSPLinkRcvPing
0002ae38   _tccBSPLinkRcvPong
0002ae3c   _tccBSPLinkXmtPing
0002ae40   _tccBSPLinkXmtPong
0002ad94   _tccRcvPing
0002ad98   _tccRcvPong
0002ad9c   _tccXmtPing
0002ada0   _tccXmtPong
0002539c   _tsk_led_toggle
00027160   _wait500nS
ffffffff   binit
00000200   cinit
00000000   edata
0002aedc   end
000284a0   etext
00000000   hwi0
00000020   hwi1
00000140   hwi10
00000160   hwi11
00000180   hwi12
000001a0   hwi13
000001c0   hwi14
000001e0   hwi15
00000040   hwi2
00000060   hwi3
00000080   hwi4
000000a0   hwi5
000000c0   hwi6
000000e0   hwi7
00000100   hwi8
00000120   hwi9
0001c574   pinit


GLOBAL SYMBOLS: SORTED BY Symbol Address 

address    name
--------   ----
00000000   .data
00000000   BUF$
00000000   CLK_COUNTSPMSHIGH
00000000   CLK_PRDHIGH
00000000   CLK_TDDR
00000000   CLK_TDDRHIGH
00000000   CLK_TIMERNUM
00000000   DEV$
00000000   DGN$
00000000   DHL$
00000000   DHL_gChannelsAvailable
00000000   DIO$
00000000   DIO_NUMSWIBASE
00000000   DIO_NUMTSKBASE
00000000   DIO_STATIC
00000000   DPI$
00000000   GBL_BIGENDIAN
00000000   GBL_C641XL2PRIORITY
00000000   GBL_CACHE
00000000   GBL_L2CONFIGALLOC
00000000   GBL_L2MARMASK1
00000000   GBL_L2MARMASK2
00000000   GBL_L2MARMASK3
00000000   GBL_L2MARMASK4
00000000   GBL_L2MARMASK5
00000000   GBL_L2MODE
00000000   GBL_L2PRIORITY
00000000   GBL_NULL
00000000   GBL_PROCID
00000000   GBL_ROM
00000000   GBL_SUPPORTCSL
00000000   GIO$
00000000   HOOK$
00000000   HOOK_KNLID
00000000   HST_DSM
00000000   HST_NONE
00000000   HWI_A_VECS
00000000   HWI_GENERATE_RESET_VEC
00000000   HWI_INT10$hwi
00000000   HWI_INT11$hwi
00000000   HWI_INT12$hwi
00000000   HWI_INT13$hwi
00000000   HWI_INT14$hwi
00000000   HWI_INT15$hwi
00000000   HWI_INT4$hwi
00000000   HWI_INT5$hwi
00000000   HWI_INT6$hwi
00000000   HWI_INT7$hwi
00000000   HWI_INT8$hwi
00000000   HWI_INT9$hwi
00000000   HWI_NMI$hwi
00000000   HWI_POLARITYMASK
00000000   HWI_RESERVED0$hwi
00000000   HWI_RESERVED1$hwi
00000000   HWI_RESET
00000000   HWI_RESET$hwi
00000000   IDL_busyObj$iB
00000000   IDL_busyObj$operation
00000000   KNL_swi$pri
00000000   KNL_swi$sts$unittype
00000000   KNL_swi$swi
00000000   LOG_system$datatype
00000000   LOG_system$log
00000000   MBX$
00000000   MEM_NULL
00000000   MEM_USEMPC
00000000   MSGQ$
00000000   MSGQ_USEMSGQ
00000000   OBJ$
00000000   PIP$
00000000   PIP_gNextId
00000000   POOL$
00000000   POOL_USEPOOL
00000000   PRD_LEDToggle$mode
00000000   PRD_LEDToggle$prd
00000000   PRD_LEDToggle$sts$filter
00000000   PRD_swi$sts$unittype
00000000   PRD_swi$swi
00000000   RTA_fromHost$hst
00000000   RTA_fromHost$mode
00000000   RTA_toHost$hst
00000000   RTA_toHost$id
00000000   RTDX_MODE
00000000   RTDX_USERTEXECUTION
00000000   SIO$
00000000   SWI_EHOOKFXN
00000000   SWI_IHOOKFXN
00000000   SWI_Ping$sts$unittype
00000000   SWI_Ping$swi
00000000   SWI_Pong$sts$unittype
00000000   SWI_Pong$swi
00000000   TSK_LEDTOGGLE$sts$unittype
00000000   TSK_LEDTOGGLE$tsk
00000000   TSK_NUM_HOOKS
00000000   TSK_READYFXN
00000000   TSK_STACKSEG
00000000   TSK_SWITCHFXN
00000000   TSK_idle$pri
00000000   TSK_idle$sts$unittype
00000000   TSK_idle$tsk
00000000   UDEV$
00000000   _CLK_TDDR
00000000   _CLK_TIMERNUM
00000000   _GBL_CACHE
00000000   _HWI_RESET
00000000   _RTDX_interrupt_mask
00000000   ___data__
00000000   ___edata__
00000000   edata
00000000   hwi0
00000001   BUF_ENABLED
00000001   CLK$
00000001   CLK_CALDIV
00000001   CLK_HTIMEDIV
00000001   CLK_LTIMEDIV
00000001   CLK_USETIMER
00000001   GBL$
00000001   GBL_CALLCSLCFGINIT
00000001   GBL_ENABLEINST
00000001   GBL_L2CONFIGURE
00000001   GBL_L2MARMASK
00000001   GBL_USERINIT
00000001   GBL_boot
00000001   HST$
00000001   HST_RTDX
00000001   HWI$
00000001   HWI_NMI
00000001   HWI_ZEROTAB
00000001   IDL$
00000001   IDL_USECLKIDLTIME
00000001   IDL_busyObj$filter
00000001   IDL_busyObj$iA
00000001   IDL_busyObj$iC
00000001   ISRC$
00000001   KNL_swi$dorta
00000001   KNL_swi$sts$filtmaxmult
00000001   KNL_swi$sts$filtsummult
00000001   LCK$
00000001   LOG$
00000001   LOG_A_TABLEN
00000001   LOG_ENABLED
00000001   MEM$
00000001   MEM_gNumHeap
00000001   PRD$
00000001   PRD_A_TABLEN
00000001   PRD_swi$dorta
00000001   PRD_swi$ord
00000001   PRD_swi$pri
00000001   PRD_swi$sts$filtmaxmult
00000001   PRD_swi$sts$filtsummult
00000001   QUE$
00000001   RTA_fromHost$id
00000001   RTA_toHost$mode
00000001   RTDX$
00000001   RTDX_NORMALIZED_HDR
00000001   RTDX_USERTDX
00000001   SEM$
00000001   STS$
00000001   SWI$
00000001   SWI_Ping$dorta
00000001   SWI_Ping$pri
00000001   SWI_Ping$sts$filtmaxmult
00000001   SWI_Ping$sts$filtsummult
00000001   SWI_Pong$dorta
00000001   SWI_Pong$pri
00000001   SWI_Pong$sts$filtmaxmult
00000001   SWI_Pong$sts$filtsummult
00000001   SYS$
00000001   TSK$
00000001   TSK_LEDTOGGLE$sts$filtmaxmult
00000001   TSK_LEDTOGGLE$sts$filtsummult
00000001   TSK_PRIORITY
00000001   TSK_idle$ord
00000001   TSK_idle$sts$filtmaxmult
00000001   TSK_idle$sts$filtsummult
00000001   _CLK_USETIMER
00000001   _HWI_NMI
00000001   _LOG_A_TABLEN
00000002   HWI_RESERVED0
00000002   IDL_busyObj$unittype
00000002   KNL_swi$ord
00000002   KNL_swi$sts$filter
00000002   PIP_A_TABLEN
00000002   PIP_gNumEmbed
00000002   PRD_LEDToggle$ord
00000002   PRD_LEDToggle$sts$unittype
00000002   PRD_swi$sts$filter
00000002   SWI_Ping$sts$filter
00000002   SWI_Pong$sts$filter
00000002   TSK_LEDTOGGLE$pri
00000002   TSK_LEDTOGGLE$sts$filter
00000002   TSK_idle$sts$filter
00000002   _HWI_RESERVED0
00000002   _RTDX_JTAGONLY
00000003   HWI_RESERVED1
00000003   SWI_Ping$ord
00000003   TSK_LEDTOGGLE$ord
00000003   _HWI_RESERVED1
00000004   CLK_CALMULT
00000004   CLK_HTIMEMULT
00000004   HWI_INT4
00000004   RTA_fromHost$framesize
00000004   SWI_A_TABLEN
00000004   SWI_Pong$ord
00000004   _HWI_INT4
00000005   HWI_INT5
00000005   _HWI_INT5
00000006   HWI_INT6
00000006   IDL_CALIBRERROR
00000006   _HWI_INT6
00000007   HWI_INT7
00000007   _HWI_INT7
00000008   HWI_INT8
00000008   PRD_SCALAR
00000008   _HWI_INT8
00000009   HWI_INT9
00000009   _HWI_INT9
0000000a   HWI_INT10
0000000a   _HWI_INT10
0000000b   HWI_INT11
0000000b   _HWI_INT11
0000000c   HWI_INT12
0000000c   _HWI_INT12
0000000d   HWI_INT13
0000000d   _HWI_INT13
0000000e   HWI_INT14
0000000e   _HWI_INT14
0000000f   HWI_INT15
0000000f   _HWI_INT15
00000020   CLK_TCR
00000020   hwi1
0000003e   GBL_DSPTYPE
00000040   HST_MAXFRAMESET
00000040   LOG_system$size
00000040   RTA_toHost$framesize
00000040   hwi2
00000042   GBL_FOOTPRINT
00000060   hwi3
00000064   PIP_OBJSIZE
00000080   hwi4
000000a0   hwi5
000000c0   hwi6
000000e0   hwi7
000000ff   HST_MAXFRAMEALLOWED
00000100   hwi8
00000120   hwi9
00000140   hwi10
00000160   hwi11
00000180   hwi12
000001a0   hwi13
000001c0   hwi14
000001e0   hwi15
00000200   ___cinit__
00000200   cinit
000003e8   CLK_MICROSECS
000003e8   PRD_LEDToggle$period
00000400   HST_DSMMEMSIZE
00000400   TSK_STACKSIZE
00000408   RTDX_BUFMEMSIZE
00001770   GBL_CLKTYPE
00001a39   GBL_DSPSUBTYPE
00002226   GBL_L2ALLOC
00004000   CLK_INTBIT
00004000   __STACK_SIZE
00004e20   GBL_CLKIN
00005108   HWI_CFGDISPATCHED
00005108   _HWI_CFGDISPATCHED
00005205   GBL_A_VERSION
00008000   SDRAM$L
00008000   _SDRAM_length
0000dbba   CLK_COUNTSPMS
0000dbba   CLK_HTIMEPERLTIME
0000dbba   CLK_PRD
0000dbba   _CLK_COUNTSPMS
0000dbba   _CLK_PRD
0000dbef   GBL_TRCMASKVALUE
0001c574   ___pinit__
0001c574   pinit
0001c580   LNK_F_checkBufferCall
0001c5a0   LNK_F_getChanPtr
0001c5f8   LNK_F_init
0001c600   LNK_F_dataPump
0001c614   LNK_rcloop
0001c6e0   LNK_rdrtry
0001c6f0   LNK_rrloop
0001c7b4   LNK_wrrtry
0001c7c4   LNK_wrloop
0001c8a0   LNK_newin
0001c9e0   LNK_newout
0001cb44   LNK_F_readCallBack
0001cfb4   __GBL_setL2CacheMode
0001d160   SWI_F_enable
0001d160   __SWI_lat3beg
0001d1cc   __SWI_lat3end
0001d1d0   SWI_F_post
0001d1d0   _SWI_post
0001d30c   __SWI_lat1beg
0001d37c   SWI_EXECFXN
0001d37c   SWI_F_exec
0001d3a8   SWI_F_iexec
0001d3c0   __SWI_lat1end
0001d3c4   __SWI_lat2beg
0001d434   __SWI_lat2end
0001d438   SWI_F_run
0001d438   SWI_RUNFXN
0001d6a0   CLK_HOOKFXN
0001d6a0   HWI_F_dispatch
0001d6a0   _HWI_F_dispatch
0001d6a0   __HWI_lat1beg
0001d820   __HWI_lat1end
0001d820   __HWI_lat2beg
0001d94c   __HWI_lat2end2
0001d97c   __HWI_lat3end2
0001d9c0   __HWI_lat2end1
0001d9e0   __HWI_lat3beg
0001dae0   __HWI_lat3end1
0001db00   PRD_F_swi
0001ddc0   PRD_F_tick
0001dea0   _KNL_run
0001e160   RTA_F_getlog
0001e1a4   RTA_F_getsts
0001e1ec   RTA_F_readblk
0001e20c   RTA_F_writeword
0001e218   RTA_F_resetmem
0001e218   __RTA_lat1beg
0001e250   __RTA_lat1end
0001e258   RTA_F_dispatch
0001e2a8   RTA_execute
0001e420   _SEM_pendEnterKnl
0001e920   PRD_THOOKFXN
0001e920   _KNL_tick
0001e940   PIP_F_take
0001e9d4   PIP_F_give
0001e9d4   PIP_F_probe
0001eaa8   PIP_F_start
0001eb80   __SEM_dopost
0001eda0   _TSK_setup
0001efa0   _KNL_saveIsrFrame
0001f06c   _KNL_switch
0001f120   KNL_glue
0001f160   CLK_F_getltime
0001f174   CLK_F_isr
0001f2d4   CLK_F_itime
0001f2d4   _CLK_F_itime
0001f2d4   _CLK_itime
0001f2f0   __CLK_lat1beg
0001f31c   __CLK_lat1end
0001f320   _TSK_exit
0001f4c0   __auto_init
0001f700   _TSK_startup
0001f7c0   _KNL_check
0001f810   __KNL_lat1beg
0001f898   _KNL_idle
0001f898   __KNL_lat1end
0001f8bc   _KNL_max
0001f900   _GBL_cslCacheInit
0001f9e0   _KNL_exit
0001fa34   _KNL_enter
0001fac0   _SEM_postEnterKnl
0001fba0   _SEM_post
0001fba0   _SEM_postBinary
0001fc80   _CLK_measure
0001fd60   _KNL_ipost
0001fe20   _KNL_post
0001fee0   _LCK_post
0001ff10   _LCK_pend
0001ffa0   _SYS_exit
00020060   CLK_F_getfhtime
00020080   CLK_F_gethtime
00020080   CLK_F_getshtime
00020080   CLK_TIMEFXN
00020120   FXN_F_nop
00020128   FXN_F_run
00020128   _FXN_F_run
00020178   FXN_F_zero
00020178   _FXN_F_zero
000201a0   IDL_F_busy
000201a0   __IDL_lat1beg
000201f0   __IDL_lat1end
00020220   LOG_F_event
00020220   _LOG_event
00020220   __LOG_lat1beg
000202a0   STS_F_delta
000202a0   _STS_delta
000202d8   STS_F_add
000202d8   _STS_add
00020304   STS_F_reset
00020304   _STS_reset
00020320   IDL_F_calibrate
000203a0   _HWI_disable
000203b8   _HWI_enable
000203cc   _HWI_restore
00020400   _SEM_pendBinary
00020460   _SEM_pend
000204c0   _SWI_disable
000204e8   _SWI_enable
00020520   _SYS_abort
00020580   SYS_PUTCFXN
00020580   _UTL_doPutc
000205e0   _CLK_start
00020640   IDL_CALIBRFXN
00020640   IDL_F_stub
00020680   RTA_F_andn
000206a0   RTA_F_or
000206c0   SYS_ABORTFXN
000206c0   _UTL_doAbort
00020700   _CLK_stop
00020740   GIO_CREATEFXN
00020740   GIO_DELETEFXN
00020740   GIO_PENDFXN
00020740   GIO_POSTFXN
00020740   TSK_VCREATEFXN
00020740   TSK_VDELETEFXN
00020740   TSK_VEXITFXN
00020740   _FXN_F_nop
00020760   _GBL_getVersion
00020780   IDL_F_loop
00020780   _IDL_loop
000207a0   _STS_set
000207c0   SYS_ERRORFXN
000207c0   _UTL_doError
000207e0   SYS_EXITFXN
000207e0   _UTL_halt
00020800   GBL_stackbeg
00020800   _HWI_STKTOP
00020800   __stack
000247f8   _HWI_STKBOTTOM
000247ff   GBL_stackend
00024800   .text
00024800   __STACK_END
00024800   ___text__
00024848   _main
0002498c   _config_EDMA
00024ec0   _config_interrupts
00024f54   _EDMA_ISR
0002529c   _process_ping_SWI
000252cc   _process_pong_SWI
000252fc   _process_buffer
00025370   _SWI_LEDToggle
0002539c   _tsk_led_toggle
000254c0   _config_BSPLink
0002557c   _BSPLink_EDMA_Send_Pong
000255e8   _BSPLink_EDMA_Send_Ping
00025654   _config_BSPLink_EDMA
00025b6c   _DSK6713_init
00025e88   _DSK6713_rget
00025e9c   _DSK6713_rset
00025eb0   _DSK6713_wait
00025f08   _DSK6713_waitusec
00025f34   _DSK6713_getVersion
00025fa0   _EDMA_open
00026220   _memcpy
00026460   _Config_DSK6713_AIC23
000266a0   __CSL_init
000268c0   _DSK6713_LED_init
00026900   _DSK6713_LED_off
00026970   _DSK6713_LED_on
000269e0   _DSK6713_LED_toggle
00026aa0   _IRQ_map
00026e20   _EDMA_allocTable
00026fc0   _MCBSP_reset
00027160   _wait500nS
00027188   GBL_USERINITFXN
00027188   _GBL_setPLLto225MHz
000272e0   _call_dtors
00027440   _EDMA_reset
00027580   _TIMER_open
000276c0   _TIMER_reset
000277e0   _EDMA_intAlloc
000278e0   _MCBSP_open
000279e0   _MCBSP_start
00027ae0   _EDMA_config
00027bc0   __strasg
00027ca0   _atexit
00027e40   _MCBSP_close
00027ee0   _MCBSP_config
00027f80   __IRQ_init
000280c0   _EDMA_disableChannel
00028120   _EDMA_enableChannel
00028180   _EDMA_intEnable
000281e0   _EDMA_qdmaConfig
00028240   _EDMA_link
00028280   _IRQ_enable
000282c0   ___add_dtor
00028300   _CSL6713_LIB_
00028320   _EDMA_intClear
00028340   _EDMA_intTest
00028360   _IRQ_clear
00028380   _IRQ_globalEnable
000283a0   _MCBSP_getRcvAddr
000283c0   _MCBSP_getXmtAddr
000283e0   _MCBSP_write
00028400   _MCBSP_xrdy
00028420   __nop
00028440   __register_lock
00028460   __register_unlock
00028480   __IRQ_hookFetchPacket
000284a0   _RTDX_Poll
000284a0   ___etext__
000284a0   etext
000288a0   _RTDX_Buffer_WriteCB
00028ee0   _RTDX_Mon_Queue
00029100   _RTDX_Init_RT_Monitor
00029180   _RTDX_Buffer_Initialize
000291e0   _RTDX_Buffer_ReadCB
00029240   _RTDX_Buffer_Size
00029280   _RTDX_Final_RT_Monitor
000292c0   _RTDX_Buffer_Read
000292e0   _RTDX_Buffer_Write
00029320   _RTDX_Mask_IER
00029340   ___atexit_func_id__
000294f0   __IRQ_eventTable
00029574   __IRQ_intTable
000295b4   __IRQ_dispatchTable
000295bc   _KNL_queues
0002965c   _KNL_dummy
00029694   _TSK_ATTRS
000296b0   _TSK_config
000296d0   _TSK_timerSem
000296f0   _OBJ_table
00029728   _OBJ_segtab
00029758   _tccAllocTable
00029798   __TSK_mutex
000297c0   __MEM_mutex
000297e8   _BSPLink_interface_config
00029808   _configEDMABSPLinkRcv
00029820   _configEDMABSPLinkXmt
00029838   _datainterface_config
00029858   _configEDMARcv
00029870   _configEDMAXmt
000298b8   __MCBSP_hDev0
000298bc   __MCBSP_hDev1
0002991c   __TIMER_deviceTable
00029934   __TIMER_hDev0
00029938   __TIMER_hDev1
0002993c   __TIMER_hBios
00029940   _SYS_exitStack
0002997c   __cleanup_ptr
00029980   __dtors_ptr
00029984   ___TI_enable_exit_profile_output
00029988   __lock
0002998c   __unlock
00029990   _dtors
00029994   _DSK6713_version
00029998   CLK_A_TABBEG
00029998   PRD_clock
00029998   _PRD_clock
0002999c   CLK_null
000299a0   BIOS_init
000299a0   _BIOS_init
00029b1c   BIOS$$CLKON
00029b5c   BIOS$$CLKOFF
00029bc4   BIOS_start
00029bc4   _BIOS_start
00029c80   _MEM_init
00029d60   _c_int00
00029e20   _TSK_init
00029ea0   _OBJ_init
00029ec0   _RTDX_Buffer
0002a2c8   _RTDX_Buffer_Start
0002a2cc   _RTDX_Buffer_End
0002a2d0   _rtdx_buffer_state
0002a2dc   _RTDX_writing
0002a2f0   _rtdx_mon_state
0002a310   TSK_LEDTOGGLE$stack
0002a6a8   TSK_LEDTOGGLE$stkptr
0002a710   TSK_idle$stack
0002aaa8   TSK_idle$stkptr
0002ab10   $bss
0002ab10   .bss
0002ab10   _HWI_dispatchTab
0002ab10   ___bss__
0002ac10   IDL_D_tabbeg
0002ac14   IDL_D_calibrate
0002ac18   IDL_D_calbeg
0002ac1c   LOG_D_system
0002ac1c   _LOG_D_system
0002ac20   PIP_D_tabbeg
0002ac24   PIP_D_tablen
0002ac28   CLK_R_time
0002ac2c   CLK_D_timefxn
0002ac30   CLK_D_tabbeg
0002ac34   CLK_D_isrhook
0002ac38   CLK_D_idletime
0002ac3c   _CLK_htimeDiv
0002ac40   _CLK_htimeMult
0002ac44   _CLK_ltimeDiv
0002ac48   _CLK_ltimeMult
0002ac4c   _CLK_D_dirty
0002ac50   _CLK_D_prd
0002ac54   _CLK_D_tddr
0002ac58   _CLK_D_countspms
0002ac5c   PRD_D_tick
0002ac5c   _PRD_D_tick
0002ac60   PRD_D_cur
0002ac64   PRD_D_elapsed
0002ac68   PRD_D_prevtim
0002ac6c   PRD_D_scalar
0002ac70   PRD_D_swihandle
0002ac74   PRD_D_tabbeg
0002ac78   PRD_D_tablen
0002ac7c   PRD_D_thook
0002ac80   RTA_D_fromHost
0002ac84   RTA_D_toHost
0002ac88   RTA_D_logval
0002ac98   RTA_D_stsval
0002aca4   HST_D_chanmask
0002aca8   HST_D_tabbeg
0002acac   HST_D_tabend
0002acb0   _GBL_procId
0002acb4   _GBL_clkIn
0002acb8   _GBL_freq
0002acbc   _MEM_D_NUMSEGMENTS
0002acc0   _MEM_D_memtab
0002acc4   _MEM_D_freelist
0002acc8   _MEM_D_lockaddr
0002accc   _MEM_D_unlockaddr
0002acd0   _SYS
0002acd4   __HOOK_knlId
0002acd8   __HOOK_NUMHOOKS
0002acdc   SWI_D_runaddr
0002acdc   _SWI_D_runaddr
0002acdc   _SWI_data
0002ace0   SWI_D_execaddr
0002ace0   _SWI_D_execaddr
0002ace4   SWI_D_curmask
0002ace4   _SWI_D_curmask
0002ace8   SWI_D_curset
0002ace8   _SWI_D_curset
0002acec   SWI_D_lock
0002acec   _SWI_D_lock
0002acf0   SWI_D_curmbox
0002acf4   SWI_D_curfxn
0002acf4   _SWI_D_curfxn
0002acf8   SWI_D_rdybeg
0002acf8   _SWI_D_rdybeg
0002acfc   SWI_D_inswi
0002acfc   _SWI_D_inswi
0002ad00   SWI_D_rdytab
0002ad78   _hMcbsp
0002ad7c   _hEdmaRcv
0002ad80   _hEdmaRcvRelPing
0002ad84   _hEdmaRcvRelPong
0002ad88   _hEdmaXmt
0002ad8c   _hEdmaXmtRelPing
0002ad90   _hEdmaXmtRelPong
0002ad94   _tccRcvPing
0002ad98   _tccRcvPong
0002ad9c   _tccXmtPing
0002ada0   _tccXmtPong
0002ada4   _soundBuffer_i
0002ada8   _configComplete
0002adac   _t_reg
0002add0   _KNL_wFlag
0002add4   _KNL_wList
0002add8   _KNL_alarm
0002addc   _KNL_setpri
0002ade0   _KNL_inactive
0002ade4   _KNL_priority
0002ade8   _KNL_set
0002adec   _KNL_curtask
0002adf0   _KNL_prevtask
0002adf4   _KNL_curtime
0002adf8   _KNL_swiptr
0002adfc   _KNL_curqueue
0002ae00   _KNL_maxqueue
0002ae04   _KNL_tswitchfxn
0002ae08   _KNL_tcreatefxn
0002ae0c   _KNL_tdeletefxn
0002ae10   _KNL_treadyfxn
0002ae14   _KNL_idlefxn
0002ae18   _hMcbsp_Link
0002ae1c   _hEdmaBSPLinkRcv
0002ae20   _hEdmaBSPLinkRcvRelPing
0002ae24   _hEdmaBSPLinkRcvRelPong
0002ae28   _hEdmaBSPLinkXmt
0002ae2c   _hEdmaBSPLinkXmtRelPing
0002ae30   _hEdmaBSPLinkXmtRelPong
0002ae34   _tccBSPLinkRcvPing
0002ae38   _tccBSPLinkRcvPong
0002ae3c   _tccBSPLinkXmtPing
0002ae40   _tccBSPLinkXmtPong
0002ae44   _MEM_memtab
0002ae50   MEM_MALLOCSEG
0002ae50   MEM_SEGZERO
0002ae50   SDRAM
0002ae50   _SDRAM
0002ae54   RTA_fromHost$pipe$dtab
0002ae60   RTA_toHost$pipe$dtab
0002ae6c   HWI_D_spsave
0002ae6c   _HWI_D_spsave
0002ae6c   _HWI_data
0002ae78   _HWI_D_inhwi
0002ae7c   HWI_D_bss
0002ae80   HWI_D_ccmask
0002ae84   LNK_dspFrameRequestMask
0002ae84   _LNK_dspFrameRequestMask
0002ae88   LNK_dspFrameReadyMask
0002ae88   _LNK_dspFrameReadyMask
0002ae8c   LNK_readPend
0002ae8c   _LNK_readPend
0002ae90   LNK_readDone
0002ae90   _LNK_readDone
0002ae94   LNK_readFail
0002ae94   _LNK_readFail
0002ae98   LNK_writeFail
0002ae98   _LNK_writeFail
0002aea4   _rtdxNullChanCnt
0002aea8   _rtdxNullFuncCnt
0002aeac   _TSK_nTasks
0002aeb0   _TSK_pid
0002aeb4   _TSK
0002aeb8   _CLK_DFLTMICROSECS
0002aebc   _CLK_D_microseconds
0002aec0   _SYS_exitStackPtr
0002aec4   _SYS_exitStackTop
0002aec8   _CLK_htimePerLtime
0002aed0   IDL_D_busyObj
0002aed4   _MEM
0002aed8   _hMcbsp_AIC23_Config
0002aedc   _SYS_PUTCBEG
0002aedc   ___end__
0002aedc   end
0002b0db   _SYS_PUTCEND
0002b0dc   PRD_A_TABBEG
0002b0dc   PRD_LEDToggle
0002b0dc   _PRD_LEDToggle
0002b0f8   PRD_LEDToggle$aaa
0002b0fc   PRD_A_TABEND
0002b100   LOG_system$buf
0002b200   RTA_toHost$buf
0002b300   PIP_A_TABBEG
0002b300   RTA_fromHost$pipe
0002b300   _PIP_A_TABBEG
0002b304   RTA_fromHost$pipe$rd
0002b330   RTA_fromHost$pipe$aaa
0002b334   RTA_fromHost$pipe$wr
0002b360   RTA_fromHost$pipe$bbb
0002b364   RTA_toHost$pipe
0002b368   RTA_toHost$pipe$rd
0002b394   RTA_toHost$pipe$aaa
0002b398   RTA_toHost$pipe$wr
0002b3c4   RTA_toHost$pipe$bbb
0002b3c8   PIP_A_TABEND
0002b3c8   _PIP_A_TABEND
0002b3d4   TSK_idle
0002b3d4   _TSK_idle
0002b434   TSK_LEDTOGGLE
0002b434   _TSK_LEDTOGGLE
0002b53d   PRD_LEDToggle$sts$maxfmt
0002b540   PRD_SWIHANDLE
0002b540   PRD_swi
0002b540   SWI_A_TABBEG
0002b540   _PRD_swi
0002b546   PRD_LEDToggle$sts$sumfmt
0002b54f   PRD_LEDToggle$sts$avgfmt
0002b55a   PRD_swi$sts$maxfmt
0002b562   PRD_swi$sts$sumfmt
0002b56a   PRD_swi$sts$avgfmt
0002b56c   KNL_swi
0002b56c   _KNL_swi
0002b574   KNL_swi$sts$maxfmt
0002b57c   KNL_swi$sts$sumfmt
0002b584   KNL_swi$sts$avgfmt
0002b58e   SWI_Ping$sts$maxfmt
0002b596   SWI_Ping$sts$sumfmt
0002b598   SWI_Ping
0002b598   _SWI_Ping
0002b59e   SWI_Ping$sts$avgfmt
0002b5a8   SWI_Pong$sts$maxfmt
0002b5b0   SWI_Pong$sts$sumfmt
0002b5b8   SWI_Pong$sts$avgfmt
0002b5c2   TSK_idle$sts$maxfmt
0002b5c4   SWI_Pong
0002b5c4   _SWI_Pong
0002b5ca   TSK_idle$sts$sumfmt
0002b5d2   TSK_idle$sts$avgfmt
0002b5dc   TSK_LEDTOGGLE$sts$maxfmt
0002b5e4   TSK_LEDTOGGLE$sts$sumfmt
0002b5ec   TSK_LEDTOGGLE$sts$avgfmt
0002b5f0   PRD_LEDToggle$sts$stsobj
0002b5f0   STS_A_TABBEG
0002b5f0   SWI_A_TABEND
0002b5f0   _STS_A_TABBEG
0002b5f4   PRD_LEDToggle$sts
0002b5f6   IDL_busyObj$maxfmt
0002b5f9   IDL_busyObj$sumfmt
0002b5fc   IDL_busyObj$avgfmt
0002b600   PRD_swi$sts$stsobj
0002b604   PRD_swi$sts
0002b610   KNL_swi$sts$stsobj
0002b614   KNL_swi$sts
0002b620   SWI_Ping$sts$stsobj
0002b624   SWI_Ping$sts
0002b630   SWI_Pong$sts$stsobj
0002b634   SWI_Pong$sts
0002b640   TSK_idle$sts$stsobj
0002b644   TSK_idle$sts
0002b650   TSK_LEDTOGGLE$sts$stsobj
0002b654   TSK_LEDTOGGLE$sts
0002b660   IDL_busyObj$stsobj
0002b664   IDL_busyObj
0002b664   _IDL_busyObj
0002b670   STS_A_TABEND
0002b670   _STS_A_TABEND
0002b6bc   HST_A_TABBEG
0002b6bc   _HST_A_TABBEG
0002b6c0   RTA_fromHost
0002b6c0   _RTA_fromHost
0002b6c8   RTA_fromHost$rtdx
0002b6dc   RTA_toHost
0002b6dc   _RTA_toHost
0002b6e4   RTA_toHost$rtdx
0002b6f8   HST_A_TABEND
0002b6f8   _HST_A_TABEND
0002b704   SEM_LEDToggle
0002b704   _SEM_LEDToggle
0002b74c   LOG_A_TABBEG
0002b74c   LOG_system
0002b74c   _LOG_A_TABBEG
0002b74c   _LOG_system
0002b764   LOG_A_TABEND
0002b764   RTA_fromHost$buf
0002b764   _LOG_A_TABEND
0002b774   IDL_A_TABBEG
0002b774   IDL_cpuLoad
0002b774   _IDL_cpuLoad
0002b778   LNK_dataPump
0002b778   _LNK_dataPump
0002b77c   RTA_dispatcher
0002b77c   _RTA_dispatcher
0002b780   IDL_END
0002b784   IDL_A_CALBEG
0002b784   IDL_cpuLoad$
0002b788   LNK_dataPump$
0002b78c   RTA_dispatcher$
0002b790   IDL_END$
0002b794   SYS$config
0002b7a4   TRC_cinit
0002b7a8   TRC_R_mask
0002b7a8   _TRC_R_mask
0002b7ac   GBL_initdone
00036ee8   CLK_LTIMEMULT
00036ee8   GBL_FREQ
01940000   CLK_REGS
01940000   _CLK_REGS
082039a3   HWI_INTRMULTHIGH
310718a4   HWI_INTRMULTLOW
80000000   _MySound
8001aeac   _BSPLinkBuffer_in_ping
8001be4c   _BSPLinkBuffer_in_pong
8001cdec   _BSPLinkBuffer_out_ping
8001dd8c   _BSPLinkBuffer_out_pong
8001ed2c   _BSPLinkBuffer_data
8001fccc   _Buffer_in_ping
80020c6c   _Buffer_in_pong
80021c0c   _Buffer_out_ping
80022bac   _Buffer_out_pong
80023b4c   SDRAM$B
80023b4c   _SDRAM_base
ffffffff   HST_DSMBUFSEG
ffffffff   IRAM
ffffffff   RTDX_DATAMEMSEG
ffffffff   _IRAM
ffffffff   ___TI_pprof_out_hndl
ffffffff   ___TI_prof_data_size
ffffffff   ___TI_prof_data_start
ffffffff   ___binit__
ffffffff   ___c_args__
ffffffff   binit

[870 symbols]
