******************************************************************************
               TMS320C6x Linker PC v7.4.14                     
******************************************************************************
>> Linked Wed Apr 06 09:26:16 2016

OUTPUT FILE NAME:   <my_dsp_project.out>
ENTRY POINT SYMBOL: "_c_int00"  address: 0000ab80


MEMORY CONFIGURATION

         name            origin    length      used     unused   attr    fill
----------------------  --------  ---------  --------  --------  ----  --------
  IRAM                  00000000   0003e000  0000c351  00031caf  RWIX
  MYBUFFERS             0003e000   00002000  00000000  00002000  RWIX
  SDRAM                 80000000   00800000  00008000  007f8000  RWIX


SECTION ALLOCATION MAP

 output                                  attributes/
section   page    origin      length       input sections
--------  ----  ----------  ----------   ----------------
.prd       0    00000000    00000000     UNINITIALIZED

.data      0    00000000    00000000     UNINITIALIZED

.vers      0    00000000    00000044     COPY SECTION
                  00000000    00000044     my_dsp_projectcfg.obj (.vers)

.hwi_vec   0    00000000    00000200     
                  00000000    00000200     my_dsp_projectcfg.obj (.hwi_vec)

.bios      0    00000200    000041c0     
                  00000200    00000600     lnkrtdx.a67 : rtdx.o67 (.bios)
                  00000800    000005e0     bios.a67 : gbl_setL2CacheMode.o67 (.bios)
                  00000de0    00000540              : swi.o67 (.bios)
                  00001320    00000460              : hwi_disp_asm.o67 (.bios)
                  00001780    000003a0              : prd.o67 (.bios)
                  00001b20    000002c0              : knl_run.o67 (.bios)
                  00001de0    000002c0              : rta.o67 (.bios)
                  000020a0    000002c0              : sem_pend.o67 (.bios)
                  00002360    00000260              : knl_tick.o67 (.bios)
                  000025c0    00000240              : pip.o67 (.bios)
                  00002800    00000220              : sem_dopo.o67 (.bios)
                  00002a20    00000200              : tsk_setu.o67 (.bios)
                  00002c20    000001c0              : knl_swit.o67 (.bios)
                  00002de0    000001c0     biosC6000.a67 : clk.o67 (.bios)
                  00002fa0    000001a0     bios.a67 : tsk_exit.o67 (.bios)
                  00003140    00000180              : autoinit.o67 (.bios)
                  000032c0    00000180              : tsk_stup.o67 (.bios)
                  00003440    00000140              : knl_chec.o67 (.bios)
                  00003580    000000e0              : gbl_cslcacheinit.o67 (.bios)
                  00003660    000000e0              : knl_exit.o67 (.bios)
                  00003740    000000e0              : sem_post.o67 (.bios)
                  00003820    000000e0              : sem_post_asm.o67 (.bios)
                  00003900    000000e0     biosC6000.a67 : clk_meas.o67 (.bios)
                  000039e0    000000c0     bios.a67 : knl_ipos.o67 (.bios)
                  00003aa0    000000c0              : knl_post.o67 (.bios)
                  00003b60    000000c0              : lck.o67 (.bios)
                  00003c20    000000c0              : sys_exit.o67 (.bios)
                  00003ce0    000000c0     biosC6000.a67 : clk_htime.o67 (.bios)
                  00003da0    00000080     bios.a67 : fxn.o67 (.bios)
                  00003e20    00000080              : idl_busy.o67 (.bios)
                  00003ea0    00000080              : log.o67 (.bios)
                  00003f20    00000080              : sts.o67 (.bios)
                  00003fa0    00000080     biosC6000.a67 : idl_cal.o67 (.bios)
                  00004020    00000060     bios.a67 : hwi_c.o67 (.bios)
                  00004080    00000060              : sem_pend_counting.o67 (.bios)
                  000040e0    00000060              : sys_abor.o67 (.bios)
                  00004140    00000060              : utl_putc.o67 (.bios)
                  000041a0    00000060     biosC6000.a67 : clk_start.o67 (.bios)
                  00004200    00000040     bios.a67 : idl_stub.o67 (.bios)
                  00004240    00000040              : rta_andn.o67 (.bios)
                  00004280    00000040              : utl_doab.o67 (.bios)
                  000042c0    00000040     biosC6000.a67 : clk_stop.o67 (.bios)
                  00004300    00000020     bios.a67 : fxn_c.o67 (.bios)
                  00004320    00000020              : gbl_vers.o67 (.bios)
                  00004340    00000020              : idl.o67 (.bios)
                  00004360    00000020              : sts_set.o67 (.bios)
                  00004380    00000020              : utl_doer.o67 (.bios)
                  000043a0    00000020              : utl_halt.o67 (.bios)

.stack     0    000043c0    00004000     UNINITIALIZED
                  000043c0    00004000     --HOLE--

.rtdx_text 
*          0    000083c0    00000ea0     
                  000083c0    00000400     rtdx.lib : rtdx_mon.o62 (.rtdx_text:_RTDX_Poll)
                  000087c0    00000340              : buffer1.o62 (.rtdx_text:_RTDX_Buffer_WriteCB)
                  00008b00    00000300              : buffer1.o62 (.rtdx_text:_RTDX_write_next)
                  00008e00    00000140              : rtdx_mon.o62 (.rtdx_text:_RTDX_Mon_Queue)
                  00008f40    000000e0              : buffer1.o62 (.rtdx_text:_claim)
                  00009020    00000080              : rtdx_mon.o62 (.rtdx_text:_RTDX_Init_RT_Monitor)
                  000090a0    00000060              : buffer1.o62 (.rtdx_text:_RTDX_Buffer_Initialize)
                  00009100    00000060              : buffer2.o62 (.rtdx_text:_RTDX_Buffer_ReadCB)
                  00009160    00000040              : buffer1.o62 (.rtdx_text:_RTDX_Buffer_Size)
                  000091a0    00000040              : rtdx_mon.o62 (.rtdx_text:_RTDX_Final_RT_Monitor)
                  000091e0    00000020              : buffer2.o62 (.rtdx_text:_RTDX_Buffer_Read)
                  00009200    00000020              : buffer1.o62 (.rtdx_text:_RTDX_Buffer_Write)
                  00009220    00000020              : rtdx_mon.o62 (.rtdx_text:_RTDX_checksum)
                  00009240    00000020              : intr_tgt.o62 (.rtdx_text)

.cinit     0    00009260    00000dcc     
                  00009260    00000594     my_dsp_projectcfg.obj (.cinit)
                  000097f4    00000004     --HOLE-- [fill = 0]
                  000097f8    0000026c     bios.a67 : biosdata.o67 (.cinit)
                  00009a64    00000004     --HOLE-- [fill = 0]
                  00009a68    000001a4              : knl.o67 (.cinit)
                  00009c0c    00000004     --HOLE-- [fill = 0]
                  00009c10    000000b0              : swi.o67 (.cinit)
                  00009cc0    00000080              : tsk.o67 (.cinit)
                  00009d40    00000060              : tsk_stup.o67 (.cinit)
                  00009da0    0000005c     lnkrtdx.a67 : rtdx.o67 (.cinit)
                  00009dfc    00000004     --HOLE-- [fill = 0]
                  00009e00    0000004c     bios.a67 : rta.o67 (.cinit)
                  00009e4c    00000004     --HOLE-- [fill = 0]
                  00009e50    0000004c     rtdx.lib : buffer1.o62 (.cinit)
                  00009e9c    00000004     --HOLE-- [fill = 0]
                  00009ea0    00000034     bios.a67 : hwi.o67 (.cinit)
                  00009ed4    00000004     --HOLE-- [fill = 0]
                  00009ed8    0000002c              : utl_putc.o67 (.cinit)
                  00009f04    00000004     --HOLE-- [fill = 0]
                  00009f08    0000002c     rts6700.lib : exit.obj (.cinit)
                  00009f34    00000004     --HOLE-- [fill = 0]
                  00009f38    00000024     bios.a67 : obj_init.o67 (.cinit)
                  00009f5c    00000004     --HOLE-- [fill = 0]
                  00009f60    0000001c              : sys.o67 (.cinit)
                  00009f7c    00000004     --HOLE-- [fill = 0]
                  00009f80    0000001c     rts6700.lib : _lock.obj (.cinit)
                  00009f9c    00000004     --HOLE-- [fill = 0]
                  00009fa0    0000001c                 : atexit.obj (.cinit)
                  00009fbc    00000004     --HOLE-- [fill = 0]
                  00009fc0    00000018     bios.a67 : knl_tick.o67 (.cinit)
                  00009fd8    0000000c              : gbl_setL2CacheMode.o67 (.cinit)
                  00009fe4    00000004     --HOLE-- [fill = 0]
                  00009fe8    0000000c              : idl_busy.o67 (.cinit)
                  00009ff4    00000004     --HOLE-- [fill = 0]
                  00009ff8    0000000c              : knl_swit.o67 (.cinit)
                  0000a004    00000004     --HOLE-- [fill = 0]
                  0000a008    0000000c     main.obj (.cinit)
                  0000a014    00000004     --HOLE-- [fill = 0]
                  0000a018    0000000c     rts6700.lib : sinit.obj (.cinit)
                  0000a024    00000004     --HOLE-- [fill = 0]
                  0000a028    00000004     (.pad.cinit) [fill = 0]

.hst1      0    0000a02c    00000010     UNINITIALIZED
                  0000a02c    00000010     my_dsp_projectcfg.obj (.hst1)

.args      0    0000a03c    00000004     
                  0000a03c    00000004     --HOLE-- [fill = 0]

.text      0    0000a040    00000780     
                  0000a040    00000240     rts6700.lib : memcpy62.obj (.text:_memcpy)
                  0000a280    00000180     bios.a67 : gbl_cslpllinit62.o67 (.text)
                  0000a400    00000160     rts6700.lib : sinit.obj (.text:_call_dtors)
                  0000a560    000000e0                 : atexit.obj (.text:_atexit)
                  0000a640    000000c0     bios.a67 : tsk_stup.o67 (.text)
                  0000a700    00000040     rts6700.lib : sinit.obj (.text:___add_dtor)
                  0000a740    00000020                 : _lock.obj (.text:__nop)
                  0000a760    00000020                 : _lock.obj (.text:__register_lock)
                  0000a780    00000020                 : _lock.obj (.text:__register_unlock)
                  0000a7a0    00000020     main.obj (.text)

.sysinit   0    0000a7c0    00000520     
                  0000a7c0    000002e0     my_dsp_projectcfg.obj (.sysinit)
                  0000aaa0    000000e0     bios.a67 : mem_init.o67 (.sysinit)
                  0000ab80    000000c0              : boot.o67 (.sysinit)
                  0000ac40    00000080              : tsk_init.o67 (.sysinit)
                  0000acc0    00000020              : obj_init.o67 (.sysinit)

.rtdx_data 
*          0    0000ace0    0000044c     UNINITIALIZED
                  0000ace0    00000410     my_dsp_projectcfg.obj (.rtdx_data)
                  0000b0f0    00000020     rtdx.lib : buffer1.o62 (.rtdx_data)
                  0000b110    0000001c              : rtdx_mon.o62 (.rtdx_data)

.mem       0    0000b12c    00000004     UNINITIALIZED
                  0000b12c    00000004     my_dsp_projectcfg.obj (.mem)

.TSK_idle$stk 
*          0    0000b130    00000400     UNINITIALIZED
                  0000b130    00000400     my_dsp_projectcfg.obj (.TSK_idle$stk)

.far       0    0000b530    000003b4     UNINITIALIZED
                  0000b530    00000188     rts6700.lib : atexit.obj (.far)
                  0000b6b8    000000d8     bios.a67 : knl.o67 (.far)
                  0000b790    0000005c              : tsk.o67 (.far)
                  0000b7ec    00000054              : obj_init.o67 (.far)
                  0000b840    00000050              : tsk_stup.o67 (.far)
                  0000b890    00000020              : sys.o67 (.far)
                  0000b8b0    00000010              : knl_tick.o67 (.far)
                  0000b8c0    0000000c              : utl_putc.o67 (.far)
                  0000b8cc    0000000c     rts6700.lib : exit.obj (.far)
                  0000b8d8    00000008                 : _lock.obj (.far)
                  0000b8e0    00000004                 : sinit.obj (.far)

.bss       0    0000b8e4    00000348     UNINITIALIZED
                  0000b8e4    00000100     bios.a67 : hwi_disp_asm.o67 (.bss)
                  0000b9e4    000000cc              : biosdata.o67 (.bss)
                  0000bab0    0000009c              : swi.o67 (.bss)
                  0000bb4c    00000048              : knl.o67 (.bss)
                  0000bb94    00000028     my_dsp_projectcfg.obj (.bss)
                  0000bbbc    00000018     bios.a67 : hwi.o67 (.bss)
                  0000bbd4    00000018     lnkrtdx.a67 : rtdx.o67 (.bss)
                  0000bbec    00000010     rtdx.lib : buffer1.o62 (.bss)
                  0000bbfc    0000000c     bios.a67 : tsk.o67 (.bss)
                  0000bc08    00000008              : clk_data.o67 (.bss)
                  0000bc10    00000008              : sys.o67 (.bss)
                  0000bc18    00000004              : clk_data2.o67 (.bss)
                  0000bc1c    00000004              : gbl_setL2CacheMode.o67 (.bss)
                  0000bc20    00000004              : idl_busy.o67 (.bss)
                  0000bc24    00000004              : mem_asm.o67 (.bss)
                  0000bc28    00000004     main.obj (.bss)

.trace     0    0000bc2c    00000200     
                  0000bc2c    00000200     --HOLE-- [fill = 00000000]

.pip       0    0000be2c    000000c8     UNINITIALIZED
                  0000be2c    000000c8     my_dsp_projectcfg.obj (.pip)

.pinit     0    0000bef4    0000000c     
                  0000bef4    00000004     rtdx.lib : buffer1.o62 (.pinit)
                  0000bef8    00000004              : rtdx_mon.o62 (.pinit)
                  0000befc    00000004     --HOLE-- [fill = 0]

.LOG_system$buf 
*          0    0000bf00    00000100     UNINITIALIZED
                  0000bf00    00000100     my_dsp_projectcfg.obj (.LOG_system$buf)

.hst0      0    0000c000    00000100     UNINITIALIZED
                  0000c000    00000100     my_dsp_projectcfg.obj (.hst0)

.const     0    0000c100    00000095     
                  0000c100    0000004e     bios.a67 : tsk_stup.o67 (.const)
                  0000c14e    00000023              : utl_doab.o67 (.const)
                  0000c171    00000022              : utl_doer.o67 (.const)
                  0000c193    00000001     --HOLE-- [fill = 0]
                  0000c194    00000001              : tsk.o67 (.const)

.printf    0    0000c195    0000003f     COPY SECTION
                  0000c195    0000003f     my_dsp_projectcfg.obj (.printf)

.tsk       0    0000c198    00000060     UNINITIALIZED
                  0000c198    00000060     my_dsp_projectcfg.obj (.tsk)

.gblinit   0    0000c1f8    00000040     
                  0000c1f8    00000040     my_dsp_projectcfg.obj (.gblinit)

.hst       0    0000c238    0000003c     UNINITIALIZED
                  0000c238    0000003c     my_dsp_projectcfg.obj (.hst)

.sts       0    0000c274    00000030     
                  0000c274    00000030     my_dsp_projectcfg.obj (.sts)

.swi       0    0000c2a4    0000002c     UNINITIALIZED
                  0000c2a4    0000002c     my_dsp_projectcfg.obj (.swi)

.switch    0    0000c2d0    00000028     
                  0000c2d0    00000028     rtdx.lib : rtdx_mon.o62 (.switch)

.log       0    0000c2f8    00000018     
                  0000c2f8    00000018     my_dsp_projectcfg.obj (.log)

.idl       0    0000c310    00000010     UNINITIALIZED
                  0000c310    00000010     my_dsp_projectcfg.obj (.idl)

.idlcal    0    0000c320    00000010     UNINITIALIZED
                  0000c320    00000010     my_dsp_projectcfg.obj (.idlcal)

.sys       0    0000c330    00000010     UNINITIALIZED
                  0000c330    00000010     my_dsp_projectcfg.obj (.sys)

.trcdata   0    0000c340    0000000c     
                  0000c340    0000000c     bios.a67 : trc.o67 (.trcdata)

.clk       0    0000c34c    00000008     UNINITIALIZED
                  0000c34c    00000008     my_dsp_projectcfg.obj (.clk)

.SDRAM$heap 
*          0    80000000    00008000     UNINITIALIZED
                  80000000    00008000     --HOLE--


GLOBAL SYMBOLS: SORTED ALPHABETICALLY BY Name 

address    name
--------   ----
0000b8e4   $bss
0000b8e4   .bss
00000000   .data
0000a040   .text
0000a97c   BIOS$$CLKOFF
0000a93c   BIOS$$CLKON
0000a7c0   BIOS_init
0000a9e4   BIOS_start
00000000   BUF$
00000001   BUF_ENABLED
00000001   CLK$
0000c34c   CLK_A_TABBEG
00000001   CLK_CALDIV
00000004   CLK_CALMULT
0000dbba   CLK_COUNTSPMS
00000000   CLK_COUNTSPMSHIGH
0000ba0c   CLK_D_idletime
0000ba08   CLK_D_isrhook
0000ba04   CLK_D_tabbeg
0000ba00   CLK_D_timefxn
00003ce0   CLK_F_getfhtime
00003d00   CLK_F_gethtime
00002de0   CLK_F_getltime
00003d00   CLK_F_getshtime
00002df4   CLK_F_isr
00002f54   CLK_F_itime
00001320   CLK_HOOKFXN
00000001   CLK_HTIMEDIV
00000004   CLK_HTIMEMULT
0000dbba   CLK_HTIMEPERLTIME
00004000   CLK_INTBIT
00000001   CLK_LTIMEDIV
00036ee8   CLK_LTIMEMULT
000003e8   CLK_MICROSECS
0000dbba   CLK_PRD
00000000   CLK_PRDHIGH
01940000   CLK_REGS
0000b9fc   CLK_R_time
00000020   CLK_TCR
00000000   CLK_TDDR
00000000   CLK_TDDRHIGH
00003d00   CLK_TIMEFXN
00000000   CLK_TIMERNUM
00000001   CLK_USETIMER
0000c350   CLK_null
00000000   DEV$
00000000   DGN$
00000000   DHL$
00000000   DHL_gChannelsAvailable
00000000   DIO$
00000000   DIO_NUMSWIBASE
00000000   DIO_NUMTSKBASE
00000000   DIO_STATIC
00000000   DPI$
00003da0   FXN_F_nop
00003da8   FXN_F_run
00003df8   FXN_F_zero
00000001   GBL$
00005205   GBL_A_VERSION
00000000   GBL_BIGENDIAN
00000000   GBL_C641XL2PRIORITY
00000000   GBL_CACHE
00000001   GBL_CALLCSLCFGINIT
00004e20   GBL_CLKIN
00001770   GBL_CLKTYPE
00001a39   GBL_DSPSUBTYPE
0000003e   GBL_DSPTYPE
00000001   GBL_ENABLEINST
00000042   GBL_FOOTPRINT
00036ee8   GBL_FREQ
00002226   GBL_L2ALLOC
00000000   GBL_L2CONFIGALLOC
00000001   GBL_L2CONFIGURE
00000001   GBL_L2MARMASK
00000000   GBL_L2MARMASK1
00000000   GBL_L2MARMASK2
00000000   GBL_L2MARMASK3
00000000   GBL_L2MARMASK4
00000000   GBL_L2MARMASK5
00000000   GBL_L2MODE
00000000   GBL_L2PRIORITY
00000000   GBL_NULL
00000000   GBL_PROCID
00000000   GBL_ROM
00000000   GBL_SUPPORTCSL
0000dbef   GBL_TRCMASKVALUE
00000001   GBL_USERINIT
0000a2a8   GBL_USERINITFXN
00000001   GBL_boot
0000c348   GBL_initdone
000043c0   GBL_stackbeg
000083bf   GBL_stackend
00000000   GIO$
00004300   GIO_CREATEFXN
00004300   GIO_DELETEFXN
00004300   GIO_PENDFXN
00004300   GIO_POSTFXN
00000000   HOOK$
00000000   HOOK_KNLID
00000001   HST$
0000c238   HST_A_TABBEG
0000c274   HST_A_TABEND
00000000   HST_DSM
ffffffff   HST_DSMBUFSEG
00000400   HST_DSMMEMSIZE
0000ba78   HST_D_chanmask
0000ba7c   HST_D_tabbeg
0000ba80   HST_D_tabend
000000ff   HST_MAXFRAMEALLOWED
00000040   HST_MAXFRAMESET
00000000   HST_NONE
00000001   HST_RTDX
00000001   HWI$
00000000   HWI_A_VECS
00004008   HWI_CFGDISPATCHED
0000bbcc   HWI_D_bss
0000bbd0   HWI_D_ccmask
0000bbbc   HWI_D_spsave
00001320   HWI_F_dispatch
00000000   HWI_GENERATE_RESET_VEC
0000000a   HWI_INT10
00000000   HWI_INT10$hwi
0000000b   HWI_INT11
00000000   HWI_INT11$hwi
0000000c   HWI_INT12
00000000   HWI_INT12$hwi
0000000d   HWI_INT13
00000000   HWI_INT13$hwi
0000000e   HWI_INT14
00000000   HWI_INT14$hwi
0000000f   HWI_INT15
00000000   HWI_INT15$hwi
00000004   HWI_INT4
00000000   HWI_INT4$hwi
00000005   HWI_INT5
00000000   HWI_INT5$hwi
00000006   HWI_INT6
00000000   HWI_INT6$hwi
00000007   HWI_INT7
00000000   HWI_INT7$hwi
00000008   HWI_INT8
00000000   HWI_INT8$hwi
00000009   HWI_INT9
00000000   HWI_INT9$hwi
082039a3   HWI_INTRMULTHIGH
310718a4   HWI_INTRMULTLOW
00000001   HWI_NMI
00000000   HWI_NMI$hwi
00000000   HWI_POLARITYMASK
00000002   HWI_RESERVED0
00000000   HWI_RESERVED0$hwi
00000003   HWI_RESERVED1
00000000   HWI_RESERVED1$hwi
00000000   HWI_RESET
00000000   HWI_RESET$hwi
00000001   HWI_ZEROTAB
00000001   IDL$
0000c320   IDL_A_CALBEG
0000c310   IDL_A_TABBEG
00000006   IDL_CALIBRERROR
00004200   IDL_CALIBRFXN
0000bc20   IDL_D_busyObj
0000b9ec   IDL_D_calbeg
0000b9e8   IDL_D_calibrate
0000b9e4   IDL_D_tabbeg
0000c31c   IDL_END
0000c32c   IDL_END$
00003e20   IDL_F_busy
00003fa0   IDL_F_calibrate
00004340   IDL_F_loop
00004200   IDL_F_stub
00000001   IDL_USECLKIDLTIME
0000c298   IDL_busyObj
0000c1cf   IDL_busyObj$avgfmt
00000001   IDL_busyObj$filter
00000001   IDL_busyObj$iA
00000000   IDL_busyObj$iB
00000001   IDL_busyObj$iC
0000c1c9   IDL_busyObj$maxfmt
00000000   IDL_busyObj$operation
0000c294   IDL_busyObj$stsobj
0000c1cc   IDL_busyObj$sumfmt
00000002   IDL_busyObj$unittype
0000c310   IDL_cpuLoad
0000c320   IDL_cpuLoad$
ffffffff   IRAM
00000001   ISRC$
00002da0   KNL_glue
0000c2a4   KNL_swi
00000001   KNL_swi$dorta
00000000   KNL_swi$ord
00000000   KNL_swi$pri
0000c278   KNL_swi$sts
0000c1a5   KNL_swi$sts$avgfmt
00000002   KNL_swi$sts$filter
00000001   KNL_swi$sts$filtmaxmult
00000001   KNL_swi$sts$filtsummult
0000c195   KNL_swi$sts$maxfmt
0000c274   KNL_swi$sts$stsobj
0000c19d   KNL_swi$sts$sumfmt
00000000   KNL_swi$sts$unittype
00000000   KNL_swi$swi
00000001   LCK$
00000200   LNK_F_checkBufferCall
00000280   LNK_F_dataPump
00000220   LNK_F_getChanPtr
00000278   LNK_F_init
000007c4   LNK_F_readCallBack
0000c314   LNK_dataPump
0000c324   LNK_dataPump$
0000bbd8   LNK_dspFrameReadyMask
0000bbd4   LNK_dspFrameRequestMask
00000520   LNK_newin
00000660   LNK_newout
00000294   LNK_rcloop
00000360   LNK_rdrtry
0000bbe0   LNK_readDone
0000bbe4   LNK_readFail
0000bbdc   LNK_readPend
00000370   LNK_rrloop
0000bbe8   LNK_writeFail
00000444   LNK_wrloop
00000434   LNK_wrrtry
00000001   LOG$
0000c2f8   LOG_A_TABBEG
0000c310   LOG_A_TABEND
00000001   LOG_A_TABLEN
0000b9f0   LOG_D_system
00000001   LOG_ENABLED
00003ea0   LOG_F_event
0000c2f8   LOG_system
0000bf00   LOG_system$buf
00000000   LOG_system$datatype
00000000   LOG_system$log
00000040   LOG_system$size
00000000   MBX$
00000001   MEM$
0000bba0   MEM_MALLOCSEG
00000000   MEM_NULL
0000bba0   MEM_SEGZERO
00000000   MEM_USEMPC
00000001   MEM_gNumHeap
00000000   MSGQ$
00000000   MSGQ_USEMSGQ
ffffffff   MYBUFFERS
00000000   OBJ$
00000000   PIP$
0000be2c   PIP_A_TABBEG
0000bef4   PIP_A_TABEND
00000002   PIP_A_TABLEN
0000b9f4   PIP_D_tabbeg
0000b9f8   PIP_D_tablen
00002654   PIP_F_give
00002654   PIP_F_probe
00002728   PIP_F_start
000025c0   PIP_F_take
00000064   PIP_OBJSIZE
00000000   PIP_gNextId
00000002   PIP_gNumEmbed
00000000   POOL$
00000000   POOL_USEPOOL
00000001   PRD$
00000000   PRD_A_TABBEG
00000000   PRD_A_TABEND
00000000   PRD_A_TABLEN
0000ba34   PRD_D_cur
0000ba38   PRD_D_elapsed
0000ba3c   PRD_D_prevtim
0000ba40   PRD_D_scalar
0000ba44   PRD_D_swihandle
0000ba48   PRD_D_tabbeg
0000ba4c   PRD_D_tablen
0000ba50   PRD_D_thook
0000ba30   PRD_D_tick
00001780   PRD_F_swi
00001a40   PRD_F_tick
00004000   PRD_SCALAR
00000000   PRD_SWIHANDLE
000025a0   PRD_THOOKFXN
0000c34c   PRD_clock
00000001   QUE$
0000ba54   RTA_D_fromHost
0000ba5c   RTA_D_logval
0000ba6c   RTA_D_stsval
0000ba58   RTA_D_toHost
00004240   RTA_F_andn
00001ed8   RTA_F_dispatch
00001de0   RTA_F_getlog
00001e24   RTA_F_getsts
00004260   RTA_F_or
00001e6c   RTA_F_readblk
00001e98   RTA_F_resetmem
00001e8c   RTA_F_writeword
0000c318   RTA_dispatcher
0000c328   RTA_dispatcher$
00001f28   RTA_execute
0000c23c   RTA_fromHost
0000a02c   RTA_fromHost$buf
00000004   RTA_fromHost$framesize
00000000   RTA_fromHost$hst
00000001   RTA_fromHost$id
00000000   RTA_fromHost$mode
0000be2c   RTA_fromHost$pipe
0000be5c   RTA_fromHost$pipe$aaa
0000be8c   RTA_fromHost$pipe$bbb
0000bba4   RTA_fromHost$pipe$dtab
0000be30   RTA_fromHost$pipe$rd
0000be60   RTA_fromHost$pipe$wr
0000c244   RTA_fromHost$rtdx
0000c258   RTA_toHost
0000c000   RTA_toHost$buf
00000040   RTA_toHost$framesize
00000000   RTA_toHost$hst
00000000   RTA_toHost$id
00000001   RTA_toHost$mode
0000be90   RTA_toHost$pipe
0000bec0   RTA_toHost$pipe$aaa
0000bef0   RTA_toHost$pipe$bbb
0000bbb0   RTA_toHost$pipe$dtab
0000be94   RTA_toHost$pipe$rd
0000bec4   RTA_toHost$pipe$wr
0000c260   RTA_toHost$rtdx
00000001   RTDX$
00000408   RTDX_BUFMEMSIZE
ffffffff   RTDX_DATAMEMSEG
00000000   RTDX_MODE
00000001   RTDX_NORMALIZED_HDR
00000001   RTDX_USERTDX
00000000   RTDX_USERTEXECUTION
0000bba0   SDRAM
80000000   SDRAM$B
00008000   SDRAM$L
00000000   SEM$
00000000   SIO$
00000001   STS$
0000c274   STS_A_TABBEG
0000c2a4   STS_A_TABEND
00003f58   STS_F_add
00003f20   STS_F_delta
00003f84   STS_F_reset
00000001   SWI$
0000c2a4   SWI_A_TABBEG
0000c2d0   SWI_A_TABEND
00000001   SWI_A_TABLEN
0000bac8   SWI_D_curfxn
0000bab8   SWI_D_curmask
0000bac4   SWI_D_curmbox
0000babc   SWI_D_curset
0000bab4   SWI_D_execaddr
0000bad0   SWI_D_inswi
0000bac0   SWI_D_lock
0000bacc   SWI_D_rdybeg
0000bad4   SWI_D_rdytab
0000bab0   SWI_D_runaddr
00000000   SWI_EHOOKFXN
00000ffc   SWI_EXECFXN
00000de0   SWI_F_enable
00000ffc   SWI_F_exec
00001028   SWI_F_iexec
00000e50   SWI_F_post
000010b8   SWI_F_run
00000000   SWI_IHOOKFXN
000010b8   SWI_RUNFXN
00000001   SYS$
0000c330   SYS$config
00004280   SYS_ABORTFXN
00004380   SYS_ERRORFXN
000043a0   SYS_EXITFXN
00004140   SYS_PUTCFXN
0000c344   TRC_R_mask
0000c340   TRC_cinit
00000001   TSK$
00000000   TSK_NUM_HOOKS
00000001   TSK_PRIORITY
00000000   TSK_READYFXN
00000000   TSK_STACKSEG
00000400   TSK_STACKSIZE
00000000   TSK_SWITCHFXN
00004300   TSK_VCREATEFXN
00004300   TSK_VDELETEFXN
00004300   TSK_VEXITFXN
0000c1a4   TSK_idle
00000000   TSK_idle$ord
00000000   TSK_idle$pri
0000b130   TSK_idle$stack
0000b4c8   TSK_idle$stkptr
0000c288   TSK_idle$sts
0000c1bf   TSK_idle$sts$avgfmt
00000002   TSK_idle$sts$filter
00000001   TSK_idle$sts$filtmaxmult
00000001   TSK_idle$sts$filtsummult
0000c1af   TSK_idle$sts$maxfmt
0000c284   TSK_idle$sts$stsobj
0000c1b7   TSK_idle$sts$sumfmt
00000000   TSK_idle$sts$unittype
00000000   TSK_idle$tsk
00000000   UDEV$
0000a7c0   _BIOS_init
0000a9e4   _BIOS_start
0000dbba   _CLK_COUNTSPMS
0000bc08   _CLK_DFLTMICROSECS
0000ba2c   _CLK_D_countspms
0000ba20   _CLK_D_dirty
0000bc0c   _CLK_D_microseconds
0000ba24   _CLK_D_prd
0000ba28   _CLK_D_tddr
00002f54   _CLK_F_itime
0000dbba   _CLK_PRD
01940000   _CLK_REGS
00000000   _CLK_TDDR
00000000   _CLK_TIMERNUM
00000001   _CLK_USETIMER
0000ba10   _CLK_htimeDiv
0000ba14   _CLK_htimeMult
0000bc18   _CLK_htimePerLtime
00002f54   _CLK_itime
0000ba18   _CLK_ltimeDiv
0000ba1c   _CLK_ltimeMult
00003900   _CLK_measure
000041a0   _CLK_start
000042c0   _CLK_stop
00004300   _FXN_F_nop
00003da8   _FXN_F_run
00003df8   _FXN_F_zero
00000000   _GBL_CACHE
0000ba88   _GBL_clkIn
00003580   _GBL_cslCacheInit
0000ba8c   _GBL_freq
00004320   _GBL_getVersion
0000ba84   _GBL_procId
0000a2a8   _GBL_setPLLto225MHz
0000c238   _HST_A_TABBEG
0000c274   _HST_A_TABEND
00004008   _HWI_CFGDISPATCHED
0000bbc8   _HWI_D_inhwi
0000bbbc   _HWI_D_spsave
00001320   _HWI_F_dispatch
0000000a   _HWI_INT10
0000000b   _HWI_INT11
0000000c   _HWI_INT12
0000000d   _HWI_INT13
0000000e   _HWI_INT14
0000000f   _HWI_INT15
00000004   _HWI_INT4
00000005   _HWI_INT5
00000006   _HWI_INT6
00000007   _HWI_INT7
00000008   _HWI_INT8
00000009   _HWI_INT9
00000001   _HWI_NMI
00000002   _HWI_RESERVED0
00000003   _HWI_RESERVED1
00000000   _HWI_RESET
000083b8   _HWI_STKBOTTOM
000043c0   _HWI_STKTOP
0000bbbc   _HWI_data
00004020   _HWI_disable
0000b8e4   _HWI_dispatchTab
00004038   _HWI_enable
0000404c   _HWI_restore
0000c298   _IDL_busyObj
0000c310   _IDL_cpuLoad
00004340   _IDL_loop
ffffffff   _IRAM
0000bb54   _KNL_alarm
00003440   _KNL_check
0000bb78   _KNL_curqueue
0000bb68   _KNL_curtask
0000bb70   _KNL_curtime
0000b758   _KNL_dummy
000036b4   _KNL_enter
00003660   _KNL_exit
00003518   _KNL_idle
0000bb90   _KNL_idlefxn
0000bb5c   _KNL_inactive
000039e0   _KNL_ipost
0000353c   _KNL_max
0000bb7c   _KNL_maxqueue
00003aa0   _KNL_post
0000bb6c   _KNL_prevtask
0000bb60   _KNL_priority
0000b6b8   _KNL_queues
00001b20   _KNL_run
00002c20   _KNL_saveIsrFrame
0000bb64   _KNL_set
0000bb58   _KNL_setpri
0000c2a4   _KNL_swi
0000bb74   _KNL_swiptr
00002cec   _KNL_switch
0000bb84   _KNL_tcreatefxn
0000bb88   _KNL_tdeletefxn
000025a0   _KNL_tick
0000bb8c   _KNL_treadyfxn
0000bb80   _KNL_tswitchfxn
0000bb4c   _KNL_wFlag
0000bb50   _KNL_wList
00003b90   _LCK_pend
00003b60   _LCK_post
0000c314   _LNK_dataPump
0000bbd8   _LNK_dspFrameReadyMask
0000bbd4   _LNK_dspFrameRequestMask
0000bbe0   _LNK_readDone
0000bbe4   _LNK_readFail
0000bbdc   _LNK_readPend
0000bbe8   _LNK_writeFail
0000c2f8   _LOG_A_TABBEG
0000c310   _LOG_A_TABEND
00000001   _LOG_A_TABLEN
0000b9f0   _LOG_D_system
00003ea0   _LOG_event
0000c2f8   _LOG_system
0000bc24   _MEM
0000ba90   _MEM_D_NUMSEGMENTS
0000ba98   _MEM_D_freelist
0000ba9c   _MEM_D_lockaddr
0000ba94   _MEM_D_memtab
0000baa0   _MEM_D_unlockaddr
0000aaa0   _MEM_init
0000bb94   _MEM_memtab
ffffffff   _MYBUFFERS
0000acc0   _OBJ_init
0000b824   _OBJ_segtab
0000b7ec   _OBJ_table
0000be2c   _PIP_A_TABBEG
0000bef4   _PIP_A_TABEND
0000ba30   _PRD_D_tick
0000c34c   _PRD_clock
0000c318   _RTA_dispatcher
0000c23c   _RTA_fromHost
0000c258   _RTA_toHost
0000ace0   _RTDX_Buffer
0000b0ec   _RTDX_Buffer_End
000090a0   _RTDX_Buffer_Initialize
000091e0   _RTDX_Buffer_Read
00009100   _RTDX_Buffer_ReadCB
00009160   _RTDX_Buffer_Size
0000b0e8   _RTDX_Buffer_Start
00009200   _RTDX_Buffer_Write
000087c0   _RTDX_Buffer_WriteCB
000091a0   _RTDX_Final_RT_Monitor
00009020   _RTDX_Init_RT_Monitor
00000002   _RTDX_JTAGONLY
00009240   _RTDX_Mask_IER
00008e00   _RTDX_Mon_Queue
000083c0   _RTDX_Poll
00000000   _RTDX_interrupt_mask
0000b0fc   _RTDX_writing
0000bba0   _SDRAM
80000000   _SDRAM_base
00008000   _SDRAM_length
00004080   _SEM_pend
000020a0   _SEM_pendEnterKnl
00003820   _SEM_post
00003820   _SEM_postBinary
00003740   _SEM_postEnterKnl
0000c274   _STS_A_TABBEG
0000c2a4   _STS_A_TABEND
00003f58   _STS_add
00003f20   _STS_delta
00003f84   _STS_reset
00004360   _STS_set
0000bac8   _SWI_D_curfxn
0000bab8   _SWI_D_curmask
0000babc   _SWI_D_curset
0000bab4   _SWI_D_execaddr
0000bad0   _SWI_D_inswi
0000bac0   _SWI_D_lock
0000bacc   _SWI_D_rdybeg
0000bab0   _SWI_D_runaddr
0000bab0   _SWI_data
00000e50   _SWI_post
0000baa4   _SYS
0000bc2c   _SYS_PUTCBEG
0000be2b   _SYS_PUTCEND
000040e0   _SYS_abort
00003c20   _SYS_exit
0000b890   _SYS_exitStack
0000bc10   _SYS_exitStackPtr
0000bc14   _SYS_exitStackTop
0000c344   _TRC_R_mask
0000bc04   _TSK
0000b790   _TSK_ATTRS
0000b7ac   _TSK_config
00002fa0   _TSK_exit
0000c1a4   _TSK_idle
0000ac40   _TSK_init
0000bbfc   _TSK_nTasks
0000bc00   _TSK_pid
00002a20   _TSK_setup
00003380   _TSK_startup
0000b7cc   _TSK_timerSem
00004280   _UTL_doAbort
00004380   _UTL_doError
00004140   _UTL_doPutc
000043a0   _UTL_halt
00002f70   __CLK_lat1beg
00002f9c   __CLK_lat1end
00000c34   __GBL_setL2CacheMode
0000baac   __HOOK_NUMHOOKS
0000baa8   __HOOK_knlId
00001320   __HWI_lat1beg
000014a0   __HWI_lat1end
000014a0   __HWI_lat2beg
00001640   __HWI_lat2end1
000015cc   __HWI_lat2end2
00001660   __HWI_lat3beg
00001760   __HWI_lat3end1
000015fc   __HWI_lat3end2
00003e20   __IDL_lat1beg
00003e70   __IDL_lat1end
00003490   __KNL_lat1beg
00003518   __KNL_lat1end
00003ea0   __LOG_lat1beg
0000b868   __MEM_mutex
00001e98   __RTA_lat1beg
00001ed0   __RTA_lat1end
00002800   __SEM_dopost
000083c0   __STACK_END
00004000   __STACK_SIZE
00000f8c   __SWI_lat1beg
00001040   __SWI_lat1end
00001044   __SWI_lat2beg
000010b4   __SWI_lat2end
00000de0   __SWI_lat3beg
00000e4c   __SWI_lat3end
0000b840   __TSK_mutex
0000b8d4   ___TI_enable_exit_profile_output
ffffffff   ___TI_pprof_out_hndl
ffffffff   ___TI_prof_data_size
ffffffff   ___TI_prof_data_start
0000a700   ___add_dtor
0000b530   ___atexit_func_id__
ffffffff   ___binit__
0000b8e4   ___bss__
ffffffff   ___c_args__
00009260   ___cinit__
00000000   ___data__
00000000   ___edata__
0000bc2c   ___end__
0000a7c0   ___etext__
0000bef4   ___pinit__
0000a040   ___text__
00003140   __auto_init
0000b8cc   __cleanup_ptr
0000b8d0   __dtors_ptr
0000b8d8   __lock
0000a740   __nop
0000a760   __register_lock
0000a780   __register_unlock
000043c0   __stack
0000b8dc   __unlock
0000a560   _atexit
0000ab80   _c_int00
0000a400   _call_dtors
0000b8e0   _dtors
0000a7a0   _main
0000a040   _memcpy
0000bc28   _myvariable
0000bbf4   _rtdxNullChanCnt
0000bbf8   _rtdxNullFuncCnt
0000b0f0   _rtdx_buffer_state
0000b110   _rtdx_mon_state
0000a280   _wait500nS
ffffffff   binit
00009260   cinit
00000000   edata
0000bc2c   end
0000a7c0   etext
00000000   hwi0
00000020   hwi1
00000140   hwi10
00000160   hwi11
00000180   hwi12
000001a0   hwi13
000001c0   hwi14
000001e0   hwi15
00000040   hwi2
00000060   hwi3
00000080   hwi4
000000a0   hwi5
000000c0   hwi6
000000e0   hwi7
00000100   hwi8
00000120   hwi9
0000bef4   pinit


GLOBAL SYMBOLS: SORTED BY Symbol Address 

address    name
--------   ----
00000000   .data
00000000   BUF$
00000000   CLK_COUNTSPMSHIGH
00000000   CLK_PRDHIGH
00000000   CLK_TDDR
00000000   CLK_TDDRHIGH
00000000   CLK_TIMERNUM
00000000   DEV$
00000000   DGN$
00000000   DHL$
00000000   DHL_gChannelsAvailable
00000000   DIO$
00000000   DIO_NUMSWIBASE
00000000   DIO_NUMTSKBASE
00000000   DIO_STATIC
00000000   DPI$
00000000   GBL_BIGENDIAN
00000000   GBL_C641XL2PRIORITY
00000000   GBL_CACHE
00000000   GBL_L2CONFIGALLOC
00000000   GBL_L2MARMASK1
00000000   GBL_L2MARMASK2
00000000   GBL_L2MARMASK3
00000000   GBL_L2MARMASK4
00000000   GBL_L2MARMASK5
00000000   GBL_L2MODE
00000000   GBL_L2PRIORITY
00000000   GBL_NULL
00000000   GBL_PROCID
00000000   GBL_ROM
00000000   GBL_SUPPORTCSL
00000000   GIO$
00000000   HOOK$
00000000   HOOK_KNLID
00000000   HST_DSM
00000000   HST_NONE
00000000   HWI_A_VECS
00000000   HWI_GENERATE_RESET_VEC
00000000   HWI_INT10$hwi
00000000   HWI_INT11$hwi
00000000   HWI_INT12$hwi
00000000   HWI_INT13$hwi
00000000   HWI_INT14$hwi
00000000   HWI_INT15$hwi
00000000   HWI_INT4$hwi
00000000   HWI_INT5$hwi
00000000   HWI_INT6$hwi
00000000   HWI_INT7$hwi
00000000   HWI_INT8$hwi
00000000   HWI_INT9$hwi
00000000   HWI_NMI$hwi
00000000   HWI_POLARITYMASK
00000000   HWI_RESERVED0$hwi
00000000   HWI_RESERVED1$hwi
00000000   HWI_RESET
00000000   HWI_RESET$hwi
00000000   IDL_busyObj$iB
00000000   IDL_busyObj$operation
00000000   KNL_swi$ord
00000000   KNL_swi$pri
00000000   KNL_swi$sts$unittype
00000000   KNL_swi$swi
00000000   LOG_system$datatype
00000000   LOG_system$log
00000000   MBX$
00000000   MEM_NULL
00000000   MEM_USEMPC
00000000   MSGQ$
00000000   MSGQ_USEMSGQ
00000000   OBJ$
00000000   PIP$
00000000   PIP_gNextId
00000000   POOL$
00000000   POOL_USEPOOL
00000000   PRD_A_TABBEG
00000000   PRD_A_TABEND
00000000   PRD_A_TABLEN
00000000   PRD_SWIHANDLE
00000000   RTA_fromHost$hst
00000000   RTA_fromHost$mode
00000000   RTA_toHost$hst
00000000   RTA_toHost$id
00000000   RTDX_MODE
00000000   RTDX_USERTEXECUTION
00000000   SEM$
00000000   SIO$
00000000   SWI_EHOOKFXN
00000000   SWI_IHOOKFXN
00000000   TSK_NUM_HOOKS
00000000   TSK_READYFXN
00000000   TSK_STACKSEG
00000000   TSK_SWITCHFXN
00000000   TSK_idle$ord
00000000   TSK_idle$pri
00000000   TSK_idle$sts$unittype
00000000   TSK_idle$tsk
00000000   UDEV$
00000000   _CLK_TDDR
00000000   _CLK_TIMERNUM
00000000   _GBL_CACHE
00000000   _HWI_RESET
00000000   _RTDX_interrupt_mask
00000000   ___data__
00000000   ___edata__
00000000   edata
00000000   hwi0
00000001   BUF_ENABLED
00000001   CLK$
00000001   CLK_CALDIV
00000001   CLK_HTIMEDIV
00000001   CLK_LTIMEDIV
00000001   CLK_USETIMER
00000001   GBL$
00000001   GBL_CALLCSLCFGINIT
00000001   GBL_ENABLEINST
00000001   GBL_L2CONFIGURE
00000001   GBL_L2MARMASK
00000001   GBL_USERINIT
00000001   GBL_boot
00000001   HST$
00000001   HST_RTDX
00000001   HWI$
00000001   HWI_NMI
00000001   HWI_ZEROTAB
00000001   IDL$
00000001   IDL_USECLKIDLTIME
00000001   IDL_busyObj$filter
00000001   IDL_busyObj$iA
00000001   IDL_busyObj$iC
00000001   ISRC$
00000001   KNL_swi$dorta
00000001   KNL_swi$sts$filtmaxmult
00000001   KNL_swi$sts$filtsummult
00000001   LCK$
00000001   LOG$
00000001   LOG_A_TABLEN
00000001   LOG_ENABLED
00000001   MEM$
00000001   MEM_gNumHeap
00000001   PRD$
00000001   QUE$
00000001   RTA_fromHost$id
00000001   RTA_toHost$mode
00000001   RTDX$
00000001   RTDX_NORMALIZED_HDR
00000001   RTDX_USERTDX
00000001   STS$
00000001   SWI$
00000001   SWI_A_TABLEN
00000001   SYS$
00000001   TSK$
00000001   TSK_PRIORITY
00000001   TSK_idle$sts$filtmaxmult
00000001   TSK_idle$sts$filtsummult
00000001   _CLK_USETIMER
00000001   _HWI_NMI
00000001   _LOG_A_TABLEN
00000002   HWI_RESERVED0
00000002   IDL_busyObj$unittype
00000002   KNL_swi$sts$filter
00000002   PIP_A_TABLEN
00000002   PIP_gNumEmbed
00000002   TSK_idle$sts$filter
00000002   _HWI_RESERVED0
00000002   _RTDX_JTAGONLY
00000003   HWI_RESERVED1
00000003   _HWI_RESERVED1
00000004   CLK_CALMULT
00000004   CLK_HTIMEMULT
00000004   HWI_INT4
00000004   RTA_fromHost$framesize
00000004   _HWI_INT4
00000005   HWI_INT5
00000005   _HWI_INT5
00000006   HWI_INT6
00000006   IDL_CALIBRERROR
00000006   _HWI_INT6
00000007   HWI_INT7
00000007   _HWI_INT7
00000008   HWI_INT8
00000008   _HWI_INT8
00000009   HWI_INT9
00000009   _HWI_INT9
0000000a   HWI_INT10
0000000a   _HWI_INT10
0000000b   HWI_INT11
0000000b   _HWI_INT11
0000000c   HWI_INT12
0000000c   _HWI_INT12
0000000d   HWI_INT13
0000000d   _HWI_INT13
0000000e   HWI_INT14
0000000e   _HWI_INT14
0000000f   HWI_INT15
0000000f   _HWI_INT15
00000020   CLK_TCR
00000020   hwi1
0000003e   GBL_DSPTYPE
00000040   HST_MAXFRAMESET
00000040   LOG_system$size
00000040   RTA_toHost$framesize
00000040   hwi2
00000042   GBL_FOOTPRINT
00000060   hwi3
00000064   PIP_OBJSIZE
00000080   hwi4
000000a0   hwi5
000000c0   hwi6
000000e0   hwi7
000000ff   HST_MAXFRAMEALLOWED
00000100   hwi8
00000120   hwi9
00000140   hwi10
00000160   hwi11
00000180   hwi12
000001a0   hwi13
000001c0   hwi14
000001e0   hwi15
00000200   LNK_F_checkBufferCall
00000220   LNK_F_getChanPtr
00000278   LNK_F_init
00000280   LNK_F_dataPump
00000294   LNK_rcloop
00000360   LNK_rdrtry
00000370   LNK_rrloop
000003e8   CLK_MICROSECS
00000400   HST_DSMMEMSIZE
00000400   TSK_STACKSIZE
00000408   RTDX_BUFMEMSIZE
00000434   LNK_wrrtry
00000444   LNK_wrloop
00000520   LNK_newin
00000660   LNK_newout
000007c4   LNK_F_readCallBack
00000c34   __GBL_setL2CacheMode
00000de0   SWI_F_enable
00000de0   __SWI_lat3beg
00000e4c   __SWI_lat3end
00000e50   SWI_F_post
00000e50   _SWI_post
00000f8c   __SWI_lat1beg
00000ffc   SWI_EXECFXN
00000ffc   SWI_F_exec
00001028   SWI_F_iexec
00001040   __SWI_lat1end
00001044   __SWI_lat2beg
000010b4   __SWI_lat2end
000010b8   SWI_F_run
000010b8   SWI_RUNFXN
00001320   CLK_HOOKFXN
00001320   HWI_F_dispatch
00001320   _HWI_F_dispatch
00001320   __HWI_lat1beg
000014a0   __HWI_lat1end
000014a0   __HWI_lat2beg
000015cc   __HWI_lat2end2
000015fc   __HWI_lat3end2
00001640   __HWI_lat2end1
00001660   __HWI_lat3beg
00001760   __HWI_lat3end1
00001770   GBL_CLKTYPE
00001780   PRD_F_swi
00001a39   GBL_DSPSUBTYPE
00001a40   PRD_F_tick
00001b20   _KNL_run
00001de0   RTA_F_getlog
00001e24   RTA_F_getsts
00001e6c   RTA_F_readblk
00001e8c   RTA_F_writeword
00001e98   RTA_F_resetmem
00001e98   __RTA_lat1beg
00001ed0   __RTA_lat1end
00001ed8   RTA_F_dispatch
00001f28   RTA_execute
000020a0   _SEM_pendEnterKnl
00002226   GBL_L2ALLOC
000025a0   PRD_THOOKFXN
000025a0   _KNL_tick
000025c0   PIP_F_take
00002654   PIP_F_give
00002654   PIP_F_probe
00002728   PIP_F_start
00002800   __SEM_dopost
00002a20   _TSK_setup
00002c20   _KNL_saveIsrFrame
00002cec   _KNL_switch
00002da0   KNL_glue
00002de0   CLK_F_getltime
00002df4   CLK_F_isr
00002f54   CLK_F_itime
00002f54   _CLK_F_itime
00002f54   _CLK_itime
00002f70   __CLK_lat1beg
00002f9c   __CLK_lat1end
00002fa0   _TSK_exit
00003140   __auto_init
00003380   _TSK_startup
00003440   _KNL_check
00003490   __KNL_lat1beg
00003518   _KNL_idle
00003518   __KNL_lat1end
0000353c   _KNL_max
00003580   _GBL_cslCacheInit
00003660   _KNL_exit
000036b4   _KNL_enter
00003740   _SEM_postEnterKnl
00003820   _SEM_post
00003820   _SEM_postBinary
00003900   _CLK_measure
000039e0   _KNL_ipost
00003aa0   _KNL_post
00003b60   _LCK_post
00003b90   _LCK_pend
00003c20   _SYS_exit
00003ce0   CLK_F_getfhtime
00003d00   CLK_F_gethtime
00003d00   CLK_F_getshtime
00003d00   CLK_TIMEFXN
00003da0   FXN_F_nop
00003da8   FXN_F_run
00003da8   _FXN_F_run
00003df8   FXN_F_zero
00003df8   _FXN_F_zero
00003e20   IDL_F_busy
00003e20   __IDL_lat1beg
00003e70   __IDL_lat1end
00003ea0   LOG_F_event
00003ea0   _LOG_event
00003ea0   __LOG_lat1beg
00003f20   STS_F_delta
00003f20   _STS_delta
00003f58   STS_F_add
00003f58   _STS_add
00003f84   STS_F_reset
00003f84   _STS_reset
00003fa0   IDL_F_calibrate
00004000   CLK_INTBIT
00004000   PRD_SCALAR
00004000   __STACK_SIZE
00004008   HWI_CFGDISPATCHED
00004008   _HWI_CFGDISPATCHED
00004020   _HWI_disable
00004038   _HWI_enable
0000404c   _HWI_restore
00004080   _SEM_pend
000040e0   _SYS_abort
00004140   SYS_PUTCFXN
00004140   _UTL_doPutc
000041a0   _CLK_start
00004200   IDL_CALIBRFXN
00004200   IDL_F_stub
00004240   RTA_F_andn
00004260   RTA_F_or
00004280   SYS_ABORTFXN
00004280   _UTL_doAbort
000042c0   _CLK_stop
00004300   GIO_CREATEFXN
00004300   GIO_DELETEFXN
00004300   GIO_PENDFXN
00004300   GIO_POSTFXN
00004300   TSK_VCREATEFXN
00004300   TSK_VDELETEFXN
00004300   TSK_VEXITFXN
00004300   _FXN_F_nop
00004320   _GBL_getVersion
00004340   IDL_F_loop
00004340   _IDL_loop
00004360   _STS_set
00004380   SYS_ERRORFXN
00004380   _UTL_doError
000043a0   SYS_EXITFXN
000043a0   _UTL_halt
000043c0   GBL_stackbeg
000043c0   _HWI_STKTOP
000043c0   __stack
00004e20   GBL_CLKIN
00005205   GBL_A_VERSION
00008000   SDRAM$L
00008000   _SDRAM_length
000083b8   _HWI_STKBOTTOM
000083bf   GBL_stackend
000083c0   _RTDX_Poll
000083c0   __STACK_END
000087c0   _RTDX_Buffer_WriteCB
00008e00   _RTDX_Mon_Queue
00009020   _RTDX_Init_RT_Monitor
000090a0   _RTDX_Buffer_Initialize
00009100   _RTDX_Buffer_ReadCB
00009160   _RTDX_Buffer_Size
000091a0   _RTDX_Final_RT_Monitor
000091e0   _RTDX_Buffer_Read
00009200   _RTDX_Buffer_Write
00009240   _RTDX_Mask_IER
00009260   ___cinit__
00009260   cinit
0000a02c   RTA_fromHost$buf
0000a040   .text
0000a040   ___text__
0000a040   _memcpy
0000a280   _wait500nS
0000a2a8   GBL_USERINITFXN
0000a2a8   _GBL_setPLLto225MHz
0000a400   _call_dtors
0000a560   _atexit
0000a700   ___add_dtor
0000a740   __nop
0000a760   __register_lock
0000a780   __register_unlock
0000a7a0   _main
0000a7c0   BIOS_init
0000a7c0   _BIOS_init
0000a7c0   ___etext__
0000a7c0   etext
0000a93c   BIOS$$CLKON
0000a97c   BIOS$$CLKOFF
0000a9e4   BIOS_start
0000a9e4   _BIOS_start
0000aaa0   _MEM_init
0000ab80   _c_int00
0000ac40   _TSK_init
0000acc0   _OBJ_init
0000ace0   _RTDX_Buffer
0000b0e8   _RTDX_Buffer_Start
0000b0ec   _RTDX_Buffer_End
0000b0f0   _rtdx_buffer_state
0000b0fc   _RTDX_writing
0000b110   _rtdx_mon_state
0000b130   TSK_idle$stack
0000b4c8   TSK_idle$stkptr
0000b530   ___atexit_func_id__
0000b6b8   _KNL_queues
0000b758   _KNL_dummy
0000b790   _TSK_ATTRS
0000b7ac   _TSK_config
0000b7cc   _TSK_timerSem
0000b7ec   _OBJ_table
0000b824   _OBJ_segtab
0000b840   __TSK_mutex
0000b868   __MEM_mutex
0000b890   _SYS_exitStack
0000b8cc   __cleanup_ptr
0000b8d0   __dtors_ptr
0000b8d4   ___TI_enable_exit_profile_output
0000b8d8   __lock
0000b8dc   __unlock
0000b8e0   _dtors
0000b8e4   $bss
0000b8e4   .bss
0000b8e4   _HWI_dispatchTab
0000b8e4   ___bss__
0000b9e4   IDL_D_tabbeg
0000b9e8   IDL_D_calibrate
0000b9ec   IDL_D_calbeg
0000b9f0   LOG_D_system
0000b9f0   _LOG_D_system
0000b9f4   PIP_D_tabbeg
0000b9f8   PIP_D_tablen
0000b9fc   CLK_R_time
0000ba00   CLK_D_timefxn
0000ba04   CLK_D_tabbeg
0000ba08   CLK_D_isrhook
0000ba0c   CLK_D_idletime
0000ba10   _CLK_htimeDiv
0000ba14   _CLK_htimeMult
0000ba18   _CLK_ltimeDiv
0000ba1c   _CLK_ltimeMult
0000ba20   _CLK_D_dirty
0000ba24   _CLK_D_prd
0000ba28   _CLK_D_tddr
0000ba2c   _CLK_D_countspms
0000ba30   PRD_D_tick
0000ba30   _PRD_D_tick
0000ba34   PRD_D_cur
0000ba38   PRD_D_elapsed
0000ba3c   PRD_D_prevtim
0000ba40   PRD_D_scalar
0000ba44   PRD_D_swihandle
0000ba48   PRD_D_tabbeg
0000ba4c   PRD_D_tablen
0000ba50   PRD_D_thook
0000ba54   RTA_D_fromHost
0000ba58   RTA_D_toHost
0000ba5c   RTA_D_logval
0000ba6c   RTA_D_stsval
0000ba78   HST_D_chanmask
0000ba7c   HST_D_tabbeg
0000ba80   HST_D_tabend
0000ba84   _GBL_procId
0000ba88   _GBL_clkIn
0000ba8c   _GBL_freq
0000ba90   _MEM_D_NUMSEGMENTS
0000ba94   _MEM_D_memtab
0000ba98   _MEM_D_freelist
0000ba9c   _MEM_D_lockaddr
0000baa0   _MEM_D_unlockaddr
0000baa4   _SYS
0000baa8   __HOOK_knlId
0000baac   __HOOK_NUMHOOKS
0000bab0   SWI_D_runaddr
0000bab0   _SWI_D_runaddr
0000bab0   _SWI_data
0000bab4   SWI_D_execaddr
0000bab4   _SWI_D_execaddr
0000bab8   SWI_D_curmask
0000bab8   _SWI_D_curmask
0000babc   SWI_D_curset
0000babc   _SWI_D_curset
0000bac0   SWI_D_lock
0000bac0   _SWI_D_lock
0000bac4   SWI_D_curmbox
0000bac8   SWI_D_curfxn
0000bac8   _SWI_D_curfxn
0000bacc   SWI_D_rdybeg
0000bacc   _SWI_D_rdybeg
0000bad0   SWI_D_inswi
0000bad0   _SWI_D_inswi
0000bad4   SWI_D_rdytab
0000bb4c   _KNL_wFlag
0000bb50   _KNL_wList
0000bb54   _KNL_alarm
0000bb58   _KNL_setpri
0000bb5c   _KNL_inactive
0000bb60   _KNL_priority
0000bb64   _KNL_set
0000bb68   _KNL_curtask
0000bb6c   _KNL_prevtask
0000bb70   _KNL_curtime
0000bb74   _KNL_swiptr
0000bb78   _KNL_curqueue
0000bb7c   _KNL_maxqueue
0000bb80   _KNL_tswitchfxn
0000bb84   _KNL_tcreatefxn
0000bb88   _KNL_tdeletefxn
0000bb8c   _KNL_treadyfxn
0000bb90   _KNL_idlefxn
0000bb94   _MEM_memtab
0000bba0   MEM_MALLOCSEG
0000bba0   MEM_SEGZERO
0000bba0   SDRAM
0000bba0   _SDRAM
0000bba4   RTA_fromHost$pipe$dtab
0000bbb0   RTA_toHost$pipe$dtab
0000bbbc   HWI_D_spsave
0000bbbc   _HWI_D_spsave
0000bbbc   _HWI_data
0000bbc8   _HWI_D_inhwi
0000bbcc   HWI_D_bss
0000bbd0   HWI_D_ccmask
0000bbd4   LNK_dspFrameRequestMask
0000bbd4   _LNK_dspFrameRequestMask
0000bbd8   LNK_dspFrameReadyMask
0000bbd8   _LNK_dspFrameReadyMask
0000bbdc   LNK_readPend
0000bbdc   _LNK_readPend
0000bbe0   LNK_readDone
0000bbe0   _LNK_readDone
0000bbe4   LNK_readFail
0000bbe4   _LNK_readFail
0000bbe8   LNK_writeFail
0000bbe8   _LNK_writeFail
0000bbf4   _rtdxNullChanCnt
0000bbf8   _rtdxNullFuncCnt
0000bbfc   _TSK_nTasks
0000bc00   _TSK_pid
0000bc04   _TSK
0000bc08   _CLK_DFLTMICROSECS
0000bc0c   _CLK_D_microseconds
0000bc10   _SYS_exitStackPtr
0000bc14   _SYS_exitStackTop
0000bc18   _CLK_htimePerLtime
0000bc20   IDL_D_busyObj
0000bc24   _MEM
0000bc28   _myvariable
0000bc2c   _SYS_PUTCBEG
0000bc2c   ___end__
0000bc2c   end
0000be2b   _SYS_PUTCEND
0000be2c   PIP_A_TABBEG
0000be2c   RTA_fromHost$pipe
0000be2c   _PIP_A_TABBEG
0000be30   RTA_fromHost$pipe$rd
0000be5c   RTA_fromHost$pipe$aaa
0000be60   RTA_fromHost$pipe$wr
0000be8c   RTA_fromHost$pipe$bbb
0000be90   RTA_toHost$pipe
0000be94   RTA_toHost$pipe$rd
0000bec0   RTA_toHost$pipe$aaa
0000bec4   RTA_toHost$pipe$wr
0000bef0   RTA_toHost$pipe$bbb
0000bef4   PIP_A_TABEND
0000bef4   _PIP_A_TABEND
0000bef4   ___pinit__
0000bef4   pinit
0000bf00   LOG_system$buf
0000c000   RTA_toHost$buf
0000c195   KNL_swi$sts$maxfmt
0000c19d   KNL_swi$sts$sumfmt
0000c1a4   TSK_idle
0000c1a4   _TSK_idle
0000c1a5   KNL_swi$sts$avgfmt
0000c1af   TSK_idle$sts$maxfmt
0000c1b7   TSK_idle$sts$sumfmt
0000c1bf   TSK_idle$sts$avgfmt
0000c1c9   IDL_busyObj$maxfmt
0000c1cc   IDL_busyObj$sumfmt
0000c1cf   IDL_busyObj$avgfmt
0000c238   HST_A_TABBEG
0000c238   _HST_A_TABBEG
0000c23c   RTA_fromHost
0000c23c   _RTA_fromHost
0000c244   RTA_fromHost$rtdx
0000c258   RTA_toHost
0000c258   _RTA_toHost
0000c260   RTA_toHost$rtdx
0000c274   HST_A_TABEND
0000c274   KNL_swi$sts$stsobj
0000c274   STS_A_TABBEG
0000c274   _HST_A_TABEND
0000c274   _STS_A_TABBEG
0000c278   KNL_swi$sts
0000c284   TSK_idle$sts$stsobj
0000c288   TSK_idle$sts
0000c294   IDL_busyObj$stsobj
0000c298   IDL_busyObj
0000c298   _IDL_busyObj
0000c2a4   KNL_swi
0000c2a4   STS_A_TABEND
0000c2a4   SWI_A_TABBEG
0000c2a4   _KNL_swi
0000c2a4   _STS_A_TABEND
0000c2d0   SWI_A_TABEND
0000c2f8   LOG_A_TABBEG
0000c2f8   LOG_system
0000c2f8   _LOG_A_TABBEG
0000c2f8   _LOG_system
0000c310   IDL_A_TABBEG
0000c310   IDL_cpuLoad
0000c310   LOG_A_TABEND
0000c310   _IDL_cpuLoad
0000c310   _LOG_A_TABEND
0000c314   LNK_dataPump
0000c314   _LNK_dataPump
0000c318   RTA_dispatcher
0000c318   _RTA_dispatcher
0000c31c   IDL_END
0000c320   IDL_A_CALBEG
0000c320   IDL_cpuLoad$
0000c324   LNK_dataPump$
0000c328   RTA_dispatcher$
0000c32c   IDL_END$
0000c330   SYS$config
0000c340   TRC_cinit
0000c344   TRC_R_mask
0000c344   _TRC_R_mask
0000c348   GBL_initdone
0000c34c   CLK_A_TABBEG
0000c34c   PRD_clock
0000c34c   _PRD_clock
0000c350   CLK_null
0000dbba   CLK_COUNTSPMS
0000dbba   CLK_HTIMEPERLTIME
0000dbba   CLK_PRD
0000dbba   _CLK_COUNTSPMS
0000dbba   _CLK_PRD
0000dbef   GBL_TRCMASKVALUE
00036ee8   CLK_LTIMEMULT
00036ee8   GBL_FREQ
01940000   CLK_REGS
01940000   _CLK_REGS
082039a3   HWI_INTRMULTHIGH
310718a4   HWI_INTRMULTLOW
80000000   SDRAM$B
80000000   _SDRAM_base
ffffffff   HST_DSMBUFSEG
ffffffff   IRAM
ffffffff   MYBUFFERS
ffffffff   RTDX_DATAMEMSEG
ffffffff   _IRAM
ffffffff   _MYBUFFERS
ffffffff   ___TI_pprof_out_hndl
ffffffff   ___TI_prof_data_size
ffffffff   ___TI_prof_data_start
ffffffff   ___binit__
ffffffff   ___c_args__
ffffffff   binit

[685 symbols]
