******************************************************************************
               TMS320C6x Linker PC v7.4.16                     
******************************************************************************
>> Linked Tue Jun 21 13:04:08 2016

OUTPUT FILE NAME:   <my_dsp_project.out>
ENTRY POINT SYMBOL: "_c_int00"  address: 00029bc0


MEMORY CONFIGURATION

         name            origin    length      used     unused   attr    fill
----------------------  --------  ---------  --------  --------  ----  --------
  IRAM                  00000000   00080000  0002b7e1  0005481f  RWIX
  SDRAM                 80000000   00800000  000099de  007f6622  RWIX


SECTION ALLOCATION MAP

 output                                  attributes/
section   page    origin      length       input sections
--------  ----  ----------  ----------   ----------------
.data      0    00000000    00000000     UNINITIALIZED

.vers      0    00000000    00000044     COPY SECTION
                  00000000    00000044     my_dsp_projectcfg.obj (.vers)

.hwi_vec   0    00000000    00000200     
                  00000000    00000200     my_dsp_projectcfg.obj (.hwi_vec)

.far       0    00000200    0000e178     UNINITIALIZED
                  00000200    0000db70     skeleton.obj (.far)
                  0000dd70    00000188     rts6700.lib : atexit.obj (.far)
                  0000def8    000000f4     csl6713.lib : csl_irq.obj (.far)
                  0000dfec    000000d8     bios.a67 : knl.o67 (.far)
                  0000e0c4    0000005c              : tsk.o67 (.far)
                  0000e120    00000054              : obj_init.o67 (.far)
                  0000e174    00000054     csl6713.lib : csl_edma.obj (.far)
                  0000e1c8    00000050     bios.a67 : tsk_stup.o67 (.far)
                  0000e218    00000050     config_BSPLink.obj (.far)
                  0000e268    00000038     csl6713.lib : csl_mcbsp.obj (.far)
                  0000e2a0    00000034     config_AIC23.obj (.far)
                  0000e2d4    00000028     csl6713.lib : csl.obj (.far)
                  0000e2fc    00000024                 : csl_timer.obj (.far)
                  0000e320    00000020     bios.a67 : sys.o67 (.far)
                  0000e340    00000010              : knl_tick.o67 (.far)
                  0000e350    0000000c              : utl_putc.o67 (.far)
                  0000e35c    0000000c     rts6700.lib : exit.obj (.far)
                  0000e368    00000008                 : _lock.obj (.far)
                  0000e370    00000004                 : sinit.obj (.far)
                  0000e374    00000002     dsk6713bsl.lib : dsk6713.obj (.far)
                  0000e376    00000002                    : dsk6713_led.obj (.far)

.datenpuffer 
*          0    0000e378    00009600     UNINITIALIZED
                  0000e378    00007530     skeleton.obj (.datenpuffer)
                  000158a8    000020d0     config_BSPLink.obj (.datenpuffer)

.clk       0    00017978    00000008     UNINITIALIZED
                  00017978    00000008     my_dsp_projectcfg.obj (.clk)

.text      0    00017980    00005aa0     
                  00017980    000023e0     skeleton.obj (.text)
                  00019d60    00000700     config_BSPLink.obj (.text)
                  0001a460    00000480     dsk6713bsl.lib : dsk6713.obj (.text)
                  0001a8e0    00000300     rts6700.lib : divf.obj (.text:__divf)
                  0001abe0    00000280     csl6713.lib : csl_edma.obj (.text:_EDMA_open)
                  0001ae60    00000240     rts6700.lib : memcpy62.obj (.text:_memcpy)
                  0001b0a0    00000240     config_AIC23.obj (.text)
                  0001b2e0    00000220     csl6713.lib : csl.obj (.text:__CSL_init)
                  0001b500    000001e0     dsk6713bsl.lib : dsk6713_led.obj (.text)
                  0001b6e0    000001c0     csl6713.lib : csl_irq.obj (.text:_IRQ_map)
                  0001b8a0    000001c0                 : csl_irq.obj (.text:_mux2Tables)
                  0001ba60    000001a0                 : csl_edma.obj (.text:_EDMA_allocTable)
                  0001bc00    000001a0                 : csl_mcbsp.obj (.text:_MCBSP_reset)
                  0001bda0    00000180     bios.a67 : gbl_cslpllinit62.o67 (.text)
                  0001bf20    00000160     rts6700.lib : sinit.obj (.text:_call_dtors)
                  0001c080    00000140     csl6713.lib : csl_edma.obj (.text:_EDMA_reset)
                  0001c1c0    00000140                 : csl_timer.obj (.text:_TIMER_open)
                  0001c300    00000120                 : csl_timer.obj (.text:_TIMER_reset)
                  0001c420    00000100                 : csl_edma.obj (.text:_EDMA_intAlloc)
                  0001c520    00000100                 : csl_mcbsp.obj (.text:_MCBSP_open)
                  0001c620    00000100                 : csl_mcbsp.obj (.text:_MCBSP_start)
                  0001c720    000000e0                 : csl_edma.obj (.text:_EDMA_config)
                  0001c800    000000e0     rts6700.lib : round.obj (.text:__nround)
                  0001c8e0    000000e0                 : strasg.obj (.text:__strasg)
                  0001c9c0    000000e0                 : atexit.obj (.text:_atexit)
                  0001caa0    000000e0                 : modf.obj (.text:_modf)
                  0001cb80    000000c0     bios.a67 : tsk_stup.o67 (.text)
                  0001cc40    000000a0     csl6713.lib : csl_mcbsp.obj (.text:_MCBSP_close)
                  0001cce0    000000a0                 : csl_mcbsp.obj (.text:_MCBSP_config)
                  0001cd80    000000a0                 : csl_irq.obj (.text:__IRQ_init)
                  0001ce20    000000a0     rts6700.lib : fltlif.obj (.text:__fltlif)
                  0001cec0    000000a0     csl6713.lib : csl_irq.obj (.text:_setMux)
                  0001cf60    00000080     dsk6713bsl.lib : dsk6713_dip.obj (.text)
                  0001cfe0    00000060     csl6713.lib : csl_edma.obj (.text:_EDMA_disableChannel)
                  0001d040    00000060                 : csl_edma.obj (.text:_EDMA_enableChannel)
                  0001d0a0    00000060                 : csl_edma.obj (.text:_EDMA_intEnable)
                  0001d100    00000060                 : csl_edma.obj (.text:_EDMA_qdmaConfig)
                  0001d160    00000060     rts6700.lib : fltulf.obj (.text:__fltulf)
                  0001d1c0    00000040     csl6713.lib : csl_edma.obj (.text:_EDMA_link)
                  0001d200    00000040                 : csl_irq.obj (.text:_IRQ_enable)
                  0001d240    00000040     rts6700.lib : sinit.obj (.text:___add_dtor)
                  0001d280    00000020     csl6713.lib : csl.obj (.text:_CSL6713_LIB_)
                  0001d2a0    00000020                 : csl_edma.obj (.text:_EDMA_intClear)
                  0001d2c0    00000020                 : csl_edma.obj (.text:_EDMA_intTest)
                  0001d2e0    00000020                 : csl_irq.obj (.text:_IRQ_clear)
                  0001d300    00000020                 : csl_irq.obj (.text:_IRQ_globalEnable)
                  0001d320    00000020                 : csl_mcbsp.obj (.text:_MCBSP_getRcvAddr)
                  0001d340    00000020                 : csl_mcbsp.obj (.text:_MCBSP_getXmtAddr)
                  0001d360    00000020                 : csl_mcbsp.obj (.text:_MCBSP_write)
                  0001d380    00000020                 : csl_mcbsp.obj (.text:_MCBSP_xrdy)
                  0001d3a0    00000020     rts6700.lib : _lock.obj (.text:__nop)
                  0001d3c0    00000020                 : _lock.obj (.text:__register_lock)
                  0001d3e0    00000020                 : _lock.obj (.text:__register_unlock)
                  0001d400    00000020     csl6713.lib : csl_irq.obj (.text)

.bios      0    0001d420    00004280     
                  0001d420    00000600     lnkrtdx.a67 : rtdx.o67 (.bios)
                  0001da20    000005e0     bios.a67 : gbl_setL2CacheMode.o67 (.bios)
                  0001e000    00000540              : swi.o67 (.bios)
                  0001e540    00000460              : hwi_disp_asm.o67 (.bios)
                  0001e9a0    000003a0              : prd.o67 (.bios)
                  0001ed40    000002c0              : knl_run.o67 (.bios)
                  0001f000    000002c0              : rta.o67 (.bios)
                  0001f2c0    000002c0              : sem_pend.o67 (.bios)
                  0001f580    00000260              : knl_tick.o67 (.bios)
                  0001f7e0    00000240              : pip.o67 (.bios)
                  0001fa20    00000220              : sem_dopo.o67 (.bios)
                  0001fc40    00000200              : tsk_setu.o67 (.bios)
                  0001fe40    000001c0              : knl_swit.o67 (.bios)
                  00020000    000001c0     biosC6000.a67 : clk.o67 (.bios)
                  000201c0    000001a0     bios.a67 : tsk_exit.o67 (.bios)
                  00020360    00000180              : autoinit.o67 (.bios)
                  000204e0    00000180              : tsk_stup.o67 (.bios)
                  00020660    00000140              : knl_chec.o67 (.bios)
                  000207a0    000000e0              : gbl_cslcacheinit.o67 (.bios)
                  00020880    000000e0              : knl_exit.o67 (.bios)
                  00020960    000000e0              : sem_post.o67 (.bios)
                  00020a40    000000e0              : sem_post_asm.o67 (.bios)
                  00020b20    000000e0     biosC6000.a67 : clk_meas.o67 (.bios)
                  00020c00    000000c0     bios.a67 : knl_ipos.o67 (.bios)
                  00020cc0    000000c0              : knl_post.o67 (.bios)
                  00020d80    000000c0              : lck.o67 (.bios)
                  00020e40    000000c0              : sys_exit.o67 (.bios)
                  00020f00    000000c0     biosC6000.a67 : clk_htime.o67 (.bios)
                  00020fc0    00000080     bios.a67 : fxn.o67 (.bios)
                  00021040    00000080              : idl_busy.o67 (.bios)
                  000210c0    00000080              : log.o67 (.bios)
                  00021140    00000080              : sts.o67 (.bios)
                  000211c0    00000080     biosC6000.a67 : idl_cal.o67 (.bios)
                  00021240    00000060     bios.a67 : hwi_c.o67 (.bios)
                  000212a0    00000060              : sem_pend_binary.o67 (.bios)
                  00021300    00000060              : sem_pend_counting.o67 (.bios)
                  00021360    00000060              : swi_disable.o67 (.bios)
                  000213c0    00000060              : sys_abor.o67 (.bios)
                  00021420    00000060              : utl_putc.o67 (.bios)
                  00021480    00000060     biosC6000.a67 : clk_start.o67 (.bios)
                  000214e0    00000040     bios.a67 : idl_stub.o67 (.bios)
                  00021520    00000040              : rta_andn.o67 (.bios)
                  00021560    00000040              : utl_doab.o67 (.bios)
                  000215a0    00000040     biosC6000.a67 : clk_stop.o67 (.bios)
                  000215e0    00000020     bios.a67 : fxn_c.o67 (.bios)
                  00021600    00000020              : gbl_vers.o67 (.bios)
                  00021620    00000020              : idl.o67 (.bios)
                  00021640    00000020              : sts_set.o67 (.bios)
                  00021660    00000020              : utl_doer.o67 (.bios)
                  00021680    00000020              : utl_halt.o67 (.bios)

.stack     0    000216a0    00004000     UNINITIALIZED
                  000216a0    00004000     --HOLE--

.cinit     0    000256a0    000032b4     
                  000256a0    00001c2c     skeleton.obj (.cinit)
                  000272cc    00000004     --HOLE-- [fill = 0]
                  000272d0    00000b14     my_dsp_projectcfg.obj (.cinit)
                  00027de4    00000004     --HOLE-- [fill = 0]
                  00027de8    0000026c     bios.a67 : biosdata.o67 (.cinit)
                  00028054    00000004     --HOLE-- [fill = 0]
                  00028058    000001a4              : knl.o67 (.cinit)
                  000281fc    00000004     --HOLE-- [fill = 0]
                  00028200    0000012c     csl6713.lib : csl_irq.obj (.cinit)
                  0002832c    00000004     --HOLE-- [fill = 0]
                  00028330    000000b0     bios.a67 : swi.o67 (.cinit)
                  000283e0    00000080              : tsk.o67 (.cinit)
                  00028460    00000078     config_BSPLink.obj (.cinit)
                  000284d8    00000070     csl6713.lib : csl_edma.obj (.cinit)
                  00028548    00000060     bios.a67 : tsk_stup.o67 (.cinit)
                  000285a8    0000005c     lnkrtdx.a67 : rtdx.o67 (.cinit)
                  00028604    00000004     --HOLE-- [fill = 0]
                  00028608    00000054     csl6713.lib : csl_mcbsp.obj (.cinit)
                  0002865c    00000004     --HOLE-- [fill = 0]
                  00028660    0000004c     bios.a67 : rta.o67 (.cinit)
                  000286ac    00000004     --HOLE-- [fill = 0]
                  000286b0    0000004c     csl6713.lib : csl_timer.obj (.cinit)
                  000286fc    00000004     --HOLE-- [fill = 0]
                  00028700    0000004c     rtdx.lib : buffer1.o62 (.cinit)
                  0002874c    00000004     --HOLE-- [fill = 0]
                  00028750    00000048     config_AIC23.obj (.cinit)
                  00028798    0000003c     csl6713.lib : csl.obj (.cinit)
                  000287d4    00000004     --HOLE-- [fill = 0]
                  000287d8    00000034     bios.a67 : hwi.o67 (.cinit)
                  0002880c    00000004     --HOLE-- [fill = 0]
                  00028810    0000002c              : utl_putc.o67 (.cinit)
                  0002883c    00000004     --HOLE-- [fill = 0]
                  00028840    0000002c     rts6700.lib : exit.obj (.cinit)
                  0002886c    00000004     --HOLE-- [fill = 0]
                  00028870    00000024     bios.a67 : obj_init.o67 (.cinit)
                  00028894    00000004     --HOLE-- [fill = 0]
                  00028898    0000001c              : sys.o67 (.cinit)
                  000288b4    00000004     --HOLE-- [fill = 0]
                  000288b8    0000001c     rts6700.lib : _lock.obj (.cinit)
                  000288d4    00000004     --HOLE-- [fill = 0]
                  000288d8    0000001c                 : atexit.obj (.cinit)
                  000288f4    00000004     --HOLE-- [fill = 0]
                  000288f8    00000018     bios.a67 : knl_tick.o67 (.cinit)
                  00028910    0000000c              : gbl_setL2CacheMode.o67 (.cinit)
                  0002891c    00000004     --HOLE-- [fill = 0]
                  00028920    0000000c              : idl_busy.o67 (.cinit)
                  0002892c    00000004     --HOLE-- [fill = 0]
                  00028930    0000000c              : knl_swit.o67 (.cinit)
                  0002893c    00000004     --HOLE-- [fill = 0]
                  00028940    0000000c     rts6700.lib : sinit.obj (.cinit)
                  0002894c    00000004     --HOLE-- [fill = 0]
                  00028950    00000004     (.pad.cinit) [fill = 0]

.pinit     0    00028954    0000000c     
                  00028954    00000004     rtdx.lib : buffer1.o62 (.pinit)
                  00028958    00000004              : rtdx_mon.o62 (.pinit)
                  0002895c    00000004     --HOLE-- [fill = 0]

.rtdx_text 
*          0    00028960    00000ea0     
                  00028960    00000400     rtdx.lib : rtdx_mon.o62 (.rtdx_text:_RTDX_Poll)
                  00028d60    00000340              : buffer1.o62 (.rtdx_text:_RTDX_Buffer_WriteCB)
                  000290a0    00000300              : buffer1.o62 (.rtdx_text:_RTDX_write_next)
                  000293a0    00000140              : rtdx_mon.o62 (.rtdx_text:_RTDX_Mon_Queue)
                  000294e0    000000e0              : buffer1.o62 (.rtdx_text:_claim)
                  000295c0    00000080              : rtdx_mon.o62 (.rtdx_text:_RTDX_Init_RT_Monitor)
                  00029640    00000060              : buffer1.o62 (.rtdx_text:_RTDX_Buffer_Initialize)
                  000296a0    00000060              : buffer2.o62 (.rtdx_text:_RTDX_Buffer_ReadCB)
                  00029700    00000040              : buffer1.o62 (.rtdx_text:_RTDX_Buffer_Size)
                  00029740    00000040              : rtdx_mon.o62 (.rtdx_text:_RTDX_Final_RT_Monitor)
                  00029780    00000020              : buffer2.o62 (.rtdx_text:_RTDX_Buffer_Read)
                  000297a0    00000020              : buffer1.o62 (.rtdx_text:_RTDX_Buffer_Write)
                  000297c0    00000020              : rtdx_mon.o62 (.rtdx_text:_RTDX_checksum)
                  000297e0    00000020              : intr_tgt.o62 (.rtdx_text)

.sysinit   0    00029800    00000520     
                  00029800    000002e0     my_dsp_projectcfg.obj (.sysinit)
                  00029ae0    000000e0     bios.a67 : mem_init.o67 (.sysinit)
                  00029bc0    000000c0              : boot.o67 (.sysinit)
                  00029c80    00000080              : tsk_init.o67 (.sysinit)
                  00029d00    00000020              : obj_init.o67 (.sysinit)

.rtdx_data 
*          0    00029d20    0000044c     UNINITIALIZED
                  00029d20    00000410     my_dsp_projectcfg.obj (.rtdx_data)
                  0002a130    00000020     rtdx.lib : buffer1.o62 (.rtdx_data)
                  0002a150    0000001c              : rtdx_mon.o62 (.rtdx_data)

.args      0    0002a16c    00000004     
                  0002a16c    00000004     --HOLE-- [fill = 0]

.TSK_LEDTOGGLE$stk 
*          0    0002a170    00000400     UNINITIALIZED
                  0002a170    00000400     my_dsp_projectcfg.obj (.TSK_LEDTOGGLE$stk)

.TSK_idle$stk 
*          0    0002a570    00000400     UNINITIALIZED
                  0002a570    00000400     my_dsp_projectcfg.obj (.TSK_idle$stk)

.bss       0    0002a970    000003fc     UNINITIALIZED
                  0002a970    00000100     bios.a67 : hwi_disp_asm.o67 (.bss)
                  0002aa70    000000cc              : biosdata.o67 (.bss)
                  0002ab3c    0000009c              : swi.o67 (.bss)
                  0002abd8    00000088     skeleton.obj (.bss)
                  0002ac60    00000048     bios.a67 : knl.o67 (.bss)
                  0002aca8    0000002c     config_BSPLink.obj (.bss)
                  0002acd4    00000028     my_dsp_projectcfg.obj (.bss)
                  0002acfc    00000018     bios.a67 : hwi.o67 (.bss)
                  0002ad14    00000018     lnkrtdx.a67 : rtdx.o67 (.bss)
                  0002ad2c    00000010     rtdx.lib : buffer1.o62 (.bss)
                  0002ad3c    0000000c     bios.a67 : tsk.o67 (.bss)
                  0002ad48    00000008              : clk_data.o67 (.bss)
                  0002ad50    00000008              : sys.o67 (.bss)
                  0002ad58    00000004              : clk_data2.o67 (.bss)
                  0002ad5c    00000004              : gbl_setL2CacheMode.o67 (.bss)
                  0002ad60    00000004              : idl_busy.o67 (.bss)
                  0002ad64    00000004              : mem_asm.o67 (.bss)
                  0002ad68    00000004     config_AIC23.obj (.bss)

.trace     0    0002ad6c    00000200     
                  0002ad6c    00000200     --HOLE-- [fill = 00000000]

.swi       0    0002af6c    000001e4     UNINITIALIZED
                  0002af6c    000001e4     my_dsp_projectcfg.obj (.swi)

.gblinit   0    0002b150    0000004c     
                  0002b150    0000004c     my_dsp_projectcfg.obj (.gblinit)

.hst       0    0002b19c    0000003c     UNINITIALIZED
                  0002b19c    0000003c     my_dsp_projectcfg.obj (.hst)

.switch    0    0002b1d8    00000028     
                  0002b1d8    00000028     rtdx.lib : rtdx_mon.o62 (.switch)

.LOG_system$buf 
*          0    0002b200    00000100     UNINITIALIZED
                  0002b200    00000100     my_dsp_projectcfg.obj (.LOG_system$buf)

.hst0      0    0002b300    00000100     UNINITIALIZED
                  0002b300    00000100     my_dsp_projectcfg.obj (.hst0)

.sts       0    0002b400    000000f0     
                  0002b400    000000f0     my_dsp_projectcfg.obj (.sts)

.pip       0    0002b4f0    000000c8     UNINITIALIZED
                  0002b4f0    000000c8     my_dsp_projectcfg.obj (.pip)

.tsk       0    0002b5b8    000000c0     UNINITIALIZED
                  0002b5b8    000000c0     my_dsp_projectcfg.obj (.tsk)

.const     0    0002b678    000000b5     
                  0002b678    0000004e     bios.a67 : tsk_stup.o67 (.const)
                  0002b6c6    00000023              : utl_doab.o67 (.const)
                  0002b6e9    00000022              : utl_doer.o67 (.const)
                  0002b70b    00000001     --HOLE-- [fill = 0]
                  0002b70c    00000020     dsk6713bsl.lib : dsk6713.obj (.const)
                  0002b72c    00000001     bios.a67 : tsk.o67 (.const)

.printf    0    0002b72d    0000017a     COPY SECTION
                  0002b72d    0000017a     my_dsp_projectcfg.obj (.printf)

.sem       0    0002b730    0000002c     UNINITIALIZED
                  0002b730    0000002c     my_dsp_projectcfg.obj (.sem)

.prd       0    0002b75c    00000020     UNINITIALIZED
                  0002b75c    00000020     my_dsp_projectcfg.obj (.prd)

.log       0    0002b77c    00000018     
                  0002b77c    00000018     my_dsp_projectcfg.obj (.log)

.hst1      0    0002b794    00000010     UNINITIALIZED
                  0002b794    00000010     my_dsp_projectcfg.obj (.hst1)

.idl       0    0002b7a4    00000010     UNINITIALIZED
                  0002b7a4    00000010     my_dsp_projectcfg.obj (.idl)

.idlcal    0    0002b7b4    00000010     UNINITIALIZED
                  0002b7b4    00000010     my_dsp_projectcfg.obj (.idlcal)

.sys       0    0002b7c4    00000010     UNINITIALIZED
                  0002b7c4    00000010     my_dsp_projectcfg.obj (.sys)

.trcdata   0    0002b7d4    0000000c     
                  0002b7d4    0000000c     bios.a67 : trc.o67 (.trcdata)

.mem       0    0002b7e0    00000004     UNINITIALIZED
                  0002b7e0    00000004     my_dsp_projectcfg.obj (.mem)

.SDRAM$heap 
*          0    80000000    00008000     UNINITIALIZED
                  80000000    00008000     --HOLE--

.sounds    0    80008000    000019de     UNINITIALIZED
                  80008000    000019de     skeleton.obj (.sounds)


GLOBAL SYMBOLS: SORTED ALPHABETICALLY BY Name 

address    name
--------   ----
0002a970   $bss
0002a970   .bss
00000000   .data
00017980   .text
000299bc   BIOS$$CLKOFF
0002997c   BIOS$$CLKON
00029800   BIOS_init
00029a24   BIOS_start
00000000   BUF$
00000001   BUF_ENABLED
00000001   CLK$
00017978   CLK_A_TABBEG
00000001   CLK_CALDIV
00000004   CLK_CALMULT
0000dbba   CLK_COUNTSPMS
00000000   CLK_COUNTSPMSHIGH
0002aa98   CLK_D_idletime
0002aa94   CLK_D_isrhook
0002aa90   CLK_D_tabbeg
0002aa8c   CLK_D_timefxn
00020f00   CLK_F_getfhtime
00020f20   CLK_F_gethtime
00020000   CLK_F_getltime
00020f20   CLK_F_getshtime
00020014   CLK_F_isr
00020174   CLK_F_itime
0001e540   CLK_HOOKFXN
00000001   CLK_HTIMEDIV
00000004   CLK_HTIMEMULT
0000dbba   CLK_HTIMEPERLTIME
00004000   CLK_INTBIT
00000001   CLK_LTIMEDIV
00036ee8   CLK_LTIMEMULT
000003e8   CLK_MICROSECS
0000dbba   CLK_PRD
00000000   CLK_PRDHIGH
01940000   CLK_REGS
0002aa88   CLK_R_time
00000020   CLK_TCR
00000000   CLK_TDDR
00000000   CLK_TDDRHIGH
00020f20   CLK_TIMEFXN
00000000   CLK_TIMERNUM
00000001   CLK_USETIMER
0001797c   CLK_null
00000000   DEV$
00000000   DGN$
00000000   DHL$
00000000   DHL_gChannelsAvailable
00000000   DIO$
00000000   DIO_NUMSWIBASE
00000000   DIO_NUMTSKBASE
00000000   DIO_STATIC
00000000   DPI$
00020fc0   FXN_F_nop
00020fc8   FXN_F_run
00021018   FXN_F_zero
00000001   GBL$
00005205   GBL_A_VERSION
00000000   GBL_BIGENDIAN
00000000   GBL_C641XL2PRIORITY
00000000   GBL_CACHE
00000001   GBL_CALLCSLCFGINIT
00004e20   GBL_CLKIN
00001770   GBL_CLKTYPE
00001a39   GBL_DSPSUBTYPE
0000003e   GBL_DSPTYPE
00000001   GBL_ENABLEINST
00000042   GBL_FOOTPRINT
00036ee8   GBL_FREQ
00002226   GBL_L2ALLOC
00000000   GBL_L2CONFIGALLOC
00000001   GBL_L2CONFIGURE
00000001   GBL_L2MARMASK
00000000   GBL_L2MARMASK1
00000000   GBL_L2MARMASK2
00000000   GBL_L2MARMASK3
00000000   GBL_L2MARMASK4
00000000   GBL_L2MARMASK5
00000000   GBL_L2MODE
00000000   GBL_L2PRIORITY
00000000   GBL_NULL
00000000   GBL_PROCID
00000000   GBL_ROM
00000000   GBL_SUPPORTCSL
0000dbef   GBL_TRCMASKVALUE
00000001   GBL_USERINIT
0001bdc8   GBL_USERINITFXN
00000001   GBL_boot
0002b7dc   GBL_initdone
000216a0   GBL_stackbeg
0002569f   GBL_stackend
00000000   GIO$
000215e0   GIO_CREATEFXN
000215e0   GIO_DELETEFXN
000215e0   GIO_PENDFXN
000215e0   GIO_POSTFXN
00000000   HOOK$
00000000   HOOK_KNLID
00000001   HST$
0002b19c   HST_A_TABBEG
0002b1d8   HST_A_TABEND
00000000   HST_DSM
ffffffff   HST_DSMBUFSEG
00000400   HST_DSMMEMSIZE
0002ab04   HST_D_chanmask
0002ab08   HST_D_tabbeg
0002ab0c   HST_D_tabend
000000ff   HST_MAXFRAMEALLOWED
00000040   HST_MAXFRAMESET
00000000   HST_NONE
00000001   HST_RTDX
00000001   HWI$
00000000   HWI_A_VECS
00005308   HWI_CFGDISPATCHED
0002ad0c   HWI_D_bss
0002ad10   HWI_D_ccmask
0002acfc   HWI_D_spsave
0001e540   HWI_F_dispatch
00000000   HWI_GENERATE_RESET_VEC
0000000a   HWI_INT10
00000000   HWI_INT10$hwi
0000000b   HWI_INT11
00000000   HWI_INT11$hwi
0000000c   HWI_INT12
00000000   HWI_INT12$hwi
0000000d   HWI_INT13
00000000   HWI_INT13$hwi
0000000e   HWI_INT14
00000000   HWI_INT14$hwi
0000000f   HWI_INT15
00000000   HWI_INT15$hwi
00000004   HWI_INT4
00000000   HWI_INT4$hwi
00000005   HWI_INT5
00000000   HWI_INT5$hwi
00000006   HWI_INT6
00000000   HWI_INT6$hwi
00000007   HWI_INT7
00000000   HWI_INT7$hwi
00000008   HWI_INT8
00000000   HWI_INT8$hwi
00000009   HWI_INT9
00000000   HWI_INT9$hwi
082039a3   HWI_INTRMULTHIGH
250718a4   HWI_INTRMULTLOW
00000001   HWI_NMI
00000000   HWI_NMI$hwi
00000000   HWI_POLARITYMASK
00000002   HWI_RESERVED0
00000000   HWI_RESERVED0$hwi
00000003   HWI_RESERVED1
00000000   HWI_RESERVED1$hwi
00000000   HWI_RESET
00000000   HWI_RESET$hwi
00000001   HWI_ZEROTAB
00000001   IDL$
0002b7b4   IDL_A_CALBEG
0002b7a4   IDL_A_TABBEG
00000006   IDL_CALIBRERROR
000214e0   IDL_CALIBRFXN
0002ad60   IDL_D_busyObj
0002aa78   IDL_D_calbeg
0002aa74   IDL_D_calibrate
0002aa70   IDL_D_tabbeg
0002b7b0   IDL_END
0002b7c0   IDL_END$
00021040   IDL_F_busy
000211c0   IDL_F_calibrate
00021620   IDL_F_loop
000214e0   IDL_F_stub
00000001   IDL_USECLKIDLTIME
0002b4e4   IDL_busyObj
0002b8a2   IDL_busyObj$avgfmt
00000001   IDL_busyObj$filter
00000001   IDL_busyObj$iA
00000000   IDL_busyObj$iB
00000001   IDL_busyObj$iC
0002b89c   IDL_busyObj$maxfmt
00000000   IDL_busyObj$operation
0002b4e0   IDL_busyObj$stsobj
0002b89f   IDL_busyObj$sumfmt
00000002   IDL_busyObj$unittype
0002b7a4   IDL_cpuLoad
0002b7b4   IDL_cpuLoad$
ffffffff   IRAM
00000001   ISRC$
0001ffc0   KNL_glue
0002af98   KNL_swi
00000001   KNL_swi$dorta
00000002   KNL_swi$ord
00000000   KNL_swi$pri
0002b424   KNL_swi$sts
0002b774   KNL_swi$sts$avgfmt
00000002   KNL_swi$sts$filter
00000001   KNL_swi$sts$filtmaxmult
00000001   KNL_swi$sts$filtsummult
0002b764   KNL_swi$sts$maxfmt
0002b420   KNL_swi$sts$stsobj
0002b76c   KNL_swi$sts$sumfmt
00000000   KNL_swi$sts$unittype
00000000   KNL_swi$swi
00000001   LCK$
0001d420   LNK_F_checkBufferCall
0001d4a0   LNK_F_dataPump
0001d440   LNK_F_getChanPtr
0001d498   LNK_F_init
0001d9e4   LNK_F_readCallBack
0002b7a8   LNK_dataPump
0002b7b8   LNK_dataPump$
0002ad18   LNK_dspFrameReadyMask
0002ad14   LNK_dspFrameRequestMask
0001d740   LNK_newin
0001d880   LNK_newout
0001d4b4   LNK_rcloop
0001d580   LNK_rdrtry
0002ad20   LNK_readDone
0002ad24   LNK_readFail
0002ad1c   LNK_readPend
0001d590   LNK_rrloop
0002ad28   LNK_writeFail
0001d664   LNK_wrloop
0001d654   LNK_wrrtry
00000001   LOG$
0002b77c   LOG_A_TABBEG
0002b794   LOG_A_TABEND
00000001   LOG_A_TABLEN
0002aa7c   LOG_D_system
00000001   LOG_ENABLED
000210c0   LOG_F_event
0002b77c   LOG_system
0002b200   LOG_system$buf
00000000   LOG_system$datatype
00000000   LOG_system$log
00000040   LOG_system$size
00000000   MBX$
00000001   MEM$
0002ace0   MEM_MALLOCSEG
00000000   MEM_NULL
0002ace0   MEM_SEGZERO
00000000   MEM_USEMPC
00000001   MEM_gNumHeap
00000000   MSGQ$
00000000   MSGQ_USEMSGQ
00000000   OBJ$
00000000   PIP$
0002b4f0   PIP_A_TABBEG
0002b5b8   PIP_A_TABEND
00000002   PIP_A_TABLEN
0002aa80   PIP_D_tabbeg
0002aa84   PIP_D_tablen
0001f874   PIP_F_give
0001f874   PIP_F_probe
0001f948   PIP_F_start
0001f7e0   PIP_F_take
00000064   PIP_OBJSIZE
00000000   PIP_gNextId
00000002   PIP_gNumEmbed
00000000   POOL$
00000000   POOL_USEPOOL
00000001   PRD$
0002b75c   PRD_A_TABBEG
0002b77c   PRD_A_TABEND
00000001   PRD_A_TABLEN
0002aac0   PRD_D_cur
0002aac4   PRD_D_elapsed
0002aac8   PRD_D_prevtim
0002aacc   PRD_D_scalar
0002aad0   PRD_D_swihandle
0002aad4   PRD_D_tabbeg
0002aad8   PRD_D_tablen
0002aadc   PRD_D_thook
0002aabc   PRD_D_tick
0001e9a0   PRD_F_swi
0001ec60   PRD_F_tick
00000008   PRD_SCALAR
0002af6c   PRD_SWIHANDLE
0002b75c   PRD_Sek
0002b778   PRD_Sek$aaa
00000000   PRD_Sek$mode
00000001   PRD_Sek$ord
000003e8   PRD_Sek$period
00000000   PRD_Sek$prd
0002b404   PRD_Sek$sts
0002b73f   PRD_Sek$sts$avgfmt
00000000   PRD_Sek$sts$filter
0002b72d   PRD_Sek$sts$maxfmt
0002b400   PRD_Sek$sts$stsobj
0002b736   PRD_Sek$sts$sumfmt
00000002   PRD_Sek$sts$unittype
0001f7c0   PRD_THOOKFXN
00017978   PRD_clock
0002af6c   PRD_swi
00000001   PRD_swi$dorta
00000001   PRD_swi$ord
00000001   PRD_swi$pri
0002b414   PRD_swi$sts
0002b75a   PRD_swi$sts$avgfmt
00000002   PRD_swi$sts$filter
00000001   PRD_swi$sts$filtmaxmult
00000001   PRD_swi$sts$filtsummult
0002b74a   PRD_swi$sts$maxfmt
0002b410   PRD_swi$sts$stsobj
0002b752   PRD_swi$sts$sumfmt
00000000   PRD_swi$sts$unittype
00000000   PRD_swi$swi
00000001   QUE$
0002aae0   RTA_D_fromHost
0002aae8   RTA_D_logval
0002aaf8   RTA_D_stsval
0002aae4   RTA_D_toHost
00021520   RTA_F_andn
0001f0f8   RTA_F_dispatch
0001f000   RTA_F_getlog
0001f044   RTA_F_getsts
00021540   RTA_F_or
0001f08c   RTA_F_readblk
0001f0b8   RTA_F_resetmem
0001f0ac   RTA_F_writeword
0002b7ac   RTA_dispatcher
0002b7bc   RTA_dispatcher$
0001f148   RTA_execute
0002b1a0   RTA_fromHost
0002b794   RTA_fromHost$buf
00000004   RTA_fromHost$framesize
00000000   RTA_fromHost$hst
00000001   RTA_fromHost$id
00000000   RTA_fromHost$mode
0002b4f0   RTA_fromHost$pipe
0002b520   RTA_fromHost$pipe$aaa
0002b550   RTA_fromHost$pipe$bbb
0002ace4   RTA_fromHost$pipe$dtab
0002b4f4   RTA_fromHost$pipe$rd
0002b524   RTA_fromHost$pipe$wr
0002b1a8   RTA_fromHost$rtdx
0002b1bc   RTA_toHost
0002b300   RTA_toHost$buf
00000040   RTA_toHost$framesize
00000000   RTA_toHost$hst
00000000   RTA_toHost$id
00000001   RTA_toHost$mode
0002b554   RTA_toHost$pipe
0002b584   RTA_toHost$pipe$aaa
0002b5b4   RTA_toHost$pipe$bbb
0002acf0   RTA_toHost$pipe$dtab
0002b558   RTA_toHost$pipe$rd
0002b588   RTA_toHost$pipe$wr
0002b1c4   RTA_toHost$rtdx
00000001   RTDX$
00000408   RTDX_BUFMEMSIZE
ffffffff   RTDX_DATAMEMSEG
00000000   RTDX_MODE
00000001   RTDX_NORMALIZED_HDR
00000001   RTDX_USERTDX
00000000   RTDX_USERTEXECUTION
0002ace0   SDRAM
80000000   SDRAM$B
00008000   SDRAM$L
00000001   SEM$
0002b73c   SEM_LEDToggle
00000000   SIO$
00000001   STS$
0002b400   STS_A_TABBEG
0002b4f0   STS_A_TABEND
00021178   STS_F_add
00021140   STS_F_delta
000211a4   STS_F_reset
00000001   SWI$
0002b074   SWI_ADC_In_Ping
00000001   SWI_ADC_In_Ping$dorta
00000007   SWI_ADC_In_Ping$ord
00000004   SWI_ADC_In_Ping$pri
0002b474   SWI_ADC_In_Ping$sts
0002b7f6   SWI_ADC_In_Ping$sts$avgfmt
00000002   SWI_ADC_In_Ping$sts$filter
00000001   SWI_ADC_In_Ping$sts$filtmaxmult
00000001   SWI_ADC_In_Ping$sts$filtsummult
0002b7e6   SWI_ADC_In_Ping$sts$maxfmt
0002b470   SWI_ADC_In_Ping$sts$stsobj
0002b7ee   SWI_ADC_In_Ping$sts$sumfmt
00000000   SWI_ADC_In_Ping$sts$unittype
00000000   SWI_ADC_In_Ping$swi
0002b0a0   SWI_ADC_In_Pong
00000001   SWI_ADC_In_Pong$dorta
00000008   SWI_ADC_In_Pong$ord
00000004   SWI_ADC_In_Pong$pri
0002b484   SWI_ADC_In_Pong$sts
0002b810   SWI_ADC_In_Pong$sts$avgfmt
00000002   SWI_ADC_In_Pong$sts$filter
00000001   SWI_ADC_In_Pong$sts$filtmaxmult
00000001   SWI_ADC_In_Pong$sts$filtsummult
0002b800   SWI_ADC_In_Pong$sts$maxfmt
0002b480   SWI_ADC_In_Pong$sts$stsobj
0002b808   SWI_ADC_In_Pong$sts$sumfmt
00000000   SWI_ADC_In_Pong$sts$unittype
00000000   SWI_ADC_In_Pong$swi
0002b01c   SWI_ADC_Out_Ping
00000001   SWI_ADC_Out_Ping$dorta
00000005   SWI_ADC_Out_Ping$ord
00000004   SWI_ADC_Out_Ping$pri
0002b454   SWI_ADC_Out_Ping$sts
0002b7c2   SWI_ADC_Out_Ping$sts$avgfmt
00000002   SWI_ADC_Out_Ping$sts$filter
00000001   SWI_ADC_Out_Ping$sts$filtmaxmult
00000001   SWI_ADC_Out_Ping$sts$filtsummult
0002b7b2   SWI_ADC_Out_Ping$sts$maxfmt
0002b450   SWI_ADC_Out_Ping$sts$stsobj
0002b7ba   SWI_ADC_Out_Ping$sts$sumfmt
00000000   SWI_ADC_Out_Ping$sts$unittype
00000000   SWI_ADC_Out_Ping$swi
0002b048   SWI_ADC_Out_Pong
00000001   SWI_ADC_Out_Pong$dorta
00000006   SWI_ADC_Out_Pong$ord
00000004   SWI_ADC_Out_Pong$pri
0002b464   SWI_ADC_Out_Pong$sts
0002b7dc   SWI_ADC_Out_Pong$sts$avgfmt
00000002   SWI_ADC_Out_Pong$sts$filter
00000001   SWI_ADC_Out_Pong$sts$filtmaxmult
00000001   SWI_ADC_Out_Pong$sts$filtsummult
0002b7cc   SWI_ADC_Out_Pong$sts$maxfmt
0002b460   SWI_ADC_Out_Pong$sts$stsobj
0002b7d4   SWI_ADC_Out_Pong$sts$sumfmt
00000000   SWI_ADC_Out_Pong$sts$unittype
00000000   SWI_ADC_Out_Pong$swi
0002af6c   SWI_A_TABBEG
0002b150   SWI_A_TABEND
0000000b   SWI_A_TABLEN
0002afc4   SWI_BSPLink_In_Ping
00000001   SWI_BSPLink_In_Ping$dorta
00000003   SWI_BSPLink_In_Ping$ord
00000008   SWI_BSPLink_In_Ping$pri
0002b434   SWI_BSPLink_In_Ping$sts
0002b78e   SWI_BSPLink_In_Ping$sts$avgfmt
00000002   SWI_BSPLink_In_Ping$sts$filter
00000001   SWI_BSPLink_In_Ping$sts$filtmaxmult
00000001   SWI_BSPLink_In_Ping$sts$filtsummult
0002b77e   SWI_BSPLink_In_Ping$sts$maxfmt
0002b430   SWI_BSPLink_In_Ping$sts$stsobj
0002b786   SWI_BSPLink_In_Ping$sts$sumfmt
00000000   SWI_BSPLink_In_Ping$sts$unittype
00000000   SWI_BSPLink_In_Ping$swi
0002aff0   SWI_BSPLink_In_Pong
00000001   SWI_BSPLink_In_Pong$dorta
00000004   SWI_BSPLink_In_Pong$ord
00000007   SWI_BSPLink_In_Pong$pri
0002b444   SWI_BSPLink_In_Pong$sts
0002b7a8   SWI_BSPLink_In_Pong$sts$avgfmt
00000002   SWI_BSPLink_In_Pong$sts$filter
00000001   SWI_BSPLink_In_Pong$sts$filtmaxmult
00000001   SWI_BSPLink_In_Pong$sts$filtsummult
0002b798   SWI_BSPLink_In_Pong$sts$maxfmt
0002b440   SWI_BSPLink_In_Pong$sts$stsobj
0002b7a0   SWI_BSPLink_In_Pong$sts$sumfmt
00000000   SWI_BSPLink_In_Pong$sts$unittype
00000000   SWI_BSPLink_In_Pong$swi
0002b0cc   SWI_BSPLink_Out_Ping
00000001   SWI_BSPLink_Out_Ping$dorta
00000009   SWI_BSPLink_Out_Ping$ord
00000008   SWI_BSPLink_Out_Ping$pri
0002b494   SWI_BSPLink_Out_Ping$sts
0002b82a   SWI_BSPLink_Out_Ping$sts$avgfmt
00000002   SWI_BSPLink_Out_Ping$sts$filter
00000001   SWI_BSPLink_Out_Ping$sts$filtmaxmult
00000001   SWI_BSPLink_Out_Ping$sts$filtsummult
0002b81a   SWI_BSPLink_Out_Ping$sts$maxfmt
0002b490   SWI_BSPLink_Out_Ping$sts$stsobj
0002b822   SWI_BSPLink_Out_Ping$sts$sumfmt
00000000   SWI_BSPLink_Out_Ping$sts$unittype
00000000   SWI_BSPLink_Out_Ping$swi
0002b0f8   SWI_BSPLink_Out_Pong
00000001   SWI_BSPLink_Out_Pong$dorta
0000000a   SWI_BSPLink_Out_Pong$ord
00000007   SWI_BSPLink_Out_Pong$pri
0002b4a4   SWI_BSPLink_Out_Pong$sts
0002b844   SWI_BSPLink_Out_Pong$sts$avgfmt
00000002   SWI_BSPLink_Out_Pong$sts$filter
00000001   SWI_BSPLink_Out_Pong$sts$filtmaxmult
00000001   SWI_BSPLink_Out_Pong$sts$filtsummult
0002b834   SWI_BSPLink_Out_Pong$sts$maxfmt
0002b4a0   SWI_BSPLink_Out_Pong$sts$stsobj
0002b83c   SWI_BSPLink_Out_Pong$sts$sumfmt
00000000   SWI_BSPLink_Out_Pong$sts$unittype
00000000   SWI_BSPLink_Out_Pong$swi
0002ab54   SWI_D_curfxn
0002ab44   SWI_D_curmask
0002ab50   SWI_D_curmbox
0002ab48   SWI_D_curset
0002ab40   SWI_D_execaddr
0002ab5c   SWI_D_inswi
0002ab4c   SWI_D_lock
0002ab58   SWI_D_rdybeg
0002ab60   SWI_D_rdytab
0002ab3c   SWI_D_runaddr
0002b124   SWI_Decode_Buffer
00000001   SWI_Decode_Buffer$dorta
0000000b   SWI_Decode_Buffer$ord
00000003   SWI_Decode_Buffer$pri
0002b4b4   SWI_Decode_Buffer$sts
0002b85e   SWI_Decode_Buffer$sts$avgfmt
00000002   SWI_Decode_Buffer$sts$filter
00000001   SWI_Decode_Buffer$sts$filtmaxmult
00000001   SWI_Decode_Buffer$sts$filtsummult
0002b84e   SWI_Decode_Buffer$sts$maxfmt
0002b4b0   SWI_Decode_Buffer$sts$stsobj
0002b856   SWI_Decode_Buffer$sts$sumfmt
00000000   SWI_Decode_Buffer$sts$unittype
00000000   SWI_Decode_Buffer$swi
00000000   SWI_EHOOKFXN
0001e21c   SWI_EXECFXN
0001e000   SWI_F_enable
0001e21c   SWI_F_exec
0001e248   SWI_F_iexec
0001e070   SWI_F_post
0001e2d8   SWI_F_run
00000000   SWI_IHOOKFXN
0001e2d8   SWI_RUNFXN
00000001   SYS$
0002b7c4   SYS$config
00021560   SYS_ABORTFXN
00021660   SYS_ERRORFXN
00021680   SYS_EXITFXN
00021420   SYS_PUTCFXN
0002b7d8   TRC_R_mask
0002b7d4   TRC_cinit
00000001   TSK$
0002b624   TSK_LEDTOGGLE
00000003   TSK_LEDTOGGLE$ord
00000002   TSK_LEDTOGGLE$pri
0002a170   TSK_LEDTOGGLE$stack
0002a508   TSK_LEDTOGGLE$stkptr
0002b4d4   TSK_LEDTOGGLE$sts
0002b892   TSK_LEDTOGGLE$sts$avgfmt
00000002   TSK_LEDTOGGLE$sts$filter
00000001   TSK_LEDTOGGLE$sts$filtmaxmult
00000001   TSK_LEDTOGGLE$sts$filtsummult
0002b882   TSK_LEDTOGGLE$sts$maxfmt
0002b4d0   TSK_LEDTOGGLE$sts$stsobj
0002b88a   TSK_LEDTOGGLE$sts$sumfmt
00000000   TSK_LEDTOGGLE$sts$unittype
00000000   TSK_LEDTOGGLE$tsk
00000000   TSK_NUM_HOOKS
00000001   TSK_PRIORITY
00000000   TSK_READYFXN
00000000   TSK_STACKSEG
00000400   TSK_STACKSIZE
00000000   TSK_SWITCHFXN
000215e0   TSK_VCREATEFXN
000215e0   TSK_VDELETEFXN
000215e0   TSK_VEXITFXN
0002b5c4   TSK_idle
00000001   TSK_idle$ord
00000000   TSK_idle$pri
0002a570   TSK_idle$stack
0002a908   TSK_idle$stkptr
0002b4c4   TSK_idle$sts
0002b878   TSK_idle$sts$avgfmt
00000002   TSK_idle$sts$filter
00000001   TSK_idle$sts$filtmaxmult
00000001   TSK_idle$sts$filtsummult
0002b868   TSK_idle$sts$maxfmt
0002b4c0   TSK_idle$sts$stsobj
0002b870   TSK_idle$sts$sumfmt
00000000   TSK_idle$sts$unittype
00000000   TSK_idle$tsk
00000000   UDEV$
000186a0   _ADC_In_Ping
000186e0   _ADC_In_Pong
00018620   _ADC_Out_Ping
00018660   _ADC_Out_Pong
0000e378   _AIC_Buffer_in_ping
0000f318   _AIC_Buffer_in_pong
000102b8   _AIC_Buffer_out_ping
00011258   _AIC_Buffer_out_pong
00029800   _BIOS_init
00029a24   _BIOS_start
000158a8   _BSPLinkBuffer_in_ping
000160dc   _BSPLinkBuffer_in_pong
00016910   _BSPLinkBuffer_out_ping
00017144   _BSPLinkBuffer_out_pong
00018720   _BSPLink_In_Ping
00018774   _BSPLink_In_Pong
000187c8   _BSPLink_Out_Ping
00018874   _BSPLink_Out_Pong
0000e218   _BSPLink_interface_config
0000dbba   _CLK_COUNTSPMS
0002ad48   _CLK_DFLTMICROSECS
0002aab8   _CLK_D_countspms
0002aaac   _CLK_D_dirty
0002ad4c   _CLK_D_microseconds
0002aab0   _CLK_D_prd
0002aab4   _CLK_D_tddr
00020174   _CLK_F_itime
0000dbba   _CLK_PRD
01940000   _CLK_REGS
00000000   _CLK_TDDR
00000000   _CLK_TIMERNUM
00000001   _CLK_USETIMER
0002aa9c   _CLK_htimeDiv
0002aaa0   _CLK_htimeMult
0002ad58   _CLK_htimePerLtime
00020174   _CLK_itime
0002aaa4   _CLK_ltimeDiv
0002aaa8   _CLK_ltimeMult
00020b20   _CLK_measure
00021480   _CLK_start
000215a0   _CLK_stop
0001d280   _CSL6713_LIB_
0001b0a0   _Config_DSK6713_AIC23
0002ac34   _DECODER
0001cf68   _DSK6713_DIP_get
0001cf60   _DSK6713_DIP_init
0001b500   _DSK6713_LED_init
0001b540   _DSK6713_LED_off
0001b5b0   _DSK6713_LED_on
0001b620   _DSK6713_LED_toggle
0001a874   _DSK6713_getVersion
0001a4ac   _DSK6713_init
0001a7c8   _DSK6713_rget
0001a7dc   _DSK6713_rset
0000e374   _DSK6713_version
0001a7f0   _DSK6713_wait
0001a848   _DSK6713_waitusec
00014908   _Decoding_Buffer
0002ac10   _Decoding_Buffer_i
000181ec   _EDMA_ISR
0001ba60   _EDMA_allocTable
0001c720   _EDMA_config
0001cfe0   _EDMA_disableChannel
0001d040   _EDMA_enableChannel
0001c420   _EDMA_intAlloc
0001d2a0   _EDMA_intClear
0001d0a0   _EDMA_intEnable
0001d2c0   _EDMA_intTest
0001d1c0   _EDMA_link
0001abe0   _EDMA_open
0001d100   _EDMA_qdmaConfig
0001c080   _EDMA_reset
0002ac30   _ENCODER
000150d8   _Encoding_Buffer
0002ac18   _Encoding_Buffer_i
000215e0   _FXN_F_nop
00020fc8   _FXN_F_run
00021018   _FXN_F_zero
00000000   _GBL_CACHE
0002ab14   _GBL_clkIn
000207a0   _GBL_cslCacheInit
0002ab18   _GBL_freq
00021600   _GBL_getVersion
0002ab10   _GBL_procId
0001bdc8   _GBL_setPLLto225MHz
0002b19c   _HST_A_TABBEG
0002b1d8   _HST_A_TABEND
00005308   _HWI_CFGDISPATCHED
0002ad08   _HWI_D_inhwi
0002acfc   _HWI_D_spsave
0001e540   _HWI_F_dispatch
0000000a   _HWI_INT10
0000000b   _HWI_INT11
0000000c   _HWI_INT12
0000000d   _HWI_INT13
0000000e   _HWI_INT14
0000000f   _HWI_INT15
00000004   _HWI_INT4
00000005   _HWI_INT5
00000006   _HWI_INT6
00000007   _HWI_INT7
00000008   _HWI_INT8
00000009   _HWI_INT9
00000001   _HWI_NMI
00000002   _HWI_RESERVED0
00000003   _HWI_RESERVED1
00000000   _HWI_RESET
00025698   _HWI_STKBOTTOM
000216a0   _HWI_STKTOP
0002acfc   _HWI_data
00021240   _HWI_disable
0002a970   _HWI_dispatchTab
00021258   _HWI_enable
0002126c   _HWI_restore
0002b4e4   _IDL_busyObj
0002b7a4   _IDL_cpuLoad
00021620   _IDL_loop
ffffffff   _IRAM
0001d2e0   _IRQ_clear
0001d200   _IRQ_enable
0001d300   _IRQ_globalEnable
0001b6e0   _IRQ_map
0002ac68   _KNL_alarm
00020660   _KNL_check
0002ac8c   _KNL_curqueue
0002ac7c   _KNL_curtask
0002ac84   _KNL_curtime
0000e08c   _KNL_dummy
000208d4   _KNL_enter
00020880   _KNL_exit
00020738   _KNL_idle
0002aca4   _KNL_idlefxn
0002ac70   _KNL_inactive
00020c00   _KNL_ipost
0002075c   _KNL_max
0002ac90   _KNL_maxqueue
00020cc0   _KNL_post
0002ac80   _KNL_prevtask
0002ac74   _KNL_priority
0000dfec   _KNL_queues
0001ed40   _KNL_run
0001fe40   _KNL_saveIsrFrame
0002ac78   _KNL_set
0002ac6c   _KNL_setpri
0002af98   _KNL_swi
0002ac88   _KNL_swiptr
0001ff0c   _KNL_switch
0002ac98   _KNL_tcreatefxn
0002ac9c   _KNL_tdeletefxn
0001f7c0   _KNL_tick
0002aca0   _KNL_treadyfxn
0002ac94   _KNL_tswitchfxn
0002ac60   _KNL_wFlag
0002ac64   _KNL_wList
00020db0   _LCK_pend
00020d80   _LCK_post
0002b7a8   _LNK_dataPump
0002ad18   _LNK_dspFrameReadyMask
0002ad14   _LNK_dspFrameRequestMask
0002ad20   _LNK_readDone
0002ad24   _LNK_readFail
0002ad1c   _LNK_readPend
0002ad28   _LNK_writeFail
0002b77c   _LOG_A_TABBEG
0002b794   _LOG_A_TABEND
00000001   _LOG_A_TABLEN
0002aa7c   _LOG_D_system
000210c0   _LOG_event
0002b77c   _LOG_system
0001cc40   _MCBSP_close
0001cce0   _MCBSP_config
0001d320   _MCBSP_getRcvAddr
0001d340   _MCBSP_getXmtAddr
0001c520   _MCBSP_open
0001bc00   _MCBSP_reset
0001c620   _MCBSP_start
0001d360   _MCBSP_write
0001d380   _MCBSP_xrdy
0002ad64   _MEM
0002ab1c   _MEM_D_NUMSEGMENTS
0002ab24   _MEM_D_freelist
0002ab28   _MEM_D_lockaddr
0002ab20   _MEM_D_memtab
0002ab2c   _MEM_D_unlockaddr
00029ae0   _MEM_init
0002acd4   _MEM_memtab
80008000   _MySinus
800080dc   _MySound
00029d00   _OBJ_init
0000e158   _OBJ_segtab
0000e120   _OBJ_table
0002b4f0   _PIP_A_TABBEG
0002b5b8   _PIP_A_TABEND
0002aabc   _PRD_D_tick
0002b75c   _PRD_Sek
00017978   _PRD_clock
0002af6c   _PRD_swi
0002b7ac   _RTA_dispatcher
0002b1a0   _RTA_fromHost
0002b1bc   _RTA_toHost
00029d20   _RTDX_Buffer
0002a12c   _RTDX_Buffer_End
00029640   _RTDX_Buffer_Initialize
00029780   _RTDX_Buffer_Read
000296a0   _RTDX_Buffer_ReadCB
00029700   _RTDX_Buffer_Size
0002a128   _RTDX_Buffer_Start
000297a0   _RTDX_Buffer_Write
00028d60   _RTDX_Buffer_WriteCB
00029740   _RTDX_Final_RT_Monitor
000295c0   _RTDX_Init_RT_Monitor
00000002   _RTDX_JTAGONLY
000297e0   _RTDX_Mask_IER
000293a0   _RTDX_Mon_Queue
00028960   _RTDX_Poll
00000000   _RTDX_interrupt_mask
0002a13c   _RTDX_writing
000121f8   _Ringbuffer_Audio_out
0002ace0   _SDRAM
80000000   _SDRAM_base
00008000   _SDRAM_length
0002b73c   _SEM_LEDToggle
00021300   _SEM_pend
000212a0   _SEM_pendBinary
0001f2c0   _SEM_pendEnterKnl
00020a40   _SEM_post
00020a40   _SEM_postBinary
00020960   _SEM_postEnterKnl
0002b400   _STS_A_TABBEG
0002b4f0   _STS_A_TABEND
00021178   _STS_add
00021140   _STS_delta
000211a4   _STS_reset
00021640   _STS_set
0002b074   _SWI_ADC_In_Ping
0002b0a0   _SWI_ADC_In_Pong
0002b01c   _SWI_ADC_Out_Ping
0002b048   _SWI_ADC_Out_Pong
0002afc4   _SWI_BSPLink_In_Ping
0002aff0   _SWI_BSPLink_In_Pong
0002b0cc   _SWI_BSPLink_Out_Ping
0002b0f8   _SWI_BSPLink_Out_Pong
0002ab54   _SWI_D_curfxn
0002ab44   _SWI_D_curmask
0002ab48   _SWI_D_curset
0002ab40   _SWI_D_execaddr
0002ab5c   _SWI_D_inswi
0002ab4c   _SWI_D_lock
0002ab58   _SWI_D_rdybeg
0002ab3c   _SWI_D_runaddr
0002b124   _SWI_Decode_Buffer
00019c50   _SWI_LEDToggle
0002ab3c   _SWI_data
00021360   _SWI_disable
00021388   _SWI_enable
0001e070   _SWI_post
0002ab30   _SYS
0002ad6c   _SYS_PUTCBEG
0002af6b   _SYS_PUTCEND
000213c0   _SYS_abort
00020e40   _SYS_exit
0000e320   _SYS_exitStack
0002ad50   _SYS_exitStackPtr
0002ad54   _SYS_exitStackTop
0001c1c0   _TIMER_open
0001c300   _TIMER_reset
0002b7d8   _TRC_R_mask
0002ad44   _TSK
0000e0c4   _TSK_ATTRS
0002b624   _TSK_LEDTOGGLE
0000e0e0   _TSK_config
000201c0   _TSK_exit
0002b5c4   _TSK_idle
00029c80   _TSK_init
0002ad3c   _TSK_nTasks
0002ad40   _TSK_pid
0001fc40   _TSK_setup
000205a0   _TSK_startup
0000e100   _TSK_timerSem
00021560   _UTL_doAbort
00021660   _UTL_doError
00021420   _UTL_doPutc
00021680   _UTL_halt
00020190   __CLK_lat1beg
000201bc   __CLK_lat1end
0001b2e0   __CSL_init
0001de54   __GBL_setL2CacheMode
0002ab38   __HOOK_NUMHOOKS
0002ab34   __HOOK_knlId
0001e540   __HWI_lat1beg
0001e6c0   __HWI_lat1end
0001e6c0   __HWI_lat2beg
0001e860   __HWI_lat2end1
0001e7ec   __HWI_lat2end2
0001e880   __HWI_lat3beg
0001e980   __HWI_lat3end1
0001e81c   __HWI_lat3end2
00021040   __IDL_lat1beg
00021090   __IDL_lat1end
0000dfe4   __IRQ_dispatchTable
0000df20   __IRQ_eventTable
0001d400   __IRQ_hookFetchPacket
0001cd80   __IRQ_init
0000dfa4   __IRQ_intTable
000206b0   __KNL_lat1beg
00020738   __KNL_lat1end
000210c0   __LOG_lat1beg
0000e298   __MCBSP_hDev0
0000e29c   __MCBSP_hDev1
0000e1f0   __MEM_mutex
0001f0b8   __RTA_lat1beg
0001f0f0   __RTA_lat1end
0001fa20   __SEM_dopost
000256a0   __STACK_END
00004000   __STACK_SIZE
0001e1ac   __SWI_lat1beg
0001e260   __SWI_lat1end
0001e264   __SWI_lat2beg
0001e2d4   __SWI_lat2end
0001e000   __SWI_lat3beg
0001e06c   __SWI_lat3end
0000e2fc   __TIMER_deviceTable
0000e31c   __TIMER_hBios
0000e314   __TIMER_hDev0
0000e318   __TIMER_hDev1
0000e1c8   __TSK_mutex
0000e364   ___TI_enable_exit_profile_output
ffffffff   ___TI_pprof_out_hndl
ffffffff   ___TI_prof_data_size
ffffffff   ___TI_prof_data_start
0001d240   ___add_dtor
0000dd70   ___atexit_func_id__
ffffffff   ___binit__
0002a970   ___bss__
ffffffff   ___c_args__
000256a0   ___cinit__
00000000   ___data__
00000000   ___edata__
0002ad6c   ___end__
0001d420   ___etext__
00028954   ___pinit__
00017980   ___text__
00020360   __auto_init
0000e35c   __cleanup_ptr
0001a8e0   __divf
0000e360   __dtors_ptr
0001ce20   __fltlif
0001d160   __fltulf
0000e368   __lock
0001d3a0   __nop
0001c800   __nround
0001d3c0   __register_lock
0001d3e0   __register_unlock
000216a0   __stack
0001c8e0   __strasg
0000e36c   __unlock
0001c9c0   _atexit
0000a6c0   _b_dec
00003948   _b_enc
00029bc0   _c_int00
0001bf20   _call_dtors
0002ac28   _configComplete
0000e238   _configEDMABSPLinkRcv
0000e250   _configEDMABSPLinkXmt
00000220   _configEDMARcv
00000238   _configEDMAXmt
00017bb4   _config_AIC23_EDMA
00019d60   _config_BSPLink
00019ed8   _config_BSPLink_EDMA
00018158   _config_interrupts
0002ac1d   _dataDetected
00000200   _datainterface_config
0002abd8   _debug_buff_i
00000250   _debug_denum
00018920   _decode_buffer
0002ac14   _decoding_buff_valid
0002ac38   _den_f
0000e370   _dtors
00007010   _e_dec
00000298   _e_enc
00018fac   _encode_audio_data
0002ac1c   _encoding_buff_valid
000198ec   _framing_link_data
0002acac   _hEdmaBSPLinkRcv
0002acb0   _hEdmaBSPLinkRcvRelPing
0002acb4   _hEdmaBSPLinkRcvRelPong
0002acb8   _hEdmaBSPLinkXmt
0002acbc   _hEdmaBSPLinkXmtRelPing
0002acc0   _hEdmaBSPLinkXmtRelPong
0002abe0   _hEdmaRcv
0002abe4   _hEdmaRcvRelPing
0002abe8   _hEdmaRcvRelPong
0002abec   _hEdmaXmt
0002abf0   _hEdmaXmtRelPing
0002abf4   _hEdmaXmtRelPong
0002abdc   _hMcbsp_AIC23
0002ad68   _hMcbsp_AIC23_Config
0002aca8   _hMcbsp_Link
000179c8   _main
0001ae60   _memcpy
0001caa0   _modf
0002ac3c   _num_f
00019b98   _read_buffer_audio_out
0002ac08   _ringbuff_audio_out_read_i
0002ac0c   _ringbuff_audio_out_write_i
0002ac24   _ringbuffer_in_ready
0002ad34   _rtdxNullChanCnt
0002ad38   _rtdxNullFuncCnt
0002a130   _rtdx_buffer_state
0002a150   _rtdx_mon_state
0002ac20   _soundBuffer_i
0002ac2c   _t_reg
0000e188   _tccAllocTable
0002acc4   _tccBSPLinkRcvPing
0002acc8   _tccBSPLinkRcvPong
0002accc   _tccBSPLinkXmtPing
0002acd0   _tccBSPLinkXmtPong
0002abf8   _tccRcvPing
0002abfc   _tccRcvPong
0002ac00   _tccXmtPing
0002ac04   _tccXmtPong
0002ac26   _time_cnt
00019c7c   _tsk_led_toggle
0001bda0   _wait500nS
00019a38   _write_decoding_buffer
00006ff8   _y_dec
00000280   _y_enc
ffffffff   binit
000256a0   cinit
00000000   edata
0002ad6c   end
0001d420   etext
00000000   hwi0
00000020   hwi1
00000140   hwi10
00000160   hwi11
00000180   hwi12
000001a0   hwi13
000001c0   hwi14
000001e0   hwi15
00000040   hwi2
00000060   hwi3
00000080   hwi4
000000a0   hwi5
000000c0   hwi6
000000e0   hwi7
00000100   hwi8
00000120   hwi9
00028954   pinit


GLOBAL SYMBOLS: SORTED BY Symbol Address 

address    name
--------   ----
00000000   .data
00000000   BUF$
00000000   CLK_COUNTSPMSHIGH
00000000   CLK_PRDHIGH
00000000   CLK_TDDR
00000000   CLK_TDDRHIGH
00000000   CLK_TIMERNUM
00000000   DEV$
00000000   DGN$
00000000   DHL$
00000000   DHL_gChannelsAvailable
00000000   DIO$
00000000   DIO_NUMSWIBASE
00000000   DIO_NUMTSKBASE
00000000   DIO_STATIC
00000000   DPI$
00000000   GBL_BIGENDIAN
00000000   GBL_C641XL2PRIORITY
00000000   GBL_CACHE
00000000   GBL_L2CONFIGALLOC
00000000   GBL_L2MARMASK1
00000000   GBL_L2MARMASK2
00000000   GBL_L2MARMASK3
00000000   GBL_L2MARMASK4
00000000   GBL_L2MARMASK5
00000000   GBL_L2MODE
00000000   GBL_L2PRIORITY
00000000   GBL_NULL
00000000   GBL_PROCID
00000000   GBL_ROM
00000000   GBL_SUPPORTCSL
00000000   GIO$
00000000   HOOK$
00000000   HOOK_KNLID
00000000   HST_DSM
00000000   HST_NONE
00000000   HWI_A_VECS
00000000   HWI_GENERATE_RESET_VEC
00000000   HWI_INT10$hwi
00000000   HWI_INT11$hwi
00000000   HWI_INT12$hwi
00000000   HWI_INT13$hwi
00000000   HWI_INT14$hwi
00000000   HWI_INT15$hwi
00000000   HWI_INT4$hwi
00000000   HWI_INT5$hwi
00000000   HWI_INT6$hwi
00000000   HWI_INT7$hwi
00000000   HWI_INT8$hwi
00000000   HWI_INT9$hwi
00000000   HWI_NMI$hwi
00000000   HWI_POLARITYMASK
00000000   HWI_RESERVED0$hwi
00000000   HWI_RESERVED1$hwi
00000000   HWI_RESET
00000000   HWI_RESET$hwi
00000000   IDL_busyObj$iB
00000000   IDL_busyObj$operation
00000000   KNL_swi$pri
00000000   KNL_swi$sts$unittype
00000000   KNL_swi$swi
00000000   LOG_system$datatype
00000000   LOG_system$log
00000000   MBX$
00000000   MEM_NULL
00000000   MEM_USEMPC
00000000   MSGQ$
00000000   MSGQ_USEMSGQ
00000000   OBJ$
00000000   PIP$
00000000   PIP_gNextId
00000000   POOL$
00000000   POOL_USEPOOL
00000000   PRD_Sek$mode
00000000   PRD_Sek$prd
00000000   PRD_Sek$sts$filter
00000000   PRD_swi$sts$unittype
00000000   PRD_swi$swi
00000000   RTA_fromHost$hst
00000000   RTA_fromHost$mode
00000000   RTA_toHost$hst
00000000   RTA_toHost$id
00000000   RTDX_MODE
00000000   RTDX_USERTEXECUTION
00000000   SIO$
00000000   SWI_ADC_In_Ping$sts$unittype
00000000   SWI_ADC_In_Ping$swi
00000000   SWI_ADC_In_Pong$sts$unittype
00000000   SWI_ADC_In_Pong$swi
00000000   SWI_ADC_Out_Ping$sts$unittype
00000000   SWI_ADC_Out_Ping$swi
00000000   SWI_ADC_Out_Pong$sts$unittype
00000000   SWI_ADC_Out_Pong$swi
00000000   SWI_BSPLink_In_Ping$sts$unittype
00000000   SWI_BSPLink_In_Ping$swi
00000000   SWI_BSPLink_In_Pong$sts$unittype
00000000   SWI_BSPLink_In_Pong$swi
00000000   SWI_BSPLink_Out_Ping$sts$unittype
00000000   SWI_BSPLink_Out_Ping$swi
00000000   SWI_BSPLink_Out_Pong$sts$unittype
00000000   SWI_BSPLink_Out_Pong$swi
00000000   SWI_Decode_Buffer$sts$unittype
00000000   SWI_Decode_Buffer$swi
00000000   SWI_EHOOKFXN
00000000   SWI_IHOOKFXN
00000000   TSK_LEDTOGGLE$sts$unittype
00000000   TSK_LEDTOGGLE$tsk
00000000   TSK_NUM_HOOKS
00000000   TSK_READYFXN
00000000   TSK_STACKSEG
00000000   TSK_SWITCHFXN
00000000   TSK_idle$pri
00000000   TSK_idle$sts$unittype
00000000   TSK_idle$tsk
00000000   UDEV$
00000000   _CLK_TDDR
00000000   _CLK_TIMERNUM
00000000   _GBL_CACHE
00000000   _HWI_RESET
00000000   _RTDX_interrupt_mask
00000000   ___data__
00000000   ___edata__
00000000   edata
00000000   hwi0
00000001   BUF_ENABLED
00000001   CLK$
00000001   CLK_CALDIV
00000001   CLK_HTIMEDIV
00000001   CLK_LTIMEDIV
00000001   CLK_USETIMER
00000001   GBL$
00000001   GBL_CALLCSLCFGINIT
00000001   GBL_ENABLEINST
00000001   GBL_L2CONFIGURE
00000001   GBL_L2MARMASK
00000001   GBL_USERINIT
00000001   GBL_boot
00000001   HST$
00000001   HST_RTDX
00000001   HWI$
00000001   HWI_NMI
00000001   HWI_ZEROTAB
00000001   IDL$
00000001   IDL_USECLKIDLTIME
00000001   IDL_busyObj$filter
00000001   IDL_busyObj$iA
00000001   IDL_busyObj$iC
00000001   ISRC$
00000001   KNL_swi$dorta
00000001   KNL_swi$sts$filtmaxmult
00000001   KNL_swi$sts$filtsummult
00000001   LCK$
00000001   LOG$
00000001   LOG_A_TABLEN
00000001   LOG_ENABLED
00000001   MEM$
00000001   MEM_gNumHeap
00000001   PRD$
00000001   PRD_A_TABLEN
00000001   PRD_Sek$ord
00000001   PRD_swi$dorta
00000001   PRD_swi$ord
00000001   PRD_swi$pri
00000001   PRD_swi$sts$filtmaxmult
00000001   PRD_swi$sts$filtsummult
00000001   QUE$
00000001   RTA_fromHost$id
00000001   RTA_toHost$mode
00000001   RTDX$
00000001   RTDX_NORMALIZED_HDR
00000001   RTDX_USERTDX
00000001   SEM$
00000001   STS$
00000001   SWI$
00000001   SWI_ADC_In_Ping$dorta
00000001   SWI_ADC_In_Ping$sts$filtmaxmult
00000001   SWI_ADC_In_Ping$sts$filtsummult
00000001   SWI_ADC_In_Pong$dorta
00000001   SWI_ADC_In_Pong$sts$filtmaxmult
00000001   SWI_ADC_In_Pong$sts$filtsummult
00000001   SWI_ADC_Out_Ping$dorta
00000001   SWI_ADC_Out_Ping$sts$filtmaxmult
00000001   SWI_ADC_Out_Ping$sts$filtsummult
00000001   SWI_ADC_Out_Pong$dorta
00000001   SWI_ADC_Out_Pong$sts$filtmaxmult
00000001   SWI_ADC_Out_Pong$sts$filtsummult
00000001   SWI_BSPLink_In_Ping$dorta
00000001   SWI_BSPLink_In_Ping$sts$filtmaxmult
00000001   SWI_BSPLink_In_Ping$sts$filtsummult
00000001   SWI_BSPLink_In_Pong$dorta
00000001   SWI_BSPLink_In_Pong$sts$filtmaxmult
00000001   SWI_BSPLink_In_Pong$sts$filtsummult
00000001   SWI_BSPLink_Out_Ping$dorta
00000001   SWI_BSPLink_Out_Ping$sts$filtmaxmult
00000001   SWI_BSPLink_Out_Ping$sts$filtsummult
00000001   SWI_BSPLink_Out_Pong$dorta
00000001   SWI_BSPLink_Out_Pong$sts$filtmaxmult
00000001   SWI_BSPLink_Out_Pong$sts$filtsummult
00000001   SWI_Decode_Buffer$dorta
00000001   SWI_Decode_Buffer$sts$filtmaxmult
00000001   SWI_Decode_Buffer$sts$filtsummult
00000001   SYS$
00000001   TSK$
00000001   TSK_LEDTOGGLE$sts$filtmaxmult
00000001   TSK_LEDTOGGLE$sts$filtsummult
00000001   TSK_PRIORITY
00000001   TSK_idle$ord
00000001   TSK_idle$sts$filtmaxmult
00000001   TSK_idle$sts$filtsummult
00000001   _CLK_USETIMER
00000001   _HWI_NMI
00000001   _LOG_A_TABLEN
00000002   HWI_RESERVED0
00000002   IDL_busyObj$unittype
00000002   KNL_swi$ord
00000002   KNL_swi$sts$filter
00000002   PIP_A_TABLEN
00000002   PIP_gNumEmbed
00000002   PRD_Sek$sts$unittype
00000002   PRD_swi$sts$filter
00000002   SWI_ADC_In_Ping$sts$filter
00000002   SWI_ADC_In_Pong$sts$filter
00000002   SWI_ADC_Out_Ping$sts$filter
00000002   SWI_ADC_Out_Pong$sts$filter
00000002   SWI_BSPLink_In_Ping$sts$filter
00000002   SWI_BSPLink_In_Pong$sts$filter
00000002   SWI_BSPLink_Out_Ping$sts$filter
00000002   SWI_BSPLink_Out_Pong$sts$filter
00000002   SWI_Decode_Buffer$sts$filter
00000002   TSK_LEDTOGGLE$pri
00000002   TSK_LEDTOGGLE$sts$filter
00000002   TSK_idle$sts$filter
00000002   _HWI_RESERVED0
00000002   _RTDX_JTAGONLY
00000003   HWI_RESERVED1
00000003   SWI_BSPLink_In_Ping$ord
00000003   SWI_Decode_Buffer$pri
00000003   TSK_LEDTOGGLE$ord
00000003   _HWI_RESERVED1
00000004   CLK_CALMULT
00000004   CLK_HTIMEMULT
00000004   HWI_INT4
00000004   RTA_fromHost$framesize
00000004   SWI_ADC_In_Ping$pri
00000004   SWI_ADC_In_Pong$pri
00000004   SWI_ADC_Out_Ping$pri
00000004   SWI_ADC_Out_Pong$pri
00000004   SWI_BSPLink_In_Pong$ord
00000004   _HWI_INT4
00000005   HWI_INT5
00000005   SWI_ADC_Out_Ping$ord
00000005   _HWI_INT5
00000006   HWI_INT6
00000006   IDL_CALIBRERROR
00000006   SWI_ADC_Out_Pong$ord
00000006   _HWI_INT6
00000007   HWI_INT7
00000007   SWI_ADC_In_Ping$ord
00000007   SWI_BSPLink_In_Pong$pri
00000007   SWI_BSPLink_Out_Pong$pri
00000007   _HWI_INT7
00000008   HWI_INT8
00000008   PRD_SCALAR
00000008   SWI_ADC_In_Pong$ord
00000008   SWI_BSPLink_In_Ping$pri
00000008   SWI_BSPLink_Out_Ping$pri
00000008   _HWI_INT8
00000009   HWI_INT9
00000009   SWI_BSPLink_Out_Ping$ord
00000009   _HWI_INT9
0000000a   HWI_INT10
0000000a   SWI_BSPLink_Out_Pong$ord
0000000a   _HWI_INT10
0000000b   HWI_INT11
0000000b   SWI_A_TABLEN
0000000b   SWI_Decode_Buffer$ord
0000000b   _HWI_INT11
0000000c   HWI_INT12
0000000c   _HWI_INT12
0000000d   HWI_INT13
0000000d   _HWI_INT13
0000000e   HWI_INT14
0000000e   _HWI_INT14
0000000f   HWI_INT15
0000000f   _HWI_INT15
00000020   CLK_TCR
00000020   hwi1
0000003e   GBL_DSPTYPE
00000040   HST_MAXFRAMESET
00000040   LOG_system$size
00000040   RTA_toHost$framesize
00000040   hwi2
00000042   GBL_FOOTPRINT
00000060   hwi3
00000064   PIP_OBJSIZE
00000080   hwi4
000000a0   hwi5
000000c0   hwi6
000000e0   hwi7
000000ff   HST_MAXFRAMEALLOWED
00000100   hwi8
00000120   hwi9
00000140   hwi10
00000160   hwi11
00000180   hwi12
000001a0   hwi13
000001c0   hwi14
000001e0   hwi15
00000200   _datainterface_config
00000220   _configEDMARcv
00000238   _configEDMAXmt
00000250   _debug_denum
00000280   _y_enc
00000298   _e_enc
000003e8   CLK_MICROSECS
000003e8   PRD_Sek$period
00000400   HST_DSMMEMSIZE
00000400   TSK_STACKSIZE
00000408   RTDX_BUFMEMSIZE
00001770   GBL_CLKTYPE
00001a39   GBL_DSPSUBTYPE
00002226   GBL_L2ALLOC
00003948   _b_enc
00004000   CLK_INTBIT
00004000   __STACK_SIZE
00004e20   GBL_CLKIN
00005205   GBL_A_VERSION
00005308   HWI_CFGDISPATCHED
00005308   _HWI_CFGDISPATCHED
00006ff8   _y_dec
00007010   _e_dec
00008000   SDRAM$L
00008000   _SDRAM_length
0000a6c0   _b_dec
0000dbba   CLK_COUNTSPMS
0000dbba   CLK_HTIMEPERLTIME
0000dbba   CLK_PRD
0000dbba   _CLK_COUNTSPMS
0000dbba   _CLK_PRD
0000dbef   GBL_TRCMASKVALUE
0000dd70   ___atexit_func_id__
0000df20   __IRQ_eventTable
0000dfa4   __IRQ_intTable
0000dfe4   __IRQ_dispatchTable
0000dfec   _KNL_queues
0000e08c   _KNL_dummy
0000e0c4   _TSK_ATTRS
0000e0e0   _TSK_config
0000e100   _TSK_timerSem
0000e120   _OBJ_table
0000e158   _OBJ_segtab
0000e188   _tccAllocTable
0000e1c8   __TSK_mutex
0000e1f0   __MEM_mutex
0000e218   _BSPLink_interface_config
0000e238   _configEDMABSPLinkRcv
0000e250   _configEDMABSPLinkXmt
0000e298   __MCBSP_hDev0
0000e29c   __MCBSP_hDev1
0000e2fc   __TIMER_deviceTable
0000e314   __TIMER_hDev0
0000e318   __TIMER_hDev1
0000e31c   __TIMER_hBios
0000e320   _SYS_exitStack
0000e35c   __cleanup_ptr
0000e360   __dtors_ptr
0000e364   ___TI_enable_exit_profile_output
0000e368   __lock
0000e36c   __unlock
0000e370   _dtors
0000e374   _DSK6713_version
0000e378   _AIC_Buffer_in_ping
0000f318   _AIC_Buffer_in_pong
000102b8   _AIC_Buffer_out_ping
00011258   _AIC_Buffer_out_pong
000121f8   _Ringbuffer_Audio_out
00014908   _Decoding_Buffer
000150d8   _Encoding_Buffer
000158a8   _BSPLinkBuffer_in_ping
000160dc   _BSPLinkBuffer_in_pong
00016910   _BSPLinkBuffer_out_ping
00017144   _BSPLinkBuffer_out_pong
00017978   CLK_A_TABBEG
00017978   PRD_clock
00017978   _PRD_clock
0001797c   CLK_null
00017980   .text
00017980   ___text__
000179c8   _main
00017bb4   _config_AIC23_EDMA
00018158   _config_interrupts
000181ec   _EDMA_ISR
00018620   _ADC_Out_Ping
00018660   _ADC_Out_Pong
000186a0   _ADC_In_Ping
000186e0   _ADC_In_Pong
00018720   _BSPLink_In_Ping
00018774   _BSPLink_In_Pong
000187c8   _BSPLink_Out_Ping
00018874   _BSPLink_Out_Pong
00018920   _decode_buffer
00018fac   _encode_audio_data
000198ec   _framing_link_data
00019a38   _write_decoding_buffer
00019b98   _read_buffer_audio_out
00019c50   _SWI_LEDToggle
00019c7c   _tsk_led_toggle
00019d60   _config_BSPLink
00019ed8   _config_BSPLink_EDMA
0001a4ac   _DSK6713_init
0001a7c8   _DSK6713_rget
0001a7dc   _DSK6713_rset
0001a7f0   _DSK6713_wait
0001a848   _DSK6713_waitusec
0001a874   _DSK6713_getVersion
0001a8e0   __divf
0001abe0   _EDMA_open
0001ae60   _memcpy
0001b0a0   _Config_DSK6713_AIC23
0001b2e0   __CSL_init
0001b500   _DSK6713_LED_init
0001b540   _DSK6713_LED_off
0001b5b0   _DSK6713_LED_on
0001b620   _DSK6713_LED_toggle
0001b6e0   _IRQ_map
0001ba60   _EDMA_allocTable
0001bc00   _MCBSP_reset
0001bda0   _wait500nS
0001bdc8   GBL_USERINITFXN
0001bdc8   _GBL_setPLLto225MHz
0001bf20   _call_dtors
0001c080   _EDMA_reset
0001c1c0   _TIMER_open
0001c300   _TIMER_reset
0001c420   _EDMA_intAlloc
0001c520   _MCBSP_open
0001c620   _MCBSP_start
0001c720   _EDMA_config
0001c800   __nround
0001c8e0   __strasg
0001c9c0   _atexit
0001caa0   _modf
0001cc40   _MCBSP_close
0001cce0   _MCBSP_config
0001cd80   __IRQ_init
0001ce20   __fltlif
0001cf60   _DSK6713_DIP_init
0001cf68   _DSK6713_DIP_get
0001cfe0   _EDMA_disableChannel
0001d040   _EDMA_enableChannel
0001d0a0   _EDMA_intEnable
0001d100   _EDMA_qdmaConfig
0001d160   __fltulf
0001d1c0   _EDMA_link
0001d200   _IRQ_enable
0001d240   ___add_dtor
0001d280   _CSL6713_LIB_
0001d2a0   _EDMA_intClear
0001d2c0   _EDMA_intTest
0001d2e0   _IRQ_clear
0001d300   _IRQ_globalEnable
0001d320   _MCBSP_getRcvAddr
0001d340   _MCBSP_getXmtAddr
0001d360   _MCBSP_write
0001d380   _MCBSP_xrdy
0001d3a0   __nop
0001d3c0   __register_lock
0001d3e0   __register_unlock
0001d400   __IRQ_hookFetchPacket
0001d420   LNK_F_checkBufferCall
0001d420   ___etext__
0001d420   etext
0001d440   LNK_F_getChanPtr
0001d498   LNK_F_init
0001d4a0   LNK_F_dataPump
0001d4b4   LNK_rcloop
0001d580   LNK_rdrtry
0001d590   LNK_rrloop
0001d654   LNK_wrrtry
0001d664   LNK_wrloop
0001d740   LNK_newin
0001d880   LNK_newout
0001d9e4   LNK_F_readCallBack
0001de54   __GBL_setL2CacheMode
0001e000   SWI_F_enable
0001e000   __SWI_lat3beg
0001e06c   __SWI_lat3end
0001e070   SWI_F_post
0001e070   _SWI_post
0001e1ac   __SWI_lat1beg
0001e21c   SWI_EXECFXN
0001e21c   SWI_F_exec
0001e248   SWI_F_iexec
0001e260   __SWI_lat1end
0001e264   __SWI_lat2beg
0001e2d4   __SWI_lat2end
0001e2d8   SWI_F_run
0001e2d8   SWI_RUNFXN
0001e540   CLK_HOOKFXN
0001e540   HWI_F_dispatch
0001e540   _HWI_F_dispatch
0001e540   __HWI_lat1beg
0001e6c0   __HWI_lat1end
0001e6c0   __HWI_lat2beg
0001e7ec   __HWI_lat2end2
0001e81c   __HWI_lat3end2
0001e860   __HWI_lat2end1
0001e880   __HWI_lat3beg
0001e980   __HWI_lat3end1
0001e9a0   PRD_F_swi
0001ec60   PRD_F_tick
0001ed40   _KNL_run
0001f000   RTA_F_getlog
0001f044   RTA_F_getsts
0001f08c   RTA_F_readblk
0001f0ac   RTA_F_writeword
0001f0b8   RTA_F_resetmem
0001f0b8   __RTA_lat1beg
0001f0f0   __RTA_lat1end
0001f0f8   RTA_F_dispatch
0001f148   RTA_execute
0001f2c0   _SEM_pendEnterKnl
0001f7c0   PRD_THOOKFXN
0001f7c0   _KNL_tick
0001f7e0   PIP_F_take
0001f874   PIP_F_give
0001f874   PIP_F_probe
0001f948   PIP_F_start
0001fa20   __SEM_dopost
0001fc40   _TSK_setup
0001fe40   _KNL_saveIsrFrame
0001ff0c   _KNL_switch
0001ffc0   KNL_glue
00020000   CLK_F_getltime
00020014   CLK_F_isr
00020174   CLK_F_itime
00020174   _CLK_F_itime
00020174   _CLK_itime
00020190   __CLK_lat1beg
000201bc   __CLK_lat1end
000201c0   _TSK_exit
00020360   __auto_init
000205a0   _TSK_startup
00020660   _KNL_check
000206b0   __KNL_lat1beg
00020738   _KNL_idle
00020738   __KNL_lat1end
0002075c   _KNL_max
000207a0   _GBL_cslCacheInit
00020880   _KNL_exit
000208d4   _KNL_enter
00020960   _SEM_postEnterKnl
00020a40   _SEM_post
00020a40   _SEM_postBinary
00020b20   _CLK_measure
00020c00   _KNL_ipost
00020cc0   _KNL_post
00020d80   _LCK_post
00020db0   _LCK_pend
00020e40   _SYS_exit
00020f00   CLK_F_getfhtime
00020f20   CLK_F_gethtime
00020f20   CLK_F_getshtime
00020f20   CLK_TIMEFXN
00020fc0   FXN_F_nop
00020fc8   FXN_F_run
00020fc8   _FXN_F_run
00021018   FXN_F_zero
00021018   _FXN_F_zero
00021040   IDL_F_busy
00021040   __IDL_lat1beg
00021090   __IDL_lat1end
000210c0   LOG_F_event
000210c0   _LOG_event
000210c0   __LOG_lat1beg
00021140   STS_F_delta
00021140   _STS_delta
00021178   STS_F_add
00021178   _STS_add
000211a4   STS_F_reset
000211a4   _STS_reset
000211c0   IDL_F_calibrate
00021240   _HWI_disable
00021258   _HWI_enable
0002126c   _HWI_restore
000212a0   _SEM_pendBinary
00021300   _SEM_pend
00021360   _SWI_disable
00021388   _SWI_enable
000213c0   _SYS_abort
00021420   SYS_PUTCFXN
00021420   _UTL_doPutc
00021480   _CLK_start
000214e0   IDL_CALIBRFXN
000214e0   IDL_F_stub
00021520   RTA_F_andn
00021540   RTA_F_or
00021560   SYS_ABORTFXN
00021560   _UTL_doAbort
000215a0   _CLK_stop
000215e0   GIO_CREATEFXN
000215e0   GIO_DELETEFXN
000215e0   GIO_PENDFXN
000215e0   GIO_POSTFXN
000215e0   TSK_VCREATEFXN
000215e0   TSK_VDELETEFXN
000215e0   TSK_VEXITFXN
000215e0   _FXN_F_nop
00021600   _GBL_getVersion
00021620   IDL_F_loop
00021620   _IDL_loop
00021640   _STS_set
00021660   SYS_ERRORFXN
00021660   _UTL_doError
00021680   SYS_EXITFXN
00021680   _UTL_halt
000216a0   GBL_stackbeg
000216a0   _HWI_STKTOP
000216a0   __stack
00025698   _HWI_STKBOTTOM
0002569f   GBL_stackend
000256a0   __STACK_END
000256a0   ___cinit__
000256a0   cinit
00028954   ___pinit__
00028954   pinit
00028960   _RTDX_Poll
00028d60   _RTDX_Buffer_WriteCB
000293a0   _RTDX_Mon_Queue
000295c0   _RTDX_Init_RT_Monitor
00029640   _RTDX_Buffer_Initialize
000296a0   _RTDX_Buffer_ReadCB
00029700   _RTDX_Buffer_Size
00029740   _RTDX_Final_RT_Monitor
00029780   _RTDX_Buffer_Read
000297a0   _RTDX_Buffer_Write
000297e0   _RTDX_Mask_IER
00029800   BIOS_init
00029800   _BIOS_init
0002997c   BIOS$$CLKON
000299bc   BIOS$$CLKOFF
00029a24   BIOS_start
00029a24   _BIOS_start
00029ae0   _MEM_init
00029bc0   _c_int00
00029c80   _TSK_init
00029d00   _OBJ_init
00029d20   _RTDX_Buffer
0002a128   _RTDX_Buffer_Start
0002a12c   _RTDX_Buffer_End
0002a130   _rtdx_buffer_state
0002a13c   _RTDX_writing
0002a150   _rtdx_mon_state
0002a170   TSK_LEDTOGGLE$stack
0002a508   TSK_LEDTOGGLE$stkptr
0002a570   TSK_idle$stack
0002a908   TSK_idle$stkptr
0002a970   $bss
0002a970   .bss
0002a970   _HWI_dispatchTab
0002a970   ___bss__
0002aa70   IDL_D_tabbeg
0002aa74   IDL_D_calibrate
0002aa78   IDL_D_calbeg
0002aa7c   LOG_D_system
0002aa7c   _LOG_D_system
0002aa80   PIP_D_tabbeg
0002aa84   PIP_D_tablen
0002aa88   CLK_R_time
0002aa8c   CLK_D_timefxn
0002aa90   CLK_D_tabbeg
0002aa94   CLK_D_isrhook
0002aa98   CLK_D_idletime
0002aa9c   _CLK_htimeDiv
0002aaa0   _CLK_htimeMult
0002aaa4   _CLK_ltimeDiv
0002aaa8   _CLK_ltimeMult
0002aaac   _CLK_D_dirty
0002aab0   _CLK_D_prd
0002aab4   _CLK_D_tddr
0002aab8   _CLK_D_countspms
0002aabc   PRD_D_tick
0002aabc   _PRD_D_tick
0002aac0   PRD_D_cur
0002aac4   PRD_D_elapsed
0002aac8   PRD_D_prevtim
0002aacc   PRD_D_scalar
0002aad0   PRD_D_swihandle
0002aad4   PRD_D_tabbeg
0002aad8   PRD_D_tablen
0002aadc   PRD_D_thook
0002aae0   RTA_D_fromHost
0002aae4   RTA_D_toHost
0002aae8   RTA_D_logval
0002aaf8   RTA_D_stsval
0002ab04   HST_D_chanmask
0002ab08   HST_D_tabbeg
0002ab0c   HST_D_tabend
0002ab10   _GBL_procId
0002ab14   _GBL_clkIn
0002ab18   _GBL_freq
0002ab1c   _MEM_D_NUMSEGMENTS
0002ab20   _MEM_D_memtab
0002ab24   _MEM_D_freelist
0002ab28   _MEM_D_lockaddr
0002ab2c   _MEM_D_unlockaddr
0002ab30   _SYS
0002ab34   __HOOK_knlId
0002ab38   __HOOK_NUMHOOKS
0002ab3c   SWI_D_runaddr
0002ab3c   _SWI_D_runaddr
0002ab3c   _SWI_data
0002ab40   SWI_D_execaddr
0002ab40   _SWI_D_execaddr
0002ab44   SWI_D_curmask
0002ab44   _SWI_D_curmask
0002ab48   SWI_D_curset
0002ab48   _SWI_D_curset
0002ab4c   SWI_D_lock
0002ab4c   _SWI_D_lock
0002ab50   SWI_D_curmbox
0002ab54   SWI_D_curfxn
0002ab54   _SWI_D_curfxn
0002ab58   SWI_D_rdybeg
0002ab58   _SWI_D_rdybeg
0002ab5c   SWI_D_inswi
0002ab5c   _SWI_D_inswi
0002ab60   SWI_D_rdytab
0002abd8   _debug_buff_i
0002abdc   _hMcbsp_AIC23
0002abe0   _hEdmaRcv
0002abe4   _hEdmaRcvRelPing
0002abe8   _hEdmaRcvRelPong
0002abec   _hEdmaXmt
0002abf0   _hEdmaXmtRelPing
0002abf4   _hEdmaXmtRelPong
0002abf8   _tccRcvPing
0002abfc   _tccRcvPong
0002ac00   _tccXmtPing
0002ac04   _tccXmtPong
0002ac08   _ringbuff_audio_out_read_i
0002ac0c   _ringbuff_audio_out_write_i
0002ac10   _Decoding_Buffer_i
0002ac14   _decoding_buff_valid
0002ac18   _Encoding_Buffer_i
0002ac1c   _encoding_buff_valid
0002ac1d   _dataDetected
0002ac20   _soundBuffer_i
0002ac24   _ringbuffer_in_ready
0002ac26   _time_cnt
0002ac28   _configComplete
0002ac2c   _t_reg
0002ac30   _ENCODER
0002ac34   _DECODER
0002ac38   _den_f
0002ac3c   _num_f
0002ac60   _KNL_wFlag
0002ac64   _KNL_wList
0002ac68   _KNL_alarm
0002ac6c   _KNL_setpri
0002ac70   _KNL_inactive
0002ac74   _KNL_priority
0002ac78   _KNL_set
0002ac7c   _KNL_curtask
0002ac80   _KNL_prevtask
0002ac84   _KNL_curtime
0002ac88   _KNL_swiptr
0002ac8c   _KNL_curqueue
0002ac90   _KNL_maxqueue
0002ac94   _KNL_tswitchfxn
0002ac98   _KNL_tcreatefxn
0002ac9c   _KNL_tdeletefxn
0002aca0   _KNL_treadyfxn
0002aca4   _KNL_idlefxn
0002aca8   _hMcbsp_Link
0002acac   _hEdmaBSPLinkRcv
0002acb0   _hEdmaBSPLinkRcvRelPing
0002acb4   _hEdmaBSPLinkRcvRelPong
0002acb8   _hEdmaBSPLinkXmt
0002acbc   _hEdmaBSPLinkXmtRelPing
0002acc0   _hEdmaBSPLinkXmtRelPong
0002acc4   _tccBSPLinkRcvPing
0002acc8   _tccBSPLinkRcvPong
0002accc   _tccBSPLinkXmtPing
0002acd0   _tccBSPLinkXmtPong
0002acd4   _MEM_memtab
0002ace0   MEM_MALLOCSEG
0002ace0   MEM_SEGZERO
0002ace0   SDRAM
0002ace0   _SDRAM
0002ace4   RTA_fromHost$pipe$dtab
0002acf0   RTA_toHost$pipe$dtab
0002acfc   HWI_D_spsave
0002acfc   _HWI_D_spsave
0002acfc   _HWI_data
0002ad08   _HWI_D_inhwi
0002ad0c   HWI_D_bss
0002ad10   HWI_D_ccmask
0002ad14   LNK_dspFrameRequestMask
0002ad14   _LNK_dspFrameRequestMask
0002ad18   LNK_dspFrameReadyMask
0002ad18   _LNK_dspFrameReadyMask
0002ad1c   LNK_readPend
0002ad1c   _LNK_readPend
0002ad20   LNK_readDone
0002ad20   _LNK_readDone
0002ad24   LNK_readFail
0002ad24   _LNK_readFail
0002ad28   LNK_writeFail
0002ad28   _LNK_writeFail
0002ad34   _rtdxNullChanCnt
0002ad38   _rtdxNullFuncCnt
0002ad3c   _TSK_nTasks
0002ad40   _TSK_pid
0002ad44   _TSK
0002ad48   _CLK_DFLTMICROSECS
0002ad4c   _CLK_D_microseconds
0002ad50   _SYS_exitStackPtr
0002ad54   _SYS_exitStackTop
0002ad58   _CLK_htimePerLtime
0002ad60   IDL_D_busyObj
0002ad64   _MEM
0002ad68   _hMcbsp_AIC23_Config
0002ad6c   _SYS_PUTCBEG
0002ad6c   ___end__
0002ad6c   end
0002af6b   _SYS_PUTCEND
0002af6c   PRD_SWIHANDLE
0002af6c   PRD_swi
0002af6c   SWI_A_TABBEG
0002af6c   _PRD_swi
0002af98   KNL_swi
0002af98   _KNL_swi
0002afc4   SWI_BSPLink_In_Ping
0002afc4   _SWI_BSPLink_In_Ping
0002aff0   SWI_BSPLink_In_Pong
0002aff0   _SWI_BSPLink_In_Pong
0002b01c   SWI_ADC_Out_Ping
0002b01c   _SWI_ADC_Out_Ping
0002b048   SWI_ADC_Out_Pong
0002b048   _SWI_ADC_Out_Pong
0002b074   SWI_ADC_In_Ping
0002b074   _SWI_ADC_In_Ping
0002b0a0   SWI_ADC_In_Pong
0002b0a0   _SWI_ADC_In_Pong
0002b0cc   SWI_BSPLink_Out_Ping
0002b0cc   _SWI_BSPLink_Out_Ping
0002b0f8   SWI_BSPLink_Out_Pong
0002b0f8   _SWI_BSPLink_Out_Pong
0002b124   SWI_Decode_Buffer
0002b124   _SWI_Decode_Buffer
0002b150   SWI_A_TABEND
0002b19c   HST_A_TABBEG
0002b19c   _HST_A_TABBEG
0002b1a0   RTA_fromHost
0002b1a0   _RTA_fromHost
0002b1a8   RTA_fromHost$rtdx
0002b1bc   RTA_toHost
0002b1bc   _RTA_toHost
0002b1c4   RTA_toHost$rtdx
0002b1d8   HST_A_TABEND
0002b1d8   _HST_A_TABEND
0002b200   LOG_system$buf
0002b300   RTA_toHost$buf
0002b400   PRD_Sek$sts$stsobj
0002b400   STS_A_TABBEG
0002b400   _STS_A_TABBEG
0002b404   PRD_Sek$sts
0002b410   PRD_swi$sts$stsobj
0002b414   PRD_swi$sts
0002b420   KNL_swi$sts$stsobj
0002b424   KNL_swi$sts
0002b430   SWI_BSPLink_In_Ping$sts$stsobj
0002b434   SWI_BSPLink_In_Ping$sts
0002b440   SWI_BSPLink_In_Pong$sts$stsobj
0002b444   SWI_BSPLink_In_Pong$sts
0002b450   SWI_ADC_Out_Ping$sts$stsobj
0002b454   SWI_ADC_Out_Ping$sts
0002b460   SWI_ADC_Out_Pong$sts$stsobj
0002b464   SWI_ADC_Out_Pong$sts
0002b470   SWI_ADC_In_Ping$sts$stsobj
0002b474   SWI_ADC_In_Ping$sts
0002b480   SWI_ADC_In_Pong$sts$stsobj
0002b484   SWI_ADC_In_Pong$sts
0002b490   SWI_BSPLink_Out_Ping$sts$stsobj
0002b494   SWI_BSPLink_Out_Ping$sts
0002b4a0   SWI_BSPLink_Out_Pong$sts$stsobj
0002b4a4   SWI_BSPLink_Out_Pong$sts
0002b4b0   SWI_Decode_Buffer$sts$stsobj
0002b4b4   SWI_Decode_Buffer$sts
0002b4c0   TSK_idle$sts$stsobj
0002b4c4   TSK_idle$sts
0002b4d0   TSK_LEDTOGGLE$sts$stsobj
0002b4d4   TSK_LEDTOGGLE$sts
0002b4e0   IDL_busyObj$stsobj
0002b4e4   IDL_busyObj
0002b4e4   _IDL_busyObj
0002b4f0   PIP_A_TABBEG
0002b4f0   RTA_fromHost$pipe
0002b4f0   STS_A_TABEND
0002b4f0   _PIP_A_TABBEG
0002b4f0   _STS_A_TABEND
0002b4f4   RTA_fromHost$pipe$rd
0002b520   RTA_fromHost$pipe$aaa
0002b524   RTA_fromHost$pipe$wr
0002b550   RTA_fromHost$pipe$bbb
0002b554   RTA_toHost$pipe
0002b558   RTA_toHost$pipe$rd
0002b584   RTA_toHost$pipe$aaa
0002b588   RTA_toHost$pipe$wr
0002b5b4   RTA_toHost$pipe$bbb
0002b5b8   PIP_A_TABEND
0002b5b8   _PIP_A_TABEND
0002b5c4   TSK_idle
0002b5c4   _TSK_idle
0002b624   TSK_LEDTOGGLE
0002b624   _TSK_LEDTOGGLE
0002b72d   PRD_Sek$sts$maxfmt
0002b736   PRD_Sek$sts$sumfmt
0002b73c   SEM_LEDToggle
0002b73c   _SEM_LEDToggle
0002b73f   PRD_Sek$sts$avgfmt
0002b74a   PRD_swi$sts$maxfmt
0002b752   PRD_swi$sts$sumfmt
0002b75a   PRD_swi$sts$avgfmt
0002b75c   PRD_A_TABBEG
0002b75c   PRD_Sek
0002b75c   _PRD_Sek
0002b764   KNL_swi$sts$maxfmt
0002b76c   KNL_swi$sts$sumfmt
0002b774   KNL_swi$sts$avgfmt
0002b778   PRD_Sek$aaa
0002b77c   LOG_A_TABBEG
0002b77c   LOG_system
0002b77c   PRD_A_TABEND
0002b77c   _LOG_A_TABBEG
0002b77c   _LOG_system
0002b77e   SWI_BSPLink_In_Ping$sts$maxfmt
0002b786   SWI_BSPLink_In_Ping$sts$sumfmt
0002b78e   SWI_BSPLink_In_Ping$sts$avgfmt
0002b794   LOG_A_TABEND
0002b794   RTA_fromHost$buf
0002b794   _LOG_A_TABEND
0002b798   SWI_BSPLink_In_Pong$sts$maxfmt
0002b7a0   SWI_BSPLink_In_Pong$sts$sumfmt
0002b7a4   IDL_A_TABBEG
0002b7a4   IDL_cpuLoad
0002b7a4   _IDL_cpuLoad
0002b7a8   LNK_dataPump
0002b7a8   SWI_BSPLink_In_Pong$sts$avgfmt
0002b7a8   _LNK_dataPump
0002b7ac   RTA_dispatcher
0002b7ac   _RTA_dispatcher
0002b7b0   IDL_END
0002b7b2   SWI_ADC_Out_Ping$sts$maxfmt
0002b7b4   IDL_A_CALBEG
0002b7b4   IDL_cpuLoad$
0002b7b8   LNK_dataPump$
0002b7ba   SWI_ADC_Out_Ping$sts$sumfmt
0002b7bc   RTA_dispatcher$
0002b7c0   IDL_END$
0002b7c2   SWI_ADC_Out_Ping$sts$avgfmt
0002b7c4   SYS$config
0002b7cc   SWI_ADC_Out_Pong$sts$maxfmt
0002b7d4   SWI_ADC_Out_Pong$sts$sumfmt
0002b7d4   TRC_cinit
0002b7d8   TRC_R_mask
0002b7d8   _TRC_R_mask
0002b7dc   GBL_initdone
0002b7dc   SWI_ADC_Out_Pong$sts$avgfmt
0002b7e6   SWI_ADC_In_Ping$sts$maxfmt
0002b7ee   SWI_ADC_In_Ping$sts$sumfmt
0002b7f6   SWI_ADC_In_Ping$sts$avgfmt
0002b800   SWI_ADC_In_Pong$sts$maxfmt
0002b808   SWI_ADC_In_Pong$sts$sumfmt
0002b810   SWI_ADC_In_Pong$sts$avgfmt
0002b81a   SWI_BSPLink_Out_Ping$sts$maxfmt
0002b822   SWI_BSPLink_Out_Ping$sts$sumfmt
0002b82a   SWI_BSPLink_Out_Ping$sts$avgfmt
0002b834   SWI_BSPLink_Out_Pong$sts$maxfmt
0002b83c   SWI_BSPLink_Out_Pong$sts$sumfmt
0002b844   SWI_BSPLink_Out_Pong$sts$avgfmt
0002b84e   SWI_Decode_Buffer$sts$maxfmt
0002b856   SWI_Decode_Buffer$sts$sumfmt
0002b85e   SWI_Decode_Buffer$sts$avgfmt
0002b868   TSK_idle$sts$maxfmt
0002b870   TSK_idle$sts$sumfmt
0002b878   TSK_idle$sts$avgfmt
0002b882   TSK_LEDTOGGLE$sts$maxfmt
0002b88a   TSK_LEDTOGGLE$sts$sumfmt
0002b892   TSK_LEDTOGGLE$sts$avgfmt
0002b89c   IDL_busyObj$maxfmt
0002b89f   IDL_busyObj$sumfmt
0002b8a2   IDL_busyObj$avgfmt
00036ee8   CLK_LTIMEMULT
00036ee8   GBL_FREQ
01940000   CLK_REGS
01940000   _CLK_REGS
082039a3   HWI_INTRMULTHIGH
250718a4   HWI_INTRMULTLOW
80000000   SDRAM$B
80000000   _SDRAM_base
80008000   _MySinus
800080dc   _MySound
ffffffff   HST_DSMBUFSEG
ffffffff   IRAM
ffffffff   RTDX_DATAMEMSEG
ffffffff   _IRAM
ffffffff   ___TI_pprof_out_hndl
ffffffff   ___TI_prof_data_size
ffffffff   ___TI_prof_data_start
ffffffff   ___binit__
ffffffff   ___c_args__
ffffffff   binit

[1014 symbols]
