******************************************************************************
               TMS320C6x Linker PC v7.4.14                     
******************************************************************************
>> Linked Wed Jun 15 09:14:57 2016

OUTPUT FILE NAME:   <my_dsp_project.out>
ENTRY POINT SYMBOL: "_c_int00"  address: 00025e80


MEMORY CONFIGURATION

         name            origin    length      used     unused   attr    fill
----------------------  --------  ---------  --------  --------  ----  --------
  IRAM                  00000000   0003e000  00027ac5  0001653b  RWIX
  SDRAM                 80000000   00800000  000080da  007f7f26  RWIX


SECTION ALLOCATION MAP

 output                                  attributes/
section   page    origin      length       input sections
--------  ----  ----------  ----------   ----------------
.data      0    00000000    00000000     UNINITIALIZED

.vers      0    00000000    00000044     COPY SECTION
                  00000000    00000044     my_dsp_projectcfg.obj (.vers)

.hwi_vec   0    00000000    00000200     
                  00000000    00000200     my_dsp_projectcfg.obj (.hwi_vec)

.datenpuffer 
*          0    00000200    00016120     UNINITIALIZED
                  00000200    00014ff0     skeleton.obj (.datenpuffer)
                  000151f0    00001130     config_BSPLink.obj (.datenpuffer)

.text      0    00016320    00004660     
                  00016320    00001680     skeleton.obj (.text)
                  000179a0    00000660     config_BSPLink.obj (.text)
                  00018000    00000480     dsk6713bsl.lib : dsk6713.obj (.text)
                  00018480    00000280     csl6713.lib : csl_edma.obj (.text:_EDMA_open)
                  00018700    00000240     rts6700.lib : memcpy62.obj (.text:_memcpy)
                  00018940    00000240     config_AIC23.obj (.text)
                  00018b80    00000220     csl6713.lib : csl.obj (.text:__CSL_init)
                  00018da0    000001e0     dsk6713bsl.lib : dsk6713_led.obj (.text)
                  00018f80    000001c0     csl6713.lib : csl_irq.obj (.text:_IRQ_map)
                  00019140    000001c0                 : csl_irq.obj (.text:_mux2Tables)
                  00019300    000001a0                 : csl_edma.obj (.text:_EDMA_allocTable)
                  000194a0    000001a0                 : csl_mcbsp.obj (.text:_MCBSP_reset)
                  00019640    00000180     bios.a67 : gbl_cslpllinit62.o67 (.text)
                  000197c0    00000160     rts6700.lib : sinit.obj (.text:_call_dtors)
                  00019920    00000140     csl6713.lib : csl_edma.obj (.text:_EDMA_reset)
                  00019a60    00000140                 : csl_timer.obj (.text:_TIMER_open)
                  00019ba0    00000120                 : csl_timer.obj (.text:_TIMER_reset)
                  00019cc0    00000100                 : csl_edma.obj (.text:_EDMA_intAlloc)
                  00019dc0    00000100                 : csl_mcbsp.obj (.text:_MCBSP_open)
                  00019ec0    00000100                 : csl_mcbsp.obj (.text:_MCBSP_start)
                  00019fc0    000000e0                 : csl_edma.obj (.text:_EDMA_config)
                  0001a0a0    000000e0     rts6700.lib : strasg.obj (.text:__strasg)
                  0001a180    000000e0                 : atexit.obj (.text:_atexit)
                  0001a260    000000c0     bios.a67 : tsk_stup.o67 (.text)
                  0001a320    000000a0     csl6713.lib : csl_mcbsp.obj (.text:_MCBSP_close)
                  0001a3c0    000000a0                 : csl_mcbsp.obj (.text:_MCBSP_config)
                  0001a460    000000a0                 : csl_irq.obj (.text:__IRQ_init)
                  0001a500    000000a0                 : csl_irq.obj (.text:_setMux)
                  0001a5a0    00000060                 : csl_edma.obj (.text:_EDMA_disableChannel)
                  0001a600    00000060                 : csl_edma.obj (.text:_EDMA_enableChannel)
                  0001a660    00000060                 : csl_edma.obj (.text:_EDMA_intEnable)
                  0001a6c0    00000060                 : csl_edma.obj (.text:_EDMA_qdmaConfig)
                  0001a720    00000040                 : csl_edma.obj (.text:_EDMA_link)
                  0001a760    00000040                 : csl_irq.obj (.text:_IRQ_enable)
                  0001a7a0    00000040     rts6700.lib : sinit.obj (.text:___add_dtor)
                  0001a7e0    00000020     csl6713.lib : csl.obj (.text:_CSL6713_LIB_)
                  0001a800    00000020                 : csl_edma.obj (.text:_EDMA_intClear)
                  0001a820    00000020                 : csl_edma.obj (.text:_EDMA_intTest)
                  0001a840    00000020                 : csl_irq.obj (.text:_IRQ_clear)
                  0001a860    00000020                 : csl_irq.obj (.text:_IRQ_globalEnable)
                  0001a880    00000020                 : csl_mcbsp.obj (.text:_MCBSP_getRcvAddr)
                  0001a8a0    00000020                 : csl_mcbsp.obj (.text:_MCBSP_getXmtAddr)
                  0001a8c0    00000020                 : csl_mcbsp.obj (.text:_MCBSP_write)
                  0001a8e0    00000020                 : csl_mcbsp.obj (.text:_MCBSP_xrdy)
                  0001a900    00000020     rts6700.lib : _lock.obj (.text:__nop)
                  0001a920    00000020                 : _lock.obj (.text:__register_lock)
                  0001a940    00000020                 : _lock.obj (.text:__register_unlock)
                  0001a960    00000020     csl6713.lib : csl_irq.obj (.text)

.bios      0    0001a980    00004280     
                  0001a980    00000600     lnkrtdx.a67 : rtdx.o67 (.bios)
                  0001af80    000005e0     bios.a67 : gbl_setL2CacheMode.o67 (.bios)
                  0001b560    00000540              : swi.o67 (.bios)
                  0001baa0    00000460              : hwi_disp_asm.o67 (.bios)
                  0001bf00    000003a0              : prd.o67 (.bios)
                  0001c2a0    000002c0              : knl_run.o67 (.bios)
                  0001c560    000002c0              : rta.o67 (.bios)
                  0001c820    000002c0              : sem_pend.o67 (.bios)
                  0001cae0    00000260              : knl_tick.o67 (.bios)
                  0001cd40    00000240              : pip.o67 (.bios)
                  0001cf80    00000220              : sem_dopo.o67 (.bios)
                  0001d1a0    00000200              : tsk_setu.o67 (.bios)
                  0001d3a0    000001c0              : knl_swit.o67 (.bios)
                  0001d560    000001c0     biosC6000.a67 : clk.o67 (.bios)
                  0001d720    000001a0     bios.a67 : tsk_exit.o67 (.bios)
                  0001d8c0    00000180              : autoinit.o67 (.bios)
                  0001da40    00000180              : tsk_stup.o67 (.bios)
                  0001dbc0    00000140              : knl_chec.o67 (.bios)
                  0001dd00    000000e0              : gbl_cslcacheinit.o67 (.bios)
                  0001dde0    000000e0              : knl_exit.o67 (.bios)
                  0001dec0    000000e0              : sem_post.o67 (.bios)
                  0001dfa0    000000e0              : sem_post_asm.o67 (.bios)
                  0001e080    000000e0     biosC6000.a67 : clk_meas.o67 (.bios)
                  0001e160    000000c0     bios.a67 : knl_ipos.o67 (.bios)
                  0001e220    000000c0              : knl_post.o67 (.bios)
                  0001e2e0    000000c0              : lck.o67 (.bios)
                  0001e3a0    000000c0              : sys_exit.o67 (.bios)
                  0001e460    000000c0     biosC6000.a67 : clk_htime.o67 (.bios)
                  0001e520    00000080     bios.a67 : fxn.o67 (.bios)
                  0001e5a0    00000080              : idl_busy.o67 (.bios)
                  0001e620    00000080              : log.o67 (.bios)
                  0001e6a0    00000080              : sts.o67 (.bios)
                  0001e720    00000080     biosC6000.a67 : idl_cal.o67 (.bios)
                  0001e7a0    00000060     bios.a67 : hwi_c.o67 (.bios)
                  0001e800    00000060              : sem_pend_binary.o67 (.bios)
                  0001e860    00000060              : sem_pend_counting.o67 (.bios)
                  0001e8c0    00000060              : swi_disable.o67 (.bios)
                  0001e920    00000060              : sys_abor.o67 (.bios)
                  0001e980    00000060              : utl_putc.o67 (.bios)
                  0001e9e0    00000060     biosC6000.a67 : clk_start.o67 (.bios)
                  0001ea40    00000040     bios.a67 : idl_stub.o67 (.bios)
                  0001ea80    00000040              : rta_andn.o67 (.bios)
                  0001eac0    00000040              : utl_doab.o67 (.bios)
                  0001eb00    00000040     biosC6000.a67 : clk_stop.o67 (.bios)
                  0001eb40    00000020     bios.a67 : fxn_c.o67 (.bios)
                  0001eb60    00000020              : gbl_vers.o67 (.bios)
                  0001eb80    00000020              : idl.o67 (.bios)
                  0001eba0    00000020              : sts_set.o67 (.bios)
                  0001ebc0    00000020              : utl_doer.o67 (.bios)
                  0001ebe0    00000020              : utl_halt.o67 (.bios)

.stack     0    0001ec00    00004000     UNINITIALIZED
                  0001ec00    00004000     --HOLE--

.cinit     0    00022c00    000019a4     
                  00022c00    00000b74     my_dsp_projectcfg.obj (.cinit)
                  00023774    00000004     --HOLE-- [fill = 0]
                  00023778    000002bc     skeleton.obj (.cinit)
                  00023a34    00000004     --HOLE-- [fill = 0]
                  00023a38    0000026c     bios.a67 : biosdata.o67 (.cinit)
                  00023ca4    00000004     --HOLE-- [fill = 0]
                  00023ca8    000001a4              : knl.o67 (.cinit)
                  00023e4c    00000004     --HOLE-- [fill = 0]
                  00023e50    0000012c     csl6713.lib : csl_irq.obj (.cinit)
                  00023f7c    00000004     --HOLE-- [fill = 0]
                  00023f80    000000b0     bios.a67 : swi.o67 (.cinit)
                  00024030    00000080              : tsk.o67 (.cinit)
                  000240b0    00000078     config_BSPLink.obj (.cinit)
                  00024128    00000070     csl6713.lib : csl_edma.obj (.cinit)
                  00024198    00000060     bios.a67 : tsk_stup.o67 (.cinit)
                  000241f8    0000005c     lnkrtdx.a67 : rtdx.o67 (.cinit)
                  00024254    00000004     --HOLE-- [fill = 0]
                  00024258    00000054     csl6713.lib : csl_mcbsp.obj (.cinit)
                  000242ac    00000004     --HOLE-- [fill = 0]
                  000242b0    0000004c     bios.a67 : rta.o67 (.cinit)
                  000242fc    00000004     --HOLE-- [fill = 0]
                  00024300    0000004c     csl6713.lib : csl_timer.obj (.cinit)
                  0002434c    00000004     --HOLE-- [fill = 0]
                  00024350    0000004c     rtdx.lib : buffer1.o62 (.cinit)
                  0002439c    00000004     --HOLE-- [fill = 0]
                  000243a0    00000048     config_AIC23.obj (.cinit)
                  000243e8    0000003c     csl6713.lib : csl.obj (.cinit)
                  00024424    00000004     --HOLE-- [fill = 0]
                  00024428    00000034     bios.a67 : hwi.o67 (.cinit)
                  0002445c    00000004     --HOLE-- [fill = 0]
                  00024460    0000002c              : utl_putc.o67 (.cinit)
                  0002448c    00000004     --HOLE-- [fill = 0]
                  00024490    0000002c     rts6700.lib : exit.obj (.cinit)
                  000244bc    00000004     --HOLE-- [fill = 0]
                  000244c0    00000024     bios.a67 : obj_init.o67 (.cinit)
                  000244e4    00000004     --HOLE-- [fill = 0]
                  000244e8    0000001c              : sys.o67 (.cinit)
                  00024504    00000004     --HOLE-- [fill = 0]
                  00024508    0000001c     rts6700.lib : _lock.obj (.cinit)
                  00024524    00000004     --HOLE-- [fill = 0]
                  00024528    0000001c                 : atexit.obj (.cinit)
                  00024544    00000004     --HOLE-- [fill = 0]
                  00024548    00000018     bios.a67 : knl_tick.o67 (.cinit)
                  00024560    0000000c              : gbl_setL2CacheMode.o67 (.cinit)
                  0002456c    00000004     --HOLE-- [fill = 0]
                  00024570    0000000c              : idl_busy.o67 (.cinit)
                  0002457c    00000004     --HOLE-- [fill = 0]
                  00024580    0000000c              : knl_swit.o67 (.cinit)
                  0002458c    00000004     --HOLE-- [fill = 0]
                  00024590    0000000c     rts6700.lib : sinit.obj (.cinit)
                  0002459c    00000004     --HOLE-- [fill = 0]
                  000245a0    00000004     (.pad.cinit) [fill = 0]

.log       0    000245a4    00000018     
                  000245a4    00000018     my_dsp_projectcfg.obj (.log)

.args      0    000245bc    00000004     
                  000245bc    00000004     --HOLE-- [fill = 0]

.rtdx_text 
*          0    000245c0    00000ea0     
                  000245c0    00000400     rtdx.lib : rtdx_mon.o62 (.rtdx_text:_RTDX_Poll)
                  000249c0    00000340              : buffer1.o62 (.rtdx_text:_RTDX_Buffer_WriteCB)
                  00024d00    00000300              : buffer1.o62 (.rtdx_text:_RTDX_write_next)
                  00025000    00000140              : rtdx_mon.o62 (.rtdx_text:_RTDX_Mon_Queue)
                  00025140    000000e0              : buffer1.o62 (.rtdx_text:_claim)
                  00025220    00000080              : rtdx_mon.o62 (.rtdx_text:_RTDX_Init_RT_Monitor)
                  000252a0    00000060              : buffer1.o62 (.rtdx_text:_RTDX_Buffer_Initialize)
                  00025300    00000060              : buffer2.o62 (.rtdx_text:_RTDX_Buffer_ReadCB)
                  00025360    00000040              : buffer1.o62 (.rtdx_text:_RTDX_Buffer_Size)
                  000253a0    00000040              : rtdx_mon.o62 (.rtdx_text:_RTDX_Final_RT_Monitor)
                  000253e0    00000020              : buffer2.o62 (.rtdx_text:_RTDX_Buffer_Read)
                  00025400    00000020              : buffer1.o62 (.rtdx_text:_RTDX_Buffer_Write)
                  00025420    00000020              : rtdx_mon.o62 (.rtdx_text:_RTDX_checksum)
                  00025440    00000020              : intr_tgt.o62 (.rtdx_text)

.far       0    00025460    00000658     UNINITIALIZED
                  00025460    00000188     rts6700.lib : atexit.obj (.far)
                  000255e8    000000f4     csl6713.lib : csl_irq.obj (.far)
                  000256dc    000000d8     bios.a67 : knl.o67 (.far)
                  000257b4    0000005c              : tsk.o67 (.far)
                  00025810    00000054              : obj_init.o67 (.far)
                  00025864    00000054     csl6713.lib : csl_edma.obj (.far)
                  000258b8    00000050     bios.a67 : tsk_stup.o67 (.far)
                  00025908    00000050     config_BSPLink.obj (.far)
                  00025958    00000050     skeleton.obj (.far)
                  000259a8    00000038     csl6713.lib : csl_mcbsp.obj (.far)
                  000259e0    00000034     config_AIC23.obj (.far)
                  00025a14    00000028     csl6713.lib : csl.obj (.far)
                  00025a3c    00000024                 : csl_timer.obj (.far)
                  00025a60    00000020     bios.a67 : sys.o67 (.far)
                  00025a80    00000010              : knl_tick.o67 (.far)
                  00025a90    0000000c              : utl_putc.o67 (.far)
                  00025a9c    0000000c     rts6700.lib : exit.obj (.far)
                  00025aa8    00000008                 : _lock.obj (.far)
                  00025ab0    00000004                 : sinit.obj (.far)
                  00025ab4    00000002     dsk6713bsl.lib : dsk6713.obj (.far)
                  00025ab6    00000002                    : dsk6713_led.obj (.far)

.clk       0    00025ab8    00000008     UNINITIALIZED
                  00025ab8    00000008     my_dsp_projectcfg.obj (.clk)

.sysinit   0    00025ac0    00000520     
                  00025ac0    000002e0     my_dsp_projectcfg.obj (.sysinit)
                  00025da0    000000e0     bios.a67 : mem_init.o67 (.sysinit)
                  00025e80    000000c0              : boot.o67 (.sysinit)
                  00025f40    00000080              : tsk_init.o67 (.sysinit)
                  00025fc0    00000020              : obj_init.o67 (.sysinit)

.rtdx_data 
*          0    00025fe0    0000044c     UNINITIALIZED
                  00025fe0    00000410     my_dsp_projectcfg.obj (.rtdx_data)
                  000263f0    00000020     rtdx.lib : buffer1.o62 (.rtdx_data)
                  00026410    0000001c              : rtdx_mon.o62 (.rtdx_data)

.mem       0    0002642c    00000004     UNINITIALIZED
                  0002642c    00000004     my_dsp_projectcfg.obj (.mem)

.TSK_LEDTOGGLE$stk 
*          0    00026430    00000400     UNINITIALIZED
                  00026430    00000400     my_dsp_projectcfg.obj (.TSK_LEDTOGGLE$stk)

.TSK_idle$stk 
*          0    00026830    00000400     UNINITIALIZED
                  00026830    00000400     my_dsp_projectcfg.obj (.TSK_idle$stk)

.bss       0    00026c30    000003f4     UNINITIALIZED
                  00026c30    00000100     bios.a67 : hwi_disp_asm.o67 (.bss)
                  00026d30    000000cc              : biosdata.o67 (.bss)
                  00026dfc    0000009c              : swi.o67 (.bss)
                  00026e98    00000080     skeleton.obj (.bss)
                  00026f18    00000048     bios.a67 : knl.o67 (.bss)
                  00026f60    0000002c     config_BSPLink.obj (.bss)
                  00026f8c    00000028     my_dsp_projectcfg.obj (.bss)
                  00026fb4    00000018     bios.a67 : hwi.o67 (.bss)
                  00026fcc    00000018     lnkrtdx.a67 : rtdx.o67 (.bss)
                  00026fe4    00000010     rtdx.lib : buffer1.o62 (.bss)
                  00026ff4    0000000c     bios.a67 : tsk.o67 (.bss)
                  00027000    00000008              : clk_data.o67 (.bss)
                  00027008    00000008              : sys.o67 (.bss)
                  00027010    00000004              : clk_data2.o67 (.bss)
                  00027014    00000004              : gbl_setL2CacheMode.o67 (.bss)
                  00027018    00000004              : idl_busy.o67 (.bss)
                  0002701c    00000004              : mem_asm.o67 (.bss)
                  00027020    00000004     config_AIC23.obj (.bss)

.swi       0    00027024    00000210     UNINITIALIZED
                  00027024    00000210     my_dsp_projectcfg.obj (.swi)

.trace     0    00027234    00000200     
                  00027234    00000200     --HOLE-- [fill = 00000000]

.pip       0    00027434    000000c8     UNINITIALIZED
                  00027434    000000c8     my_dsp_projectcfg.obj (.pip)

.LOG_system$buf 
*          0    00027500    00000100     UNINITIALIZED
                  00027500    00000100     my_dsp_projectcfg.obj (.LOG_system$buf)

.hst0      0    00027600    00000100     UNINITIALIZED
                  00027600    00000100     my_dsp_projectcfg.obj (.hst0)

.sts       0    00027700    00000100     
                  00027700    00000100     my_dsp_projectcfg.obj (.sts)

.tsk       0    00027800    000000c0     UNINITIALIZED
                  00027800    000000c0     my_dsp_projectcfg.obj (.tsk)

.const     0    000278c0    000000b5     
                  000278c0    0000004e     bios.a67 : tsk_stup.o67 (.const)
                  0002790e    00000023              : utl_doab.o67 (.const)
                  00027931    00000022              : utl_doer.o67 (.const)
                  00027953    00000001     --HOLE-- [fill = 0]
                  00027954    00000020     dsk6713bsl.lib : dsk6713.obj (.const)
                  00027974    00000001     bios.a67 : tsk.o67 (.const)

.printf    0    00027975    00000194     COPY SECTION
                  00027975    00000194     my_dsp_projectcfg.obj (.printf)

.gblinit   0    00027978    0000004c     
                  00027978    0000004c     my_dsp_projectcfg.obj (.gblinit)

.hst       0    000279c4    0000003c     UNINITIALIZED
                  000279c4    0000003c     my_dsp_projectcfg.obj (.hst)

.sem       0    00027a00    0000002c     UNINITIALIZED
                  00027a00    0000002c     my_dsp_projectcfg.obj (.sem)

.switch    0    00027a2c    00000028     
                  00027a2c    00000028     rtdx.lib : rtdx_mon.o62 (.switch)

.prd       0    00027a54    00000020     UNINITIALIZED
                  00027a54    00000020     my_dsp_projectcfg.obj (.prd)

.hst1      0    00027a74    00000010     UNINITIALIZED
                  00027a74    00000010     my_dsp_projectcfg.obj (.hst1)

.idl       0    00027a84    00000010     UNINITIALIZED
                  00027a84    00000010     my_dsp_projectcfg.obj (.idl)

.idlcal    0    00027a94    00000010     UNINITIALIZED
                  00027a94    00000010     my_dsp_projectcfg.obj (.idlcal)

.sys       0    00027aa4    00000010     UNINITIALIZED
                  00027aa4    00000010     my_dsp_projectcfg.obj (.sys)

.pinit     0    00027ab4    0000000c     
                  00027ab4    00000004     rtdx.lib : buffer1.o62 (.pinit)
                  00027ab8    00000004              : rtdx_mon.o62 (.pinit)
                  00027abc    00000004     --HOLE-- [fill = 0]

.trcdata   0    00027ac0    0000000c     
                  00027ac0    0000000c     bios.a67 : trc.o67 (.trcdata)

.SDRAM$heap 
*          0    80000000    00008000     UNINITIALIZED
                  80000000    00008000     --HOLE--

.sounds    0    80008000    000000da     UNINITIALIZED
                  80008000    000000da     skeleton.obj (.sounds)


GLOBAL SYMBOLS: SORTED ALPHABETICALLY BY Name 

address    name
--------   ----
00026c30   $bss
00026c30   .bss
00000000   .data
00016320   .text
00025c7c   BIOS$$CLKOFF
00025c3c   BIOS$$CLKON
00025ac0   BIOS_init
00025ce4   BIOS_start
00000000   BUF$
00000001   BUF_ENABLED
00000001   CLK$
00025ab8   CLK_A_TABBEG
00000001   CLK_CALDIV
00000004   CLK_CALMULT
0000dbba   CLK_COUNTSPMS
00000000   CLK_COUNTSPMSHIGH
00026d58   CLK_D_idletime
00026d54   CLK_D_isrhook
00026d50   CLK_D_tabbeg
00026d4c   CLK_D_timefxn
0001e460   CLK_F_getfhtime
0001e480   CLK_F_gethtime
0001d560   CLK_F_getltime
0001e480   CLK_F_getshtime
0001d574   CLK_F_isr
0001d6d4   CLK_F_itime
0001baa0   CLK_HOOKFXN
00000001   CLK_HTIMEDIV
00000004   CLK_HTIMEMULT
0000dbba   CLK_HTIMEPERLTIME
00004000   CLK_INTBIT
00000001   CLK_LTIMEDIV
00036ee8   CLK_LTIMEMULT
000003e8   CLK_MICROSECS
0000dbba   CLK_PRD
00000000   CLK_PRDHIGH
01940000   CLK_REGS
00026d48   CLK_R_time
00000020   CLK_TCR
00000000   CLK_TDDR
00000000   CLK_TDDRHIGH
0001e480   CLK_TIMEFXN
00000000   CLK_TIMERNUM
00000001   CLK_USETIMER
00025abc   CLK_null
00000000   DEV$
00000000   DGN$
00000000   DHL$
00000000   DHL_gChannelsAvailable
00000000   DIO$
00000000   DIO_NUMSWIBASE
00000000   DIO_NUMTSKBASE
00000000   DIO_STATIC
00000000   DPI$
0001e520   FXN_F_nop
0001e528   FXN_F_run
0001e578   FXN_F_zero
00000001   GBL$
00005205   GBL_A_VERSION
00000000   GBL_BIGENDIAN
00000000   GBL_C641XL2PRIORITY
00000000   GBL_CACHE
00000001   GBL_CALLCSLCFGINIT
00004e20   GBL_CLKIN
00001770   GBL_CLKTYPE
00001a39   GBL_DSPSUBTYPE
0000003e   GBL_DSPTYPE
00000001   GBL_ENABLEINST
00000042   GBL_FOOTPRINT
00036ee8   GBL_FREQ
00002226   GBL_L2ALLOC
00000000   GBL_L2CONFIGALLOC
00000001   GBL_L2CONFIGURE
00000001   GBL_L2MARMASK
00000000   GBL_L2MARMASK1
00000000   GBL_L2MARMASK2
00000000   GBL_L2MARMASK3
00000000   GBL_L2MARMASK4
00000000   GBL_L2MARMASK5
00000000   GBL_L2MODE
00000000   GBL_L2PRIORITY
00000000   GBL_NULL
00000000   GBL_PROCID
00000000   GBL_ROM
00000000   GBL_SUPPORTCSL
0000dbef   GBL_TRCMASKVALUE
00000001   GBL_USERINIT
00019668   GBL_USERINITFXN
00000001   GBL_boot
00027ac8   GBL_initdone
0001ec00   GBL_stackbeg
00022bff   GBL_stackend
00000000   GIO$
0001eb40   GIO_CREATEFXN
0001eb40   GIO_DELETEFXN
0001eb40   GIO_PENDFXN
0001eb40   GIO_POSTFXN
00000000   HOOK$
00000000   HOOK_KNLID
00000001   HST$
000279c4   HST_A_TABBEG
00027a00   HST_A_TABEND
00000000   HST_DSM
ffffffff   HST_DSMBUFSEG
00000400   HST_DSMMEMSIZE
00026dc4   HST_D_chanmask
00026dc8   HST_D_tabbeg
00026dcc   HST_D_tabend
000000ff   HST_MAXFRAMEALLOWED
00000040   HST_MAXFRAMESET
00000000   HST_NONE
00000001   HST_RTDX
00000001   HWI$
00000000   HWI_A_VECS
00005308   HWI_CFGDISPATCHED
00026fc4   HWI_D_bss
00026fc8   HWI_D_ccmask
00026fb4   HWI_D_spsave
0001baa0   HWI_F_dispatch
00000000   HWI_GENERATE_RESET_VEC
0000000a   HWI_INT10
00000000   HWI_INT10$hwi
0000000b   HWI_INT11
00000000   HWI_INT11$hwi
0000000c   HWI_INT12
00000000   HWI_INT12$hwi
0000000d   HWI_INT13
00000000   HWI_INT13$hwi
0000000e   HWI_INT14
00000000   HWI_INT14$hwi
0000000f   HWI_INT15
00000000   HWI_INT15$hwi
00000004   HWI_INT4
00000000   HWI_INT4$hwi
00000005   HWI_INT5
00000000   HWI_INT5$hwi
00000006   HWI_INT6
00000000   HWI_INT6$hwi
00000007   HWI_INT7
00000000   HWI_INT7$hwi
00000008   HWI_INT8
00000000   HWI_INT8$hwi
00000009   HWI_INT9
00000000   HWI_INT9$hwi
082039a3   HWI_INTRMULTHIGH
250718a4   HWI_INTRMULTLOW
00000001   HWI_NMI
00000000   HWI_NMI$hwi
00000000   HWI_POLARITYMASK
00000002   HWI_RESERVED0
00000000   HWI_RESERVED0$hwi
00000003   HWI_RESERVED1
00000000   HWI_RESERVED1$hwi
00000000   HWI_RESET
00000000   HWI_RESET$hwi
00000001   HWI_ZEROTAB
00000001   IDL$
00027a94   IDL_A_CALBEG
00027a84   IDL_A_TABBEG
00000006   IDL_CALIBRERROR
0001ea40   IDL_CALIBRFXN
00027018   IDL_D_busyObj
00026d38   IDL_D_calbeg
00026d34   IDL_D_calibrate
00026d30   IDL_D_tabbeg
00027a90   IDL_END
00027aa0   IDL_END$
0001e5a0   IDL_F_busy
0001e720   IDL_F_calibrate
0001eb80   IDL_F_loop
0001ea40   IDL_F_stub
00000001   IDL_USECLKIDLTIME
000277f4   IDL_busyObj
00027b04   IDL_busyObj$avgfmt
00000001   IDL_busyObj$filter
00000001   IDL_busyObj$iA
00000000   IDL_busyObj$iB
00000001   IDL_busyObj$iC
00027afe   IDL_busyObj$maxfmt
00000000   IDL_busyObj$operation
000277f0   IDL_busyObj$stsobj
00027b01   IDL_busyObj$sumfmt
00000002   IDL_busyObj$unittype
00027a84   IDL_cpuLoad
00027a94   IDL_cpuLoad$
ffffffff   IRAM
00000001   ISRC$
0001d520   KNL_glue
00027050   KNL_swi
00000001   KNL_swi$dorta
00000002   KNL_swi$ord
00000000   KNL_swi$pri
00027724   KNL_swi$sts
000279bc   KNL_swi$sts$avgfmt
00000002   KNL_swi$sts$filter
00000001   KNL_swi$sts$filtmaxmult
00000001   KNL_swi$sts$filtsummult
000279ac   KNL_swi$sts$maxfmt
00027720   KNL_swi$sts$stsobj
000279b4   KNL_swi$sts$sumfmt
00000000   KNL_swi$sts$unittype
00000000   KNL_swi$swi
00000001   LCK$
0001a980   LNK_F_checkBufferCall
0001aa00   LNK_F_dataPump
0001a9a0   LNK_F_getChanPtr
0001a9f8   LNK_F_init
0001af44   LNK_F_readCallBack
00027a88   LNK_dataPump
00027a98   LNK_dataPump$
00026fd0   LNK_dspFrameReadyMask
00026fcc   LNK_dspFrameRequestMask
0001aca0   LNK_newin
0001ade0   LNK_newout
0001aa14   LNK_rcloop
0001aae0   LNK_rdrtry
00026fd8   LNK_readDone
00026fdc   LNK_readFail
00026fd4   LNK_readPend
0001aaf0   LNK_rrloop
00026fe0   LNK_writeFail
0001abc4   LNK_wrloop
0001abb4   LNK_wrrtry
00000001   LOG$
000245a4   LOG_A_TABBEG
000245bc   LOG_A_TABEND
00000001   LOG_A_TABLEN
00026d3c   LOG_D_system
00000001   LOG_ENABLED
0001e620   LOG_F_event
000245a4   LOG_system
00027500   LOG_system$buf
00000000   LOG_system$datatype
00000000   LOG_system$log
00000040   LOG_system$size
00000000   MBX$
00000001   MEM$
00026f98   MEM_MALLOCSEG
00000000   MEM_NULL
00026f98   MEM_SEGZERO
00000000   MEM_USEMPC
00000001   MEM_gNumHeap
00000000   MSGQ$
00000000   MSGQ_USEMSGQ
00000000   OBJ$
00000000   PIP$
00027434   PIP_A_TABBEG
000274fc   PIP_A_TABEND
00000002   PIP_A_TABLEN
00026d40   PIP_D_tabbeg
00026d44   PIP_D_tablen
0001cdd4   PIP_F_give
0001cdd4   PIP_F_probe
0001cea8   PIP_F_start
0001cd40   PIP_F_take
00000064   PIP_OBJSIZE
00000000   PIP_gNextId
00000002   PIP_gNumEmbed
00000000   POOL$
00000000   POOL_USEPOOL
00000001   PRD$
00027a54   PRD_A_TABBEG
00027a74   PRD_A_TABEND
00000001   PRD_A_TABLEN
00026d80   PRD_D_cur
00026d84   PRD_D_elapsed
00026d88   PRD_D_prevtim
00026d8c   PRD_D_scalar
00026d90   PRD_D_swihandle
00026d94   PRD_D_tabbeg
00026d98   PRD_D_tablen
00026d9c   PRD_D_thook
00026d7c   PRD_D_tick
0001bf00   PRD_F_swi
0001c1c0   PRD_F_tick
00000008   PRD_SCALAR
00027024   PRD_SWIHANDLE
00027a54   PRD_Sek
00027a70   PRD_Sek$aaa
00000000   PRD_Sek$mode
00000001   PRD_Sek$ord
000003e8   PRD_Sek$period
00000000   PRD_Sek$prd
00027704   PRD_Sek$sts
00027987   PRD_Sek$sts$avgfmt
00000000   PRD_Sek$sts$filter
00027975   PRD_Sek$sts$maxfmt
00027700   PRD_Sek$sts$stsobj
0002797e   PRD_Sek$sts$sumfmt
00000002   PRD_Sek$sts$unittype
0001cd20   PRD_THOOKFXN
00025ab8   PRD_clock
00027024   PRD_swi
00000001   PRD_swi$dorta
00000001   PRD_swi$ord
00000001   PRD_swi$pri
00027714   PRD_swi$sts
000279a2   PRD_swi$sts$avgfmt
00000002   PRD_swi$sts$filter
00000001   PRD_swi$sts$filtmaxmult
00000001   PRD_swi$sts$filtsummult
00027992   PRD_swi$sts$maxfmt
00027710   PRD_swi$sts$stsobj
0002799a   PRD_swi$sts$sumfmt
00000000   PRD_swi$sts$unittype
00000000   PRD_swi$swi
00000001   QUE$
00026da0   RTA_D_fromHost
00026da8   RTA_D_logval
00026db8   RTA_D_stsval
00026da4   RTA_D_toHost
0001ea80   RTA_F_andn
0001c658   RTA_F_dispatch
0001c560   RTA_F_getlog
0001c5a4   RTA_F_getsts
0001eaa0   RTA_F_or
0001c5ec   RTA_F_readblk
0001c618   RTA_F_resetmem
0001c60c   RTA_F_writeword
00027a8c   RTA_dispatcher
00027a9c   RTA_dispatcher$
0001c6a8   RTA_execute
000279c8   RTA_fromHost
00027a74   RTA_fromHost$buf
00000004   RTA_fromHost$framesize
00000000   RTA_fromHost$hst
00000001   RTA_fromHost$id
00000000   RTA_fromHost$mode
00027434   RTA_fromHost$pipe
00027464   RTA_fromHost$pipe$aaa
00027494   RTA_fromHost$pipe$bbb
00026f9c   RTA_fromHost$pipe$dtab
00027438   RTA_fromHost$pipe$rd
00027468   RTA_fromHost$pipe$wr
000279d0   RTA_fromHost$rtdx
000279e4   RTA_toHost
00027600   RTA_toHost$buf
00000040   RTA_toHost$framesize
00000000   RTA_toHost$hst
00000000   RTA_toHost$id
00000001   RTA_toHost$mode
00027498   RTA_toHost$pipe
000274c8   RTA_toHost$pipe$aaa
000274f8   RTA_toHost$pipe$bbb
00026fa8   RTA_toHost$pipe$dtab
0002749c   RTA_toHost$pipe$rd
000274cc   RTA_toHost$pipe$wr
000279ec   RTA_toHost$rtdx
00000001   RTDX$
00000408   RTDX_BUFMEMSIZE
ffffffff   RTDX_DATAMEMSEG
00000000   RTDX_MODE
00000001   RTDX_NORMALIZED_HDR
00000001   RTDX_USERTDX
00000000   RTDX_USERTEXECUTION
00026f98   SDRAM
80000000   SDRAM$B
00008000   SDRAM$L
00000001   SEM$
00027a0c   SEM_LEDToggle
00000000   SIO$
00000001   STS$
00027700   STS_A_TABBEG
00027800   STS_A_TABEND
0001e6d8   STS_F_add
0001e6a0   STS_F_delta
0001e704   STS_F_reset
00000001   SWI$
0002712c   SWI_ADC_In_Ping
00000001   SWI_ADC_In_Ping$dorta
00000007   SWI_ADC_In_Ping$ord
00000004   SWI_ADC_In_Ping$pri
00027774   SWI_ADC_In_Ping$sts
00027a3e   SWI_ADC_In_Ping$sts$avgfmt
00000002   SWI_ADC_In_Ping$sts$filter
00000001   SWI_ADC_In_Ping$sts$filtmaxmult
00000001   SWI_ADC_In_Ping$sts$filtsummult
00027a2e   SWI_ADC_In_Ping$sts$maxfmt
00027770   SWI_ADC_In_Ping$sts$stsobj
00027a36   SWI_ADC_In_Ping$sts$sumfmt
00000000   SWI_ADC_In_Ping$sts$unittype
00000000   SWI_ADC_In_Ping$swi
00027158   SWI_ADC_In_Pong
00000001   SWI_ADC_In_Pong$dorta
00000008   SWI_ADC_In_Pong$ord
00000004   SWI_ADC_In_Pong$pri
00027784   SWI_ADC_In_Pong$sts
00027a58   SWI_ADC_In_Pong$sts$avgfmt
00000002   SWI_ADC_In_Pong$sts$filter
00000001   SWI_ADC_In_Pong$sts$filtmaxmult
00000001   SWI_ADC_In_Pong$sts$filtsummult
00027a48   SWI_ADC_In_Pong$sts$maxfmt
00027780   SWI_ADC_In_Pong$sts$stsobj
00027a50   SWI_ADC_In_Pong$sts$sumfmt
00000000   SWI_ADC_In_Pong$sts$unittype
00000000   SWI_ADC_In_Pong$swi
000270d4   SWI_ADC_Out_Ping
00000001   SWI_ADC_Out_Ping$dorta
00000005   SWI_ADC_Out_Ping$ord
00000004   SWI_ADC_Out_Ping$pri
00027754   SWI_ADC_Out_Ping$sts
00027a0a   SWI_ADC_Out_Ping$sts$avgfmt
00000002   SWI_ADC_Out_Ping$sts$filter
00000001   SWI_ADC_Out_Ping$sts$filtmaxmult
00000001   SWI_ADC_Out_Ping$sts$filtsummult
000279fa   SWI_ADC_Out_Ping$sts$maxfmt
00027750   SWI_ADC_Out_Ping$sts$stsobj
00027a02   SWI_ADC_Out_Ping$sts$sumfmt
00000000   SWI_ADC_Out_Ping$sts$unittype
00000000   SWI_ADC_Out_Ping$swi
00027100   SWI_ADC_Out_Pong
00000001   SWI_ADC_Out_Pong$dorta
00000006   SWI_ADC_Out_Pong$ord
00000004   SWI_ADC_Out_Pong$pri
00027764   SWI_ADC_Out_Pong$sts
00027a24   SWI_ADC_Out_Pong$sts$avgfmt
00000002   SWI_ADC_Out_Pong$sts$filter
00000001   SWI_ADC_Out_Pong$sts$filtmaxmult
00000001   SWI_ADC_Out_Pong$sts$filtsummult
00027a14   SWI_ADC_Out_Pong$sts$maxfmt
00027760   SWI_ADC_Out_Pong$sts$stsobj
00027a1c   SWI_ADC_Out_Pong$sts$sumfmt
00000000   SWI_ADC_Out_Pong$sts$unittype
00000000   SWI_ADC_Out_Pong$swi
00027024   SWI_A_TABBEG
00027234   SWI_A_TABEND
0000000c   SWI_A_TABLEN
0002707c   SWI_BSPLink_In_Ping
00000001   SWI_BSPLink_In_Ping$dorta
00000003   SWI_BSPLink_In_Ping$ord
00000004   SWI_BSPLink_In_Ping$pri
00027734   SWI_BSPLink_In_Ping$sts
000279d6   SWI_BSPLink_In_Ping$sts$avgfmt
00000002   SWI_BSPLink_In_Ping$sts$filter
00000001   SWI_BSPLink_In_Ping$sts$filtmaxmult
00000001   SWI_BSPLink_In_Ping$sts$filtsummult
000279c6   SWI_BSPLink_In_Ping$sts$maxfmt
00027730   SWI_BSPLink_In_Ping$sts$stsobj
000279ce   SWI_BSPLink_In_Ping$sts$sumfmt
00000000   SWI_BSPLink_In_Ping$sts$unittype
00000000   SWI_BSPLink_In_Ping$swi
000270a8   SWI_BSPLink_In_Pong
00000001   SWI_BSPLink_In_Pong$dorta
00000004   SWI_BSPLink_In_Pong$ord
00000004   SWI_BSPLink_In_Pong$pri
00027744   SWI_BSPLink_In_Pong$sts
000279f0   SWI_BSPLink_In_Pong$sts$avgfmt
00000002   SWI_BSPLink_In_Pong$sts$filter
00000001   SWI_BSPLink_In_Pong$sts$filtmaxmult
00000001   SWI_BSPLink_In_Pong$sts$filtsummult
000279e0   SWI_BSPLink_In_Pong$sts$maxfmt
00027740   SWI_BSPLink_In_Pong$sts$stsobj
000279e8   SWI_BSPLink_In_Pong$sts$sumfmt
00000000   SWI_BSPLink_In_Pong$sts$unittype
00000000   SWI_BSPLink_In_Pong$swi
00027184   SWI_BSPLink_Out_Ping
00000001   SWI_BSPLink_Out_Ping$dorta
00000009   SWI_BSPLink_Out_Ping$ord
00000004   SWI_BSPLink_Out_Ping$pri
00027794   SWI_BSPLink_Out_Ping$sts
00027a72   SWI_BSPLink_Out_Ping$sts$avgfmt
00000002   SWI_BSPLink_Out_Ping$sts$filter
00000001   SWI_BSPLink_Out_Ping$sts$filtmaxmult
00000001   SWI_BSPLink_Out_Ping$sts$filtsummult
00027a62   SWI_BSPLink_Out_Ping$sts$maxfmt
00027790   SWI_BSPLink_Out_Ping$sts$stsobj
00027a6a   SWI_BSPLink_Out_Ping$sts$sumfmt
00000000   SWI_BSPLink_Out_Ping$sts$unittype
00000000   SWI_BSPLink_Out_Ping$swi
000271b0   SWI_BSPLink_Out_Pong
00000001   SWI_BSPLink_Out_Pong$dorta
0000000a   SWI_BSPLink_Out_Pong$ord
00000004   SWI_BSPLink_Out_Pong$pri
000277a4   SWI_BSPLink_Out_Pong$sts
00027a8c   SWI_BSPLink_Out_Pong$sts$avgfmt
00000002   SWI_BSPLink_Out_Pong$sts$filter
00000001   SWI_BSPLink_Out_Pong$sts$filtmaxmult
00000001   SWI_BSPLink_Out_Pong$sts$filtsummult
00027a7c   SWI_BSPLink_Out_Pong$sts$maxfmt
000277a0   SWI_BSPLink_Out_Pong$sts$stsobj
00027a84   SWI_BSPLink_Out_Pong$sts$sumfmt
00000000   SWI_BSPLink_Out_Pong$sts$unittype
00000000   SWI_BSPLink_Out_Pong$swi
00026e14   SWI_D_curfxn
00026e04   SWI_D_curmask
00026e10   SWI_D_curmbox
00026e08   SWI_D_curset
00026e00   SWI_D_execaddr
00026e1c   SWI_D_inswi
00026e0c   SWI_D_lock
00026e18   SWI_D_rdybeg
00026e20   SWI_D_rdytab
00026dfc   SWI_D_runaddr
000271dc   SWI_Decode_Buffer
00000001   SWI_Decode_Buffer$dorta
0000000b   SWI_Decode_Buffer$ord
00000005   SWI_Decode_Buffer$pri
000277b4   SWI_Decode_Buffer$sts
00027aa6   SWI_Decode_Buffer$sts$avgfmt
00000002   SWI_Decode_Buffer$sts$filter
00000001   SWI_Decode_Buffer$sts$filtmaxmult
00000001   SWI_Decode_Buffer$sts$filtsummult
00027a96   SWI_Decode_Buffer$sts$maxfmt
000277b0   SWI_Decode_Buffer$sts$stsobj
00027a9e   SWI_Decode_Buffer$sts$sumfmt
00000000   SWI_Decode_Buffer$sts$unittype
00000000   SWI_Decode_Buffer$swi
00000000   SWI_EHOOKFXN
0001b77c   SWI_EXECFXN
00027208   SWI_Encode_Buffer
00000001   SWI_Encode_Buffer$dorta
0000000c   SWI_Encode_Buffer$ord
00000004   SWI_Encode_Buffer$pri
000277c4   SWI_Encode_Buffer$sts
00027ac0   SWI_Encode_Buffer$sts$avgfmt
00000002   SWI_Encode_Buffer$sts$filter
00000001   SWI_Encode_Buffer$sts$filtmaxmult
00000001   SWI_Encode_Buffer$sts$filtsummult
00027ab0   SWI_Encode_Buffer$sts$maxfmt
000277c0   SWI_Encode_Buffer$sts$stsobj
00027ab8   SWI_Encode_Buffer$sts$sumfmt
00000000   SWI_Encode_Buffer$sts$unittype
00000000   SWI_Encode_Buffer$swi
0001b560   SWI_F_enable
0001b77c   SWI_F_exec
0001b7a8   SWI_F_iexec
0001b5d0   SWI_F_post
0001b838   SWI_F_run
00000000   SWI_IHOOKFXN
0001b838   SWI_RUNFXN
00000001   SYS$
00027aa4   SYS$config
0001eac0   SYS_ABORTFXN
0001ebc0   SYS_ERRORFXN
0001ebe0   SYS_EXITFXN
0001e980   SYS_PUTCFXN
00027ac4   TRC_R_mask
00027ac0   TRC_cinit
00000001   TSK$
0002786c   TSK_LEDTOGGLE
00000003   TSK_LEDTOGGLE$ord
00000002   TSK_LEDTOGGLE$pri
00026430   TSK_LEDTOGGLE$stack
000267c8   TSK_LEDTOGGLE$stkptr
000277e4   TSK_LEDTOGGLE$sts
00027af4   TSK_LEDTOGGLE$sts$avgfmt
00000002   TSK_LEDTOGGLE$sts$filter
00000001   TSK_LEDTOGGLE$sts$filtmaxmult
00000001   TSK_LEDTOGGLE$sts$filtsummult
00027ae4   TSK_LEDTOGGLE$sts$maxfmt
000277e0   TSK_LEDTOGGLE$sts$stsobj
00027aec   TSK_LEDTOGGLE$sts$sumfmt
00000000   TSK_LEDTOGGLE$sts$unittype
00000000   TSK_LEDTOGGLE$tsk
00000000   TSK_NUM_HOOKS
00000001   TSK_PRIORITY
00000000   TSK_READYFXN
00000000   TSK_STACKSEG
00000400   TSK_STACKSIZE
00000000   TSK_SWITCHFXN
0001eb40   TSK_VCREATEFXN
0001eb40   TSK_VDELETEFXN
0001eb40   TSK_VEXITFXN
0002780c   TSK_idle
00000001   TSK_idle$ord
00000000   TSK_idle$pri
00026830   TSK_idle$stack
00026bc8   TSK_idle$stkptr
000277d4   TSK_idle$sts
00027ada   TSK_idle$sts$avgfmt
00000002   TSK_idle$sts$filter
00000001   TSK_idle$sts$filtmaxmult
00000001   TSK_idle$sts$filtsummult
00027aca   TSK_idle$sts$maxfmt
000277d0   TSK_idle$sts$stsobj
00027ad2   TSK_idle$sts$sumfmt
00000000   TSK_idle$sts$unittype
00000000   TSK_idle$tsk
00000000   UDEV$
00016ffc   _ADC_In_Ping
00017040   _ADC_In_Pong
00016fa4   _ADC_Out_Ping
00016fd0   _ADC_Out_Pong
00000200   _AIC_Buffer_in_ping
000009d0   _AIC_Buffer_in_pong
000011a0   _AIC_Buffer_out_ping
00001970   _AIC_Buffer_out_pong
00025ac0   _BIOS_init
00025ce4   _BIOS_start
000151f0   _BSPLinkBuffer_in_ping
0001563c   _BSPLinkBuffer_in_pong
00015a88   _BSPLinkBuffer_out_ping
00015ed4   _BSPLinkBuffer_out_pong
00017084   _BSPLink_In_Ping
000170c4   _BSPLink_In_Pong
00017104   _BSPLink_Out_Ping
000171c4   _BSPLink_Out_Pong
00025908   _BSPLink_interface_config
0000dbba   _CLK_COUNTSPMS
00027000   _CLK_DFLTMICROSECS
00026d78   _CLK_D_countspms
00026d6c   _CLK_D_dirty
00027004   _CLK_D_microseconds
00026d70   _CLK_D_prd
00026d74   _CLK_D_tddr
0001d6d4   _CLK_F_itime
0000dbba   _CLK_PRD
01940000   _CLK_REGS
00000000   _CLK_TDDR
00000000   _CLK_TIMERNUM
00000001   _CLK_USETIMER
00026d5c   _CLK_htimeDiv
00026d60   _CLK_htimeMult
00027010   _CLK_htimePerLtime
0001d6d4   _CLK_itime
00026d64   _CLK_ltimeDiv
00026d68   _CLK_ltimeMult
0001e080   _CLK_measure
0001e9e0   _CLK_start
0001eb00   _CLK_stop
0001a7e0   _CSL6713_LIB_
00018940   _Config_DSK6713_AIC23
00018da0   _DSK6713_LED_init
00018de0   _DSK6713_LED_off
00018e50   _DSK6713_LED_on
00018ec0   _DSK6713_LED_toggle
00018414   _DSK6713_getVersion
0001804c   _DSK6713_init
00018368   _DSK6713_rget
0001837c   _DSK6713_rset
00025ab4   _DSK6713_version
00018390   _DSK6713_wait
000183e8   _DSK6713_waitusec
00006790   _Debug_Buff
000057f0   _Debug_Buff_ping
00005fc0   _Debug_Buff_pong
00005020   _Decoding_Buffer
00026ed8   _Decoding_Buffer_i
00016af8   _EDMA_ISR
00019300   _EDMA_allocTable
00019fc0   _EDMA_config
0001a5a0   _EDMA_disableChannel
0001a600   _EDMA_enableChannel
00019cc0   _EDMA_intAlloc
0001a800   _EDMA_intClear
0001a660   _EDMA_intEnable
0001a820   _EDMA_intTest
0001a720   _EDMA_link
00018480   _EDMA_open
0001a6c0   _EDMA_qdmaConfig
00019920   _EDMA_reset
00005408   _Encoding_Buffer
00026ee0   _Encoding_Buffer_i
0001eb40   _FXN_F_nop
0001e528   _FXN_F_run
0001e578   _FXN_F_zero
00000000   _GBL_CACHE
00026dd4   _GBL_clkIn
0001dd00   _GBL_cslCacheInit
00026dd8   _GBL_freq
0001eb60   _GBL_getVersion
00026dd0   _GBL_procId
00019668   _GBL_setPLLto225MHz
000279c4   _HST_A_TABBEG
00027a00   _HST_A_TABEND
00005308   _HWI_CFGDISPATCHED
00026fc0   _HWI_D_inhwi
00026fb4   _HWI_D_spsave
0001baa0   _HWI_F_dispatch
0000000a   _HWI_INT10
0000000b   _HWI_INT11
0000000c   _HWI_INT12
0000000d   _HWI_INT13
0000000e   _HWI_INT14
0000000f   _HWI_INT15
00000004   _HWI_INT4
00000005   _HWI_INT5
00000006   _HWI_INT6
00000007   _HWI_INT7
00000008   _HWI_INT8
00000009   _HWI_INT9
00000001   _HWI_NMI
00000002   _HWI_RESERVED0
00000003   _HWI_RESERVED1
00000000   _HWI_RESET
00022bf8   _HWI_STKBOTTOM
0001ec00   _HWI_STKTOP
00026fb4   _HWI_data
0001e7a0   _HWI_disable
00026c30   _HWI_dispatchTab
0001e7b8   _HWI_enable
0001e7cc   _HWI_restore
000277f4   _IDL_busyObj
00027a84   _IDL_cpuLoad
0001eb80   _IDL_loop
ffffffff   _IRAM
0001a840   _IRQ_clear
0001a760   _IRQ_enable
0001a860   _IRQ_globalEnable
00018f80   _IRQ_map
00026f20   _KNL_alarm
0001dbc0   _KNL_check
00026f44   _KNL_curqueue
00026f34   _KNL_curtask
00026f3c   _KNL_curtime
0002577c   _KNL_dummy
0001de34   _KNL_enter
0001dde0   _KNL_exit
0001dc98   _KNL_idle
00026f5c   _KNL_idlefxn
00026f28   _KNL_inactive
0001e160   _KNL_ipost
0001dcbc   _KNL_max
00026f48   _KNL_maxqueue
0001e220   _KNL_post
00026f38   _KNL_prevtask
00026f2c   _KNL_priority
000256dc   _KNL_queues
0001c2a0   _KNL_run
0001d3a0   _KNL_saveIsrFrame
00026f30   _KNL_set
00026f24   _KNL_setpri
00027050   _KNL_swi
00026f40   _KNL_swiptr
0001d46c   _KNL_switch
00026f50   _KNL_tcreatefxn
00026f54   _KNL_tdeletefxn
0001cd20   _KNL_tick
00026f58   _KNL_treadyfxn
00026f4c   _KNL_tswitchfxn
00026f18   _KNL_wFlag
00026f1c   _KNL_wList
0001e310   _LCK_pend
0001e2e0   _LCK_post
00027a88   _LNK_dataPump
00026fd0   _LNK_dspFrameReadyMask
00026fcc   _LNK_dspFrameRequestMask
00026fd8   _LNK_readDone
00026fdc   _LNK_readFail
00026fd4   _LNK_readPend
00026fe0   _LNK_writeFail
000245a4   _LOG_A_TABBEG
000245bc   _LOG_A_TABEND
00000001   _LOG_A_TABLEN
00026d3c   _LOG_D_system
0001e620   _LOG_event
000245a4   _LOG_system
0001a320   _MCBSP_close
0001a3c0   _MCBSP_config
0001a880   _MCBSP_getRcvAddr
0001a8a0   _MCBSP_getXmtAddr
00019dc0   _MCBSP_open
000194a0   _MCBSP_reset
00019ec0   _MCBSP_start
0001a8c0   _MCBSP_write
0001a8e0   _MCBSP_xrdy
0002701c   _MEM
00026ddc   _MEM_D_NUMSEGMENTS
00026de4   _MEM_D_freelist
00026de8   _MEM_D_lockaddr
00026de0   _MEM_D_memtab
00026dec   _MEM_D_unlockaddr
00025da0   _MEM_init
00026f8c   _MEM_memtab
80008000   _MySinus
00025fc0   _OBJ_init
00025848   _OBJ_segtab
00025810   _OBJ_table
00027434   _PIP_A_TABBEG
000274fc   _PIP_A_TABEND
00026d7c   _PRD_D_tick
00027a54   _PRD_Sek
00025ab8   _PRD_clock
00027024   _PRD_swi
00027a8c   _RTA_dispatcher
000279c8   _RTA_fromHost
000279e4   _RTA_toHost
00025fe0   _RTDX_Buffer
000263ec   _RTDX_Buffer_End
000252a0   _RTDX_Buffer_Initialize
000253e0   _RTDX_Buffer_Read
00025300   _RTDX_Buffer_ReadCB
00025360   _RTDX_Buffer_Size
000263e8   _RTDX_Buffer_Start
00025400   _RTDX_Buffer_Write
000249c0   _RTDX_Buffer_WriteCB
000253a0   _RTDX_Final_RT_Monitor
00025220   _RTDX_Init_RT_Monitor
00000002   _RTDX_JTAGONLY
00025440   _RTDX_Mask_IER
00025000   _RTDX_Mon_Queue
000245c0   _RTDX_Poll
00000000   _RTDX_interrupt_mask
000263fc   _RTDX_writing
00002140   _Ringbuffer_Audio_in
000038b0   _Ringbuffer_Audio_out
00026f98   _SDRAM
80000000   _SDRAM_base
00008000   _SDRAM_length
00027a0c   _SEM_LEDToggle
0001e860   _SEM_pend
0001e800   _SEM_pendBinary
0001c820   _SEM_pendEnterKnl
0001dfa0   _SEM_post
0001dfa0   _SEM_postBinary
0001dec0   _SEM_postEnterKnl
00027700   _STS_A_TABBEG
00027800   _STS_A_TABEND
0001e6d8   _STS_add
0001e6a0   _STS_delta
0001e704   _STS_reset
0001eba0   _STS_set
0002712c   _SWI_ADC_In_Ping
00027158   _SWI_ADC_In_Pong
000270d4   _SWI_ADC_Out_Ping
00027100   _SWI_ADC_Out_Pong
0002707c   _SWI_BSPLink_In_Ping
000270a8   _SWI_BSPLink_In_Pong
00027184   _SWI_BSPLink_Out_Ping
000271b0   _SWI_BSPLink_Out_Pong
00026e14   _SWI_D_curfxn
00026e04   _SWI_D_curmask
00026e08   _SWI_D_curset
00026e00   _SWI_D_execaddr
00026e1c   _SWI_D_inswi
00026e0c   _SWI_D_lock
00026e18   _SWI_D_rdybeg
00026dfc   _SWI_D_runaddr
000271dc   _SWI_Decode_Buffer
00027208   _SWI_Encode_Buffer
000178a4   _SWI_LEDToggle
00026dfc   _SWI_data
0001e8c0   _SWI_disable
0001e8e8   _SWI_enable
0001b5d0   _SWI_post
00026df0   _SYS
00027234   _SYS_PUTCBEG
00027433   _SYS_PUTCEND
0001e920   _SYS_abort
0001e3a0   _SYS_exit
00025a60   _SYS_exitStack
00027008   _SYS_exitStackPtr
0002700c   _SYS_exitStackTop
00019a60   _TIMER_open
00019ba0   _TIMER_reset
00027ac4   _TRC_R_mask
00026ffc   _TSK
000257b4   _TSK_ATTRS
0002786c   _TSK_LEDTOGGLE
000257d0   _TSK_config
0001d720   _TSK_exit
0002780c   _TSK_idle
00025f40   _TSK_init
00026ff4   _TSK_nTasks
00026ff8   _TSK_pid
0001d1a0   _TSK_setup
0001db00   _TSK_startup
000257f0   _TSK_timerSem
0001eac0   _UTL_doAbort
0001ebc0   _UTL_doError
0001e980   _UTL_doPutc
0001ebe0   _UTL_halt
0001d6f0   __CLK_lat1beg
0001d71c   __CLK_lat1end
00018b80   __CSL_init
0001b3b4   __GBL_setL2CacheMode
00026df8   __HOOK_NUMHOOKS
00026df4   __HOOK_knlId
0001baa0   __HWI_lat1beg
0001bc20   __HWI_lat1end
0001bc20   __HWI_lat2beg
0001bdc0   __HWI_lat2end1
0001bd4c   __HWI_lat2end2
0001bde0   __HWI_lat3beg
0001bee0   __HWI_lat3end1
0001bd7c   __HWI_lat3end2
0001e5a0   __IDL_lat1beg
0001e5f0   __IDL_lat1end
000256d4   __IRQ_dispatchTable
00025610   __IRQ_eventTable
0001a960   __IRQ_hookFetchPacket
0001a460   __IRQ_init
00025694   __IRQ_intTable
0001dc10   __KNL_lat1beg
0001dc98   __KNL_lat1end
0001e620   __LOG_lat1beg
000259d8   __MCBSP_hDev0
000259dc   __MCBSP_hDev1
000258e0   __MEM_mutex
0001c618   __RTA_lat1beg
0001c650   __RTA_lat1end
0001cf80   __SEM_dopost
00022c00   __STACK_END
00004000   __STACK_SIZE
0001b70c   __SWI_lat1beg
0001b7c0   __SWI_lat1end
0001b7c4   __SWI_lat2beg
0001b834   __SWI_lat2end
0001b560   __SWI_lat3beg
0001b5cc   __SWI_lat3end
00025a3c   __TIMER_deviceTable
00025a5c   __TIMER_hBios
00025a54   __TIMER_hDev0
00025a58   __TIMER_hDev1
000258b8   __TSK_mutex
00025aa4   ___TI_enable_exit_profile_output
ffffffff   ___TI_pprof_out_hndl
ffffffff   ___TI_prof_data_size
ffffffff   ___TI_prof_data_start
0001a7a0   ___add_dtor
00025460   ___atexit_func_id__
ffffffff   ___binit__
00026c30   ___bss__
ffffffff   ___c_args__
00022c00   ___cinit__
00000000   ___data__
00000000   ___edata__
00027024   ___end__
0001a980   ___etext__
00027ab4   ___pinit__
00016320   ___text__
0001d8c0   __auto_init
00025a9c   __cleanup_ptr
00025aa0   __dtors_ptr
00025aa8   __lock
0001a900   __nop
0001a920   __register_lock
0001a940   __register_unlock
0001ec00   __stack
0001a0a0   __strasg
00025aac   __unlock
0001a180   _atexit
00025e80   _c_int00
000197c0   _call_dtors
00026ef0   _configComplete
00025928   _configEDMABSPLinkRcv
00025940   _configEDMABSPLinkXmt
00025978   _configEDMARcv
00025990   _configEDMAXmt
000164f0   _config_AIC23_EDMA
000179a0   _config_BSPLink
00017a6c   _config_BSPLink_EDMA
00016a64   _config_interrupts
00026ee5   _dataDetected
00025958   _datainterface_config
00026e98   _debug_buff_i
00017284   _decode_buffer
00026edc   _decoding_buff_valid
00025ab0   _dtors
00017330   _encode_buffer
00026ee4   _encoding_buff_valid
000173c4   _framing_link_data
00026f64   _hEdmaBSPLinkRcv
00026f68   _hEdmaBSPLinkRcvRelPing
00026f6c   _hEdmaBSPLinkRcvRelPong
00026f70   _hEdmaBSPLinkXmt
00026f74   _hEdmaBSPLinkXmtRelPing
00026f78   _hEdmaBSPLinkXmtRelPong
00026ea0   _hEdmaRcv
00026ea4   _hEdmaRcvRelPing
00026ea8   _hEdmaRcvRelPong
00026eac   _hEdmaXmt
00026eb0   _hEdmaXmtRelPing
00026eb4   _hEdmaXmtRelPong
00026e9c   _hMcbsp_AIC23
00027020   _hMcbsp_AIC23_Config
00026f60   _hMcbsp_Link
00016368   _main
00018700   _memcpy
00017728   _read_buffer_audio_out
00026ec8   _ringbuff_audio_in_read_i
00026ecc   _ringbuff_audio_in_write_i
00026ed0   _ringbuff_audio_out_read_i
00026ed4   _ringbuff_audio_out_write_i
00026fec   _rtdxNullChanCnt
00026ff0   _rtdxNullFuncCnt
000263f0   _rtdx_buffer_state
00026410   _rtdx_mon_state
00026ee8   _soundBuffer_i
00026ef4   _t_reg
00025878   _tccAllocTable
00026f7c   _tccBSPLinkRcvPing
00026f80   _tccBSPLinkRcvPong
00026f84   _tccBSPLinkXmtPing
00026f88   _tccBSPLinkXmtPong
00026eb8   _tccRcvPing
00026ebc   _tccRcvPong
00026ec0   _tccXmtPing
00026ec4   _tccXmtPong
00026eec   _time_cnt
000178d0   _tsk_led_toggle
00019640   _wait500nS
000177e0   _write_buffer_audio_in
00017510   _write_decoding_buffer
ffffffff   binit
00022c00   cinit
00000000   edata
00027024   end
0001a980   etext
00000000   hwi0
00000020   hwi1
00000140   hwi10
00000160   hwi11
00000180   hwi12
000001a0   hwi13
000001c0   hwi14
000001e0   hwi15
00000040   hwi2
00000060   hwi3
00000080   hwi4
000000a0   hwi5
000000c0   hwi6
000000e0   hwi7
00000100   hwi8
00000120   hwi9
00027ab4   pinit


GLOBAL SYMBOLS: SORTED BY Symbol Address 

address    name
--------   ----
00000000   .data
00000000   BUF$
00000000   CLK_COUNTSPMSHIGH
00000000   CLK_PRDHIGH
00000000   CLK_TDDR
00000000   CLK_TDDRHIGH
00000000   CLK_TIMERNUM
00000000   DEV$
00000000   DGN$
00000000   DHL$
00000000   DHL_gChannelsAvailable
00000000   DIO$
00000000   DIO_NUMSWIBASE
00000000   DIO_NUMTSKBASE
00000000   DIO_STATIC
00000000   DPI$
00000000   GBL_BIGENDIAN
00000000   GBL_C641XL2PRIORITY
00000000   GBL_CACHE
00000000   GBL_L2CONFIGALLOC
00000000   GBL_L2MARMASK1
00000000   GBL_L2MARMASK2
00000000   GBL_L2MARMASK3
00000000   GBL_L2MARMASK4
00000000   GBL_L2MARMASK5
00000000   GBL_L2MODE
00000000   GBL_L2PRIORITY
00000000   GBL_NULL
00000000   GBL_PROCID
00000000   GBL_ROM
00000000   GBL_SUPPORTCSL
00000000   GIO$
00000000   HOOK$
00000000   HOOK_KNLID
00000000   HST_DSM
00000000   HST_NONE
00000000   HWI_A_VECS
00000000   HWI_GENERATE_RESET_VEC
00000000   HWI_INT10$hwi
00000000   HWI_INT11$hwi
00000000   HWI_INT12$hwi
00000000   HWI_INT13$hwi
00000000   HWI_INT14$hwi
00000000   HWI_INT15$hwi
00000000   HWI_INT4$hwi
00000000   HWI_INT5$hwi
00000000   HWI_INT6$hwi
00000000   HWI_INT7$hwi
00000000   HWI_INT8$hwi
00000000   HWI_INT9$hwi
00000000   HWI_NMI$hwi
00000000   HWI_POLARITYMASK
00000000   HWI_RESERVED0$hwi
00000000   HWI_RESERVED1$hwi
00000000   HWI_RESET
00000000   HWI_RESET$hwi
00000000   IDL_busyObj$iB
00000000   IDL_busyObj$operation
00000000   KNL_swi$pri
00000000   KNL_swi$sts$unittype
00000000   KNL_swi$swi
00000000   LOG_system$datatype
00000000   LOG_system$log
00000000   MBX$
00000000   MEM_NULL
00000000   MEM_USEMPC
00000000   MSGQ$
00000000   MSGQ_USEMSGQ
00000000   OBJ$
00000000   PIP$
00000000   PIP_gNextId
00000000   POOL$
00000000   POOL_USEPOOL
00000000   PRD_Sek$mode
00000000   PRD_Sek$prd
00000000   PRD_Sek$sts$filter
00000000   PRD_swi$sts$unittype
00000000   PRD_swi$swi
00000000   RTA_fromHost$hst
00000000   RTA_fromHost$mode
00000000   RTA_toHost$hst
00000000   RTA_toHost$id
00000000   RTDX_MODE
00000000   RTDX_USERTEXECUTION
00000000   SIO$
00000000   SWI_ADC_In_Ping$sts$unittype
00000000   SWI_ADC_In_Ping$swi
00000000   SWI_ADC_In_Pong$sts$unittype
00000000   SWI_ADC_In_Pong$swi
00000000   SWI_ADC_Out_Ping$sts$unittype
00000000   SWI_ADC_Out_Ping$swi
00000000   SWI_ADC_Out_Pong$sts$unittype
00000000   SWI_ADC_Out_Pong$swi
00000000   SWI_BSPLink_In_Ping$sts$unittype
00000000   SWI_BSPLink_In_Ping$swi
00000000   SWI_BSPLink_In_Pong$sts$unittype
00000000   SWI_BSPLink_In_Pong$swi
00000000   SWI_BSPLink_Out_Ping$sts$unittype
00000000   SWI_BSPLink_Out_Ping$swi
00000000   SWI_BSPLink_Out_Pong$sts$unittype
00000000   SWI_BSPLink_Out_Pong$swi
00000000   SWI_Decode_Buffer$sts$unittype
00000000   SWI_Decode_Buffer$swi
00000000   SWI_EHOOKFXN
00000000   SWI_Encode_Buffer$sts$unittype
00000000   SWI_Encode_Buffer$swi
00000000   SWI_IHOOKFXN
00000000   TSK_LEDTOGGLE$sts$unittype
00000000   TSK_LEDTOGGLE$tsk
00000000   TSK_NUM_HOOKS
00000000   TSK_READYFXN
00000000   TSK_STACKSEG
00000000   TSK_SWITCHFXN
00000000   TSK_idle$pri
00000000   TSK_idle$sts$unittype
00000000   TSK_idle$tsk
00000000   UDEV$
00000000   _CLK_TDDR
00000000   _CLK_TIMERNUM
00000000   _GBL_CACHE
00000000   _HWI_RESET
00000000   _RTDX_interrupt_mask
00000000   ___data__
00000000   ___edata__
00000000   edata
00000000   hwi0
00000001   BUF_ENABLED
00000001   CLK$
00000001   CLK_CALDIV
00000001   CLK_HTIMEDIV
00000001   CLK_LTIMEDIV
00000001   CLK_USETIMER
00000001   GBL$
00000001   GBL_CALLCSLCFGINIT
00000001   GBL_ENABLEINST
00000001   GBL_L2CONFIGURE
00000001   GBL_L2MARMASK
00000001   GBL_USERINIT
00000001   GBL_boot
00000001   HST$
00000001   HST_RTDX
00000001   HWI$
00000001   HWI_NMI
00000001   HWI_ZEROTAB
00000001   IDL$
00000001   IDL_USECLKIDLTIME
00000001   IDL_busyObj$filter
00000001   IDL_busyObj$iA
00000001   IDL_busyObj$iC
00000001   ISRC$
00000001   KNL_swi$dorta
00000001   KNL_swi$sts$filtmaxmult
00000001   KNL_swi$sts$filtsummult
00000001   LCK$
00000001   LOG$
00000001   LOG_A_TABLEN
00000001   LOG_ENABLED
00000001   MEM$
00000001   MEM_gNumHeap
00000001   PRD$
00000001   PRD_A_TABLEN
00000001   PRD_Sek$ord
00000001   PRD_swi$dorta
00000001   PRD_swi$ord
00000001   PRD_swi$pri
00000001   PRD_swi$sts$filtmaxmult
00000001   PRD_swi$sts$filtsummult
00000001   QUE$
00000001   RTA_fromHost$id
00000001   RTA_toHost$mode
00000001   RTDX$
00000001   RTDX_NORMALIZED_HDR
00000001   RTDX_USERTDX
00000001   SEM$
00000001   STS$
00000001   SWI$
00000001   SWI_ADC_In_Ping$dorta
00000001   SWI_ADC_In_Ping$sts$filtmaxmult
00000001   SWI_ADC_In_Ping$sts$filtsummult
00000001   SWI_ADC_In_Pong$dorta
00000001   SWI_ADC_In_Pong$sts$filtmaxmult
00000001   SWI_ADC_In_Pong$sts$filtsummult
00000001   SWI_ADC_Out_Ping$dorta
00000001   SWI_ADC_Out_Ping$sts$filtmaxmult
00000001   SWI_ADC_Out_Ping$sts$filtsummult
00000001   SWI_ADC_Out_Pong$dorta
00000001   SWI_ADC_Out_Pong$sts$filtmaxmult
00000001   SWI_ADC_Out_Pong$sts$filtsummult
00000001   SWI_BSPLink_In_Ping$dorta
00000001   SWI_BSPLink_In_Ping$sts$filtmaxmult
00000001   SWI_BSPLink_In_Ping$sts$filtsummult
00000001   SWI_BSPLink_In_Pong$dorta
00000001   SWI_BSPLink_In_Pong$sts$filtmaxmult
00000001   SWI_BSPLink_In_Pong$sts$filtsummult
00000001   SWI_BSPLink_Out_Ping$dorta
00000001   SWI_BSPLink_Out_Ping$sts$filtmaxmult
00000001   SWI_BSPLink_Out_Ping$sts$filtsummult
00000001   SWI_BSPLink_Out_Pong$dorta
00000001   SWI_BSPLink_Out_Pong$sts$filtmaxmult
00000001   SWI_BSPLink_Out_Pong$sts$filtsummult
00000001   SWI_Decode_Buffer$dorta
00000001   SWI_Decode_Buffer$sts$filtmaxmult
00000001   SWI_Decode_Buffer$sts$filtsummult
00000001   SWI_Encode_Buffer$dorta
00000001   SWI_Encode_Buffer$sts$filtmaxmult
00000001   SWI_Encode_Buffer$sts$filtsummult
00000001   SYS$
00000001   TSK$
00000001   TSK_LEDTOGGLE$sts$filtmaxmult
00000001   TSK_LEDTOGGLE$sts$filtsummult
00000001   TSK_PRIORITY
00000001   TSK_idle$ord
00000001   TSK_idle$sts$filtmaxmult
00000001   TSK_idle$sts$filtsummult
00000001   _CLK_USETIMER
00000001   _HWI_NMI
00000001   _LOG_A_TABLEN
00000002   HWI_RESERVED0
00000002   IDL_busyObj$unittype
00000002   KNL_swi$ord
00000002   KNL_swi$sts$filter
00000002   PIP_A_TABLEN
00000002   PIP_gNumEmbed
00000002   PRD_Sek$sts$unittype
00000002   PRD_swi$sts$filter
00000002   SWI_ADC_In_Ping$sts$filter
00000002   SWI_ADC_In_Pong$sts$filter
00000002   SWI_ADC_Out_Ping$sts$filter
00000002   SWI_ADC_Out_Pong$sts$filter
00000002   SWI_BSPLink_In_Ping$sts$filter
00000002   SWI_BSPLink_In_Pong$sts$filter
00000002   SWI_BSPLink_Out_Ping$sts$filter
00000002   SWI_BSPLink_Out_Pong$sts$filter
00000002   SWI_Decode_Buffer$sts$filter
00000002   SWI_Encode_Buffer$sts$filter
00000002   TSK_LEDTOGGLE$pri
00000002   TSK_LEDTOGGLE$sts$filter
00000002   TSK_idle$sts$filter
00000002   _HWI_RESERVED0
00000002   _RTDX_JTAGONLY
00000003   HWI_RESERVED1
00000003   SWI_BSPLink_In_Ping$ord
00000003   TSK_LEDTOGGLE$ord
00000003   _HWI_RESERVED1
00000004   CLK_CALMULT
00000004   CLK_HTIMEMULT
00000004   HWI_INT4
00000004   RTA_fromHost$framesize
00000004   SWI_ADC_In_Ping$pri
00000004   SWI_ADC_In_Pong$pri
00000004   SWI_ADC_Out_Ping$pri
00000004   SWI_ADC_Out_Pong$pri
00000004   SWI_BSPLink_In_Ping$pri
00000004   SWI_BSPLink_In_Pong$ord
00000004   SWI_BSPLink_In_Pong$pri
00000004   SWI_BSPLink_Out_Ping$pri
00000004   SWI_BSPLink_Out_Pong$pri
00000004   SWI_Encode_Buffer$pri
00000004   _HWI_INT4
00000005   HWI_INT5
00000005   SWI_ADC_Out_Ping$ord
00000005   SWI_Decode_Buffer$pri
00000005   _HWI_INT5
00000006   HWI_INT6
00000006   IDL_CALIBRERROR
00000006   SWI_ADC_Out_Pong$ord
00000006   _HWI_INT6
00000007   HWI_INT7
00000007   SWI_ADC_In_Ping$ord
00000007   _HWI_INT7
00000008   HWI_INT8
00000008   PRD_SCALAR
00000008   SWI_ADC_In_Pong$ord
00000008   _HWI_INT8
00000009   HWI_INT9
00000009   SWI_BSPLink_Out_Ping$ord
00000009   _HWI_INT9
0000000a   HWI_INT10
0000000a   SWI_BSPLink_Out_Pong$ord
0000000a   _HWI_INT10
0000000b   HWI_INT11
0000000b   SWI_Decode_Buffer$ord
0000000b   _HWI_INT11
0000000c   HWI_INT12
0000000c   SWI_A_TABLEN
0000000c   SWI_Encode_Buffer$ord
0000000c   _HWI_INT12
0000000d   HWI_INT13
0000000d   _HWI_INT13
0000000e   HWI_INT14
0000000e   _HWI_INT14
0000000f   HWI_INT15
0000000f   _HWI_INT15
00000020   CLK_TCR
00000020   hwi1
0000003e   GBL_DSPTYPE
00000040   HST_MAXFRAMESET
00000040   LOG_system$size
00000040   RTA_toHost$framesize
00000040   hwi2
00000042   GBL_FOOTPRINT
00000060   hwi3
00000064   PIP_OBJSIZE
00000080   hwi4
000000a0   hwi5
000000c0   hwi6
000000e0   hwi7
000000ff   HST_MAXFRAMEALLOWED
00000100   hwi8
00000120   hwi9
00000140   hwi10
00000160   hwi11
00000180   hwi12
000001a0   hwi13
000001c0   hwi14
000001e0   hwi15
00000200   _AIC_Buffer_in_ping
000003e8   CLK_MICROSECS
000003e8   PRD_Sek$period
00000400   HST_DSMMEMSIZE
00000400   TSK_STACKSIZE
00000408   RTDX_BUFMEMSIZE
000009d0   _AIC_Buffer_in_pong
000011a0   _AIC_Buffer_out_ping
00001770   GBL_CLKTYPE
00001970   _AIC_Buffer_out_pong
00001a39   GBL_DSPSUBTYPE
00002140   _Ringbuffer_Audio_in
00002226   GBL_L2ALLOC
000038b0   _Ringbuffer_Audio_out
00004000   CLK_INTBIT
00004000   __STACK_SIZE
00004e20   GBL_CLKIN
00005020   _Decoding_Buffer
00005205   GBL_A_VERSION
00005308   HWI_CFGDISPATCHED
00005308   _HWI_CFGDISPATCHED
00005408   _Encoding_Buffer
000057f0   _Debug_Buff_ping
00005fc0   _Debug_Buff_pong
00006790   _Debug_Buff
00008000   SDRAM$L
00008000   _SDRAM_length
0000dbba   CLK_COUNTSPMS
0000dbba   CLK_HTIMEPERLTIME
0000dbba   CLK_PRD
0000dbba   _CLK_COUNTSPMS
0000dbba   _CLK_PRD
0000dbef   GBL_TRCMASKVALUE
000151f0   _BSPLinkBuffer_in_ping
0001563c   _BSPLinkBuffer_in_pong
00015a88   _BSPLinkBuffer_out_ping
00015ed4   _BSPLinkBuffer_out_pong
00016320   .text
00016320   ___text__
00016368   _main
000164f0   _config_AIC23_EDMA
00016a64   _config_interrupts
00016af8   _EDMA_ISR
00016fa4   _ADC_Out_Ping
00016fd0   _ADC_Out_Pong
00016ffc   _ADC_In_Ping
00017040   _ADC_In_Pong
00017084   _BSPLink_In_Ping
000170c4   _BSPLink_In_Pong
00017104   _BSPLink_Out_Ping
000171c4   _BSPLink_Out_Pong
00017284   _decode_buffer
00017330   _encode_buffer
000173c4   _framing_link_data
00017510   _write_decoding_buffer
00017728   _read_buffer_audio_out
000177e0   _write_buffer_audio_in
000178a4   _SWI_LEDToggle
000178d0   _tsk_led_toggle
000179a0   _config_BSPLink
00017a6c   _config_BSPLink_EDMA
0001804c   _DSK6713_init
00018368   _DSK6713_rget
0001837c   _DSK6713_rset
00018390   _DSK6713_wait
000183e8   _DSK6713_waitusec
00018414   _DSK6713_getVersion
00018480   _EDMA_open
00018700   _memcpy
00018940   _Config_DSK6713_AIC23
00018b80   __CSL_init
00018da0   _DSK6713_LED_init
00018de0   _DSK6713_LED_off
00018e50   _DSK6713_LED_on
00018ec0   _DSK6713_LED_toggle
00018f80   _IRQ_map
00019300   _EDMA_allocTable
000194a0   _MCBSP_reset
00019640   _wait500nS
00019668   GBL_USERINITFXN
00019668   _GBL_setPLLto225MHz
000197c0   _call_dtors
00019920   _EDMA_reset
00019a60   _TIMER_open
00019ba0   _TIMER_reset
00019cc0   _EDMA_intAlloc
00019dc0   _MCBSP_open
00019ec0   _MCBSP_start
00019fc0   _EDMA_config
0001a0a0   __strasg
0001a180   _atexit
0001a320   _MCBSP_close
0001a3c0   _MCBSP_config
0001a460   __IRQ_init
0001a5a0   _EDMA_disableChannel
0001a600   _EDMA_enableChannel
0001a660   _EDMA_intEnable
0001a6c0   _EDMA_qdmaConfig
0001a720   _EDMA_link
0001a760   _IRQ_enable
0001a7a0   ___add_dtor
0001a7e0   _CSL6713_LIB_
0001a800   _EDMA_intClear
0001a820   _EDMA_intTest
0001a840   _IRQ_clear
0001a860   _IRQ_globalEnable
0001a880   _MCBSP_getRcvAddr
0001a8a0   _MCBSP_getXmtAddr
0001a8c0   _MCBSP_write
0001a8e0   _MCBSP_xrdy
0001a900   __nop
0001a920   __register_lock
0001a940   __register_unlock
0001a960   __IRQ_hookFetchPacket
0001a980   LNK_F_checkBufferCall
0001a980   ___etext__
0001a980   etext
0001a9a0   LNK_F_getChanPtr
0001a9f8   LNK_F_init
0001aa00   LNK_F_dataPump
0001aa14   LNK_rcloop
0001aae0   LNK_rdrtry
0001aaf0   LNK_rrloop
0001abb4   LNK_wrrtry
0001abc4   LNK_wrloop
0001aca0   LNK_newin
0001ade0   LNK_newout
0001af44   LNK_F_readCallBack
0001b3b4   __GBL_setL2CacheMode
0001b560   SWI_F_enable
0001b560   __SWI_lat3beg
0001b5cc   __SWI_lat3end
0001b5d0   SWI_F_post
0001b5d0   _SWI_post
0001b70c   __SWI_lat1beg
0001b77c   SWI_EXECFXN
0001b77c   SWI_F_exec
0001b7a8   SWI_F_iexec
0001b7c0   __SWI_lat1end
0001b7c4   __SWI_lat2beg
0001b834   __SWI_lat2end
0001b838   SWI_F_run
0001b838   SWI_RUNFXN
0001baa0   CLK_HOOKFXN
0001baa0   HWI_F_dispatch
0001baa0   _HWI_F_dispatch
0001baa0   __HWI_lat1beg
0001bc20   __HWI_lat1end
0001bc20   __HWI_lat2beg
0001bd4c   __HWI_lat2end2
0001bd7c   __HWI_lat3end2
0001bdc0   __HWI_lat2end1
0001bde0   __HWI_lat3beg
0001bee0   __HWI_lat3end1
0001bf00   PRD_F_swi
0001c1c0   PRD_F_tick
0001c2a0   _KNL_run
0001c560   RTA_F_getlog
0001c5a4   RTA_F_getsts
0001c5ec   RTA_F_readblk
0001c60c   RTA_F_writeword
0001c618   RTA_F_resetmem
0001c618   __RTA_lat1beg
0001c650   __RTA_lat1end
0001c658   RTA_F_dispatch
0001c6a8   RTA_execute
0001c820   _SEM_pendEnterKnl
0001cd20   PRD_THOOKFXN
0001cd20   _KNL_tick
0001cd40   PIP_F_take
0001cdd4   PIP_F_give
0001cdd4   PIP_F_probe
0001cea8   PIP_F_start
0001cf80   __SEM_dopost
0001d1a0   _TSK_setup
0001d3a0   _KNL_saveIsrFrame
0001d46c   _KNL_switch
0001d520   KNL_glue
0001d560   CLK_F_getltime
0001d574   CLK_F_isr
0001d6d4   CLK_F_itime
0001d6d4   _CLK_F_itime
0001d6d4   _CLK_itime
0001d6f0   __CLK_lat1beg
0001d71c   __CLK_lat1end
0001d720   _TSK_exit
0001d8c0   __auto_init
0001db00   _TSK_startup
0001dbc0   _KNL_check
0001dc10   __KNL_lat1beg
0001dc98   _KNL_idle
0001dc98   __KNL_lat1end
0001dcbc   _KNL_max
0001dd00   _GBL_cslCacheInit
0001dde0   _KNL_exit
0001de34   _KNL_enter
0001dec0   _SEM_postEnterKnl
0001dfa0   _SEM_post
0001dfa0   _SEM_postBinary
0001e080   _CLK_measure
0001e160   _KNL_ipost
0001e220   _KNL_post
0001e2e0   _LCK_post
0001e310   _LCK_pend
0001e3a0   _SYS_exit
0001e460   CLK_F_getfhtime
0001e480   CLK_F_gethtime
0001e480   CLK_F_getshtime
0001e480   CLK_TIMEFXN
0001e520   FXN_F_nop
0001e528   FXN_F_run
0001e528   _FXN_F_run
0001e578   FXN_F_zero
0001e578   _FXN_F_zero
0001e5a0   IDL_F_busy
0001e5a0   __IDL_lat1beg
0001e5f0   __IDL_lat1end
0001e620   LOG_F_event
0001e620   _LOG_event
0001e620   __LOG_lat1beg
0001e6a0   STS_F_delta
0001e6a0   _STS_delta
0001e6d8   STS_F_add
0001e6d8   _STS_add
0001e704   STS_F_reset
0001e704   _STS_reset
0001e720   IDL_F_calibrate
0001e7a0   _HWI_disable
0001e7b8   _HWI_enable
0001e7cc   _HWI_restore
0001e800   _SEM_pendBinary
0001e860   _SEM_pend
0001e8c0   _SWI_disable
0001e8e8   _SWI_enable
0001e920   _SYS_abort
0001e980   SYS_PUTCFXN
0001e980   _UTL_doPutc
0001e9e0   _CLK_start
0001ea40   IDL_CALIBRFXN
0001ea40   IDL_F_stub
0001ea80   RTA_F_andn
0001eaa0   RTA_F_or
0001eac0   SYS_ABORTFXN
0001eac0   _UTL_doAbort
0001eb00   _CLK_stop
0001eb40   GIO_CREATEFXN
0001eb40   GIO_DELETEFXN
0001eb40   GIO_PENDFXN
0001eb40   GIO_POSTFXN
0001eb40   TSK_VCREATEFXN
0001eb40   TSK_VDELETEFXN
0001eb40   TSK_VEXITFXN
0001eb40   _FXN_F_nop
0001eb60   _GBL_getVersion
0001eb80   IDL_F_loop
0001eb80   _IDL_loop
0001eba0   _STS_set
0001ebc0   SYS_ERRORFXN
0001ebc0   _UTL_doError
0001ebe0   SYS_EXITFXN
0001ebe0   _UTL_halt
0001ec00   GBL_stackbeg
0001ec00   _HWI_STKTOP
0001ec00   __stack
00022bf8   _HWI_STKBOTTOM
00022bff   GBL_stackend
00022c00   __STACK_END
00022c00   ___cinit__
00022c00   cinit
000245a4   LOG_A_TABBEG
000245a4   LOG_system
000245a4   _LOG_A_TABBEG
000245a4   _LOG_system
000245bc   LOG_A_TABEND
000245bc   _LOG_A_TABEND
000245c0   _RTDX_Poll
000249c0   _RTDX_Buffer_WriteCB
00025000   _RTDX_Mon_Queue
00025220   _RTDX_Init_RT_Monitor
000252a0   _RTDX_Buffer_Initialize
00025300   _RTDX_Buffer_ReadCB
00025360   _RTDX_Buffer_Size
000253a0   _RTDX_Final_RT_Monitor
000253e0   _RTDX_Buffer_Read
00025400   _RTDX_Buffer_Write
00025440   _RTDX_Mask_IER
00025460   ___atexit_func_id__
00025610   __IRQ_eventTable
00025694   __IRQ_intTable
000256d4   __IRQ_dispatchTable
000256dc   _KNL_queues
0002577c   _KNL_dummy
000257b4   _TSK_ATTRS
000257d0   _TSK_config
000257f0   _TSK_timerSem
00025810   _OBJ_table
00025848   _OBJ_segtab
00025878   _tccAllocTable
000258b8   __TSK_mutex
000258e0   __MEM_mutex
00025908   _BSPLink_interface_config
00025928   _configEDMABSPLinkRcv
00025940   _configEDMABSPLinkXmt
00025958   _datainterface_config
00025978   _configEDMARcv
00025990   _configEDMAXmt
000259d8   __MCBSP_hDev0
000259dc   __MCBSP_hDev1
00025a3c   __TIMER_deviceTable
00025a54   __TIMER_hDev0
00025a58   __TIMER_hDev1
00025a5c   __TIMER_hBios
00025a60   _SYS_exitStack
00025a9c   __cleanup_ptr
00025aa0   __dtors_ptr
00025aa4   ___TI_enable_exit_profile_output
00025aa8   __lock
00025aac   __unlock
00025ab0   _dtors
00025ab4   _DSK6713_version
00025ab8   CLK_A_TABBEG
00025ab8   PRD_clock
00025ab8   _PRD_clock
00025abc   CLK_null
00025ac0   BIOS_init
00025ac0   _BIOS_init
00025c3c   BIOS$$CLKON
00025c7c   BIOS$$CLKOFF
00025ce4   BIOS_start
00025ce4   _BIOS_start
00025da0   _MEM_init
00025e80   _c_int00
00025f40   _TSK_init
00025fc0   _OBJ_init
00025fe0   _RTDX_Buffer
000263e8   _RTDX_Buffer_Start
000263ec   _RTDX_Buffer_End
000263f0   _rtdx_buffer_state
000263fc   _RTDX_writing
00026410   _rtdx_mon_state
00026430   TSK_LEDTOGGLE$stack
000267c8   TSK_LEDTOGGLE$stkptr
00026830   TSK_idle$stack
00026bc8   TSK_idle$stkptr
00026c30   $bss
00026c30   .bss
00026c30   _HWI_dispatchTab
00026c30   ___bss__
00026d30   IDL_D_tabbeg
00026d34   IDL_D_calibrate
00026d38   IDL_D_calbeg
00026d3c   LOG_D_system
00026d3c   _LOG_D_system
00026d40   PIP_D_tabbeg
00026d44   PIP_D_tablen
00026d48   CLK_R_time
00026d4c   CLK_D_timefxn
00026d50   CLK_D_tabbeg
00026d54   CLK_D_isrhook
00026d58   CLK_D_idletime
00026d5c   _CLK_htimeDiv
00026d60   _CLK_htimeMult
00026d64   _CLK_ltimeDiv
00026d68   _CLK_ltimeMult
00026d6c   _CLK_D_dirty
00026d70   _CLK_D_prd
00026d74   _CLK_D_tddr
00026d78   _CLK_D_countspms
00026d7c   PRD_D_tick
00026d7c   _PRD_D_tick
00026d80   PRD_D_cur
00026d84   PRD_D_elapsed
00026d88   PRD_D_prevtim
00026d8c   PRD_D_scalar
00026d90   PRD_D_swihandle
00026d94   PRD_D_tabbeg
00026d98   PRD_D_tablen
00026d9c   PRD_D_thook
00026da0   RTA_D_fromHost
00026da4   RTA_D_toHost
00026da8   RTA_D_logval
00026db8   RTA_D_stsval
00026dc4   HST_D_chanmask
00026dc8   HST_D_tabbeg
00026dcc   HST_D_tabend
00026dd0   _GBL_procId
00026dd4   _GBL_clkIn
00026dd8   _GBL_freq
00026ddc   _MEM_D_NUMSEGMENTS
00026de0   _MEM_D_memtab
00026de4   _MEM_D_freelist
00026de8   _MEM_D_lockaddr
00026dec   _MEM_D_unlockaddr
00026df0   _SYS
00026df4   __HOOK_knlId
00026df8   __HOOK_NUMHOOKS
00026dfc   SWI_D_runaddr
00026dfc   _SWI_D_runaddr
00026dfc   _SWI_data
00026e00   SWI_D_execaddr
00026e00   _SWI_D_execaddr
00026e04   SWI_D_curmask
00026e04   _SWI_D_curmask
00026e08   SWI_D_curset
00026e08   _SWI_D_curset
00026e0c   SWI_D_lock
00026e0c   _SWI_D_lock
00026e10   SWI_D_curmbox
00026e14   SWI_D_curfxn
00026e14   _SWI_D_curfxn
00026e18   SWI_D_rdybeg
00026e18   _SWI_D_rdybeg
00026e1c   SWI_D_inswi
00026e1c   _SWI_D_inswi
00026e20   SWI_D_rdytab
00026e98   _debug_buff_i
00026e9c   _hMcbsp_AIC23
00026ea0   _hEdmaRcv
00026ea4   _hEdmaRcvRelPing
00026ea8   _hEdmaRcvRelPong
00026eac   _hEdmaXmt
00026eb0   _hEdmaXmtRelPing
00026eb4   _hEdmaXmtRelPong
00026eb8   _tccRcvPing
00026ebc   _tccRcvPong
00026ec0   _tccXmtPing
00026ec4   _tccXmtPong
00026ec8   _ringbuff_audio_in_read_i
00026ecc   _ringbuff_audio_in_write_i
00026ed0   _ringbuff_audio_out_read_i
00026ed4   _ringbuff_audio_out_write_i
00026ed8   _Decoding_Buffer_i
00026edc   _decoding_buff_valid
00026ee0   _Encoding_Buffer_i
00026ee4   _encoding_buff_valid
00026ee5   _dataDetected
00026ee8   _soundBuffer_i
00026eec   _time_cnt
00026ef0   _configComplete
00026ef4   _t_reg
00026f18   _KNL_wFlag
00026f1c   _KNL_wList
00026f20   _KNL_alarm
00026f24   _KNL_setpri
00026f28   _KNL_inactive
00026f2c   _KNL_priority
00026f30   _KNL_set
00026f34   _KNL_curtask
00026f38   _KNL_prevtask
00026f3c   _KNL_curtime
00026f40   _KNL_swiptr
00026f44   _KNL_curqueue
00026f48   _KNL_maxqueue
00026f4c   _KNL_tswitchfxn
00026f50   _KNL_tcreatefxn
00026f54   _KNL_tdeletefxn
00026f58   _KNL_treadyfxn
00026f5c   _KNL_idlefxn
00026f60   _hMcbsp_Link
00026f64   _hEdmaBSPLinkRcv
00026f68   _hEdmaBSPLinkRcvRelPing
00026f6c   _hEdmaBSPLinkRcvRelPong
00026f70   _hEdmaBSPLinkXmt
00026f74   _hEdmaBSPLinkXmtRelPing
00026f78   _hEdmaBSPLinkXmtRelPong
00026f7c   _tccBSPLinkRcvPing
00026f80   _tccBSPLinkRcvPong
00026f84   _tccBSPLinkXmtPing
00026f88   _tccBSPLinkXmtPong
00026f8c   _MEM_memtab
00026f98   MEM_MALLOCSEG
00026f98   MEM_SEGZERO
00026f98   SDRAM
00026f98   _SDRAM
00026f9c   RTA_fromHost$pipe$dtab
00026fa8   RTA_toHost$pipe$dtab
00026fb4   HWI_D_spsave
00026fb4   _HWI_D_spsave
00026fb4   _HWI_data
00026fc0   _HWI_D_inhwi
00026fc4   HWI_D_bss
00026fc8   HWI_D_ccmask
00026fcc   LNK_dspFrameRequestMask
00026fcc   _LNK_dspFrameRequestMask
00026fd0   LNK_dspFrameReadyMask
00026fd0   _LNK_dspFrameReadyMask
00026fd4   LNK_readPend
00026fd4   _LNK_readPend
00026fd8   LNK_readDone
00026fd8   _LNK_readDone
00026fdc   LNK_readFail
00026fdc   _LNK_readFail
00026fe0   LNK_writeFail
00026fe0   _LNK_writeFail
00026fec   _rtdxNullChanCnt
00026ff0   _rtdxNullFuncCnt
00026ff4   _TSK_nTasks
00026ff8   _TSK_pid
00026ffc   _TSK
00027000   _CLK_DFLTMICROSECS
00027004   _CLK_D_microseconds
00027008   _SYS_exitStackPtr
0002700c   _SYS_exitStackTop
00027010   _CLK_htimePerLtime
00027018   IDL_D_busyObj
0002701c   _MEM
00027020   _hMcbsp_AIC23_Config
00027024   PRD_SWIHANDLE
00027024   PRD_swi
00027024   SWI_A_TABBEG
00027024   _PRD_swi
00027024   ___end__
00027024   end
00027050   KNL_swi
00027050   _KNL_swi
0002707c   SWI_BSPLink_In_Ping
0002707c   _SWI_BSPLink_In_Ping
000270a8   SWI_BSPLink_In_Pong
000270a8   _SWI_BSPLink_In_Pong
000270d4   SWI_ADC_Out_Ping
000270d4   _SWI_ADC_Out_Ping
00027100   SWI_ADC_Out_Pong
00027100   _SWI_ADC_Out_Pong
0002712c   SWI_ADC_In_Ping
0002712c   _SWI_ADC_In_Ping
00027158   SWI_ADC_In_Pong
00027158   _SWI_ADC_In_Pong
00027184   SWI_BSPLink_Out_Ping
00027184   _SWI_BSPLink_Out_Ping
000271b0   SWI_BSPLink_Out_Pong
000271b0   _SWI_BSPLink_Out_Pong
000271dc   SWI_Decode_Buffer
000271dc   _SWI_Decode_Buffer
00027208   SWI_Encode_Buffer
00027208   _SWI_Encode_Buffer
00027234   SWI_A_TABEND
00027234   _SYS_PUTCBEG
00027433   _SYS_PUTCEND
00027434   PIP_A_TABBEG
00027434   RTA_fromHost$pipe
00027434   _PIP_A_TABBEG
00027438   RTA_fromHost$pipe$rd
00027464   RTA_fromHost$pipe$aaa
00027468   RTA_fromHost$pipe$wr
00027494   RTA_fromHost$pipe$bbb
00027498   RTA_toHost$pipe
0002749c   RTA_toHost$pipe$rd
000274c8   RTA_toHost$pipe$aaa
000274cc   RTA_toHost$pipe$wr
000274f8   RTA_toHost$pipe$bbb
000274fc   PIP_A_TABEND
000274fc   _PIP_A_TABEND
00027500   LOG_system$buf
00027600   RTA_toHost$buf
00027700   PRD_Sek$sts$stsobj
00027700   STS_A_TABBEG
00027700   _STS_A_TABBEG
00027704   PRD_Sek$sts
00027710   PRD_swi$sts$stsobj
00027714   PRD_swi$sts
00027720   KNL_swi$sts$stsobj
00027724   KNL_swi$sts
00027730   SWI_BSPLink_In_Ping$sts$stsobj
00027734   SWI_BSPLink_In_Ping$sts
00027740   SWI_BSPLink_In_Pong$sts$stsobj
00027744   SWI_BSPLink_In_Pong$sts
00027750   SWI_ADC_Out_Ping$sts$stsobj
00027754   SWI_ADC_Out_Ping$sts
00027760   SWI_ADC_Out_Pong$sts$stsobj
00027764   SWI_ADC_Out_Pong$sts
00027770   SWI_ADC_In_Ping$sts$stsobj
00027774   SWI_ADC_In_Ping$sts
00027780   SWI_ADC_In_Pong$sts$stsobj
00027784   SWI_ADC_In_Pong$sts
00027790   SWI_BSPLink_Out_Ping$sts$stsobj
00027794   SWI_BSPLink_Out_Ping$sts
000277a0   SWI_BSPLink_Out_Pong$sts$stsobj
000277a4   SWI_BSPLink_Out_Pong$sts
000277b0   SWI_Decode_Buffer$sts$stsobj
000277b4   SWI_Decode_Buffer$sts
000277c0   SWI_Encode_Buffer$sts$stsobj
000277c4   SWI_Encode_Buffer$sts
000277d0   TSK_idle$sts$stsobj
000277d4   TSK_idle$sts
000277e0   TSK_LEDTOGGLE$sts$stsobj
000277e4   TSK_LEDTOGGLE$sts
000277f0   IDL_busyObj$stsobj
000277f4   IDL_busyObj
000277f4   _IDL_busyObj
00027800   STS_A_TABEND
00027800   _STS_A_TABEND
0002780c   TSK_idle
0002780c   _TSK_idle
0002786c   TSK_LEDTOGGLE
0002786c   _TSK_LEDTOGGLE
00027975   PRD_Sek$sts$maxfmt
0002797e   PRD_Sek$sts$sumfmt
00027987   PRD_Sek$sts$avgfmt
00027992   PRD_swi$sts$maxfmt
0002799a   PRD_swi$sts$sumfmt
000279a2   PRD_swi$sts$avgfmt
000279ac   KNL_swi$sts$maxfmt
000279b4   KNL_swi$sts$sumfmt
000279bc   KNL_swi$sts$avgfmt
000279c4   HST_A_TABBEG
000279c4   _HST_A_TABBEG
000279c6   SWI_BSPLink_In_Ping$sts$maxfmt
000279c8   RTA_fromHost
000279c8   _RTA_fromHost
000279ce   SWI_BSPLink_In_Ping$sts$sumfmt
000279d0   RTA_fromHost$rtdx
000279d6   SWI_BSPLink_In_Ping$sts$avgfmt
000279e0   SWI_BSPLink_In_Pong$sts$maxfmt
000279e4   RTA_toHost
000279e4   _RTA_toHost
000279e8   SWI_BSPLink_In_Pong$sts$sumfmt
000279ec   RTA_toHost$rtdx
000279f0   SWI_BSPLink_In_Pong$sts$avgfmt
000279fa   SWI_ADC_Out_Ping$sts$maxfmt
00027a00   HST_A_TABEND
00027a00   _HST_A_TABEND
00027a02   SWI_ADC_Out_Ping$sts$sumfmt
00027a0a   SWI_ADC_Out_Ping$sts$avgfmt
00027a0c   SEM_LEDToggle
00027a0c   _SEM_LEDToggle
00027a14   SWI_ADC_Out_Pong$sts$maxfmt
00027a1c   SWI_ADC_Out_Pong$sts$sumfmt
00027a24   SWI_ADC_Out_Pong$sts$avgfmt
00027a2e   SWI_ADC_In_Ping$sts$maxfmt
00027a36   SWI_ADC_In_Ping$sts$sumfmt
00027a3e   SWI_ADC_In_Ping$sts$avgfmt
00027a48   SWI_ADC_In_Pong$sts$maxfmt
00027a50   SWI_ADC_In_Pong$sts$sumfmt
00027a54   PRD_A_TABBEG
00027a54   PRD_Sek
00027a54   _PRD_Sek
00027a58   SWI_ADC_In_Pong$sts$avgfmt
00027a62   SWI_BSPLink_Out_Ping$sts$maxfmt
00027a6a   SWI_BSPLink_Out_Ping$sts$sumfmt
00027a70   PRD_Sek$aaa
00027a72   SWI_BSPLink_Out_Ping$sts$avgfmt
00027a74   PRD_A_TABEND
00027a74   RTA_fromHost$buf
00027a7c   SWI_BSPLink_Out_Pong$sts$maxfmt
00027a84   IDL_A_TABBEG
00027a84   IDL_cpuLoad
00027a84   SWI_BSPLink_Out_Pong$sts$sumfmt
00027a84   _IDL_cpuLoad
00027a88   LNK_dataPump
00027a88   _LNK_dataPump
00027a8c   RTA_dispatcher
00027a8c   SWI_BSPLink_Out_Pong$sts$avgfmt
00027a8c   _RTA_dispatcher
00027a90   IDL_END
00027a94   IDL_A_CALBEG
00027a94   IDL_cpuLoad$
00027a96   SWI_Decode_Buffer$sts$maxfmt
00027a98   LNK_dataPump$
00027a9c   RTA_dispatcher$
00027a9e   SWI_Decode_Buffer$sts$sumfmt
00027aa0   IDL_END$
00027aa4   SYS$config
00027aa6   SWI_Decode_Buffer$sts$avgfmt
00027ab0   SWI_Encode_Buffer$sts$maxfmt
00027ab4   ___pinit__
00027ab4   pinit
00027ab8   SWI_Encode_Buffer$sts$sumfmt
00027ac0   SWI_Encode_Buffer$sts$avgfmt
00027ac0   TRC_cinit
00027ac4   TRC_R_mask
00027ac4   _TRC_R_mask
00027ac8   GBL_initdone
00027aca   TSK_idle$sts$maxfmt
00027ad2   TSK_idle$sts$sumfmt
00027ada   TSK_idle$sts$avgfmt
00027ae4   TSK_LEDTOGGLE$sts$maxfmt
00027aec   TSK_LEDTOGGLE$sts$sumfmt
00027af4   TSK_LEDTOGGLE$sts$avgfmt
00027afe   IDL_busyObj$maxfmt
00027b01   IDL_busyObj$sumfmt
00027b04   IDL_busyObj$avgfmt
00036ee8   CLK_LTIMEMULT
00036ee8   GBL_FREQ
01940000   CLK_REGS
01940000   _CLK_REGS
082039a3   HWI_INTRMULTHIGH
250718a4   HWI_INTRMULTLOW
80000000   SDRAM$B
80000000   _SDRAM_base
80008000   _MySinus
ffffffff   HST_DSMBUFSEG
ffffffff   IRAM
ffffffff   RTDX_DATAMEMSEG
ffffffff   _IRAM
ffffffff   ___TI_pprof_out_hndl
ffffffff   ___TI_prof_data_size
ffffffff   ___TI_prof_data_start
ffffffff   ___binit__
ffffffff   ___c_args__
ffffffff   binit

[1016 symbols]
