******************************************************************************
               TMS320C6x Linker PC v7.4.14                     
******************************************************************************
>> Linked Wed Jun 15 15:44:24 2016

OUTPUT FILE NAME:   <my_dsp_project.out>
ENTRY POINT SYMBOL: "_c_int00"  address: 000270c0


MEMORY CONFIGURATION

         name            origin    length      used     unused   attr    fill
----------------------  --------  ---------  --------  --------  ----  --------
  IRAM                  00000000   0003e000  00028d1d  000152e3  RWIX
  SDRAM                 80000000   00800000  000084c4  007f7b3c  RWIX


SECTION ALLOCATION MAP

 output                                  attributes/
section   page    origin      length       input sections
--------  ----  ----------  ----------   ----------------
.data      0    00000000    00000000     UNINITIALIZED

.vers      0    00000000    00000044     COPY SECTION
                  00000000    00000044     my_dsp_projectcfg.obj (.vers)

.hwi_vec   0    00000000    00000200     
                  00000000    00000200     my_dsp_projectcfg.obj (.hwi_vec)

.datenpuffer 
*          0    00000200    00016120     UNINITIALIZED
                  00000200    00014ff0     skeleton.obj (.datenpuffer)
                  000151f0    00001130     config_BSPLink.obj (.datenpuffer)

.text      0    00016320    000054a0     
                  00016320    00001f00     skeleton.obj (.text)
                  00018220    00000660     config_BSPLink.obj (.text)
                  00018880    00000480     dsk6713bsl.lib : dsk6713.obj (.text)
                  00018d00    00000300     rts6700.lib : divf.obj (.text:__divf)
                  00019000    00000280     csl6713.lib : csl_edma.obj (.text:_EDMA_open)
                  00019280    00000240     rts6700.lib : memcpy62.obj (.text:_memcpy)
                  000194c0    00000240     config_AIC23.obj (.text)
                  00019700    00000220     csl6713.lib : csl.obj (.text:__CSL_init)
                  00019920    000001e0     dsk6713bsl.lib : dsk6713_led.obj (.text)
                  00019b00    000001c0     csl6713.lib : csl_irq.obj (.text:_IRQ_map)
                  00019cc0    000001c0                 : csl_irq.obj (.text:_mux2Tables)
                  00019e80    000001a0                 : csl_edma.obj (.text:_EDMA_allocTable)
                  0001a020    000001a0                 : csl_mcbsp.obj (.text:_MCBSP_reset)
                  0001a1c0    00000180     bios.a67 : gbl_cslpllinit62.o67 (.text)
                  0001a340    00000160     rts6700.lib : sinit.obj (.text:_call_dtors)
                  0001a4a0    00000140     csl6713.lib : csl_edma.obj (.text:_EDMA_reset)
                  0001a5e0    00000140                 : csl_timer.obj (.text:_TIMER_open)
                  0001a720    00000120                 : csl_timer.obj (.text:_TIMER_reset)
                  0001a840    00000120     rts6700.lib : divi.obj (.text:__divi)
                  0001a960    00000120                 : memset.obj (.text:_memset)
                  0001aa80    00000100     csl6713.lib : csl_edma.obj (.text:_EDMA_intAlloc)
                  0001ab80    00000100                 : csl_mcbsp.obj (.text:_MCBSP_open)
                  0001ac80    00000100                 : csl_mcbsp.obj (.text:_MCBSP_start)
                  0001ad80    000000e0                 : csl_edma.obj (.text:_EDMA_config)
                  0001ae60    000000e0     rts6700.lib : strasg.obj (.text:__strasg)
                  0001af40    000000e0                 : atexit.obj (.text:_atexit)
                  0001b020    000000c0     bios.a67 : tsk_stup.o67 (.text)
                  0001b0e0    000000a0     csl6713.lib : csl_mcbsp.obj (.text:_MCBSP_close)
                  0001b180    000000a0                 : csl_mcbsp.obj (.text:_MCBSP_config)
                  0001b220    000000a0                 : csl_irq.obj (.text:__IRQ_init)
                  0001b2c0    000000a0                 : csl_irq.obj (.text:_setMux)
                  0001b360    00000080     dsk6713bsl.lib : dsk6713_dip.obj (.text)
                  0001b3e0    00000060     csl6713.lib : csl_edma.obj (.text:_EDMA_disableChannel)
                  0001b440    00000060                 : csl_edma.obj (.text:_EDMA_enableChannel)
                  0001b4a0    00000060                 : csl_edma.obj (.text:_EDMA_intEnable)
                  0001b500    00000060                 : csl_edma.obj (.text:_EDMA_qdmaConfig)
                  0001b560    00000040                 : csl_edma.obj (.text:_EDMA_link)
                  0001b5a0    00000040                 : csl_irq.obj (.text:_IRQ_enable)
                  0001b5e0    00000040     rts6700.lib : sinit.obj (.text:___add_dtor)
                  0001b620    00000020     csl6713.lib : csl.obj (.text:_CSL6713_LIB_)
                  0001b640    00000020                 : csl_edma.obj (.text:_EDMA_intClear)
                  0001b660    00000020                 : csl_edma.obj (.text:_EDMA_intTest)
                  0001b680    00000020                 : csl_irq.obj (.text:_IRQ_clear)
                  0001b6a0    00000020                 : csl_irq.obj (.text:_IRQ_globalEnable)
                  0001b6c0    00000020                 : csl_mcbsp.obj (.text:_MCBSP_getRcvAddr)
                  0001b6e0    00000020                 : csl_mcbsp.obj (.text:_MCBSP_getXmtAddr)
                  0001b700    00000020                 : csl_mcbsp.obj (.text:_MCBSP_write)
                  0001b720    00000020                 : csl_mcbsp.obj (.text:_MCBSP_xrdy)
                  0001b740    00000020     rts6700.lib : _lock.obj (.text:__nop)
                  0001b760    00000020                 : _lock.obj (.text:__register_lock)
                  0001b780    00000020                 : _lock.obj (.text:__register_unlock)
                  0001b7a0    00000020     csl6713.lib : csl_irq.obj (.text)

.bios      0    0001b7c0    00004280     
                  0001b7c0    00000600     lnkrtdx.a67 : rtdx.o67 (.bios)
                  0001bdc0    000005e0     bios.a67 : gbl_setL2CacheMode.o67 (.bios)
                  0001c3a0    00000540              : swi.o67 (.bios)
                  0001c8e0    00000460              : hwi_disp_asm.o67 (.bios)
                  0001cd40    000003a0              : prd.o67 (.bios)
                  0001d0e0    000002c0              : knl_run.o67 (.bios)
                  0001d3a0    000002c0              : rta.o67 (.bios)
                  0001d660    000002c0              : sem_pend.o67 (.bios)
                  0001d920    00000260              : knl_tick.o67 (.bios)
                  0001db80    00000240              : pip.o67 (.bios)
                  0001ddc0    00000220              : sem_dopo.o67 (.bios)
                  0001dfe0    00000200              : tsk_setu.o67 (.bios)
                  0001e1e0    000001c0              : knl_swit.o67 (.bios)
                  0001e3a0    000001c0     biosC6000.a67 : clk.o67 (.bios)
                  0001e560    000001a0     bios.a67 : tsk_exit.o67 (.bios)
                  0001e700    00000180              : autoinit.o67 (.bios)
                  0001e880    00000180              : tsk_stup.o67 (.bios)
                  0001ea00    00000140              : knl_chec.o67 (.bios)
                  0001eb40    000000e0              : gbl_cslcacheinit.o67 (.bios)
                  0001ec20    000000e0              : knl_exit.o67 (.bios)
                  0001ed00    000000e0              : sem_post.o67 (.bios)
                  0001ede0    000000e0              : sem_post_asm.o67 (.bios)
                  0001eec0    000000e0     biosC6000.a67 : clk_meas.o67 (.bios)
                  0001efa0    000000c0     bios.a67 : knl_ipos.o67 (.bios)
                  0001f060    000000c0              : knl_post.o67 (.bios)
                  0001f120    000000c0              : lck.o67 (.bios)
                  0001f1e0    000000c0              : sys_exit.o67 (.bios)
                  0001f2a0    000000c0     biosC6000.a67 : clk_htime.o67 (.bios)
                  0001f360    00000080     bios.a67 : fxn.o67 (.bios)
                  0001f3e0    00000080              : idl_busy.o67 (.bios)
                  0001f460    00000080              : log.o67 (.bios)
                  0001f4e0    00000080              : sts.o67 (.bios)
                  0001f560    00000080     biosC6000.a67 : idl_cal.o67 (.bios)
                  0001f5e0    00000060     bios.a67 : hwi_c.o67 (.bios)
                  0001f640    00000060              : sem_pend_binary.o67 (.bios)
                  0001f6a0    00000060              : sem_pend_counting.o67 (.bios)
                  0001f700    00000060              : swi_disable.o67 (.bios)
                  0001f760    00000060              : sys_abor.o67 (.bios)
                  0001f7c0    00000060              : utl_putc.o67 (.bios)
                  0001f820    00000060     biosC6000.a67 : clk_start.o67 (.bios)
                  0001f880    00000040     bios.a67 : idl_stub.o67 (.bios)
                  0001f8c0    00000040              : rta_andn.o67 (.bios)
                  0001f900    00000040              : utl_doab.o67 (.bios)
                  0001f940    00000040     biosC6000.a67 : clk_stop.o67 (.bios)
                  0001f980    00000020     bios.a67 : fxn_c.o67 (.bios)
                  0001f9a0    00000020              : gbl_vers.o67 (.bios)
                  0001f9c0    00000020              : idl.o67 (.bios)
                  0001f9e0    00000020              : sts_set.o67 (.bios)
                  0001fa00    00000020              : utl_doer.o67 (.bios)
                  0001fa20    00000020              : utl_halt.o67 (.bios)

.stack     0    0001fa40    00004000     UNINITIALIZED
                  0001fa40    00004000     --HOLE--

.cinit     0    00023a40    00001db4     
                  00023a40    00000b74     my_dsp_projectcfg.obj (.cinit)
                  000245b4    00000004     --HOLE-- [fill = 0]
                  000245b8    000006cc     skeleton.obj (.cinit)
                  00024c84    00000004     --HOLE-- [fill = 0]
                  00024c88    0000026c     bios.a67 : biosdata.o67 (.cinit)
                  00024ef4    00000004     --HOLE-- [fill = 0]
                  00024ef8    000001a4              : knl.o67 (.cinit)
                  0002509c    00000004     --HOLE-- [fill = 0]
                  000250a0    0000012c     csl6713.lib : csl_irq.obj (.cinit)
                  000251cc    00000004     --HOLE-- [fill = 0]
                  000251d0    000000b0     bios.a67 : swi.o67 (.cinit)
                  00025280    00000080              : tsk.o67 (.cinit)
                  00025300    00000078     config_BSPLink.obj (.cinit)
                  00025378    00000070     csl6713.lib : csl_edma.obj (.cinit)
                  000253e8    00000060     bios.a67 : tsk_stup.o67 (.cinit)
                  00025448    0000005c     lnkrtdx.a67 : rtdx.o67 (.cinit)
                  000254a4    00000004     --HOLE-- [fill = 0]
                  000254a8    00000054     csl6713.lib : csl_mcbsp.obj (.cinit)
                  000254fc    00000004     --HOLE-- [fill = 0]
                  00025500    0000004c     bios.a67 : rta.o67 (.cinit)
                  0002554c    00000004     --HOLE-- [fill = 0]
                  00025550    0000004c     csl6713.lib : csl_timer.obj (.cinit)
                  0002559c    00000004     --HOLE-- [fill = 0]
                  000255a0    0000004c     rtdx.lib : buffer1.o62 (.cinit)
                  000255ec    00000004     --HOLE-- [fill = 0]
                  000255f0    00000048     config_AIC23.obj (.cinit)
                  00025638    0000003c     csl6713.lib : csl.obj (.cinit)
                  00025674    00000004     --HOLE-- [fill = 0]
                  00025678    00000034     bios.a67 : hwi.o67 (.cinit)
                  000256ac    00000004     --HOLE-- [fill = 0]
                  000256b0    0000002c              : utl_putc.o67 (.cinit)
                  000256dc    00000004     --HOLE-- [fill = 0]
                  000256e0    0000002c     rts6700.lib : exit.obj (.cinit)
                  0002570c    00000004     --HOLE-- [fill = 0]
                  00025710    00000024     bios.a67 : obj_init.o67 (.cinit)
                  00025734    00000004     --HOLE-- [fill = 0]
                  00025738    0000001c              : sys.o67 (.cinit)
                  00025754    00000004     --HOLE-- [fill = 0]
                  00025758    0000001c     rts6700.lib : _lock.obj (.cinit)
                  00025774    00000004     --HOLE-- [fill = 0]
                  00025778    0000001c                 : atexit.obj (.cinit)
                  00025794    00000004     --HOLE-- [fill = 0]
                  00025798    00000018     bios.a67 : knl_tick.o67 (.cinit)
                  000257b0    0000000c              : gbl_setL2CacheMode.o67 (.cinit)
                  000257bc    00000004     --HOLE-- [fill = 0]
                  000257c0    0000000c              : idl_busy.o67 (.cinit)
                  000257cc    00000004     --HOLE-- [fill = 0]
                  000257d0    0000000c              : knl_swit.o67 (.cinit)
                  000257dc    00000004     --HOLE-- [fill = 0]
                  000257e0    0000000c     rts6700.lib : sinit.obj (.cinit)
                  000257ec    00000004     --HOLE-- [fill = 0]
                  000257f0    00000004     (.pad.cinit) [fill = 0]

.pinit     0    000257f4    0000000c     
                  000257f4    00000004     rtdx.lib : buffer1.o62 (.pinit)
                  000257f8    00000004              : rtdx_mon.o62 (.pinit)
                  000257fc    00000004     --HOLE-- [fill = 0]

.rtdx_text 
*          0    00025800    00000ea0     
                  00025800    00000400     rtdx.lib : rtdx_mon.o62 (.rtdx_text:_RTDX_Poll)
                  00025c00    00000340              : buffer1.o62 (.rtdx_text:_RTDX_Buffer_WriteCB)
                  00025f40    00000300              : buffer1.o62 (.rtdx_text:_RTDX_write_next)
                  00026240    00000140              : rtdx_mon.o62 (.rtdx_text:_RTDX_Mon_Queue)
                  00026380    000000e0              : buffer1.o62 (.rtdx_text:_claim)
                  00026460    00000080              : rtdx_mon.o62 (.rtdx_text:_RTDX_Init_RT_Monitor)
                  000264e0    00000060              : buffer1.o62 (.rtdx_text:_RTDX_Buffer_Initialize)
                  00026540    00000060              : buffer2.o62 (.rtdx_text:_RTDX_Buffer_ReadCB)
                  000265a0    00000040              : buffer1.o62 (.rtdx_text:_RTDX_Buffer_Size)
                  000265e0    00000040              : rtdx_mon.o62 (.rtdx_text:_RTDX_Final_RT_Monitor)
                  00026620    00000020              : buffer2.o62 (.rtdx_text:_RTDX_Buffer_Read)
                  00026640    00000020              : buffer1.o62 (.rtdx_text:_RTDX_Buffer_Write)
                  00026660    00000020              : rtdx_mon.o62 (.rtdx_text:_RTDX_checksum)
                  00026680    00000020              : intr_tgt.o62 (.rtdx_text)

.far       0    000266a0    00000658     UNINITIALIZED
                  000266a0    00000188     rts6700.lib : atexit.obj (.far)
                  00026828    000000f4     csl6713.lib : csl_irq.obj (.far)
                  0002691c    000000d8     bios.a67 : knl.o67 (.far)
                  000269f4    0000005c              : tsk.o67 (.far)
                  00026a50    00000054              : obj_init.o67 (.far)
                  00026aa4    00000054     csl6713.lib : csl_edma.obj (.far)
                  00026af8    00000050     bios.a67 : tsk_stup.o67 (.far)
                  00026b48    00000050     config_BSPLink.obj (.far)
                  00026b98    00000050     skeleton.obj (.far)
                  00026be8    00000038     csl6713.lib : csl_mcbsp.obj (.far)
                  00026c20    00000034     config_AIC23.obj (.far)
                  00026c54    00000028     csl6713.lib : csl.obj (.far)
                  00026c7c    00000024                 : csl_timer.obj (.far)
                  00026ca0    00000020     bios.a67 : sys.o67 (.far)
                  00026cc0    00000010              : knl_tick.o67 (.far)
                  00026cd0    0000000c              : utl_putc.o67 (.far)
                  00026cdc    0000000c     rts6700.lib : exit.obj (.far)
                  00026ce8    00000008                 : _lock.obj (.far)
                  00026cf0    00000004                 : sinit.obj (.far)
                  00026cf4    00000002     dsk6713bsl.lib : dsk6713.obj (.far)
                  00026cf6    00000002                    : dsk6713_led.obj (.far)

.clk       0    00026cf8    00000008     UNINITIALIZED
                  00026cf8    00000008     my_dsp_projectcfg.obj (.clk)

.sysinit   0    00026d00    00000520     
                  00026d00    000002e0     my_dsp_projectcfg.obj (.sysinit)
                  00026fe0    000000e0     bios.a67 : mem_init.o67 (.sysinit)
                  000270c0    000000c0              : boot.o67 (.sysinit)
                  00027180    00000080              : tsk_init.o67 (.sysinit)
                  00027200    00000020              : obj_init.o67 (.sysinit)

.rtdx_data 
*          0    00027220    0000044c     UNINITIALIZED
                  00027220    00000410     my_dsp_projectcfg.obj (.rtdx_data)
                  00027630    00000020     rtdx.lib : buffer1.o62 (.rtdx_data)
                  00027650    0000001c              : rtdx_mon.o62 (.rtdx_data)

.args      0    0002766c    00000004     
                  0002766c    00000004     --HOLE-- [fill = 0]

.TSK_LEDTOGGLE$stk 
*          0    00027670    00000400     UNINITIALIZED
                  00027670    00000400     my_dsp_projectcfg.obj (.TSK_LEDTOGGLE$stk)

.TSK_idle$stk 
*          0    00027a70    00000400     UNINITIALIZED
                  00027a70    00000400     my_dsp_projectcfg.obj (.TSK_idle$stk)

.bss       0    00027e70    000003fc     UNINITIALIZED
                  00027e70    00000100     bios.a67 : hwi_disp_asm.o67 (.bss)
                  00027f70    000000cc              : biosdata.o67 (.bss)
                  0002803c    0000009c              : swi.o67 (.bss)
                  000280d8    00000088     skeleton.obj (.bss)
                  00028160    00000048     bios.a67 : knl.o67 (.bss)
                  000281a8    0000002c     config_BSPLink.obj (.bss)
                  000281d4    00000028     my_dsp_projectcfg.obj (.bss)
                  000281fc    00000018     bios.a67 : hwi.o67 (.bss)
                  00028214    00000018     lnkrtdx.a67 : rtdx.o67 (.bss)
                  0002822c    00000010     rtdx.lib : buffer1.o62 (.bss)
                  0002823c    0000000c     bios.a67 : tsk.o67 (.bss)
                  00028248    00000008              : clk_data.o67 (.bss)
                  00028250    00000008              : sys.o67 (.bss)
                  00028258    00000004              : clk_data2.o67 (.bss)
                  0002825c    00000004              : gbl_setL2CacheMode.o67 (.bss)
                  00028260    00000004              : idl_busy.o67 (.bss)
                  00028264    00000004              : mem_asm.o67 (.bss)
                  00028268    00000004     config_AIC23.obj (.bss)

.swi       0    0002826c    00000210     UNINITIALIZED
                  0002826c    00000210     my_dsp_projectcfg.obj (.swi)

.trace     0    0002847c    00000200     
                  0002847c    00000200     --HOLE-- [fill = 00000000]

.gblinit   0    0002867c    0000004c     
                  0002867c    0000004c     my_dsp_projectcfg.obj (.gblinit)

.sem       0    000286c8    0000002c     UNINITIALIZED
                  000286c8    0000002c     my_dsp_projectcfg.obj (.sem)

.trcdata   0    000286f4    0000000c     
                  000286f4    0000000c     bios.a67 : trc.o67 (.trcdata)

.LOG_system$buf 
*          0    00028700    00000100     UNINITIALIZED
                  00028700    00000100     my_dsp_projectcfg.obj (.LOG_system$buf)

.hst0      0    00028800    00000100     UNINITIALIZED
                  00028800    00000100     my_dsp_projectcfg.obj (.hst0)

.sts       0    00028900    00000100     
                  00028900    00000100     my_dsp_projectcfg.obj (.sts)

.pip       0    00028a00    000000c8     UNINITIALIZED
                  00028a00    000000c8     my_dsp_projectcfg.obj (.pip)

.tsk       0    00028ac8    000000c0     UNINITIALIZED
                  00028ac8    000000c0     my_dsp_projectcfg.obj (.tsk)

.const     0    00028b88    000000b5     
                  00028b88    0000004e     bios.a67 : tsk_stup.o67 (.const)
                  00028bd6    00000023              : utl_doab.o67 (.const)
                  00028bf9    00000022              : utl_doer.o67 (.const)
                  00028c1b    00000001     --HOLE-- [fill = 0]
                  00028c1c    00000020     dsk6713bsl.lib : dsk6713.obj (.const)
                  00028c3c    00000001     bios.a67 : tsk.o67 (.const)

.printf    0    00028c3d    00000194     COPY SECTION
                  00028c3d    00000194     my_dsp_projectcfg.obj (.printf)

.hst       0    00028c40    0000003c     UNINITIALIZED
                  00028c40    0000003c     my_dsp_projectcfg.obj (.hst)

.switch    0    00028c7c    00000028     
                  00028c7c    00000028     rtdx.lib : rtdx_mon.o62 (.switch)

.prd       0    00028ca4    00000020     UNINITIALIZED
                  00028ca4    00000020     my_dsp_projectcfg.obj (.prd)

.log       0    00028cc4    00000018     
                  00028cc4    00000018     my_dsp_projectcfg.obj (.log)

.hst1      0    00028cdc    00000010     UNINITIALIZED
                  00028cdc    00000010     my_dsp_projectcfg.obj (.hst1)

.idl       0    00028cec    00000010     UNINITIALIZED
                  00028cec    00000010     my_dsp_projectcfg.obj (.idl)

.idlcal    0    00028cfc    00000010     UNINITIALIZED
                  00028cfc    00000010     my_dsp_projectcfg.obj (.idlcal)

.sys       0    00028d0c    00000010     UNINITIALIZED
                  00028d0c    00000010     my_dsp_projectcfg.obj (.sys)

.mem       0    00028d1c    00000004     UNINITIALIZED
                  00028d1c    00000004     my_dsp_projectcfg.obj (.mem)

.SDRAM$heap 
*          0    80000000    00008000     UNINITIALIZED
                  80000000    00008000     --HOLE--

.sounds    0    80008000    000004c4     UNINITIALIZED
                  80008000    000004c4     skeleton.obj (.sounds)


GLOBAL SYMBOLS: SORTED ALPHABETICALLY BY Name 

address    name
--------   ----
00027e70   $bss
00027e70   .bss
00000000   .data
00016320   .text
00026ebc   BIOS$$CLKOFF
00026e7c   BIOS$$CLKON
00026d00   BIOS_init
00026f24   BIOS_start
00000000   BUF$
00000001   BUF_ENABLED
00000001   CLK$
00026cf8   CLK_A_TABBEG
00000001   CLK_CALDIV
00000004   CLK_CALMULT
0000dbba   CLK_COUNTSPMS
00000000   CLK_COUNTSPMSHIGH
00027f98   CLK_D_idletime
00027f94   CLK_D_isrhook
00027f90   CLK_D_tabbeg
00027f8c   CLK_D_timefxn
0001f2a0   CLK_F_getfhtime
0001f2c0   CLK_F_gethtime
0001e3a0   CLK_F_getltime
0001f2c0   CLK_F_getshtime
0001e3b4   CLK_F_isr
0001e514   CLK_F_itime
0001c8e0   CLK_HOOKFXN
00000001   CLK_HTIMEDIV
00000004   CLK_HTIMEMULT
0000dbba   CLK_HTIMEPERLTIME
00004000   CLK_INTBIT
00000001   CLK_LTIMEDIV
00036ee8   CLK_LTIMEMULT
000003e8   CLK_MICROSECS
0000dbba   CLK_PRD
00000000   CLK_PRDHIGH
01940000   CLK_REGS
00027f88   CLK_R_time
00000020   CLK_TCR
00000000   CLK_TDDR
00000000   CLK_TDDRHIGH
0001f2c0   CLK_TIMEFXN
00000000   CLK_TIMERNUM
00000001   CLK_USETIMER
00026cfc   CLK_null
00000000   DEV$
00000000   DGN$
00000000   DHL$
00000000   DHL_gChannelsAvailable
00000000   DIO$
00000000   DIO_NUMSWIBASE
00000000   DIO_NUMTSKBASE
00000000   DIO_STATIC
00000000   DPI$
0001f360   FXN_F_nop
0001f368   FXN_F_run
0001f3b8   FXN_F_zero
00000001   GBL$
00005205   GBL_A_VERSION
00000000   GBL_BIGENDIAN
00000000   GBL_C641XL2PRIORITY
00000000   GBL_CACHE
00000001   GBL_CALLCSLCFGINIT
00004e20   GBL_CLKIN
00001770   GBL_CLKTYPE
00001a39   GBL_DSPSUBTYPE
0000003e   GBL_DSPTYPE
00000001   GBL_ENABLEINST
00000042   GBL_FOOTPRINT
00036ee8   GBL_FREQ
00002226   GBL_L2ALLOC
00000000   GBL_L2CONFIGALLOC
00000001   GBL_L2CONFIGURE
00000001   GBL_L2MARMASK
00000000   GBL_L2MARMASK1
00000000   GBL_L2MARMASK2
00000000   GBL_L2MARMASK3
00000000   GBL_L2MARMASK4
00000000   GBL_L2MARMASK5
00000000   GBL_L2MODE
00000000   GBL_L2PRIORITY
00000000   GBL_NULL
00000000   GBL_PROCID
00000000   GBL_ROM
00000000   GBL_SUPPORTCSL
0000dbef   GBL_TRCMASKVALUE
00000001   GBL_USERINIT
0001a1e8   GBL_USERINITFXN
00000001   GBL_boot
000286fc   GBL_initdone
0001fa40   GBL_stackbeg
00023a3f   GBL_stackend
00000000   GIO$
0001f980   GIO_CREATEFXN
0001f980   GIO_DELETEFXN
0001f980   GIO_PENDFXN
0001f980   GIO_POSTFXN
00000000   HOOK$
00000000   HOOK_KNLID
00000001   HST$
00028c40   HST_A_TABBEG
00028c7c   HST_A_TABEND
00000000   HST_DSM
ffffffff   HST_DSMBUFSEG
00000400   HST_DSMMEMSIZE
00028004   HST_D_chanmask
00028008   HST_D_tabbeg
0002800c   HST_D_tabend
000000ff   HST_MAXFRAMEALLOWED
00000040   HST_MAXFRAMESET
00000000   HST_NONE
00000001   HST_RTDX
00000001   HWI$
00000000   HWI_A_VECS
00005308   HWI_CFGDISPATCHED
0002820c   HWI_D_bss
00028210   HWI_D_ccmask
000281fc   HWI_D_spsave
0001c8e0   HWI_F_dispatch
00000000   HWI_GENERATE_RESET_VEC
0000000a   HWI_INT10
00000000   HWI_INT10$hwi
0000000b   HWI_INT11
00000000   HWI_INT11$hwi
0000000c   HWI_INT12
00000000   HWI_INT12$hwi
0000000d   HWI_INT13
00000000   HWI_INT13$hwi
0000000e   HWI_INT14
00000000   HWI_INT14$hwi
0000000f   HWI_INT15
00000000   HWI_INT15$hwi
00000004   HWI_INT4
00000000   HWI_INT4$hwi
00000005   HWI_INT5
00000000   HWI_INT5$hwi
00000006   HWI_INT6
00000000   HWI_INT6$hwi
00000007   HWI_INT7
00000000   HWI_INT7$hwi
00000008   HWI_INT8
00000000   HWI_INT8$hwi
00000009   HWI_INT9
00000000   HWI_INT9$hwi
082039a3   HWI_INTRMULTHIGH
250718a4   HWI_INTRMULTLOW
00000001   HWI_NMI
00000000   HWI_NMI$hwi
00000000   HWI_POLARITYMASK
00000002   HWI_RESERVED0
00000000   HWI_RESERVED0$hwi
00000003   HWI_RESERVED1
00000000   HWI_RESERVED1$hwi
00000000   HWI_RESET
00000000   HWI_RESET$hwi
00000001   HWI_ZEROTAB
00000001   IDL$
00028cfc   IDL_A_CALBEG
00028cec   IDL_A_TABBEG
00000006   IDL_CALIBRERROR
0001f880   IDL_CALIBRFXN
00028260   IDL_D_busyObj
00027f78   IDL_D_calbeg
00027f74   IDL_D_calibrate
00027f70   IDL_D_tabbeg
00028cf8   IDL_END
00028d08   IDL_END$
0001f3e0   IDL_F_busy
0001f560   IDL_F_calibrate
0001f9c0   IDL_F_loop
0001f880   IDL_F_stub
00000001   IDL_USECLKIDLTIME
000289f4   IDL_busyObj
00028dcc   IDL_busyObj$avgfmt
00000001   IDL_busyObj$filter
00000001   IDL_busyObj$iA
00000000   IDL_busyObj$iB
00000001   IDL_busyObj$iC
00028dc6   IDL_busyObj$maxfmt
00000000   IDL_busyObj$operation
000289f0   IDL_busyObj$stsobj
00028dc9   IDL_busyObj$sumfmt
00000002   IDL_busyObj$unittype
00028cec   IDL_cpuLoad
00028cfc   IDL_cpuLoad$
ffffffff   IRAM
00000001   ISRC$
0001e360   KNL_glue
00028298   KNL_swi
00000001   KNL_swi$dorta
00000002   KNL_swi$ord
00000000   KNL_swi$pri
00028924   KNL_swi$sts
00028c84   KNL_swi$sts$avgfmt
00000002   KNL_swi$sts$filter
00000001   KNL_swi$sts$filtmaxmult
00000001   KNL_swi$sts$filtsummult
00028c74   KNL_swi$sts$maxfmt
00028920   KNL_swi$sts$stsobj
00028c7c   KNL_swi$sts$sumfmt
00000000   KNL_swi$sts$unittype
00000000   KNL_swi$swi
00000001   LCK$
0001b7c0   LNK_F_checkBufferCall
0001b840   LNK_F_dataPump
0001b7e0   LNK_F_getChanPtr
0001b838   LNK_F_init
0001bd84   LNK_F_readCallBack
00028cf0   LNK_dataPump
00028d00   LNK_dataPump$
00028218   LNK_dspFrameReadyMask
00028214   LNK_dspFrameRequestMask
0001bae0   LNK_newin
0001bc20   LNK_newout
0001b854   LNK_rcloop
0001b920   LNK_rdrtry
00028220   LNK_readDone
00028224   LNK_readFail
0002821c   LNK_readPend
0001b930   LNK_rrloop
00028228   LNK_writeFail
0001ba04   LNK_wrloop
0001b9f4   LNK_wrrtry
00000001   LOG$
00028cc4   LOG_A_TABBEG
00028cdc   LOG_A_TABEND
00000001   LOG_A_TABLEN
00027f7c   LOG_D_system
00000001   LOG_ENABLED
0001f460   LOG_F_event
00028cc4   LOG_system
00028700   LOG_system$buf
00000000   LOG_system$datatype
00000000   LOG_system$log
00000040   LOG_system$size
00000000   MBX$
00000001   MEM$
000281e0   MEM_MALLOCSEG
00000000   MEM_NULL
000281e0   MEM_SEGZERO
00000000   MEM_USEMPC
00000001   MEM_gNumHeap
00000000   MSGQ$
00000000   MSGQ_USEMSGQ
00000000   OBJ$
00000000   PIP$
00028a00   PIP_A_TABBEG
00028ac8   PIP_A_TABEND
00000002   PIP_A_TABLEN
00027f80   PIP_D_tabbeg
00027f84   PIP_D_tablen
0001dc14   PIP_F_give
0001dc14   PIP_F_probe
0001dce8   PIP_F_start
0001db80   PIP_F_take
00000064   PIP_OBJSIZE
00000000   PIP_gNextId
00000002   PIP_gNumEmbed
00000000   POOL$
00000000   POOL_USEPOOL
00000001   PRD$
00028ca4   PRD_A_TABBEG
00028cc4   PRD_A_TABEND
00000001   PRD_A_TABLEN
00027fc0   PRD_D_cur
00027fc4   PRD_D_elapsed
00027fc8   PRD_D_prevtim
00027fcc   PRD_D_scalar
00027fd0   PRD_D_swihandle
00027fd4   PRD_D_tabbeg
00027fd8   PRD_D_tablen
00027fdc   PRD_D_thook
00027fbc   PRD_D_tick
0001cd40   PRD_F_swi
0001d000   PRD_F_tick
00000008   PRD_SCALAR
0002826c   PRD_SWIHANDLE
00028ca4   PRD_Sek
00028cc0   PRD_Sek$aaa
00000000   PRD_Sek$mode
00000001   PRD_Sek$ord
000003e8   PRD_Sek$period
00000000   PRD_Sek$prd
00028904   PRD_Sek$sts
00028c4f   PRD_Sek$sts$avgfmt
00000000   PRD_Sek$sts$filter
00028c3d   PRD_Sek$sts$maxfmt
00028900   PRD_Sek$sts$stsobj
00028c46   PRD_Sek$sts$sumfmt
00000002   PRD_Sek$sts$unittype
0001db60   PRD_THOOKFXN
00026cf8   PRD_clock
0002826c   PRD_swi
00000001   PRD_swi$dorta
00000001   PRD_swi$ord
00000001   PRD_swi$pri
00028914   PRD_swi$sts
00028c6a   PRD_swi$sts$avgfmt
00000002   PRD_swi$sts$filter
00000001   PRD_swi$sts$filtmaxmult
00000001   PRD_swi$sts$filtsummult
00028c5a   PRD_swi$sts$maxfmt
00028910   PRD_swi$sts$stsobj
00028c62   PRD_swi$sts$sumfmt
00000000   PRD_swi$sts$unittype
00000000   PRD_swi$swi
00000001   QUE$
00027fe0   RTA_D_fromHost
00027fe8   RTA_D_logval
00027ff8   RTA_D_stsval
00027fe4   RTA_D_toHost
0001f8c0   RTA_F_andn
0001d498   RTA_F_dispatch
0001d3a0   RTA_F_getlog
0001d3e4   RTA_F_getsts
0001f8e0   RTA_F_or
0001d42c   RTA_F_readblk
0001d458   RTA_F_resetmem
0001d44c   RTA_F_writeword
00028cf4   RTA_dispatcher
00028d04   RTA_dispatcher$
0001d4e8   RTA_execute
00028c44   RTA_fromHost
00028cdc   RTA_fromHost$buf
00000004   RTA_fromHost$framesize
00000000   RTA_fromHost$hst
00000001   RTA_fromHost$id
00000000   RTA_fromHost$mode
00028a00   RTA_fromHost$pipe
00028a30   RTA_fromHost$pipe$aaa
00028a60   RTA_fromHost$pipe$bbb
000281e4   RTA_fromHost$pipe$dtab
00028a04   RTA_fromHost$pipe$rd
00028a34   RTA_fromHost$pipe$wr
00028c4c   RTA_fromHost$rtdx
00028c60   RTA_toHost
00028800   RTA_toHost$buf
00000040   RTA_toHost$framesize
00000000   RTA_toHost$hst
00000000   RTA_toHost$id
00000001   RTA_toHost$mode
00028a64   RTA_toHost$pipe
00028a94   RTA_toHost$pipe$aaa
00028ac4   RTA_toHost$pipe$bbb
000281f0   RTA_toHost$pipe$dtab
00028a68   RTA_toHost$pipe$rd
00028a98   RTA_toHost$pipe$wr
00028c68   RTA_toHost$rtdx
00000001   RTDX$
00000408   RTDX_BUFMEMSIZE
ffffffff   RTDX_DATAMEMSEG
00000000   RTDX_MODE
00000001   RTDX_NORMALIZED_HDR
00000001   RTDX_USERTDX
00000000   RTDX_USERTEXECUTION
000281e0   SDRAM
80000000   SDRAM$B
00008000   SDRAM$L
00000001   SEM$
000286d4   SEM_LEDToggle
00000000   SIO$
00000001   STS$
00028900   STS_A_TABBEG
00028a00   STS_A_TABEND
0001f518   STS_F_add
0001f4e0   STS_F_delta
0001f544   STS_F_reset
00000001   SWI$
00028374   SWI_ADC_In_Ping
00000001   SWI_ADC_In_Ping$dorta
00000007   SWI_ADC_In_Ping$ord
00000004   SWI_ADC_In_Ping$pri
00028974   SWI_ADC_In_Ping$sts
00028d06   SWI_ADC_In_Ping$sts$avgfmt
00000002   SWI_ADC_In_Ping$sts$filter
00000001   SWI_ADC_In_Ping$sts$filtmaxmult
00000001   SWI_ADC_In_Ping$sts$filtsummult
00028cf6   SWI_ADC_In_Ping$sts$maxfmt
00028970   SWI_ADC_In_Ping$sts$stsobj
00028cfe   SWI_ADC_In_Ping$sts$sumfmt
00000000   SWI_ADC_In_Ping$sts$unittype
00000000   SWI_ADC_In_Ping$swi
000283a0   SWI_ADC_In_Pong
00000001   SWI_ADC_In_Pong$dorta
00000008   SWI_ADC_In_Pong$ord
00000004   SWI_ADC_In_Pong$pri
00028984   SWI_ADC_In_Pong$sts
00028d20   SWI_ADC_In_Pong$sts$avgfmt
00000002   SWI_ADC_In_Pong$sts$filter
00000001   SWI_ADC_In_Pong$sts$filtmaxmult
00000001   SWI_ADC_In_Pong$sts$filtsummult
00028d10   SWI_ADC_In_Pong$sts$maxfmt
00028980   SWI_ADC_In_Pong$sts$stsobj
00028d18   SWI_ADC_In_Pong$sts$sumfmt
00000000   SWI_ADC_In_Pong$sts$unittype
00000000   SWI_ADC_In_Pong$swi
0002831c   SWI_ADC_Out_Ping
00000001   SWI_ADC_Out_Ping$dorta
00000005   SWI_ADC_Out_Ping$ord
00000004   SWI_ADC_Out_Ping$pri
00028954   SWI_ADC_Out_Ping$sts
00028cd2   SWI_ADC_Out_Ping$sts$avgfmt
00000002   SWI_ADC_Out_Ping$sts$filter
00000001   SWI_ADC_Out_Ping$sts$filtmaxmult
00000001   SWI_ADC_Out_Ping$sts$filtsummult
00028cc2   SWI_ADC_Out_Ping$sts$maxfmt
00028950   SWI_ADC_Out_Ping$sts$stsobj
00028cca   SWI_ADC_Out_Ping$sts$sumfmt
00000000   SWI_ADC_Out_Ping$sts$unittype
00000000   SWI_ADC_Out_Ping$swi
00028348   SWI_ADC_Out_Pong
00000001   SWI_ADC_Out_Pong$dorta
00000006   SWI_ADC_Out_Pong$ord
00000004   SWI_ADC_Out_Pong$pri
00028964   SWI_ADC_Out_Pong$sts
00028cec   SWI_ADC_Out_Pong$sts$avgfmt
00000002   SWI_ADC_Out_Pong$sts$filter
00000001   SWI_ADC_Out_Pong$sts$filtmaxmult
00000001   SWI_ADC_Out_Pong$sts$filtsummult
00028cdc   SWI_ADC_Out_Pong$sts$maxfmt
00028960   SWI_ADC_Out_Pong$sts$stsobj
00028ce4   SWI_ADC_Out_Pong$sts$sumfmt
00000000   SWI_ADC_Out_Pong$sts$unittype
00000000   SWI_ADC_Out_Pong$swi
0002826c   SWI_A_TABBEG
0002847c   SWI_A_TABEND
0000000c   SWI_A_TABLEN
000282c4   SWI_BSPLink_In_Ping
00000001   SWI_BSPLink_In_Ping$dorta
00000003   SWI_BSPLink_In_Ping$ord
00000008   SWI_BSPLink_In_Ping$pri
00028934   SWI_BSPLink_In_Ping$sts
00028c9e   SWI_BSPLink_In_Ping$sts$avgfmt
00000002   SWI_BSPLink_In_Ping$sts$filter
00000001   SWI_BSPLink_In_Ping$sts$filtmaxmult
00000001   SWI_BSPLink_In_Ping$sts$filtsummult
00028c8e   SWI_BSPLink_In_Ping$sts$maxfmt
00028930   SWI_BSPLink_In_Ping$sts$stsobj
00028c96   SWI_BSPLink_In_Ping$sts$sumfmt
00000000   SWI_BSPLink_In_Ping$sts$unittype
00000000   SWI_BSPLink_In_Ping$swi
000282f0   SWI_BSPLink_In_Pong
00000001   SWI_BSPLink_In_Pong$dorta
00000004   SWI_BSPLink_In_Pong$ord
00000007   SWI_BSPLink_In_Pong$pri
00028944   SWI_BSPLink_In_Pong$sts
00028cb8   SWI_BSPLink_In_Pong$sts$avgfmt
00000002   SWI_BSPLink_In_Pong$sts$filter
00000001   SWI_BSPLink_In_Pong$sts$filtmaxmult
00000001   SWI_BSPLink_In_Pong$sts$filtsummult
00028ca8   SWI_BSPLink_In_Pong$sts$maxfmt
00028940   SWI_BSPLink_In_Pong$sts$stsobj
00028cb0   SWI_BSPLink_In_Pong$sts$sumfmt
00000000   SWI_BSPLink_In_Pong$sts$unittype
00000000   SWI_BSPLink_In_Pong$swi
000283cc   SWI_BSPLink_Out_Ping
00000001   SWI_BSPLink_Out_Ping$dorta
00000009   SWI_BSPLink_Out_Ping$ord
00000004   SWI_BSPLink_Out_Ping$pri
00028994   SWI_BSPLink_Out_Ping$sts
00028d3a   SWI_BSPLink_Out_Ping$sts$avgfmt
00000002   SWI_BSPLink_Out_Ping$sts$filter
00000001   SWI_BSPLink_Out_Ping$sts$filtmaxmult
00000001   SWI_BSPLink_Out_Ping$sts$filtsummult
00028d2a   SWI_BSPLink_Out_Ping$sts$maxfmt
00028990   SWI_BSPLink_Out_Ping$sts$stsobj
00028d32   SWI_BSPLink_Out_Ping$sts$sumfmt
00000000   SWI_BSPLink_Out_Ping$sts$unittype
00000000   SWI_BSPLink_Out_Ping$swi
000283f8   SWI_BSPLink_Out_Pong
00000001   SWI_BSPLink_Out_Pong$dorta
0000000a   SWI_BSPLink_Out_Pong$ord
00000004   SWI_BSPLink_Out_Pong$pri
000289a4   SWI_BSPLink_Out_Pong$sts
00028d54   SWI_BSPLink_Out_Pong$sts$avgfmt
00000002   SWI_BSPLink_Out_Pong$sts$filter
00000001   SWI_BSPLink_Out_Pong$sts$filtmaxmult
00000001   SWI_BSPLink_Out_Pong$sts$filtsummult
00028d44   SWI_BSPLink_Out_Pong$sts$maxfmt
000289a0   SWI_BSPLink_Out_Pong$sts$stsobj
00028d4c   SWI_BSPLink_Out_Pong$sts$sumfmt
00000000   SWI_BSPLink_Out_Pong$sts$unittype
00000000   SWI_BSPLink_Out_Pong$swi
00028054   SWI_D_curfxn
00028044   SWI_D_curmask
00028050   SWI_D_curmbox
00028048   SWI_D_curset
00028040   SWI_D_execaddr
0002805c   SWI_D_inswi
0002804c   SWI_D_lock
00028058   SWI_D_rdybeg
00028060   SWI_D_rdytab
0002803c   SWI_D_runaddr
00028424   SWI_Decode_Buffer
00000001   SWI_Decode_Buffer$dorta
0000000b   SWI_Decode_Buffer$ord
00000005   SWI_Decode_Buffer$pri
000289b4   SWI_Decode_Buffer$sts
00028d6e   SWI_Decode_Buffer$sts$avgfmt
00000002   SWI_Decode_Buffer$sts$filter
00000001   SWI_Decode_Buffer$sts$filtmaxmult
00000001   SWI_Decode_Buffer$sts$filtsummult
00028d5e   SWI_Decode_Buffer$sts$maxfmt
000289b0   SWI_Decode_Buffer$sts$stsobj
00028d66   SWI_Decode_Buffer$sts$sumfmt
00000000   SWI_Decode_Buffer$sts$unittype
00000000   SWI_Decode_Buffer$swi
00000000   SWI_EHOOKFXN
0001c5bc   SWI_EXECFXN
00028450   SWI_Encode_Buffer
00000001   SWI_Encode_Buffer$dorta
0000000c   SWI_Encode_Buffer$ord
00000004   SWI_Encode_Buffer$pri
000289c4   SWI_Encode_Buffer$sts
00028d88   SWI_Encode_Buffer$sts$avgfmt
00000002   SWI_Encode_Buffer$sts$filter
00000001   SWI_Encode_Buffer$sts$filtmaxmult
00000001   SWI_Encode_Buffer$sts$filtsummult
00028d78   SWI_Encode_Buffer$sts$maxfmt
000289c0   SWI_Encode_Buffer$sts$stsobj
00028d80   SWI_Encode_Buffer$sts$sumfmt
00000000   SWI_Encode_Buffer$sts$unittype
00000000   SWI_Encode_Buffer$swi
0001c3a0   SWI_F_enable
0001c5bc   SWI_F_exec
0001c5e8   SWI_F_iexec
0001c410   SWI_F_post
0001c678   SWI_F_run
00000000   SWI_IHOOKFXN
0001c678   SWI_RUNFXN
00000001   SYS$
00028d0c   SYS$config
0001f900   SYS_ABORTFXN
0001fa00   SYS_ERRORFXN
0001fa20   SYS_EXITFXN
0001f7c0   SYS_PUTCFXN
000286f8   TRC_R_mask
000286f4   TRC_cinit
00000001   TSK$
00028b34   TSK_LEDTOGGLE
00000003   TSK_LEDTOGGLE$ord
00000002   TSK_LEDTOGGLE$pri
00027670   TSK_LEDTOGGLE$stack
00027a08   TSK_LEDTOGGLE$stkptr
000289e4   TSK_LEDTOGGLE$sts
00028dbc   TSK_LEDTOGGLE$sts$avgfmt
00000002   TSK_LEDTOGGLE$sts$filter
00000001   TSK_LEDTOGGLE$sts$filtmaxmult
00000001   TSK_LEDTOGGLE$sts$filtsummult
00028dac   TSK_LEDTOGGLE$sts$maxfmt
000289e0   TSK_LEDTOGGLE$sts$stsobj
00028db4   TSK_LEDTOGGLE$sts$sumfmt
00000000   TSK_LEDTOGGLE$sts$unittype
00000000   TSK_LEDTOGGLE$tsk
00000000   TSK_NUM_HOOKS
00000001   TSK_PRIORITY
00000000   TSK_READYFXN
00000000   TSK_STACKSEG
00000400   TSK_STACKSIZE
00000000   TSK_SWITCHFXN
0001f980   TSK_VCREATEFXN
0001f980   TSK_VDELETEFXN
0001f980   TSK_VEXITFXN
00028ad4   TSK_idle
00000001   TSK_idle$ord
00000000   TSK_idle$pri
00027a70   TSK_idle$stack
00027e08   TSK_idle$stkptr
000289d4   TSK_idle$sts
00028da2   TSK_idle$sts$avgfmt
00000002   TSK_idle$sts$filter
00000001   TSK_idle$sts$filtmaxmult
00000001   TSK_idle$sts$filtsummult
00028d92   TSK_idle$sts$maxfmt
000289d0   TSK_idle$sts$stsobj
00028d9a   TSK_idle$sts$sumfmt
00000000   TSK_idle$sts$unittype
00000000   TSK_idle$tsk
00000000   UDEV$
000170c8   _ADC_In_Ping
0001710c   _ADC_In_Pong
00017070   _ADC_Out_Ping
0001709c   _ADC_Out_Pong
00000200   _AIC_Buffer_in_ping
000009d0   _AIC_Buffer_in_pong
000011a0   _AIC_Buffer_out_ping
00001970   _AIC_Buffer_out_pong
00026d00   _BIOS_init
00026f24   _BIOS_start
000151f0   _BSPLinkBuffer_in_ping
0001563c   _BSPLinkBuffer_in_pong
00015a88   _BSPLinkBuffer_out_ping
00015ed4   _BSPLinkBuffer_out_pong
00017150   _BSPLink_In_Ping
000171a4   _BSPLink_In_Pong
000171f8   _BSPLink_Out_Ping
000172a4   _BSPLink_Out_Pong
00026b48   _BSPLink_interface_config
0000dbba   _CLK_COUNTSPMS
00028248   _CLK_DFLTMICROSECS
00027fb8   _CLK_D_countspms
00027fac   _CLK_D_dirty
0002824c   _CLK_D_microseconds
00027fb0   _CLK_D_prd
00027fb4   _CLK_D_tddr
0001e514   _CLK_F_itime
0000dbba   _CLK_PRD
01940000   _CLK_REGS
00000000   _CLK_TDDR
00000000   _CLK_TIMERNUM
00000001   _CLK_USETIMER
00027f9c   _CLK_htimeDiv
00027fa0   _CLK_htimeMult
00028258   _CLK_htimePerLtime
0001e514   _CLK_itime
00027fa4   _CLK_ltimeDiv
00027fa8   _CLK_ltimeMult
0001eec0   _CLK_measure
0001f820   _CLK_start
0001f940   _CLK_stop
0001b620   _CSL6713_LIB_
000194c0   _Config_DSK6713_AIC23
0002813c   _DECODER
0001b368   _DSK6713_DIP_get
0001b360   _DSK6713_DIP_init
00019920   _DSK6713_LED_init
00019960   _DSK6713_LED_off
000199d0   _DSK6713_LED_on
00019a40   _DSK6713_LED_toggle
00018c94   _DSK6713_getVersion
000188cc   _DSK6713_init
00018be8   _DSK6713_rget
00018bfc   _DSK6713_rset
00026cf4   _DSK6713_version
00018c10   _DSK6713_wait
00018c68   _DSK6713_waitusec
00006790   _Debug_Buff
000057f0   _Debug_Buff_ping
00005fc0   _Debug_Buff_pong
00005020   _Decoding_Buffer
00028118   _Decoding_Buffer_i
00016bc4   _EDMA_ISR
00019e80   _EDMA_allocTable
0001ad80   _EDMA_config
0001b3e0   _EDMA_disableChannel
0001b440   _EDMA_enableChannel
0001aa80   _EDMA_intAlloc
0001b640   _EDMA_intClear
0001b4a0   _EDMA_intEnable
0001b660   _EDMA_intTest
0001b560   _EDMA_link
00019000   _EDMA_open
0001b500   _EDMA_qdmaConfig
0001a4a0   _EDMA_reset
00028138   _ENCODER
00005408   _Encoding_Buffer
00028120   _Encoding_Buffer_i
0001f980   _FXN_F_nop
0001f368   _FXN_F_run
0001f3b8   _FXN_F_zero
00000000   _GBL_CACHE
00028014   _GBL_clkIn
0001eb40   _GBL_cslCacheInit
00028018   _GBL_freq
0001f9a0   _GBL_getVersion
00028010   _GBL_procId
0001a1e8   _GBL_setPLLto225MHz
00028c40   _HST_A_TABBEG
00028c7c   _HST_A_TABEND
00005308   _HWI_CFGDISPATCHED
00028208   _HWI_D_inhwi
000281fc   _HWI_D_spsave
0001c8e0   _HWI_F_dispatch
0000000a   _HWI_INT10
0000000b   _HWI_INT11
0000000c   _HWI_INT12
0000000d   _HWI_INT13
0000000e   _HWI_INT14
0000000f   _HWI_INT15
00000004   _HWI_INT4
00000005   _HWI_INT5
00000006   _HWI_INT6
00000007   _HWI_INT7
00000008   _HWI_INT8
00000009   _HWI_INT9
00000001   _HWI_NMI
00000002   _HWI_RESERVED0
00000003   _HWI_RESERVED1
00000000   _HWI_RESET
00023a38   _HWI_STKBOTTOM
0001fa40   _HWI_STKTOP
000281fc   _HWI_data
0001f5e0   _HWI_disable
00027e70   _HWI_dispatchTab
0001f5f8   _HWI_enable
0001f60c   _HWI_restore
000289f4   _IDL_busyObj
00028cec   _IDL_cpuLoad
0001f9c0   _IDL_loop
ffffffff   _IRAM
0001b680   _IRQ_clear
0001b5a0   _IRQ_enable
0001b6a0   _IRQ_globalEnable
00019b00   _IRQ_map
00028168   _KNL_alarm
0001ea00   _KNL_check
0002818c   _KNL_curqueue
0002817c   _KNL_curtask
00028184   _KNL_curtime
000269bc   _KNL_dummy
0001ec74   _KNL_enter
0001ec20   _KNL_exit
0001ead8   _KNL_idle
000281a4   _KNL_idlefxn
00028170   _KNL_inactive
0001efa0   _KNL_ipost
0001eafc   _KNL_max
00028190   _KNL_maxqueue
0001f060   _KNL_post
00028180   _KNL_prevtask
00028174   _KNL_priority
0002691c   _KNL_queues
0001d0e0   _KNL_run
0001e1e0   _KNL_saveIsrFrame
00028178   _KNL_set
0002816c   _KNL_setpri
00028298   _KNL_swi
00028188   _KNL_swiptr
0001e2ac   _KNL_switch
00028198   _KNL_tcreatefxn
0002819c   _KNL_tdeletefxn
0001db60   _KNL_tick
000281a0   _KNL_treadyfxn
00028194   _KNL_tswitchfxn
00028160   _KNL_wFlag
00028164   _KNL_wList
0001f150   _LCK_pend
0001f120   _LCK_post
00028cf0   _LNK_dataPump
00028218   _LNK_dspFrameReadyMask
00028214   _LNK_dspFrameRequestMask
00028220   _LNK_readDone
00028224   _LNK_readFail
0002821c   _LNK_readPend
00028228   _LNK_writeFail
00028cc4   _LOG_A_TABBEG
00028cdc   _LOG_A_TABEND
00000001   _LOG_A_TABLEN
00027f7c   _LOG_D_system
0001f460   _LOG_event
00028cc4   _LOG_system
0001b0e0   _MCBSP_close
0001b180   _MCBSP_config
0001b6c0   _MCBSP_getRcvAddr
0001b6e0   _MCBSP_getXmtAddr
0001ab80   _MCBSP_open
0001a020   _MCBSP_reset
0001ac80   _MCBSP_start
0001b700   _MCBSP_write
0001b720   _MCBSP_xrdy
00028264   _MEM
0002801c   _MEM_D_NUMSEGMENTS
00028024   _MEM_D_freelist
00028028   _MEM_D_lockaddr
00028020   _MEM_D_memtab
0002802c   _MEM_D_unlockaddr
00026fe0   _MEM_init
000281d4   _MEM_memtab
80008000   _MySinus
800080dc   _MySound
00027200   _OBJ_init
00026a88   _OBJ_segtab
00026a50   _OBJ_table
00028a00   _PIP_A_TABBEG
00028ac8   _PIP_A_TABEND
00027fbc   _PRD_D_tick
00028ca4   _PRD_Sek
00026cf8   _PRD_clock
0002826c   _PRD_swi
00028cf4   _RTA_dispatcher
00028c44   _RTA_fromHost
00028c60   _RTA_toHost
00027220   _RTDX_Buffer
0002762c   _RTDX_Buffer_End
000264e0   _RTDX_Buffer_Initialize
00026620   _RTDX_Buffer_Read
00026540   _RTDX_Buffer_ReadCB
000265a0   _RTDX_Buffer_Size
00027628   _RTDX_Buffer_Start
00026640   _RTDX_Buffer_Write
00025c00   _RTDX_Buffer_WriteCB
000265e0   _RTDX_Final_RT_Monitor
00026460   _RTDX_Init_RT_Monitor
00000002   _RTDX_JTAGONLY
00026680   _RTDX_Mask_IER
00026240   _RTDX_Mon_Queue
00025800   _RTDX_Poll
00000000   _RTDX_interrupt_mask
0002763c   _RTDX_writing
00002140   _Ringbuffer_Audio_in
000038b0   _Ringbuffer_Audio_out
000281e0   _SDRAM
80000000   _SDRAM_base
00008000   _SDRAM_length
000286d4   _SEM_LEDToggle
0001f6a0   _SEM_pend
0001f640   _SEM_pendBinary
0001d660   _SEM_pendEnterKnl
0001ede0   _SEM_post
0001ede0   _SEM_postBinary
0001ed00   _SEM_postEnterKnl
00028900   _STS_A_TABBEG
00028a00   _STS_A_TABEND
0001f518   _STS_add
0001f4e0   _STS_delta
0001f544   _STS_reset
0001f9e0   _STS_set
00028374   _SWI_ADC_In_Ping
000283a0   _SWI_ADC_In_Pong
0002831c   _SWI_ADC_Out_Ping
00028348   _SWI_ADC_Out_Pong
000282c4   _SWI_BSPLink_In_Ping
000282f0   _SWI_BSPLink_In_Pong
000283cc   _SWI_BSPLink_Out_Ping
000283f8   _SWI_BSPLink_Out_Pong
00028054   _SWI_D_curfxn
00028044   _SWI_D_curmask
00028048   _SWI_D_curset
00028040   _SWI_D_execaddr
0002805c   _SWI_D_inswi
0002804c   _SWI_D_lock
00028058   _SWI_D_rdybeg
0002803c   _SWI_D_runaddr
00028424   _SWI_Decode_Buffer
00028450   _SWI_Encode_Buffer
00018124   _SWI_LEDToggle
0002803c   _SWI_data
0001f700   _SWI_disable
0001f728   _SWI_enable
0001c410   _SWI_post
00028030   _SYS
0002847c   _SYS_PUTCBEG
0002867b   _SYS_PUTCEND
0001f760   _SYS_abort
0001f1e0   _SYS_exit
00026ca0   _SYS_exitStack
00028250   _SYS_exitStackPtr
00028254   _SYS_exitStackTop
0001a5e0   _TIMER_open
0001a720   _TIMER_reset
000286f8   _TRC_R_mask
00028244   _TSK
000269f4   _TSK_ATTRS
00028b34   _TSK_LEDTOGGLE
00026a10   _TSK_config
0001e560   _TSK_exit
00028ad4   _TSK_idle
00027180   _TSK_init
0002823c   _TSK_nTasks
00028240   _TSK_pid
0001dfe0   _TSK_setup
0001e940   _TSK_startup
00026a30   _TSK_timerSem
0001f900   _UTL_doAbort
0001fa00   _UTL_doError
0001f7c0   _UTL_doPutc
0001fa20   _UTL_halt
0001e530   __CLK_lat1beg
0001e55c   __CLK_lat1end
00019700   __CSL_init
0001c1f4   __GBL_setL2CacheMode
00028038   __HOOK_NUMHOOKS
00028034   __HOOK_knlId
0001c8e0   __HWI_lat1beg
0001ca60   __HWI_lat1end
0001ca60   __HWI_lat2beg
0001cc00   __HWI_lat2end1
0001cb8c   __HWI_lat2end2
0001cc20   __HWI_lat3beg
0001cd20   __HWI_lat3end1
0001cbbc   __HWI_lat3end2
0001f3e0   __IDL_lat1beg
0001f430   __IDL_lat1end
00026914   __IRQ_dispatchTable
00026850   __IRQ_eventTable
0001b7a0   __IRQ_hookFetchPacket
0001b220   __IRQ_init
000268d4   __IRQ_intTable
0001ea50   __KNL_lat1beg
0001ead8   __KNL_lat1end
0001f460   __LOG_lat1beg
00026c18   __MCBSP_hDev0
00026c1c   __MCBSP_hDev1
00026b20   __MEM_mutex
0001d458   __RTA_lat1beg
0001d490   __RTA_lat1end
0001ddc0   __SEM_dopost
00023a40   __STACK_END
00004000   __STACK_SIZE
0001c54c   __SWI_lat1beg
0001c600   __SWI_lat1end
0001c604   __SWI_lat2beg
0001c674   __SWI_lat2end
0001c3a0   __SWI_lat3beg
0001c40c   __SWI_lat3end
00026c7c   __TIMER_deviceTable
00026c9c   __TIMER_hBios
00026c94   __TIMER_hDev0
00026c98   __TIMER_hDev1
00026af8   __TSK_mutex
00026ce4   ___TI_enable_exit_profile_output
ffffffff   ___TI_pprof_out_hndl
ffffffff   ___TI_prof_data_size
ffffffff   ___TI_prof_data_start
0001b5e0   ___add_dtor
000266a0   ___atexit_func_id__
ffffffff   ___binit__
00027e70   ___bss__
ffffffff   ___c_args__
00023a40   ___cinit__
00000000   ___data__
00000000   ___edata__
0002826c   ___end__
0001b7c0   ___etext__
000257f4   ___pinit__
00016320   ___text__
0001e700   __auto_init
0001a840   __c6xabi_divi
00026cdc   __cleanup_ptr
00018d00   __divf
0001a840   __divi
00026ce0   __dtors_ptr
00026ce8   __lock
0001b740   __nop
0001b760   __register_lock
0001b780   __register_unlock
0001fa40   __stack
0001ae60   __strasg
00026cec   __unlock
0001af40   _atexit
000270c0   _c_int00
0001a340   _call_dtors
00028130   _configComplete
00026b68   _configEDMABSPLinkRcv
00026b80   _configEDMABSPLinkXmt
00026bb8   _configEDMARcv
00026bd0   _configEDMAXmt
0001658c   _config_AIC23_EDMA
00018220   _config_BSPLink
000182ec   _config_BSPLink_EDMA
00016b30   _config_interrupts
00028125   _dataDetected
00026b98   _datainterface_config
000280d8   _debug_buff_i
00017350   _decode_buffer
0002811c   _decoding_buff_valid
00026cf0   _dtors
000176d0   _encode_buffer
00028124   _encoding_buff_valid
00017ca0   _framing_link_data
000281ac   _hEdmaBSPLinkRcv
000281b0   _hEdmaBSPLinkRcvRelPing
000281b4   _hEdmaBSPLinkRcvRelPong
000281b8   _hEdmaBSPLinkXmt
000281bc   _hEdmaBSPLinkXmtRelPing
000281c0   _hEdmaBSPLinkXmtRelPong
000280e0   _hEdmaRcv
000280e4   _hEdmaRcvRelPing
000280e8   _hEdmaRcvRelPong
000280ec   _hEdmaXmt
000280f0   _hEdmaXmtRelPing
000280f4   _hEdmaXmtRelPong
000280dc   _hMcbsp_AIC23
00028268   _hMcbsp_AIC23_Config
000281a8   _hMcbsp_Link
00016368   _main
00019280   _memcpy
0001a960   _memset
00017fa8   _read_buffer_audio_out
00028108   _ringbuff_audio_in_read_i
0002810c   _ringbuff_audio_in_write_i
00028110   _ringbuff_audio_out_read_i
00028114   _ringbuff_audio_out_write_i
00028234   _rtdxNullChanCnt
00028238   _rtdxNullFuncCnt
00027630   _rtdx_buffer_state
00027650   _rtdx_mon_state
00028128   _soundBuffer_i
00028134   _t_reg
00026ab8   _tccAllocTable
000281c4   _tccBSPLinkRcvPing
000281c8   _tccBSPLinkRcvPong
000281cc   _tccBSPLinkXmtPing
000281d0   _tccBSPLinkXmtPong
000280f8   _tccRcvPing
000280fc   _tccRcvPong
00028100   _tccXmtPing
00028104   _tccXmtPong
0002812c   _time_cnt
00018150   _tsk_led_toggle
0001a1c0   _wait500nS
00018060   _write_buffer_audio_in
00017dec   _write_decoding_buffer
ffffffff   binit
00023a40   cinit
00000000   edata
0002826c   end
0001b7c0   etext
00000000   hwi0
00000020   hwi1
00000140   hwi10
00000160   hwi11
00000180   hwi12
000001a0   hwi13
000001c0   hwi14
000001e0   hwi15
00000040   hwi2
00000060   hwi3
00000080   hwi4
000000a0   hwi5
000000c0   hwi6
000000e0   hwi7
00000100   hwi8
00000120   hwi9
000257f4   pinit


GLOBAL SYMBOLS: SORTED BY Symbol Address 

address    name
--------   ----
00000000   .data
00000000   BUF$
00000000   CLK_COUNTSPMSHIGH
00000000   CLK_PRDHIGH
00000000   CLK_TDDR
00000000   CLK_TDDRHIGH
00000000   CLK_TIMERNUM
00000000   DEV$
00000000   DGN$
00000000   DHL$
00000000   DHL_gChannelsAvailable
00000000   DIO$
00000000   DIO_NUMSWIBASE
00000000   DIO_NUMTSKBASE
00000000   DIO_STATIC
00000000   DPI$
00000000   GBL_BIGENDIAN
00000000   GBL_C641XL2PRIORITY
00000000   GBL_CACHE
00000000   GBL_L2CONFIGALLOC
00000000   GBL_L2MARMASK1
00000000   GBL_L2MARMASK2
00000000   GBL_L2MARMASK3
00000000   GBL_L2MARMASK4
00000000   GBL_L2MARMASK5
00000000   GBL_L2MODE
00000000   GBL_L2PRIORITY
00000000   GBL_NULL
00000000   GBL_PROCID
00000000   GBL_ROM
00000000   GBL_SUPPORTCSL
00000000   GIO$
00000000   HOOK$
00000000   HOOK_KNLID
00000000   HST_DSM
00000000   HST_NONE
00000000   HWI_A_VECS
00000000   HWI_GENERATE_RESET_VEC
00000000   HWI_INT10$hwi
00000000   HWI_INT11$hwi
00000000   HWI_INT12$hwi
00000000   HWI_INT13$hwi
00000000   HWI_INT14$hwi
00000000   HWI_INT15$hwi
00000000   HWI_INT4$hwi
00000000   HWI_INT5$hwi
00000000   HWI_INT6$hwi
00000000   HWI_INT7$hwi
00000000   HWI_INT8$hwi
00000000   HWI_INT9$hwi
00000000   HWI_NMI$hwi
00000000   HWI_POLARITYMASK
00000000   HWI_RESERVED0$hwi
00000000   HWI_RESERVED1$hwi
00000000   HWI_RESET
00000000   HWI_RESET$hwi
00000000   IDL_busyObj$iB
00000000   IDL_busyObj$operation
00000000   KNL_swi$pri
00000000   KNL_swi$sts$unittype
00000000   KNL_swi$swi
00000000   LOG_system$datatype
00000000   LOG_system$log
00000000   MBX$
00000000   MEM_NULL
00000000   MEM_USEMPC
00000000   MSGQ$
00000000   MSGQ_USEMSGQ
00000000   OBJ$
00000000   PIP$
00000000   PIP_gNextId
00000000   POOL$
00000000   POOL_USEPOOL
00000000   PRD_Sek$mode
00000000   PRD_Sek$prd
00000000   PRD_Sek$sts$filter
00000000   PRD_swi$sts$unittype
00000000   PRD_swi$swi
00000000   RTA_fromHost$hst
00000000   RTA_fromHost$mode
00000000   RTA_toHost$hst
00000000   RTA_toHost$id
00000000   RTDX_MODE
00000000   RTDX_USERTEXECUTION
00000000   SIO$
00000000   SWI_ADC_In_Ping$sts$unittype
00000000   SWI_ADC_In_Ping$swi
00000000   SWI_ADC_In_Pong$sts$unittype
00000000   SWI_ADC_In_Pong$swi
00000000   SWI_ADC_Out_Ping$sts$unittype
00000000   SWI_ADC_Out_Ping$swi
00000000   SWI_ADC_Out_Pong$sts$unittype
00000000   SWI_ADC_Out_Pong$swi
00000000   SWI_BSPLink_In_Ping$sts$unittype
00000000   SWI_BSPLink_In_Ping$swi
00000000   SWI_BSPLink_In_Pong$sts$unittype
00000000   SWI_BSPLink_In_Pong$swi
00000000   SWI_BSPLink_Out_Ping$sts$unittype
00000000   SWI_BSPLink_Out_Ping$swi
00000000   SWI_BSPLink_Out_Pong$sts$unittype
00000000   SWI_BSPLink_Out_Pong$swi
00000000   SWI_Decode_Buffer$sts$unittype
00000000   SWI_Decode_Buffer$swi
00000000   SWI_EHOOKFXN
00000000   SWI_Encode_Buffer$sts$unittype
00000000   SWI_Encode_Buffer$swi
00000000   SWI_IHOOKFXN
00000000   TSK_LEDTOGGLE$sts$unittype
00000000   TSK_LEDTOGGLE$tsk
00000000   TSK_NUM_HOOKS
00000000   TSK_READYFXN
00000000   TSK_STACKSEG
00000000   TSK_SWITCHFXN
00000000   TSK_idle$pri
00000000   TSK_idle$sts$unittype
00000000   TSK_idle$tsk
00000000   UDEV$
00000000   _CLK_TDDR
00000000   _CLK_TIMERNUM
00000000   _GBL_CACHE
00000000   _HWI_RESET
00000000   _RTDX_interrupt_mask
00000000   ___data__
00000000   ___edata__
00000000   edata
00000000   hwi0
00000001   BUF_ENABLED
00000001   CLK$
00000001   CLK_CALDIV
00000001   CLK_HTIMEDIV
00000001   CLK_LTIMEDIV
00000001   CLK_USETIMER
00000001   GBL$
00000001   GBL_CALLCSLCFGINIT
00000001   GBL_ENABLEINST
00000001   GBL_L2CONFIGURE
00000001   GBL_L2MARMASK
00000001   GBL_USERINIT
00000001   GBL_boot
00000001   HST$
00000001   HST_RTDX
00000001   HWI$
00000001   HWI_NMI
00000001   HWI_ZEROTAB
00000001   IDL$
00000001   IDL_USECLKIDLTIME
00000001   IDL_busyObj$filter
00000001   IDL_busyObj$iA
00000001   IDL_busyObj$iC
00000001   ISRC$
00000001   KNL_swi$dorta
00000001   KNL_swi$sts$filtmaxmult
00000001   KNL_swi$sts$filtsummult
00000001   LCK$
00000001   LOG$
00000001   LOG_A_TABLEN
00000001   LOG_ENABLED
00000001   MEM$
00000001   MEM_gNumHeap
00000001   PRD$
00000001   PRD_A_TABLEN
00000001   PRD_Sek$ord
00000001   PRD_swi$dorta
00000001   PRD_swi$ord
00000001   PRD_swi$pri
00000001   PRD_swi$sts$filtmaxmult
00000001   PRD_swi$sts$filtsummult
00000001   QUE$
00000001   RTA_fromHost$id
00000001   RTA_toHost$mode
00000001   RTDX$
00000001   RTDX_NORMALIZED_HDR
00000001   RTDX_USERTDX
00000001   SEM$
00000001   STS$
00000001   SWI$
00000001   SWI_ADC_In_Ping$dorta
00000001   SWI_ADC_In_Ping$sts$filtmaxmult
00000001   SWI_ADC_In_Ping$sts$filtsummult
00000001   SWI_ADC_In_Pong$dorta
00000001   SWI_ADC_In_Pong$sts$filtmaxmult
00000001   SWI_ADC_In_Pong$sts$filtsummult
00000001   SWI_ADC_Out_Ping$dorta
00000001   SWI_ADC_Out_Ping$sts$filtmaxmult
00000001   SWI_ADC_Out_Ping$sts$filtsummult
00000001   SWI_ADC_Out_Pong$dorta
00000001   SWI_ADC_Out_Pong$sts$filtmaxmult
00000001   SWI_ADC_Out_Pong$sts$filtsummult
00000001   SWI_BSPLink_In_Ping$dorta
00000001   SWI_BSPLink_In_Ping$sts$filtmaxmult
00000001   SWI_BSPLink_In_Ping$sts$filtsummult
00000001   SWI_BSPLink_In_Pong$dorta
00000001   SWI_BSPLink_In_Pong$sts$filtmaxmult
00000001   SWI_BSPLink_In_Pong$sts$filtsummult
00000001   SWI_BSPLink_Out_Ping$dorta
00000001   SWI_BSPLink_Out_Ping$sts$filtmaxmult
00000001   SWI_BSPLink_Out_Ping$sts$filtsummult
00000001   SWI_BSPLink_Out_Pong$dorta
00000001   SWI_BSPLink_Out_Pong$sts$filtmaxmult
00000001   SWI_BSPLink_Out_Pong$sts$filtsummult
00000001   SWI_Decode_Buffer$dorta
00000001   SWI_Decode_Buffer$sts$filtmaxmult
00000001   SWI_Decode_Buffer$sts$filtsummult
00000001   SWI_Encode_Buffer$dorta
00000001   SWI_Encode_Buffer$sts$filtmaxmult
00000001   SWI_Encode_Buffer$sts$filtsummult
00000001   SYS$
00000001   TSK$
00000001   TSK_LEDTOGGLE$sts$filtmaxmult
00000001   TSK_LEDTOGGLE$sts$filtsummult
00000001   TSK_PRIORITY
00000001   TSK_idle$ord
00000001   TSK_idle$sts$filtmaxmult
00000001   TSK_idle$sts$filtsummult
00000001   _CLK_USETIMER
00000001   _HWI_NMI
00000001   _LOG_A_TABLEN
00000002   HWI_RESERVED0
00000002   IDL_busyObj$unittype
00000002   KNL_swi$ord
00000002   KNL_swi$sts$filter
00000002   PIP_A_TABLEN
00000002   PIP_gNumEmbed
00000002   PRD_Sek$sts$unittype
00000002   PRD_swi$sts$filter
00000002   SWI_ADC_In_Ping$sts$filter
00000002   SWI_ADC_In_Pong$sts$filter
00000002   SWI_ADC_Out_Ping$sts$filter
00000002   SWI_ADC_Out_Pong$sts$filter
00000002   SWI_BSPLink_In_Ping$sts$filter
00000002   SWI_BSPLink_In_Pong$sts$filter
00000002   SWI_BSPLink_Out_Ping$sts$filter
00000002   SWI_BSPLink_Out_Pong$sts$filter
00000002   SWI_Decode_Buffer$sts$filter
00000002   SWI_Encode_Buffer$sts$filter
00000002   TSK_LEDTOGGLE$pri
00000002   TSK_LEDTOGGLE$sts$filter
00000002   TSK_idle$sts$filter
00000002   _HWI_RESERVED0
00000002   _RTDX_JTAGONLY
00000003   HWI_RESERVED1
00000003   SWI_BSPLink_In_Ping$ord
00000003   TSK_LEDTOGGLE$ord
00000003   _HWI_RESERVED1
00000004   CLK_CALMULT
00000004   CLK_HTIMEMULT
00000004   HWI_INT4
00000004   RTA_fromHost$framesize
00000004   SWI_ADC_In_Ping$pri
00000004   SWI_ADC_In_Pong$pri
00000004   SWI_ADC_Out_Ping$pri
00000004   SWI_ADC_Out_Pong$pri
00000004   SWI_BSPLink_In_Pong$ord
00000004   SWI_BSPLink_Out_Ping$pri
00000004   SWI_BSPLink_Out_Pong$pri
00000004   SWI_Encode_Buffer$pri
00000004   _HWI_INT4
00000005   HWI_INT5
00000005   SWI_ADC_Out_Ping$ord
00000005   SWI_Decode_Buffer$pri
00000005   _HWI_INT5
00000006   HWI_INT6
00000006   IDL_CALIBRERROR
00000006   SWI_ADC_Out_Pong$ord
00000006   _HWI_INT6
00000007   HWI_INT7
00000007   SWI_ADC_In_Ping$ord
00000007   SWI_BSPLink_In_Pong$pri
00000007   _HWI_INT7
00000008   HWI_INT8
00000008   PRD_SCALAR
00000008   SWI_ADC_In_Pong$ord
00000008   SWI_BSPLink_In_Ping$pri
00000008   _HWI_INT8
00000009   HWI_INT9
00000009   SWI_BSPLink_Out_Ping$ord
00000009   _HWI_INT9
0000000a   HWI_INT10
0000000a   SWI_BSPLink_Out_Pong$ord
0000000a   _HWI_INT10
0000000b   HWI_INT11
0000000b   SWI_Decode_Buffer$ord
0000000b   _HWI_INT11
0000000c   HWI_INT12
0000000c   SWI_A_TABLEN
0000000c   SWI_Encode_Buffer$ord
0000000c   _HWI_INT12
0000000d   HWI_INT13
0000000d   _HWI_INT13
0000000e   HWI_INT14
0000000e   _HWI_INT14
0000000f   HWI_INT15
0000000f   _HWI_INT15
00000020   CLK_TCR
00000020   hwi1
0000003e   GBL_DSPTYPE
00000040   HST_MAXFRAMESET
00000040   LOG_system$size
00000040   RTA_toHost$framesize
00000040   hwi2
00000042   GBL_FOOTPRINT
00000060   hwi3
00000064   PIP_OBJSIZE
00000080   hwi4
000000a0   hwi5
000000c0   hwi6
000000e0   hwi7
000000ff   HST_MAXFRAMEALLOWED
00000100   hwi8
00000120   hwi9
00000140   hwi10
00000160   hwi11
00000180   hwi12
000001a0   hwi13
000001c0   hwi14
000001e0   hwi15
00000200   _AIC_Buffer_in_ping
000003e8   CLK_MICROSECS
000003e8   PRD_Sek$period
00000400   HST_DSMMEMSIZE
00000400   TSK_STACKSIZE
00000408   RTDX_BUFMEMSIZE
000009d0   _AIC_Buffer_in_pong
000011a0   _AIC_Buffer_out_ping
00001770   GBL_CLKTYPE
00001970   _AIC_Buffer_out_pong
00001a39   GBL_DSPSUBTYPE
00002140   _Ringbuffer_Audio_in
00002226   GBL_L2ALLOC
000038b0   _Ringbuffer_Audio_out
00004000   CLK_INTBIT
00004000   __STACK_SIZE
00004e20   GBL_CLKIN
00005020   _Decoding_Buffer
00005205   GBL_A_VERSION
00005308   HWI_CFGDISPATCHED
00005308   _HWI_CFGDISPATCHED
00005408   _Encoding_Buffer
000057f0   _Debug_Buff_ping
00005fc0   _Debug_Buff_pong
00006790   _Debug_Buff
00008000   SDRAM$L
00008000   _SDRAM_length
0000dbba   CLK_COUNTSPMS
0000dbba   CLK_HTIMEPERLTIME
0000dbba   CLK_PRD
0000dbba   _CLK_COUNTSPMS
0000dbba   _CLK_PRD
0000dbef   GBL_TRCMASKVALUE
000151f0   _BSPLinkBuffer_in_ping
0001563c   _BSPLinkBuffer_in_pong
00015a88   _BSPLinkBuffer_out_ping
00015ed4   _BSPLinkBuffer_out_pong
00016320   .text
00016320   ___text__
00016368   _main
0001658c   _config_AIC23_EDMA
00016b30   _config_interrupts
00016bc4   _EDMA_ISR
00017070   _ADC_Out_Ping
0001709c   _ADC_Out_Pong
000170c8   _ADC_In_Ping
0001710c   _ADC_In_Pong
00017150   _BSPLink_In_Ping
000171a4   _BSPLink_In_Pong
000171f8   _BSPLink_Out_Ping
000172a4   _BSPLink_Out_Pong
00017350   _decode_buffer
000176d0   _encode_buffer
00017ca0   _framing_link_data
00017dec   _write_decoding_buffer
00017fa8   _read_buffer_audio_out
00018060   _write_buffer_audio_in
00018124   _SWI_LEDToggle
00018150   _tsk_led_toggle
00018220   _config_BSPLink
000182ec   _config_BSPLink_EDMA
000188cc   _DSK6713_init
00018be8   _DSK6713_rget
00018bfc   _DSK6713_rset
00018c10   _DSK6713_wait
00018c68   _DSK6713_waitusec
00018c94   _DSK6713_getVersion
00018d00   __divf
00019000   _EDMA_open
00019280   _memcpy
000194c0   _Config_DSK6713_AIC23
00019700   __CSL_init
00019920   _DSK6713_LED_init
00019960   _DSK6713_LED_off
000199d0   _DSK6713_LED_on
00019a40   _DSK6713_LED_toggle
00019b00   _IRQ_map
00019e80   _EDMA_allocTable
0001a020   _MCBSP_reset
0001a1c0   _wait500nS
0001a1e8   GBL_USERINITFXN
0001a1e8   _GBL_setPLLto225MHz
0001a340   _call_dtors
0001a4a0   _EDMA_reset
0001a5e0   _TIMER_open
0001a720   _TIMER_reset
0001a840   __c6xabi_divi
0001a840   __divi
0001a960   _memset
0001aa80   _EDMA_intAlloc
0001ab80   _MCBSP_open
0001ac80   _MCBSP_start
0001ad80   _EDMA_config
0001ae60   __strasg
0001af40   _atexit
0001b0e0   _MCBSP_close
0001b180   _MCBSP_config
0001b220   __IRQ_init
0001b360   _DSK6713_DIP_init
0001b368   _DSK6713_DIP_get
0001b3e0   _EDMA_disableChannel
0001b440   _EDMA_enableChannel
0001b4a0   _EDMA_intEnable
0001b500   _EDMA_qdmaConfig
0001b560   _EDMA_link
0001b5a0   _IRQ_enable
0001b5e0   ___add_dtor
0001b620   _CSL6713_LIB_
0001b640   _EDMA_intClear
0001b660   _EDMA_intTest
0001b680   _IRQ_clear
0001b6a0   _IRQ_globalEnable
0001b6c0   _MCBSP_getRcvAddr
0001b6e0   _MCBSP_getXmtAddr
0001b700   _MCBSP_write
0001b720   _MCBSP_xrdy
0001b740   __nop
0001b760   __register_lock
0001b780   __register_unlock
0001b7a0   __IRQ_hookFetchPacket
0001b7c0   LNK_F_checkBufferCall
0001b7c0   ___etext__
0001b7c0   etext
0001b7e0   LNK_F_getChanPtr
0001b838   LNK_F_init
0001b840   LNK_F_dataPump
0001b854   LNK_rcloop
0001b920   LNK_rdrtry
0001b930   LNK_rrloop
0001b9f4   LNK_wrrtry
0001ba04   LNK_wrloop
0001bae0   LNK_newin
0001bc20   LNK_newout
0001bd84   LNK_F_readCallBack
0001c1f4   __GBL_setL2CacheMode
0001c3a0   SWI_F_enable
0001c3a0   __SWI_lat3beg
0001c40c   __SWI_lat3end
0001c410   SWI_F_post
0001c410   _SWI_post
0001c54c   __SWI_lat1beg
0001c5bc   SWI_EXECFXN
0001c5bc   SWI_F_exec
0001c5e8   SWI_F_iexec
0001c600   __SWI_lat1end
0001c604   __SWI_lat2beg
0001c674   __SWI_lat2end
0001c678   SWI_F_run
0001c678   SWI_RUNFXN
0001c8e0   CLK_HOOKFXN
0001c8e0   HWI_F_dispatch
0001c8e0   _HWI_F_dispatch
0001c8e0   __HWI_lat1beg
0001ca60   __HWI_lat1end
0001ca60   __HWI_lat2beg
0001cb8c   __HWI_lat2end2
0001cbbc   __HWI_lat3end2
0001cc00   __HWI_lat2end1
0001cc20   __HWI_lat3beg
0001cd20   __HWI_lat3end1
0001cd40   PRD_F_swi
0001d000   PRD_F_tick
0001d0e0   _KNL_run
0001d3a0   RTA_F_getlog
0001d3e4   RTA_F_getsts
0001d42c   RTA_F_readblk
0001d44c   RTA_F_writeword
0001d458   RTA_F_resetmem
0001d458   __RTA_lat1beg
0001d490   __RTA_lat1end
0001d498   RTA_F_dispatch
0001d4e8   RTA_execute
0001d660   _SEM_pendEnterKnl
0001db60   PRD_THOOKFXN
0001db60   _KNL_tick
0001db80   PIP_F_take
0001dc14   PIP_F_give
0001dc14   PIP_F_probe
0001dce8   PIP_F_start
0001ddc0   __SEM_dopost
0001dfe0   _TSK_setup
0001e1e0   _KNL_saveIsrFrame
0001e2ac   _KNL_switch
0001e360   KNL_glue
0001e3a0   CLK_F_getltime
0001e3b4   CLK_F_isr
0001e514   CLK_F_itime
0001e514   _CLK_F_itime
0001e514   _CLK_itime
0001e530   __CLK_lat1beg
0001e55c   __CLK_lat1end
0001e560   _TSK_exit
0001e700   __auto_init
0001e940   _TSK_startup
0001ea00   _KNL_check
0001ea50   __KNL_lat1beg
0001ead8   _KNL_idle
0001ead8   __KNL_lat1end
0001eafc   _KNL_max
0001eb40   _GBL_cslCacheInit
0001ec20   _KNL_exit
0001ec74   _KNL_enter
0001ed00   _SEM_postEnterKnl
0001ede0   _SEM_post
0001ede0   _SEM_postBinary
0001eec0   _CLK_measure
0001efa0   _KNL_ipost
0001f060   _KNL_post
0001f120   _LCK_post
0001f150   _LCK_pend
0001f1e0   _SYS_exit
0001f2a0   CLK_F_getfhtime
0001f2c0   CLK_F_gethtime
0001f2c0   CLK_F_getshtime
0001f2c0   CLK_TIMEFXN
0001f360   FXN_F_nop
0001f368   FXN_F_run
0001f368   _FXN_F_run
0001f3b8   FXN_F_zero
0001f3b8   _FXN_F_zero
0001f3e0   IDL_F_busy
0001f3e0   __IDL_lat1beg
0001f430   __IDL_lat1end
0001f460   LOG_F_event
0001f460   _LOG_event
0001f460   __LOG_lat1beg
0001f4e0   STS_F_delta
0001f4e0   _STS_delta
0001f518   STS_F_add
0001f518   _STS_add
0001f544   STS_F_reset
0001f544   _STS_reset
0001f560   IDL_F_calibrate
0001f5e0   _HWI_disable
0001f5f8   _HWI_enable
0001f60c   _HWI_restore
0001f640   _SEM_pendBinary
0001f6a0   _SEM_pend
0001f700   _SWI_disable
0001f728   _SWI_enable
0001f760   _SYS_abort
0001f7c0   SYS_PUTCFXN
0001f7c0   _UTL_doPutc
0001f820   _CLK_start
0001f880   IDL_CALIBRFXN
0001f880   IDL_F_stub
0001f8c0   RTA_F_andn
0001f8e0   RTA_F_or
0001f900   SYS_ABORTFXN
0001f900   _UTL_doAbort
0001f940   _CLK_stop
0001f980   GIO_CREATEFXN
0001f980   GIO_DELETEFXN
0001f980   GIO_PENDFXN
0001f980   GIO_POSTFXN
0001f980   TSK_VCREATEFXN
0001f980   TSK_VDELETEFXN
0001f980   TSK_VEXITFXN
0001f980   _FXN_F_nop
0001f9a0   _GBL_getVersion
0001f9c0   IDL_F_loop
0001f9c0   _IDL_loop
0001f9e0   _STS_set
0001fa00   SYS_ERRORFXN
0001fa00   _UTL_doError
0001fa20   SYS_EXITFXN
0001fa20   _UTL_halt
0001fa40   GBL_stackbeg
0001fa40   _HWI_STKTOP
0001fa40   __stack
00023a38   _HWI_STKBOTTOM
00023a3f   GBL_stackend
00023a40   __STACK_END
00023a40   ___cinit__
00023a40   cinit
000257f4   ___pinit__
000257f4   pinit
00025800   _RTDX_Poll
00025c00   _RTDX_Buffer_WriteCB
00026240   _RTDX_Mon_Queue
00026460   _RTDX_Init_RT_Monitor
000264e0   _RTDX_Buffer_Initialize
00026540   _RTDX_Buffer_ReadCB
000265a0   _RTDX_Buffer_Size
000265e0   _RTDX_Final_RT_Monitor
00026620   _RTDX_Buffer_Read
00026640   _RTDX_Buffer_Write
00026680   _RTDX_Mask_IER
000266a0   ___atexit_func_id__
00026850   __IRQ_eventTable
000268d4   __IRQ_intTable
00026914   __IRQ_dispatchTable
0002691c   _KNL_queues
000269bc   _KNL_dummy
000269f4   _TSK_ATTRS
00026a10   _TSK_config
00026a30   _TSK_timerSem
00026a50   _OBJ_table
00026a88   _OBJ_segtab
00026ab8   _tccAllocTable
00026af8   __TSK_mutex
00026b20   __MEM_mutex
00026b48   _BSPLink_interface_config
00026b68   _configEDMABSPLinkRcv
00026b80   _configEDMABSPLinkXmt
00026b98   _datainterface_config
00026bb8   _configEDMARcv
00026bd0   _configEDMAXmt
00026c18   __MCBSP_hDev0
00026c1c   __MCBSP_hDev1
00026c7c   __TIMER_deviceTable
00026c94   __TIMER_hDev0
00026c98   __TIMER_hDev1
00026c9c   __TIMER_hBios
00026ca0   _SYS_exitStack
00026cdc   __cleanup_ptr
00026ce0   __dtors_ptr
00026ce4   ___TI_enable_exit_profile_output
00026ce8   __lock
00026cec   __unlock
00026cf0   _dtors
00026cf4   _DSK6713_version
00026cf8   CLK_A_TABBEG
00026cf8   PRD_clock
00026cf8   _PRD_clock
00026cfc   CLK_null
00026d00   BIOS_init
00026d00   _BIOS_init
00026e7c   BIOS$$CLKON
00026ebc   BIOS$$CLKOFF
00026f24   BIOS_start
00026f24   _BIOS_start
00026fe0   _MEM_init
000270c0   _c_int00
00027180   _TSK_init
00027200   _OBJ_init
00027220   _RTDX_Buffer
00027628   _RTDX_Buffer_Start
0002762c   _RTDX_Buffer_End
00027630   _rtdx_buffer_state
0002763c   _RTDX_writing
00027650   _rtdx_mon_state
00027670   TSK_LEDTOGGLE$stack
00027a08   TSK_LEDTOGGLE$stkptr
00027a70   TSK_idle$stack
00027e08   TSK_idle$stkptr
00027e70   $bss
00027e70   .bss
00027e70   _HWI_dispatchTab
00027e70   ___bss__
00027f70   IDL_D_tabbeg
00027f74   IDL_D_calibrate
00027f78   IDL_D_calbeg
00027f7c   LOG_D_system
00027f7c   _LOG_D_system
00027f80   PIP_D_tabbeg
00027f84   PIP_D_tablen
00027f88   CLK_R_time
00027f8c   CLK_D_timefxn
00027f90   CLK_D_tabbeg
00027f94   CLK_D_isrhook
00027f98   CLK_D_idletime
00027f9c   _CLK_htimeDiv
00027fa0   _CLK_htimeMult
00027fa4   _CLK_ltimeDiv
00027fa8   _CLK_ltimeMult
00027fac   _CLK_D_dirty
00027fb0   _CLK_D_prd
00027fb4   _CLK_D_tddr
00027fb8   _CLK_D_countspms
00027fbc   PRD_D_tick
00027fbc   _PRD_D_tick
00027fc0   PRD_D_cur
00027fc4   PRD_D_elapsed
00027fc8   PRD_D_prevtim
00027fcc   PRD_D_scalar
00027fd0   PRD_D_swihandle
00027fd4   PRD_D_tabbeg
00027fd8   PRD_D_tablen
00027fdc   PRD_D_thook
00027fe0   RTA_D_fromHost
00027fe4   RTA_D_toHost
00027fe8   RTA_D_logval
00027ff8   RTA_D_stsval
00028004   HST_D_chanmask
00028008   HST_D_tabbeg
0002800c   HST_D_tabend
00028010   _GBL_procId
00028014   _GBL_clkIn
00028018   _GBL_freq
0002801c   _MEM_D_NUMSEGMENTS
00028020   _MEM_D_memtab
00028024   _MEM_D_freelist
00028028   _MEM_D_lockaddr
0002802c   _MEM_D_unlockaddr
00028030   _SYS
00028034   __HOOK_knlId
00028038   __HOOK_NUMHOOKS
0002803c   SWI_D_runaddr
0002803c   _SWI_D_runaddr
0002803c   _SWI_data
00028040   SWI_D_execaddr
00028040   _SWI_D_execaddr
00028044   SWI_D_curmask
00028044   _SWI_D_curmask
00028048   SWI_D_curset
00028048   _SWI_D_curset
0002804c   SWI_D_lock
0002804c   _SWI_D_lock
00028050   SWI_D_curmbox
00028054   SWI_D_curfxn
00028054   _SWI_D_curfxn
00028058   SWI_D_rdybeg
00028058   _SWI_D_rdybeg
0002805c   SWI_D_inswi
0002805c   _SWI_D_inswi
00028060   SWI_D_rdytab
000280d8   _debug_buff_i
000280dc   _hMcbsp_AIC23
000280e0   _hEdmaRcv
000280e4   _hEdmaRcvRelPing
000280e8   _hEdmaRcvRelPong
000280ec   _hEdmaXmt
000280f0   _hEdmaXmtRelPing
000280f4   _hEdmaXmtRelPong
000280f8   _tccRcvPing
000280fc   _tccRcvPong
00028100   _tccXmtPing
00028104   _tccXmtPong
00028108   _ringbuff_audio_in_read_i
0002810c   _ringbuff_audio_in_write_i
00028110   _ringbuff_audio_out_read_i
00028114   _ringbuff_audio_out_write_i
00028118   _Decoding_Buffer_i
0002811c   _decoding_buff_valid
00028120   _Encoding_Buffer_i
00028124   _encoding_buff_valid
00028125   _dataDetected
00028128   _soundBuffer_i
0002812c   _time_cnt
00028130   _configComplete
00028134   _t_reg
00028138   _ENCODER
0002813c   _DECODER
00028160   _KNL_wFlag
00028164   _KNL_wList
00028168   _KNL_alarm
0002816c   _KNL_setpri
00028170   _KNL_inactive
00028174   _KNL_priority
00028178   _KNL_set
0002817c   _KNL_curtask
00028180   _KNL_prevtask
00028184   _KNL_curtime
00028188   _KNL_swiptr
0002818c   _KNL_curqueue
00028190   _KNL_maxqueue
00028194   _KNL_tswitchfxn
00028198   _KNL_tcreatefxn
0002819c   _KNL_tdeletefxn
000281a0   _KNL_treadyfxn
000281a4   _KNL_idlefxn
000281a8   _hMcbsp_Link
000281ac   _hEdmaBSPLinkRcv
000281b0   _hEdmaBSPLinkRcvRelPing
000281b4   _hEdmaBSPLinkRcvRelPong
000281b8   _hEdmaBSPLinkXmt
000281bc   _hEdmaBSPLinkXmtRelPing
000281c0   _hEdmaBSPLinkXmtRelPong
000281c4   _tccBSPLinkRcvPing
000281c8   _tccBSPLinkRcvPong
000281cc   _tccBSPLinkXmtPing
000281d0   _tccBSPLinkXmtPong
000281d4   _MEM_memtab
000281e0   MEM_MALLOCSEG
000281e0   MEM_SEGZERO
000281e0   SDRAM
000281e0   _SDRAM
000281e4   RTA_fromHost$pipe$dtab
000281f0   RTA_toHost$pipe$dtab
000281fc   HWI_D_spsave
000281fc   _HWI_D_spsave
000281fc   _HWI_data
00028208   _HWI_D_inhwi
0002820c   HWI_D_bss
00028210   HWI_D_ccmask
00028214   LNK_dspFrameRequestMask
00028214   _LNK_dspFrameRequestMask
00028218   LNK_dspFrameReadyMask
00028218   _LNK_dspFrameReadyMask
0002821c   LNK_readPend
0002821c   _LNK_readPend
00028220   LNK_readDone
00028220   _LNK_readDone
00028224   LNK_readFail
00028224   _LNK_readFail
00028228   LNK_writeFail
00028228   _LNK_writeFail
00028234   _rtdxNullChanCnt
00028238   _rtdxNullFuncCnt
0002823c   _TSK_nTasks
00028240   _TSK_pid
00028244   _TSK
00028248   _CLK_DFLTMICROSECS
0002824c   _CLK_D_microseconds
00028250   _SYS_exitStackPtr
00028254   _SYS_exitStackTop
00028258   _CLK_htimePerLtime
00028260   IDL_D_busyObj
00028264   _MEM
00028268   _hMcbsp_AIC23_Config
0002826c   PRD_SWIHANDLE
0002826c   PRD_swi
0002826c   SWI_A_TABBEG
0002826c   _PRD_swi
0002826c   ___end__
0002826c   end
00028298   KNL_swi
00028298   _KNL_swi
000282c4   SWI_BSPLink_In_Ping
000282c4   _SWI_BSPLink_In_Ping
000282f0   SWI_BSPLink_In_Pong
000282f0   _SWI_BSPLink_In_Pong
0002831c   SWI_ADC_Out_Ping
0002831c   _SWI_ADC_Out_Ping
00028348   SWI_ADC_Out_Pong
00028348   _SWI_ADC_Out_Pong
00028374   SWI_ADC_In_Ping
00028374   _SWI_ADC_In_Ping
000283a0   SWI_ADC_In_Pong
000283a0   _SWI_ADC_In_Pong
000283cc   SWI_BSPLink_Out_Ping
000283cc   _SWI_BSPLink_Out_Ping
000283f8   SWI_BSPLink_Out_Pong
000283f8   _SWI_BSPLink_Out_Pong
00028424   SWI_Decode_Buffer
00028424   _SWI_Decode_Buffer
00028450   SWI_Encode_Buffer
00028450   _SWI_Encode_Buffer
0002847c   SWI_A_TABEND
0002847c   _SYS_PUTCBEG
0002867b   _SYS_PUTCEND
000286d4   SEM_LEDToggle
000286d4   _SEM_LEDToggle
000286f4   TRC_cinit
000286f8   TRC_R_mask
000286f8   _TRC_R_mask
000286fc   GBL_initdone
00028700   LOG_system$buf
00028800   RTA_toHost$buf
00028900   PRD_Sek$sts$stsobj
00028900   STS_A_TABBEG
00028900   _STS_A_TABBEG
00028904   PRD_Sek$sts
00028910   PRD_swi$sts$stsobj
00028914   PRD_swi$sts
00028920   KNL_swi$sts$stsobj
00028924   KNL_swi$sts
00028930   SWI_BSPLink_In_Ping$sts$stsobj
00028934   SWI_BSPLink_In_Ping$sts
00028940   SWI_BSPLink_In_Pong$sts$stsobj
00028944   SWI_BSPLink_In_Pong$sts
00028950   SWI_ADC_Out_Ping$sts$stsobj
00028954   SWI_ADC_Out_Ping$sts
00028960   SWI_ADC_Out_Pong$sts$stsobj
00028964   SWI_ADC_Out_Pong$sts
00028970   SWI_ADC_In_Ping$sts$stsobj
00028974   SWI_ADC_In_Ping$sts
00028980   SWI_ADC_In_Pong$sts$stsobj
00028984   SWI_ADC_In_Pong$sts
00028990   SWI_BSPLink_Out_Ping$sts$stsobj
00028994   SWI_BSPLink_Out_Ping$sts
000289a0   SWI_BSPLink_Out_Pong$sts$stsobj
000289a4   SWI_BSPLink_Out_Pong$sts
000289b0   SWI_Decode_Buffer$sts$stsobj
000289b4   SWI_Decode_Buffer$sts
000289c0   SWI_Encode_Buffer$sts$stsobj
000289c4   SWI_Encode_Buffer$sts
000289d0   TSK_idle$sts$stsobj
000289d4   TSK_idle$sts
000289e0   TSK_LEDTOGGLE$sts$stsobj
000289e4   TSK_LEDTOGGLE$sts
000289f0   IDL_busyObj$stsobj
000289f4   IDL_busyObj
000289f4   _IDL_busyObj
00028a00   PIP_A_TABBEG
00028a00   RTA_fromHost$pipe
00028a00   STS_A_TABEND
00028a00   _PIP_A_TABBEG
00028a00   _STS_A_TABEND
00028a04   RTA_fromHost$pipe$rd
00028a30   RTA_fromHost$pipe$aaa
00028a34   RTA_fromHost$pipe$wr
00028a60   RTA_fromHost$pipe$bbb
00028a64   RTA_toHost$pipe
00028a68   RTA_toHost$pipe$rd
00028a94   RTA_toHost$pipe$aaa
00028a98   RTA_toHost$pipe$wr
00028ac4   RTA_toHost$pipe$bbb
00028ac8   PIP_A_TABEND
00028ac8   _PIP_A_TABEND
00028ad4   TSK_idle
00028ad4   _TSK_idle
00028b34   TSK_LEDTOGGLE
00028b34   _TSK_LEDTOGGLE
00028c3d   PRD_Sek$sts$maxfmt
00028c40   HST_A_TABBEG
00028c40   _HST_A_TABBEG
00028c44   RTA_fromHost
00028c44   _RTA_fromHost
00028c46   PRD_Sek$sts$sumfmt
00028c4c   RTA_fromHost$rtdx
00028c4f   PRD_Sek$sts$avgfmt
00028c5a   PRD_swi$sts$maxfmt
00028c60   RTA_toHost
00028c60   _RTA_toHost
00028c62   PRD_swi$sts$sumfmt
00028c68   RTA_toHost$rtdx
00028c6a   PRD_swi$sts$avgfmt
00028c74   KNL_swi$sts$maxfmt
00028c7c   HST_A_TABEND
00028c7c   KNL_swi$sts$sumfmt
00028c7c   _HST_A_TABEND
00028c84   KNL_swi$sts$avgfmt
00028c8e   SWI_BSPLink_In_Ping$sts$maxfmt
00028c96   SWI_BSPLink_In_Ping$sts$sumfmt
00028c9e   SWI_BSPLink_In_Ping$sts$avgfmt
00028ca4   PRD_A_TABBEG
00028ca4   PRD_Sek
00028ca4   _PRD_Sek
00028ca8   SWI_BSPLink_In_Pong$sts$maxfmt
00028cb0   SWI_BSPLink_In_Pong$sts$sumfmt
00028cb8   SWI_BSPLink_In_Pong$sts$avgfmt
00028cc0   PRD_Sek$aaa
00028cc2   SWI_ADC_Out_Ping$sts$maxfmt
00028cc4   LOG_A_TABBEG
00028cc4   LOG_system
00028cc4   PRD_A_TABEND
00028cc4   _LOG_A_TABBEG
00028cc4   _LOG_system
00028cca   SWI_ADC_Out_Ping$sts$sumfmt
00028cd2   SWI_ADC_Out_Ping$sts$avgfmt
00028cdc   LOG_A_TABEND
00028cdc   RTA_fromHost$buf
00028cdc   SWI_ADC_Out_Pong$sts$maxfmt
00028cdc   _LOG_A_TABEND
00028ce4   SWI_ADC_Out_Pong$sts$sumfmt
00028cec   IDL_A_TABBEG
00028cec   IDL_cpuLoad
00028cec   SWI_ADC_Out_Pong$sts$avgfmt
00028cec   _IDL_cpuLoad
00028cf0   LNK_dataPump
00028cf0   _LNK_dataPump
00028cf4   RTA_dispatcher
00028cf4   _RTA_dispatcher
00028cf6   SWI_ADC_In_Ping$sts$maxfmt
00028cf8   IDL_END
00028cfc   IDL_A_CALBEG
00028cfc   IDL_cpuLoad$
00028cfe   SWI_ADC_In_Ping$sts$sumfmt
00028d00   LNK_dataPump$
00028d04   RTA_dispatcher$
00028d06   SWI_ADC_In_Ping$sts$avgfmt
00028d08   IDL_END$
00028d0c   SYS$config
00028d10   SWI_ADC_In_Pong$sts$maxfmt
00028d18   SWI_ADC_In_Pong$sts$sumfmt
00028d20   SWI_ADC_In_Pong$sts$avgfmt
00028d2a   SWI_BSPLink_Out_Ping$sts$maxfmt
00028d32   SWI_BSPLink_Out_Ping$sts$sumfmt
00028d3a   SWI_BSPLink_Out_Ping$sts$avgfmt
00028d44   SWI_BSPLink_Out_Pong$sts$maxfmt
00028d4c   SWI_BSPLink_Out_Pong$sts$sumfmt
00028d54   SWI_BSPLink_Out_Pong$sts$avgfmt
00028d5e   SWI_Decode_Buffer$sts$maxfmt
00028d66   SWI_Decode_Buffer$sts$sumfmt
00028d6e   SWI_Decode_Buffer$sts$avgfmt
00028d78   SWI_Encode_Buffer$sts$maxfmt
00028d80   SWI_Encode_Buffer$sts$sumfmt
00028d88   SWI_Encode_Buffer$sts$avgfmt
00028d92   TSK_idle$sts$maxfmt
00028d9a   TSK_idle$sts$sumfmt
00028da2   TSK_idle$sts$avgfmt
00028dac   TSK_LEDTOGGLE$sts$maxfmt
00028db4   TSK_LEDTOGGLE$sts$sumfmt
00028dbc   TSK_LEDTOGGLE$sts$avgfmt
00028dc6   IDL_busyObj$maxfmt
00028dc9   IDL_busyObj$sumfmt
00028dcc   IDL_busyObj$avgfmt
00036ee8   CLK_LTIMEMULT
00036ee8   GBL_FREQ
01940000   CLK_REGS
01940000   _CLK_REGS
082039a3   HWI_INTRMULTHIGH
250718a4   HWI_INTRMULTLOW
80000000   SDRAM$B
80000000   _SDRAM_base
80008000   _MySinus
800080dc   _MySound
ffffffff   HST_DSMBUFSEG
ffffffff   IRAM
ffffffff   RTDX_DATAMEMSEG
ffffffff   _IRAM
ffffffff   ___TI_pprof_out_hndl
ffffffff   ___TI_prof_data_size
ffffffff   ___TI_prof_data_start
ffffffff   ___binit__
ffffffff   ___c_args__
ffffffff   binit

[1025 symbols]
