******************************************************************************
               TMS320C6x Linker PC v7.4.14                     
******************************************************************************
>> Linked Wed Jun 01 12:37:42 2016

OUTPUT FILE NAME:   <my_dsp_project.out>
ENTRY POINT SYMBOL: "_c_int00"  address: 0002c7c0


MEMORY CONFIGURATION

         name            origin    length      used     unused   attr    fill
----------------------  --------  ---------  --------  --------  ----  --------
  IRAM                  00000000   0003e000  0002e235  0000fdcb  RWIX
  SDRAM                 80000000   00800000  00038e3c  007c71c4  RWIX


SECTION ALLOCATION MAP

 output                                  attributes/
section   page    origin      length       input sections
--------  ----  ----------  ----------   ----------------
.data      0    00000000    00000000     UNINITIALIZED

.vers      0    00000000    00000044     COPY SECTION
                  00000000    00000044     my_dsp_projectcfg.obj (.vers)

.hwi_vec   0    00000000    00000200     
                  00000000    00000200     my_dsp_projectcfg.obj (.hwi_vec)

.cinit     0    00000200    0001c404     
                  00000200    0001afd4     skeleton.obj (.cinit)
                  0001b1d4    00000004     --HOLE-- [fill = 0]
                  0001b1d8    000008bc     my_dsp_projectcfg.obj (.cinit)
                  0001ba94    00000004     --HOLE-- [fill = 0]
                  0001ba98    0000026c     bios.a67 : biosdata.o67 (.cinit)
                  0001bd04    00000004     --HOLE-- [fill = 0]
                  0001bd08    000001a4              : knl.o67 (.cinit)
                  0001beac    00000004     --HOLE-- [fill = 0]
                  0001beb0    0000012c     csl6713.lib : csl_irq.obj (.cinit)
                  0001bfdc    00000004     --HOLE-- [fill = 0]
                  0001bfe0    000000b0     bios.a67 : swi.o67 (.cinit)
                  0001c090    00000080              : tsk.o67 (.cinit)
                  0001c110    00000078     config_BSPLink.obj (.cinit)
                  0001c188    00000070     csl6713.lib : csl_edma.obj (.cinit)
                  0001c1f8    00000060     bios.a67 : tsk_stup.o67 (.cinit)
                  0001c258    0000005c     lnkrtdx.a67 : rtdx.o67 (.cinit)
                  0001c2b4    00000004     --HOLE-- [fill = 0]
                  0001c2b8    00000054     csl6713.lib : csl_mcbsp.obj (.cinit)
                  0001c30c    00000004     --HOLE-- [fill = 0]
                  0001c310    0000004c     bios.a67 : rta.o67 (.cinit)
                  0001c35c    00000004     --HOLE-- [fill = 0]
                  0001c360    0000004c     csl6713.lib : csl_timer.obj (.cinit)
                  0001c3ac    00000004     --HOLE-- [fill = 0]
                  0001c3b0    0000004c     rtdx.lib : buffer1.o62 (.cinit)
                  0001c3fc    00000004     --HOLE-- [fill = 0]
                  0001c400    00000048     config_AIC23.obj (.cinit)
                  0001c448    0000003c     csl6713.lib : csl.obj (.cinit)
                  0001c484    00000004     --HOLE-- [fill = 0]
                  0001c488    00000034     bios.a67 : hwi.o67 (.cinit)
                  0001c4bc    00000004     --HOLE-- [fill = 0]
                  0001c4c0    0000002c              : utl_putc.o67 (.cinit)
                  0001c4ec    00000004     --HOLE-- [fill = 0]
                  0001c4f0    0000002c     rts6700.lib : exit.obj (.cinit)
                  0001c51c    00000004     --HOLE-- [fill = 0]
                  0001c520    00000024     bios.a67 : obj_init.o67 (.cinit)
                  0001c544    00000004     --HOLE-- [fill = 0]
                  0001c548    0000001c              : sys.o67 (.cinit)
                  0001c564    00000004     --HOLE-- [fill = 0]
                  0001c568    0000001c     rts6700.lib : _lock.obj (.cinit)
                  0001c584    00000004     --HOLE-- [fill = 0]
                  0001c588    0000001c                 : atexit.obj (.cinit)
                  0001c5a4    00000004     --HOLE-- [fill = 0]
                  0001c5a8    00000018     bios.a67 : knl_tick.o67 (.cinit)
                  0001c5c0    0000000c              : gbl_setL2CacheMode.o67 (.cinit)
                  0001c5cc    00000004     --HOLE-- [fill = 0]
                  0001c5d0    0000000c              : idl_busy.o67 (.cinit)
                  0001c5dc    00000004     --HOLE-- [fill = 0]
                  0001c5e0    0000000c              : knl_swit.o67 (.cinit)
                  0001c5ec    00000004     --HOLE-- [fill = 0]
                  0001c5f0    0000000c     rts6700.lib : sinit.obj (.cinit)
                  0001c5fc    00000004     --HOLE-- [fill = 0]
                  0001c600    00000004     (.pad.cinit) [fill = 0]

.log       0    0001c604    00000018     
                  0001c604    00000018     my_dsp_projectcfg.obj (.log)

.args      0    0001c61c    00000004     
                  0001c61c    00000004     --HOLE-- [fill = 0]

.bios      0    0001c620    00004280     
                  0001c620    00000600     lnkrtdx.a67 : rtdx.o67 (.bios)
                  0001cc20    000005e0     bios.a67 : gbl_setL2CacheMode.o67 (.bios)
                  0001d200    00000540              : swi.o67 (.bios)
                  0001d740    00000460              : hwi_disp_asm.o67 (.bios)
                  0001dba0    000003a0              : prd.o67 (.bios)
                  0001df40    000002c0              : knl_run.o67 (.bios)
                  0001e200    000002c0              : rta.o67 (.bios)
                  0001e4c0    000002c0              : sem_pend.o67 (.bios)
                  0001e780    00000260              : knl_tick.o67 (.bios)
                  0001e9e0    00000240              : pip.o67 (.bios)
                  0001ec20    00000220              : sem_dopo.o67 (.bios)
                  0001ee40    00000200              : tsk_setu.o67 (.bios)
                  0001f040    000001c0              : knl_swit.o67 (.bios)
                  0001f200    000001c0     biosC6000.a67 : clk.o67 (.bios)
                  0001f3c0    000001a0     bios.a67 : tsk_exit.o67 (.bios)
                  0001f560    00000180              : autoinit.o67 (.bios)
                  0001f6e0    00000180              : tsk_stup.o67 (.bios)
                  0001f860    00000140              : knl_chec.o67 (.bios)
                  0001f9a0    000000e0              : gbl_cslcacheinit.o67 (.bios)
                  0001fa80    000000e0              : knl_exit.o67 (.bios)
                  0001fb60    000000e0              : sem_post.o67 (.bios)
                  0001fc40    000000e0              : sem_post_asm.o67 (.bios)
                  0001fd20    000000e0     biosC6000.a67 : clk_meas.o67 (.bios)
                  0001fe00    000000c0     bios.a67 : knl_ipos.o67 (.bios)
                  0001fec0    000000c0              : knl_post.o67 (.bios)
                  0001ff80    000000c0              : lck.o67 (.bios)
                  00020040    000000c0              : sys_exit.o67 (.bios)
                  00020100    000000c0     biosC6000.a67 : clk_htime.o67 (.bios)
                  000201c0    00000080     bios.a67 : fxn.o67 (.bios)
                  00020240    00000080              : idl_busy.o67 (.bios)
                  000202c0    00000080              : log.o67 (.bios)
                  00020340    00000080              : sts.o67 (.bios)
                  000203c0    00000080     biosC6000.a67 : idl_cal.o67 (.bios)
                  00020440    00000060     bios.a67 : hwi_c.o67 (.bios)
                  000204a0    00000060              : sem_pend_binary.o67 (.bios)
                  00020500    00000060              : sem_pend_counting.o67 (.bios)
                  00020560    00000060              : swi_disable.o67 (.bios)
                  000205c0    00000060              : sys_abor.o67 (.bios)
                  00020620    00000060              : utl_putc.o67 (.bios)
                  00020680    00000060     biosC6000.a67 : clk_start.o67 (.bios)
                  000206e0    00000040     bios.a67 : idl_stub.o67 (.bios)
                  00020720    00000040              : rta_andn.o67 (.bios)
                  00020760    00000040              : utl_doab.o67 (.bios)
                  000207a0    00000040     biosC6000.a67 : clk_stop.o67 (.bios)
                  000207e0    00000020     bios.a67 : fxn_c.o67 (.bios)
                  00020800    00000020              : gbl_vers.o67 (.bios)
                  00020820    00000020              : idl.o67 (.bios)
                  00020840    00000020              : sts_set.o67 (.bios)
                  00020860    00000020              : utl_doer.o67 (.bios)
                  00020880    00000020              : utl_halt.o67 (.bios)

.stack     0    000208a0    00004000     UNINITIALIZED
                  000208a0    00004000     --HOLE--

.text      0    000248a0    00003f40     
                  000248a0    00000e20     skeleton.obj (.text)
                  000256c0    000007a0     config_BSPLink.obj (.text)
                  00025e60    00000480     dsk6713bsl.lib : dsk6713.obj (.text)
                  000262e0    00000280     csl6713.lib : csl_edma.obj (.text:_EDMA_open)
                  00026560    00000240     rts6700.lib : memcpy62.obj (.text:_memcpy)
                  000267a0    00000240     config_AIC23.obj (.text)
                  000269e0    00000220     csl6713.lib : csl.obj (.text:__CSL_init)
                  00026c00    000001e0     dsk6713bsl.lib : dsk6713_led.obj (.text)
                  00026de0    000001c0     csl6713.lib : csl_irq.obj (.text:_IRQ_map)
                  00026fa0    000001c0                 : csl_irq.obj (.text:_mux2Tables)
                  00027160    000001a0                 : csl_edma.obj (.text:_EDMA_allocTable)
                  00027300    000001a0                 : csl_mcbsp.obj (.text:_MCBSP_reset)
                  000274a0    00000180     bios.a67 : gbl_cslpllinit62.o67 (.text)
                  00027620    00000160     rts6700.lib : sinit.obj (.text:_call_dtors)
                  00027780    00000140     csl6713.lib : csl_edma.obj (.text:_EDMA_reset)
                  000278c0    00000140                 : csl_timer.obj (.text:_TIMER_open)
                  00027a00    00000120                 : csl_timer.obj (.text:_TIMER_reset)
                  00027b20    00000100                 : csl_edma.obj (.text:_EDMA_intAlloc)
                  00027c20    00000100                 : csl_mcbsp.obj (.text:_MCBSP_open)
                  00027d20    00000100                 : csl_mcbsp.obj (.text:_MCBSP_start)
                  00027e20    000000e0                 : csl_edma.obj (.text:_EDMA_config)
                  00027f00    000000e0     rts6700.lib : strasg.obj (.text:__strasg)
                  00027fe0    000000e0                 : atexit.obj (.text:_atexit)
                  000280c0    000000c0     bios.a67 : tsk_stup.o67 (.text)
                  00028180    000000a0     csl6713.lib : csl_mcbsp.obj (.text:_MCBSP_close)
                  00028220    000000a0                 : csl_mcbsp.obj (.text:_MCBSP_config)
                  000282c0    000000a0                 : csl_irq.obj (.text:__IRQ_init)
                  00028360    000000a0                 : csl_irq.obj (.text:_setMux)
                  00028400    00000060                 : csl_edma.obj (.text:_EDMA_disableChannel)
                  00028460    00000060                 : csl_edma.obj (.text:_EDMA_enableChannel)
                  000284c0    00000060                 : csl_edma.obj (.text:_EDMA_intEnable)
                  00028520    00000060                 : csl_edma.obj (.text:_EDMA_qdmaConfig)
                  00028580    00000040                 : csl_edma.obj (.text:_EDMA_link)
                  000285c0    00000040                 : csl_irq.obj (.text:_IRQ_enable)
                  00028600    00000040     rts6700.lib : sinit.obj (.text:___add_dtor)
                  00028640    00000020     csl6713.lib : csl.obj (.text:_CSL6713_LIB_)
                  00028660    00000020                 : csl_edma.obj (.text:_EDMA_intClear)
                  00028680    00000020                 : csl_edma.obj (.text:_EDMA_intTest)
                  000286a0    00000020                 : csl_irq.obj (.text:_IRQ_clear)
                  000286c0    00000020                 : csl_irq.obj (.text:_IRQ_globalEnable)
                  000286e0    00000020                 : csl_mcbsp.obj (.text:_MCBSP_getRcvAddr)
                  00028700    00000020                 : csl_mcbsp.obj (.text:_MCBSP_getXmtAddr)
                  00028720    00000020                 : csl_mcbsp.obj (.text:_MCBSP_write)
                  00028740    00000020                 : csl_mcbsp.obj (.text:_MCBSP_xrdy)
                  00028760    00000020     rts6700.lib : _lock.obj (.text:__nop)
                  00028780    00000020                 : _lock.obj (.text:__register_lock)
                  000287a0    00000020                 : _lock.obj (.text:__register_unlock)
                  000287c0    00000020     csl6713.lib : csl_irq.obj (.text)

.far       0    000287e0    00002d68     UNINITIALIZED
                  000287e0    00002760     config_BSPLink.obj (.far)
                  0002af40    00000188     rts6700.lib : atexit.obj (.far)
                  0002b0c8    000000f4     csl6713.lib : csl_irq.obj (.far)
                  0002b1bc    000000d8     bios.a67 : knl.o67 (.far)
                  0002b294    0000005c              : tsk.o67 (.far)
                  0002b2f0    00000054              : obj_init.o67 (.far)
                  0002b344    00000054     csl6713.lib : csl_edma.obj (.far)
                  0002b398    00000050     bios.a67 : tsk_stup.o67 (.far)
                  0002b3e8    00000050     skeleton.obj (.far)
                  0002b438    00000038     csl6713.lib : csl_mcbsp.obj (.far)
                  0002b470    00000034     config_AIC23.obj (.far)
                  0002b4a4    00000028     csl6713.lib : csl.obj (.far)
                  0002b4cc    00000024                 : csl_timer.obj (.far)
                  0002b4f0    00000020     bios.a67 : sys.o67 (.far)
                  0002b510    00000010              : knl_tick.o67 (.far)
                  0002b520    0000000c              : utl_putc.o67 (.far)
                  0002b52c    0000000c     rts6700.lib : exit.obj (.far)
                  0002b538    00000008                 : _lock.obj (.far)
                  0002b540    00000004                 : sinit.obj (.far)
                  0002b544    00000002     dsk6713bsl.lib : dsk6713.obj (.far)
                  0002b546    00000002                    : dsk6713_led.obj (.far)

.hst1      0    0002b548    00000010     UNINITIALIZED
                  0002b548    00000010     my_dsp_projectcfg.obj (.hst1)

.clk       0    0002b558    00000008     UNINITIALIZED
                  0002b558    00000008     my_dsp_projectcfg.obj (.clk)

.rtdx_text 
*          0    0002b560    00000ea0     
                  0002b560    00000400     rtdx.lib : rtdx_mon.o62 (.rtdx_text:_RTDX_Poll)
                  0002b960    00000340              : buffer1.o62 (.rtdx_text:_RTDX_Buffer_WriteCB)
                  0002bca0    00000300              : buffer1.o62 (.rtdx_text:_RTDX_write_next)
                  0002bfa0    00000140              : rtdx_mon.o62 (.rtdx_text:_RTDX_Mon_Queue)
                  0002c0e0    000000e0              : buffer1.o62 (.rtdx_text:_claim)
                  0002c1c0    00000080              : rtdx_mon.o62 (.rtdx_text:_RTDX_Init_RT_Monitor)
                  0002c240    00000060              : buffer1.o62 (.rtdx_text:_RTDX_Buffer_Initialize)
                  0002c2a0    00000060              : buffer2.o62 (.rtdx_text:_RTDX_Buffer_ReadCB)
                  0002c300    00000040              : buffer1.o62 (.rtdx_text:_RTDX_Buffer_Size)
                  0002c340    00000040              : rtdx_mon.o62 (.rtdx_text:_RTDX_Final_RT_Monitor)
                  0002c380    00000020              : buffer2.o62 (.rtdx_text:_RTDX_Buffer_Read)
                  0002c3a0    00000020              : buffer1.o62 (.rtdx_text:_RTDX_Buffer_Write)
                  0002c3c0    00000020              : rtdx_mon.o62 (.rtdx_text:_RTDX_checksum)
                  0002c3e0    00000020              : intr_tgt.o62 (.rtdx_text)

.sysinit   0    0002c400    00000520     
                  0002c400    000002e0     my_dsp_projectcfg.obj (.sysinit)
                  0002c6e0    000000e0     bios.a67 : mem_init.o67 (.sysinit)
                  0002c7c0    000000c0              : boot.o67 (.sysinit)
                  0002c880    00000080              : tsk_init.o67 (.sysinit)
                  0002c900    00000020              : obj_init.o67 (.sysinit)

.rtdx_data 
*          0    0002c920    0000044c     UNINITIALIZED
                  0002c920    00000410     my_dsp_projectcfg.obj (.rtdx_data)
                  0002cd30    00000020     rtdx.lib : buffer1.o62 (.rtdx_data)
                  0002cd50    0000001c              : rtdx_mon.o62 (.rtdx_data)

.mem       0    0002cd6c    00000004     UNINITIALIZED
                  0002cd6c    00000004     my_dsp_projectcfg.obj (.mem)

.TSK_LEDTOGGLE$stk 
*          0    0002cd70    00000400     UNINITIALIZED
                  0002cd70    00000400     my_dsp_projectcfg.obj (.TSK_LEDTOGGLE$stk)

.TSK_idle$stk 
*          0    0002d170    00000400     UNINITIALIZED
                  0002d170    00000400     my_dsp_projectcfg.obj (.TSK_idle$stk)

.bss       0    0002d570    000003d8     UNINITIALIZED
                  0002d570    00000100     bios.a67 : hwi_disp_asm.o67 (.bss)
                  0002d670    000000cc              : biosdata.o67 (.bss)
                  0002d73c    0000009c              : swi.o67 (.bss)
                  0002d7d8    00000060     skeleton.obj (.bss)
                  0002d838    00000048     bios.a67 : knl.o67 (.bss)
                  0002d880    00000030     config_BSPLink.obj (.bss)
                  0002d8b0    00000028     my_dsp_projectcfg.obj (.bss)
                  0002d8d8    00000018     bios.a67 : hwi.o67 (.bss)
                  0002d8f0    00000018     lnkrtdx.a67 : rtdx.o67 (.bss)
                  0002d908    00000010     rtdx.lib : buffer1.o62 (.bss)
                  0002d918    0000000c     bios.a67 : tsk.o67 (.bss)
                  0002d924    00000008              : clk_data.o67 (.bss)
                  0002d92c    00000008              : sys.o67 (.bss)
                  0002d934    00000004              : clk_data2.o67 (.bss)
                  0002d938    00000004              : gbl_setL2CacheMode.o67 (.bss)
                  0002d93c    00000004              : idl_busy.o67 (.bss)
                  0002d940    00000004              : mem_asm.o67 (.bss)
                  0002d944    00000004     config_AIC23.obj (.bss)

.trace     0    0002d948    00000200     
                  0002d948    00000200     --HOLE-- [fill = 00000000]

.const     0    0002db48    000000b5     
                  0002db48    0000004e     bios.a67 : tsk_stup.o67 (.const)
                  0002db96    00000023              : utl_doab.o67 (.const)
                  0002dbb9    00000022              : utl_doer.o67 (.const)
                  0002dbdb    00000001     --HOLE-- [fill = 0]
                  0002dbdc    00000020     dsk6713bsl.lib : dsk6713.obj (.const)
                  0002dbfc    00000001     bios.a67 : tsk.o67 (.const)

.printf    0    0002dbfd    000000de     COPY SECTION
                  0002dbfd    000000de     my_dsp_projectcfg.obj (.printf)

.LOG_system$buf 
*          0    0002dc00    00000100     UNINITIALIZED
                  0002dc00    00000100     my_dsp_projectcfg.obj (.LOG_system$buf)

.hst0      0    0002dd00    00000100     UNINITIALIZED
                  0002dd00    00000100     my_dsp_projectcfg.obj (.hst0)

.swi       0    0002de00    000000dc     UNINITIALIZED
                  0002de00    000000dc     my_dsp_projectcfg.obj (.swi)

.pip       0    0002dedc    000000c8     UNINITIALIZED
                  0002dedc    000000c8     my_dsp_projectcfg.obj (.pip)

.tsk       0    0002dfa4    000000c0     UNINITIALIZED
                  0002dfa4    000000c0     my_dsp_projectcfg.obj (.tsk)

.sts       0    0002e064    00000090     
                  0002e064    00000090     my_dsp_projectcfg.obj (.sts)

.gblinit   0    0002e0f4    0000004c     
                  0002e0f4    0000004c     my_dsp_projectcfg.obj (.gblinit)

.hst       0    0002e140    0000003c     UNINITIALIZED
                  0002e140    0000003c     my_dsp_projectcfg.obj (.hst)

.sem       0    0002e17c    0000002c     UNINITIALIZED
                  0002e17c    0000002c     my_dsp_projectcfg.obj (.sem)

.switch    0    0002e1a8    00000028     
                  0002e1a8    00000028     rtdx.lib : rtdx_mon.o62 (.switch)

.prd       0    0002e1d0    00000020     UNINITIALIZED
                  0002e1d0    00000020     my_dsp_projectcfg.obj (.prd)

.idl       0    0002e1f0    00000010     UNINITIALIZED
                  0002e1f0    00000010     my_dsp_projectcfg.obj (.idl)

.idlcal    0    0002e200    00000010     UNINITIALIZED
                  0002e200    00000010     my_dsp_projectcfg.obj (.idlcal)

.sys       0    0002e210    00000010     UNINITIALIZED
                  0002e210    00000010     my_dsp_projectcfg.obj (.sys)

.pinit     0    0002e220    0000000c     
                  0002e220    00000004     rtdx.lib : buffer1.o62 (.pinit)
                  0002e224    00000004              : rtdx_mon.o62 (.pinit)
                  0002e228    00000004     --HOLE-- [fill = 0]

.trcdata   0    0002e22c    0000000c     
                  0002e22c    0000000c     bios.a67 : trc.o67 (.trcdata)

.sounds    0    80000000    0001aeac     UNINITIALIZED
                  80000000    0001aeac     skeleton.obj (.sounds)

.datenpuffer 
*          0    8001aeac    00015f90     UNINITIALIZED
                  8001aeac    0000c350     config_BSPLink.obj (.datenpuffer)
                  800271fc    00009c40     skeleton.obj (.datenpuffer)

.SDRAM$heap 
*          0    80030e3c    00008000     UNINITIALIZED
                  80030e3c    00008000     --HOLE--


GLOBAL SYMBOLS: SORTED ALPHABETICALLY BY Name 

address    name
--------   ----
0002d570   $bss
0002d570   .bss
00000000   .data
000248a0   .text
0002c5bc   BIOS$$CLKOFF
0002c57c   BIOS$$CLKON
0002c400   BIOS_init
0002c624   BIOS_start
00000000   BUF$
00000001   BUF_ENABLED
00000001   CLK$
0002b558   CLK_A_TABBEG
00000001   CLK_CALDIV
00000004   CLK_CALMULT
0000dbba   CLK_COUNTSPMS
00000000   CLK_COUNTSPMSHIGH
0002d698   CLK_D_idletime
0002d694   CLK_D_isrhook
0002d690   CLK_D_tabbeg
0002d68c   CLK_D_timefxn
00020100   CLK_F_getfhtime
00020120   CLK_F_gethtime
0001f200   CLK_F_getltime
00020120   CLK_F_getshtime
0001f214   CLK_F_isr
0001f374   CLK_F_itime
0001d740   CLK_HOOKFXN
00000001   CLK_HTIMEDIV
00000004   CLK_HTIMEMULT
0000dbba   CLK_HTIMEPERLTIME
00004000   CLK_INTBIT
00000001   CLK_LTIMEDIV
00036ee8   CLK_LTIMEMULT
000003e8   CLK_MICROSECS
0000dbba   CLK_PRD
00000000   CLK_PRDHIGH
01940000   CLK_REGS
0002d688   CLK_R_time
00000020   CLK_TCR
00000000   CLK_TDDR
00000000   CLK_TDDRHIGH
00020120   CLK_TIMEFXN
00000000   CLK_TIMERNUM
00000001   CLK_USETIMER
0002b55c   CLK_null
00000000   DEV$
00000000   DGN$
00000000   DHL$
00000000   DHL_gChannelsAvailable
00000000   DIO$
00000000   DIO_NUMSWIBASE
00000000   DIO_NUMTSKBASE
00000000   DIO_STATIC
00000000   DPI$
000201c0   FXN_F_nop
000201c8   FXN_F_run
00020218   FXN_F_zero
00000001   GBL$
00005205   GBL_A_VERSION
00000000   GBL_BIGENDIAN
00000000   GBL_C641XL2PRIORITY
00000000   GBL_CACHE
00000001   GBL_CALLCSLCFGINIT
00004e20   GBL_CLKIN
00001770   GBL_CLKTYPE
00001a39   GBL_DSPSUBTYPE
0000003e   GBL_DSPTYPE
00000001   GBL_ENABLEINST
00000042   GBL_FOOTPRINT
00036ee8   GBL_FREQ
00002226   GBL_L2ALLOC
00000000   GBL_L2CONFIGALLOC
00000001   GBL_L2CONFIGURE
00000001   GBL_L2MARMASK
00000000   GBL_L2MARMASK1
00000000   GBL_L2MARMASK2
00000000   GBL_L2MARMASK3
00000000   GBL_L2MARMASK4
00000000   GBL_L2MARMASK5
00000000   GBL_L2MODE
00000000   GBL_L2PRIORITY
00000000   GBL_NULL
00000000   GBL_PROCID
00000000   GBL_ROM
00000000   GBL_SUPPORTCSL
0000dbef   GBL_TRCMASKVALUE
00000001   GBL_USERINIT
000274c8   GBL_USERINITFXN
00000001   GBL_boot
0002e234   GBL_initdone
000208a0   GBL_stackbeg
0002489f   GBL_stackend
00000000   GIO$
000207e0   GIO_CREATEFXN
000207e0   GIO_DELETEFXN
000207e0   GIO_PENDFXN
000207e0   GIO_POSTFXN
00000000   HOOK$
00000000   HOOK_KNLID
00000001   HST$
0002e140   HST_A_TABBEG
0002e17c   HST_A_TABEND
00000000   HST_DSM
ffffffff   HST_DSMBUFSEG
00000400   HST_DSMMEMSIZE
0002d704   HST_D_chanmask
0002d708   HST_D_tabbeg
0002d70c   HST_D_tabend
000000ff   HST_MAXFRAMEALLOWED
00000040   HST_MAXFRAMESET
00000000   HST_NONE
00000001   HST_RTDX
00000001   HWI$
00000000   HWI_A_VECS
00005108   HWI_CFGDISPATCHED
0002d8e8   HWI_D_bss
0002d8ec   HWI_D_ccmask
0002d8d8   HWI_D_spsave
0001d740   HWI_F_dispatch
00000000   HWI_GENERATE_RESET_VEC
0000000a   HWI_INT10
00000000   HWI_INT10$hwi
0000000b   HWI_INT11
00000000   HWI_INT11$hwi
0000000c   HWI_INT12
00000000   HWI_INT12$hwi
0000000d   HWI_INT13
00000000   HWI_INT13$hwi
0000000e   HWI_INT14
00000000   HWI_INT14$hwi
0000000f   HWI_INT15
00000000   HWI_INT15$hwi
00000004   HWI_INT4
00000000   HWI_INT4$hwi
00000005   HWI_INT5
00000000   HWI_INT5$hwi
00000006   HWI_INT6
00000000   HWI_INT6$hwi
00000007   HWI_INT7
00000000   HWI_INT7$hwi
00000008   HWI_INT8
00000000   HWI_INT8$hwi
00000009   HWI_INT9
00000000   HWI_INT9$hwi
082031a3   HWI_INTRMULTHIGH
310718a4   HWI_INTRMULTLOW
00000001   HWI_NMI
00000000   HWI_NMI$hwi
00000000   HWI_POLARITYMASK
00000002   HWI_RESERVED0
00000000   HWI_RESERVED0$hwi
00000003   HWI_RESERVED1
00000000   HWI_RESERVED1$hwi
00000000   HWI_RESET
00000000   HWI_RESET$hwi
00000001   HWI_ZEROTAB
00000001   IDL$
0002e200   IDL_A_CALBEG
0002e1f0   IDL_A_TABBEG
00000006   IDL_CALIBRERROR
000206e0   IDL_CALIBRFXN
0002d93c   IDL_D_busyObj
0002d678   IDL_D_calbeg
0002d674   IDL_D_calibrate
0002d670   IDL_D_tabbeg
0002e1fc   IDL_END
0002e20c   IDL_END$
00020240   IDL_F_busy
000203c0   IDL_F_calibrate
00020820   IDL_F_loop
000206e0   IDL_F_stub
00000001   IDL_USECLKIDLTIME
0002e0e8   IDL_busyObj
0002dcd6   IDL_busyObj$avgfmt
00000001   IDL_busyObj$filter
00000001   IDL_busyObj$iA
00000000   IDL_busyObj$iB
00000001   IDL_busyObj$iC
0002dcd0   IDL_busyObj$maxfmt
00000000   IDL_busyObj$operation
0002e0e4   IDL_busyObj$stsobj
0002dcd3   IDL_busyObj$sumfmt
00000002   IDL_busyObj$unittype
0002e1f0   IDL_cpuLoad
0002e200   IDL_cpuLoad$
ffffffff   IRAM
00000001   ISRC$
0001f1c0   KNL_glue
0002de2c   KNL_swi
00000001   KNL_swi$dorta
00000002   KNL_swi$ord
00000000   KNL_swi$pri
0002e088   KNL_swi$sts
0002dc44   KNL_swi$sts$avgfmt
00000002   KNL_swi$sts$filter
00000001   KNL_swi$sts$filtmaxmult
00000001   KNL_swi$sts$filtsummult
0002dc34   KNL_swi$sts$maxfmt
0002e084   KNL_swi$sts$stsobj
0002dc3c   KNL_swi$sts$sumfmt
00000000   KNL_swi$sts$unittype
00000000   KNL_swi$swi
00000001   LCK$
0001c620   LNK_F_checkBufferCall
0001c6a0   LNK_F_dataPump
0001c640   LNK_F_getChanPtr
0001c698   LNK_F_init
0001cbe4   LNK_F_readCallBack
0002e1f4   LNK_dataPump
0002e204   LNK_dataPump$
0002d8f4   LNK_dspFrameReadyMask
0002d8f0   LNK_dspFrameRequestMask
0001c940   LNK_newin
0001ca80   LNK_newout
0001c6b4   LNK_rcloop
0001c780   LNK_rdrtry
0002d8fc   LNK_readDone
0002d900   LNK_readFail
0002d8f8   LNK_readPend
0001c790   LNK_rrloop
0002d904   LNK_writeFail
0001c864   LNK_wrloop
0001c854   LNK_wrrtry
00000001   LOG$
0001c604   LOG_A_TABBEG
0001c61c   LOG_A_TABEND
00000001   LOG_A_TABLEN
0002d67c   LOG_D_system
00000001   LOG_ENABLED
000202c0   LOG_F_event
0001c604   LOG_system
0002dc00   LOG_system$buf
00000000   LOG_system$datatype
00000000   LOG_system$log
00000040   LOG_system$size
00000000   MBX$
00000001   MEM$
0002d8bc   MEM_MALLOCSEG
00000000   MEM_NULL
0002d8bc   MEM_SEGZERO
00000000   MEM_USEMPC
00000001   MEM_gNumHeap
00000000   MSGQ$
00000000   MSGQ_USEMSGQ
00000000   OBJ$
00000000   PIP$
0002dedc   PIP_A_TABBEG
0002dfa4   PIP_A_TABEND
00000002   PIP_A_TABLEN
0002d680   PIP_D_tabbeg
0002d684   PIP_D_tablen
0001ea74   PIP_F_give
0001ea74   PIP_F_probe
0001eb48   PIP_F_start
0001e9e0   PIP_F_take
00000064   PIP_OBJSIZE
00000000   PIP_gNextId
00000002   PIP_gNumEmbed
00000000   POOL$
00000000   POOL_USEPOOL
00000001   PRD$
0002e1d0   PRD_A_TABBEG
0002e1f0   PRD_A_TABEND
00000001   PRD_A_TABLEN
0002d6c0   PRD_D_cur
0002d6c4   PRD_D_elapsed
0002d6c8   PRD_D_prevtim
0002d6cc   PRD_D_scalar
0002d6d0   PRD_D_swihandle
0002d6d4   PRD_D_tabbeg
0002d6d8   PRD_D_tablen
0002d6dc   PRD_D_thook
0002d6bc   PRD_D_tick
0001dba0   PRD_F_swi
0001de60   PRD_F_tick
0002e1d0   PRD_LEDToggle
0002e1ec   PRD_LEDToggle$aaa
00000000   PRD_LEDToggle$mode
00000002   PRD_LEDToggle$ord
000003e8   PRD_LEDToggle$period
00000000   PRD_LEDToggle$prd
0002e068   PRD_LEDToggle$sts
0002dc0f   PRD_LEDToggle$sts$avgfmt
00000000   PRD_LEDToggle$sts$filter
0002dbfd   PRD_LEDToggle$sts$maxfmt
0002e064   PRD_LEDToggle$sts$stsobj
0002dc06   PRD_LEDToggle$sts$sumfmt
00000002   PRD_LEDToggle$sts$unittype
00000008   PRD_SCALAR
0002de00   PRD_SWIHANDLE
0001e9c0   PRD_THOOKFXN
0002b558   PRD_clock
0002de00   PRD_swi
00000001   PRD_swi$dorta
00000001   PRD_swi$ord
00000001   PRD_swi$pri
0002e078   PRD_swi$sts
0002dc2a   PRD_swi$sts$avgfmt
00000002   PRD_swi$sts$filter
00000001   PRD_swi$sts$filtmaxmult
00000001   PRD_swi$sts$filtsummult
0002dc1a   PRD_swi$sts$maxfmt
0002e074   PRD_swi$sts$stsobj
0002dc22   PRD_swi$sts$sumfmt
00000000   PRD_swi$sts$unittype
00000000   PRD_swi$swi
00000001   QUE$
0002d6e0   RTA_D_fromHost
0002d6e8   RTA_D_logval
0002d6f8   RTA_D_stsval
0002d6e4   RTA_D_toHost
00020720   RTA_F_andn
0001e2f8   RTA_F_dispatch
0001e200   RTA_F_getlog
0001e244   RTA_F_getsts
00020740   RTA_F_or
0001e28c   RTA_F_readblk
0001e2b8   RTA_F_resetmem
0001e2ac   RTA_F_writeword
0002e1f8   RTA_dispatcher
0002e208   RTA_dispatcher$
0001e348   RTA_execute
0002e144   RTA_fromHost
0002b548   RTA_fromHost$buf
00000004   RTA_fromHost$framesize
00000000   RTA_fromHost$hst
00000001   RTA_fromHost$id
00000000   RTA_fromHost$mode
0002dedc   RTA_fromHost$pipe
0002df0c   RTA_fromHost$pipe$aaa
0002df3c   RTA_fromHost$pipe$bbb
0002d8c0   RTA_fromHost$pipe$dtab
0002dee0   RTA_fromHost$pipe$rd
0002df10   RTA_fromHost$pipe$wr
0002e14c   RTA_fromHost$rtdx
0002e160   RTA_toHost
0002dd00   RTA_toHost$buf
00000040   RTA_toHost$framesize
00000000   RTA_toHost$hst
00000000   RTA_toHost$id
00000001   RTA_toHost$mode
0002df40   RTA_toHost$pipe
0002df70   RTA_toHost$pipe$aaa
0002dfa0   RTA_toHost$pipe$bbb
0002d8cc   RTA_toHost$pipe$dtab
0002df44   RTA_toHost$pipe$rd
0002df74   RTA_toHost$pipe$wr
0002e168   RTA_toHost$rtdx
00000001   RTDX$
00000408   RTDX_BUFMEMSIZE
ffffffff   RTDX_DATAMEMSEG
00000000   RTDX_MODE
00000001   RTDX_NORMALIZED_HDR
00000001   RTDX_USERTDX
00000000   RTDX_USERTEXECUTION
0002d8bc   SDRAM
80030e3c   SDRAM$B
00008000   SDRAM$L
00000001   SEM$
0002e188   SEM_LEDToggle
00000000   SIO$
00000001   STS$
0002e064   STS_A_TABBEG
0002e0f4   STS_A_TABEND
00020378   STS_F_add
00020340   STS_F_delta
000203a4   STS_F_reset
00000001   SWI$
0002de00   SWI_A_TABBEG
0002dedc   SWI_A_TABEND
00000005   SWI_A_TABLEN
0002deb0   SWI_BSPLink_SEND
00000001   SWI_BSPLink_SEND$dorta
00000005   SWI_BSPLink_SEND$ord
00000002   SWI_BSPLink_SEND$pri
0002e0b8   SWI_BSPLink_SEND$sts
0002dc92   SWI_BSPLink_SEND$sts$avgfmt
00000002   SWI_BSPLink_SEND$sts$filter
00000001   SWI_BSPLink_SEND$sts$filtmaxmult
00000001   SWI_BSPLink_SEND$sts$filtsummult
0002dc82   SWI_BSPLink_SEND$sts$maxfmt
0002e0b4   SWI_BSPLink_SEND$sts$stsobj
0002dc8a   SWI_BSPLink_SEND$sts$sumfmt
00000000   SWI_BSPLink_SEND$sts$unittype
00000000   SWI_BSPLink_SEND$swi
0002d754   SWI_D_curfxn
0002d744   SWI_D_curmask
0002d750   SWI_D_curmbox
0002d748   SWI_D_curset
0002d740   SWI_D_execaddr
0002d75c   SWI_D_inswi
0002d74c   SWI_D_lock
0002d758   SWI_D_rdybeg
0002d760   SWI_D_rdytab
0002d73c   SWI_D_runaddr
00000000   SWI_EHOOKFXN
0001d41c   SWI_EXECFXN
0001d200   SWI_F_enable
0001d41c   SWI_F_exec
0001d448   SWI_F_iexec
0001d270   SWI_F_post
0001d4d8   SWI_F_run
00000000   SWI_IHOOKFXN
0002de58   SWI_Ping
00000001   SWI_Ping$dorta
00000003   SWI_Ping$ord
00000001   SWI_Ping$pri
0002e098   SWI_Ping$sts
0002dc5e   SWI_Ping$sts$avgfmt
00000002   SWI_Ping$sts$filter
00000001   SWI_Ping$sts$filtmaxmult
00000001   SWI_Ping$sts$filtsummult
0002dc4e   SWI_Ping$sts$maxfmt
0002e094   SWI_Ping$sts$stsobj
0002dc56   SWI_Ping$sts$sumfmt
00000000   SWI_Ping$sts$unittype
00000000   SWI_Ping$swi
0002de84   SWI_Pong
00000001   SWI_Pong$dorta
00000004   SWI_Pong$ord
00000001   SWI_Pong$pri
0002e0a8   SWI_Pong$sts
0002dc78   SWI_Pong$sts$avgfmt
00000002   SWI_Pong$sts$filter
00000001   SWI_Pong$sts$filtmaxmult
00000001   SWI_Pong$sts$filtsummult
0002dc68   SWI_Pong$sts$maxfmt
0002e0a4   SWI_Pong$sts$stsobj
0002dc70   SWI_Pong$sts$sumfmt
00000000   SWI_Pong$sts$unittype
00000000   SWI_Pong$swi
0001d4d8   SWI_RUNFXN
00000001   SYS$
0002e210   SYS$config
00020760   SYS_ABORTFXN
00020860   SYS_ERRORFXN
00020880   SYS_EXITFXN
00020620   SYS_PUTCFXN
0002e230   TRC_R_mask
0002e22c   TRC_cinit
00000001   TSK$
0002e010   TSK_LEDTOGGLE
00000003   TSK_LEDTOGGLE$ord
00000002   TSK_LEDTOGGLE$pri
0002cd70   TSK_LEDTOGGLE$stack
0002d108   TSK_LEDTOGGLE$stkptr
0002e0d8   TSK_LEDTOGGLE$sts
0002dcc6   TSK_LEDTOGGLE$sts$avgfmt
00000002   TSK_LEDTOGGLE$sts$filter
00000001   TSK_LEDTOGGLE$sts$filtmaxmult
00000001   TSK_LEDTOGGLE$sts$filtsummult
0002dcb6   TSK_LEDTOGGLE$sts$maxfmt
0002e0d4   TSK_LEDTOGGLE$sts$stsobj
0002dcbe   TSK_LEDTOGGLE$sts$sumfmt
00000000   TSK_LEDTOGGLE$sts$unittype
00000000   TSK_LEDTOGGLE$tsk
00000000   TSK_NUM_HOOKS
00000001   TSK_PRIORITY
00000000   TSK_READYFXN
00000000   TSK_STACKSEG
00000400   TSK_STACKSIZE
00000000   TSK_SWITCHFXN
000207e0   TSK_VCREATEFXN
000207e0   TSK_VDELETEFXN
000207e0   TSK_VEXITFXN
0002dfb0   TSK_idle
00000001   TSK_idle$ord
00000000   TSK_idle$pri
0002d170   TSK_idle$stack
0002d508   TSK_idle$stkptr
0002e0c8   TSK_idle$sts
0002dcac   TSK_idle$sts$avgfmt
00000002   TSK_idle$sts$filter
00000001   TSK_idle$sts$filtmaxmult
00000001   TSK_idle$sts$filtsummult
0002dc9c   TSK_idle$sts$maxfmt
0002e0c4   TSK_idle$sts$stsobj
0002dca4   TSK_idle$sts$sumfmt
00000000   TSK_idle$sts$unittype
00000000   TSK_idle$tsk
00000000   UDEV$
0002c400   _BIOS_init
0002c624   _BIOS_start
000287e0   _BSPLinkBuffer_Send
80024aec   _BSPLinkBuffer_data
8001aeac   _BSPLinkBuffer_in_ping
8001d5bc   _BSPLinkBuffer_in_pong
8001fccc   _BSPLinkBuffer_out_ping
800223dc   _BSPLinkBuffer_out_pong
0002d80d   _BSPLink_Config_Done
000257d0   _BSPLink_EDMA_Send_Ping
00025770   _BSPLink_EDMA_Send_Pong
0002aef0   _BSPLink_interface_config
0002d808   _BSPSend_Buffer_i
0002d80c   _BSPSend_pending
800271fc   _Buffer_in_ping
8002990c   _Buffer_in_pong
8002c01c   _Buffer_out_ping
8002e72c   _Buffer_out_pong
0000dbba   _CLK_COUNTSPMS
0002d924   _CLK_DFLTMICROSECS
0002d6b8   _CLK_D_countspms
0002d6ac   _CLK_D_dirty
0002d928   _CLK_D_microseconds
0002d6b0   _CLK_D_prd
0002d6b4   _CLK_D_tddr
0001f374   _CLK_F_itime
0000dbba   _CLK_PRD
01940000   _CLK_REGS
00000000   _CLK_TDDR
00000000   _CLK_TIMERNUM
00000001   _CLK_USETIMER
0002d69c   _CLK_htimeDiv
0002d6a0   _CLK_htimeMult
0002d934   _CLK_htimePerLtime
0001f374   _CLK_itime
0002d6a4   _CLK_ltimeDiv
0002d6a8   _CLK_ltimeMult
0001fd20   _CLK_measure
00020680   _CLK_start
000207a0   _CLK_stop
00028640   _CSL6713_LIB_
000267a0   _Config_DSK6713_AIC23
00026c00   _DSK6713_LED_init
00026c40   _DSK6713_LED_off
00026cb0   _DSK6713_LED_on
00026d20   _DSK6713_LED_toggle
00026274   _DSK6713_getVersion
00025eac   _DSK6713_init
000261c8   _DSK6713_rget
000261dc   _DSK6713_rset
0002b544   _DSK6713_version
000261f0   _DSK6713_wait
00026248   _DSK6713_waitusec
00025074   _EDMA_ISR
00027160   _EDMA_allocTable
00027e20   _EDMA_config
00028400   _EDMA_disableChannel
00028460   _EDMA_enableChannel
00027b20   _EDMA_intAlloc
00028660   _EDMA_intClear
000284c0   _EDMA_intEnable
00028680   _EDMA_intTest
00028580   _EDMA_link
000262e0   _EDMA_open
00028520   _EDMA_qdmaConfig
00027780   _EDMA_reset
000207e0   _FXN_F_nop
000201c8   _FXN_F_run
00020218   _FXN_F_zero
00000000   _GBL_CACHE
0002d714   _GBL_clkIn
0001f9a0   _GBL_cslCacheInit
0002d718   _GBL_freq
00020800   _GBL_getVersion
0002d710   _GBL_procId
000274c8   _GBL_setPLLto225MHz
0002e140   _HST_A_TABBEG
0002e17c   _HST_A_TABEND
00005108   _HWI_CFGDISPATCHED
0002d8e4   _HWI_D_inhwi
0002d8d8   _HWI_D_spsave
0001d740   _HWI_F_dispatch
0000000a   _HWI_INT10
0000000b   _HWI_INT11
0000000c   _HWI_INT12
0000000d   _HWI_INT13
0000000e   _HWI_INT14
0000000f   _HWI_INT15
00000004   _HWI_INT4
00000005   _HWI_INT5
00000006   _HWI_INT6
00000007   _HWI_INT7
00000008   _HWI_INT8
00000009   _HWI_INT9
00025378   _HWI_MCBSP0_Tx_Complete
00000001   _HWI_NMI
00000002   _HWI_RESERVED0
00000003   _HWI_RESERVED1
00000000   _HWI_RESET
00024898   _HWI_STKBOTTOM
000208a0   _HWI_STKTOP
0002d8d8   _HWI_data
00020440   _HWI_disable
0002d570   _HWI_dispatchTab
00020458   _HWI_enable
0002046c   _HWI_restore
0002e0e8   _IDL_busyObj
0002e1f0   _IDL_cpuLoad
00020820   _IDL_loop
ffffffff   _IRAM
000286a0   _IRQ_clear
000285c0   _IRQ_enable
000286c0   _IRQ_globalEnable
00026de0   _IRQ_map
0002d840   _KNL_alarm
0001f860   _KNL_check
0002d864   _KNL_curqueue
0002d854   _KNL_curtask
0002d85c   _KNL_curtime
0002b25c   _KNL_dummy
0001fad4   _KNL_enter
0001fa80   _KNL_exit
0001f938   _KNL_idle
0002d87c   _KNL_idlefxn
0002d848   _KNL_inactive
0001fe00   _KNL_ipost
0001f95c   _KNL_max
0002d868   _KNL_maxqueue
0001fec0   _KNL_post
0002d858   _KNL_prevtask
0002d84c   _KNL_priority
0002b1bc   _KNL_queues
0001df40   _KNL_run
0001f040   _KNL_saveIsrFrame
0002d850   _KNL_set
0002d844   _KNL_setpri
0002de2c   _KNL_swi
0002d860   _KNL_swiptr
0001f10c   _KNL_switch
0002d870   _KNL_tcreatefxn
0002d874   _KNL_tdeletefxn
0001e9c0   _KNL_tick
0002d878   _KNL_treadyfxn
0002d86c   _KNL_tswitchfxn
0002d838   _KNL_wFlag
0002d83c   _KNL_wList
0001ffb0   _LCK_pend
0001ff80   _LCK_post
0002e1f4   _LNK_dataPump
0002d8f4   _LNK_dspFrameReadyMask
0002d8f0   _LNK_dspFrameRequestMask
0002d8fc   _LNK_readDone
0002d900   _LNK_readFail
0002d8f8   _LNK_readPend
0002d904   _LNK_writeFail
0001c604   _LOG_A_TABBEG
0001c61c   _LOG_A_TABEND
00000001   _LOG_A_TABLEN
0002d67c   _LOG_D_system
000202c0   _LOG_event
0001c604   _LOG_system
00028180   _MCBSP_close
00028220   _MCBSP_config
000286e0   _MCBSP_getRcvAddr
00028700   _MCBSP_getXmtAddr
00027c20   _MCBSP_open
00027300   _MCBSP_reset
00027d20   _MCBSP_start
00028720   _MCBSP_write
00028740   _MCBSP_xrdy
0002d940   _MEM
0002d71c   _MEM_D_NUMSEGMENTS
0002d724   _MEM_D_freelist
0002d728   _MEM_D_lockaddr
0002d720   _MEM_D_memtab
0002d72c   _MEM_D_unlockaddr
0002c6e0   _MEM_init
0002d8b0   _MEM_memtab
80000000   _MySound
0002c900   _OBJ_init
0002b328   _OBJ_segtab
0002b2f0   _OBJ_table
0002dedc   _PIP_A_TABBEG
0002dfa4   _PIP_A_TABEND
0002d6bc   _PRD_D_tick
0002e1d0   _PRD_LEDToggle
0002b558   _PRD_clock
0002de00   _PRD_swi
0002e1f8   _RTA_dispatcher
0002e144   _RTA_fromHost
0002e160   _RTA_toHost
0002c920   _RTDX_Buffer
0002cd2c   _RTDX_Buffer_End
0002c240   _RTDX_Buffer_Initialize
0002c380   _RTDX_Buffer_Read
0002c2a0   _RTDX_Buffer_ReadCB
0002c300   _RTDX_Buffer_Size
0002cd28   _RTDX_Buffer_Start
0002c3a0   _RTDX_Buffer_Write
0002b960   _RTDX_Buffer_WriteCB
0002c340   _RTDX_Final_RT_Monitor
0002c1c0   _RTDX_Init_RT_Monitor
00000002   _RTDX_JTAGONLY
0002c3e0   _RTDX_Mask_IER
0002bfa0   _RTDX_Mon_Queue
0002b560   _RTDX_Poll
00000000   _RTDX_interrupt_mask
0002cd3c   _RTDX_writing
0002d8bc   _SDRAM
80030e3c   _SDRAM_base
00008000   _SDRAM_length
0002e188   _SEM_LEDToggle
00020500   _SEM_pend
000204a0   _SEM_pendBinary
0001e4c0   _SEM_pendEnterKnl
0001fc40   _SEM_post
0001fc40   _SEM_postBinary
0001fb60   _SEM_postEnterKnl
0002e064   _STS_A_TABBEG
0002e0f4   _STS_A_TABEND
00020378   _STS_add
00020340   _STS_delta
000203a4   _STS_reset
00020840   _STS_set
0002deb0   _SWI_BSPLink_SEND
000253d8   _SWI_BSPLink_SendBuff
0002d754   _SWI_D_curfxn
0002d744   _SWI_D_curmask
0002d748   _SWI_D_curset
0002d740   _SWI_D_execaddr
0002d75c   _SWI_D_inswi
0002d74c   _SWI_D_lock
0002d758   _SWI_D_rdybeg
0002d73c   _SWI_D_runaddr
00025534   _SWI_LEDToggle
0002de58   _SWI_Ping
0002de84   _SWI_Pong
0002d73c   _SWI_data
00020560   _SWI_disable
00020588   _SWI_enable
0001d270   _SWI_post
0002d730   _SYS
0002d948   _SYS_PUTCBEG
0002db47   _SYS_PUTCEND
000205c0   _SYS_abort
00020040   _SYS_exit
0002b4f0   _SYS_exitStack
0002d92c   _SYS_exitStackPtr
0002d930   _SYS_exitStackTop
000278c0   _TIMER_open
00027a00   _TIMER_reset
0002e230   _TRC_R_mask
0002d920   _TSK
0002b294   _TSK_ATTRS
0002e010   _TSK_LEDTOGGLE
0002b2b0   _TSK_config
0001f3c0   _TSK_exit
0002dfb0   _TSK_idle
0002c880   _TSK_init
0002d918   _TSK_nTasks
0002d91c   _TSK_pid
0001ee40   _TSK_setup
0001f7a0   _TSK_startup
0002b2d0   _TSK_timerSem
00020760   _UTL_doAbort
00020860   _UTL_doError
00020620   _UTL_doPutc
00020880   _UTL_halt
0001f390   __CLK_lat1beg
0001f3bc   __CLK_lat1end
000269e0   __CSL_init
0001d054   __GBL_setL2CacheMode
0002d738   __HOOK_NUMHOOKS
0002d734   __HOOK_knlId
0001d740   __HWI_lat1beg
0001d8c0   __HWI_lat1end
0001d8c0   __HWI_lat2beg
0001da60   __HWI_lat2end1
0001d9ec   __HWI_lat2end2
0001da80   __HWI_lat3beg
0001db80   __HWI_lat3end1
0001da1c   __HWI_lat3end2
00020240   __IDL_lat1beg
00020290   __IDL_lat1end
0002b1b4   __IRQ_dispatchTable
0002b0f0   __IRQ_eventTable
000287c0   __IRQ_hookFetchPacket
000282c0   __IRQ_init
0002b174   __IRQ_intTable
0001f8b0   __KNL_lat1beg
0001f938   __KNL_lat1end
000202c0   __LOG_lat1beg
0002b468   __MCBSP_hDev0
0002b46c   __MCBSP_hDev1
0002b3c0   __MEM_mutex
0001e2b8   __RTA_lat1beg
0001e2f0   __RTA_lat1end
0001ec20   __SEM_dopost
000248a0   __STACK_END
00004000   __STACK_SIZE
0001d3ac   __SWI_lat1beg
0001d460   __SWI_lat1end
0001d464   __SWI_lat2beg
0001d4d4   __SWI_lat2end
0001d200   __SWI_lat3beg
0001d26c   __SWI_lat3end
0002b4cc   __TIMER_deviceTable
0002b4ec   __TIMER_hBios
0002b4e4   __TIMER_hDev0
0002b4e8   __TIMER_hDev1
0002b398   __TSK_mutex
0002b534   ___TI_enable_exit_profile_output
ffffffff   ___TI_pprof_out_hndl
ffffffff   ___TI_prof_data_size
ffffffff   ___TI_prof_data_start
00028600   ___add_dtor
0002af40   ___atexit_func_id__
ffffffff   ___binit__
0002d570   ___bss__
ffffffff   ___c_args__
00000200   ___cinit__
00000000   ___data__
00000000   ___edata__
0002d948   ___end__
000287e0   ___etext__
0002e220   ___pinit__
000248a0   ___text__
0001f560   __auto_init
0002b52c   __cleanup_ptr
0002b530   __dtors_ptr
0002b538   __lock
00028760   __nop
00028780   __register_lock
000287a0   __register_unlock
000208a0   __stack
00027f00   __strasg
0002b53c   __unlock
00027fe0   _atexit
0002c7c0   _c_int00
00027620   _call_dtors
0002d810   _configComplete
0002af10   _configEDMABSPLinkRcv
0002af28   _configEDMABSPLinkXmt
0002b408   _configEDMARcv
0002b420   _configEDMAXmt
000256c0   _config_BSPLink
00025bbc   _config_BSPLink_EDMA_RCV
0002583c   _config_BSPLink_EDMA_XMT
0002597c   _config_BSPLink_EDMA_XMT_UNUSED
00024a7c   _config_EDMA
00024fa4   _config_interrupts
0002b3e8   _datainterface_config
0002b540   _dtors
0002d894   _hEdmaBSPLinkEMPTY
0002d884   _hEdmaBSPLinkRcv
0002d888   _hEdmaBSPLinkRcvRelPing
0002d88c   _hEdmaBSPLinkRcvRelPong
0002d890   _hEdmaBSPLinkXmt
0002d898   _hEdmaBSPLinkXmtRelPing
0002d89c   _hEdmaBSPLinkXmtRelPong
0002d7dc   _hEdmaRcv
0002d7e0   _hEdmaRcvRelPing
0002d7e4   _hEdmaRcvRelPong
0002d7e8   _hEdmaXmt
0002d7ec   _hEdmaXmtRelPing
0002d7f0   _hEdmaXmtRelPong
0002d7d8   _hMcbsp
0002d944   _hMcbsp_AIC23_Config
0002d880   _hMcbsp_Link
000248e8   _main
00026560   _memcpy
000254c0   _process_buffer
00025440   _process_ping_SWI
00025480   _process_pong_SWI
0002d910   _rtdxNullChanCnt
0002d914   _rtdxNullFuncCnt
0002cd30   _rtdx_buffer_state
0002cd50   _rtdx_mon_state
0002d804   _soundBuffer_i
0002d814   _t_reg
0002b358   _tccAllocTable
0002d8a0   _tccBSPLinkRcvPing
0002d8a4   _tccBSPLinkRcvPong
0002d8a8   _tccBSPLinkXmtPing
0002d8ac   _tccBSPLinkXmtPong
0002d7f4   _tccRcvPing
0002d7f8   _tccRcvPong
0002d7fc   _tccXmtPing
0002d800   _tccXmtPong
00025560   _tsk_led_toggle
000274a0   _wait500nS
ffffffff   binit
00000200   cinit
00000000   edata
0002d948   end
000287e0   etext
00000000   hwi0
00000020   hwi1
00000140   hwi10
00000160   hwi11
00000180   hwi12
000001a0   hwi13
000001c0   hwi14
000001e0   hwi15
00000040   hwi2
00000060   hwi3
00000080   hwi4
000000a0   hwi5
000000c0   hwi6
000000e0   hwi7
00000100   hwi8
00000120   hwi9
0002e220   pinit


GLOBAL SYMBOLS: SORTED BY Symbol Address 

address    name
--------   ----
00000000   .data
00000000   BUF$
00000000   CLK_COUNTSPMSHIGH
00000000   CLK_PRDHIGH
00000000   CLK_TDDR
00000000   CLK_TDDRHIGH
00000000   CLK_TIMERNUM
00000000   DEV$
00000000   DGN$
00000000   DHL$
00000000   DHL_gChannelsAvailable
00000000   DIO$
00000000   DIO_NUMSWIBASE
00000000   DIO_NUMTSKBASE
00000000   DIO_STATIC
00000000   DPI$
00000000   GBL_BIGENDIAN
00000000   GBL_C641XL2PRIORITY
00000000   GBL_CACHE
00000000   GBL_L2CONFIGALLOC
00000000   GBL_L2MARMASK1
00000000   GBL_L2MARMASK2
00000000   GBL_L2MARMASK3
00000000   GBL_L2MARMASK4
00000000   GBL_L2MARMASK5
00000000   GBL_L2MODE
00000000   GBL_L2PRIORITY
00000000   GBL_NULL
00000000   GBL_PROCID
00000000   GBL_ROM
00000000   GBL_SUPPORTCSL
00000000   GIO$
00000000   HOOK$
00000000   HOOK_KNLID
00000000   HST_DSM
00000000   HST_NONE
00000000   HWI_A_VECS
00000000   HWI_GENERATE_RESET_VEC
00000000   HWI_INT10$hwi
00000000   HWI_INT11$hwi
00000000   HWI_INT12$hwi
00000000   HWI_INT13$hwi
00000000   HWI_INT14$hwi
00000000   HWI_INT15$hwi
00000000   HWI_INT4$hwi
00000000   HWI_INT5$hwi
00000000   HWI_INT6$hwi
00000000   HWI_INT7$hwi
00000000   HWI_INT8$hwi
00000000   HWI_INT9$hwi
00000000   HWI_NMI$hwi
00000000   HWI_POLARITYMASK
00000000   HWI_RESERVED0$hwi
00000000   HWI_RESERVED1$hwi
00000000   HWI_RESET
00000000   HWI_RESET$hwi
00000000   IDL_busyObj$iB
00000000   IDL_busyObj$operation
00000000   KNL_swi$pri
00000000   KNL_swi$sts$unittype
00000000   KNL_swi$swi
00000000   LOG_system$datatype
00000000   LOG_system$log
00000000   MBX$
00000000   MEM_NULL
00000000   MEM_USEMPC
00000000   MSGQ$
00000000   MSGQ_USEMSGQ
00000000   OBJ$
00000000   PIP$
00000000   PIP_gNextId
00000000   POOL$
00000000   POOL_USEPOOL
00000000   PRD_LEDToggle$mode
00000000   PRD_LEDToggle$prd
00000000   PRD_LEDToggle$sts$filter
00000000   PRD_swi$sts$unittype
00000000   PRD_swi$swi
00000000   RTA_fromHost$hst
00000000   RTA_fromHost$mode
00000000   RTA_toHost$hst
00000000   RTA_toHost$id
00000000   RTDX_MODE
00000000   RTDX_USERTEXECUTION
00000000   SIO$
00000000   SWI_BSPLink_SEND$sts$unittype
00000000   SWI_BSPLink_SEND$swi
00000000   SWI_EHOOKFXN
00000000   SWI_IHOOKFXN
00000000   SWI_Ping$sts$unittype
00000000   SWI_Ping$swi
00000000   SWI_Pong$sts$unittype
00000000   SWI_Pong$swi
00000000   TSK_LEDTOGGLE$sts$unittype
00000000   TSK_LEDTOGGLE$tsk
00000000   TSK_NUM_HOOKS
00000000   TSK_READYFXN
00000000   TSK_STACKSEG
00000000   TSK_SWITCHFXN
00000000   TSK_idle$pri
00000000   TSK_idle$sts$unittype
00000000   TSK_idle$tsk
00000000   UDEV$
00000000   _CLK_TDDR
00000000   _CLK_TIMERNUM
00000000   _GBL_CACHE
00000000   _HWI_RESET
00000000   _RTDX_interrupt_mask
00000000   ___data__
00000000   ___edata__
00000000   edata
00000000   hwi0
00000001   BUF_ENABLED
00000001   CLK$
00000001   CLK_CALDIV
00000001   CLK_HTIMEDIV
00000001   CLK_LTIMEDIV
00000001   CLK_USETIMER
00000001   GBL$
00000001   GBL_CALLCSLCFGINIT
00000001   GBL_ENABLEINST
00000001   GBL_L2CONFIGURE
00000001   GBL_L2MARMASK
00000001   GBL_USERINIT
00000001   GBL_boot
00000001   HST$
00000001   HST_RTDX
00000001   HWI$
00000001   HWI_NMI
00000001   HWI_ZEROTAB
00000001   IDL$
00000001   IDL_USECLKIDLTIME
00000001   IDL_busyObj$filter
00000001   IDL_busyObj$iA
00000001   IDL_busyObj$iC
00000001   ISRC$
00000001   KNL_swi$dorta
00000001   KNL_swi$sts$filtmaxmult
00000001   KNL_swi$sts$filtsummult
00000001   LCK$
00000001   LOG$
00000001   LOG_A_TABLEN
00000001   LOG_ENABLED
00000001   MEM$
00000001   MEM_gNumHeap
00000001   PRD$
00000001   PRD_A_TABLEN
00000001   PRD_swi$dorta
00000001   PRD_swi$ord
00000001   PRD_swi$pri
00000001   PRD_swi$sts$filtmaxmult
00000001   PRD_swi$sts$filtsummult
00000001   QUE$
00000001   RTA_fromHost$id
00000001   RTA_toHost$mode
00000001   RTDX$
00000001   RTDX_NORMALIZED_HDR
00000001   RTDX_USERTDX
00000001   SEM$
00000001   STS$
00000001   SWI$
00000001   SWI_BSPLink_SEND$dorta
00000001   SWI_BSPLink_SEND$sts$filtmaxmult
00000001   SWI_BSPLink_SEND$sts$filtsummult
00000001   SWI_Ping$dorta
00000001   SWI_Ping$pri
00000001   SWI_Ping$sts$filtmaxmult
00000001   SWI_Ping$sts$filtsummult
00000001   SWI_Pong$dorta
00000001   SWI_Pong$pri
00000001   SWI_Pong$sts$filtmaxmult
00000001   SWI_Pong$sts$filtsummult
00000001   SYS$
00000001   TSK$
00000001   TSK_LEDTOGGLE$sts$filtmaxmult
00000001   TSK_LEDTOGGLE$sts$filtsummult
00000001   TSK_PRIORITY
00000001   TSK_idle$ord
00000001   TSK_idle$sts$filtmaxmult
00000001   TSK_idle$sts$filtsummult
00000001   _CLK_USETIMER
00000001   _HWI_NMI
00000001   _LOG_A_TABLEN
00000002   HWI_RESERVED0
00000002   IDL_busyObj$unittype
00000002   KNL_swi$ord
00000002   KNL_swi$sts$filter
00000002   PIP_A_TABLEN
00000002   PIP_gNumEmbed
00000002   PRD_LEDToggle$ord
00000002   PRD_LEDToggle$sts$unittype
00000002   PRD_swi$sts$filter
00000002   SWI_BSPLink_SEND$pri
00000002   SWI_BSPLink_SEND$sts$filter
00000002   SWI_Ping$sts$filter
00000002   SWI_Pong$sts$filter
00000002   TSK_LEDTOGGLE$pri
00000002   TSK_LEDTOGGLE$sts$filter
00000002   TSK_idle$sts$filter
00000002   _HWI_RESERVED0
00000002   _RTDX_JTAGONLY
00000003   HWI_RESERVED1
00000003   SWI_Ping$ord
00000003   TSK_LEDTOGGLE$ord
00000003   _HWI_RESERVED1
00000004   CLK_CALMULT
00000004   CLK_HTIMEMULT
00000004   HWI_INT4
00000004   RTA_fromHost$framesize
00000004   SWI_Pong$ord
00000004   _HWI_INT4
00000005   HWI_INT5
00000005   SWI_A_TABLEN
00000005   SWI_BSPLink_SEND$ord
00000005   _HWI_INT5
00000006   HWI_INT6
00000006   IDL_CALIBRERROR
00000006   _HWI_INT6
00000007   HWI_INT7
00000007   _HWI_INT7
00000008   HWI_INT8
00000008   PRD_SCALAR
00000008   _HWI_INT8
00000009   HWI_INT9
00000009   _HWI_INT9
0000000a   HWI_INT10
0000000a   _HWI_INT10
0000000b   HWI_INT11
0000000b   _HWI_INT11
0000000c   HWI_INT12
0000000c   _HWI_INT12
0000000d   HWI_INT13
0000000d   _HWI_INT13
0000000e   HWI_INT14
0000000e   _HWI_INT14
0000000f   HWI_INT15
0000000f   _HWI_INT15
00000020   CLK_TCR
00000020   hwi1
0000003e   GBL_DSPTYPE
00000040   HST_MAXFRAMESET
00000040   LOG_system$size
00000040   RTA_toHost$framesize
00000040   hwi2
00000042   GBL_FOOTPRINT
00000060   hwi3
00000064   PIP_OBJSIZE
00000080   hwi4
000000a0   hwi5
000000c0   hwi6
000000e0   hwi7
000000ff   HST_MAXFRAMEALLOWED
00000100   hwi8
00000120   hwi9
00000140   hwi10
00000160   hwi11
00000180   hwi12
000001a0   hwi13
000001c0   hwi14
000001e0   hwi15
00000200   ___cinit__
00000200   cinit
000003e8   CLK_MICROSECS
000003e8   PRD_LEDToggle$period
00000400   HST_DSMMEMSIZE
00000400   TSK_STACKSIZE
00000408   RTDX_BUFMEMSIZE
00001770   GBL_CLKTYPE
00001a39   GBL_DSPSUBTYPE
00002226   GBL_L2ALLOC
00004000   CLK_INTBIT
00004000   __STACK_SIZE
00004e20   GBL_CLKIN
00005108   HWI_CFGDISPATCHED
00005108   _HWI_CFGDISPATCHED
00005205   GBL_A_VERSION
00008000   SDRAM$L
00008000   _SDRAM_length
0000dbba   CLK_COUNTSPMS
0000dbba   CLK_HTIMEPERLTIME
0000dbba   CLK_PRD
0000dbba   _CLK_COUNTSPMS
0000dbba   _CLK_PRD
0000dbef   GBL_TRCMASKVALUE
0001c604   LOG_A_TABBEG
0001c604   LOG_system
0001c604   _LOG_A_TABBEG
0001c604   _LOG_system
0001c61c   LOG_A_TABEND
0001c61c   _LOG_A_TABEND
0001c620   LNK_F_checkBufferCall
0001c640   LNK_F_getChanPtr
0001c698   LNK_F_init
0001c6a0   LNK_F_dataPump
0001c6b4   LNK_rcloop
0001c780   LNK_rdrtry
0001c790   LNK_rrloop
0001c854   LNK_wrrtry
0001c864   LNK_wrloop
0001c940   LNK_newin
0001ca80   LNK_newout
0001cbe4   LNK_F_readCallBack
0001d054   __GBL_setL2CacheMode
0001d200   SWI_F_enable
0001d200   __SWI_lat3beg
0001d26c   __SWI_lat3end
0001d270   SWI_F_post
0001d270   _SWI_post
0001d3ac   __SWI_lat1beg
0001d41c   SWI_EXECFXN
0001d41c   SWI_F_exec
0001d448   SWI_F_iexec
0001d460   __SWI_lat1end
0001d464   __SWI_lat2beg
0001d4d4   __SWI_lat2end
0001d4d8   SWI_F_run
0001d4d8   SWI_RUNFXN
0001d740   CLK_HOOKFXN
0001d740   HWI_F_dispatch
0001d740   _HWI_F_dispatch
0001d740   __HWI_lat1beg
0001d8c0   __HWI_lat1end
0001d8c0   __HWI_lat2beg
0001d9ec   __HWI_lat2end2
0001da1c   __HWI_lat3end2
0001da60   __HWI_lat2end1
0001da80   __HWI_lat3beg
0001db80   __HWI_lat3end1
0001dba0   PRD_F_swi
0001de60   PRD_F_tick
0001df40   _KNL_run
0001e200   RTA_F_getlog
0001e244   RTA_F_getsts
0001e28c   RTA_F_readblk
0001e2ac   RTA_F_writeword
0001e2b8   RTA_F_resetmem
0001e2b8   __RTA_lat1beg
0001e2f0   __RTA_lat1end
0001e2f8   RTA_F_dispatch
0001e348   RTA_execute
0001e4c0   _SEM_pendEnterKnl
0001e9c0   PRD_THOOKFXN
0001e9c0   _KNL_tick
0001e9e0   PIP_F_take
0001ea74   PIP_F_give
0001ea74   PIP_F_probe
0001eb48   PIP_F_start
0001ec20   __SEM_dopost
0001ee40   _TSK_setup
0001f040   _KNL_saveIsrFrame
0001f10c   _KNL_switch
0001f1c0   KNL_glue
0001f200   CLK_F_getltime
0001f214   CLK_F_isr
0001f374   CLK_F_itime
0001f374   _CLK_F_itime
0001f374   _CLK_itime
0001f390   __CLK_lat1beg
0001f3bc   __CLK_lat1end
0001f3c0   _TSK_exit
0001f560   __auto_init
0001f7a0   _TSK_startup
0001f860   _KNL_check
0001f8b0   __KNL_lat1beg
0001f938   _KNL_idle
0001f938   __KNL_lat1end
0001f95c   _KNL_max
0001f9a0   _GBL_cslCacheInit
0001fa80   _KNL_exit
0001fad4   _KNL_enter
0001fb60   _SEM_postEnterKnl
0001fc40   _SEM_post
0001fc40   _SEM_postBinary
0001fd20   _CLK_measure
0001fe00   _KNL_ipost
0001fec0   _KNL_post
0001ff80   _LCK_post
0001ffb0   _LCK_pend
00020040   _SYS_exit
00020100   CLK_F_getfhtime
00020120   CLK_F_gethtime
00020120   CLK_F_getshtime
00020120   CLK_TIMEFXN
000201c0   FXN_F_nop
000201c8   FXN_F_run
000201c8   _FXN_F_run
00020218   FXN_F_zero
00020218   _FXN_F_zero
00020240   IDL_F_busy
00020240   __IDL_lat1beg
00020290   __IDL_lat1end
000202c0   LOG_F_event
000202c0   _LOG_event
000202c0   __LOG_lat1beg
00020340   STS_F_delta
00020340   _STS_delta
00020378   STS_F_add
00020378   _STS_add
000203a4   STS_F_reset
000203a4   _STS_reset
000203c0   IDL_F_calibrate
00020440   _HWI_disable
00020458   _HWI_enable
0002046c   _HWI_restore
000204a0   _SEM_pendBinary
00020500   _SEM_pend
00020560   _SWI_disable
00020588   _SWI_enable
000205c0   _SYS_abort
00020620   SYS_PUTCFXN
00020620   _UTL_doPutc
00020680   _CLK_start
000206e0   IDL_CALIBRFXN
000206e0   IDL_F_stub
00020720   RTA_F_andn
00020740   RTA_F_or
00020760   SYS_ABORTFXN
00020760   _UTL_doAbort
000207a0   _CLK_stop
000207e0   GIO_CREATEFXN
000207e0   GIO_DELETEFXN
000207e0   GIO_PENDFXN
000207e0   GIO_POSTFXN
000207e0   TSK_VCREATEFXN
000207e0   TSK_VDELETEFXN
000207e0   TSK_VEXITFXN
000207e0   _FXN_F_nop
00020800   _GBL_getVersion
00020820   IDL_F_loop
00020820   _IDL_loop
00020840   _STS_set
00020860   SYS_ERRORFXN
00020860   _UTL_doError
00020880   SYS_EXITFXN
00020880   _UTL_halt
000208a0   GBL_stackbeg
000208a0   _HWI_STKTOP
000208a0   __stack
00024898   _HWI_STKBOTTOM
0002489f   GBL_stackend
000248a0   .text
000248a0   __STACK_END
000248a0   ___text__
000248e8   _main
00024a7c   _config_EDMA
00024fa4   _config_interrupts
00025074   _EDMA_ISR
00025378   _HWI_MCBSP0_Tx_Complete
000253d8   _SWI_BSPLink_SendBuff
00025440   _process_ping_SWI
00025480   _process_pong_SWI
000254c0   _process_buffer
00025534   _SWI_LEDToggle
00025560   _tsk_led_toggle
000256c0   _config_BSPLink
00025770   _BSPLink_EDMA_Send_Pong
000257d0   _BSPLink_EDMA_Send_Ping
0002583c   _config_BSPLink_EDMA_XMT
0002597c   _config_BSPLink_EDMA_XMT_UNUSED
00025bbc   _config_BSPLink_EDMA_RCV
00025eac   _DSK6713_init
000261c8   _DSK6713_rget
000261dc   _DSK6713_rset
000261f0   _DSK6713_wait
00026248   _DSK6713_waitusec
00026274   _DSK6713_getVersion
000262e0   _EDMA_open
00026560   _memcpy
000267a0   _Config_DSK6713_AIC23
000269e0   __CSL_init
00026c00   _DSK6713_LED_init
00026c40   _DSK6713_LED_off
00026cb0   _DSK6713_LED_on
00026d20   _DSK6713_LED_toggle
00026de0   _IRQ_map
00027160   _EDMA_allocTable
00027300   _MCBSP_reset
000274a0   _wait500nS
000274c8   GBL_USERINITFXN
000274c8   _GBL_setPLLto225MHz
00027620   _call_dtors
00027780   _EDMA_reset
000278c0   _TIMER_open
00027a00   _TIMER_reset
00027b20   _EDMA_intAlloc
00027c20   _MCBSP_open
00027d20   _MCBSP_start
00027e20   _EDMA_config
00027f00   __strasg
00027fe0   _atexit
00028180   _MCBSP_close
00028220   _MCBSP_config
000282c0   __IRQ_init
00028400   _EDMA_disableChannel
00028460   _EDMA_enableChannel
000284c0   _EDMA_intEnable
00028520   _EDMA_qdmaConfig
00028580   _EDMA_link
000285c0   _IRQ_enable
00028600   ___add_dtor
00028640   _CSL6713_LIB_
00028660   _EDMA_intClear
00028680   _EDMA_intTest
000286a0   _IRQ_clear
000286c0   _IRQ_globalEnable
000286e0   _MCBSP_getRcvAddr
00028700   _MCBSP_getXmtAddr
00028720   _MCBSP_write
00028740   _MCBSP_xrdy
00028760   __nop
00028780   __register_lock
000287a0   __register_unlock
000287c0   __IRQ_hookFetchPacket
000287e0   _BSPLinkBuffer_Send
000287e0   ___etext__
000287e0   etext
0002aef0   _BSPLink_interface_config
0002af10   _configEDMABSPLinkRcv
0002af28   _configEDMABSPLinkXmt
0002af40   ___atexit_func_id__
0002b0f0   __IRQ_eventTable
0002b174   __IRQ_intTable
0002b1b4   __IRQ_dispatchTable
0002b1bc   _KNL_queues
0002b25c   _KNL_dummy
0002b294   _TSK_ATTRS
0002b2b0   _TSK_config
0002b2d0   _TSK_timerSem
0002b2f0   _OBJ_table
0002b328   _OBJ_segtab
0002b358   _tccAllocTable
0002b398   __TSK_mutex
0002b3c0   __MEM_mutex
0002b3e8   _datainterface_config
0002b408   _configEDMARcv
0002b420   _configEDMAXmt
0002b468   __MCBSP_hDev0
0002b46c   __MCBSP_hDev1
0002b4cc   __TIMER_deviceTable
0002b4e4   __TIMER_hDev0
0002b4e8   __TIMER_hDev1
0002b4ec   __TIMER_hBios
0002b4f0   _SYS_exitStack
0002b52c   __cleanup_ptr
0002b530   __dtors_ptr
0002b534   ___TI_enable_exit_profile_output
0002b538   __lock
0002b53c   __unlock
0002b540   _dtors
0002b544   _DSK6713_version
0002b548   RTA_fromHost$buf
0002b558   CLK_A_TABBEG
0002b558   PRD_clock
0002b558   _PRD_clock
0002b55c   CLK_null
0002b560   _RTDX_Poll
0002b960   _RTDX_Buffer_WriteCB
0002bfa0   _RTDX_Mon_Queue
0002c1c0   _RTDX_Init_RT_Monitor
0002c240   _RTDX_Buffer_Initialize
0002c2a0   _RTDX_Buffer_ReadCB
0002c300   _RTDX_Buffer_Size
0002c340   _RTDX_Final_RT_Monitor
0002c380   _RTDX_Buffer_Read
0002c3a0   _RTDX_Buffer_Write
0002c3e0   _RTDX_Mask_IER
0002c400   BIOS_init
0002c400   _BIOS_init
0002c57c   BIOS$$CLKON
0002c5bc   BIOS$$CLKOFF
0002c624   BIOS_start
0002c624   _BIOS_start
0002c6e0   _MEM_init
0002c7c0   _c_int00
0002c880   _TSK_init
0002c900   _OBJ_init
0002c920   _RTDX_Buffer
0002cd28   _RTDX_Buffer_Start
0002cd2c   _RTDX_Buffer_End
0002cd30   _rtdx_buffer_state
0002cd3c   _RTDX_writing
0002cd50   _rtdx_mon_state
0002cd70   TSK_LEDTOGGLE$stack
0002d108   TSK_LEDTOGGLE$stkptr
0002d170   TSK_idle$stack
0002d508   TSK_idle$stkptr
0002d570   $bss
0002d570   .bss
0002d570   _HWI_dispatchTab
0002d570   ___bss__
0002d670   IDL_D_tabbeg
0002d674   IDL_D_calibrate
0002d678   IDL_D_calbeg
0002d67c   LOG_D_system
0002d67c   _LOG_D_system
0002d680   PIP_D_tabbeg
0002d684   PIP_D_tablen
0002d688   CLK_R_time
0002d68c   CLK_D_timefxn
0002d690   CLK_D_tabbeg
0002d694   CLK_D_isrhook
0002d698   CLK_D_idletime
0002d69c   _CLK_htimeDiv
0002d6a0   _CLK_htimeMult
0002d6a4   _CLK_ltimeDiv
0002d6a8   _CLK_ltimeMult
0002d6ac   _CLK_D_dirty
0002d6b0   _CLK_D_prd
0002d6b4   _CLK_D_tddr
0002d6b8   _CLK_D_countspms
0002d6bc   PRD_D_tick
0002d6bc   _PRD_D_tick
0002d6c0   PRD_D_cur
0002d6c4   PRD_D_elapsed
0002d6c8   PRD_D_prevtim
0002d6cc   PRD_D_scalar
0002d6d0   PRD_D_swihandle
0002d6d4   PRD_D_tabbeg
0002d6d8   PRD_D_tablen
0002d6dc   PRD_D_thook
0002d6e0   RTA_D_fromHost
0002d6e4   RTA_D_toHost
0002d6e8   RTA_D_logval
0002d6f8   RTA_D_stsval
0002d704   HST_D_chanmask
0002d708   HST_D_tabbeg
0002d70c   HST_D_tabend
0002d710   _GBL_procId
0002d714   _GBL_clkIn
0002d718   _GBL_freq
0002d71c   _MEM_D_NUMSEGMENTS
0002d720   _MEM_D_memtab
0002d724   _MEM_D_freelist
0002d728   _MEM_D_lockaddr
0002d72c   _MEM_D_unlockaddr
0002d730   _SYS
0002d734   __HOOK_knlId
0002d738   __HOOK_NUMHOOKS
0002d73c   SWI_D_runaddr
0002d73c   _SWI_D_runaddr
0002d73c   _SWI_data
0002d740   SWI_D_execaddr
0002d740   _SWI_D_execaddr
0002d744   SWI_D_curmask
0002d744   _SWI_D_curmask
0002d748   SWI_D_curset
0002d748   _SWI_D_curset
0002d74c   SWI_D_lock
0002d74c   _SWI_D_lock
0002d750   SWI_D_curmbox
0002d754   SWI_D_curfxn
0002d754   _SWI_D_curfxn
0002d758   SWI_D_rdybeg
0002d758   _SWI_D_rdybeg
0002d75c   SWI_D_inswi
0002d75c   _SWI_D_inswi
0002d760   SWI_D_rdytab
0002d7d8   _hMcbsp
0002d7dc   _hEdmaRcv
0002d7e0   _hEdmaRcvRelPing
0002d7e4   _hEdmaRcvRelPong
0002d7e8   _hEdmaXmt
0002d7ec   _hEdmaXmtRelPing
0002d7f0   _hEdmaXmtRelPong
0002d7f4   _tccRcvPing
0002d7f8   _tccRcvPong
0002d7fc   _tccXmtPing
0002d800   _tccXmtPong
0002d804   _soundBuffer_i
0002d808   _BSPSend_Buffer_i
0002d80c   _BSPSend_pending
0002d80d   _BSPLink_Config_Done
0002d810   _configComplete
0002d814   _t_reg
0002d838   _KNL_wFlag
0002d83c   _KNL_wList
0002d840   _KNL_alarm
0002d844   _KNL_setpri
0002d848   _KNL_inactive
0002d84c   _KNL_priority
0002d850   _KNL_set
0002d854   _KNL_curtask
0002d858   _KNL_prevtask
0002d85c   _KNL_curtime
0002d860   _KNL_swiptr
0002d864   _KNL_curqueue
0002d868   _KNL_maxqueue
0002d86c   _KNL_tswitchfxn
0002d870   _KNL_tcreatefxn
0002d874   _KNL_tdeletefxn
0002d878   _KNL_treadyfxn
0002d87c   _KNL_idlefxn
0002d880   _hMcbsp_Link
0002d884   _hEdmaBSPLinkRcv
0002d888   _hEdmaBSPLinkRcvRelPing
0002d88c   _hEdmaBSPLinkRcvRelPong
0002d890   _hEdmaBSPLinkXmt
0002d894   _hEdmaBSPLinkEMPTY
0002d898   _hEdmaBSPLinkXmtRelPing
0002d89c   _hEdmaBSPLinkXmtRelPong
0002d8a0   _tccBSPLinkRcvPing
0002d8a4   _tccBSPLinkRcvPong
0002d8a8   _tccBSPLinkXmtPing
0002d8ac   _tccBSPLinkXmtPong
0002d8b0   _MEM_memtab
0002d8bc   MEM_MALLOCSEG
0002d8bc   MEM_SEGZERO
0002d8bc   SDRAM
0002d8bc   _SDRAM
0002d8c0   RTA_fromHost$pipe$dtab
0002d8cc   RTA_toHost$pipe$dtab
0002d8d8   HWI_D_spsave
0002d8d8   _HWI_D_spsave
0002d8d8   _HWI_data
0002d8e4   _HWI_D_inhwi
0002d8e8   HWI_D_bss
0002d8ec   HWI_D_ccmask
0002d8f0   LNK_dspFrameRequestMask
0002d8f0   _LNK_dspFrameRequestMask
0002d8f4   LNK_dspFrameReadyMask
0002d8f4   _LNK_dspFrameReadyMask
0002d8f8   LNK_readPend
0002d8f8   _LNK_readPend
0002d8fc   LNK_readDone
0002d8fc   _LNK_readDone
0002d900   LNK_readFail
0002d900   _LNK_readFail
0002d904   LNK_writeFail
0002d904   _LNK_writeFail
0002d910   _rtdxNullChanCnt
0002d914   _rtdxNullFuncCnt
0002d918   _TSK_nTasks
0002d91c   _TSK_pid
0002d920   _TSK
0002d924   _CLK_DFLTMICROSECS
0002d928   _CLK_D_microseconds
0002d92c   _SYS_exitStackPtr
0002d930   _SYS_exitStackTop
0002d934   _CLK_htimePerLtime
0002d93c   IDL_D_busyObj
0002d940   _MEM
0002d944   _hMcbsp_AIC23_Config
0002d948   _SYS_PUTCBEG
0002d948   ___end__
0002d948   end
0002db47   _SYS_PUTCEND
0002dbfd   PRD_LEDToggle$sts$maxfmt
0002dc00   LOG_system$buf
0002dc06   PRD_LEDToggle$sts$sumfmt
0002dc0f   PRD_LEDToggle$sts$avgfmt
0002dc1a   PRD_swi$sts$maxfmt
0002dc22   PRD_swi$sts$sumfmt
0002dc2a   PRD_swi$sts$avgfmt
0002dc34   KNL_swi$sts$maxfmt
0002dc3c   KNL_swi$sts$sumfmt
0002dc44   KNL_swi$sts$avgfmt
0002dc4e   SWI_Ping$sts$maxfmt
0002dc56   SWI_Ping$sts$sumfmt
0002dc5e   SWI_Ping$sts$avgfmt
0002dc68   SWI_Pong$sts$maxfmt
0002dc70   SWI_Pong$sts$sumfmt
0002dc78   SWI_Pong$sts$avgfmt
0002dc82   SWI_BSPLink_SEND$sts$maxfmt
0002dc8a   SWI_BSPLink_SEND$sts$sumfmt
0002dc92   SWI_BSPLink_SEND$sts$avgfmt
0002dc9c   TSK_idle$sts$maxfmt
0002dca4   TSK_idle$sts$sumfmt
0002dcac   TSK_idle$sts$avgfmt
0002dcb6   TSK_LEDTOGGLE$sts$maxfmt
0002dcbe   TSK_LEDTOGGLE$sts$sumfmt
0002dcc6   TSK_LEDTOGGLE$sts$avgfmt
0002dcd0   IDL_busyObj$maxfmt
0002dcd3   IDL_busyObj$sumfmt
0002dcd6   IDL_busyObj$avgfmt
0002dd00   RTA_toHost$buf
0002de00   PRD_SWIHANDLE
0002de00   PRD_swi
0002de00   SWI_A_TABBEG
0002de00   _PRD_swi
0002de2c   KNL_swi
0002de2c   _KNL_swi
0002de58   SWI_Ping
0002de58   _SWI_Ping
0002de84   SWI_Pong
0002de84   _SWI_Pong
0002deb0   SWI_BSPLink_SEND
0002deb0   _SWI_BSPLink_SEND
0002dedc   PIP_A_TABBEG
0002dedc   RTA_fromHost$pipe
0002dedc   SWI_A_TABEND
0002dedc   _PIP_A_TABBEG
0002dee0   RTA_fromHost$pipe$rd
0002df0c   RTA_fromHost$pipe$aaa
0002df10   RTA_fromHost$pipe$wr
0002df3c   RTA_fromHost$pipe$bbb
0002df40   RTA_toHost$pipe
0002df44   RTA_toHost$pipe$rd
0002df70   RTA_toHost$pipe$aaa
0002df74   RTA_toHost$pipe$wr
0002dfa0   RTA_toHost$pipe$bbb
0002dfa4   PIP_A_TABEND
0002dfa4   _PIP_A_TABEND
0002dfb0   TSK_idle
0002dfb0   _TSK_idle
0002e010   TSK_LEDTOGGLE
0002e010   _TSK_LEDTOGGLE
0002e064   PRD_LEDToggle$sts$stsobj
0002e064   STS_A_TABBEG
0002e064   _STS_A_TABBEG
0002e068   PRD_LEDToggle$sts
0002e074   PRD_swi$sts$stsobj
0002e078   PRD_swi$sts
0002e084   KNL_swi$sts$stsobj
0002e088   KNL_swi$sts
0002e094   SWI_Ping$sts$stsobj
0002e098   SWI_Ping$sts
0002e0a4   SWI_Pong$sts$stsobj
0002e0a8   SWI_Pong$sts
0002e0b4   SWI_BSPLink_SEND$sts$stsobj
0002e0b8   SWI_BSPLink_SEND$sts
0002e0c4   TSK_idle$sts$stsobj
0002e0c8   TSK_idle$sts
0002e0d4   TSK_LEDTOGGLE$sts$stsobj
0002e0d8   TSK_LEDTOGGLE$sts
0002e0e4   IDL_busyObj$stsobj
0002e0e8   IDL_busyObj
0002e0e8   _IDL_busyObj
0002e0f4   STS_A_TABEND
0002e0f4   _STS_A_TABEND
0002e140   HST_A_TABBEG
0002e140   _HST_A_TABBEG
0002e144   RTA_fromHost
0002e144   _RTA_fromHost
0002e14c   RTA_fromHost$rtdx
0002e160   RTA_toHost
0002e160   _RTA_toHost
0002e168   RTA_toHost$rtdx
0002e17c   HST_A_TABEND
0002e17c   _HST_A_TABEND
0002e188   SEM_LEDToggle
0002e188   _SEM_LEDToggle
0002e1d0   PRD_A_TABBEG
0002e1d0   PRD_LEDToggle
0002e1d0   _PRD_LEDToggle
0002e1ec   PRD_LEDToggle$aaa
0002e1f0   IDL_A_TABBEG
0002e1f0   IDL_cpuLoad
0002e1f0   PRD_A_TABEND
0002e1f0   _IDL_cpuLoad
0002e1f4   LNK_dataPump
0002e1f4   _LNK_dataPump
0002e1f8   RTA_dispatcher
0002e1f8   _RTA_dispatcher
0002e1fc   IDL_END
0002e200   IDL_A_CALBEG
0002e200   IDL_cpuLoad$
0002e204   LNK_dataPump$
0002e208   RTA_dispatcher$
0002e20c   IDL_END$
0002e210   SYS$config
0002e220   ___pinit__
0002e220   pinit
0002e22c   TRC_cinit
0002e230   TRC_R_mask
0002e230   _TRC_R_mask
0002e234   GBL_initdone
00036ee8   CLK_LTIMEMULT
00036ee8   GBL_FREQ
01940000   CLK_REGS
01940000   _CLK_REGS
082031a3   HWI_INTRMULTHIGH
310718a4   HWI_INTRMULTLOW
80000000   _MySound
8001aeac   _BSPLinkBuffer_in_ping
8001d5bc   _BSPLinkBuffer_in_pong
8001fccc   _BSPLinkBuffer_out_ping
800223dc   _BSPLinkBuffer_out_pong
80024aec   _BSPLinkBuffer_data
800271fc   _Buffer_in_ping
8002990c   _Buffer_in_pong
8002c01c   _Buffer_out_ping
8002e72c   _Buffer_out_pong
80030e3c   SDRAM$B
80030e3c   _SDRAM_base
ffffffff   HST_DSMBUFSEG
ffffffff   IRAM
ffffffff   RTDX_DATAMEMSEG
ffffffff   _IRAM
ffffffff   ___TI_pprof_out_hndl
ffffffff   ___TI_prof_data_size
ffffffff   ___TI_prof_data_start
ffffffff   ___binit__
ffffffff   ___c_args__
ffffffff   binit

[894 symbols]
