******************************************************************************
               TMS320C6x Linker PC v7.4.14                     
******************************************************************************
>> Linked Fri Jun 10 17:43:06 2016

OUTPUT FILE NAME:   <my_dsp_project.out>
ENTRY POINT SYMBOL: "_c_int00"  address: 0000fb00


MEMORY CONFIGURATION

         name            origin    length      used     unused   attr    fill
----------------------  --------  ---------  --------  --------  ----  --------
  IRAM                  00000000   0003e000  000116a9  0002c957  RWIX
  SDRAM                 80000000   00800000  0002077a  007df886  RWIX


SECTION ALLOCATION MAP

 output                                  attributes/
section   page    origin      length       input sections
--------  ----  ----------  ----------   ----------------
.data      0    00000000    00000000     UNINITIALIZED

.vers      0    00000000    00000044     COPY SECTION
                  00000000    00000044     my_dsp_projectcfg.obj (.vers)

.hwi_vec   0    00000000    00000200     
                  00000000    00000200     my_dsp_projectcfg.obj (.hwi_vec)

.text      0    00000200    000044c0     
                  00000200    000013e0     skeleton.obj (.text)
                  000015e0    00000760     config_BSPLink.obj (.text)
                  00001d40    00000480     dsk6713bsl.lib : dsk6713.obj (.text)
                  000021c0    00000280     csl6713.lib : csl_edma.obj (.text:_EDMA_open)
                  00002440    00000240     rts6700.lib : memcpy62.obj (.text:_memcpy)
                  00002680    00000240     config_AIC23.obj (.text)
                  000028c0    00000220     csl6713.lib : csl.obj (.text:__CSL_init)
                  00002ae0    000001e0     dsk6713bsl.lib : dsk6713_led.obj (.text)
                  00002cc0    000001c0     csl6713.lib : csl_irq.obj (.text:_IRQ_map)
                  00002e80    000001c0                 : csl_irq.obj (.text:_mux2Tables)
                  00003040    000001a0                 : csl_edma.obj (.text:_EDMA_allocTable)
                  000031e0    000001a0                 : csl_mcbsp.obj (.text:_MCBSP_reset)
                  00003380    00000180     bios.a67 : gbl_cslpllinit62.o67 (.text)
                  00003500    00000160     rts6700.lib : sinit.obj (.text:_call_dtors)
                  00003660    00000140     csl6713.lib : csl_edma.obj (.text:_EDMA_reset)
                  000037a0    00000140                 : csl_timer.obj (.text:_TIMER_open)
                  000038e0    00000120                 : csl_timer.obj (.text:_TIMER_reset)
                  00003a00    00000100                 : csl_edma.obj (.text:_EDMA_intAlloc)
                  00003b00    00000100                 : csl_mcbsp.obj (.text:_MCBSP_open)
                  00003c00    00000100                 : csl_mcbsp.obj (.text:_MCBSP_start)
                  00003d00    000000e0                 : csl_edma.obj (.text:_EDMA_config)
                  00003de0    000000e0     rts6700.lib : strasg.obj (.text:__strasg)
                  00003ec0    000000e0                 : atexit.obj (.text:_atexit)
                  00003fa0    000000c0     bios.a67 : tsk_stup.o67 (.text)
                  00004060    000000a0     csl6713.lib : csl_mcbsp.obj (.text:_MCBSP_close)
                  00004100    000000a0                 : csl_mcbsp.obj (.text:_MCBSP_config)
                  000041a0    000000a0                 : csl_irq.obj (.text:__IRQ_init)
                  00004240    000000a0                 : csl_irq.obj (.text:_setMux)
                  000042e0    00000060                 : csl_edma.obj (.text:_EDMA_disableChannel)
                  00004340    00000060                 : csl_edma.obj (.text:_EDMA_enableChannel)
                  000043a0    00000060                 : csl_edma.obj (.text:_EDMA_intEnable)
                  00004400    00000060                 : csl_edma.obj (.text:_EDMA_qdmaConfig)
                  00004460    00000040                 : csl_edma.obj (.text:_EDMA_link)
                  000044a0    00000040                 : csl_irq.obj (.text:_IRQ_enable)
                  000044e0    00000040     rts6700.lib : sinit.obj (.text:___add_dtor)
                  00004520    00000020     csl6713.lib : csl.obj (.text:_CSL6713_LIB_)
                  00004540    00000020                 : csl_edma.obj (.text:_EDMA_intClear)
                  00004560    00000020                 : csl_edma.obj (.text:_EDMA_intTest)
                  00004580    00000020                 : csl_irq.obj (.text:_IRQ_clear)
                  000045a0    00000020                 : csl_irq.obj (.text:_IRQ_globalEnable)
                  000045c0    00000020                 : csl_mcbsp.obj (.text:_MCBSP_getRcvAddr)
                  000045e0    00000020                 : csl_mcbsp.obj (.text:_MCBSP_getXmtAddr)
                  00004600    00000020                 : csl_mcbsp.obj (.text:_MCBSP_write)
                  00004620    00000020                 : csl_mcbsp.obj (.text:_MCBSP_xrdy)
                  00004640    00000020     rts6700.lib : _lock.obj (.text:__nop)
                  00004660    00000020                 : _lock.obj (.text:__register_lock)
                  00004680    00000020                 : _lock.obj (.text:__register_unlock)
                  000046a0    00000020     csl6713.lib : csl_irq.obj (.text)

.bios      0    000046c0    00004280     
                  000046c0    00000600     lnkrtdx.a67 : rtdx.o67 (.bios)
                  00004cc0    000005e0     bios.a67 : gbl_setL2CacheMode.o67 (.bios)
                  000052a0    00000540              : swi.o67 (.bios)
                  000057e0    00000460              : hwi_disp_asm.o67 (.bios)
                  00005c40    000003a0              : prd.o67 (.bios)
                  00005fe0    000002c0              : knl_run.o67 (.bios)
                  000062a0    000002c0              : rta.o67 (.bios)
                  00006560    000002c0              : sem_pend.o67 (.bios)
                  00006820    00000260              : knl_tick.o67 (.bios)
                  00006a80    00000240              : pip.o67 (.bios)
                  00006cc0    00000220              : sem_dopo.o67 (.bios)
                  00006ee0    00000200              : tsk_setu.o67 (.bios)
                  000070e0    000001c0              : knl_swit.o67 (.bios)
                  000072a0    000001c0     biosC6000.a67 : clk.o67 (.bios)
                  00007460    000001a0     bios.a67 : tsk_exit.o67 (.bios)
                  00007600    00000180              : autoinit.o67 (.bios)
                  00007780    00000180              : tsk_stup.o67 (.bios)
                  00007900    00000140              : knl_chec.o67 (.bios)
                  00007a40    000000e0              : gbl_cslcacheinit.o67 (.bios)
                  00007b20    000000e0              : knl_exit.o67 (.bios)
                  00007c00    000000e0              : sem_post.o67 (.bios)
                  00007ce0    000000e0              : sem_post_asm.o67 (.bios)
                  00007dc0    000000e0     biosC6000.a67 : clk_meas.o67 (.bios)
                  00007ea0    000000c0     bios.a67 : knl_ipos.o67 (.bios)
                  00007f60    000000c0              : knl_post.o67 (.bios)
                  00008020    000000c0              : lck.o67 (.bios)
                  000080e0    000000c0              : sys_exit.o67 (.bios)
                  000081a0    000000c0     biosC6000.a67 : clk_htime.o67 (.bios)
                  00008260    00000080     bios.a67 : fxn.o67 (.bios)
                  000082e0    00000080              : idl_busy.o67 (.bios)
                  00008360    00000080              : log.o67 (.bios)
                  000083e0    00000080              : sts.o67 (.bios)
                  00008460    00000080     biosC6000.a67 : idl_cal.o67 (.bios)
                  000084e0    00000060     bios.a67 : hwi_c.o67 (.bios)
                  00008540    00000060              : sem_pend_binary.o67 (.bios)
                  000085a0    00000060              : sem_pend_counting.o67 (.bios)
                  00008600    00000060              : swi_disable.o67 (.bios)
                  00008660    00000060              : sys_abor.o67 (.bios)
                  000086c0    00000060              : utl_putc.o67 (.bios)
                  00008720    00000060     biosC6000.a67 : clk_start.o67 (.bios)
                  00008780    00000040     bios.a67 : idl_stub.o67 (.bios)
                  000087c0    00000040              : rta_andn.o67 (.bios)
                  00008800    00000040              : utl_doab.o67 (.bios)
                  00008840    00000040     biosC6000.a67 : clk_stop.o67 (.bios)
                  00008880    00000020     bios.a67 : fxn_c.o67 (.bios)
                  000088a0    00000020              : gbl_vers.o67 (.bios)
                  000088c0    00000020              : idl.o67 (.bios)
                  000088e0    00000020              : sts_set.o67 (.bios)
                  00008900    00000020              : utl_doer.o67 (.bios)
                  00008920    00000020              : utl_halt.o67 (.bios)

.stack     0    00008940    00004000     UNINITIALIZED
                  00008940    00004000     --HOLE--

.cinit     0    0000c940    000018c4     
                  0000c940    00000ab4     my_dsp_projectcfg.obj (.cinit)
                  0000d3f4    00000004     --HOLE-- [fill = 0]
                  0000d3f8    0000027c     skeleton.obj (.cinit)
                  0000d674    00000004     --HOLE-- [fill = 0]
                  0000d678    0000026c     bios.a67 : biosdata.o67 (.cinit)
                  0000d8e4    00000004     --HOLE-- [fill = 0]
                  0000d8e8    000001a4              : knl.o67 (.cinit)
                  0000da8c    00000004     --HOLE-- [fill = 0]
                  0000da90    0000012c     csl6713.lib : csl_irq.obj (.cinit)
                  0000dbbc    00000004     --HOLE-- [fill = 0]
                  0000dbc0    000000b0     bios.a67 : swi.o67 (.cinit)
                  0000dc70    00000098     config_BSPLink.obj (.cinit)
                  0000dd08    00000080     bios.a67 : tsk.o67 (.cinit)
                  0000dd88    00000070     csl6713.lib : csl_edma.obj (.cinit)
                  0000ddf8    00000060     bios.a67 : tsk_stup.o67 (.cinit)
                  0000de58    0000005c     lnkrtdx.a67 : rtdx.o67 (.cinit)
                  0000deb4    00000004     --HOLE-- [fill = 0]
                  0000deb8    00000054     csl6713.lib : csl_mcbsp.obj (.cinit)
                  0000df0c    00000004     --HOLE-- [fill = 0]
                  0000df10    0000004c     bios.a67 : rta.o67 (.cinit)
                  0000df5c    00000004     --HOLE-- [fill = 0]
                  0000df60    0000004c     csl6713.lib : csl_timer.obj (.cinit)
                  0000dfac    00000004     --HOLE-- [fill = 0]
                  0000dfb0    0000004c     rtdx.lib : buffer1.o62 (.cinit)
                  0000dffc    00000004     --HOLE-- [fill = 0]
                  0000e000    00000048     config_AIC23.obj (.cinit)
                  0000e048    0000003c     csl6713.lib : csl.obj (.cinit)
                  0000e084    00000004     --HOLE-- [fill = 0]
                  0000e088    00000034     bios.a67 : hwi.o67 (.cinit)
                  0000e0bc    00000004     --HOLE-- [fill = 0]
                  0000e0c0    0000002c              : utl_putc.o67 (.cinit)
                  0000e0ec    00000004     --HOLE-- [fill = 0]
                  0000e0f0    0000002c     rts6700.lib : exit.obj (.cinit)
                  0000e11c    00000004     --HOLE-- [fill = 0]
                  0000e120    00000024     bios.a67 : obj_init.o67 (.cinit)
                  0000e144    00000004     --HOLE-- [fill = 0]
                  0000e148    0000001c              : sys.o67 (.cinit)
                  0000e164    00000004     --HOLE-- [fill = 0]
                  0000e168    0000001c     rts6700.lib : _lock.obj (.cinit)
                  0000e184    00000004     --HOLE-- [fill = 0]
                  0000e188    0000001c                 : atexit.obj (.cinit)
                  0000e1a4    00000004     --HOLE-- [fill = 0]
                  0000e1a8    00000018     bios.a67 : knl_tick.o67 (.cinit)
                  0000e1c0    0000000c              : gbl_setL2CacheMode.o67 (.cinit)
                  0000e1cc    00000004     --HOLE-- [fill = 0]
                  0000e1d0    0000000c              : idl_busy.o67 (.cinit)
                  0000e1dc    00000004     --HOLE-- [fill = 0]
                  0000e1e0    0000000c              : knl_swit.o67 (.cinit)
                  0000e1ec    00000004     --HOLE-- [fill = 0]
                  0000e1f0    0000000c     rts6700.lib : sinit.obj (.cinit)
                  0000e1fc    00000004     --HOLE-- [fill = 0]
                  0000e200    00000004     (.pad.cinit) [fill = 0]

.log       0    0000e204    00000018     
                  0000e204    00000018     my_dsp_projectcfg.obj (.log)

.args      0    0000e21c    00000004     
                  0000e21c    00000004     --HOLE-- [fill = 0]

.rtdx_text 
*          0    0000e220    00000ea0     
                  0000e220    00000400     rtdx.lib : rtdx_mon.o62 (.rtdx_text:_RTDX_Poll)
                  0000e620    00000340              : buffer1.o62 (.rtdx_text:_RTDX_Buffer_WriteCB)
                  0000e960    00000300              : buffer1.o62 (.rtdx_text:_RTDX_write_next)
                  0000ec60    00000140              : rtdx_mon.o62 (.rtdx_text:_RTDX_Mon_Queue)
                  0000eda0    000000e0              : buffer1.o62 (.rtdx_text:_claim)
                  0000ee80    00000080              : rtdx_mon.o62 (.rtdx_text:_RTDX_Init_RT_Monitor)
                  0000ef00    00000060              : buffer1.o62 (.rtdx_text:_RTDX_Buffer_Initialize)
                  0000ef60    00000060              : buffer2.o62 (.rtdx_text:_RTDX_Buffer_ReadCB)
                  0000efc0    00000040              : buffer1.o62 (.rtdx_text:_RTDX_Buffer_Size)
                  0000f000    00000040              : rtdx_mon.o62 (.rtdx_text:_RTDX_Final_RT_Monitor)
                  0000f040    00000020              : buffer2.o62 (.rtdx_text:_RTDX_Buffer_Read)
                  0000f060    00000020              : buffer1.o62 (.rtdx_text:_RTDX_Buffer_Write)
                  0000f080    00000020              : rtdx_mon.o62 (.rtdx_text:_RTDX_checksum)
                  0000f0a0    00000020              : intr_tgt.o62 (.rtdx_text)

.far       0    0000f0c0    00000670     UNINITIALIZED
                  0000f0c0    00000188     rts6700.lib : atexit.obj (.far)
                  0000f248    000000f4     csl6713.lib : csl_irq.obj (.far)
                  0000f33c    000000d8     bios.a67 : knl.o67 (.far)
                  0000f414    00000068     config_BSPLink.obj (.far)
                  0000f47c    0000005c     bios.a67 : tsk.o67 (.far)
                  0000f4d8    00000054              : obj_init.o67 (.far)
                  0000f52c    00000054     csl6713.lib : csl_edma.obj (.far)
                  0000f580    00000050     bios.a67 : tsk_stup.o67 (.far)
                  0000f5d0    00000050     skeleton.obj (.far)
                  0000f620    00000038     csl6713.lib : csl_mcbsp.obj (.far)
                  0000f658    00000034     config_AIC23.obj (.far)
                  0000f68c    00000028     csl6713.lib : csl.obj (.far)
                  0000f6b4    00000024                 : csl_timer.obj (.far)
                  0000f6d8    00000020     bios.a67 : sys.o67 (.far)
                  0000f6f8    00000010              : knl_tick.o67 (.far)
                  0000f708    0000000c              : utl_putc.o67 (.far)
                  0000f714    0000000c     rts6700.lib : exit.obj (.far)
                  0000f720    00000008                 : _lock.obj (.far)
                  0000f728    00000004                 : sinit.obj (.far)
                  0000f72c    00000002     dsk6713bsl.lib : dsk6713.obj (.far)
                  0000f72e    00000002                    : dsk6713_led.obj (.far)

.hst1      0    0000f730    00000010     UNINITIALIZED
                  0000f730    00000010     my_dsp_projectcfg.obj (.hst1)

.sysinit   0    0000f740    00000520     
                  0000f740    000002e0     my_dsp_projectcfg.obj (.sysinit)
                  0000fa20    000000e0     bios.a67 : mem_init.o67 (.sysinit)
                  0000fb00    000000c0              : boot.o67 (.sysinit)
                  0000fbc0    00000080              : tsk_init.o67 (.sysinit)
                  0000fc40    00000020              : obj_init.o67 (.sysinit)

.rtdx_data 
*          0    0000fc60    0000044c     UNINITIALIZED
                  0000fc60    00000410     my_dsp_projectcfg.obj (.rtdx_data)
                  00010070    00000020     rtdx.lib : buffer1.o62 (.rtdx_data)
                  00010090    0000001c              : rtdx_mon.o62 (.rtdx_data)

.mem       0    000100ac    00000004     UNINITIALIZED
                  000100ac    00000004     my_dsp_projectcfg.obj (.mem)

.TSK_LEDTOGGLE$stk 
*          0    000100b0    00000400     UNINITIALIZED
                  000100b0    00000400     my_dsp_projectcfg.obj (.TSK_LEDTOGGLE$stk)

.TSK_idle$stk 
*          0    000104b0    00000400     UNINITIALIZED
                  000104b0    00000400     my_dsp_projectcfg.obj (.TSK_idle$stk)

.bss       0    000108b0    000003d8     UNINITIALIZED
                  000108b0    00000100     bios.a67 : hwi_disp_asm.o67 (.bss)
                  000109b0    000000cc              : biosdata.o67 (.bss)
                  00010a7c    0000009c              : swi.o67 (.bss)
                  00010b18    0000006c     skeleton.obj (.bss)
                  00010b84    00000048     bios.a67 : knl.o67 (.bss)
                  00010bcc    00000028     my_dsp_projectcfg.obj (.bss)
                  00010bf4    00000024     config_BSPLink.obj (.bss)
                  00010c18    00000018     bios.a67 : hwi.o67 (.bss)
                  00010c30    00000018     lnkrtdx.a67 : rtdx.o67 (.bss)
                  00010c48    00000010     rtdx.lib : buffer1.o62 (.bss)
                  00010c58    0000000c     bios.a67 : tsk.o67 (.bss)
                  00010c64    00000008              : clk_data.o67 (.bss)
                  00010c6c    00000008              : sys.o67 (.bss)
                  00010c74    00000004              : clk_data2.o67 (.bss)
                  00010c78    00000004              : gbl_setL2CacheMode.o67 (.bss)
                  00010c7c    00000004              : idl_busy.o67 (.bss)
                  00010c80    00000004              : mem_asm.o67 (.bss)
                  00010c84    00000004     config_AIC23.obj (.bss)

.trace     0    00010c88    00000200     
                  00010c88    00000200     --HOLE-- [fill = 00000000]

.swi       0    00010e88    000001b8     UNINITIALIZED
                  00010e88    000001b8     my_dsp_projectcfg.obj (.swi)

.tsk       0    00011040    000000c0     UNINITIALIZED
                  00011040    000000c0     my_dsp_projectcfg.obj (.tsk)

.LOG_system$buf 
*          0    00011100    00000100     UNINITIALIZED
                  00011100    00000100     my_dsp_projectcfg.obj (.LOG_system$buf)

.hst0      0    00011200    00000100     UNINITIALIZED
                  00011200    00000100     my_dsp_projectcfg.obj (.hst0)

.sts       0    00011300    000000e0     
                  00011300    000000e0     my_dsp_projectcfg.obj (.sts)

.pip       0    000113e0    000000c8     UNINITIALIZED
                  000113e0    000000c8     my_dsp_projectcfg.obj (.pip)

.const     0    000114a8    000000b5     
                  000114a8    0000004e     bios.a67 : tsk_stup.o67 (.const)
                  000114f6    00000023              : utl_doab.o67 (.const)
                  00011519    00000022              : utl_doer.o67 (.const)
                  0001153b    00000001     --HOLE-- [fill = 0]
                  0001153c    00000020     dsk6713bsl.lib : dsk6713.obj (.const)
                  0001155c    00000001     bios.a67 : tsk.o67 (.const)

.printf    0    0001155d    00000160     COPY SECTION
                  0001155d    00000160     my_dsp_projectcfg.obj (.printf)

.gblinit   0    00011560    0000004c     
                  00011560    0000004c     my_dsp_projectcfg.obj (.gblinit)

.hst       0    000115ac    0000003c     UNINITIALIZED
                  000115ac    0000003c     my_dsp_projectcfg.obj (.hst)

.sem       0    000115e8    0000002c     UNINITIALIZED
                  000115e8    0000002c     my_dsp_projectcfg.obj (.sem)

.switch    0    00011614    00000028     
                  00011614    00000028     rtdx.lib : rtdx_mon.o62 (.switch)

.prd       0    0001163c    00000020     UNINITIALIZED
                  0001163c    00000020     my_dsp_projectcfg.obj (.prd)

.idl       0    0001165c    00000010     UNINITIALIZED
                  0001165c    00000010     my_dsp_projectcfg.obj (.idl)

.idlcal    0    0001166c    00000010     UNINITIALIZED
                  0001166c    00000010     my_dsp_projectcfg.obj (.idlcal)

.sys       0    0001167c    00000010     UNINITIALIZED
                  0001167c    00000010     my_dsp_projectcfg.obj (.sys)

.pinit     0    0001168c    0000000c     
                  0001168c    00000004     rtdx.lib : buffer1.o62 (.pinit)
                  00011690    00000004              : rtdx_mon.o62 (.pinit)
                  00011694    00000004     --HOLE-- [fill = 0]

.trcdata   0    00011698    0000000c     
                  00011698    0000000c     bios.a67 : trc.o67 (.trcdata)

.clk       0    000116a4    00000008     UNINITIALIZED
                  000116a4    00000008     my_dsp_projectcfg.obj (.clk)

.datenpuffer 
*          0    80000000    000186a0     UNINITIALIZED
                  80000000    00016760     skeleton.obj (.datenpuffer)
                  80016760    00001f40     config_BSPLink.obj (.datenpuffer)

.SDRAM$heap 
*          0    800186a0    00008000     UNINITIALIZED
                  800186a0    00008000     --HOLE--

.sounds    0    800206a0    000000da     UNINITIALIZED
                  800206a0    000000da     skeleton.obj (.sounds)


GLOBAL SYMBOLS: SORTED ALPHABETICALLY BY Name 

address    name
--------   ----
000108b0   $bss
000108b0   .bss
00000000   .data
00000200   .text
0000f8fc   BIOS$$CLKOFF
0000f8bc   BIOS$$CLKON
0000f740   BIOS_init
0000f964   BIOS_start
00000000   BUF$
00000001   BUF_ENABLED
00000001   CLK$
000116a4   CLK_A_TABBEG
00000001   CLK_CALDIV
00000004   CLK_CALMULT
0000dbba   CLK_COUNTSPMS
00000000   CLK_COUNTSPMSHIGH
000109d8   CLK_D_idletime
000109d4   CLK_D_isrhook
000109d0   CLK_D_tabbeg
000109cc   CLK_D_timefxn
000081a0   CLK_F_getfhtime
000081c0   CLK_F_gethtime
000072a0   CLK_F_getltime
000081c0   CLK_F_getshtime
000072b4   CLK_F_isr
00007414   CLK_F_itime
000057e0   CLK_HOOKFXN
00000001   CLK_HTIMEDIV
00000004   CLK_HTIMEMULT
0000dbba   CLK_HTIMEPERLTIME
00004000   CLK_INTBIT
00000001   CLK_LTIMEDIV
00036ee8   CLK_LTIMEMULT
000003e8   CLK_MICROSECS
0000dbba   CLK_PRD
00000000   CLK_PRDHIGH
01940000   CLK_REGS
000109c8   CLK_R_time
00000020   CLK_TCR
00000000   CLK_TDDR
00000000   CLK_TDDRHIGH
000081c0   CLK_TIMEFXN
00000000   CLK_TIMERNUM
00000001   CLK_USETIMER
000116a8   CLK_null
00000000   DEV$
00000000   DGN$
00000000   DHL$
00000000   DHL_gChannelsAvailable
00000000   DIO$
00000000   DIO_NUMSWIBASE
00000000   DIO_NUMTSKBASE
00000000   DIO_STATIC
00000000   DPI$
00008260   FXN_F_nop
00008268   FXN_F_run
000082b8   FXN_F_zero
00000001   GBL$
00005205   GBL_A_VERSION
00000000   GBL_BIGENDIAN
00000000   GBL_C641XL2PRIORITY
00000000   GBL_CACHE
00000001   GBL_CALLCSLCFGINIT
00004e20   GBL_CLKIN
00001770   GBL_CLKTYPE
00001a39   GBL_DSPSUBTYPE
0000003e   GBL_DSPTYPE
00000001   GBL_ENABLEINST
00000042   GBL_FOOTPRINT
00036ee8   GBL_FREQ
00002226   GBL_L2ALLOC
00000000   GBL_L2CONFIGALLOC
00000001   GBL_L2CONFIGURE
00000001   GBL_L2MARMASK
00000000   GBL_L2MARMASK1
00000000   GBL_L2MARMASK2
00000000   GBL_L2MARMASK3
00000000   GBL_L2MARMASK4
00000000   GBL_L2MARMASK5
00000000   GBL_L2MODE
00000000   GBL_L2PRIORITY
00000000   GBL_NULL
00000000   GBL_PROCID
00000000   GBL_ROM
00000000   GBL_SUPPORTCSL
0000dbef   GBL_TRCMASKVALUE
00000001   GBL_USERINIT
000033a8   GBL_USERINITFXN
00000001   GBL_boot
000116a0   GBL_initdone
00008940   GBL_stackbeg
0000c93f   GBL_stackend
00000000   GIO$
00008880   GIO_CREATEFXN
00008880   GIO_DELETEFXN
00008880   GIO_PENDFXN
00008880   GIO_POSTFXN
00000000   HOOK$
00000000   HOOK_KNLID
00000001   HST$
000115ac   HST_A_TABBEG
000115e8   HST_A_TABEND
00000000   HST_DSM
ffffffff   HST_DSMBUFSEG
00000400   HST_DSMMEMSIZE
00010a44   HST_D_chanmask
00010a48   HST_D_tabbeg
00010a4c   HST_D_tabend
000000ff   HST_MAXFRAMEALLOWED
00000040   HST_MAXFRAMESET
00000000   HST_NONE
00000001   HST_RTDX
00000001   HWI$
00000000   HWI_A_VECS
00005308   HWI_CFGDISPATCHED
00010c28   HWI_D_bss
00010c2c   HWI_D_ccmask
00010c18   HWI_D_spsave
000057e0   HWI_F_dispatch
00000000   HWI_GENERATE_RESET_VEC
0000000a   HWI_INT10
00000000   HWI_INT10$hwi
0000000b   HWI_INT11
00000000   HWI_INT11$hwi
0000000c   HWI_INT12
00000000   HWI_INT12$hwi
0000000d   HWI_INT13
00000000   HWI_INT13$hwi
0000000e   HWI_INT14
00000000   HWI_INT14$hwi
0000000f   HWI_INT15
00000000   HWI_INT15$hwi
00000004   HWI_INT4
00000000   HWI_INT4$hwi
00000005   HWI_INT5
00000000   HWI_INT5$hwi
00000006   HWI_INT6
00000000   HWI_INT6$hwi
00000007   HWI_INT7
00000000   HWI_INT7$hwi
00000008   HWI_INT8
00000000   HWI_INT8$hwi
00000009   HWI_INT9
00000000   HWI_INT9$hwi
082039a3   HWI_INTRMULTHIGH
250718a4   HWI_INTRMULTLOW
00000001   HWI_NMI
00000000   HWI_NMI$hwi
00000000   HWI_POLARITYMASK
00000002   HWI_RESERVED0
00000000   HWI_RESERVED0$hwi
00000003   HWI_RESERVED1
00000000   HWI_RESERVED1$hwi
00000000   HWI_RESET
00000000   HWI_RESET$hwi
00000001   HWI_ZEROTAB
00000001   IDL$
0001166c   IDL_A_CALBEG
0001165c   IDL_A_TABBEG
00000006   IDL_CALIBRERROR
00008780   IDL_CALIBRFXN
00010c7c   IDL_D_busyObj
000109b8   IDL_D_calbeg
000109b4   IDL_D_calibrate
000109b0   IDL_D_tabbeg
00011668   IDL_END
00011678   IDL_END$
000082e0   IDL_F_busy
00008460   IDL_F_calibrate
000088c0   IDL_F_loop
00008780   IDL_F_stub
00000001   IDL_USECLKIDLTIME
000113d4   IDL_busyObj
000116b8   IDL_busyObj$avgfmt
00000001   IDL_busyObj$filter
00000001   IDL_busyObj$iA
00000000   IDL_busyObj$iB
00000001   IDL_busyObj$iC
000116b2   IDL_busyObj$maxfmt
00000000   IDL_busyObj$operation
000113d0   IDL_busyObj$stsobj
000116b5   IDL_busyObj$sumfmt
00000002   IDL_busyObj$unittype
0001165c   IDL_cpuLoad
0001166c   IDL_cpuLoad$
ffffffff   IRAM
00000001   ISRC$
00007260   KNL_glue
00010eb4   KNL_swi
00000001   KNL_swi$dorta
00000002   KNL_swi$ord
00000000   KNL_swi$pri
00011324   KNL_swi$sts
000115a4   KNL_swi$sts$avgfmt
00000002   KNL_swi$sts$filter
00000001   KNL_swi$sts$filtmaxmult
00000001   KNL_swi$sts$filtsummult
00011594   KNL_swi$sts$maxfmt
00011320   KNL_swi$sts$stsobj
0001159c   KNL_swi$sts$sumfmt
00000000   KNL_swi$sts$unittype
00000000   KNL_swi$swi
00000001   LCK$
000046c0   LNK_F_checkBufferCall
00004740   LNK_F_dataPump
000046e0   LNK_F_getChanPtr
00004738   LNK_F_init
00004c84   LNK_F_readCallBack
00011660   LNK_dataPump
00011670   LNK_dataPump$
00010c34   LNK_dspFrameReadyMask
00010c30   LNK_dspFrameRequestMask
000049e0   LNK_newin
00004b20   LNK_newout
00004754   LNK_rcloop
00004820   LNK_rdrtry
00010c3c   LNK_readDone
00010c40   LNK_readFail
00010c38   LNK_readPend
00004830   LNK_rrloop
00010c44   LNK_writeFail
00004904   LNK_wrloop
000048f4   LNK_wrrtry
00000001   LOG$
0000e204   LOG_A_TABBEG
0000e21c   LOG_A_TABEND
00000001   LOG_A_TABLEN
000109bc   LOG_D_system
00000001   LOG_ENABLED
00008360   LOG_F_event
0000e204   LOG_system
00011100   LOG_system$buf
00000000   LOG_system$datatype
00000000   LOG_system$log
00000040   LOG_system$size
00000000   MBX$
00000001   MEM$
00010bd8   MEM_MALLOCSEG
00000000   MEM_NULL
00010bd8   MEM_SEGZERO
00000000   MEM_USEMPC
00000001   MEM_gNumHeap
00000000   MSGQ$
00000000   MSGQ_USEMSGQ
00000000   OBJ$
00000000   PIP$
000113e0   PIP_A_TABBEG
000114a8   PIP_A_TABEND
00000002   PIP_A_TABLEN
000109c0   PIP_D_tabbeg
000109c4   PIP_D_tablen
00006b14   PIP_F_give
00006b14   PIP_F_probe
00006be8   PIP_F_start
00006a80   PIP_F_take
00000064   PIP_OBJSIZE
00000000   PIP_gNextId
00000002   PIP_gNumEmbed
00000000   POOL$
00000000   POOL_USEPOOL
00000001   PRD$
0001163c   PRD_A_TABBEG
0001165c   PRD_A_TABEND
00000001   PRD_A_TABLEN
00010a00   PRD_D_cur
00010a04   PRD_D_elapsed
00010a08   PRD_D_prevtim
00010a0c   PRD_D_scalar
00010a10   PRD_D_swihandle
00010a14   PRD_D_tabbeg
00010a18   PRD_D_tablen
00010a1c   PRD_D_thook
000109fc   PRD_D_tick
00005c40   PRD_F_swi
00005f00   PRD_F_tick
00000008   PRD_SCALAR
00010e88   PRD_SWIHANDLE
0001163c   PRD_Sek
00011658   PRD_Sek$aaa
00000000   PRD_Sek$mode
00000001   PRD_Sek$ord
000003e8   PRD_Sek$period
00000000   PRD_Sek$prd
00011304   PRD_Sek$sts
0001156f   PRD_Sek$sts$avgfmt
00000000   PRD_Sek$sts$filter
0001155d   PRD_Sek$sts$maxfmt
00011300   PRD_Sek$sts$stsobj
00011566   PRD_Sek$sts$sumfmt
00000002   PRD_Sek$sts$unittype
00006a60   PRD_THOOKFXN
000116a4   PRD_clock
00010e88   PRD_swi
00000001   PRD_swi$dorta
00000001   PRD_swi$ord
00000001   PRD_swi$pri
00011314   PRD_swi$sts
0001158a   PRD_swi$sts$avgfmt
00000002   PRD_swi$sts$filter
00000001   PRD_swi$sts$filtmaxmult
00000001   PRD_swi$sts$filtsummult
0001157a   PRD_swi$sts$maxfmt
00011310   PRD_swi$sts$stsobj
00011582   PRD_swi$sts$sumfmt
00000000   PRD_swi$sts$unittype
00000000   PRD_swi$swi
00000001   QUE$
00010a20   RTA_D_fromHost
00010a28   RTA_D_logval
00010a38   RTA_D_stsval
00010a24   RTA_D_toHost
000087c0   RTA_F_andn
00006398   RTA_F_dispatch
000062a0   RTA_F_getlog
000062e4   RTA_F_getsts
000087e0   RTA_F_or
0000632c   RTA_F_readblk
00006358   RTA_F_resetmem
0000634c   RTA_F_writeword
00011664   RTA_dispatcher
00011674   RTA_dispatcher$
000063e8   RTA_execute
000115b0   RTA_fromHost
0000f730   RTA_fromHost$buf
00000004   RTA_fromHost$framesize
00000000   RTA_fromHost$hst
00000001   RTA_fromHost$id
00000000   RTA_fromHost$mode
000113e0   RTA_fromHost$pipe
00011410   RTA_fromHost$pipe$aaa
00011440   RTA_fromHost$pipe$bbb
00010bdc   RTA_fromHost$pipe$dtab
000113e4   RTA_fromHost$pipe$rd
00011414   RTA_fromHost$pipe$wr
000115b8   RTA_fromHost$rtdx
000115cc   RTA_toHost
00011200   RTA_toHost$buf
00000040   RTA_toHost$framesize
00000000   RTA_toHost$hst
00000000   RTA_toHost$id
00000001   RTA_toHost$mode
00011444   RTA_toHost$pipe
00011474   RTA_toHost$pipe$aaa
000114a4   RTA_toHost$pipe$bbb
00010be8   RTA_toHost$pipe$dtab
00011448   RTA_toHost$pipe$rd
00011478   RTA_toHost$pipe$wr
000115d4   RTA_toHost$rtdx
00000001   RTDX$
00000408   RTDX_BUFMEMSIZE
ffffffff   RTDX_DATAMEMSEG
00000000   RTDX_MODE
00000001   RTDX_NORMALIZED_HDR
00000001   RTDX_USERTDX
00000000   RTDX_USERTEXECUTION
00010bd8   SDRAM
800186a0   SDRAM$B
00008000   SDRAM$L
00000001   SEM$
000115f4   SEM_LEDToggle
00000000   SIO$
00000001   STS$
00011300   STS_A_TABBEG
000113e0   STS_A_TABEND
00008418   STS_F_add
000083e0   STS_F_delta
00008444   STS_F_reset
00000001   SWI$
00010f90   SWI_ADC_In_Ping
00000001   SWI_ADC_In_Ping$dorta
00000007   SWI_ADC_In_Ping$ord
00000002   SWI_ADC_In_Ping$pri
00011374   SWI_ADC_In_Ping$sts
00011626   SWI_ADC_In_Ping$sts$avgfmt
00000002   SWI_ADC_In_Ping$sts$filter
00000001   SWI_ADC_In_Ping$sts$filtmaxmult
00000001   SWI_ADC_In_Ping$sts$filtsummult
00011616   SWI_ADC_In_Ping$sts$maxfmt
00011370   SWI_ADC_In_Ping$sts$stsobj
0001161e   SWI_ADC_In_Ping$sts$sumfmt
00000000   SWI_ADC_In_Ping$sts$unittype
00000000   SWI_ADC_In_Ping$swi
00010fbc   SWI_ADC_In_Pong
00000001   SWI_ADC_In_Pong$dorta
00000008   SWI_ADC_In_Pong$ord
00000002   SWI_ADC_In_Pong$pri
00011384   SWI_ADC_In_Pong$sts
00011640   SWI_ADC_In_Pong$sts$avgfmt
00000002   SWI_ADC_In_Pong$sts$filter
00000001   SWI_ADC_In_Pong$sts$filtmaxmult
00000001   SWI_ADC_In_Pong$sts$filtsummult
00011630   SWI_ADC_In_Pong$sts$maxfmt
00011380   SWI_ADC_In_Pong$sts$stsobj
00011638   SWI_ADC_In_Pong$sts$sumfmt
00000000   SWI_ADC_In_Pong$sts$unittype
00000000   SWI_ADC_In_Pong$swi
00010f38   SWI_ADC_Out_Ping
00000001   SWI_ADC_Out_Ping$dorta
00000005   SWI_ADC_Out_Ping$ord
00000001   SWI_ADC_Out_Ping$pri
00011354   SWI_ADC_Out_Ping$sts
000115f2   SWI_ADC_Out_Ping$sts$avgfmt
00000002   SWI_ADC_Out_Ping$sts$filter
00000001   SWI_ADC_Out_Ping$sts$filtmaxmult
00000001   SWI_ADC_Out_Ping$sts$filtsummult
000115e2   SWI_ADC_Out_Ping$sts$maxfmt
00011350   SWI_ADC_Out_Ping$sts$stsobj
000115ea   SWI_ADC_Out_Ping$sts$sumfmt
00000000   SWI_ADC_Out_Ping$sts$unittype
00000000   SWI_ADC_Out_Ping$swi
00010f64   SWI_ADC_Out_Pong
00000001   SWI_ADC_Out_Pong$dorta
00000006   SWI_ADC_Out_Pong$ord
00000001   SWI_ADC_Out_Pong$pri
00011364   SWI_ADC_Out_Pong$sts
0001160c   SWI_ADC_Out_Pong$sts$avgfmt
00000002   SWI_ADC_Out_Pong$sts$filter
00000001   SWI_ADC_Out_Pong$sts$filtmaxmult
00000001   SWI_ADC_Out_Pong$sts$filtsummult
000115fc   SWI_ADC_Out_Pong$sts$maxfmt
00011360   SWI_ADC_Out_Pong$sts$stsobj
00011604   SWI_ADC_Out_Pong$sts$sumfmt
00000000   SWI_ADC_Out_Pong$sts$unittype
00000000   SWI_ADC_Out_Pong$swi
00010e88   SWI_A_TABBEG
00011040   SWI_A_TABEND
0000000a   SWI_A_TABLEN
00010ee0   SWI_BSPLink_In_Ping
00000001   SWI_BSPLink_In_Ping$dorta
00000003   SWI_BSPLink_In_Ping$ord
00000001   SWI_BSPLink_In_Ping$pri
00011334   SWI_BSPLink_In_Ping$sts
000115be   SWI_BSPLink_In_Ping$sts$avgfmt
00000002   SWI_BSPLink_In_Ping$sts$filter
00000001   SWI_BSPLink_In_Ping$sts$filtmaxmult
00000001   SWI_BSPLink_In_Ping$sts$filtsummult
000115ae   SWI_BSPLink_In_Ping$sts$maxfmt
00011330   SWI_BSPLink_In_Ping$sts$stsobj
000115b6   SWI_BSPLink_In_Ping$sts$sumfmt
00000000   SWI_BSPLink_In_Ping$sts$unittype
00000000   SWI_BSPLink_In_Ping$swi
00010f0c   SWI_BSPLink_In_Pong
00000001   SWI_BSPLink_In_Pong$dorta
00000004   SWI_BSPLink_In_Pong$ord
00000001   SWI_BSPLink_In_Pong$pri
00011344   SWI_BSPLink_In_Pong$sts
000115d8   SWI_BSPLink_In_Pong$sts$avgfmt
00000002   SWI_BSPLink_In_Pong$sts$filter
00000001   SWI_BSPLink_In_Pong$sts$filtmaxmult
00000001   SWI_BSPLink_In_Pong$sts$filtsummult
000115c8   SWI_BSPLink_In_Pong$sts$maxfmt
00011340   SWI_BSPLink_In_Pong$sts$stsobj
000115d0   SWI_BSPLink_In_Pong$sts$sumfmt
00000000   SWI_BSPLink_In_Pong$sts$unittype
00000000   SWI_BSPLink_In_Pong$swi
00010fe8   SWI_BSPLink_Out_Ping
00000001   SWI_BSPLink_Out_Ping$dorta
00000009   SWI_BSPLink_Out_Ping$ord
00000001   SWI_BSPLink_Out_Ping$pri
00011394   SWI_BSPLink_Out_Ping$sts
0001165a   SWI_BSPLink_Out_Ping$sts$avgfmt
00000002   SWI_BSPLink_Out_Ping$sts$filter
00000001   SWI_BSPLink_Out_Ping$sts$filtmaxmult
00000001   SWI_BSPLink_Out_Ping$sts$filtsummult
0001164a   SWI_BSPLink_Out_Ping$sts$maxfmt
00011390   SWI_BSPLink_Out_Ping$sts$stsobj
00011652   SWI_BSPLink_Out_Ping$sts$sumfmt
00000000   SWI_BSPLink_Out_Ping$sts$unittype
00000000   SWI_BSPLink_Out_Ping$swi
00011014   SWI_BSPLink_Out_Pong
00000001   SWI_BSPLink_Out_Pong$dorta
0000000b   SWI_BSPLink_Out_Pong$ord
00000001   SWI_BSPLink_Out_Pong$pri
000113a4   SWI_BSPLink_Out_Pong$sts
00011674   SWI_BSPLink_Out_Pong$sts$avgfmt
00000002   SWI_BSPLink_Out_Pong$sts$filter
00000001   SWI_BSPLink_Out_Pong$sts$filtmaxmult
00000001   SWI_BSPLink_Out_Pong$sts$filtsummult
00011664   SWI_BSPLink_Out_Pong$sts$maxfmt
000113a0   SWI_BSPLink_Out_Pong$sts$stsobj
0001166c   SWI_BSPLink_Out_Pong$sts$sumfmt
00000000   SWI_BSPLink_Out_Pong$sts$unittype
00000000   SWI_BSPLink_Out_Pong$swi
00010a94   SWI_D_curfxn
00010a84   SWI_D_curmask
00010a90   SWI_D_curmbox
00010a88   SWI_D_curset
00010a80   SWI_D_execaddr
00010a9c   SWI_D_inswi
00010a8c   SWI_D_lock
00010a98   SWI_D_rdybeg
00010aa0   SWI_D_rdytab
00010a7c   SWI_D_runaddr
00000000   SWI_EHOOKFXN
000054bc   SWI_EXECFXN
000052a0   SWI_F_enable
000054bc   SWI_F_exec
000054e8   SWI_F_iexec
00005310   SWI_F_post
00005578   SWI_F_run
00000000   SWI_IHOOKFXN
00005578   SWI_RUNFXN
00000001   SYS$
0001167c   SYS$config
00008800   SYS_ABORTFXN
00008900   SYS_ERRORFXN
00008920   SYS_EXITFXN
000086c0   SYS_PUTCFXN
0001169c   TRC_R_mask
00011698   TRC_cinit
00000001   TSK$
000110ac   TSK_LEDTOGGLE
00000003   TSK_LEDTOGGLE$ord
00000002   TSK_LEDTOGGLE$pri
000100b0   TSK_LEDTOGGLE$stack
00010448   TSK_LEDTOGGLE$stkptr
000113c4   TSK_LEDTOGGLE$sts
000116a8   TSK_LEDTOGGLE$sts$avgfmt
00000002   TSK_LEDTOGGLE$sts$filter
00000001   TSK_LEDTOGGLE$sts$filtmaxmult
00000001   TSK_LEDTOGGLE$sts$filtsummult
00011698   TSK_LEDTOGGLE$sts$maxfmt
000113c0   TSK_LEDTOGGLE$sts$stsobj
000116a0   TSK_LEDTOGGLE$sts$sumfmt
00000000   TSK_LEDTOGGLE$sts$unittype
00000000   TSK_LEDTOGGLE$tsk
00000000   TSK_NUM_HOOKS
00000001   TSK_PRIORITY
00000000   TSK_READYFXN
00000000   TSK_STACKSEG
00000400   TSK_STACKSIZE
00000000   TSK_SWITCHFXN
00008880   TSK_VCREATEFXN
00008880   TSK_VDELETEFXN
00008880   TSK_VEXITFXN
0001104c   TSK_idle
00000001   TSK_idle$ord
00000000   TSK_idle$pri
000104b0   TSK_idle$stack
00010848   TSK_idle$stkptr
000113b4   TSK_idle$sts
0001168e   TSK_idle$sts$avgfmt
00000002   TSK_idle$sts$filter
00000001   TSK_idle$sts$filtmaxmult
00000001   TSK_idle$sts$filtsummult
0001167e   TSK_idle$sts$maxfmt
000113b0   TSK_idle$sts$stsobj
00011686   TSK_idle$sts$sumfmt
00000000   TSK_idle$sts$unittype
00000000   TSK_idle$tsk
00000000   UDEV$
00001114   _ADC_In_Ping
00001140   _ADC_In_Pong
000010bc   _ADC_Out_Ping
000010e8   _ADC_Out_Pong
0000f740   _BIOS_init
0000f964   _BIOS_start
80016760   _BSPLinkBuffer_in_ping
80016f30   _BSPLinkBuffer_in_pong
80017700   _BSPLinkBuffer_out_ping
80017ed0   _BSPLinkBuffer_out_pong
000017e4   _BSPLink_EDMA_Start_Ping
00001718   _BSPLink_EDMA_Start_Pong
000016a0   _BSPLink_EDMA_Stop
00001014   _BSPLink_In_Ping
00001068   _BSPLink_In_Pong
0000116c   _BSPLink_Out_Ping
00001198   _BSPLink_Out_Pong
0000f414   _BSPLink_interface_config
80000000   _Buffer_in_ping
800007d0   _Buffer_in_pong
80000fa0   _Buffer_out_ping
80001770   _Buffer_out_pong
0000dbba   _CLK_COUNTSPMS
00010c64   _CLK_DFLTMICROSECS
000109f8   _CLK_D_countspms
000109ec   _CLK_D_dirty
00010c68   _CLK_D_microseconds
000109f0   _CLK_D_prd
000109f4   _CLK_D_tddr
00007414   _CLK_F_itime
0000dbba   _CLK_PRD
01940000   _CLK_REGS
00000000   _CLK_TDDR
00000000   _CLK_TIMERNUM
00000001   _CLK_USETIMER
000109dc   _CLK_htimeDiv
000109e0   _CLK_htimeMult
00010c74   _CLK_htimePerLtime
00007414   _CLK_itime
000109e4   _CLK_ltimeDiv
000109e8   _CLK_ltimeMult
00007dc0   _CLK_measure
00008720   _CLK_start
00008840   _CLK_stop
00004520   _CSL6713_LIB_
00002680   _Config_DSK6713_AIC23
00002ae0   _DSK6713_LED_init
00002b20   _DSK6713_LED_off
00002b90   _DSK6713_LED_on
00002c00   _DSK6713_LED_toggle
00002154   _DSK6713_getVersion
00001d8c   _DSK6713_init
000020a8   _DSK6713_rget
000020bc   _DSK6713_rset
0000f72c   _DSK6713_version
000020d0   _DSK6713_wait
00002128   _DSK6713_waitusec
00000ad8   _EDMA_ISR
00003040   _EDMA_allocTable
00003d00   _EDMA_config
000042e0   _EDMA_disableChannel
00004340   _EDMA_enableChannel
00003a00   _EDMA_intAlloc
00004540   _EDMA_intClear
000043a0   _EDMA_intEnable
00004560   _EDMA_intTest
00004460   _EDMA_link
000021c0   _EDMA_open
00004400   _EDMA_qdmaConfig
00003660   _EDMA_reset
00008880   _FXN_F_nop
00008268   _FXN_F_run
000082b8   _FXN_F_zero
00000000   _GBL_CACHE
00010a54   _GBL_clkIn
00007a40   _GBL_cslCacheInit
00010a58   _GBL_freq
000088a0   _GBL_getVersion
00010a50   _GBL_procId
000033a8   _GBL_setPLLto225MHz
000115ac   _HST_A_TABBEG
000115e8   _HST_A_TABEND
00005308   _HWI_CFGDISPATCHED
00010c24   _HWI_D_inhwi
00010c18   _HWI_D_spsave
000057e0   _HWI_F_dispatch
0000000a   _HWI_INT10
0000000b   _HWI_INT11
0000000c   _HWI_INT12
0000000d   _HWI_INT13
0000000e   _HWI_INT14
0000000f   _HWI_INT15
00000004   _HWI_INT4
00000005   _HWI_INT5
00000006   _HWI_INT6
00000007   _HWI_INT7
00000008   _HWI_INT8
00000009   _HWI_INT9
00000001   _HWI_NMI
00000002   _HWI_RESERVED0
00000003   _HWI_RESERVED1
00000000   _HWI_RESET
0000c938   _HWI_STKBOTTOM
00008940   _HWI_STKTOP
00010c18   _HWI_data
000084e0   _HWI_disable
000108b0   _HWI_dispatchTab
000084f8   _HWI_enable
0000850c   _HWI_restore
000113d4   _IDL_busyObj
0001165c   _IDL_cpuLoad
000088c0   _IDL_loop
ffffffff   _IRAM
00004580   _IRQ_clear
000044a0   _IRQ_enable
000045a0   _IRQ_globalEnable
00002cc0   _IRQ_map
00010b8c   _KNL_alarm
00007900   _KNL_check
00010bb0   _KNL_curqueue
00010ba0   _KNL_curtask
00010ba8   _KNL_curtime
0000f3dc   _KNL_dummy
00007b74   _KNL_enter
00007b20   _KNL_exit
000079d8   _KNL_idle
00010bc8   _KNL_idlefxn
00010b94   _KNL_inactive
00007ea0   _KNL_ipost
000079fc   _KNL_max
00010bb4   _KNL_maxqueue
00007f60   _KNL_post
00010ba4   _KNL_prevtask
00010b98   _KNL_priority
0000f33c   _KNL_queues
00005fe0   _KNL_run
000070e0   _KNL_saveIsrFrame
00010b9c   _KNL_set
00010b90   _KNL_setpri
00010eb4   _KNL_swi
00010bac   _KNL_swiptr
000071ac   _KNL_switch
00010bbc   _KNL_tcreatefxn
00010bc0   _KNL_tdeletefxn
00006a60   _KNL_tick
00010bc4   _KNL_treadyfxn
00010bb8   _KNL_tswitchfxn
00010b84   _KNL_wFlag
00010b88   _KNL_wList
00008050   _LCK_pend
00008020   _LCK_post
00011660   _LNK_dataPump
00010c34   _LNK_dspFrameReadyMask
00010c30   _LNK_dspFrameRequestMask
00010c3c   _LNK_readDone
00010c40   _LNK_readFail
00010c38   _LNK_readPend
00010c44   _LNK_writeFail
0000e204   _LOG_A_TABBEG
0000e21c   _LOG_A_TABEND
00000001   _LOG_A_TABLEN
000109bc   _LOG_D_system
00008360   _LOG_event
0000e204   _LOG_system
00004060   _MCBSP_close
00004100   _MCBSP_config
000045c0   _MCBSP_getRcvAddr
000045e0   _MCBSP_getXmtAddr
00003b00   _MCBSP_open
000031e0   _MCBSP_reset
00003c00   _MCBSP_start
00004600   _MCBSP_write
00004620   _MCBSP_xrdy
00010c80   _MEM
00010a5c   _MEM_D_NUMSEGMENTS
00010a64   _MEM_D_freelist
00010a68   _MEM_D_lockaddr
00010a60   _MEM_D_memtab
00010a6c   _MEM_D_unlockaddr
0000fa20   _MEM_init
00010bcc   _MEM_memtab
800206a0   _MySinus
0000fc40   _OBJ_init
0000f510   _OBJ_segtab
0000f4d8   _OBJ_table
000113e0   _PIP_A_TABBEG
000114a8   _PIP_A_TABEND
000109fc   _PRD_D_tick
0001163c   _PRD_Sek
000116a4   _PRD_clock
00010e88   _PRD_swi
00011664   _RTA_dispatcher
000115b0   _RTA_fromHost
000115cc   _RTA_toHost
0000fc60   _RTDX_Buffer
0001006c   _RTDX_Buffer_End
0000ef00   _RTDX_Buffer_Initialize
0000f040   _RTDX_Buffer_Read
0000ef60   _RTDX_Buffer_ReadCB
0000efc0   _RTDX_Buffer_Size
00010068   _RTDX_Buffer_Start
0000f060   _RTDX_Buffer_Write
0000e620   _RTDX_Buffer_WriteCB
0000f000   _RTDX_Final_RT_Monitor
0000ee80   _RTDX_Init_RT_Monitor
00000002   _RTDX_JTAGONLY
0000f0a0   _RTDX_Mask_IER
0000ec60   _RTDX_Mon_Queue
0000e220   _RTDX_Poll
00000000   _RTDX_interrupt_mask
0001007c   _RTDX_writing
8000cb20   _Ringbuffer_in
80002ee0   _Ringbuffer_out
00010bd8   _SDRAM
800186a0   _SDRAM_base
00008000   _SDRAM_length
000115f4   _SEM_LEDToggle
000085a0   _SEM_pend
00008540   _SEM_pendBinary
00006560   _SEM_pendEnterKnl
00007ce0   _SEM_post
00007ce0   _SEM_postBinary
00007c00   _SEM_postEnterKnl
00011300   _STS_A_TABBEG
000113e0   _STS_A_TABEND
00008418   _STS_add
000083e0   _STS_delta
00008444   _STS_reset
000088e0   _STS_set
00010f90   _SWI_ADC_In_Ping
00010fbc   _SWI_ADC_In_Pong
00010f38   _SWI_ADC_Out_Ping
00010f64   _SWI_ADC_Out_Pong
00010ee0   _SWI_BSPLink_In_Ping
00010f0c   _SWI_BSPLink_In_Pong
00010fe8   _SWI_BSPLink_Out_Ping
00011014   _SWI_BSPLink_Out_Pong
00010a94   _SWI_D_curfxn
00010a84   _SWI_D_curmask
00010a88   _SWI_D_curset
00010a80   _SWI_D_execaddr
00010a9c   _SWI_D_inswi
00010a8c   _SWI_D_lock
00010a98   _SWI_D_rdybeg
00010a7c   _SWI_D_runaddr
000014dc   _SWI_LEDToggle
00010a7c   _SWI_data
00008600   _SWI_disable
00008628   _SWI_enable
00005310   _SWI_post
00010a70   _SYS
00010c88   _SYS_PUTCBEG
00010e87   _SYS_PUTCEND
00008660   _SYS_abort
000080e0   _SYS_exit
0000f6d8   _SYS_exitStack
00010c6c   _SYS_exitStackPtr
00010c70   _SYS_exitStackTop
000037a0   _TIMER_open
000038e0   _TIMER_reset
0001169c   _TRC_R_mask
00010c60   _TSK
0000f47c   _TSK_ATTRS
000110ac   _TSK_LEDTOGGLE
0000f498   _TSK_config
00007460   _TSK_exit
0001104c   _TSK_idle
0000fbc0   _TSK_init
00010c58   _TSK_nTasks
00010c5c   _TSK_pid
00006ee0   _TSK_setup
00007840   _TSK_startup
0000f4b8   _TSK_timerSem
80001f40   _Temp_Buffer_0
80002710   _Temp_Buffer_1
00008800   _UTL_doAbort
00008900   _UTL_doError
000086c0   _UTL_doPutc
00008920   _UTL_halt
00007430   __CLK_lat1beg
0000745c   __CLK_lat1end
000028c0   __CSL_init
000050f4   __GBL_setL2CacheMode
00010a78   __HOOK_NUMHOOKS
00010a74   __HOOK_knlId
000057e0   __HWI_lat1beg
00005960   __HWI_lat1end
00005960   __HWI_lat2beg
00005b00   __HWI_lat2end1
00005a8c   __HWI_lat2end2
00005b20   __HWI_lat3beg
00005c20   __HWI_lat3end1
00005abc   __HWI_lat3end2
000082e0   __IDL_lat1beg
00008330   __IDL_lat1end
0000f334   __IRQ_dispatchTable
0000f270   __IRQ_eventTable
000046a0   __IRQ_hookFetchPacket
000041a0   __IRQ_init
0000f2f4   __IRQ_intTable
00007950   __KNL_lat1beg
000079d8   __KNL_lat1end
00008360   __LOG_lat1beg
0000f650   __MCBSP_hDev0
0000f654   __MCBSP_hDev1
0000f5a8   __MEM_mutex
00006358   __RTA_lat1beg
00006390   __RTA_lat1end
00006cc0   __SEM_dopost
0000c940   __STACK_END
00004000   __STACK_SIZE
0000544c   __SWI_lat1beg
00005500   __SWI_lat1end
00005504   __SWI_lat2beg
00005574   __SWI_lat2end
000052a0   __SWI_lat3beg
0000530c   __SWI_lat3end
0000f6b4   __TIMER_deviceTable
0000f6d4   __TIMER_hBios
0000f6cc   __TIMER_hDev0
0000f6d0   __TIMER_hDev1
0000f580   __TSK_mutex
0000f71c   ___TI_enable_exit_profile_output
ffffffff   ___TI_pprof_out_hndl
ffffffff   ___TI_prof_data_size
ffffffff   ___TI_prof_data_start
000044e0   ___add_dtor
0000f0c0   ___atexit_func_id__
ffffffff   ___binit__
000108b0   ___bss__
ffffffff   ___c_args__
0000c940   ___cinit__
00000000   ___data__
00000000   ___edata__
00010c88   ___end__
000046c0   ___etext__
0001168c   ___pinit__
00000200   ___text__
00007600   __auto_init
0000f714   __cleanup_ptr
0000f718   __dtors_ptr
0000f720   __lock
00004640   __nop
00004660   __register_lock
00004680   __register_unlock
00008940   __stack
00003de0   __strasg
0000f724   __unlock
00003ec0   _atexit
0000fb00   _c_int00
00003500   _call_dtors
00010b5c   _configComplete
0000f434   _configEDMABSPLinkRcv
0000f44c   _configEDMABSPLinkXmt_Ping
0000f464   _configEDMABSPLinkXmt_Pong
0000f5f0   _configEDMARcv
0000f608   _configEDMAXmt
000015e0   _config_BSPLink
000018b0   _config_BSPLink_EDMA
000004dc   _config_EDMA
00000a44   _config_interrupts
00010b62   _dat
0000f5d0   _datainterface_config
0000f728   _dtors
00010bf8   _hEdmaBSPLinkRcv
00010bfc   _hEdmaBSPLinkRcvRelPing
00010c00   _hEdmaBSPLinkRcvRelPong
00010c04   _hEdmaBSPLinkXmt
00010b1c   _hEdmaRcv
00010b20   _hEdmaRcvRelPing
00010b24   _hEdmaRcvRelPong
00010b28   _hEdmaXmt
00010b2c   _hEdmaXmtRelPing
00010b30   _hEdmaXmtRelPong
00010b18   _hMcbsp
00010c84   _hMcbsp_AIC23_Config
00010bf4   _hMcbsp_Link
0000029c   _main
00002440   _memcpy
00010b61   _mul
000012c0   _read_ring_buffer_in
00001428   _read_ring_buffer_out
00010b44   _ringbuff_in_read_i
00010b48   _ringbuff_in_write_i
00010b4c   _ringbuff_out_read_i
00010b50   _ringbuff_out_write_i
00010c50   _rtdxNullChanCnt
00010c54   _rtdxNullFuncCnt
00010070   _rtdx_buffer_state
00010090   _rtdx_mon_state
00010b54   _soundBuffer_i
00010b60   _t_reg
0000f540   _tccAllocTable
00010c08   _tccBSPLinkRcvPing
00010c0c   _tccBSPLinkRcvPong
00010c10   _tccBSPLinkXmtPing
00010c14   _tccBSPLinkXmtPong
00010b34   _tccRcvPing
00010b38   _tccRcvPong
00010b3c   _tccXmtPing
00010b40   _tccXmtPong
00010b58   _time_cnt
00001508   _tsk_led_toggle
00003380   _wait500nS
000011c4   _write_ring_buffer_in
00001374   _write_ring_buffer_out
ffffffff   binit
0000c940   cinit
00000000   edata
00010c88   end
000046c0   etext
00000000   hwi0
00000020   hwi1
00000140   hwi10
00000160   hwi11
00000180   hwi12
000001a0   hwi13
000001c0   hwi14
000001e0   hwi15
00000040   hwi2
00000060   hwi3
00000080   hwi4
000000a0   hwi5
000000c0   hwi6
000000e0   hwi7
00000100   hwi8
00000120   hwi9
0001168c   pinit


GLOBAL SYMBOLS: SORTED BY Symbol Address 

address    name
--------   ----
00000000   .data
00000000   BUF$
00000000   CLK_COUNTSPMSHIGH
00000000   CLK_PRDHIGH
00000000   CLK_TDDR
00000000   CLK_TDDRHIGH
00000000   CLK_TIMERNUM
00000000   DEV$
00000000   DGN$
00000000   DHL$
00000000   DHL_gChannelsAvailable
00000000   DIO$
00000000   DIO_NUMSWIBASE
00000000   DIO_NUMTSKBASE
00000000   DIO_STATIC
00000000   DPI$
00000000   GBL_BIGENDIAN
00000000   GBL_C641XL2PRIORITY
00000000   GBL_CACHE
00000000   GBL_L2CONFIGALLOC
00000000   GBL_L2MARMASK1
00000000   GBL_L2MARMASK2
00000000   GBL_L2MARMASK3
00000000   GBL_L2MARMASK4
00000000   GBL_L2MARMASK5
00000000   GBL_L2MODE
00000000   GBL_L2PRIORITY
00000000   GBL_NULL
00000000   GBL_PROCID
00000000   GBL_ROM
00000000   GBL_SUPPORTCSL
00000000   GIO$
00000000   HOOK$
00000000   HOOK_KNLID
00000000   HST_DSM
00000000   HST_NONE
00000000   HWI_A_VECS
00000000   HWI_GENERATE_RESET_VEC
00000000   HWI_INT10$hwi
00000000   HWI_INT11$hwi
00000000   HWI_INT12$hwi
00000000   HWI_INT13$hwi
00000000   HWI_INT14$hwi
00000000   HWI_INT15$hwi
00000000   HWI_INT4$hwi
00000000   HWI_INT5$hwi
00000000   HWI_INT6$hwi
00000000   HWI_INT7$hwi
00000000   HWI_INT8$hwi
00000000   HWI_INT9$hwi
00000000   HWI_NMI$hwi
00000000   HWI_POLARITYMASK
00000000   HWI_RESERVED0$hwi
00000000   HWI_RESERVED1$hwi
00000000   HWI_RESET
00000000   HWI_RESET$hwi
00000000   IDL_busyObj$iB
00000000   IDL_busyObj$operation
00000000   KNL_swi$pri
00000000   KNL_swi$sts$unittype
00000000   KNL_swi$swi
00000000   LOG_system$datatype
00000000   LOG_system$log
00000000   MBX$
00000000   MEM_NULL
00000000   MEM_USEMPC
00000000   MSGQ$
00000000   MSGQ_USEMSGQ
00000000   OBJ$
00000000   PIP$
00000000   PIP_gNextId
00000000   POOL$
00000000   POOL_USEPOOL
00000000   PRD_Sek$mode
00000000   PRD_Sek$prd
00000000   PRD_Sek$sts$filter
00000000   PRD_swi$sts$unittype
00000000   PRD_swi$swi
00000000   RTA_fromHost$hst
00000000   RTA_fromHost$mode
00000000   RTA_toHost$hst
00000000   RTA_toHost$id
00000000   RTDX_MODE
00000000   RTDX_USERTEXECUTION
00000000   SIO$
00000000   SWI_ADC_In_Ping$sts$unittype
00000000   SWI_ADC_In_Ping$swi
00000000   SWI_ADC_In_Pong$sts$unittype
00000000   SWI_ADC_In_Pong$swi
00000000   SWI_ADC_Out_Ping$sts$unittype
00000000   SWI_ADC_Out_Ping$swi
00000000   SWI_ADC_Out_Pong$sts$unittype
00000000   SWI_ADC_Out_Pong$swi
00000000   SWI_BSPLink_In_Ping$sts$unittype
00000000   SWI_BSPLink_In_Ping$swi
00000000   SWI_BSPLink_In_Pong$sts$unittype
00000000   SWI_BSPLink_In_Pong$swi
00000000   SWI_BSPLink_Out_Ping$sts$unittype
00000000   SWI_BSPLink_Out_Ping$swi
00000000   SWI_BSPLink_Out_Pong$sts$unittype
00000000   SWI_BSPLink_Out_Pong$swi
00000000   SWI_EHOOKFXN
00000000   SWI_IHOOKFXN
00000000   TSK_LEDTOGGLE$sts$unittype
00000000   TSK_LEDTOGGLE$tsk
00000000   TSK_NUM_HOOKS
00000000   TSK_READYFXN
00000000   TSK_STACKSEG
00000000   TSK_SWITCHFXN
00000000   TSK_idle$pri
00000000   TSK_idle$sts$unittype
00000000   TSK_idle$tsk
00000000   UDEV$
00000000   _CLK_TDDR
00000000   _CLK_TIMERNUM
00000000   _GBL_CACHE
00000000   _HWI_RESET
00000000   _RTDX_interrupt_mask
00000000   ___data__
00000000   ___edata__
00000000   edata
00000000   hwi0
00000001   BUF_ENABLED
00000001   CLK$
00000001   CLK_CALDIV
00000001   CLK_HTIMEDIV
00000001   CLK_LTIMEDIV
00000001   CLK_USETIMER
00000001   GBL$
00000001   GBL_CALLCSLCFGINIT
00000001   GBL_ENABLEINST
00000001   GBL_L2CONFIGURE
00000001   GBL_L2MARMASK
00000001   GBL_USERINIT
00000001   GBL_boot
00000001   HST$
00000001   HST_RTDX
00000001   HWI$
00000001   HWI_NMI
00000001   HWI_ZEROTAB
00000001   IDL$
00000001   IDL_USECLKIDLTIME
00000001   IDL_busyObj$filter
00000001   IDL_busyObj$iA
00000001   IDL_busyObj$iC
00000001   ISRC$
00000001   KNL_swi$dorta
00000001   KNL_swi$sts$filtmaxmult
00000001   KNL_swi$sts$filtsummult
00000001   LCK$
00000001   LOG$
00000001   LOG_A_TABLEN
00000001   LOG_ENABLED
00000001   MEM$
00000001   MEM_gNumHeap
00000001   PRD$
00000001   PRD_A_TABLEN
00000001   PRD_Sek$ord
00000001   PRD_swi$dorta
00000001   PRD_swi$ord
00000001   PRD_swi$pri
00000001   PRD_swi$sts$filtmaxmult
00000001   PRD_swi$sts$filtsummult
00000001   QUE$
00000001   RTA_fromHost$id
00000001   RTA_toHost$mode
00000001   RTDX$
00000001   RTDX_NORMALIZED_HDR
00000001   RTDX_USERTDX
00000001   SEM$
00000001   STS$
00000001   SWI$
00000001   SWI_ADC_In_Ping$dorta
00000001   SWI_ADC_In_Ping$sts$filtmaxmult
00000001   SWI_ADC_In_Ping$sts$filtsummult
00000001   SWI_ADC_In_Pong$dorta
00000001   SWI_ADC_In_Pong$sts$filtmaxmult
00000001   SWI_ADC_In_Pong$sts$filtsummult
00000001   SWI_ADC_Out_Ping$dorta
00000001   SWI_ADC_Out_Ping$pri
00000001   SWI_ADC_Out_Ping$sts$filtmaxmult
00000001   SWI_ADC_Out_Ping$sts$filtsummult
00000001   SWI_ADC_Out_Pong$dorta
00000001   SWI_ADC_Out_Pong$pri
00000001   SWI_ADC_Out_Pong$sts$filtmaxmult
00000001   SWI_ADC_Out_Pong$sts$filtsummult
00000001   SWI_BSPLink_In_Ping$dorta
00000001   SWI_BSPLink_In_Ping$pri
00000001   SWI_BSPLink_In_Ping$sts$filtmaxmult
00000001   SWI_BSPLink_In_Ping$sts$filtsummult
00000001   SWI_BSPLink_In_Pong$dorta
00000001   SWI_BSPLink_In_Pong$pri
00000001   SWI_BSPLink_In_Pong$sts$filtmaxmult
00000001   SWI_BSPLink_In_Pong$sts$filtsummult
00000001   SWI_BSPLink_Out_Ping$dorta
00000001   SWI_BSPLink_Out_Ping$pri
00000001   SWI_BSPLink_Out_Ping$sts$filtmaxmult
00000001   SWI_BSPLink_Out_Ping$sts$filtsummult
00000001   SWI_BSPLink_Out_Pong$dorta
00000001   SWI_BSPLink_Out_Pong$pri
00000001   SWI_BSPLink_Out_Pong$sts$filtmaxmult
00000001   SWI_BSPLink_Out_Pong$sts$filtsummult
00000001   SYS$
00000001   TSK$
00000001   TSK_LEDTOGGLE$sts$filtmaxmult
00000001   TSK_LEDTOGGLE$sts$filtsummult
00000001   TSK_PRIORITY
00000001   TSK_idle$ord
00000001   TSK_idle$sts$filtmaxmult
00000001   TSK_idle$sts$filtsummult
00000001   _CLK_USETIMER
00000001   _HWI_NMI
00000001   _LOG_A_TABLEN
00000002   HWI_RESERVED0
00000002   IDL_busyObj$unittype
00000002   KNL_swi$ord
00000002   KNL_swi$sts$filter
00000002   PIP_A_TABLEN
00000002   PIP_gNumEmbed
00000002   PRD_Sek$sts$unittype
00000002   PRD_swi$sts$filter
00000002   SWI_ADC_In_Ping$pri
00000002   SWI_ADC_In_Ping$sts$filter
00000002   SWI_ADC_In_Pong$pri
00000002   SWI_ADC_In_Pong$sts$filter
00000002   SWI_ADC_Out_Ping$sts$filter
00000002   SWI_ADC_Out_Pong$sts$filter
00000002   SWI_BSPLink_In_Ping$sts$filter
00000002   SWI_BSPLink_In_Pong$sts$filter
00000002   SWI_BSPLink_Out_Ping$sts$filter
00000002   SWI_BSPLink_Out_Pong$sts$filter
00000002   TSK_LEDTOGGLE$pri
00000002   TSK_LEDTOGGLE$sts$filter
00000002   TSK_idle$sts$filter
00000002   _HWI_RESERVED0
00000002   _RTDX_JTAGONLY
00000003   HWI_RESERVED1
00000003   SWI_BSPLink_In_Ping$ord
00000003   TSK_LEDTOGGLE$ord
00000003   _HWI_RESERVED1
00000004   CLK_CALMULT
00000004   CLK_HTIMEMULT
00000004   HWI_INT4
00000004   RTA_fromHost$framesize
00000004   SWI_BSPLink_In_Pong$ord
00000004   _HWI_INT4
00000005   HWI_INT5
00000005   SWI_ADC_Out_Ping$ord
00000005   _HWI_INT5
00000006   HWI_INT6
00000006   IDL_CALIBRERROR
00000006   SWI_ADC_Out_Pong$ord
00000006   _HWI_INT6
00000007   HWI_INT7
00000007   SWI_ADC_In_Ping$ord
00000007   _HWI_INT7
00000008   HWI_INT8
00000008   PRD_SCALAR
00000008   SWI_ADC_In_Pong$ord
00000008   _HWI_INT8
00000009   HWI_INT9
00000009   SWI_BSPLink_Out_Ping$ord
00000009   _HWI_INT9
0000000a   HWI_INT10
0000000a   SWI_A_TABLEN
0000000a   _HWI_INT10
0000000b   HWI_INT11
0000000b   SWI_BSPLink_Out_Pong$ord
0000000b   _HWI_INT11
0000000c   HWI_INT12
0000000c   _HWI_INT12
0000000d   HWI_INT13
0000000d   _HWI_INT13
0000000e   HWI_INT14
0000000e   _HWI_INT14
0000000f   HWI_INT15
0000000f   _HWI_INT15
00000020   CLK_TCR
00000020   hwi1
0000003e   GBL_DSPTYPE
00000040   HST_MAXFRAMESET
00000040   LOG_system$size
00000040   RTA_toHost$framesize
00000040   hwi2
00000042   GBL_FOOTPRINT
00000060   hwi3
00000064   PIP_OBJSIZE
00000080   hwi4
000000a0   hwi5
000000c0   hwi6
000000e0   hwi7
000000ff   HST_MAXFRAMEALLOWED
00000100   hwi8
00000120   hwi9
00000140   hwi10
00000160   hwi11
00000180   hwi12
000001a0   hwi13
000001c0   hwi14
000001e0   hwi15
00000200   .text
00000200   ___text__
0000029c   _main
000003e8   CLK_MICROSECS
000003e8   PRD_Sek$period
00000400   HST_DSMMEMSIZE
00000400   TSK_STACKSIZE
00000408   RTDX_BUFMEMSIZE
000004dc   _config_EDMA
00000a44   _config_interrupts
00000ad8   _EDMA_ISR
00001014   _BSPLink_In_Ping
00001068   _BSPLink_In_Pong
000010bc   _ADC_Out_Ping
000010e8   _ADC_Out_Pong
00001114   _ADC_In_Ping
00001140   _ADC_In_Pong
0000116c   _BSPLink_Out_Ping
00001198   _BSPLink_Out_Pong
000011c4   _write_ring_buffer_in
000012c0   _read_ring_buffer_in
00001374   _write_ring_buffer_out
00001428   _read_ring_buffer_out
000014dc   _SWI_LEDToggle
00001508   _tsk_led_toggle
000015e0   _config_BSPLink
000016a0   _BSPLink_EDMA_Stop
00001718   _BSPLink_EDMA_Start_Pong
00001770   GBL_CLKTYPE
000017e4   _BSPLink_EDMA_Start_Ping
000018b0   _config_BSPLink_EDMA
00001a39   GBL_DSPSUBTYPE
00001d8c   _DSK6713_init
000020a8   _DSK6713_rget
000020bc   _DSK6713_rset
000020d0   _DSK6713_wait
00002128   _DSK6713_waitusec
00002154   _DSK6713_getVersion
000021c0   _EDMA_open
00002226   GBL_L2ALLOC
00002440   _memcpy
00002680   _Config_DSK6713_AIC23
000028c0   __CSL_init
00002ae0   _DSK6713_LED_init
00002b20   _DSK6713_LED_off
00002b90   _DSK6713_LED_on
00002c00   _DSK6713_LED_toggle
00002cc0   _IRQ_map
00003040   _EDMA_allocTable
000031e0   _MCBSP_reset
00003380   _wait500nS
000033a8   GBL_USERINITFXN
000033a8   _GBL_setPLLto225MHz
00003500   _call_dtors
00003660   _EDMA_reset
000037a0   _TIMER_open
000038e0   _TIMER_reset
00003a00   _EDMA_intAlloc
00003b00   _MCBSP_open
00003c00   _MCBSP_start
00003d00   _EDMA_config
00003de0   __strasg
00003ec0   _atexit
00004000   CLK_INTBIT
00004000   __STACK_SIZE
00004060   _MCBSP_close
00004100   _MCBSP_config
000041a0   __IRQ_init
000042e0   _EDMA_disableChannel
00004340   _EDMA_enableChannel
000043a0   _EDMA_intEnable
00004400   _EDMA_qdmaConfig
00004460   _EDMA_link
000044a0   _IRQ_enable
000044e0   ___add_dtor
00004520   _CSL6713_LIB_
00004540   _EDMA_intClear
00004560   _EDMA_intTest
00004580   _IRQ_clear
000045a0   _IRQ_globalEnable
000045c0   _MCBSP_getRcvAddr
000045e0   _MCBSP_getXmtAddr
00004600   _MCBSP_write
00004620   _MCBSP_xrdy
00004640   __nop
00004660   __register_lock
00004680   __register_unlock
000046a0   __IRQ_hookFetchPacket
000046c0   LNK_F_checkBufferCall
000046c0   ___etext__
000046c0   etext
000046e0   LNK_F_getChanPtr
00004738   LNK_F_init
00004740   LNK_F_dataPump
00004754   LNK_rcloop
00004820   LNK_rdrtry
00004830   LNK_rrloop
000048f4   LNK_wrrtry
00004904   LNK_wrloop
000049e0   LNK_newin
00004b20   LNK_newout
00004c84   LNK_F_readCallBack
00004e20   GBL_CLKIN
000050f4   __GBL_setL2CacheMode
00005205   GBL_A_VERSION
000052a0   SWI_F_enable
000052a0   __SWI_lat3beg
00005308   HWI_CFGDISPATCHED
00005308   _HWI_CFGDISPATCHED
0000530c   __SWI_lat3end
00005310   SWI_F_post
00005310   _SWI_post
0000544c   __SWI_lat1beg
000054bc   SWI_EXECFXN
000054bc   SWI_F_exec
000054e8   SWI_F_iexec
00005500   __SWI_lat1end
00005504   __SWI_lat2beg
00005574   __SWI_lat2end
00005578   SWI_F_run
00005578   SWI_RUNFXN
000057e0   CLK_HOOKFXN
000057e0   HWI_F_dispatch
000057e0   _HWI_F_dispatch
000057e0   __HWI_lat1beg
00005960   __HWI_lat1end
00005960   __HWI_lat2beg
00005a8c   __HWI_lat2end2
00005abc   __HWI_lat3end2
00005b00   __HWI_lat2end1
00005b20   __HWI_lat3beg
00005c20   __HWI_lat3end1
00005c40   PRD_F_swi
00005f00   PRD_F_tick
00005fe0   _KNL_run
000062a0   RTA_F_getlog
000062e4   RTA_F_getsts
0000632c   RTA_F_readblk
0000634c   RTA_F_writeword
00006358   RTA_F_resetmem
00006358   __RTA_lat1beg
00006390   __RTA_lat1end
00006398   RTA_F_dispatch
000063e8   RTA_execute
00006560   _SEM_pendEnterKnl
00006a60   PRD_THOOKFXN
00006a60   _KNL_tick
00006a80   PIP_F_take
00006b14   PIP_F_give
00006b14   PIP_F_probe
00006be8   PIP_F_start
00006cc0   __SEM_dopost
00006ee0   _TSK_setup
000070e0   _KNL_saveIsrFrame
000071ac   _KNL_switch
00007260   KNL_glue
000072a0   CLK_F_getltime
000072b4   CLK_F_isr
00007414   CLK_F_itime
00007414   _CLK_F_itime
00007414   _CLK_itime
00007430   __CLK_lat1beg
0000745c   __CLK_lat1end
00007460   _TSK_exit
00007600   __auto_init
00007840   _TSK_startup
00007900   _KNL_check
00007950   __KNL_lat1beg
000079d8   _KNL_idle
000079d8   __KNL_lat1end
000079fc   _KNL_max
00007a40   _GBL_cslCacheInit
00007b20   _KNL_exit
00007b74   _KNL_enter
00007c00   _SEM_postEnterKnl
00007ce0   _SEM_post
00007ce0   _SEM_postBinary
00007dc0   _CLK_measure
00007ea0   _KNL_ipost
00007f60   _KNL_post
00008000   SDRAM$L
00008000   _SDRAM_length
00008020   _LCK_post
00008050   _LCK_pend
000080e0   _SYS_exit
000081a0   CLK_F_getfhtime
000081c0   CLK_F_gethtime
000081c0   CLK_F_getshtime
000081c0   CLK_TIMEFXN
00008260   FXN_F_nop
00008268   FXN_F_run
00008268   _FXN_F_run
000082b8   FXN_F_zero
000082b8   _FXN_F_zero
000082e0   IDL_F_busy
000082e0   __IDL_lat1beg
00008330   __IDL_lat1end
00008360   LOG_F_event
00008360   _LOG_event
00008360   __LOG_lat1beg
000083e0   STS_F_delta
000083e0   _STS_delta
00008418   STS_F_add
00008418   _STS_add
00008444   STS_F_reset
00008444   _STS_reset
00008460   IDL_F_calibrate
000084e0   _HWI_disable
000084f8   _HWI_enable
0000850c   _HWI_restore
00008540   _SEM_pendBinary
000085a0   _SEM_pend
00008600   _SWI_disable
00008628   _SWI_enable
00008660   _SYS_abort
000086c0   SYS_PUTCFXN
000086c0   _UTL_doPutc
00008720   _CLK_start
00008780   IDL_CALIBRFXN
00008780   IDL_F_stub
000087c0   RTA_F_andn
000087e0   RTA_F_or
00008800   SYS_ABORTFXN
00008800   _UTL_doAbort
00008840   _CLK_stop
00008880   GIO_CREATEFXN
00008880   GIO_DELETEFXN
00008880   GIO_PENDFXN
00008880   GIO_POSTFXN
00008880   TSK_VCREATEFXN
00008880   TSK_VDELETEFXN
00008880   TSK_VEXITFXN
00008880   _FXN_F_nop
000088a0   _GBL_getVersion
000088c0   IDL_F_loop
000088c0   _IDL_loop
000088e0   _STS_set
00008900   SYS_ERRORFXN
00008900   _UTL_doError
00008920   SYS_EXITFXN
00008920   _UTL_halt
00008940   GBL_stackbeg
00008940   _HWI_STKTOP
00008940   __stack
0000c938   _HWI_STKBOTTOM
0000c93f   GBL_stackend
0000c940   __STACK_END
0000c940   ___cinit__
0000c940   cinit
0000dbba   CLK_COUNTSPMS
0000dbba   CLK_HTIMEPERLTIME
0000dbba   CLK_PRD
0000dbba   _CLK_COUNTSPMS
0000dbba   _CLK_PRD
0000dbef   GBL_TRCMASKVALUE
0000e204   LOG_A_TABBEG
0000e204   LOG_system
0000e204   _LOG_A_TABBEG
0000e204   _LOG_system
0000e21c   LOG_A_TABEND
0000e21c   _LOG_A_TABEND
0000e220   _RTDX_Poll
0000e620   _RTDX_Buffer_WriteCB
0000ec60   _RTDX_Mon_Queue
0000ee80   _RTDX_Init_RT_Monitor
0000ef00   _RTDX_Buffer_Initialize
0000ef60   _RTDX_Buffer_ReadCB
0000efc0   _RTDX_Buffer_Size
0000f000   _RTDX_Final_RT_Monitor
0000f040   _RTDX_Buffer_Read
0000f060   _RTDX_Buffer_Write
0000f0a0   _RTDX_Mask_IER
0000f0c0   ___atexit_func_id__
0000f270   __IRQ_eventTable
0000f2f4   __IRQ_intTable
0000f334   __IRQ_dispatchTable
0000f33c   _KNL_queues
0000f3dc   _KNL_dummy
0000f414   _BSPLink_interface_config
0000f434   _configEDMABSPLinkRcv
0000f44c   _configEDMABSPLinkXmt_Ping
0000f464   _configEDMABSPLinkXmt_Pong
0000f47c   _TSK_ATTRS
0000f498   _TSK_config
0000f4b8   _TSK_timerSem
0000f4d8   _OBJ_table
0000f510   _OBJ_segtab
0000f540   _tccAllocTable
0000f580   __TSK_mutex
0000f5a8   __MEM_mutex
0000f5d0   _datainterface_config
0000f5f0   _configEDMARcv
0000f608   _configEDMAXmt
0000f650   __MCBSP_hDev0
0000f654   __MCBSP_hDev1
0000f6b4   __TIMER_deviceTable
0000f6cc   __TIMER_hDev0
0000f6d0   __TIMER_hDev1
0000f6d4   __TIMER_hBios
0000f6d8   _SYS_exitStack
0000f714   __cleanup_ptr
0000f718   __dtors_ptr
0000f71c   ___TI_enable_exit_profile_output
0000f720   __lock
0000f724   __unlock
0000f728   _dtors
0000f72c   _DSK6713_version
0000f730   RTA_fromHost$buf
0000f740   BIOS_init
0000f740   _BIOS_init
0000f8bc   BIOS$$CLKON
0000f8fc   BIOS$$CLKOFF
0000f964   BIOS_start
0000f964   _BIOS_start
0000fa20   _MEM_init
0000fb00   _c_int00
0000fbc0   _TSK_init
0000fc40   _OBJ_init
0000fc60   _RTDX_Buffer
00010068   _RTDX_Buffer_Start
0001006c   _RTDX_Buffer_End
00010070   _rtdx_buffer_state
0001007c   _RTDX_writing
00010090   _rtdx_mon_state
000100b0   TSK_LEDTOGGLE$stack
00010448   TSK_LEDTOGGLE$stkptr
000104b0   TSK_idle$stack
00010848   TSK_idle$stkptr
000108b0   $bss
000108b0   .bss
000108b0   _HWI_dispatchTab
000108b0   ___bss__
000109b0   IDL_D_tabbeg
000109b4   IDL_D_calibrate
000109b8   IDL_D_calbeg
000109bc   LOG_D_system
000109bc   _LOG_D_system
000109c0   PIP_D_tabbeg
000109c4   PIP_D_tablen
000109c8   CLK_R_time
000109cc   CLK_D_timefxn
000109d0   CLK_D_tabbeg
000109d4   CLK_D_isrhook
000109d8   CLK_D_idletime
000109dc   _CLK_htimeDiv
000109e0   _CLK_htimeMult
000109e4   _CLK_ltimeDiv
000109e8   _CLK_ltimeMult
000109ec   _CLK_D_dirty
000109f0   _CLK_D_prd
000109f4   _CLK_D_tddr
000109f8   _CLK_D_countspms
000109fc   PRD_D_tick
000109fc   _PRD_D_tick
00010a00   PRD_D_cur
00010a04   PRD_D_elapsed
00010a08   PRD_D_prevtim
00010a0c   PRD_D_scalar
00010a10   PRD_D_swihandle
00010a14   PRD_D_tabbeg
00010a18   PRD_D_tablen
00010a1c   PRD_D_thook
00010a20   RTA_D_fromHost
00010a24   RTA_D_toHost
00010a28   RTA_D_logval
00010a38   RTA_D_stsval
00010a44   HST_D_chanmask
00010a48   HST_D_tabbeg
00010a4c   HST_D_tabend
00010a50   _GBL_procId
00010a54   _GBL_clkIn
00010a58   _GBL_freq
00010a5c   _MEM_D_NUMSEGMENTS
00010a60   _MEM_D_memtab
00010a64   _MEM_D_freelist
00010a68   _MEM_D_lockaddr
00010a6c   _MEM_D_unlockaddr
00010a70   _SYS
00010a74   __HOOK_knlId
00010a78   __HOOK_NUMHOOKS
00010a7c   SWI_D_runaddr
00010a7c   _SWI_D_runaddr
00010a7c   _SWI_data
00010a80   SWI_D_execaddr
00010a80   _SWI_D_execaddr
00010a84   SWI_D_curmask
00010a84   _SWI_D_curmask
00010a88   SWI_D_curset
00010a88   _SWI_D_curset
00010a8c   SWI_D_lock
00010a8c   _SWI_D_lock
00010a90   SWI_D_curmbox
00010a94   SWI_D_curfxn
00010a94   _SWI_D_curfxn
00010a98   SWI_D_rdybeg
00010a98   _SWI_D_rdybeg
00010a9c   SWI_D_inswi
00010a9c   _SWI_D_inswi
00010aa0   SWI_D_rdytab
00010b18   _hMcbsp
00010b1c   _hEdmaRcv
00010b20   _hEdmaRcvRelPing
00010b24   _hEdmaRcvRelPong
00010b28   _hEdmaXmt
00010b2c   _hEdmaXmtRelPing
00010b30   _hEdmaXmtRelPong
00010b34   _tccRcvPing
00010b38   _tccRcvPong
00010b3c   _tccXmtPing
00010b40   _tccXmtPong
00010b44   _ringbuff_in_read_i
00010b48   _ringbuff_in_write_i
00010b4c   _ringbuff_out_read_i
00010b50   _ringbuff_out_write_i
00010b54   _soundBuffer_i
00010b58   _time_cnt
00010b5c   _configComplete
00010b60   _t_reg
00010b61   _mul
00010b62   _dat
00010b84   _KNL_wFlag
00010b88   _KNL_wList
00010b8c   _KNL_alarm
00010b90   _KNL_setpri
00010b94   _KNL_inactive
00010b98   _KNL_priority
00010b9c   _KNL_set
00010ba0   _KNL_curtask
00010ba4   _KNL_prevtask
00010ba8   _KNL_curtime
00010bac   _KNL_swiptr
00010bb0   _KNL_curqueue
00010bb4   _KNL_maxqueue
00010bb8   _KNL_tswitchfxn
00010bbc   _KNL_tcreatefxn
00010bc0   _KNL_tdeletefxn
00010bc4   _KNL_treadyfxn
00010bc8   _KNL_idlefxn
00010bcc   _MEM_memtab
00010bd8   MEM_MALLOCSEG
00010bd8   MEM_SEGZERO
00010bd8   SDRAM
00010bd8   _SDRAM
00010bdc   RTA_fromHost$pipe$dtab
00010be8   RTA_toHost$pipe$dtab
00010bf4   _hMcbsp_Link
00010bf8   _hEdmaBSPLinkRcv
00010bfc   _hEdmaBSPLinkRcvRelPing
00010c00   _hEdmaBSPLinkRcvRelPong
00010c04   _hEdmaBSPLinkXmt
00010c08   _tccBSPLinkRcvPing
00010c0c   _tccBSPLinkRcvPong
00010c10   _tccBSPLinkXmtPing
00010c14   _tccBSPLinkXmtPong
00010c18   HWI_D_spsave
00010c18   _HWI_D_spsave
00010c18   _HWI_data
00010c24   _HWI_D_inhwi
00010c28   HWI_D_bss
00010c2c   HWI_D_ccmask
00010c30   LNK_dspFrameRequestMask
00010c30   _LNK_dspFrameRequestMask
00010c34   LNK_dspFrameReadyMask
00010c34   _LNK_dspFrameReadyMask
00010c38   LNK_readPend
00010c38   _LNK_readPend
00010c3c   LNK_readDone
00010c3c   _LNK_readDone
00010c40   LNK_readFail
00010c40   _LNK_readFail
00010c44   LNK_writeFail
00010c44   _LNK_writeFail
00010c50   _rtdxNullChanCnt
00010c54   _rtdxNullFuncCnt
00010c58   _TSK_nTasks
00010c5c   _TSK_pid
00010c60   _TSK
00010c64   _CLK_DFLTMICROSECS
00010c68   _CLK_D_microseconds
00010c6c   _SYS_exitStackPtr
00010c70   _SYS_exitStackTop
00010c74   _CLK_htimePerLtime
00010c7c   IDL_D_busyObj
00010c80   _MEM
00010c84   _hMcbsp_AIC23_Config
00010c88   _SYS_PUTCBEG
00010c88   ___end__
00010c88   end
00010e87   _SYS_PUTCEND
00010e88   PRD_SWIHANDLE
00010e88   PRD_swi
00010e88   SWI_A_TABBEG
00010e88   _PRD_swi
00010eb4   KNL_swi
00010eb4   _KNL_swi
00010ee0   SWI_BSPLink_In_Ping
00010ee0   _SWI_BSPLink_In_Ping
00010f0c   SWI_BSPLink_In_Pong
00010f0c   _SWI_BSPLink_In_Pong
00010f38   SWI_ADC_Out_Ping
00010f38   _SWI_ADC_Out_Ping
00010f64   SWI_ADC_Out_Pong
00010f64   _SWI_ADC_Out_Pong
00010f90   SWI_ADC_In_Ping
00010f90   _SWI_ADC_In_Ping
00010fbc   SWI_ADC_In_Pong
00010fbc   _SWI_ADC_In_Pong
00010fe8   SWI_BSPLink_Out_Ping
00010fe8   _SWI_BSPLink_Out_Ping
00011014   SWI_BSPLink_Out_Pong
00011014   _SWI_BSPLink_Out_Pong
00011040   SWI_A_TABEND
0001104c   TSK_idle
0001104c   _TSK_idle
000110ac   TSK_LEDTOGGLE
000110ac   _TSK_LEDTOGGLE
00011100   LOG_system$buf
00011200   RTA_toHost$buf
00011300   PRD_Sek$sts$stsobj
00011300   STS_A_TABBEG
00011300   _STS_A_TABBEG
00011304   PRD_Sek$sts
00011310   PRD_swi$sts$stsobj
00011314   PRD_swi$sts
00011320   KNL_swi$sts$stsobj
00011324   KNL_swi$sts
00011330   SWI_BSPLink_In_Ping$sts$stsobj
00011334   SWI_BSPLink_In_Ping$sts
00011340   SWI_BSPLink_In_Pong$sts$stsobj
00011344   SWI_BSPLink_In_Pong$sts
00011350   SWI_ADC_Out_Ping$sts$stsobj
00011354   SWI_ADC_Out_Ping$sts
00011360   SWI_ADC_Out_Pong$sts$stsobj
00011364   SWI_ADC_Out_Pong$sts
00011370   SWI_ADC_In_Ping$sts$stsobj
00011374   SWI_ADC_In_Ping$sts
00011380   SWI_ADC_In_Pong$sts$stsobj
00011384   SWI_ADC_In_Pong$sts
00011390   SWI_BSPLink_Out_Ping$sts$stsobj
00011394   SWI_BSPLink_Out_Ping$sts
000113a0   SWI_BSPLink_Out_Pong$sts$stsobj
000113a4   SWI_BSPLink_Out_Pong$sts
000113b0   TSK_idle$sts$stsobj
000113b4   TSK_idle$sts
000113c0   TSK_LEDTOGGLE$sts$stsobj
000113c4   TSK_LEDTOGGLE$sts
000113d0   IDL_busyObj$stsobj
000113d4   IDL_busyObj
000113d4   _IDL_busyObj
000113e0   PIP_A_TABBEG
000113e0   RTA_fromHost$pipe
000113e0   STS_A_TABEND
000113e0   _PIP_A_TABBEG
000113e0   _STS_A_TABEND
000113e4   RTA_fromHost$pipe$rd
00011410   RTA_fromHost$pipe$aaa
00011414   RTA_fromHost$pipe$wr
00011440   RTA_fromHost$pipe$bbb
00011444   RTA_toHost$pipe
00011448   RTA_toHost$pipe$rd
00011474   RTA_toHost$pipe$aaa
00011478   RTA_toHost$pipe$wr
000114a4   RTA_toHost$pipe$bbb
000114a8   PIP_A_TABEND
000114a8   _PIP_A_TABEND
0001155d   PRD_Sek$sts$maxfmt
00011566   PRD_Sek$sts$sumfmt
0001156f   PRD_Sek$sts$avgfmt
0001157a   PRD_swi$sts$maxfmt
00011582   PRD_swi$sts$sumfmt
0001158a   PRD_swi$sts$avgfmt
00011594   KNL_swi$sts$maxfmt
0001159c   KNL_swi$sts$sumfmt
000115a4   KNL_swi$sts$avgfmt
000115ac   HST_A_TABBEG
000115ac   _HST_A_TABBEG
000115ae   SWI_BSPLink_In_Ping$sts$maxfmt
000115b0   RTA_fromHost
000115b0   _RTA_fromHost
000115b6   SWI_BSPLink_In_Ping$sts$sumfmt
000115b8   RTA_fromHost$rtdx
000115be   SWI_BSPLink_In_Ping$sts$avgfmt
000115c8   SWI_BSPLink_In_Pong$sts$maxfmt
000115cc   RTA_toHost
000115cc   _RTA_toHost
000115d0   SWI_BSPLink_In_Pong$sts$sumfmt
000115d4   RTA_toHost$rtdx
000115d8   SWI_BSPLink_In_Pong$sts$avgfmt
000115e2   SWI_ADC_Out_Ping$sts$maxfmt
000115e8   HST_A_TABEND
000115e8   _HST_A_TABEND
000115ea   SWI_ADC_Out_Ping$sts$sumfmt
000115f2   SWI_ADC_Out_Ping$sts$avgfmt
000115f4   SEM_LEDToggle
000115f4   _SEM_LEDToggle
000115fc   SWI_ADC_Out_Pong$sts$maxfmt
00011604   SWI_ADC_Out_Pong$sts$sumfmt
0001160c   SWI_ADC_Out_Pong$sts$avgfmt
00011616   SWI_ADC_In_Ping$sts$maxfmt
0001161e   SWI_ADC_In_Ping$sts$sumfmt
00011626   SWI_ADC_In_Ping$sts$avgfmt
00011630   SWI_ADC_In_Pong$sts$maxfmt
00011638   SWI_ADC_In_Pong$sts$sumfmt
0001163c   PRD_A_TABBEG
0001163c   PRD_Sek
0001163c   _PRD_Sek
00011640   SWI_ADC_In_Pong$sts$avgfmt
0001164a   SWI_BSPLink_Out_Ping$sts$maxfmt
00011652   SWI_BSPLink_Out_Ping$sts$sumfmt
00011658   PRD_Sek$aaa
0001165a   SWI_BSPLink_Out_Ping$sts$avgfmt
0001165c   IDL_A_TABBEG
0001165c   IDL_cpuLoad
0001165c   PRD_A_TABEND
0001165c   _IDL_cpuLoad
00011660   LNK_dataPump
00011660   _LNK_dataPump
00011664   RTA_dispatcher
00011664   SWI_BSPLink_Out_Pong$sts$maxfmt
00011664   _RTA_dispatcher
00011668   IDL_END
0001166c   IDL_A_CALBEG
0001166c   IDL_cpuLoad$
0001166c   SWI_BSPLink_Out_Pong$sts$sumfmt
00011670   LNK_dataPump$
00011674   RTA_dispatcher$
00011674   SWI_BSPLink_Out_Pong$sts$avgfmt
00011678   IDL_END$
0001167c   SYS$config
0001167e   TSK_idle$sts$maxfmt
00011686   TSK_idle$sts$sumfmt
0001168c   ___pinit__
0001168c   pinit
0001168e   TSK_idle$sts$avgfmt
00011698   TRC_cinit
00011698   TSK_LEDTOGGLE$sts$maxfmt
0001169c   TRC_R_mask
0001169c   _TRC_R_mask
000116a0   GBL_initdone
000116a0   TSK_LEDTOGGLE$sts$sumfmt
000116a4   CLK_A_TABBEG
000116a4   PRD_clock
000116a4   _PRD_clock
000116a8   CLK_null
000116a8   TSK_LEDTOGGLE$sts$avgfmt
000116b2   IDL_busyObj$maxfmt
000116b5   IDL_busyObj$sumfmt
000116b8   IDL_busyObj$avgfmt
00036ee8   CLK_LTIMEMULT
00036ee8   GBL_FREQ
01940000   CLK_REGS
01940000   _CLK_REGS
082039a3   HWI_INTRMULTHIGH
250718a4   HWI_INTRMULTLOW
80000000   _Buffer_in_ping
800007d0   _Buffer_in_pong
80000fa0   _Buffer_out_ping
80001770   _Buffer_out_pong
80001f40   _Temp_Buffer_0
80002710   _Temp_Buffer_1
80002ee0   _Ringbuffer_out
8000cb20   _Ringbuffer_in
80016760   _BSPLinkBuffer_in_ping
80016f30   _BSPLinkBuffer_in_pong
80017700   _BSPLinkBuffer_out_ping
80017ed0   _BSPLinkBuffer_out_pong
800186a0   SDRAM$B
800186a0   _SDRAM_base
800206a0   _MySinus
ffffffff   HST_DSMBUFSEG
ffffffff   IRAM
ffffffff   RTDX_DATAMEMSEG
ffffffff   _IRAM
ffffffff   ___TI_pprof_out_hndl
ffffffff   ___TI_prof_data_size
ffffffff   ___TI_prof_data_start
ffffffff   ___binit__
ffffffff   ___c_args__
ffffffff   binit

[979 symbols]
