******************************************************************************
               TMS320C6x Linker PC v7.4.14                     
******************************************************************************
>> Linked Mon Jun 20 15:19:32 2016

OUTPUT FILE NAME:   <my_dsp_project.out>
ENTRY POINT SYMBOL: "_c_int00"  address: 00027b00


MEMORY CONFIGURATION

         name            origin    length      used     unused   attr    fill
----------------------  --------  ---------  --------  --------  ----  --------
  IRAM                  00000000   00080000  00029729  000568d7  RWIX
  SDRAM                 80000000   00800000  000099de  007f6622  RWIX


SECTION ALLOCATION MAP

 output                                  attributes/
section   page    origin      length       input sections
--------  ----  ----------  ----------   ----------------
.data      0    00000000    00000000     UNINITIALIZED

.vers      0    00000000    00000044     COPY SECTION
                  00000000    00000044     my_dsp_projectcfg.obj (.vers)

.hwi_vec   0    00000000    00000200     
                  00000000    00000200     my_dsp_projectcfg.obj (.hwi_vec)

.datenpuffer 
*          0    00000200    0000e420     UNINITIALIZED
                  00000200    0000c350     skeleton.obj (.datenpuffer)
                  0000c550    000020d0     config_BSPLink.obj (.datenpuffer)

.far       0    0000e620    00007400     UNINITIALIZED
                  0000e620    00006df8     skeleton.obj (.far)
                  00015418    00000188     rts6700.lib : atexit.obj (.far)
                  000155a0    000000f4     csl6713.lib : csl_irq.obj (.far)
                  00015694    000000d8     bios.a67 : knl.o67 (.far)
                  0001576c    0000005c              : tsk.o67 (.far)
                  000157c8    00000054              : obj_init.o67 (.far)
                  0001581c    00000054     csl6713.lib : csl_edma.obj (.far)
                  00015870    00000050     bios.a67 : tsk_stup.o67 (.far)
                  000158c0    00000050     config_BSPLink.obj (.far)
                  00015910    00000038     csl6713.lib : csl_mcbsp.obj (.far)
                  00015948    00000034     config_AIC23.obj (.far)
                  0001597c    00000028     csl6713.lib : csl.obj (.far)
                  000159a4    00000024                 : csl_timer.obj (.far)
                  000159c8    00000020     bios.a67 : sys.o67 (.far)
                  000159e8    00000010              : knl_tick.o67 (.far)
                  000159f8    0000000c              : utl_putc.o67 (.far)
                  00015a04    0000000c     rts6700.lib : exit.obj (.far)
                  00015a10    00000008                 : _lock.obj (.far)
                  00015a18    00000004                 : sinit.obj (.far)
                  00015a1c    00000002     dsk6713bsl.lib : dsk6713.obj (.far)
                  00015a1e    00000002                    : dsk6713_led.obj (.far)

.text      0    00015a20    00005960     
                  00015a20    00002180     skeleton.obj (.text)
                  00017ba0    00000700     config_BSPLink.obj (.text)
                  000182a0    00000480     dsk6713bsl.lib : dsk6713.obj (.text)
                  00018720    00000300     rts6700.lib : divf.obj (.text:__divf)
                  00018a20    00000280     csl6713.lib : csl_edma.obj (.text:_EDMA_open)
                  00018ca0    00000240     rts6700.lib : memcpy62.obj (.text:_memcpy)
                  00018ee0    00000240     config_AIC23.obj (.text)
                  00019120    00000220     csl6713.lib : csl.obj (.text:__CSL_init)
                  00019340    000001e0     dsk6713bsl.lib : dsk6713_led.obj (.text)
                  00019520    000001c0     csl6713.lib : csl_irq.obj (.text:_IRQ_map)
                  000196e0    000001c0                 : csl_irq.obj (.text:_mux2Tables)
                  000198a0    000001a0                 : csl_edma.obj (.text:_EDMA_allocTable)
                  00019a40    000001a0                 : csl_mcbsp.obj (.text:_MCBSP_reset)
                  00019be0    00000180     bios.a67 : gbl_cslpllinit62.o67 (.text)
                  00019d60    00000160     rts6700.lib : sinit.obj (.text:_call_dtors)
                  00019ec0    00000140     csl6713.lib : csl_edma.obj (.text:_EDMA_reset)
                  0001a000    00000140                 : csl_timer.obj (.text:_TIMER_open)
                  0001a140    00000120                 : csl_timer.obj (.text:_TIMER_reset)
                  0001a260    00000120     rts6700.lib : memset.obj (.text:_memset)
                  0001a380    00000100     csl6713.lib : csl_edma.obj (.text:_EDMA_intAlloc)
                  0001a480    00000100                 : csl_mcbsp.obj (.text:_MCBSP_open)
                  0001a580    00000100                 : csl_mcbsp.obj (.text:_MCBSP_start)
                  0001a680    000000e0                 : csl_edma.obj (.text:_EDMA_config)
                  0001a760    000000e0     rts6700.lib : round.obj (.text:__nround)
                  0001a840    000000e0                 : strasg.obj (.text:__strasg)
                  0001a920    000000e0                 : atexit.obj (.text:_atexit)
                  0001aa00    000000e0                 : modf.obj (.text:_modf)
                  0001aae0    000000c0     bios.a67 : tsk_stup.o67 (.text)
                  0001aba0    000000a0     csl6713.lib : csl_mcbsp.obj (.text:_MCBSP_close)
                  0001ac40    000000a0                 : csl_mcbsp.obj (.text:_MCBSP_config)
                  0001ace0    000000a0                 : csl_irq.obj (.text:__IRQ_init)
                  0001ad80    000000a0     rts6700.lib : fltlif.obj (.text:__fltlif)
                  0001ae20    000000a0     csl6713.lib : csl_irq.obj (.text:_setMux)
                  0001aec0    00000080     dsk6713bsl.lib : dsk6713_dip.obj (.text)
                  0001af40    00000060     csl6713.lib : csl_edma.obj (.text:_EDMA_disableChannel)
                  0001afa0    00000060                 : csl_edma.obj (.text:_EDMA_enableChannel)
                  0001b000    00000060                 : csl_edma.obj (.text:_EDMA_intEnable)
                  0001b060    00000060                 : csl_edma.obj (.text:_EDMA_qdmaConfig)
                  0001b0c0    00000060     rts6700.lib : fltulf.obj (.text:__fltulf)
                  0001b120    00000040     csl6713.lib : csl_edma.obj (.text:_EDMA_link)
                  0001b160    00000040                 : csl_irq.obj (.text:_IRQ_enable)
                  0001b1a0    00000040     rts6700.lib : sinit.obj (.text:___add_dtor)
                  0001b1e0    00000020     csl6713.lib : csl.obj (.text:_CSL6713_LIB_)
                  0001b200    00000020                 : csl_edma.obj (.text:_EDMA_intClear)
                  0001b220    00000020                 : csl_edma.obj (.text:_EDMA_intTest)
                  0001b240    00000020                 : csl_irq.obj (.text:_IRQ_clear)
                  0001b260    00000020                 : csl_irq.obj (.text:_IRQ_globalEnable)
                  0001b280    00000020                 : csl_mcbsp.obj (.text:_MCBSP_getRcvAddr)
                  0001b2a0    00000020                 : csl_mcbsp.obj (.text:_MCBSP_getXmtAddr)
                  0001b2c0    00000020                 : csl_mcbsp.obj (.text:_MCBSP_write)
                  0001b2e0    00000020                 : csl_mcbsp.obj (.text:_MCBSP_xrdy)
                  0001b300    00000020     rts6700.lib : _lock.obj (.text:__nop)
                  0001b320    00000020                 : _lock.obj (.text:__register_lock)
                  0001b340    00000020                 : _lock.obj (.text:__register_unlock)
                  0001b360    00000020     csl6713.lib : csl_irq.obj (.text)

.bios      0    0001b380    00004280     
                  0001b380    00000600     lnkrtdx.a67 : rtdx.o67 (.bios)
                  0001b980    000005e0     bios.a67 : gbl_setL2CacheMode.o67 (.bios)
                  0001bf60    00000540              : swi.o67 (.bios)
                  0001c4a0    00000460              : hwi_disp_asm.o67 (.bios)
                  0001c900    000003a0              : prd.o67 (.bios)
                  0001cca0    000002c0              : knl_run.o67 (.bios)
                  0001cf60    000002c0              : rta.o67 (.bios)
                  0001d220    000002c0              : sem_pend.o67 (.bios)
                  0001d4e0    00000260              : knl_tick.o67 (.bios)
                  0001d740    00000240              : pip.o67 (.bios)
                  0001d980    00000220              : sem_dopo.o67 (.bios)
                  0001dba0    00000200              : tsk_setu.o67 (.bios)
                  0001dda0    000001c0              : knl_swit.o67 (.bios)
                  0001df60    000001c0     biosC6000.a67 : clk.o67 (.bios)
                  0001e120    000001a0     bios.a67 : tsk_exit.o67 (.bios)
                  0001e2c0    00000180              : autoinit.o67 (.bios)
                  0001e440    00000180              : tsk_stup.o67 (.bios)
                  0001e5c0    00000140              : knl_chec.o67 (.bios)
                  0001e700    000000e0              : gbl_cslcacheinit.o67 (.bios)
                  0001e7e0    000000e0              : knl_exit.o67 (.bios)
                  0001e8c0    000000e0              : sem_post.o67 (.bios)
                  0001e9a0    000000e0              : sem_post_asm.o67 (.bios)
                  0001ea80    000000e0     biosC6000.a67 : clk_meas.o67 (.bios)
                  0001eb60    000000c0     bios.a67 : knl_ipos.o67 (.bios)
                  0001ec20    000000c0              : knl_post.o67 (.bios)
                  0001ece0    000000c0              : lck.o67 (.bios)
                  0001eda0    000000c0              : sys_exit.o67 (.bios)
                  0001ee60    000000c0     biosC6000.a67 : clk_htime.o67 (.bios)
                  0001ef20    00000080     bios.a67 : fxn.o67 (.bios)
                  0001efa0    00000080              : idl_busy.o67 (.bios)
                  0001f020    00000080              : log.o67 (.bios)
                  0001f0a0    00000080              : sts.o67 (.bios)
                  0001f120    00000080     biosC6000.a67 : idl_cal.o67 (.bios)
                  0001f1a0    00000060     bios.a67 : hwi_c.o67 (.bios)
                  0001f200    00000060              : sem_pend_binary.o67 (.bios)
                  0001f260    00000060              : sem_pend_counting.o67 (.bios)
                  0001f2c0    00000060              : swi_disable.o67 (.bios)
                  0001f320    00000060              : sys_abor.o67 (.bios)
                  0001f380    00000060              : utl_putc.o67 (.bios)
                  0001f3e0    00000060     biosC6000.a67 : clk_start.o67 (.bios)
                  0001f440    00000040     bios.a67 : idl_stub.o67 (.bios)
                  0001f480    00000040              : rta_andn.o67 (.bios)
                  0001f4c0    00000040              : utl_doab.o67 (.bios)
                  0001f500    00000040     biosC6000.a67 : clk_stop.o67 (.bios)
                  0001f540    00000020     bios.a67 : fxn_c.o67 (.bios)
                  0001f560    00000020              : gbl_vers.o67 (.bios)
                  0001f580    00000020              : idl.o67 (.bios)
                  0001f5a0    00000020              : sts_set.o67 (.bios)
                  0001f5c0    00000020              : utl_doer.o67 (.bios)
                  0001f5e0    00000020              : utl_halt.o67 (.bios)

.stack     0    0001f600    00004000     UNINITIALIZED
                  0001f600    00004000     --HOLE--

.cinit     0    00023600    00003294     
                  00023600    00001c0c     skeleton.obj (.cinit)
                  0002520c    00000004     --HOLE-- [fill = 0]
                  00025210    00000b14     my_dsp_projectcfg.obj (.cinit)
                  00025d24    00000004     --HOLE-- [fill = 0]
                  00025d28    0000026c     bios.a67 : biosdata.o67 (.cinit)
                  00025f94    00000004     --HOLE-- [fill = 0]
                  00025f98    000001a4              : knl.o67 (.cinit)
                  0002613c    00000004     --HOLE-- [fill = 0]
                  00026140    0000012c     csl6713.lib : csl_irq.obj (.cinit)
                  0002626c    00000004     --HOLE-- [fill = 0]
                  00026270    000000b0     bios.a67 : swi.o67 (.cinit)
                  00026320    00000080              : tsk.o67 (.cinit)
                  000263a0    00000078     config_BSPLink.obj (.cinit)
                  00026418    00000070     csl6713.lib : csl_edma.obj (.cinit)
                  00026488    00000060     bios.a67 : tsk_stup.o67 (.cinit)
                  000264e8    0000005c     lnkrtdx.a67 : rtdx.o67 (.cinit)
                  00026544    00000004     --HOLE-- [fill = 0]
                  00026548    00000054     csl6713.lib : csl_mcbsp.obj (.cinit)
                  0002659c    00000004     --HOLE-- [fill = 0]
                  000265a0    0000004c     bios.a67 : rta.o67 (.cinit)
                  000265ec    00000004     --HOLE-- [fill = 0]
                  000265f0    0000004c     csl6713.lib : csl_timer.obj (.cinit)
                  0002663c    00000004     --HOLE-- [fill = 0]
                  00026640    0000004c     rtdx.lib : buffer1.o62 (.cinit)
                  0002668c    00000004     --HOLE-- [fill = 0]
                  00026690    00000048     config_AIC23.obj (.cinit)
                  000266d8    0000003c     csl6713.lib : csl.obj (.cinit)
                  00026714    00000004     --HOLE-- [fill = 0]
                  00026718    00000034     bios.a67 : hwi.o67 (.cinit)
                  0002674c    00000004     --HOLE-- [fill = 0]
                  00026750    0000002c              : utl_putc.o67 (.cinit)
                  0002677c    00000004     --HOLE-- [fill = 0]
                  00026780    0000002c     rts6700.lib : exit.obj (.cinit)
                  000267ac    00000004     --HOLE-- [fill = 0]
                  000267b0    00000024     bios.a67 : obj_init.o67 (.cinit)
                  000267d4    00000004     --HOLE-- [fill = 0]
                  000267d8    0000001c              : sys.o67 (.cinit)
                  000267f4    00000004     --HOLE-- [fill = 0]
                  000267f8    0000001c     rts6700.lib : _lock.obj (.cinit)
                  00026814    00000004     --HOLE-- [fill = 0]
                  00026818    0000001c                 : atexit.obj (.cinit)
                  00026834    00000004     --HOLE-- [fill = 0]
                  00026838    00000018     bios.a67 : knl_tick.o67 (.cinit)
                  00026850    0000000c              : gbl_setL2CacheMode.o67 (.cinit)
                  0002685c    00000004     --HOLE-- [fill = 0]
                  00026860    0000000c              : idl_busy.o67 (.cinit)
                  0002686c    00000004     --HOLE-- [fill = 0]
                  00026870    0000000c              : knl_swit.o67 (.cinit)
                  0002687c    00000004     --HOLE-- [fill = 0]
                  00026880    0000000c     rts6700.lib : sinit.obj (.cinit)
                  0002688c    00000004     --HOLE-- [fill = 0]
                  00026890    00000004     (.pad.cinit) [fill = 0]

.pinit     0    00026894    0000000c     
                  00026894    00000004     rtdx.lib : buffer1.o62 (.pinit)
                  00026898    00000004              : rtdx_mon.o62 (.pinit)
                  0002689c    00000004     --HOLE-- [fill = 0]

.rtdx_text 
*          0    000268a0    00000ea0     
                  000268a0    00000400     rtdx.lib : rtdx_mon.o62 (.rtdx_text:_RTDX_Poll)
                  00026ca0    00000340              : buffer1.o62 (.rtdx_text:_RTDX_Buffer_WriteCB)
                  00026fe0    00000300              : buffer1.o62 (.rtdx_text:_RTDX_write_next)
                  000272e0    00000140              : rtdx_mon.o62 (.rtdx_text:_RTDX_Mon_Queue)
                  00027420    000000e0              : buffer1.o62 (.rtdx_text:_claim)
                  00027500    00000080              : rtdx_mon.o62 (.rtdx_text:_RTDX_Init_RT_Monitor)
                  00027580    00000060              : buffer1.o62 (.rtdx_text:_RTDX_Buffer_Initialize)
                  000275e0    00000060              : buffer2.o62 (.rtdx_text:_RTDX_Buffer_ReadCB)
                  00027640    00000040              : buffer1.o62 (.rtdx_text:_RTDX_Buffer_Size)
                  00027680    00000040              : rtdx_mon.o62 (.rtdx_text:_RTDX_Final_RT_Monitor)
                  000276c0    00000020              : buffer2.o62 (.rtdx_text:_RTDX_Buffer_Read)
                  000276e0    00000020              : buffer1.o62 (.rtdx_text:_RTDX_Buffer_Write)
                  00027700    00000020              : rtdx_mon.o62 (.rtdx_text:_RTDX_checksum)
                  00027720    00000020              : intr_tgt.o62 (.rtdx_text)

.sysinit   0    00027740    00000520     
                  00027740    000002e0     my_dsp_projectcfg.obj (.sysinit)
                  00027a20    000000e0     bios.a67 : mem_init.o67 (.sysinit)
                  00027b00    000000c0              : boot.o67 (.sysinit)
                  00027bc0    00000080              : tsk_init.o67 (.sysinit)
                  00027c40    00000020              : obj_init.o67 (.sysinit)

.rtdx_data 
*          0    00027c60    0000044c     UNINITIALIZED
                  00027c60    00000410     my_dsp_projectcfg.obj (.rtdx_data)
                  00028070    00000020     rtdx.lib : buffer1.o62 (.rtdx_data)
                  00028090    0000001c              : rtdx_mon.o62 (.rtdx_data)

.args      0    000280ac    00000004     
                  000280ac    00000004     --HOLE-- [fill = 0]

.TSK_LEDTOGGLE$stk 
*          0    000280b0    00000400     UNINITIALIZED
                  000280b0    00000400     my_dsp_projectcfg.obj (.TSK_LEDTOGGLE$stk)

.TSK_idle$stk 
*          0    000284b0    00000400     UNINITIALIZED
                  000284b0    00000400     my_dsp_projectcfg.obj (.TSK_idle$stk)

.bss       0    000288b0    000003fc     UNINITIALIZED
                  000288b0    00000100     bios.a67 : hwi_disp_asm.o67 (.bss)
                  000289b0    000000cc              : biosdata.o67 (.bss)
                  00028a7c    0000009c              : swi.o67 (.bss)
                  00028b18    00000088     skeleton.obj (.bss)
                  00028ba0    00000048     bios.a67 : knl.o67 (.bss)
                  00028be8    0000002c     config_BSPLink.obj (.bss)
                  00028c14    00000028     my_dsp_projectcfg.obj (.bss)
                  00028c3c    00000018     bios.a67 : hwi.o67 (.bss)
                  00028c54    00000018     lnkrtdx.a67 : rtdx.o67 (.bss)
                  00028c6c    00000010     rtdx.lib : buffer1.o62 (.bss)
                  00028c7c    0000000c     bios.a67 : tsk.o67 (.bss)
                  00028c88    00000008              : clk_data.o67 (.bss)
                  00028c90    00000008              : sys.o67 (.bss)
                  00028c98    00000004              : clk_data2.o67 (.bss)
                  00028c9c    00000004              : gbl_setL2CacheMode.o67 (.bss)
                  00028ca0    00000004              : idl_busy.o67 (.bss)
                  00028ca4    00000004              : mem_asm.o67 (.bss)
                  00028ca8    00000004     config_AIC23.obj (.bss)

.trace     0    00028cac    00000200     
                  00028cac    00000200     --HOLE-- [fill = 00000000]

.swi       0    00028eac    000001e4     UNINITIALIZED
                  00028eac    000001e4     my_dsp_projectcfg.obj (.swi)

.gblinit   0    00029090    0000004c     
                  00029090    0000004c     my_dsp_projectcfg.obj (.gblinit)

.prd       0    000290dc    00000020     UNINITIALIZED
                  000290dc    00000020     my_dsp_projectcfg.obj (.prd)

.mem       0    000290fc    00000004     UNINITIALIZED
                  000290fc    00000004     my_dsp_projectcfg.obj (.mem)

.LOG_system$buf 
*          0    00029100    00000100     UNINITIALIZED
                  00029100    00000100     my_dsp_projectcfg.obj (.LOG_system$buf)

.hst0      0    00029200    00000100     UNINITIALIZED
                  00029200    00000100     my_dsp_projectcfg.obj (.hst0)

.sts       0    00029300    000000f0     
                  00029300    000000f0     my_dsp_projectcfg.obj (.sts)

.pip       0    000293f0    000000c8     UNINITIALIZED
                  000293f0    000000c8     my_dsp_projectcfg.obj (.pip)

.tsk       0    000294b8    000000c0     UNINITIALIZED
                  000294b8    000000c0     my_dsp_projectcfg.obj (.tsk)

.const     0    00029578    000000b5     
                  00029578    0000004e     bios.a67 : tsk_stup.o67 (.const)
                  000295c6    00000023              : utl_doab.o67 (.const)
                  000295e9    00000022              : utl_doer.o67 (.const)
                  0002960b    00000001     --HOLE-- [fill = 0]
                  0002960c    00000020     dsk6713bsl.lib : dsk6713.obj (.const)
                  0002962c    00000001     bios.a67 : tsk.o67 (.const)

.printf    0    0002962d    0000017a     COPY SECTION
                  0002962d    0000017a     my_dsp_projectcfg.obj (.printf)

.hst       0    00029630    0000003c     UNINITIALIZED
                  00029630    0000003c     my_dsp_projectcfg.obj (.hst)

.sem       0    0002966c    0000002c     UNINITIALIZED
                  0002966c    0000002c     my_dsp_projectcfg.obj (.sem)

.switch    0    00029698    00000028     
                  00029698    00000028     rtdx.lib : rtdx_mon.o62 (.switch)

.log       0    000296c0    00000018     
                  000296c0    00000018     my_dsp_projectcfg.obj (.log)

.hst1      0    000296d8    00000010     UNINITIALIZED
                  000296d8    00000010     my_dsp_projectcfg.obj (.hst1)

.idl       0    000296e8    00000010     UNINITIALIZED
                  000296e8    00000010     my_dsp_projectcfg.obj (.idl)

.idlcal    0    000296f8    00000010     UNINITIALIZED
                  000296f8    00000010     my_dsp_projectcfg.obj (.idlcal)

.sys       0    00029708    00000010     UNINITIALIZED
                  00029708    00000010     my_dsp_projectcfg.obj (.sys)

.trcdata   0    00029718    0000000c     
                  00029718    0000000c     bios.a67 : trc.o67 (.trcdata)

.clk       0    00029724    00000008     UNINITIALIZED
                  00029724    00000008     my_dsp_projectcfg.obj (.clk)

.SDRAM$heap 
*          0    80000000    00008000     UNINITIALIZED
                  80000000    00008000     --HOLE--

.sounds    0    80008000    000019de     UNINITIALIZED
                  80008000    000019de     skeleton.obj (.sounds)


GLOBAL SYMBOLS: SORTED ALPHABETICALLY BY Name 

address    name
--------   ----
000288b0   $bss
000288b0   .bss
00000000   .data
00015a20   .text
000278fc   BIOS$$CLKOFF
000278bc   BIOS$$CLKON
00027740   BIOS_init
00027964   BIOS_start
00000000   BUF$
00000001   BUF_ENABLED
00000001   CLK$
00029724   CLK_A_TABBEG
00000001   CLK_CALDIV
00000004   CLK_CALMULT
0000dbba   CLK_COUNTSPMS
00000000   CLK_COUNTSPMSHIGH
000289d8   CLK_D_idletime
000289d4   CLK_D_isrhook
000289d0   CLK_D_tabbeg
000289cc   CLK_D_timefxn
0001ee60   CLK_F_getfhtime
0001ee80   CLK_F_gethtime
0001df60   CLK_F_getltime
0001ee80   CLK_F_getshtime
0001df74   CLK_F_isr
0001e0d4   CLK_F_itime
0001c4a0   CLK_HOOKFXN
00000001   CLK_HTIMEDIV
00000004   CLK_HTIMEMULT
0000dbba   CLK_HTIMEPERLTIME
00004000   CLK_INTBIT
00000001   CLK_LTIMEDIV
00036ee8   CLK_LTIMEMULT
000003e8   CLK_MICROSECS
0000dbba   CLK_PRD
00000000   CLK_PRDHIGH
01940000   CLK_REGS
000289c8   CLK_R_time
00000020   CLK_TCR
00000000   CLK_TDDR
00000000   CLK_TDDRHIGH
0001ee80   CLK_TIMEFXN
00000000   CLK_TIMERNUM
00000001   CLK_USETIMER
00029728   CLK_null
00000000   DEV$
00000000   DGN$
00000000   DHL$
00000000   DHL_gChannelsAvailable
00000000   DIO$
00000000   DIO_NUMSWIBASE
00000000   DIO_NUMTSKBASE
00000000   DIO_STATIC
00000000   DPI$
0001ef20   FXN_F_nop
0001ef28   FXN_F_run
0001ef78   FXN_F_zero
00000001   GBL$
00005205   GBL_A_VERSION
00000000   GBL_BIGENDIAN
00000000   GBL_C641XL2PRIORITY
00000000   GBL_CACHE
00000001   GBL_CALLCSLCFGINIT
00004e20   GBL_CLKIN
00001770   GBL_CLKTYPE
00001a39   GBL_DSPSUBTYPE
0000003e   GBL_DSPTYPE
00000001   GBL_ENABLEINST
00000042   GBL_FOOTPRINT
00036ee8   GBL_FREQ
00002226   GBL_L2ALLOC
00000000   GBL_L2CONFIGALLOC
00000001   GBL_L2CONFIGURE
00000001   GBL_L2MARMASK
00000000   GBL_L2MARMASK1
00000000   GBL_L2MARMASK2
00000000   GBL_L2MARMASK3
00000000   GBL_L2MARMASK4
00000000   GBL_L2MARMASK5
00000000   GBL_L2MODE
00000000   GBL_L2PRIORITY
00000000   GBL_NULL
00000000   GBL_PROCID
00000000   GBL_ROM
00000000   GBL_SUPPORTCSL
0000dbef   GBL_TRCMASKVALUE
00000001   GBL_USERINIT
00019c08   GBL_USERINITFXN
00000001   GBL_boot
00029720   GBL_initdone
0001f600   GBL_stackbeg
000235ff   GBL_stackend
00000000   GIO$
0001f540   GIO_CREATEFXN
0001f540   GIO_DELETEFXN
0001f540   GIO_PENDFXN
0001f540   GIO_POSTFXN
00000000   HOOK$
00000000   HOOK_KNLID
00000001   HST$
00029630   HST_A_TABBEG
0002966c   HST_A_TABEND
00000000   HST_DSM
ffffffff   HST_DSMBUFSEG
00000400   HST_DSMMEMSIZE
00028a44   HST_D_chanmask
00028a48   HST_D_tabbeg
00028a4c   HST_D_tabend
000000ff   HST_MAXFRAMEALLOWED
00000040   HST_MAXFRAMESET
00000000   HST_NONE
00000001   HST_RTDX
00000001   HWI$
00000000   HWI_A_VECS
00005308   HWI_CFGDISPATCHED
00028c4c   HWI_D_bss
00028c50   HWI_D_ccmask
00028c3c   HWI_D_spsave
0001c4a0   HWI_F_dispatch
00000000   HWI_GENERATE_RESET_VEC
0000000a   HWI_INT10
00000000   HWI_INT10$hwi
0000000b   HWI_INT11
00000000   HWI_INT11$hwi
0000000c   HWI_INT12
00000000   HWI_INT12$hwi
0000000d   HWI_INT13
00000000   HWI_INT13$hwi
0000000e   HWI_INT14
00000000   HWI_INT14$hwi
0000000f   HWI_INT15
00000000   HWI_INT15$hwi
00000004   HWI_INT4
00000000   HWI_INT4$hwi
00000005   HWI_INT5
00000000   HWI_INT5$hwi
00000006   HWI_INT6
00000000   HWI_INT6$hwi
00000007   HWI_INT7
00000000   HWI_INT7$hwi
00000008   HWI_INT8
00000000   HWI_INT8$hwi
00000009   HWI_INT9
00000000   HWI_INT9$hwi
082039a3   HWI_INTRMULTHIGH
250718a4   HWI_INTRMULTLOW
00000001   HWI_NMI
00000000   HWI_NMI$hwi
00000000   HWI_POLARITYMASK
00000002   HWI_RESERVED0
00000000   HWI_RESERVED0$hwi
00000003   HWI_RESERVED1
00000000   HWI_RESERVED1$hwi
00000000   HWI_RESET
00000000   HWI_RESET$hwi
00000001   HWI_ZEROTAB
00000001   IDL$
000296f8   IDL_A_CALBEG
000296e8   IDL_A_TABBEG
00000006   IDL_CALIBRERROR
0001f440   IDL_CALIBRFXN
00028ca0   IDL_D_busyObj
000289b8   IDL_D_calbeg
000289b4   IDL_D_calibrate
000289b0   IDL_D_tabbeg
000296f4   IDL_END
00029704   IDL_END$
0001efa0   IDL_F_busy
0001f120   IDL_F_calibrate
0001f580   IDL_F_loop
0001f440   IDL_F_stub
00000001   IDL_USECLKIDLTIME
000293e4   IDL_busyObj
000297a2   IDL_busyObj$avgfmt
00000001   IDL_busyObj$filter
00000001   IDL_busyObj$iA
00000000   IDL_busyObj$iB
00000001   IDL_busyObj$iC
0002979c   IDL_busyObj$maxfmt
00000000   IDL_busyObj$operation
000293e0   IDL_busyObj$stsobj
0002979f   IDL_busyObj$sumfmt
00000002   IDL_busyObj$unittype
000296e8   IDL_cpuLoad
000296f8   IDL_cpuLoad$
ffffffff   IRAM
00000001   ISRC$
0001df20   KNL_glue
00028ed8   KNL_swi
00000001   KNL_swi$dorta
00000002   KNL_swi$ord
00000000   KNL_swi$pri
00029324   KNL_swi$sts
00029674   KNL_swi$sts$avgfmt
00000002   KNL_swi$sts$filter
00000001   KNL_swi$sts$filtmaxmult
00000001   KNL_swi$sts$filtsummult
00029664   KNL_swi$sts$maxfmt
00029320   KNL_swi$sts$stsobj
0002966c   KNL_swi$sts$sumfmt
00000000   KNL_swi$sts$unittype
00000000   KNL_swi$swi
00000001   LCK$
0001b380   LNK_F_checkBufferCall
0001b400   LNK_F_dataPump
0001b3a0   LNK_F_getChanPtr
0001b3f8   LNK_F_init
0001b944   LNK_F_readCallBack
000296ec   LNK_dataPump
000296fc   LNK_dataPump$
00028c58   LNK_dspFrameReadyMask
00028c54   LNK_dspFrameRequestMask
0001b6a0   LNK_newin
0001b7e0   LNK_newout
0001b414   LNK_rcloop
0001b4e0   LNK_rdrtry
00028c60   LNK_readDone
00028c64   LNK_readFail
00028c5c   LNK_readPend
0001b4f0   LNK_rrloop
00028c68   LNK_writeFail
0001b5c4   LNK_wrloop
0001b5b4   LNK_wrrtry
00000001   LOG$
000296c0   LOG_A_TABBEG
000296d8   LOG_A_TABEND
00000001   LOG_A_TABLEN
000289bc   LOG_D_system
00000001   LOG_ENABLED
0001f020   LOG_F_event
000296c0   LOG_system
00029100   LOG_system$buf
00000000   LOG_system$datatype
00000000   LOG_system$log
00000040   LOG_system$size
00000000   MBX$
00000001   MEM$
00028c20   MEM_MALLOCSEG
00000000   MEM_NULL
00028c20   MEM_SEGZERO
00000000   MEM_USEMPC
00000001   MEM_gNumHeap
00000000   MSGQ$
00000000   MSGQ_USEMSGQ
00000000   OBJ$
00000000   PIP$
000293f0   PIP_A_TABBEG
000294b8   PIP_A_TABEND
00000002   PIP_A_TABLEN
000289c0   PIP_D_tabbeg
000289c4   PIP_D_tablen
0001d7d4   PIP_F_give
0001d7d4   PIP_F_probe
0001d8a8   PIP_F_start
0001d740   PIP_F_take
00000064   PIP_OBJSIZE
00000000   PIP_gNextId
00000002   PIP_gNumEmbed
00000000   POOL$
00000000   POOL_USEPOOL
00000001   PRD$
000290dc   PRD_A_TABBEG
000290fc   PRD_A_TABEND
00000001   PRD_A_TABLEN
00028a00   PRD_D_cur
00028a04   PRD_D_elapsed
00028a08   PRD_D_prevtim
00028a0c   PRD_D_scalar
00028a10   PRD_D_swihandle
00028a14   PRD_D_tabbeg
00028a18   PRD_D_tablen
00028a1c   PRD_D_thook
000289fc   PRD_D_tick
0001c900   PRD_F_swi
0001cbc0   PRD_F_tick
00000008   PRD_SCALAR
00028eac   PRD_SWIHANDLE
000290dc   PRD_Sek
000290f8   PRD_Sek$aaa
00000000   PRD_Sek$mode
00000001   PRD_Sek$ord
000003e8   PRD_Sek$period
00000000   PRD_Sek$prd
00029304   PRD_Sek$sts
0002963f   PRD_Sek$sts$avgfmt
00000000   PRD_Sek$sts$filter
0002962d   PRD_Sek$sts$maxfmt
00029300   PRD_Sek$sts$stsobj
00029636   PRD_Sek$sts$sumfmt
00000002   PRD_Sek$sts$unittype
0001d720   PRD_THOOKFXN
00029724   PRD_clock
00028eac   PRD_swi
00000001   PRD_swi$dorta
00000001   PRD_swi$ord
00000001   PRD_swi$pri
00029314   PRD_swi$sts
0002965a   PRD_swi$sts$avgfmt
00000002   PRD_swi$sts$filter
00000001   PRD_swi$sts$filtmaxmult
00000001   PRD_swi$sts$filtsummult
0002964a   PRD_swi$sts$maxfmt
00029310   PRD_swi$sts$stsobj
00029652   PRD_swi$sts$sumfmt
00000000   PRD_swi$sts$unittype
00000000   PRD_swi$swi
00000001   QUE$
00028a20   RTA_D_fromHost
00028a28   RTA_D_logval
00028a38   RTA_D_stsval
00028a24   RTA_D_toHost
0001f480   RTA_F_andn
0001d058   RTA_F_dispatch
0001cf60   RTA_F_getlog
0001cfa4   RTA_F_getsts
0001f4a0   RTA_F_or
0001cfec   RTA_F_readblk
0001d018   RTA_F_resetmem
0001d00c   RTA_F_writeword
000296f0   RTA_dispatcher
00029700   RTA_dispatcher$
0001d0a8   RTA_execute
00029634   RTA_fromHost
000296d8   RTA_fromHost$buf
00000004   RTA_fromHost$framesize
00000000   RTA_fromHost$hst
00000001   RTA_fromHost$id
00000000   RTA_fromHost$mode
000293f0   RTA_fromHost$pipe
00029420   RTA_fromHost$pipe$aaa
00029450   RTA_fromHost$pipe$bbb
00028c24   RTA_fromHost$pipe$dtab
000293f4   RTA_fromHost$pipe$rd
00029424   RTA_fromHost$pipe$wr
0002963c   RTA_fromHost$rtdx
00029650   RTA_toHost
00029200   RTA_toHost$buf
00000040   RTA_toHost$framesize
00000000   RTA_toHost$hst
00000000   RTA_toHost$id
00000001   RTA_toHost$mode
00029454   RTA_toHost$pipe
00029484   RTA_toHost$pipe$aaa
000294b4   RTA_toHost$pipe$bbb
00028c30   RTA_toHost$pipe$dtab
00029458   RTA_toHost$pipe$rd
00029488   RTA_toHost$pipe$wr
00029658   RTA_toHost$rtdx
00000001   RTDX$
00000408   RTDX_BUFMEMSIZE
ffffffff   RTDX_DATAMEMSEG
00000000   RTDX_MODE
00000001   RTDX_NORMALIZED_HDR
00000001   RTDX_USERTDX
00000000   RTDX_USERTEXECUTION
00028c20   SDRAM
80000000   SDRAM$B
00008000   SDRAM$L
00000001   SEM$
00029678   SEM_LEDToggle
00000000   SIO$
00000001   STS$
00029300   STS_A_TABBEG
000293f0   STS_A_TABEND
0001f0d8   STS_F_add
0001f0a0   STS_F_delta
0001f104   STS_F_reset
00000001   SWI$
00028fb4   SWI_ADC_In_Ping
00000001   SWI_ADC_In_Ping$dorta
00000007   SWI_ADC_In_Ping$ord
00000004   SWI_ADC_In_Ping$pri
00029374   SWI_ADC_In_Ping$sts
000296f6   SWI_ADC_In_Ping$sts$avgfmt
00000002   SWI_ADC_In_Ping$sts$filter
00000001   SWI_ADC_In_Ping$sts$filtmaxmult
00000001   SWI_ADC_In_Ping$sts$filtsummult
000296e6   SWI_ADC_In_Ping$sts$maxfmt
00029370   SWI_ADC_In_Ping$sts$stsobj
000296ee   SWI_ADC_In_Ping$sts$sumfmt
00000000   SWI_ADC_In_Ping$sts$unittype
00000000   SWI_ADC_In_Ping$swi
00028fe0   SWI_ADC_In_Pong
00000001   SWI_ADC_In_Pong$dorta
00000008   SWI_ADC_In_Pong$ord
00000004   SWI_ADC_In_Pong$pri
00029384   SWI_ADC_In_Pong$sts
00029710   SWI_ADC_In_Pong$sts$avgfmt
00000002   SWI_ADC_In_Pong$sts$filter
00000001   SWI_ADC_In_Pong$sts$filtmaxmult
00000001   SWI_ADC_In_Pong$sts$filtsummult
00029700   SWI_ADC_In_Pong$sts$maxfmt
00029380   SWI_ADC_In_Pong$sts$stsobj
00029708   SWI_ADC_In_Pong$sts$sumfmt
00000000   SWI_ADC_In_Pong$sts$unittype
00000000   SWI_ADC_In_Pong$swi
00028f5c   SWI_ADC_Out_Ping
00000001   SWI_ADC_Out_Ping$dorta
00000005   SWI_ADC_Out_Ping$ord
00000004   SWI_ADC_Out_Ping$pri
00029354   SWI_ADC_Out_Ping$sts
000296c2   SWI_ADC_Out_Ping$sts$avgfmt
00000002   SWI_ADC_Out_Ping$sts$filter
00000001   SWI_ADC_Out_Ping$sts$filtmaxmult
00000001   SWI_ADC_Out_Ping$sts$filtsummult
000296b2   SWI_ADC_Out_Ping$sts$maxfmt
00029350   SWI_ADC_Out_Ping$sts$stsobj
000296ba   SWI_ADC_Out_Ping$sts$sumfmt
00000000   SWI_ADC_Out_Ping$sts$unittype
00000000   SWI_ADC_Out_Ping$swi
00028f88   SWI_ADC_Out_Pong
00000001   SWI_ADC_Out_Pong$dorta
00000006   SWI_ADC_Out_Pong$ord
00000004   SWI_ADC_Out_Pong$pri
00029364   SWI_ADC_Out_Pong$sts
000296dc   SWI_ADC_Out_Pong$sts$avgfmt
00000002   SWI_ADC_Out_Pong$sts$filter
00000001   SWI_ADC_Out_Pong$sts$filtmaxmult
00000001   SWI_ADC_Out_Pong$sts$filtsummult
000296cc   SWI_ADC_Out_Pong$sts$maxfmt
00029360   SWI_ADC_Out_Pong$sts$stsobj
000296d4   SWI_ADC_Out_Pong$sts$sumfmt
00000000   SWI_ADC_Out_Pong$sts$unittype
00000000   SWI_ADC_Out_Pong$swi
00028eac   SWI_A_TABBEG
00029090   SWI_A_TABEND
0000000b   SWI_A_TABLEN
00028f04   SWI_BSPLink_In_Ping
00000001   SWI_BSPLink_In_Ping$dorta
00000003   SWI_BSPLink_In_Ping$ord
00000008   SWI_BSPLink_In_Ping$pri
00029334   SWI_BSPLink_In_Ping$sts
0002968e   SWI_BSPLink_In_Ping$sts$avgfmt
00000002   SWI_BSPLink_In_Ping$sts$filter
00000001   SWI_BSPLink_In_Ping$sts$filtmaxmult
00000001   SWI_BSPLink_In_Ping$sts$filtsummult
0002967e   SWI_BSPLink_In_Ping$sts$maxfmt
00029330   SWI_BSPLink_In_Ping$sts$stsobj
00029686   SWI_BSPLink_In_Ping$sts$sumfmt
00000000   SWI_BSPLink_In_Ping$sts$unittype
00000000   SWI_BSPLink_In_Ping$swi
00028f30   SWI_BSPLink_In_Pong
00000001   SWI_BSPLink_In_Pong$dorta
00000004   SWI_BSPLink_In_Pong$ord
00000007   SWI_BSPLink_In_Pong$pri
00029344   SWI_BSPLink_In_Pong$sts
000296a8   SWI_BSPLink_In_Pong$sts$avgfmt
00000002   SWI_BSPLink_In_Pong$sts$filter
00000001   SWI_BSPLink_In_Pong$sts$filtmaxmult
00000001   SWI_BSPLink_In_Pong$sts$filtsummult
00029698   SWI_BSPLink_In_Pong$sts$maxfmt
00029340   SWI_BSPLink_In_Pong$sts$stsobj
000296a0   SWI_BSPLink_In_Pong$sts$sumfmt
00000000   SWI_BSPLink_In_Pong$sts$unittype
00000000   SWI_BSPLink_In_Pong$swi
0002900c   SWI_BSPLink_Out_Ping
00000001   SWI_BSPLink_Out_Ping$dorta
00000009   SWI_BSPLink_Out_Ping$ord
00000008   SWI_BSPLink_Out_Ping$pri
00029394   SWI_BSPLink_Out_Ping$sts
0002972a   SWI_BSPLink_Out_Ping$sts$avgfmt
00000002   SWI_BSPLink_Out_Ping$sts$filter
00000001   SWI_BSPLink_Out_Ping$sts$filtmaxmult
00000001   SWI_BSPLink_Out_Ping$sts$filtsummult
0002971a   SWI_BSPLink_Out_Ping$sts$maxfmt
00029390   SWI_BSPLink_Out_Ping$sts$stsobj
00029722   SWI_BSPLink_Out_Ping$sts$sumfmt
00000000   SWI_BSPLink_Out_Ping$sts$unittype
00000000   SWI_BSPLink_Out_Ping$swi
00029038   SWI_BSPLink_Out_Pong
00000001   SWI_BSPLink_Out_Pong$dorta
0000000a   SWI_BSPLink_Out_Pong$ord
00000007   SWI_BSPLink_Out_Pong$pri
000293a4   SWI_BSPLink_Out_Pong$sts
00029744   SWI_BSPLink_Out_Pong$sts$avgfmt
00000002   SWI_BSPLink_Out_Pong$sts$filter
00000001   SWI_BSPLink_Out_Pong$sts$filtmaxmult
00000001   SWI_BSPLink_Out_Pong$sts$filtsummult
00029734   SWI_BSPLink_Out_Pong$sts$maxfmt
000293a0   SWI_BSPLink_Out_Pong$sts$stsobj
0002973c   SWI_BSPLink_Out_Pong$sts$sumfmt
00000000   SWI_BSPLink_Out_Pong$sts$unittype
00000000   SWI_BSPLink_Out_Pong$swi
00028a94   SWI_D_curfxn
00028a84   SWI_D_curmask
00028a90   SWI_D_curmbox
00028a88   SWI_D_curset
00028a80   SWI_D_execaddr
00028a9c   SWI_D_inswi
00028a8c   SWI_D_lock
00028a98   SWI_D_rdybeg
00028aa0   SWI_D_rdytab
00028a7c   SWI_D_runaddr
00029064   SWI_Decode_Buffer
00000001   SWI_Decode_Buffer$dorta
0000000b   SWI_Decode_Buffer$ord
00000003   SWI_Decode_Buffer$pri
000293b4   SWI_Decode_Buffer$sts
0002975e   SWI_Decode_Buffer$sts$avgfmt
00000002   SWI_Decode_Buffer$sts$filter
00000001   SWI_Decode_Buffer$sts$filtmaxmult
00000001   SWI_Decode_Buffer$sts$filtsummult
0002974e   SWI_Decode_Buffer$sts$maxfmt
000293b0   SWI_Decode_Buffer$sts$stsobj
00029756   SWI_Decode_Buffer$sts$sumfmt
00000000   SWI_Decode_Buffer$sts$unittype
00000000   SWI_Decode_Buffer$swi
00000000   SWI_EHOOKFXN
0001c17c   SWI_EXECFXN
0001bf60   SWI_F_enable
0001c17c   SWI_F_exec
0001c1a8   SWI_F_iexec
0001bfd0   SWI_F_post
0001c238   SWI_F_run
00000000   SWI_IHOOKFXN
0001c238   SWI_RUNFXN
00000001   SYS$
00029708   SYS$config
0001f4c0   SYS_ABORTFXN
0001f5c0   SYS_ERRORFXN
0001f5e0   SYS_EXITFXN
0001f380   SYS_PUTCFXN
0002971c   TRC_R_mask
00029718   TRC_cinit
00000001   TSK$
00029524   TSK_LEDTOGGLE
00000003   TSK_LEDTOGGLE$ord
00000002   TSK_LEDTOGGLE$pri
000280b0   TSK_LEDTOGGLE$stack
00028448   TSK_LEDTOGGLE$stkptr
000293d4   TSK_LEDTOGGLE$sts
00029792   TSK_LEDTOGGLE$sts$avgfmt
00000002   TSK_LEDTOGGLE$sts$filter
00000001   TSK_LEDTOGGLE$sts$filtmaxmult
00000001   TSK_LEDTOGGLE$sts$filtsummult
00029782   TSK_LEDTOGGLE$sts$maxfmt
000293d0   TSK_LEDTOGGLE$sts$stsobj
0002978a   TSK_LEDTOGGLE$sts$sumfmt
00000000   TSK_LEDTOGGLE$sts$unittype
00000000   TSK_LEDTOGGLE$tsk
00000000   TSK_NUM_HOOKS
00000001   TSK_PRIORITY
00000000   TSK_READYFXN
00000000   TSK_STACKSEG
00000400   TSK_STACKSIZE
00000000   TSK_SWITCHFXN
0001f540   TSK_VCREATEFXN
0001f540   TSK_VDELETEFXN
0001f540   TSK_VEXITFXN
000294c4   TSK_idle
00000001   TSK_idle$ord
00000000   TSK_idle$pri
000284b0   TSK_idle$stack
00028848   TSK_idle$stkptr
000293c4   TSK_idle$sts
00029778   TSK_idle$sts$avgfmt
00000002   TSK_idle$sts$filter
00000001   TSK_idle$sts$filtmaxmult
00000001   TSK_idle$sts$filtsummult
00029768   TSK_idle$sts$maxfmt
000293c0   TSK_idle$sts$stsobj
00029770   TSK_idle$sts$sumfmt
00000000   TSK_idle$sts$unittype
00000000   TSK_idle$tsk
00000000   UDEV$
00016740   _ADC_In_Ping
00016780   _ADC_In_Pong
000166c0   _ADC_Out_Ping
00016700   _ADC_Out_Pong
00000200   _AIC_Buffer_in_ping
000011a0   _AIC_Buffer_in_pong
00002140   _AIC_Buffer_out_ping
000030e0   _AIC_Buffer_out_pong
00027740   _BIOS_init
00027964   _BIOS_start
0000c550   _BSPLinkBuffer_in_ping
0000cd84   _BSPLinkBuffer_in_pong
0000d5b8   _BSPLinkBuffer_out_ping
0000ddec   _BSPLinkBuffer_out_pong
000167c0   _BSPLink_In_Ping
00016814   _BSPLink_In_Pong
00016868   _BSPLink_Out_Ping
00016914   _BSPLink_Out_Pong
000158c0   _BSPLink_interface_config
0000dbba   _CLK_COUNTSPMS
00028c88   _CLK_DFLTMICROSECS
000289f8   _CLK_D_countspms
000289ec   _CLK_D_dirty
00028c8c   _CLK_D_microseconds
000289f0   _CLK_D_prd
000289f4   _CLK_D_tddr
0001e0d4   _CLK_F_itime
0000dbba   _CLK_PRD
01940000   _CLK_REGS
00000000   _CLK_TDDR
00000000   _CLK_TIMERNUM
00000001   _CLK_USETIMER
000289dc   _CLK_htimeDiv
000289e0   _CLK_htimeMult
00028c98   _CLK_htimePerLtime
0001e0d4   _CLK_itime
000289e4   _CLK_ltimeDiv
000289e8   _CLK_ltimeMult
0001ea80   _CLK_measure
0001f3e0   _CLK_start
0001f500   _CLK_stop
0001b1e0   _CSL6713_LIB_
00018ee0   _Config_DSK6713_AIC23
00028b74   _DECODER
0001aec8   _DSK6713_DIP_get
0001aec0   _DSK6713_DIP_init
00019340   _DSK6713_LED_init
00019380   _DSK6713_LED_off
000193f0   _DSK6713_LED_on
00019460   _DSK6713_LED_toggle
000186b4   _DSK6713_getVersion
000182ec   _DSK6713_init
00018608   _DSK6713_rget
0001861c   _DSK6713_rset
00015a1c   _DSK6713_version
00018630   _DSK6713_wait
00018688   _DSK6713_waitusec
00007730   _Debug_Buff
00006790   _Decoding_Buffer
00028b50   _Decoding_Buffer_i
0001628c   _EDMA_ISR
000198a0   _EDMA_allocTable
0001a680   _EDMA_config
0001af40   _EDMA_disableChannel
0001afa0   _EDMA_enableChannel
0001a380   _EDMA_intAlloc
0001b200   _EDMA_intClear
0001b000   _EDMA_intEnable
0001b220   _EDMA_intTest
0001b120   _EDMA_link
00018a20   _EDMA_open
0001b060   _EDMA_qdmaConfig
00019ec0   _EDMA_reset
00028b70   _ENCODER
00006f60   _Encoding_Buffer
00028b58   _Encoding_Buffer_i
0001f540   _FXN_F_nop
0001ef28   _FXN_F_run
0001ef78   _FXN_F_zero
00000000   _GBL_CACHE
00028a54   _GBL_clkIn
0001e700   _GBL_cslCacheInit
00028a58   _GBL_freq
0001f560   _GBL_getVersion
00028a50   _GBL_procId
00019c08   _GBL_setPLLto225MHz
00029630   _HST_A_TABBEG
0002966c   _HST_A_TABEND
00005308   _HWI_CFGDISPATCHED
00028c48   _HWI_D_inhwi
00028c3c   _HWI_D_spsave
0001c4a0   _HWI_F_dispatch
0000000a   _HWI_INT10
0000000b   _HWI_INT11
0000000c   _HWI_INT12
0000000d   _HWI_INT13
0000000e   _HWI_INT14
0000000f   _HWI_INT15
00000004   _HWI_INT4
00000005   _HWI_INT5
00000006   _HWI_INT6
00000007   _HWI_INT7
00000008   _HWI_INT8
00000009   _HWI_INT9
00000001   _HWI_NMI
00000002   _HWI_RESERVED0
00000003   _HWI_RESERVED1
00000000   _HWI_RESET
000235f8   _HWI_STKBOTTOM
0001f600   _HWI_STKTOP
00028c3c   _HWI_data
0001f1a0   _HWI_disable
000288b0   _HWI_dispatchTab
0001f1b8   _HWI_enable
0001f1cc   _HWI_restore
000293e4   _IDL_busyObj
000296e8   _IDL_cpuLoad
0001f580   _IDL_loop
ffffffff   _IRAM
0001b240   _IRQ_clear
0001b160   _IRQ_enable
0001b260   _IRQ_globalEnable
00019520   _IRQ_map
00028ba8   _KNL_alarm
0001e5c0   _KNL_check
00028bcc   _KNL_curqueue
00028bbc   _KNL_curtask
00028bc4   _KNL_curtime
00015734   _KNL_dummy
0001e834   _KNL_enter
0001e7e0   _KNL_exit
0001e698   _KNL_idle
00028be4   _KNL_idlefxn
00028bb0   _KNL_inactive
0001eb60   _KNL_ipost
0001e6bc   _KNL_max
00028bd0   _KNL_maxqueue
0001ec20   _KNL_post
00028bc0   _KNL_prevtask
00028bb4   _KNL_priority
00015694   _KNL_queues
0001cca0   _KNL_run
0001dda0   _KNL_saveIsrFrame
00028bb8   _KNL_set
00028bac   _KNL_setpri
00028ed8   _KNL_swi
00028bc8   _KNL_swiptr
0001de6c   _KNL_switch
00028bd8   _KNL_tcreatefxn
00028bdc   _KNL_tdeletefxn
0001d720   _KNL_tick
00028be0   _KNL_treadyfxn
00028bd4   _KNL_tswitchfxn
00028ba0   _KNL_wFlag
00028ba4   _KNL_wList
0001ed10   _LCK_pend
0001ece0   _LCK_post
000296ec   _LNK_dataPump
00028c58   _LNK_dspFrameReadyMask
00028c54   _LNK_dspFrameRequestMask
00028c60   _LNK_readDone
00028c64   _LNK_readFail
00028c5c   _LNK_readPend
00028c68   _LNK_writeFail
000296c0   _LOG_A_TABBEG
000296d8   _LOG_A_TABEND
00000001   _LOG_A_TABLEN
000289bc   _LOG_D_system
0001f020   _LOG_event
000296c0   _LOG_system
0001aba0   _MCBSP_close
0001ac40   _MCBSP_config
0001b280   _MCBSP_getRcvAddr
0001b2a0   _MCBSP_getXmtAddr
0001a480   _MCBSP_open
00019a40   _MCBSP_reset
0001a580   _MCBSP_start
0001b2c0   _MCBSP_write
0001b2e0   _MCBSP_xrdy
00028ca4   _MEM
00028a5c   _MEM_D_NUMSEGMENTS
00028a64   _MEM_D_freelist
00028a68   _MEM_D_lockaddr
00028a60   _MEM_D_memtab
00028a6c   _MEM_D_unlockaddr
00027a20   _MEM_init
00028c14   _MEM_memtab
80008000   _MySinus
800080dc   _MySound
00027c40   _OBJ_init
00015800   _OBJ_segtab
000157c8   _OBJ_table
000293f0   _PIP_A_TABBEG
000294b8   _PIP_A_TABEND
000289fc   _PRD_D_tick
000290dc   _PRD_Sek
00029724   _PRD_clock
00028eac   _PRD_swi
000296f0   _RTA_dispatcher
00029634   _RTA_fromHost
00029650   _RTA_toHost
00027c60   _RTDX_Buffer
0002806c   _RTDX_Buffer_End
00027580   _RTDX_Buffer_Initialize
000276c0   _RTDX_Buffer_Read
000275e0   _RTDX_Buffer_ReadCB
00027640   _RTDX_Buffer_Size
00028068   _RTDX_Buffer_Start
000276e0   _RTDX_Buffer_Write
00026ca0   _RTDX_Buffer_WriteCB
00027680   _RTDX_Final_RT_Monitor
00027500   _RTDX_Init_RT_Monitor
00000002   _RTDX_JTAGONLY
00027720   _RTDX_Mask_IER
000272e0   _RTDX_Mon_Queue
000268a0   _RTDX_Poll
00000000   _RTDX_interrupt_mask
0002807c   _RTDX_writing
00004080   _Ringbuffer_Audio_out
00028c20   _SDRAM
80000000   _SDRAM_base
00008000   _SDRAM_length
00029678   _SEM_LEDToggle
0001f260   _SEM_pend
0001f200   _SEM_pendBinary
0001d220   _SEM_pendEnterKnl
0001e9a0   _SEM_post
0001e9a0   _SEM_postBinary
0001e8c0   _SEM_postEnterKnl
00029300   _STS_A_TABBEG
000293f0   _STS_A_TABEND
0001f0d8   _STS_add
0001f0a0   _STS_delta
0001f104   _STS_reset
0001f5a0   _STS_set
00028fb4   _SWI_ADC_In_Ping
00028fe0   _SWI_ADC_In_Pong
00028f5c   _SWI_ADC_Out_Ping
00028f88   _SWI_ADC_Out_Pong
00028f04   _SWI_BSPLink_In_Ping
00028f30   _SWI_BSPLink_In_Pong
0002900c   _SWI_BSPLink_Out_Ping
00029038   _SWI_BSPLink_Out_Pong
00028a94   _SWI_D_curfxn
00028a84   _SWI_D_curmask
00028a88   _SWI_D_curset
00028a80   _SWI_D_execaddr
00028a9c   _SWI_D_inswi
00028a8c   _SWI_D_lock
00028a98   _SWI_D_rdybeg
00028a7c   _SWI_D_runaddr
00029064   _SWI_Decode_Buffer
00017a98   _SWI_LEDToggle
00028a7c   _SWI_data
0001f2c0   _SWI_disable
0001f2e8   _SWI_enable
0001bfd0   _SWI_post
00028a70   _SYS
00028cac   _SYS_PUTCBEG
00028eab   _SYS_PUTCEND
0001f320   _SYS_abort
0001eda0   _SYS_exit
000159c8   _SYS_exitStack
00028c90   _SYS_exitStackPtr
00028c94   _SYS_exitStackTop
0001a000   _TIMER_open
0001a140   _TIMER_reset
0002971c   _TRC_R_mask
00028c84   _TSK
0001576c   _TSK_ATTRS
00029524   _TSK_LEDTOGGLE
00015788   _TSK_config
0001e120   _TSK_exit
000294c4   _TSK_idle
00027bc0   _TSK_init
00028c7c   _TSK_nTasks
00028c80   _TSK_pid
0001dba0   _TSK_setup
0001e500   _TSK_startup
000157a8   _TSK_timerSem
0001f4c0   _UTL_doAbort
0001f5c0   _UTL_doError
0001f380   _UTL_doPutc
0001f5e0   _UTL_halt
0001e0f0   __CLK_lat1beg
0001e11c   __CLK_lat1end
00019120   __CSL_init
0001bdb4   __GBL_setL2CacheMode
00028a78   __HOOK_NUMHOOKS
00028a74   __HOOK_knlId
0001c4a0   __HWI_lat1beg
0001c620   __HWI_lat1end
0001c620   __HWI_lat2beg
0001c7c0   __HWI_lat2end1
0001c74c   __HWI_lat2end2
0001c7e0   __HWI_lat3beg
0001c8e0   __HWI_lat3end1
0001c77c   __HWI_lat3end2
0001efa0   __IDL_lat1beg
0001eff0   __IDL_lat1end
0001568c   __IRQ_dispatchTable
000155c8   __IRQ_eventTable
0001b360   __IRQ_hookFetchPacket
0001ace0   __IRQ_init
0001564c   __IRQ_intTable
0001e610   __KNL_lat1beg
0001e698   __KNL_lat1end
0001f020   __LOG_lat1beg
00015940   __MCBSP_hDev0
00015944   __MCBSP_hDev1
00015898   __MEM_mutex
0001d018   __RTA_lat1beg
0001d050   __RTA_lat1end
0001d980   __SEM_dopost
00023600   __STACK_END
00004000   __STACK_SIZE
0001c10c   __SWI_lat1beg
0001c1c0   __SWI_lat1end
0001c1c4   __SWI_lat2beg
0001c234   __SWI_lat2end
0001bf60   __SWI_lat3beg
0001bfcc   __SWI_lat3end
000159a4   __TIMER_deviceTable
000159c4   __TIMER_hBios
000159bc   __TIMER_hDev0
000159c0   __TIMER_hDev1
00015870   __TSK_mutex
00015a0c   ___TI_enable_exit_profile_output
ffffffff   ___TI_pprof_out_hndl
ffffffff   ___TI_prof_data_size
ffffffff   ___TI_prof_data_start
0001b1a0   ___add_dtor
00015418   ___atexit_func_id__
ffffffff   ___binit__
000288b0   ___bss__
ffffffff   ___c_args__
00023600   ___cinit__
00000000   ___data__
00000000   ___edata__
00028cac   ___end__
0001b380   ___etext__
00026894   ___pinit__
00015a20   ___text__
0001e2c0   __auto_init
00015a04   __cleanup_ptr
00018720   __divf
00015a08   __dtors_ptr
0001ad80   __fltlif
0001b0c0   __fltulf
00015a10   __lock
0001b300   __nop
0001a760   __nround
0001b320   __register_lock
0001b340   __register_unlock
0001f600   __stack
0001a840   __strasg
00015a14   __unlock
0001a920   _atexit
00011d68   _b_enc
00027b00   _c_int00
00019d60   _call_dtors
00028b68   _configComplete
000158e0   _configEDMABSPLinkRcv
000158f8   _configEDMABSPLinkXmt
0000e640   _configEDMARcv
0000e658   _configEDMAXmt
00015c54   _config_AIC23_EDMA
00017ba0   _config_BSPLink
00017d18   _config_BSPLink_EDMA
000161f8   _config_interrupts
00028b5d   _dataDetected
0000e620   _datainterface_config
00028b18   _debug_buff_i
0000e670   _debug_denum
000169c0   _decode_buffer
00028b54   _decoding_buff_valid
00028b78   _den_f
00015a18   _dtors
0000e6b8   _e_enc
00016d80   _encode_audio_data
00028b5c   _encoding_buff_valid
000176ac   _framing_link_data
00028bec   _hEdmaBSPLinkRcv
00028bf0   _hEdmaBSPLinkRcvRelPing
00028bf4   _hEdmaBSPLinkRcvRelPong
00028bf8   _hEdmaBSPLinkXmt
00028bfc   _hEdmaBSPLinkXmtRelPing
00028c00   _hEdmaBSPLinkXmtRelPong
00028b20   _hEdmaRcv
00028b24   _hEdmaRcvRelPing
00028b28   _hEdmaRcvRelPong
00028b2c   _hEdmaXmt
00028b30   _hEdmaXmtRelPing
00028b34   _hEdmaXmtRelPong
00028b1c   _hMcbsp_AIC23
00028ca8   _hMcbsp_AIC23_Config
00028be8   _hMcbsp_Link
00015a68   _main
00018ca0   _memcpy
0001a260   _memset
0001aa00   _modf
00028b7c   _num_f
000179e0   _read_buffer_audio_out
00028b48   _ringbuff_audio_out_read_i
00028b4c   _ringbuff_audio_out_write_i
00028b64   _ringbuffer_in_ready
00028c74   _rtdxNullChanCnt
00028c78   _rtdxNullFuncCnt
00028070   _rtdx_buffer_state
00028090   _rtdx_mon_state
00028b60   _soundBuffer_i
00028b6c   _t_reg
00015830   _tccAllocTable
00028c04   _tccBSPLinkRcvPing
00028c08   _tccBSPLinkRcvPong
00028c0c   _tccBSPLinkXmtPing
00028c10   _tccBSPLinkXmtPong
00028b38   _tccRcvPing
00028b3c   _tccRcvPong
00028b40   _tccXmtPing
00028b44   _tccXmtPong
00028b66   _time_cnt
00017ac4   _tsk_led_toggle
00019be0   _wait500nS
000177f8   _write_decoding_buffer
0000e6a0   _y_enc
ffffffff   binit
00023600   cinit
00000000   edata
00028cac   end
0001b380   etext
00000000   hwi0
00000020   hwi1
00000140   hwi10
00000160   hwi11
00000180   hwi12
000001a0   hwi13
000001c0   hwi14
000001e0   hwi15
00000040   hwi2
00000060   hwi3
00000080   hwi4
000000a0   hwi5
000000c0   hwi6
000000e0   hwi7
00000100   hwi8
00000120   hwi9
00026894   pinit


GLOBAL SYMBOLS: SORTED BY Symbol Address 

address    name
--------   ----
00000000   .data
00000000   BUF$
00000000   CLK_COUNTSPMSHIGH
00000000   CLK_PRDHIGH
00000000   CLK_TDDR
00000000   CLK_TDDRHIGH
00000000   CLK_TIMERNUM
00000000   DEV$
00000000   DGN$
00000000   DHL$
00000000   DHL_gChannelsAvailable
00000000   DIO$
00000000   DIO_NUMSWIBASE
00000000   DIO_NUMTSKBASE
00000000   DIO_STATIC
00000000   DPI$
00000000   GBL_BIGENDIAN
00000000   GBL_C641XL2PRIORITY
00000000   GBL_CACHE
00000000   GBL_L2CONFIGALLOC
00000000   GBL_L2MARMASK1
00000000   GBL_L2MARMASK2
00000000   GBL_L2MARMASK3
00000000   GBL_L2MARMASK4
00000000   GBL_L2MARMASK5
00000000   GBL_L2MODE
00000000   GBL_L2PRIORITY
00000000   GBL_NULL
00000000   GBL_PROCID
00000000   GBL_ROM
00000000   GBL_SUPPORTCSL
00000000   GIO$
00000000   HOOK$
00000000   HOOK_KNLID
00000000   HST_DSM
00000000   HST_NONE
00000000   HWI_A_VECS
00000000   HWI_GENERATE_RESET_VEC
00000000   HWI_INT10$hwi
00000000   HWI_INT11$hwi
00000000   HWI_INT12$hwi
00000000   HWI_INT13$hwi
00000000   HWI_INT14$hwi
00000000   HWI_INT15$hwi
00000000   HWI_INT4$hwi
00000000   HWI_INT5$hwi
00000000   HWI_INT6$hwi
00000000   HWI_INT7$hwi
00000000   HWI_INT8$hwi
00000000   HWI_INT9$hwi
00000000   HWI_NMI$hwi
00000000   HWI_POLARITYMASK
00000000   HWI_RESERVED0$hwi
00000000   HWI_RESERVED1$hwi
00000000   HWI_RESET
00000000   HWI_RESET$hwi
00000000   IDL_busyObj$iB
00000000   IDL_busyObj$operation
00000000   KNL_swi$pri
00000000   KNL_swi$sts$unittype
00000000   KNL_swi$swi
00000000   LOG_system$datatype
00000000   LOG_system$log
00000000   MBX$
00000000   MEM_NULL
00000000   MEM_USEMPC
00000000   MSGQ$
00000000   MSGQ_USEMSGQ
00000000   OBJ$
00000000   PIP$
00000000   PIP_gNextId
00000000   POOL$
00000000   POOL_USEPOOL
00000000   PRD_Sek$mode
00000000   PRD_Sek$prd
00000000   PRD_Sek$sts$filter
00000000   PRD_swi$sts$unittype
00000000   PRD_swi$swi
00000000   RTA_fromHost$hst
00000000   RTA_fromHost$mode
00000000   RTA_toHost$hst
00000000   RTA_toHost$id
00000000   RTDX_MODE
00000000   RTDX_USERTEXECUTION
00000000   SIO$
00000000   SWI_ADC_In_Ping$sts$unittype
00000000   SWI_ADC_In_Ping$swi
00000000   SWI_ADC_In_Pong$sts$unittype
00000000   SWI_ADC_In_Pong$swi
00000000   SWI_ADC_Out_Ping$sts$unittype
00000000   SWI_ADC_Out_Ping$swi
00000000   SWI_ADC_Out_Pong$sts$unittype
00000000   SWI_ADC_Out_Pong$swi
00000000   SWI_BSPLink_In_Ping$sts$unittype
00000000   SWI_BSPLink_In_Ping$swi
00000000   SWI_BSPLink_In_Pong$sts$unittype
00000000   SWI_BSPLink_In_Pong$swi
00000000   SWI_BSPLink_Out_Ping$sts$unittype
00000000   SWI_BSPLink_Out_Ping$swi
00000000   SWI_BSPLink_Out_Pong$sts$unittype
00000000   SWI_BSPLink_Out_Pong$swi
00000000   SWI_Decode_Buffer$sts$unittype
00000000   SWI_Decode_Buffer$swi
00000000   SWI_EHOOKFXN
00000000   SWI_IHOOKFXN
00000000   TSK_LEDTOGGLE$sts$unittype
00000000   TSK_LEDTOGGLE$tsk
00000000   TSK_NUM_HOOKS
00000000   TSK_READYFXN
00000000   TSK_STACKSEG
00000000   TSK_SWITCHFXN
00000000   TSK_idle$pri
00000000   TSK_idle$sts$unittype
00000000   TSK_idle$tsk
00000000   UDEV$
00000000   _CLK_TDDR
00000000   _CLK_TIMERNUM
00000000   _GBL_CACHE
00000000   _HWI_RESET
00000000   _RTDX_interrupt_mask
00000000   ___data__
00000000   ___edata__
00000000   edata
00000000   hwi0
00000001   BUF_ENABLED
00000001   CLK$
00000001   CLK_CALDIV
00000001   CLK_HTIMEDIV
00000001   CLK_LTIMEDIV
00000001   CLK_USETIMER
00000001   GBL$
00000001   GBL_CALLCSLCFGINIT
00000001   GBL_ENABLEINST
00000001   GBL_L2CONFIGURE
00000001   GBL_L2MARMASK
00000001   GBL_USERINIT
00000001   GBL_boot
00000001   HST$
00000001   HST_RTDX
00000001   HWI$
00000001   HWI_NMI
00000001   HWI_ZEROTAB
00000001   IDL$
00000001   IDL_USECLKIDLTIME
00000001   IDL_busyObj$filter
00000001   IDL_busyObj$iA
00000001   IDL_busyObj$iC
00000001   ISRC$
00000001   KNL_swi$dorta
00000001   KNL_swi$sts$filtmaxmult
00000001   KNL_swi$sts$filtsummult
00000001   LCK$
00000001   LOG$
00000001   LOG_A_TABLEN
00000001   LOG_ENABLED
00000001   MEM$
00000001   MEM_gNumHeap
00000001   PRD$
00000001   PRD_A_TABLEN
00000001   PRD_Sek$ord
00000001   PRD_swi$dorta
00000001   PRD_swi$ord
00000001   PRD_swi$pri
00000001   PRD_swi$sts$filtmaxmult
00000001   PRD_swi$sts$filtsummult
00000001   QUE$
00000001   RTA_fromHost$id
00000001   RTA_toHost$mode
00000001   RTDX$
00000001   RTDX_NORMALIZED_HDR
00000001   RTDX_USERTDX
00000001   SEM$
00000001   STS$
00000001   SWI$
00000001   SWI_ADC_In_Ping$dorta
00000001   SWI_ADC_In_Ping$sts$filtmaxmult
00000001   SWI_ADC_In_Ping$sts$filtsummult
00000001   SWI_ADC_In_Pong$dorta
00000001   SWI_ADC_In_Pong$sts$filtmaxmult
00000001   SWI_ADC_In_Pong$sts$filtsummult
00000001   SWI_ADC_Out_Ping$dorta
00000001   SWI_ADC_Out_Ping$sts$filtmaxmult
00000001   SWI_ADC_Out_Ping$sts$filtsummult
00000001   SWI_ADC_Out_Pong$dorta
00000001   SWI_ADC_Out_Pong$sts$filtmaxmult
00000001   SWI_ADC_Out_Pong$sts$filtsummult
00000001   SWI_BSPLink_In_Ping$dorta
00000001   SWI_BSPLink_In_Ping$sts$filtmaxmult
00000001   SWI_BSPLink_In_Ping$sts$filtsummult
00000001   SWI_BSPLink_In_Pong$dorta
00000001   SWI_BSPLink_In_Pong$sts$filtmaxmult
00000001   SWI_BSPLink_In_Pong$sts$filtsummult
00000001   SWI_BSPLink_Out_Ping$dorta
00000001   SWI_BSPLink_Out_Ping$sts$filtmaxmult
00000001   SWI_BSPLink_Out_Ping$sts$filtsummult
00000001   SWI_BSPLink_Out_Pong$dorta
00000001   SWI_BSPLink_Out_Pong$sts$filtmaxmult
00000001   SWI_BSPLink_Out_Pong$sts$filtsummult
00000001   SWI_Decode_Buffer$dorta
00000001   SWI_Decode_Buffer$sts$filtmaxmult
00000001   SWI_Decode_Buffer$sts$filtsummult
00000001   SYS$
00000001   TSK$
00000001   TSK_LEDTOGGLE$sts$filtmaxmult
00000001   TSK_LEDTOGGLE$sts$filtsummult
00000001   TSK_PRIORITY
00000001   TSK_idle$ord
00000001   TSK_idle$sts$filtmaxmult
00000001   TSK_idle$sts$filtsummult
00000001   _CLK_USETIMER
00000001   _HWI_NMI
00000001   _LOG_A_TABLEN
00000002   HWI_RESERVED0
00000002   IDL_busyObj$unittype
00000002   KNL_swi$ord
00000002   KNL_swi$sts$filter
00000002   PIP_A_TABLEN
00000002   PIP_gNumEmbed
00000002   PRD_Sek$sts$unittype
00000002   PRD_swi$sts$filter
00000002   SWI_ADC_In_Ping$sts$filter
00000002   SWI_ADC_In_Pong$sts$filter
00000002   SWI_ADC_Out_Ping$sts$filter
00000002   SWI_ADC_Out_Pong$sts$filter
00000002   SWI_BSPLink_In_Ping$sts$filter
00000002   SWI_BSPLink_In_Pong$sts$filter
00000002   SWI_BSPLink_Out_Ping$sts$filter
00000002   SWI_BSPLink_Out_Pong$sts$filter
00000002   SWI_Decode_Buffer$sts$filter
00000002   TSK_LEDTOGGLE$pri
00000002   TSK_LEDTOGGLE$sts$filter
00000002   TSK_idle$sts$filter
00000002   _HWI_RESERVED0
00000002   _RTDX_JTAGONLY
00000003   HWI_RESERVED1
00000003   SWI_BSPLink_In_Ping$ord
00000003   SWI_Decode_Buffer$pri
00000003   TSK_LEDTOGGLE$ord
00000003   _HWI_RESERVED1
00000004   CLK_CALMULT
00000004   CLK_HTIMEMULT
00000004   HWI_INT4
00000004   RTA_fromHost$framesize
00000004   SWI_ADC_In_Ping$pri
00000004   SWI_ADC_In_Pong$pri
00000004   SWI_ADC_Out_Ping$pri
00000004   SWI_ADC_Out_Pong$pri
00000004   SWI_BSPLink_In_Pong$ord
00000004   _HWI_INT4
00000005   HWI_INT5
00000005   SWI_ADC_Out_Ping$ord
00000005   _HWI_INT5
00000006   HWI_INT6
00000006   IDL_CALIBRERROR
00000006   SWI_ADC_Out_Pong$ord
00000006   _HWI_INT6
00000007   HWI_INT7
00000007   SWI_ADC_In_Ping$ord
00000007   SWI_BSPLink_In_Pong$pri
00000007   SWI_BSPLink_Out_Pong$pri
00000007   _HWI_INT7
00000008   HWI_INT8
00000008   PRD_SCALAR
00000008   SWI_ADC_In_Pong$ord
00000008   SWI_BSPLink_In_Ping$pri
00000008   SWI_BSPLink_Out_Ping$pri
00000008   _HWI_INT8
00000009   HWI_INT9
00000009   SWI_BSPLink_Out_Ping$ord
00000009   _HWI_INT9
0000000a   HWI_INT10
0000000a   SWI_BSPLink_Out_Pong$ord
0000000a   _HWI_INT10
0000000b   HWI_INT11
0000000b   SWI_A_TABLEN
0000000b   SWI_Decode_Buffer$ord
0000000b   _HWI_INT11
0000000c   HWI_INT12
0000000c   _HWI_INT12
0000000d   HWI_INT13
0000000d   _HWI_INT13
0000000e   HWI_INT14
0000000e   _HWI_INT14
0000000f   HWI_INT15
0000000f   _HWI_INT15
00000020   CLK_TCR
00000020   hwi1
0000003e   GBL_DSPTYPE
00000040   HST_MAXFRAMESET
00000040   LOG_system$size
00000040   RTA_toHost$framesize
00000040   hwi2
00000042   GBL_FOOTPRINT
00000060   hwi3
00000064   PIP_OBJSIZE
00000080   hwi4
000000a0   hwi5
000000c0   hwi6
000000e0   hwi7
000000ff   HST_MAXFRAMEALLOWED
00000100   hwi8
00000120   hwi9
00000140   hwi10
00000160   hwi11
00000180   hwi12
000001a0   hwi13
000001c0   hwi14
000001e0   hwi15
00000200   _AIC_Buffer_in_ping
000003e8   CLK_MICROSECS
000003e8   PRD_Sek$period
00000400   HST_DSMMEMSIZE
00000400   TSK_STACKSIZE
00000408   RTDX_BUFMEMSIZE
000011a0   _AIC_Buffer_in_pong
00001770   GBL_CLKTYPE
00001a39   GBL_DSPSUBTYPE
00002140   _AIC_Buffer_out_ping
00002226   GBL_L2ALLOC
000030e0   _AIC_Buffer_out_pong
00004000   CLK_INTBIT
00004000   __STACK_SIZE
00004080   _Ringbuffer_Audio_out
00004e20   GBL_CLKIN
00005205   GBL_A_VERSION
00005308   HWI_CFGDISPATCHED
00005308   _HWI_CFGDISPATCHED
00006790   _Decoding_Buffer
00006f60   _Encoding_Buffer
00007730   _Debug_Buff
00008000   SDRAM$L
00008000   _SDRAM_length
0000c550   _BSPLinkBuffer_in_ping
0000cd84   _BSPLinkBuffer_in_pong
0000d5b8   _BSPLinkBuffer_out_ping
0000dbba   CLK_COUNTSPMS
0000dbba   CLK_HTIMEPERLTIME
0000dbba   CLK_PRD
0000dbba   _CLK_COUNTSPMS
0000dbba   _CLK_PRD
0000dbef   GBL_TRCMASKVALUE
0000ddec   _BSPLinkBuffer_out_pong
0000e620   _datainterface_config
0000e640   _configEDMARcv
0000e658   _configEDMAXmt
0000e670   _debug_denum
0000e6a0   _y_enc
0000e6b8   _e_enc
00011d68   _b_enc
00015418   ___atexit_func_id__
000155c8   __IRQ_eventTable
0001564c   __IRQ_intTable
0001568c   __IRQ_dispatchTable
00015694   _KNL_queues
00015734   _KNL_dummy
0001576c   _TSK_ATTRS
00015788   _TSK_config
000157a8   _TSK_timerSem
000157c8   _OBJ_table
00015800   _OBJ_segtab
00015830   _tccAllocTable
00015870   __TSK_mutex
00015898   __MEM_mutex
000158c0   _BSPLink_interface_config
000158e0   _configEDMABSPLinkRcv
000158f8   _configEDMABSPLinkXmt
00015940   __MCBSP_hDev0
00015944   __MCBSP_hDev1
000159a4   __TIMER_deviceTable
000159bc   __TIMER_hDev0
000159c0   __TIMER_hDev1
000159c4   __TIMER_hBios
000159c8   _SYS_exitStack
00015a04   __cleanup_ptr
00015a08   __dtors_ptr
00015a0c   ___TI_enable_exit_profile_output
00015a10   __lock
00015a14   __unlock
00015a18   _dtors
00015a1c   _DSK6713_version
00015a20   .text
00015a20   ___text__
00015a68   _main
00015c54   _config_AIC23_EDMA
000161f8   _config_interrupts
0001628c   _EDMA_ISR
000166c0   _ADC_Out_Ping
00016700   _ADC_Out_Pong
00016740   _ADC_In_Ping
00016780   _ADC_In_Pong
000167c0   _BSPLink_In_Ping
00016814   _BSPLink_In_Pong
00016868   _BSPLink_Out_Ping
00016914   _BSPLink_Out_Pong
000169c0   _decode_buffer
00016d80   _encode_audio_data
000176ac   _framing_link_data
000177f8   _write_decoding_buffer
000179e0   _read_buffer_audio_out
00017a98   _SWI_LEDToggle
00017ac4   _tsk_led_toggle
00017ba0   _config_BSPLink
00017d18   _config_BSPLink_EDMA
000182ec   _DSK6713_init
00018608   _DSK6713_rget
0001861c   _DSK6713_rset
00018630   _DSK6713_wait
00018688   _DSK6713_waitusec
000186b4   _DSK6713_getVersion
00018720   __divf
00018a20   _EDMA_open
00018ca0   _memcpy
00018ee0   _Config_DSK6713_AIC23
00019120   __CSL_init
00019340   _DSK6713_LED_init
00019380   _DSK6713_LED_off
000193f0   _DSK6713_LED_on
00019460   _DSK6713_LED_toggle
00019520   _IRQ_map
000198a0   _EDMA_allocTable
00019a40   _MCBSP_reset
00019be0   _wait500nS
00019c08   GBL_USERINITFXN
00019c08   _GBL_setPLLto225MHz
00019d60   _call_dtors
00019ec0   _EDMA_reset
0001a000   _TIMER_open
0001a140   _TIMER_reset
0001a260   _memset
0001a380   _EDMA_intAlloc
0001a480   _MCBSP_open
0001a580   _MCBSP_start
0001a680   _EDMA_config
0001a760   __nround
0001a840   __strasg
0001a920   _atexit
0001aa00   _modf
0001aba0   _MCBSP_close
0001ac40   _MCBSP_config
0001ace0   __IRQ_init
0001ad80   __fltlif
0001aec0   _DSK6713_DIP_init
0001aec8   _DSK6713_DIP_get
0001af40   _EDMA_disableChannel
0001afa0   _EDMA_enableChannel
0001b000   _EDMA_intEnable
0001b060   _EDMA_qdmaConfig
0001b0c0   __fltulf
0001b120   _EDMA_link
0001b160   _IRQ_enable
0001b1a0   ___add_dtor
0001b1e0   _CSL6713_LIB_
0001b200   _EDMA_intClear
0001b220   _EDMA_intTest
0001b240   _IRQ_clear
0001b260   _IRQ_globalEnable
0001b280   _MCBSP_getRcvAddr
0001b2a0   _MCBSP_getXmtAddr
0001b2c0   _MCBSP_write
0001b2e0   _MCBSP_xrdy
0001b300   __nop
0001b320   __register_lock
0001b340   __register_unlock
0001b360   __IRQ_hookFetchPacket
0001b380   LNK_F_checkBufferCall
0001b380   ___etext__
0001b380   etext
0001b3a0   LNK_F_getChanPtr
0001b3f8   LNK_F_init
0001b400   LNK_F_dataPump
0001b414   LNK_rcloop
0001b4e0   LNK_rdrtry
0001b4f0   LNK_rrloop
0001b5b4   LNK_wrrtry
0001b5c4   LNK_wrloop
0001b6a0   LNK_newin
0001b7e0   LNK_newout
0001b944   LNK_F_readCallBack
0001bdb4   __GBL_setL2CacheMode
0001bf60   SWI_F_enable
0001bf60   __SWI_lat3beg
0001bfcc   __SWI_lat3end
0001bfd0   SWI_F_post
0001bfd0   _SWI_post
0001c10c   __SWI_lat1beg
0001c17c   SWI_EXECFXN
0001c17c   SWI_F_exec
0001c1a8   SWI_F_iexec
0001c1c0   __SWI_lat1end
0001c1c4   __SWI_lat2beg
0001c234   __SWI_lat2end
0001c238   SWI_F_run
0001c238   SWI_RUNFXN
0001c4a0   CLK_HOOKFXN
0001c4a0   HWI_F_dispatch
0001c4a0   _HWI_F_dispatch
0001c4a0   __HWI_lat1beg
0001c620   __HWI_lat1end
0001c620   __HWI_lat2beg
0001c74c   __HWI_lat2end2
0001c77c   __HWI_lat3end2
0001c7c0   __HWI_lat2end1
0001c7e0   __HWI_lat3beg
0001c8e0   __HWI_lat3end1
0001c900   PRD_F_swi
0001cbc0   PRD_F_tick
0001cca0   _KNL_run
0001cf60   RTA_F_getlog
0001cfa4   RTA_F_getsts
0001cfec   RTA_F_readblk
0001d00c   RTA_F_writeword
0001d018   RTA_F_resetmem
0001d018   __RTA_lat1beg
0001d050   __RTA_lat1end
0001d058   RTA_F_dispatch
0001d0a8   RTA_execute
0001d220   _SEM_pendEnterKnl
0001d720   PRD_THOOKFXN
0001d720   _KNL_tick
0001d740   PIP_F_take
0001d7d4   PIP_F_give
0001d7d4   PIP_F_probe
0001d8a8   PIP_F_start
0001d980   __SEM_dopost
0001dba0   _TSK_setup
0001dda0   _KNL_saveIsrFrame
0001de6c   _KNL_switch
0001df20   KNL_glue
0001df60   CLK_F_getltime
0001df74   CLK_F_isr
0001e0d4   CLK_F_itime
0001e0d4   _CLK_F_itime
0001e0d4   _CLK_itime
0001e0f0   __CLK_lat1beg
0001e11c   __CLK_lat1end
0001e120   _TSK_exit
0001e2c0   __auto_init
0001e500   _TSK_startup
0001e5c0   _KNL_check
0001e610   __KNL_lat1beg
0001e698   _KNL_idle
0001e698   __KNL_lat1end
0001e6bc   _KNL_max
0001e700   _GBL_cslCacheInit
0001e7e0   _KNL_exit
0001e834   _KNL_enter
0001e8c0   _SEM_postEnterKnl
0001e9a0   _SEM_post
0001e9a0   _SEM_postBinary
0001ea80   _CLK_measure
0001eb60   _KNL_ipost
0001ec20   _KNL_post
0001ece0   _LCK_post
0001ed10   _LCK_pend
0001eda0   _SYS_exit
0001ee60   CLK_F_getfhtime
0001ee80   CLK_F_gethtime
0001ee80   CLK_F_getshtime
0001ee80   CLK_TIMEFXN
0001ef20   FXN_F_nop
0001ef28   FXN_F_run
0001ef28   _FXN_F_run
0001ef78   FXN_F_zero
0001ef78   _FXN_F_zero
0001efa0   IDL_F_busy
0001efa0   __IDL_lat1beg
0001eff0   __IDL_lat1end
0001f020   LOG_F_event
0001f020   _LOG_event
0001f020   __LOG_lat1beg
0001f0a0   STS_F_delta
0001f0a0   _STS_delta
0001f0d8   STS_F_add
0001f0d8   _STS_add
0001f104   STS_F_reset
0001f104   _STS_reset
0001f120   IDL_F_calibrate
0001f1a0   _HWI_disable
0001f1b8   _HWI_enable
0001f1cc   _HWI_restore
0001f200   _SEM_pendBinary
0001f260   _SEM_pend
0001f2c0   _SWI_disable
0001f2e8   _SWI_enable
0001f320   _SYS_abort
0001f380   SYS_PUTCFXN
0001f380   _UTL_doPutc
0001f3e0   _CLK_start
0001f440   IDL_CALIBRFXN
0001f440   IDL_F_stub
0001f480   RTA_F_andn
0001f4a0   RTA_F_or
0001f4c0   SYS_ABORTFXN
0001f4c0   _UTL_doAbort
0001f500   _CLK_stop
0001f540   GIO_CREATEFXN
0001f540   GIO_DELETEFXN
0001f540   GIO_PENDFXN
0001f540   GIO_POSTFXN
0001f540   TSK_VCREATEFXN
0001f540   TSK_VDELETEFXN
0001f540   TSK_VEXITFXN
0001f540   _FXN_F_nop
0001f560   _GBL_getVersion
0001f580   IDL_F_loop
0001f580   _IDL_loop
0001f5a0   _STS_set
0001f5c0   SYS_ERRORFXN
0001f5c0   _UTL_doError
0001f5e0   SYS_EXITFXN
0001f5e0   _UTL_halt
0001f600   GBL_stackbeg
0001f600   _HWI_STKTOP
0001f600   __stack
000235f8   _HWI_STKBOTTOM
000235ff   GBL_stackend
00023600   __STACK_END
00023600   ___cinit__
00023600   cinit
00026894   ___pinit__
00026894   pinit
000268a0   _RTDX_Poll
00026ca0   _RTDX_Buffer_WriteCB
000272e0   _RTDX_Mon_Queue
00027500   _RTDX_Init_RT_Monitor
00027580   _RTDX_Buffer_Initialize
000275e0   _RTDX_Buffer_ReadCB
00027640   _RTDX_Buffer_Size
00027680   _RTDX_Final_RT_Monitor
000276c0   _RTDX_Buffer_Read
000276e0   _RTDX_Buffer_Write
00027720   _RTDX_Mask_IER
00027740   BIOS_init
00027740   _BIOS_init
000278bc   BIOS$$CLKON
000278fc   BIOS$$CLKOFF
00027964   BIOS_start
00027964   _BIOS_start
00027a20   _MEM_init
00027b00   _c_int00
00027bc0   _TSK_init
00027c40   _OBJ_init
00027c60   _RTDX_Buffer
00028068   _RTDX_Buffer_Start
0002806c   _RTDX_Buffer_End
00028070   _rtdx_buffer_state
0002807c   _RTDX_writing
00028090   _rtdx_mon_state
000280b0   TSK_LEDTOGGLE$stack
00028448   TSK_LEDTOGGLE$stkptr
000284b0   TSK_idle$stack
00028848   TSK_idle$stkptr
000288b0   $bss
000288b0   .bss
000288b0   _HWI_dispatchTab
000288b0   ___bss__
000289b0   IDL_D_tabbeg
000289b4   IDL_D_calibrate
000289b8   IDL_D_calbeg
000289bc   LOG_D_system
000289bc   _LOG_D_system
000289c0   PIP_D_tabbeg
000289c4   PIP_D_tablen
000289c8   CLK_R_time
000289cc   CLK_D_timefxn
000289d0   CLK_D_tabbeg
000289d4   CLK_D_isrhook
000289d8   CLK_D_idletime
000289dc   _CLK_htimeDiv
000289e0   _CLK_htimeMult
000289e4   _CLK_ltimeDiv
000289e8   _CLK_ltimeMult
000289ec   _CLK_D_dirty
000289f0   _CLK_D_prd
000289f4   _CLK_D_tddr
000289f8   _CLK_D_countspms
000289fc   PRD_D_tick
000289fc   _PRD_D_tick
00028a00   PRD_D_cur
00028a04   PRD_D_elapsed
00028a08   PRD_D_prevtim
00028a0c   PRD_D_scalar
00028a10   PRD_D_swihandle
00028a14   PRD_D_tabbeg
00028a18   PRD_D_tablen
00028a1c   PRD_D_thook
00028a20   RTA_D_fromHost
00028a24   RTA_D_toHost
00028a28   RTA_D_logval
00028a38   RTA_D_stsval
00028a44   HST_D_chanmask
00028a48   HST_D_tabbeg
00028a4c   HST_D_tabend
00028a50   _GBL_procId
00028a54   _GBL_clkIn
00028a58   _GBL_freq
00028a5c   _MEM_D_NUMSEGMENTS
00028a60   _MEM_D_memtab
00028a64   _MEM_D_freelist
00028a68   _MEM_D_lockaddr
00028a6c   _MEM_D_unlockaddr
00028a70   _SYS
00028a74   __HOOK_knlId
00028a78   __HOOK_NUMHOOKS
00028a7c   SWI_D_runaddr
00028a7c   _SWI_D_runaddr
00028a7c   _SWI_data
00028a80   SWI_D_execaddr
00028a80   _SWI_D_execaddr
00028a84   SWI_D_curmask
00028a84   _SWI_D_curmask
00028a88   SWI_D_curset
00028a88   _SWI_D_curset
00028a8c   SWI_D_lock
00028a8c   _SWI_D_lock
00028a90   SWI_D_curmbox
00028a94   SWI_D_curfxn
00028a94   _SWI_D_curfxn
00028a98   SWI_D_rdybeg
00028a98   _SWI_D_rdybeg
00028a9c   SWI_D_inswi
00028a9c   _SWI_D_inswi
00028aa0   SWI_D_rdytab
00028b18   _debug_buff_i
00028b1c   _hMcbsp_AIC23
00028b20   _hEdmaRcv
00028b24   _hEdmaRcvRelPing
00028b28   _hEdmaRcvRelPong
00028b2c   _hEdmaXmt
00028b30   _hEdmaXmtRelPing
00028b34   _hEdmaXmtRelPong
00028b38   _tccRcvPing
00028b3c   _tccRcvPong
00028b40   _tccXmtPing
00028b44   _tccXmtPong
00028b48   _ringbuff_audio_out_read_i
00028b4c   _ringbuff_audio_out_write_i
00028b50   _Decoding_Buffer_i
00028b54   _decoding_buff_valid
00028b58   _Encoding_Buffer_i
00028b5c   _encoding_buff_valid
00028b5d   _dataDetected
00028b60   _soundBuffer_i
00028b64   _ringbuffer_in_ready
00028b66   _time_cnt
00028b68   _configComplete
00028b6c   _t_reg
00028b70   _ENCODER
00028b74   _DECODER
00028b78   _den_f
00028b7c   _num_f
00028ba0   _KNL_wFlag
00028ba4   _KNL_wList
00028ba8   _KNL_alarm
00028bac   _KNL_setpri
00028bb0   _KNL_inactive
00028bb4   _KNL_priority
00028bb8   _KNL_set
00028bbc   _KNL_curtask
00028bc0   _KNL_prevtask
00028bc4   _KNL_curtime
00028bc8   _KNL_swiptr
00028bcc   _KNL_curqueue
00028bd0   _KNL_maxqueue
00028bd4   _KNL_tswitchfxn
00028bd8   _KNL_tcreatefxn
00028bdc   _KNL_tdeletefxn
00028be0   _KNL_treadyfxn
00028be4   _KNL_idlefxn
00028be8   _hMcbsp_Link
00028bec   _hEdmaBSPLinkRcv
00028bf0   _hEdmaBSPLinkRcvRelPing
00028bf4   _hEdmaBSPLinkRcvRelPong
00028bf8   _hEdmaBSPLinkXmt
00028bfc   _hEdmaBSPLinkXmtRelPing
00028c00   _hEdmaBSPLinkXmtRelPong
00028c04   _tccBSPLinkRcvPing
00028c08   _tccBSPLinkRcvPong
00028c0c   _tccBSPLinkXmtPing
00028c10   _tccBSPLinkXmtPong
00028c14   _MEM_memtab
00028c20   MEM_MALLOCSEG
00028c20   MEM_SEGZERO
00028c20   SDRAM
00028c20   _SDRAM
00028c24   RTA_fromHost$pipe$dtab
00028c30   RTA_toHost$pipe$dtab
00028c3c   HWI_D_spsave
00028c3c   _HWI_D_spsave
00028c3c   _HWI_data
00028c48   _HWI_D_inhwi
00028c4c   HWI_D_bss
00028c50   HWI_D_ccmask
00028c54   LNK_dspFrameRequestMask
00028c54   _LNK_dspFrameRequestMask
00028c58   LNK_dspFrameReadyMask
00028c58   _LNK_dspFrameReadyMask
00028c5c   LNK_readPend
00028c5c   _LNK_readPend
00028c60   LNK_readDone
00028c60   _LNK_readDone
00028c64   LNK_readFail
00028c64   _LNK_readFail
00028c68   LNK_writeFail
00028c68   _LNK_writeFail
00028c74   _rtdxNullChanCnt
00028c78   _rtdxNullFuncCnt
00028c7c   _TSK_nTasks
00028c80   _TSK_pid
00028c84   _TSK
00028c88   _CLK_DFLTMICROSECS
00028c8c   _CLK_D_microseconds
00028c90   _SYS_exitStackPtr
00028c94   _SYS_exitStackTop
00028c98   _CLK_htimePerLtime
00028ca0   IDL_D_busyObj
00028ca4   _MEM
00028ca8   _hMcbsp_AIC23_Config
00028cac   _SYS_PUTCBEG
00028cac   ___end__
00028cac   end
00028eab   _SYS_PUTCEND
00028eac   PRD_SWIHANDLE
00028eac   PRD_swi
00028eac   SWI_A_TABBEG
00028eac   _PRD_swi
00028ed8   KNL_swi
00028ed8   _KNL_swi
00028f04   SWI_BSPLink_In_Ping
00028f04   _SWI_BSPLink_In_Ping
00028f30   SWI_BSPLink_In_Pong
00028f30   _SWI_BSPLink_In_Pong
00028f5c   SWI_ADC_Out_Ping
00028f5c   _SWI_ADC_Out_Ping
00028f88   SWI_ADC_Out_Pong
00028f88   _SWI_ADC_Out_Pong
00028fb4   SWI_ADC_In_Ping
00028fb4   _SWI_ADC_In_Ping
00028fe0   SWI_ADC_In_Pong
00028fe0   _SWI_ADC_In_Pong
0002900c   SWI_BSPLink_Out_Ping
0002900c   _SWI_BSPLink_Out_Ping
00029038   SWI_BSPLink_Out_Pong
00029038   _SWI_BSPLink_Out_Pong
00029064   SWI_Decode_Buffer
00029064   _SWI_Decode_Buffer
00029090   SWI_A_TABEND
000290dc   PRD_A_TABBEG
000290dc   PRD_Sek
000290dc   _PRD_Sek
000290f8   PRD_Sek$aaa
000290fc   PRD_A_TABEND
00029100   LOG_system$buf
00029200   RTA_toHost$buf
00029300   PRD_Sek$sts$stsobj
00029300   STS_A_TABBEG
00029300   _STS_A_TABBEG
00029304   PRD_Sek$sts
00029310   PRD_swi$sts$stsobj
00029314   PRD_swi$sts
00029320   KNL_swi$sts$stsobj
00029324   KNL_swi$sts
00029330   SWI_BSPLink_In_Ping$sts$stsobj
00029334   SWI_BSPLink_In_Ping$sts
00029340   SWI_BSPLink_In_Pong$sts$stsobj
00029344   SWI_BSPLink_In_Pong$sts
00029350   SWI_ADC_Out_Ping$sts$stsobj
00029354   SWI_ADC_Out_Ping$sts
00029360   SWI_ADC_Out_Pong$sts$stsobj
00029364   SWI_ADC_Out_Pong$sts
00029370   SWI_ADC_In_Ping$sts$stsobj
00029374   SWI_ADC_In_Ping$sts
00029380   SWI_ADC_In_Pong$sts$stsobj
00029384   SWI_ADC_In_Pong$sts
00029390   SWI_BSPLink_Out_Ping$sts$stsobj
00029394   SWI_BSPLink_Out_Ping$sts
000293a0   SWI_BSPLink_Out_Pong$sts$stsobj
000293a4   SWI_BSPLink_Out_Pong$sts
000293b0   SWI_Decode_Buffer$sts$stsobj
000293b4   SWI_Decode_Buffer$sts
000293c0   TSK_idle$sts$stsobj
000293c4   TSK_idle$sts
000293d0   TSK_LEDTOGGLE$sts$stsobj
000293d4   TSK_LEDTOGGLE$sts
000293e0   IDL_busyObj$stsobj
000293e4   IDL_busyObj
000293e4   _IDL_busyObj
000293f0   PIP_A_TABBEG
000293f0   RTA_fromHost$pipe
000293f0   STS_A_TABEND
000293f0   _PIP_A_TABBEG
000293f0   _STS_A_TABEND
000293f4   RTA_fromHost$pipe$rd
00029420   RTA_fromHost$pipe$aaa
00029424   RTA_fromHost$pipe$wr
00029450   RTA_fromHost$pipe$bbb
00029454   RTA_toHost$pipe
00029458   RTA_toHost$pipe$rd
00029484   RTA_toHost$pipe$aaa
00029488   RTA_toHost$pipe$wr
000294b4   RTA_toHost$pipe$bbb
000294b8   PIP_A_TABEND
000294b8   _PIP_A_TABEND
000294c4   TSK_idle
000294c4   _TSK_idle
00029524   TSK_LEDTOGGLE
00029524   _TSK_LEDTOGGLE
0002962d   PRD_Sek$sts$maxfmt
00029630   HST_A_TABBEG
00029630   _HST_A_TABBEG
00029634   RTA_fromHost
00029634   _RTA_fromHost
00029636   PRD_Sek$sts$sumfmt
0002963c   RTA_fromHost$rtdx
0002963f   PRD_Sek$sts$avgfmt
0002964a   PRD_swi$sts$maxfmt
00029650   RTA_toHost
00029650   _RTA_toHost
00029652   PRD_swi$sts$sumfmt
00029658   RTA_toHost$rtdx
0002965a   PRD_swi$sts$avgfmt
00029664   KNL_swi$sts$maxfmt
0002966c   HST_A_TABEND
0002966c   KNL_swi$sts$sumfmt
0002966c   _HST_A_TABEND
00029674   KNL_swi$sts$avgfmt
00029678   SEM_LEDToggle
00029678   _SEM_LEDToggle
0002967e   SWI_BSPLink_In_Ping$sts$maxfmt
00029686   SWI_BSPLink_In_Ping$sts$sumfmt
0002968e   SWI_BSPLink_In_Ping$sts$avgfmt
00029698   SWI_BSPLink_In_Pong$sts$maxfmt
000296a0   SWI_BSPLink_In_Pong$sts$sumfmt
000296a8   SWI_BSPLink_In_Pong$sts$avgfmt
000296b2   SWI_ADC_Out_Ping$sts$maxfmt
000296ba   SWI_ADC_Out_Ping$sts$sumfmt
000296c0   LOG_A_TABBEG
000296c0   LOG_system
000296c0   _LOG_A_TABBEG
000296c0   _LOG_system
000296c2   SWI_ADC_Out_Ping$sts$avgfmt
000296cc   SWI_ADC_Out_Pong$sts$maxfmt
000296d4   SWI_ADC_Out_Pong$sts$sumfmt
000296d8   LOG_A_TABEND
000296d8   RTA_fromHost$buf
000296d8   _LOG_A_TABEND
000296dc   SWI_ADC_Out_Pong$sts$avgfmt
000296e6   SWI_ADC_In_Ping$sts$maxfmt
000296e8   IDL_A_TABBEG
000296e8   IDL_cpuLoad
000296e8   _IDL_cpuLoad
000296ec   LNK_dataPump
000296ec   _LNK_dataPump
000296ee   SWI_ADC_In_Ping$sts$sumfmt
000296f0   RTA_dispatcher
000296f0   _RTA_dispatcher
000296f4   IDL_END
000296f6   SWI_ADC_In_Ping$sts$avgfmt
000296f8   IDL_A_CALBEG
000296f8   IDL_cpuLoad$
000296fc   LNK_dataPump$
00029700   RTA_dispatcher$
00029700   SWI_ADC_In_Pong$sts$maxfmt
00029704   IDL_END$
00029708   SWI_ADC_In_Pong$sts$sumfmt
00029708   SYS$config
00029710   SWI_ADC_In_Pong$sts$avgfmt
00029718   TRC_cinit
0002971a   SWI_BSPLink_Out_Ping$sts$maxfmt
0002971c   TRC_R_mask
0002971c   _TRC_R_mask
00029720   GBL_initdone
00029722   SWI_BSPLink_Out_Ping$sts$sumfmt
00029724   CLK_A_TABBEG
00029724   PRD_clock
00029724   _PRD_clock
00029728   CLK_null
0002972a   SWI_BSPLink_Out_Ping$sts$avgfmt
00029734   SWI_BSPLink_Out_Pong$sts$maxfmt
0002973c   SWI_BSPLink_Out_Pong$sts$sumfmt
00029744   SWI_BSPLink_Out_Pong$sts$avgfmt
0002974e   SWI_Decode_Buffer$sts$maxfmt
00029756   SWI_Decode_Buffer$sts$sumfmt
0002975e   SWI_Decode_Buffer$sts$avgfmt
00029768   TSK_idle$sts$maxfmt
00029770   TSK_idle$sts$sumfmt
00029778   TSK_idle$sts$avgfmt
00029782   TSK_LEDTOGGLE$sts$maxfmt
0002978a   TSK_LEDTOGGLE$sts$sumfmt
00029792   TSK_LEDTOGGLE$sts$avgfmt
0002979c   IDL_busyObj$maxfmt
0002979f   IDL_busyObj$sumfmt
000297a2   IDL_busyObj$avgfmt
00036ee8   CLK_LTIMEMULT
00036ee8   GBL_FREQ
01940000   CLK_REGS
01940000   _CLK_REGS
082039a3   HWI_INTRMULTHIGH
250718a4   HWI_INTRMULTLOW
80000000   SDRAM$B
80000000   _SDRAM_base
80008000   _MySinus
800080dc   _MySound
ffffffff   HST_DSMBUFSEG
ffffffff   IRAM
ffffffff   RTDX_DATAMEMSEG
ffffffff   _IRAM
ffffffff   ___TI_pprof_out_hndl
ffffffff   ___TI_prof_data_size
ffffffff   ___TI_prof_data_start
ffffffff   ___binit__
ffffffff   ___c_args__
ffffffff   binit

[1013 symbols]
