******************************************************************************
               TMS320C6x Linker PC v7.4.16                     
******************************************************************************
>> Linked Tue Jun 21 13:59:15 2016

OUTPUT FILE NAME:   <my_dsp_project.out>
ENTRY POINT SYMBOL: "_c_int00"  address: 0001ff20


MEMORY CONFIGURATION

         name            origin    length      used     unused   attr    fill
----------------------  --------  ---------  --------  --------  ----  --------
  IRAM                  00000000   00080000  00021b41  0005e4bf  RWIX
  SDRAM                 80000000   00800000  000099de  007f6622  RWIX


SECTION ALLOCATION MAP

 output                                  attributes/
section   page    origin      length       input sections
--------  ----  ----------  ----------   ----------------
.data      0    00000000    00000000     UNINITIALIZED

.vers      0    00000000    00000044     COPY SECTION
                  00000000    00000044     my_dsp_projectcfg.obj (.vers)

.hwi_vec   0    00000000    00000200     
                  00000000    00000200     my_dsp_projectcfg.obj (.hwi_vec)

.far       0    00000200    00007418     UNINITIALIZED
                  00000200    00006e10     skeleton.obj (.far)
                  00007010    00000188     rts6700.lib : atexit.obj (.far)
                  00007198    000000f4     csl6713.lib : csl_irq.obj (.far)
                  0000728c    000000d8     bios.a67 : knl.o67 (.far)
                  00007364    0000005c              : tsk.o67 (.far)
                  000073c0    00000054              : obj_init.o67 (.far)
                  00007414    00000054     csl6713.lib : csl_edma.obj (.far)
                  00007468    00000050     bios.a67 : tsk_stup.o67 (.far)
                  000074b8    00000050     config_BSPLink.obj (.far)
                  00007508    00000038     csl6713.lib : csl_mcbsp.obj (.far)
                  00007540    00000034     config_AIC23.obj (.far)
                  00007574    00000028     csl6713.lib : csl.obj (.far)
                  0000759c    00000024                 : csl_timer.obj (.far)
                  000075c0    00000020     bios.a67 : sys.o67 (.far)
                  000075e0    00000010              : knl_tick.o67 (.far)
                  000075f0    0000000c              : utl_putc.o67 (.far)
                  000075fc    0000000c     rts6700.lib : exit.obj (.far)
                  00007608    00000008                 : _lock.obj (.far)
                  00007610    00000004                 : sinit.obj (.far)
                  00007614    00000002     dsk6713bsl.lib : dsk6713.obj (.far)
                  00007616    00000002                    : dsk6713_led.obj (.far)

.datenpuffer 
*          0    00007618    00006720     UNINITIALIZED
                  00007618    000055f0     skeleton.obj (.datenpuffer)
                  0000cc08    00001130     config_BSPLink.obj (.datenpuffer)

.clk       0    0000dd38    00000008     UNINITIALIZED
                  0000dd38    00000008     my_dsp_projectcfg.obj (.clk)

.text      0    0000dd40    00005a40     
                  0000dd40    00002380     skeleton.obj (.text)
                  000100c0    00000700     config_BSPLink.obj (.text)
                  000107c0    00000480     dsk6713bsl.lib : dsk6713.obj (.text)
                  00010c40    00000300     rts6700.lib : divf.obj (.text:__divf)
                  00010f40    00000280     csl6713.lib : csl_edma.obj (.text:_EDMA_open)
                  000111c0    00000240     rts6700.lib : memcpy62.obj (.text:_memcpy)
                  00011400    00000240     config_AIC23.obj (.text)
                  00011640    00000220     csl6713.lib : csl.obj (.text:__CSL_init)
                  00011860    000001e0     dsk6713bsl.lib : dsk6713_led.obj (.text)
                  00011a40    000001c0     csl6713.lib : csl_irq.obj (.text:_IRQ_map)
                  00011c00    000001c0                 : csl_irq.obj (.text:_mux2Tables)
                  00011dc0    000001a0                 : csl_edma.obj (.text:_EDMA_allocTable)
                  00011f60    000001a0                 : csl_mcbsp.obj (.text:_MCBSP_reset)
                  00012100    00000180     bios.a67 : gbl_cslpllinit62.o67 (.text)
                  00012280    00000160     rts6700.lib : sinit.obj (.text:_call_dtors)
                  000123e0    00000140     csl6713.lib : csl_edma.obj (.text:_EDMA_reset)
                  00012520    00000140                 : csl_timer.obj (.text:_TIMER_open)
                  00012660    00000120                 : csl_timer.obj (.text:_TIMER_reset)
                  00012780    00000100                 : csl_edma.obj (.text:_EDMA_intAlloc)
                  00012880    00000100                 : csl_mcbsp.obj (.text:_MCBSP_open)
                  00012980    00000100                 : csl_mcbsp.obj (.text:_MCBSP_start)
                  00012a80    000000e0                 : csl_edma.obj (.text:_EDMA_config)
                  00012b60    000000e0     rts6700.lib : round.obj (.text:__nround)
                  00012c40    000000e0                 : strasg.obj (.text:__strasg)
                  00012d20    000000e0                 : atexit.obj (.text:_atexit)
                  00012e00    000000e0                 : modf.obj (.text:_modf)
                  00012ee0    000000c0     bios.a67 : tsk_stup.o67 (.text)
                  00012fa0    000000a0     csl6713.lib : csl_mcbsp.obj (.text:_MCBSP_close)
                  00013040    000000a0                 : csl_mcbsp.obj (.text:_MCBSP_config)
                  000130e0    000000a0                 : csl_irq.obj (.text:__IRQ_init)
                  00013180    000000a0     rts6700.lib : fltlif.obj (.text:__fltlif)
                  00013220    000000a0     csl6713.lib : csl_irq.obj (.text:_setMux)
                  000132c0    00000080     dsk6713bsl.lib : dsk6713_dip.obj (.text)
                  00013340    00000060     csl6713.lib : csl_edma.obj (.text:_EDMA_disableChannel)
                  000133a0    00000060                 : csl_edma.obj (.text:_EDMA_enableChannel)
                  00013400    00000060                 : csl_edma.obj (.text:_EDMA_intEnable)
                  00013460    00000060                 : csl_edma.obj (.text:_EDMA_qdmaConfig)
                  000134c0    00000060     rts6700.lib : fltulf.obj (.text:__fltulf)
                  00013520    00000040     csl6713.lib : csl_edma.obj (.text:_EDMA_link)
                  00013560    00000040                 : csl_irq.obj (.text:_IRQ_enable)
                  000135a0    00000040     rts6700.lib : sinit.obj (.text:___add_dtor)
                  000135e0    00000020     csl6713.lib : csl.obj (.text:_CSL6713_LIB_)
                  00013600    00000020                 : csl_edma.obj (.text:_EDMA_intClear)
                  00013620    00000020                 : csl_edma.obj (.text:_EDMA_intTest)
                  00013640    00000020                 : csl_irq.obj (.text:_IRQ_clear)
                  00013660    00000020                 : csl_irq.obj (.text:_IRQ_globalEnable)
                  00013680    00000020                 : csl_mcbsp.obj (.text:_MCBSP_getRcvAddr)
                  000136a0    00000020                 : csl_mcbsp.obj (.text:_MCBSP_getXmtAddr)
                  000136c0    00000020                 : csl_mcbsp.obj (.text:_MCBSP_write)
                  000136e0    00000020                 : csl_mcbsp.obj (.text:_MCBSP_xrdy)
                  00013700    00000020     rts6700.lib : _lock.obj (.text:__nop)
                  00013720    00000020                 : _lock.obj (.text:__register_lock)
                  00013740    00000020                 : _lock.obj (.text:__register_unlock)
                  00013760    00000020     csl6713.lib : csl_irq.obj (.text)

.bios      0    00013780    00004280     
                  00013780    00000600     lnkrtdx.a67 : rtdx.o67 (.bios)
                  00013d80    000005e0     bios.a67 : gbl_setL2CacheMode.o67 (.bios)
                  00014360    00000540              : swi.o67 (.bios)
                  000148a0    00000460              : hwi_disp_asm.o67 (.bios)
                  00014d00    000003a0              : prd.o67 (.bios)
                  000150a0    000002c0              : knl_run.o67 (.bios)
                  00015360    000002c0              : rta.o67 (.bios)
                  00015620    000002c0              : sem_pend.o67 (.bios)
                  000158e0    00000260              : knl_tick.o67 (.bios)
                  00015b40    00000240              : pip.o67 (.bios)
                  00015d80    00000220              : sem_dopo.o67 (.bios)
                  00015fa0    00000200              : tsk_setu.o67 (.bios)
                  000161a0    000001c0              : knl_swit.o67 (.bios)
                  00016360    000001c0     biosC6000.a67 : clk.o67 (.bios)
                  00016520    000001a0     bios.a67 : tsk_exit.o67 (.bios)
                  000166c0    00000180              : autoinit.o67 (.bios)
                  00016840    00000180              : tsk_stup.o67 (.bios)
                  000169c0    00000140              : knl_chec.o67 (.bios)
                  00016b00    000000e0              : gbl_cslcacheinit.o67 (.bios)
                  00016be0    000000e0              : knl_exit.o67 (.bios)
                  00016cc0    000000e0              : sem_post.o67 (.bios)
                  00016da0    000000e0              : sem_post_asm.o67 (.bios)
                  00016e80    000000e0     biosC6000.a67 : clk_meas.o67 (.bios)
                  00016f60    000000c0     bios.a67 : knl_ipos.o67 (.bios)
                  00017020    000000c0              : knl_post.o67 (.bios)
                  000170e0    000000c0              : lck.o67 (.bios)
                  000171a0    000000c0              : sys_exit.o67 (.bios)
                  00017260    000000c0     biosC6000.a67 : clk_htime.o67 (.bios)
                  00017320    00000080     bios.a67 : fxn.o67 (.bios)
                  000173a0    00000080              : idl_busy.o67 (.bios)
                  00017420    00000080              : log.o67 (.bios)
                  000174a0    00000080              : sts.o67 (.bios)
                  00017520    00000080     biosC6000.a67 : idl_cal.o67 (.bios)
                  000175a0    00000060     bios.a67 : hwi_c.o67 (.bios)
                  00017600    00000060              : sem_pend_binary.o67 (.bios)
                  00017660    00000060              : sem_pend_counting.o67 (.bios)
                  000176c0    00000060              : swi_disable.o67 (.bios)
                  00017720    00000060              : sys_abor.o67 (.bios)
                  00017780    00000060              : utl_putc.o67 (.bios)
                  000177e0    00000060     biosC6000.a67 : clk_start.o67 (.bios)
                  00017840    00000040     bios.a67 : idl_stub.o67 (.bios)
                  00017880    00000040              : rta_andn.o67 (.bios)
                  000178c0    00000040              : utl_doab.o67 (.bios)
                  00017900    00000040     biosC6000.a67 : clk_stop.o67 (.bios)
                  00017940    00000020     bios.a67 : fxn_c.o67 (.bios)
                  00017960    00000020              : gbl_vers.o67 (.bios)
                  00017980    00000020              : idl.o67 (.bios)
                  000179a0    00000020              : sts_set.o67 (.bios)
                  000179c0    00000020              : utl_doer.o67 (.bios)
                  000179e0    00000020              : utl_halt.o67 (.bios)

.stack     0    00017a00    00004000     UNINITIALIZED
                  00017a00    00004000     --HOLE--

.cinit     0    0001ba00    000032b4     
                  0001ba00    00001c2c     skeleton.obj (.cinit)
                  0001d62c    00000004     --HOLE-- [fill = 0]
                  0001d630    00000b14     my_dsp_projectcfg.obj (.cinit)
                  0001e144    00000004     --HOLE-- [fill = 0]
                  0001e148    0000026c     bios.a67 : biosdata.o67 (.cinit)
                  0001e3b4    00000004     --HOLE-- [fill = 0]
                  0001e3b8    000001a4              : knl.o67 (.cinit)
                  0001e55c    00000004     --HOLE-- [fill = 0]
                  0001e560    0000012c     csl6713.lib : csl_irq.obj (.cinit)
                  0001e68c    00000004     --HOLE-- [fill = 0]
                  0001e690    000000b0     bios.a67 : swi.o67 (.cinit)
                  0001e740    00000080              : tsk.o67 (.cinit)
                  0001e7c0    00000078     config_BSPLink.obj (.cinit)
                  0001e838    00000070     csl6713.lib : csl_edma.obj (.cinit)
                  0001e8a8    00000060     bios.a67 : tsk_stup.o67 (.cinit)
                  0001e908    0000005c     lnkrtdx.a67 : rtdx.o67 (.cinit)
                  0001e964    00000004     --HOLE-- [fill = 0]
                  0001e968    00000054     csl6713.lib : csl_mcbsp.obj (.cinit)
                  0001e9bc    00000004     --HOLE-- [fill = 0]
                  0001e9c0    0000004c     bios.a67 : rta.o67 (.cinit)
                  0001ea0c    00000004     --HOLE-- [fill = 0]
                  0001ea10    0000004c     csl6713.lib : csl_timer.obj (.cinit)
                  0001ea5c    00000004     --HOLE-- [fill = 0]
                  0001ea60    0000004c     rtdx.lib : buffer1.o62 (.cinit)
                  0001eaac    00000004     --HOLE-- [fill = 0]
                  0001eab0    00000048     config_AIC23.obj (.cinit)
                  0001eaf8    0000003c     csl6713.lib : csl.obj (.cinit)
                  0001eb34    00000004     --HOLE-- [fill = 0]
                  0001eb38    00000034     bios.a67 : hwi.o67 (.cinit)
                  0001eb6c    00000004     --HOLE-- [fill = 0]
                  0001eb70    0000002c              : utl_putc.o67 (.cinit)
                  0001eb9c    00000004     --HOLE-- [fill = 0]
                  0001eba0    0000002c     rts6700.lib : exit.obj (.cinit)
                  0001ebcc    00000004     --HOLE-- [fill = 0]
                  0001ebd0    00000024     bios.a67 : obj_init.o67 (.cinit)
                  0001ebf4    00000004     --HOLE-- [fill = 0]
                  0001ebf8    0000001c              : sys.o67 (.cinit)
                  0001ec14    00000004     --HOLE-- [fill = 0]
                  0001ec18    0000001c     rts6700.lib : _lock.obj (.cinit)
                  0001ec34    00000004     --HOLE-- [fill = 0]
                  0001ec38    0000001c                 : atexit.obj (.cinit)
                  0001ec54    00000004     --HOLE-- [fill = 0]
                  0001ec58    00000018     bios.a67 : knl_tick.o67 (.cinit)
                  0001ec70    0000000c              : gbl_setL2CacheMode.o67 (.cinit)
                  0001ec7c    00000004     --HOLE-- [fill = 0]
                  0001ec80    0000000c              : idl_busy.o67 (.cinit)
                  0001ec8c    00000004     --HOLE-- [fill = 0]
                  0001ec90    0000000c              : knl_swit.o67 (.cinit)
                  0001ec9c    00000004     --HOLE-- [fill = 0]
                  0001eca0    0000000c     rts6700.lib : sinit.obj (.cinit)
                  0001ecac    00000004     --HOLE-- [fill = 0]
                  0001ecb0    00000004     (.pad.cinit) [fill = 0]

.pinit     0    0001ecb4    0000000c     
                  0001ecb4    00000004     rtdx.lib : buffer1.o62 (.pinit)
                  0001ecb8    00000004              : rtdx_mon.o62 (.pinit)
                  0001ecbc    00000004     --HOLE-- [fill = 0]

.rtdx_text 
*          0    0001ecc0    00000ea0     
                  0001ecc0    00000400     rtdx.lib : rtdx_mon.o62 (.rtdx_text:_RTDX_Poll)
                  0001f0c0    00000340              : buffer1.o62 (.rtdx_text:_RTDX_Buffer_WriteCB)
                  0001f400    00000300              : buffer1.o62 (.rtdx_text:_RTDX_write_next)
                  0001f700    00000140              : rtdx_mon.o62 (.rtdx_text:_RTDX_Mon_Queue)
                  0001f840    000000e0              : buffer1.o62 (.rtdx_text:_claim)
                  0001f920    00000080              : rtdx_mon.o62 (.rtdx_text:_RTDX_Init_RT_Monitor)
                  0001f9a0    00000060              : buffer1.o62 (.rtdx_text:_RTDX_Buffer_Initialize)
                  0001fa00    00000060              : buffer2.o62 (.rtdx_text:_RTDX_Buffer_ReadCB)
                  0001fa60    00000040              : buffer1.o62 (.rtdx_text:_RTDX_Buffer_Size)
                  0001faa0    00000040              : rtdx_mon.o62 (.rtdx_text:_RTDX_Final_RT_Monitor)
                  0001fae0    00000020              : buffer2.o62 (.rtdx_text:_RTDX_Buffer_Read)
                  0001fb00    00000020              : buffer1.o62 (.rtdx_text:_RTDX_Buffer_Write)
                  0001fb20    00000020              : rtdx_mon.o62 (.rtdx_text:_RTDX_checksum)
                  0001fb40    00000020              : intr_tgt.o62 (.rtdx_text)

.sysinit   0    0001fb60    00000520     
                  0001fb60    000002e0     my_dsp_projectcfg.obj (.sysinit)
                  0001fe40    000000e0     bios.a67 : mem_init.o67 (.sysinit)
                  0001ff20    000000c0              : boot.o67 (.sysinit)
                  0001ffe0    00000080              : tsk_init.o67 (.sysinit)
                  00020060    00000020              : obj_init.o67 (.sysinit)

.rtdx_data 
*          0    00020080    0000044c     UNINITIALIZED
                  00020080    00000410     my_dsp_projectcfg.obj (.rtdx_data)
                  00020490    00000020     rtdx.lib : buffer1.o62 (.rtdx_data)
                  000204b0    0000001c              : rtdx_mon.o62 (.rtdx_data)

.args      0    000204cc    00000004     
                  000204cc    00000004     --HOLE-- [fill = 0]

.TSK_LEDTOGGLE$stk 
*          0    000204d0    00000400     UNINITIALIZED
                  000204d0    00000400     my_dsp_projectcfg.obj (.TSK_LEDTOGGLE$stk)

.TSK_idle$stk 
*          0    000208d0    00000400     UNINITIALIZED
                  000208d0    00000400     my_dsp_projectcfg.obj (.TSK_idle$stk)

.bss       0    00020cd0    000003fc     UNINITIALIZED
                  00020cd0    00000100     bios.a67 : hwi_disp_asm.o67 (.bss)
                  00020dd0    000000cc              : biosdata.o67 (.bss)
                  00020e9c    0000009c              : swi.o67 (.bss)
                  00020f38    00000088     skeleton.obj (.bss)
                  00020fc0    00000048     bios.a67 : knl.o67 (.bss)
                  00021008    0000002c     config_BSPLink.obj (.bss)
                  00021034    00000028     my_dsp_projectcfg.obj (.bss)
                  0002105c    00000018     bios.a67 : hwi.o67 (.bss)
                  00021074    00000018     lnkrtdx.a67 : rtdx.o67 (.bss)
                  0002108c    00000010     rtdx.lib : buffer1.o62 (.bss)
                  0002109c    0000000c     bios.a67 : tsk.o67 (.bss)
                  000210a8    00000008              : clk_data.o67 (.bss)
                  000210b0    00000008              : sys.o67 (.bss)
                  000210b8    00000004              : clk_data2.o67 (.bss)
                  000210bc    00000004              : gbl_setL2CacheMode.o67 (.bss)
                  000210c0    00000004              : idl_busy.o67 (.bss)
                  000210c4    00000004              : mem_asm.o67 (.bss)
                  000210c8    00000004     config_AIC23.obj (.bss)

.trace     0    000210cc    00000200     
                  000210cc    00000200     --HOLE-- [fill = 00000000]

.swi       0    000212cc    000001e4     UNINITIALIZED
                  000212cc    000001e4     my_dsp_projectcfg.obj (.swi)

.gblinit   0    000214b0    0000004c     
                  000214b0    0000004c     my_dsp_projectcfg.obj (.gblinit)

.mem       0    000214fc    00000004     UNINITIALIZED
                  000214fc    00000004     my_dsp_projectcfg.obj (.mem)

.LOG_system$buf 
*          0    00021500    00000100     UNINITIALIZED
                  00021500    00000100     my_dsp_projectcfg.obj (.LOG_system$buf)

.hst0      0    00021600    00000100     UNINITIALIZED
                  00021600    00000100     my_dsp_projectcfg.obj (.hst0)

.sts       0    00021700    000000f0     
                  00021700    000000f0     my_dsp_projectcfg.obj (.sts)

.pip       0    000217f0    000000c8     UNINITIALIZED
                  000217f0    000000c8     my_dsp_projectcfg.obj (.pip)

.tsk       0    000218b8    000000c0     UNINITIALIZED
                  000218b8    000000c0     my_dsp_projectcfg.obj (.tsk)

.const     0    00021978    000000b5     
                  00021978    0000004e     bios.a67 : tsk_stup.o67 (.const)
                  000219c6    00000023              : utl_doab.o67 (.const)
                  000219e9    00000022              : utl_doer.o67 (.const)
                  00021a0b    00000001     --HOLE-- [fill = 0]
                  00021a0c    00000020     dsk6713bsl.lib : dsk6713.obj (.const)
                  00021a2c    00000001     bios.a67 : tsk.o67 (.const)

.printf    0    00021a2d    0000017a     COPY SECTION
                  00021a2d    0000017a     my_dsp_projectcfg.obj (.printf)

.hst       0    00021a30    0000003c     UNINITIALIZED
                  00021a30    0000003c     my_dsp_projectcfg.obj (.hst)

.sem       0    00021a6c    0000002c     UNINITIALIZED
                  00021a6c    0000002c     my_dsp_projectcfg.obj (.sem)

.switch    0    00021a98    00000028     
                  00021a98    00000028     rtdx.lib : rtdx_mon.o62 (.switch)

.prd       0    00021ac0    00000020     UNINITIALIZED
                  00021ac0    00000020     my_dsp_projectcfg.obj (.prd)

.log       0    00021ae0    00000018     
                  00021ae0    00000018     my_dsp_projectcfg.obj (.log)

.hst1      0    00021af8    00000010     UNINITIALIZED
                  00021af8    00000010     my_dsp_projectcfg.obj (.hst1)

.idl       0    00021b08    00000010     UNINITIALIZED
                  00021b08    00000010     my_dsp_projectcfg.obj (.idl)

.idlcal    0    00021b18    00000010     UNINITIALIZED
                  00021b18    00000010     my_dsp_projectcfg.obj (.idlcal)

.sys       0    00021b28    00000010     UNINITIALIZED
                  00021b28    00000010     my_dsp_projectcfg.obj (.sys)

.trcdata   0    00021b38    0000000c     
                  00021b38    0000000c     bios.a67 : trc.o67 (.trcdata)

.SDRAM$heap 
*          0    80000000    00008000     UNINITIALIZED
                  80000000    00008000     --HOLE--

.sounds    0    80008000    000019de     UNINITIALIZED
                  80008000    000019de     skeleton.obj (.sounds)


GLOBAL SYMBOLS: SORTED ALPHABETICALLY BY Name 

address    name
--------   ----
00020cd0   $bss
00020cd0   .bss
00000000   .data
0000dd40   .text
0001fd1c   BIOS$$CLKOFF
0001fcdc   BIOS$$CLKON
0001fb60   BIOS_init
0001fd84   BIOS_start
00000000   BUF$
00000001   BUF_ENABLED
00000001   CLK$
0000dd38   CLK_A_TABBEG
00000001   CLK_CALDIV
00000004   CLK_CALMULT
0000dbba   CLK_COUNTSPMS
00000000   CLK_COUNTSPMSHIGH
00020df8   CLK_D_idletime
00020df4   CLK_D_isrhook
00020df0   CLK_D_tabbeg
00020dec   CLK_D_timefxn
00017260   CLK_F_getfhtime
00017280   CLK_F_gethtime
00016360   CLK_F_getltime
00017280   CLK_F_getshtime
00016374   CLK_F_isr
000164d4   CLK_F_itime
000148a0   CLK_HOOKFXN
00000001   CLK_HTIMEDIV
00000004   CLK_HTIMEMULT
0000dbba   CLK_HTIMEPERLTIME
00004000   CLK_INTBIT
00000001   CLK_LTIMEDIV
00036ee8   CLK_LTIMEMULT
000003e8   CLK_MICROSECS
0000dbba   CLK_PRD
00000000   CLK_PRDHIGH
01940000   CLK_REGS
00020de8   CLK_R_time
00000020   CLK_TCR
00000000   CLK_TDDR
00000000   CLK_TDDRHIGH
00017280   CLK_TIMEFXN
00000000   CLK_TIMERNUM
00000001   CLK_USETIMER
0000dd3c   CLK_null
00000000   DEV$
00000000   DGN$
00000000   DHL$
00000000   DHL_gChannelsAvailable
00000000   DIO$
00000000   DIO_NUMSWIBASE
00000000   DIO_NUMTSKBASE
00000000   DIO_STATIC
00000000   DPI$
00017320   FXN_F_nop
00017328   FXN_F_run
00017378   FXN_F_zero
00000001   GBL$
00005205   GBL_A_VERSION
00000000   GBL_BIGENDIAN
00000000   GBL_C641XL2PRIORITY
00000000   GBL_CACHE
00000001   GBL_CALLCSLCFGINIT
00004e20   GBL_CLKIN
00001770   GBL_CLKTYPE
00001a39   GBL_DSPSUBTYPE
0000003e   GBL_DSPTYPE
00000001   GBL_ENABLEINST
00000042   GBL_FOOTPRINT
00036ee8   GBL_FREQ
00002226   GBL_L2ALLOC
00000000   GBL_L2CONFIGALLOC
00000001   GBL_L2CONFIGURE
00000001   GBL_L2MARMASK
00000000   GBL_L2MARMASK1
00000000   GBL_L2MARMASK2
00000000   GBL_L2MARMASK3
00000000   GBL_L2MARMASK4
00000000   GBL_L2MARMASK5
00000000   GBL_L2MODE
00000000   GBL_L2PRIORITY
00000000   GBL_NULL
00000000   GBL_PROCID
00000000   GBL_ROM
00000000   GBL_SUPPORTCSL
0000dbef   GBL_TRCMASKVALUE
00000001   GBL_USERINIT
00012128   GBL_USERINITFXN
00000001   GBL_boot
00021b40   GBL_initdone
00017a00   GBL_stackbeg
0001b9ff   GBL_stackend
00000000   GIO$
00017940   GIO_CREATEFXN
00017940   GIO_DELETEFXN
00017940   GIO_PENDFXN
00017940   GIO_POSTFXN
00000000   HOOK$
00000000   HOOK_KNLID
00000001   HST$
00021a30   HST_A_TABBEG
00021a6c   HST_A_TABEND
00000000   HST_DSM
ffffffff   HST_DSMBUFSEG
00000400   HST_DSMMEMSIZE
00020e64   HST_D_chanmask
00020e68   HST_D_tabbeg
00020e6c   HST_D_tabend
000000ff   HST_MAXFRAMEALLOWED
00000040   HST_MAXFRAMESET
00000000   HST_NONE
00000001   HST_RTDX
00000001   HWI$
00000000   HWI_A_VECS
00005308   HWI_CFGDISPATCHED
0002106c   HWI_D_bss
00021070   HWI_D_ccmask
0002105c   HWI_D_spsave
000148a0   HWI_F_dispatch
00000000   HWI_GENERATE_RESET_VEC
0000000a   HWI_INT10
00000000   HWI_INT10$hwi
0000000b   HWI_INT11
00000000   HWI_INT11$hwi
0000000c   HWI_INT12
00000000   HWI_INT12$hwi
0000000d   HWI_INT13
00000000   HWI_INT13$hwi
0000000e   HWI_INT14
00000000   HWI_INT14$hwi
0000000f   HWI_INT15
00000000   HWI_INT15$hwi
00000004   HWI_INT4
00000000   HWI_INT4$hwi
00000005   HWI_INT5
00000000   HWI_INT5$hwi
00000006   HWI_INT6
00000000   HWI_INT6$hwi
00000007   HWI_INT7
00000000   HWI_INT7$hwi
00000008   HWI_INT8
00000000   HWI_INT8$hwi
00000009   HWI_INT9
00000000   HWI_INT9$hwi
082039a3   HWI_INTRMULTHIGH
250718a4   HWI_INTRMULTLOW
00000001   HWI_NMI
00000000   HWI_NMI$hwi
00000000   HWI_POLARITYMASK
00000002   HWI_RESERVED0
00000000   HWI_RESERVED0$hwi
00000003   HWI_RESERVED1
00000000   HWI_RESERVED1$hwi
00000000   HWI_RESET
00000000   HWI_RESET$hwi
00000001   HWI_ZEROTAB
00000001   IDL$
00021b18   IDL_A_CALBEG
00021b08   IDL_A_TABBEG
00000006   IDL_CALIBRERROR
00017840   IDL_CALIBRFXN
000210c0   IDL_D_busyObj
00020dd8   IDL_D_calbeg
00020dd4   IDL_D_calibrate
00020dd0   IDL_D_tabbeg
00021b14   IDL_END
00021b24   IDL_END$
000173a0   IDL_F_busy
00017520   IDL_F_calibrate
00017980   IDL_F_loop
00017840   IDL_F_stub
00000001   IDL_USECLKIDLTIME
000217e4   IDL_busyObj
00021ba2   IDL_busyObj$avgfmt
00000001   IDL_busyObj$filter
00000001   IDL_busyObj$iA
00000000   IDL_busyObj$iB
00000001   IDL_busyObj$iC
00021b9c   IDL_busyObj$maxfmt
00000000   IDL_busyObj$operation
000217e0   IDL_busyObj$stsobj
00021b9f   IDL_busyObj$sumfmt
00000002   IDL_busyObj$unittype
00021b08   IDL_cpuLoad
00021b18   IDL_cpuLoad$
ffffffff   IRAM
00000001   ISRC$
00016320   KNL_glue
000212f8   KNL_swi
00000001   KNL_swi$dorta
00000002   KNL_swi$ord
00000000   KNL_swi$pri
00021724   KNL_swi$sts
00021a74   KNL_swi$sts$avgfmt
00000002   KNL_swi$sts$filter
00000001   KNL_swi$sts$filtmaxmult
00000001   KNL_swi$sts$filtsummult
00021a64   KNL_swi$sts$maxfmt
00021720   KNL_swi$sts$stsobj
00021a6c   KNL_swi$sts$sumfmt
00000000   KNL_swi$sts$unittype
00000000   KNL_swi$swi
00000001   LCK$
00013780   LNK_F_checkBufferCall
00013800   LNK_F_dataPump
000137a0   LNK_F_getChanPtr
000137f8   LNK_F_init
00013d44   LNK_F_readCallBack
00021b0c   LNK_dataPump
00021b1c   LNK_dataPump$
00021078   LNK_dspFrameReadyMask
00021074   LNK_dspFrameRequestMask
00013aa0   LNK_newin
00013be0   LNK_newout
00013814   LNK_rcloop
000138e0   LNK_rdrtry
00021080   LNK_readDone
00021084   LNK_readFail
0002107c   LNK_readPend
000138f0   LNK_rrloop
00021088   LNK_writeFail
000139c4   LNK_wrloop
000139b4   LNK_wrrtry
00000001   LOG$
00021ae0   LOG_A_TABBEG
00021af8   LOG_A_TABEND
00000001   LOG_A_TABLEN
00020ddc   LOG_D_system
00000001   LOG_ENABLED
00017420   LOG_F_event
00021ae0   LOG_system
00021500   LOG_system$buf
00000000   LOG_system$datatype
00000000   LOG_system$log
00000040   LOG_system$size
00000000   MBX$
00000001   MEM$
00021040   MEM_MALLOCSEG
00000000   MEM_NULL
00021040   MEM_SEGZERO
00000000   MEM_USEMPC
00000001   MEM_gNumHeap
00000000   MSGQ$
00000000   MSGQ_USEMSGQ
00000000   OBJ$
00000000   PIP$
000217f0   PIP_A_TABBEG
000218b8   PIP_A_TABEND
00000002   PIP_A_TABLEN
00020de0   PIP_D_tabbeg
00020de4   PIP_D_tablen
00015bd4   PIP_F_give
00015bd4   PIP_F_probe
00015ca8   PIP_F_start
00015b40   PIP_F_take
00000064   PIP_OBJSIZE
00000000   PIP_gNextId
00000002   PIP_gNumEmbed
00000000   POOL$
00000000   POOL_USEPOOL
00000001   PRD$
00021ac0   PRD_A_TABBEG
00021ae0   PRD_A_TABEND
00000001   PRD_A_TABLEN
00020e20   PRD_D_cur
00020e24   PRD_D_elapsed
00020e28   PRD_D_prevtim
00020e2c   PRD_D_scalar
00020e30   PRD_D_swihandle
00020e34   PRD_D_tabbeg
00020e38   PRD_D_tablen
00020e3c   PRD_D_thook
00020e1c   PRD_D_tick
00014d00   PRD_F_swi
00014fc0   PRD_F_tick
00000008   PRD_SCALAR
000212cc   PRD_SWIHANDLE
00021ac0   PRD_Sek
00021adc   PRD_Sek$aaa
00000000   PRD_Sek$mode
00000001   PRD_Sek$ord
000003e8   PRD_Sek$period
00000000   PRD_Sek$prd
00021704   PRD_Sek$sts
00021a3f   PRD_Sek$sts$avgfmt
00000000   PRD_Sek$sts$filter
00021a2d   PRD_Sek$sts$maxfmt
00021700   PRD_Sek$sts$stsobj
00021a36   PRD_Sek$sts$sumfmt
00000002   PRD_Sek$sts$unittype
00015b20   PRD_THOOKFXN
0000dd38   PRD_clock
000212cc   PRD_swi
00000001   PRD_swi$dorta
00000001   PRD_swi$ord
00000001   PRD_swi$pri
00021714   PRD_swi$sts
00021a5a   PRD_swi$sts$avgfmt
00000002   PRD_swi$sts$filter
00000001   PRD_swi$sts$filtmaxmult
00000001   PRD_swi$sts$filtsummult
00021a4a   PRD_swi$sts$maxfmt
00021710   PRD_swi$sts$stsobj
00021a52   PRD_swi$sts$sumfmt
00000000   PRD_swi$sts$unittype
00000000   PRD_swi$swi
00000001   QUE$
00020e40   RTA_D_fromHost
00020e48   RTA_D_logval
00020e58   RTA_D_stsval
00020e44   RTA_D_toHost
00017880   RTA_F_andn
00015458   RTA_F_dispatch
00015360   RTA_F_getlog
000153a4   RTA_F_getsts
000178a0   RTA_F_or
000153ec   RTA_F_readblk
00015418   RTA_F_resetmem
0001540c   RTA_F_writeword
00021b10   RTA_dispatcher
00021b20   RTA_dispatcher$
000154a8   RTA_execute
00021a34   RTA_fromHost
00021af8   RTA_fromHost$buf
00000004   RTA_fromHost$framesize
00000000   RTA_fromHost$hst
00000001   RTA_fromHost$id
00000000   RTA_fromHost$mode
000217f0   RTA_fromHost$pipe
00021820   RTA_fromHost$pipe$aaa
00021850   RTA_fromHost$pipe$bbb
00021044   RTA_fromHost$pipe$dtab
000217f4   RTA_fromHost$pipe$rd
00021824   RTA_fromHost$pipe$wr
00021a3c   RTA_fromHost$rtdx
00021a50   RTA_toHost
00021600   RTA_toHost$buf
00000040   RTA_toHost$framesize
00000000   RTA_toHost$hst
00000000   RTA_toHost$id
00000001   RTA_toHost$mode
00021854   RTA_toHost$pipe
00021884   RTA_toHost$pipe$aaa
000218b4   RTA_toHost$pipe$bbb
00021050   RTA_toHost$pipe$dtab
00021858   RTA_toHost$pipe$rd
00021888   RTA_toHost$pipe$wr
00021a58   RTA_toHost$rtdx
00000001   RTDX$
00000408   RTDX_BUFMEMSIZE
ffffffff   RTDX_DATAMEMSEG
00000000   RTDX_MODE
00000001   RTDX_NORMALIZED_HDR
00000001   RTDX_USERTDX
00000000   RTDX_USERTEXECUTION
00021040   SDRAM
80000000   SDRAM$B
00008000   SDRAM$L
00000001   SEM$
00021a78   SEM_LEDToggle
00000000   SIO$
00000001   STS$
00021700   STS_A_TABBEG
000217f0   STS_A_TABEND
000174d8   STS_F_add
000174a0   STS_F_delta
00017504   STS_F_reset
00000001   SWI$
000213d4   SWI_ADC_In_Ping
00000001   SWI_ADC_In_Ping$dorta
00000007   SWI_ADC_In_Ping$ord
00000004   SWI_ADC_In_Ping$pri
00021774   SWI_ADC_In_Ping$sts
00021af6   SWI_ADC_In_Ping$sts$avgfmt
00000002   SWI_ADC_In_Ping$sts$filter
00000001   SWI_ADC_In_Ping$sts$filtmaxmult
00000001   SWI_ADC_In_Ping$sts$filtsummult
00021ae6   SWI_ADC_In_Ping$sts$maxfmt
00021770   SWI_ADC_In_Ping$sts$stsobj
00021aee   SWI_ADC_In_Ping$sts$sumfmt
00000000   SWI_ADC_In_Ping$sts$unittype
00000000   SWI_ADC_In_Ping$swi
00021400   SWI_ADC_In_Pong
00000001   SWI_ADC_In_Pong$dorta
00000008   SWI_ADC_In_Pong$ord
00000004   SWI_ADC_In_Pong$pri
00021784   SWI_ADC_In_Pong$sts
00021b10   SWI_ADC_In_Pong$sts$avgfmt
00000002   SWI_ADC_In_Pong$sts$filter
00000001   SWI_ADC_In_Pong$sts$filtmaxmult
00000001   SWI_ADC_In_Pong$sts$filtsummult
00021b00   SWI_ADC_In_Pong$sts$maxfmt
00021780   SWI_ADC_In_Pong$sts$stsobj
00021b08   SWI_ADC_In_Pong$sts$sumfmt
00000000   SWI_ADC_In_Pong$sts$unittype
00000000   SWI_ADC_In_Pong$swi
0002137c   SWI_ADC_Out_Ping
00000001   SWI_ADC_Out_Ping$dorta
00000005   SWI_ADC_Out_Ping$ord
00000004   SWI_ADC_Out_Ping$pri
00021754   SWI_ADC_Out_Ping$sts
00021ac2   SWI_ADC_Out_Ping$sts$avgfmt
00000002   SWI_ADC_Out_Ping$sts$filter
00000001   SWI_ADC_Out_Ping$sts$filtmaxmult
00000001   SWI_ADC_Out_Ping$sts$filtsummult
00021ab2   SWI_ADC_Out_Ping$sts$maxfmt
00021750   SWI_ADC_Out_Ping$sts$stsobj
00021aba   SWI_ADC_Out_Ping$sts$sumfmt
00000000   SWI_ADC_Out_Ping$sts$unittype
00000000   SWI_ADC_Out_Ping$swi
000213a8   SWI_ADC_Out_Pong
00000001   SWI_ADC_Out_Pong$dorta
00000006   SWI_ADC_Out_Pong$ord
00000004   SWI_ADC_Out_Pong$pri
00021764   SWI_ADC_Out_Pong$sts
00021adc   SWI_ADC_Out_Pong$sts$avgfmt
00000002   SWI_ADC_Out_Pong$sts$filter
00000001   SWI_ADC_Out_Pong$sts$filtmaxmult
00000001   SWI_ADC_Out_Pong$sts$filtsummult
00021acc   SWI_ADC_Out_Pong$sts$maxfmt
00021760   SWI_ADC_Out_Pong$sts$stsobj
00021ad4   SWI_ADC_Out_Pong$sts$sumfmt
00000000   SWI_ADC_Out_Pong$sts$unittype
00000000   SWI_ADC_Out_Pong$swi
000212cc   SWI_A_TABBEG
000214b0   SWI_A_TABEND
0000000b   SWI_A_TABLEN
00021324   SWI_BSPLink_In_Ping
00000001   SWI_BSPLink_In_Ping$dorta
00000003   SWI_BSPLink_In_Ping$ord
00000008   SWI_BSPLink_In_Ping$pri
00021734   SWI_BSPLink_In_Ping$sts
00021a8e   SWI_BSPLink_In_Ping$sts$avgfmt
00000002   SWI_BSPLink_In_Ping$sts$filter
00000001   SWI_BSPLink_In_Ping$sts$filtmaxmult
00000001   SWI_BSPLink_In_Ping$sts$filtsummult
00021a7e   SWI_BSPLink_In_Ping$sts$maxfmt
00021730   SWI_BSPLink_In_Ping$sts$stsobj
00021a86   SWI_BSPLink_In_Ping$sts$sumfmt
00000000   SWI_BSPLink_In_Ping$sts$unittype
00000000   SWI_BSPLink_In_Ping$swi
00021350   SWI_BSPLink_In_Pong
00000001   SWI_BSPLink_In_Pong$dorta
00000004   SWI_BSPLink_In_Pong$ord
00000007   SWI_BSPLink_In_Pong$pri
00021744   SWI_BSPLink_In_Pong$sts
00021aa8   SWI_BSPLink_In_Pong$sts$avgfmt
00000002   SWI_BSPLink_In_Pong$sts$filter
00000001   SWI_BSPLink_In_Pong$sts$filtmaxmult
00000001   SWI_BSPLink_In_Pong$sts$filtsummult
00021a98   SWI_BSPLink_In_Pong$sts$maxfmt
00021740   SWI_BSPLink_In_Pong$sts$stsobj
00021aa0   SWI_BSPLink_In_Pong$sts$sumfmt
00000000   SWI_BSPLink_In_Pong$sts$unittype
00000000   SWI_BSPLink_In_Pong$swi
0002142c   SWI_BSPLink_Out_Ping
00000001   SWI_BSPLink_Out_Ping$dorta
00000009   SWI_BSPLink_Out_Ping$ord
00000008   SWI_BSPLink_Out_Ping$pri
00021794   SWI_BSPLink_Out_Ping$sts
00021b2a   SWI_BSPLink_Out_Ping$sts$avgfmt
00000002   SWI_BSPLink_Out_Ping$sts$filter
00000001   SWI_BSPLink_Out_Ping$sts$filtmaxmult
00000001   SWI_BSPLink_Out_Ping$sts$filtsummult
00021b1a   SWI_BSPLink_Out_Ping$sts$maxfmt
00021790   SWI_BSPLink_Out_Ping$sts$stsobj
00021b22   SWI_BSPLink_Out_Ping$sts$sumfmt
00000000   SWI_BSPLink_Out_Ping$sts$unittype
00000000   SWI_BSPLink_Out_Ping$swi
00021458   SWI_BSPLink_Out_Pong
00000001   SWI_BSPLink_Out_Pong$dorta
0000000a   SWI_BSPLink_Out_Pong$ord
00000007   SWI_BSPLink_Out_Pong$pri
000217a4   SWI_BSPLink_Out_Pong$sts
00021b44   SWI_BSPLink_Out_Pong$sts$avgfmt
00000002   SWI_BSPLink_Out_Pong$sts$filter
00000001   SWI_BSPLink_Out_Pong$sts$filtmaxmult
00000001   SWI_BSPLink_Out_Pong$sts$filtsummult
00021b34   SWI_BSPLink_Out_Pong$sts$maxfmt
000217a0   SWI_BSPLink_Out_Pong$sts$stsobj
00021b3c   SWI_BSPLink_Out_Pong$sts$sumfmt
00000000   SWI_BSPLink_Out_Pong$sts$unittype
00000000   SWI_BSPLink_Out_Pong$swi
00020eb4   SWI_D_curfxn
00020ea4   SWI_D_curmask
00020eb0   SWI_D_curmbox
00020ea8   SWI_D_curset
00020ea0   SWI_D_execaddr
00020ebc   SWI_D_inswi
00020eac   SWI_D_lock
00020eb8   SWI_D_rdybeg
00020ec0   SWI_D_rdytab
00020e9c   SWI_D_runaddr
00021484   SWI_Decode_Buffer
00000001   SWI_Decode_Buffer$dorta
0000000b   SWI_Decode_Buffer$ord
00000003   SWI_Decode_Buffer$pri
000217b4   SWI_Decode_Buffer$sts
00021b5e   SWI_Decode_Buffer$sts$avgfmt
00000002   SWI_Decode_Buffer$sts$filter
00000001   SWI_Decode_Buffer$sts$filtmaxmult
00000001   SWI_Decode_Buffer$sts$filtsummult
00021b4e   SWI_Decode_Buffer$sts$maxfmt
000217b0   SWI_Decode_Buffer$sts$stsobj
00021b56   SWI_Decode_Buffer$sts$sumfmt
00000000   SWI_Decode_Buffer$sts$unittype
00000000   SWI_Decode_Buffer$swi
00000000   SWI_EHOOKFXN
0001457c   SWI_EXECFXN
00014360   SWI_F_enable
0001457c   SWI_F_exec
000145a8   SWI_F_iexec
000143d0   SWI_F_post
00014638   SWI_F_run
00000000   SWI_IHOOKFXN
00014638   SWI_RUNFXN
00000001   SYS$
00021b28   SYS$config
000178c0   SYS_ABORTFXN
000179c0   SYS_ERRORFXN
000179e0   SYS_EXITFXN
00017780   SYS_PUTCFXN
00021b3c   TRC_R_mask
00021b38   TRC_cinit
00000001   TSK$
00021924   TSK_LEDTOGGLE
00000003   TSK_LEDTOGGLE$ord
00000002   TSK_LEDTOGGLE$pri
000204d0   TSK_LEDTOGGLE$stack
00020868   TSK_LEDTOGGLE$stkptr
000217d4   TSK_LEDTOGGLE$sts
00021b92   TSK_LEDTOGGLE$sts$avgfmt
00000002   TSK_LEDTOGGLE$sts$filter
00000001   TSK_LEDTOGGLE$sts$filtmaxmult
00000001   TSK_LEDTOGGLE$sts$filtsummult
00021b82   TSK_LEDTOGGLE$sts$maxfmt
000217d0   TSK_LEDTOGGLE$sts$stsobj
00021b8a   TSK_LEDTOGGLE$sts$sumfmt
00000000   TSK_LEDTOGGLE$sts$unittype
00000000   TSK_LEDTOGGLE$tsk
00000000   TSK_NUM_HOOKS
00000001   TSK_PRIORITY
00000000   TSK_READYFXN
00000000   TSK_STACKSEG
00000400   TSK_STACKSIZE
00000000   TSK_SWITCHFXN
00017940   TSK_VCREATEFXN
00017940   TSK_VDELETEFXN
00017940   TSK_VEXITFXN
000218c4   TSK_idle
00000001   TSK_idle$ord
00000000   TSK_idle$pri
000208d0   TSK_idle$stack
00020c68   TSK_idle$stkptr
000217c4   TSK_idle$sts
00021b78   TSK_idle$sts$avgfmt
00000002   TSK_idle$sts$filter
00000001   TSK_idle$sts$filtmaxmult
00000001   TSK_idle$sts$filtsummult
00021b68   TSK_idle$sts$maxfmt
000217c0   TSK_idle$sts$stsobj
00021b70   TSK_idle$sts$sumfmt
00000000   TSK_idle$sts$unittype
00000000   TSK_idle$tsk
00000000   UDEV$
0000ea88   _ADC_In_Ping
0000eac8   _ADC_In_Pong
0000ea08   _ADC_Out_Ping
0000ea48   _ADC_Out_Pong
00007618   _AIC_Buffer_in_ping
00007de8   _AIC_Buffer_in_pong
000085b8   _AIC_Buffer_out_ping
00008d88   _AIC_Buffer_out_pong
0001fb60   _BIOS_init
0001fd84   _BIOS_start
0000cc08   _BSPLinkBuffer_in_ping
0000d054   _BSPLinkBuffer_in_pong
0000d4a0   _BSPLinkBuffer_out_ping
0000d8ec   _BSPLinkBuffer_out_pong
0000eb08   _BSPLink_In_Ping
0000eb5c   _BSPLink_In_Pong
0000ebb0   _BSPLink_Out_Ping
0000ec5c   _BSPLink_Out_Pong
000074b8   _BSPLink_interface_config
0000dbba   _CLK_COUNTSPMS
000210a8   _CLK_DFLTMICROSECS
00020e18   _CLK_D_countspms
00020e0c   _CLK_D_dirty
000210ac   _CLK_D_microseconds
00020e10   _CLK_D_prd
00020e14   _CLK_D_tddr
000164d4   _CLK_F_itime
0000dbba   _CLK_PRD
01940000   _CLK_REGS
00000000   _CLK_TDDR
00000000   _CLK_TIMERNUM
00000001   _CLK_USETIMER
00020dfc   _CLK_htimeDiv
00020e00   _CLK_htimeMult
000210b8   _CLK_htimePerLtime
000164d4   _CLK_itime
00020e04   _CLK_ltimeDiv
00020e08   _CLK_ltimeMult
00016e80   _CLK_measure
000177e0   _CLK_start
00017900   _CLK_stop
000135e0   _CSL6713_LIB_
00011400   _Config_DSK6713_AIC23
00020f94   _DECODER
000132c8   _DSK6713_DIP_get
000132c0   _DSK6713_DIP_init
00011860   _DSK6713_LED_init
000118a0   _DSK6713_LED_off
00011910   _DSK6713_LED_on
00011980   _DSK6713_LED_toggle
00010bd4   _DSK6713_getVersion
0001080c   _DSK6713_init
00010b28   _DSK6713_rget
00010b3c   _DSK6713_rset
00007614   _DSK6713_version
00010b50   _DSK6713_wait
00010ba8   _DSK6713_waitusec
0000c438   _Decoding_Buffer
00020f70   _Decoding_Buffer_i
0000e5ac   _EDMA_ISR
00011dc0   _EDMA_allocTable
00012a80   _EDMA_config
00013340   _EDMA_disableChannel
000133a0   _EDMA_enableChannel
00012780   _EDMA_intAlloc
00013600   _EDMA_intClear
00013400   _EDMA_intEnable
00013620   _EDMA_intTest
00013520   _EDMA_link
00010f40   _EDMA_open
00013460   _EDMA_qdmaConfig
000123e0   _EDMA_reset
00020f90   _ENCODER
0000c820   _Encoding_Buffer
00020f78   _Encoding_Buffer_i
00017940   _FXN_F_nop
00017328   _FXN_F_run
00017378   _FXN_F_zero
00000000   _GBL_CACHE
00020e74   _GBL_clkIn
00016b00   _GBL_cslCacheInit
00020e78   _GBL_freq
00017960   _GBL_getVersion
00020e70   _GBL_procId
00012128   _GBL_setPLLto225MHz
00021a30   _HST_A_TABBEG
00021a6c   _HST_A_TABEND
00005308   _HWI_CFGDISPATCHED
00021068   _HWI_D_inhwi
0002105c   _HWI_D_spsave
000148a0   _HWI_F_dispatch
0000000a   _HWI_INT10
0000000b   _HWI_INT11
0000000c   _HWI_INT12
0000000d   _HWI_INT13
0000000e   _HWI_INT14
0000000f   _HWI_INT15
00000004   _HWI_INT4
00000005   _HWI_INT5
00000006   _HWI_INT6
00000007   _HWI_INT7
00000008   _HWI_INT8
00000009   _HWI_INT9
00000001   _HWI_NMI
00000002   _HWI_RESERVED0
00000003   _HWI_RESERVED1
00000000   _HWI_RESET
0001b9f8   _HWI_STKBOTTOM
00017a00   _HWI_STKTOP
0002105c   _HWI_data
000175a0   _HWI_disable
00020cd0   _HWI_dispatchTab
000175b8   _HWI_enable
000175cc   _HWI_restore
000217e4   _IDL_busyObj
00021b08   _IDL_cpuLoad
00017980   _IDL_loop
ffffffff   _IRAM
00013640   _IRQ_clear
00013560   _IRQ_enable
00013660   _IRQ_globalEnable
00011a40   _IRQ_map
00020fc8   _KNL_alarm
000169c0   _KNL_check
00020fec   _KNL_curqueue
00020fdc   _KNL_curtask
00020fe4   _KNL_curtime
0000732c   _KNL_dummy
00016c34   _KNL_enter
00016be0   _KNL_exit
00016a98   _KNL_idle
00021004   _KNL_idlefxn
00020fd0   _KNL_inactive
00016f60   _KNL_ipost
00016abc   _KNL_max
00020ff0   _KNL_maxqueue
00017020   _KNL_post
00020fe0   _KNL_prevtask
00020fd4   _KNL_priority
0000728c   _KNL_queues
000150a0   _KNL_run
000161a0   _KNL_saveIsrFrame
00020fd8   _KNL_set
00020fcc   _KNL_setpri
000212f8   _KNL_swi
00020fe8   _KNL_swiptr
0001626c   _KNL_switch
00020ff8   _KNL_tcreatefxn
00020ffc   _KNL_tdeletefxn
00015b20   _KNL_tick
00021000   _KNL_treadyfxn
00020ff4   _KNL_tswitchfxn
00020fc0   _KNL_wFlag
00020fc4   _KNL_wList
00017110   _LCK_pend
000170e0   _LCK_post
00021b0c   _LNK_dataPump
00021078   _LNK_dspFrameReadyMask
00021074   _LNK_dspFrameRequestMask
00021080   _LNK_readDone
00021084   _LNK_readFail
0002107c   _LNK_readPend
00021088   _LNK_writeFail
00021ae0   _LOG_A_TABBEG
00021af8   _LOG_A_TABEND
00000001   _LOG_A_TABLEN
00020ddc   _LOG_D_system
00017420   _LOG_event
00021ae0   _LOG_system
00012fa0   _MCBSP_close
00013040   _MCBSP_config
00013680   _MCBSP_getRcvAddr
000136a0   _MCBSP_getXmtAddr
00012880   _MCBSP_open
00011f60   _MCBSP_reset
00012980   _MCBSP_start
000136c0   _MCBSP_write
000136e0   _MCBSP_xrdy
000210c4   _MEM
00020e7c   _MEM_D_NUMSEGMENTS
00020e84   _MEM_D_freelist
00020e88   _MEM_D_lockaddr
00020e80   _MEM_D_memtab
00020e8c   _MEM_D_unlockaddr
0001fe40   _MEM_init
00021034   _MEM_memtab
80008000   _MySinus
800080dc   _MySound
00020060   _OBJ_init
000073f8   _OBJ_segtab
000073c0   _OBJ_table
000217f0   _PIP_A_TABBEG
000218b8   _PIP_A_TABEND
00020e1c   _PRD_D_tick
00021ac0   _PRD_Sek
0000dd38   _PRD_clock
000212cc   _PRD_swi
00021b10   _RTA_dispatcher
00021a34   _RTA_fromHost
00021a50   _RTA_toHost
00020080   _RTDX_Buffer
0002048c   _RTDX_Buffer_End
0001f9a0   _RTDX_Buffer_Initialize
0001fae0   _RTDX_Buffer_Read
0001fa00   _RTDX_Buffer_ReadCB
0001fa60   _RTDX_Buffer_Size
00020488   _RTDX_Buffer_Start
0001fb00   _RTDX_Buffer_Write
0001f0c0   _RTDX_Buffer_WriteCB
0001faa0   _RTDX_Final_RT_Monitor
0001f920   _RTDX_Init_RT_Monitor
00000002   _RTDX_JTAGONLY
0001fb40   _RTDX_Mask_IER
0001f700   _RTDX_Mon_Queue
0001ecc0   _RTDX_Poll
00000000   _RTDX_interrupt_mask
0002049c   _RTDX_writing
00009558   _Ringbuffer_Audio_out
00021040   _SDRAM
80000000   _SDRAM_base
00008000   _SDRAM_length
00021a78   _SEM_LEDToggle
00017660   _SEM_pend
00017600   _SEM_pendBinary
00015620   _SEM_pendEnterKnl
00016da0   _SEM_post
00016da0   _SEM_postBinary
00016cc0   _SEM_postEnterKnl
00021700   _STS_A_TABBEG
000217f0   _STS_A_TABEND
000174d8   _STS_add
000174a0   _STS_delta
00017504   _STS_reset
000179a0   _STS_set
000213d4   _SWI_ADC_In_Ping
00021400   _SWI_ADC_In_Pong
0002137c   _SWI_ADC_Out_Ping
000213a8   _SWI_ADC_Out_Pong
00021324   _SWI_BSPLink_In_Ping
00021350   _SWI_BSPLink_In_Pong
0002142c   _SWI_BSPLink_Out_Ping
00021458   _SWI_BSPLink_Out_Pong
00020eb4   _SWI_D_curfxn
00020ea4   _SWI_D_curmask
00020ea8   _SWI_D_curset
00020ea0   _SWI_D_execaddr
00020ebc   _SWI_D_inswi
00020eac   _SWI_D_lock
00020eb8   _SWI_D_rdybeg
00020e9c   _SWI_D_runaddr
00021484   _SWI_Decode_Buffer
0000ffb0   _SWI_LEDToggle
00020e9c   _SWI_data
000176c0   _SWI_disable
000176e8   _SWI_enable
000143d0   _SWI_post
00020e90   _SYS
000210cc   _SYS_PUTCBEG
000212cb   _SYS_PUTCEND
00017720   _SYS_abort
000171a0   _SYS_exit
000075c0   _SYS_exitStack
000210b0   _SYS_exitStackPtr
000210b4   _SYS_exitStackTop
00012520   _TIMER_open
00012660   _TIMER_reset
00021b3c   _TRC_R_mask
000210a4   _TSK
00007364   _TSK_ATTRS
00021924   _TSK_LEDTOGGLE
00007380   _TSK_config
00016520   _TSK_exit
000218c4   _TSK_idle
0001ffe0   _TSK_init
0002109c   _TSK_nTasks
000210a0   _TSK_pid
00015fa0   _TSK_setup
00016900   _TSK_startup
000073a0   _TSK_timerSem
000178c0   _UTL_doAbort
000179c0   _UTL_doError
00017780   _UTL_doPutc
000179e0   _UTL_halt
000164f0   __CLK_lat1beg
0001651c   __CLK_lat1end
00011640   __CSL_init
000141b4   __GBL_setL2CacheMode
00020e98   __HOOK_NUMHOOKS
00020e94   __HOOK_knlId
000148a0   __HWI_lat1beg
00014a20   __HWI_lat1end
00014a20   __HWI_lat2beg
00014bc0   __HWI_lat2end1
00014b4c   __HWI_lat2end2
00014be0   __HWI_lat3beg
00014ce0   __HWI_lat3end1
00014b7c   __HWI_lat3end2
000173a0   __IDL_lat1beg
000173f0   __IDL_lat1end
00007284   __IRQ_dispatchTable
000071c0   __IRQ_eventTable
00013760   __IRQ_hookFetchPacket
000130e0   __IRQ_init
00007244   __IRQ_intTable
00016a10   __KNL_lat1beg
00016a98   __KNL_lat1end
00017420   __LOG_lat1beg
00007538   __MCBSP_hDev0
0000753c   __MCBSP_hDev1
00007490   __MEM_mutex
00015418   __RTA_lat1beg
00015450   __RTA_lat1end
00015d80   __SEM_dopost
0001ba00   __STACK_END
00004000   __STACK_SIZE
0001450c   __SWI_lat1beg
000145c0   __SWI_lat1end
000145c4   __SWI_lat2beg
00014634   __SWI_lat2end
00014360   __SWI_lat3beg
000143cc   __SWI_lat3end
0000759c   __TIMER_deviceTable
000075bc   __TIMER_hBios
000075b4   __TIMER_hDev0
000075b8   __TIMER_hDev1
00007468   __TSK_mutex
00007604   ___TI_enable_exit_profile_output
ffffffff   ___TI_pprof_out_hndl
ffffffff   ___TI_prof_data_size
ffffffff   ___TI_prof_data_start
000135a0   ___add_dtor
00007010   ___atexit_func_id__
ffffffff   ___binit__
00020cd0   ___bss__
ffffffff   ___c_args__
0001ba00   ___cinit__
00000000   ___data__
00000000   ___edata__
000210cc   ___end__
00013780   ___etext__
0001ecb4   ___pinit__
0000dd40   ___text__
000166c0   __auto_init
000075fc   __cleanup_ptr
00010c40   __divf
00007600   __dtors_ptr
00013180   __fltlif
000134c0   __fltulf
00007608   __lock
00013700   __nop
00012b60   __nround
00013720   __register_lock
00013740   __register_unlock
00017a00   __stack
00012c40   __strasg
0000760c   __unlock
00012d20   _atexit
000054b8   _b_dec
00001df0   _b_enc
0001ff20   _c_int00
00012280   _call_dtors
00020f88   _configComplete
000074d8   _configEDMABSPLinkRcv
000074f0   _configEDMABSPLinkXmt
00000220   _configEDMARcv
00000238   _configEDMAXmt
0000df74   _config_AIC23_EDMA
000100c0   _config_BSPLink
00010238   _config_BSPLink_EDMA
0000e518   _config_interrupts
00020f7d   _dataDetected
00000200   _datainterface_config
00020f38   _debug_buff_i
00000250   _debug_denum
0000ed08   _decode_buffer
00020f74   _decoding_buff_valid
00020f98   _den_f
00007610   _dtors
00003960   _e_dec
00000298   _e_enc
0000f30c   _encode_audio_data
00020f7c   _encoding_buff_valid
0000fc4c   _framing_link_data
0002100c   _hEdmaBSPLinkRcv
00021010   _hEdmaBSPLinkRcvRelPing
00021014   _hEdmaBSPLinkRcvRelPong
00021018   _hEdmaBSPLinkXmt
0002101c   _hEdmaBSPLinkXmtRelPing
00021020   _hEdmaBSPLinkXmtRelPong
00020f40   _hEdmaRcv
00020f44   _hEdmaRcvRelPing
00020f48   _hEdmaRcvRelPong
00020f4c   _hEdmaXmt
00020f50   _hEdmaXmtRelPing
00020f54   _hEdmaXmtRelPong
00020f3c   _hMcbsp_AIC23
000210c8   _hMcbsp_AIC23_Config
00021008   _hMcbsp_Link
0000dd88   _main
000111c0   _memcpy
00012e00   _modf
00020f9c   _num_f
0000fef8   _read_buffer_audio_out
00020f68   _ringbuff_audio_out_read_i
00020f6c   _ringbuff_audio_out_write_i
00020f84   _ringbuffer_in_ready
00021094   _rtdxNullChanCnt
00021098   _rtdxNullFuncCnt
00020490   _rtdx_buffer_state
000204b0   _rtdx_mon_state
00020f80   _soundBuffer_i
00020f8c   _t_reg
00007428   _tccAllocTable
00021024   _tccBSPLinkRcvPing
00021028   _tccBSPLinkRcvPong
0002102c   _tccBSPLinkXmtPing
00021030   _tccBSPLinkXmtPong
00020f58   _tccRcvPing
00020f5c   _tccRcvPong
00020f60   _tccXmtPing
00020f64   _tccXmtPong
00020f86   _time_cnt
0000ffdc   _tsk_led_toggle
00012100   _wait500nS
0000fd98   _write_decoding_buffer
00003948   _y_dec
00000280   _y_enc
ffffffff   binit
0001ba00   cinit
00000000   edata
000210cc   end
00013780   etext
00000000   hwi0
00000020   hwi1
00000140   hwi10
00000160   hwi11
00000180   hwi12
000001a0   hwi13
000001c0   hwi14
000001e0   hwi15
00000040   hwi2
00000060   hwi3
00000080   hwi4
000000a0   hwi5
000000c0   hwi6
000000e0   hwi7
00000100   hwi8
00000120   hwi9
0001ecb4   pinit


GLOBAL SYMBOLS: SORTED BY Symbol Address 

address    name
--------   ----
00000000   .data
00000000   BUF$
00000000   CLK_COUNTSPMSHIGH
00000000   CLK_PRDHIGH
00000000   CLK_TDDR
00000000   CLK_TDDRHIGH
00000000   CLK_TIMERNUM
00000000   DEV$
00000000   DGN$
00000000   DHL$
00000000   DHL_gChannelsAvailable
00000000   DIO$
00000000   DIO_NUMSWIBASE
00000000   DIO_NUMTSKBASE
00000000   DIO_STATIC
00000000   DPI$
00000000   GBL_BIGENDIAN
00000000   GBL_C641XL2PRIORITY
00000000   GBL_CACHE
00000000   GBL_L2CONFIGALLOC
00000000   GBL_L2MARMASK1
00000000   GBL_L2MARMASK2
00000000   GBL_L2MARMASK3
00000000   GBL_L2MARMASK4
00000000   GBL_L2MARMASK5
00000000   GBL_L2MODE
00000000   GBL_L2PRIORITY
00000000   GBL_NULL
00000000   GBL_PROCID
00000000   GBL_ROM
00000000   GBL_SUPPORTCSL
00000000   GIO$
00000000   HOOK$
00000000   HOOK_KNLID
00000000   HST_DSM
00000000   HST_NONE
00000000   HWI_A_VECS
00000000   HWI_GENERATE_RESET_VEC
00000000   HWI_INT10$hwi
00000000   HWI_INT11$hwi
00000000   HWI_INT12$hwi
00000000   HWI_INT13$hwi
00000000   HWI_INT14$hwi
00000000   HWI_INT15$hwi
00000000   HWI_INT4$hwi
00000000   HWI_INT5$hwi
00000000   HWI_INT6$hwi
00000000   HWI_INT7$hwi
00000000   HWI_INT8$hwi
00000000   HWI_INT9$hwi
00000000   HWI_NMI$hwi
00000000   HWI_POLARITYMASK
00000000   HWI_RESERVED0$hwi
00000000   HWI_RESERVED1$hwi
00000000   HWI_RESET
00000000   HWI_RESET$hwi
00000000   IDL_busyObj$iB
00000000   IDL_busyObj$operation
00000000   KNL_swi$pri
00000000   KNL_swi$sts$unittype
00000000   KNL_swi$swi
00000000   LOG_system$datatype
00000000   LOG_system$log
00000000   MBX$
00000000   MEM_NULL
00000000   MEM_USEMPC
00000000   MSGQ$
00000000   MSGQ_USEMSGQ
00000000   OBJ$
00000000   PIP$
00000000   PIP_gNextId
00000000   POOL$
00000000   POOL_USEPOOL
00000000   PRD_Sek$mode
00000000   PRD_Sek$prd
00000000   PRD_Sek$sts$filter
00000000   PRD_swi$sts$unittype
00000000   PRD_swi$swi
00000000   RTA_fromHost$hst
00000000   RTA_fromHost$mode
00000000   RTA_toHost$hst
00000000   RTA_toHost$id
00000000   RTDX_MODE
00000000   RTDX_USERTEXECUTION
00000000   SIO$
00000000   SWI_ADC_In_Ping$sts$unittype
00000000   SWI_ADC_In_Ping$swi
00000000   SWI_ADC_In_Pong$sts$unittype
00000000   SWI_ADC_In_Pong$swi
00000000   SWI_ADC_Out_Ping$sts$unittype
00000000   SWI_ADC_Out_Ping$swi
00000000   SWI_ADC_Out_Pong$sts$unittype
00000000   SWI_ADC_Out_Pong$swi
00000000   SWI_BSPLink_In_Ping$sts$unittype
00000000   SWI_BSPLink_In_Ping$swi
00000000   SWI_BSPLink_In_Pong$sts$unittype
00000000   SWI_BSPLink_In_Pong$swi
00000000   SWI_BSPLink_Out_Ping$sts$unittype
00000000   SWI_BSPLink_Out_Ping$swi
00000000   SWI_BSPLink_Out_Pong$sts$unittype
00000000   SWI_BSPLink_Out_Pong$swi
00000000   SWI_Decode_Buffer$sts$unittype
00000000   SWI_Decode_Buffer$swi
00000000   SWI_EHOOKFXN
00000000   SWI_IHOOKFXN
00000000   TSK_LEDTOGGLE$sts$unittype
00000000   TSK_LEDTOGGLE$tsk
00000000   TSK_NUM_HOOKS
00000000   TSK_READYFXN
00000000   TSK_STACKSEG
00000000   TSK_SWITCHFXN
00000000   TSK_idle$pri
00000000   TSK_idle$sts$unittype
00000000   TSK_idle$tsk
00000000   UDEV$
00000000   _CLK_TDDR
00000000   _CLK_TIMERNUM
00000000   _GBL_CACHE
00000000   _HWI_RESET
00000000   _RTDX_interrupt_mask
00000000   ___data__
00000000   ___edata__
00000000   edata
00000000   hwi0
00000001   BUF_ENABLED
00000001   CLK$
00000001   CLK_CALDIV
00000001   CLK_HTIMEDIV
00000001   CLK_LTIMEDIV
00000001   CLK_USETIMER
00000001   GBL$
00000001   GBL_CALLCSLCFGINIT
00000001   GBL_ENABLEINST
00000001   GBL_L2CONFIGURE
00000001   GBL_L2MARMASK
00000001   GBL_USERINIT
00000001   GBL_boot
00000001   HST$
00000001   HST_RTDX
00000001   HWI$
00000001   HWI_NMI
00000001   HWI_ZEROTAB
00000001   IDL$
00000001   IDL_USECLKIDLTIME
00000001   IDL_busyObj$filter
00000001   IDL_busyObj$iA
00000001   IDL_busyObj$iC
00000001   ISRC$
00000001   KNL_swi$dorta
00000001   KNL_swi$sts$filtmaxmult
00000001   KNL_swi$sts$filtsummult
00000001   LCK$
00000001   LOG$
00000001   LOG_A_TABLEN
00000001   LOG_ENABLED
00000001   MEM$
00000001   MEM_gNumHeap
00000001   PRD$
00000001   PRD_A_TABLEN
00000001   PRD_Sek$ord
00000001   PRD_swi$dorta
00000001   PRD_swi$ord
00000001   PRD_swi$pri
00000001   PRD_swi$sts$filtmaxmult
00000001   PRD_swi$sts$filtsummult
00000001   QUE$
00000001   RTA_fromHost$id
00000001   RTA_toHost$mode
00000001   RTDX$
00000001   RTDX_NORMALIZED_HDR
00000001   RTDX_USERTDX
00000001   SEM$
00000001   STS$
00000001   SWI$
00000001   SWI_ADC_In_Ping$dorta
00000001   SWI_ADC_In_Ping$sts$filtmaxmult
00000001   SWI_ADC_In_Ping$sts$filtsummult
00000001   SWI_ADC_In_Pong$dorta
00000001   SWI_ADC_In_Pong$sts$filtmaxmult
00000001   SWI_ADC_In_Pong$sts$filtsummult
00000001   SWI_ADC_Out_Ping$dorta
00000001   SWI_ADC_Out_Ping$sts$filtmaxmult
00000001   SWI_ADC_Out_Ping$sts$filtsummult
00000001   SWI_ADC_Out_Pong$dorta
00000001   SWI_ADC_Out_Pong$sts$filtmaxmult
00000001   SWI_ADC_Out_Pong$sts$filtsummult
00000001   SWI_BSPLink_In_Ping$dorta
00000001   SWI_BSPLink_In_Ping$sts$filtmaxmult
00000001   SWI_BSPLink_In_Ping$sts$filtsummult
00000001   SWI_BSPLink_In_Pong$dorta
00000001   SWI_BSPLink_In_Pong$sts$filtmaxmult
00000001   SWI_BSPLink_In_Pong$sts$filtsummult
00000001   SWI_BSPLink_Out_Ping$dorta
00000001   SWI_BSPLink_Out_Ping$sts$filtmaxmult
00000001   SWI_BSPLink_Out_Ping$sts$filtsummult
00000001   SWI_BSPLink_Out_Pong$dorta
00000001   SWI_BSPLink_Out_Pong$sts$filtmaxmult
00000001   SWI_BSPLink_Out_Pong$sts$filtsummult
00000001   SWI_Decode_Buffer$dorta
00000001   SWI_Decode_Buffer$sts$filtmaxmult
00000001   SWI_Decode_Buffer$sts$filtsummult
00000001   SYS$
00000001   TSK$
00000001   TSK_LEDTOGGLE$sts$filtmaxmult
00000001   TSK_LEDTOGGLE$sts$filtsummult
00000001   TSK_PRIORITY
00000001   TSK_idle$ord
00000001   TSK_idle$sts$filtmaxmult
00000001   TSK_idle$sts$filtsummult
00000001   _CLK_USETIMER
00000001   _HWI_NMI
00000001   _LOG_A_TABLEN
00000002   HWI_RESERVED0
00000002   IDL_busyObj$unittype
00000002   KNL_swi$ord
00000002   KNL_swi$sts$filter
00000002   PIP_A_TABLEN
00000002   PIP_gNumEmbed
00000002   PRD_Sek$sts$unittype
00000002   PRD_swi$sts$filter
00000002   SWI_ADC_In_Ping$sts$filter
00000002   SWI_ADC_In_Pong$sts$filter
00000002   SWI_ADC_Out_Ping$sts$filter
00000002   SWI_ADC_Out_Pong$sts$filter
00000002   SWI_BSPLink_In_Ping$sts$filter
00000002   SWI_BSPLink_In_Pong$sts$filter
00000002   SWI_BSPLink_Out_Ping$sts$filter
00000002   SWI_BSPLink_Out_Pong$sts$filter
00000002   SWI_Decode_Buffer$sts$filter
00000002   TSK_LEDTOGGLE$pri
00000002   TSK_LEDTOGGLE$sts$filter
00000002   TSK_idle$sts$filter
00000002   _HWI_RESERVED0
00000002   _RTDX_JTAGONLY
00000003   HWI_RESERVED1
00000003   SWI_BSPLink_In_Ping$ord
00000003   SWI_Decode_Buffer$pri
00000003   TSK_LEDTOGGLE$ord
00000003   _HWI_RESERVED1
00000004   CLK_CALMULT
00000004   CLK_HTIMEMULT
00000004   HWI_INT4
00000004   RTA_fromHost$framesize
00000004   SWI_ADC_In_Ping$pri
00000004   SWI_ADC_In_Pong$pri
00000004   SWI_ADC_Out_Ping$pri
00000004   SWI_ADC_Out_Pong$pri
00000004   SWI_BSPLink_In_Pong$ord
00000004   _HWI_INT4
00000005   HWI_INT5
00000005   SWI_ADC_Out_Ping$ord
00000005   _HWI_INT5
00000006   HWI_INT6
00000006   IDL_CALIBRERROR
00000006   SWI_ADC_Out_Pong$ord
00000006   _HWI_INT6
00000007   HWI_INT7
00000007   SWI_ADC_In_Ping$ord
00000007   SWI_BSPLink_In_Pong$pri
00000007   SWI_BSPLink_Out_Pong$pri
00000007   _HWI_INT7
00000008   HWI_INT8
00000008   PRD_SCALAR
00000008   SWI_ADC_In_Pong$ord
00000008   SWI_BSPLink_In_Ping$pri
00000008   SWI_BSPLink_Out_Ping$pri
00000008   _HWI_INT8
00000009   HWI_INT9
00000009   SWI_BSPLink_Out_Ping$ord
00000009   _HWI_INT9
0000000a   HWI_INT10
0000000a   SWI_BSPLink_Out_Pong$ord
0000000a   _HWI_INT10
0000000b   HWI_INT11
0000000b   SWI_A_TABLEN
0000000b   SWI_Decode_Buffer$ord
0000000b   _HWI_INT11
0000000c   HWI_INT12
0000000c   _HWI_INT12
0000000d   HWI_INT13
0000000d   _HWI_INT13
0000000e   HWI_INT14
0000000e   _HWI_INT14
0000000f   HWI_INT15
0000000f   _HWI_INT15
00000020   CLK_TCR
00000020   hwi1
0000003e   GBL_DSPTYPE
00000040   HST_MAXFRAMESET
00000040   LOG_system$size
00000040   RTA_toHost$framesize
00000040   hwi2
00000042   GBL_FOOTPRINT
00000060   hwi3
00000064   PIP_OBJSIZE
00000080   hwi4
000000a0   hwi5
000000c0   hwi6
000000e0   hwi7
000000ff   HST_MAXFRAMEALLOWED
00000100   hwi8
00000120   hwi9
00000140   hwi10
00000160   hwi11
00000180   hwi12
000001a0   hwi13
000001c0   hwi14
000001e0   hwi15
00000200   _datainterface_config
00000220   _configEDMARcv
00000238   _configEDMAXmt
00000250   _debug_denum
00000280   _y_enc
00000298   _e_enc
000003e8   CLK_MICROSECS
000003e8   PRD_Sek$period
00000400   HST_DSMMEMSIZE
00000400   TSK_STACKSIZE
00000408   RTDX_BUFMEMSIZE
00001770   GBL_CLKTYPE
00001a39   GBL_DSPSUBTYPE
00001df0   _b_enc
00002226   GBL_L2ALLOC
00003948   _y_dec
00003960   _e_dec
00004000   CLK_INTBIT
00004000   __STACK_SIZE
00004e20   GBL_CLKIN
00005205   GBL_A_VERSION
00005308   HWI_CFGDISPATCHED
00005308   _HWI_CFGDISPATCHED
000054b8   _b_dec
00007010   ___atexit_func_id__
000071c0   __IRQ_eventTable
00007244   __IRQ_intTable
00007284   __IRQ_dispatchTable
0000728c   _KNL_queues
0000732c   _KNL_dummy
00007364   _TSK_ATTRS
00007380   _TSK_config
000073a0   _TSK_timerSem
000073c0   _OBJ_table
000073f8   _OBJ_segtab
00007428   _tccAllocTable
00007468   __TSK_mutex
00007490   __MEM_mutex
000074b8   _BSPLink_interface_config
000074d8   _configEDMABSPLinkRcv
000074f0   _configEDMABSPLinkXmt
00007538   __MCBSP_hDev0
0000753c   __MCBSP_hDev1
0000759c   __TIMER_deviceTable
000075b4   __TIMER_hDev0
000075b8   __TIMER_hDev1
000075bc   __TIMER_hBios
000075c0   _SYS_exitStack
000075fc   __cleanup_ptr
00007600   __dtors_ptr
00007604   ___TI_enable_exit_profile_output
00007608   __lock
0000760c   __unlock
00007610   _dtors
00007614   _DSK6713_version
00007618   _AIC_Buffer_in_ping
00007de8   _AIC_Buffer_in_pong
00008000   SDRAM$L
00008000   _SDRAM_length
000085b8   _AIC_Buffer_out_ping
00008d88   _AIC_Buffer_out_pong
00009558   _Ringbuffer_Audio_out
0000c438   _Decoding_Buffer
0000c820   _Encoding_Buffer
0000cc08   _BSPLinkBuffer_in_ping
0000d054   _BSPLinkBuffer_in_pong
0000d4a0   _BSPLinkBuffer_out_ping
0000d8ec   _BSPLinkBuffer_out_pong
0000dbba   CLK_COUNTSPMS
0000dbba   CLK_HTIMEPERLTIME
0000dbba   CLK_PRD
0000dbba   _CLK_COUNTSPMS
0000dbba   _CLK_PRD
0000dbef   GBL_TRCMASKVALUE
0000dd38   CLK_A_TABBEG
0000dd38   PRD_clock
0000dd38   _PRD_clock
0000dd3c   CLK_null
0000dd40   .text
0000dd40   ___text__
0000dd88   _main
0000df74   _config_AIC23_EDMA
0000e518   _config_interrupts
0000e5ac   _EDMA_ISR
0000ea08   _ADC_Out_Ping
0000ea48   _ADC_Out_Pong
0000ea88   _ADC_In_Ping
0000eac8   _ADC_In_Pong
0000eb08   _BSPLink_In_Ping
0000eb5c   _BSPLink_In_Pong
0000ebb0   _BSPLink_Out_Ping
0000ec5c   _BSPLink_Out_Pong
0000ed08   _decode_buffer
0000f30c   _encode_audio_data
0000fc4c   _framing_link_data
0000fd98   _write_decoding_buffer
0000fef8   _read_buffer_audio_out
0000ffb0   _SWI_LEDToggle
0000ffdc   _tsk_led_toggle
000100c0   _config_BSPLink
00010238   _config_BSPLink_EDMA
0001080c   _DSK6713_init
00010b28   _DSK6713_rget
00010b3c   _DSK6713_rset
00010b50   _DSK6713_wait
00010ba8   _DSK6713_waitusec
00010bd4   _DSK6713_getVersion
00010c40   __divf
00010f40   _EDMA_open
000111c0   _memcpy
00011400   _Config_DSK6713_AIC23
00011640   __CSL_init
00011860   _DSK6713_LED_init
000118a0   _DSK6713_LED_off
00011910   _DSK6713_LED_on
00011980   _DSK6713_LED_toggle
00011a40   _IRQ_map
00011dc0   _EDMA_allocTable
00011f60   _MCBSP_reset
00012100   _wait500nS
00012128   GBL_USERINITFXN
00012128   _GBL_setPLLto225MHz
00012280   _call_dtors
000123e0   _EDMA_reset
00012520   _TIMER_open
00012660   _TIMER_reset
00012780   _EDMA_intAlloc
00012880   _MCBSP_open
00012980   _MCBSP_start
00012a80   _EDMA_config
00012b60   __nround
00012c40   __strasg
00012d20   _atexit
00012e00   _modf
00012fa0   _MCBSP_close
00013040   _MCBSP_config
000130e0   __IRQ_init
00013180   __fltlif
000132c0   _DSK6713_DIP_init
000132c8   _DSK6713_DIP_get
00013340   _EDMA_disableChannel
000133a0   _EDMA_enableChannel
00013400   _EDMA_intEnable
00013460   _EDMA_qdmaConfig
000134c0   __fltulf
00013520   _EDMA_link
00013560   _IRQ_enable
000135a0   ___add_dtor
000135e0   _CSL6713_LIB_
00013600   _EDMA_intClear
00013620   _EDMA_intTest
00013640   _IRQ_clear
00013660   _IRQ_globalEnable
00013680   _MCBSP_getRcvAddr
000136a0   _MCBSP_getXmtAddr
000136c0   _MCBSP_write
000136e0   _MCBSP_xrdy
00013700   __nop
00013720   __register_lock
00013740   __register_unlock
00013760   __IRQ_hookFetchPacket
00013780   LNK_F_checkBufferCall
00013780   ___etext__
00013780   etext
000137a0   LNK_F_getChanPtr
000137f8   LNK_F_init
00013800   LNK_F_dataPump
00013814   LNK_rcloop
000138e0   LNK_rdrtry
000138f0   LNK_rrloop
000139b4   LNK_wrrtry
000139c4   LNK_wrloop
00013aa0   LNK_newin
00013be0   LNK_newout
00013d44   LNK_F_readCallBack
000141b4   __GBL_setL2CacheMode
00014360   SWI_F_enable
00014360   __SWI_lat3beg
000143cc   __SWI_lat3end
000143d0   SWI_F_post
000143d0   _SWI_post
0001450c   __SWI_lat1beg
0001457c   SWI_EXECFXN
0001457c   SWI_F_exec
000145a8   SWI_F_iexec
000145c0   __SWI_lat1end
000145c4   __SWI_lat2beg
00014634   __SWI_lat2end
00014638   SWI_F_run
00014638   SWI_RUNFXN
000148a0   CLK_HOOKFXN
000148a0   HWI_F_dispatch
000148a0   _HWI_F_dispatch
000148a0   __HWI_lat1beg
00014a20   __HWI_lat1end
00014a20   __HWI_lat2beg
00014b4c   __HWI_lat2end2
00014b7c   __HWI_lat3end2
00014bc0   __HWI_lat2end1
00014be0   __HWI_lat3beg
00014ce0   __HWI_lat3end1
00014d00   PRD_F_swi
00014fc0   PRD_F_tick
000150a0   _KNL_run
00015360   RTA_F_getlog
000153a4   RTA_F_getsts
000153ec   RTA_F_readblk
0001540c   RTA_F_writeword
00015418   RTA_F_resetmem
00015418   __RTA_lat1beg
00015450   __RTA_lat1end
00015458   RTA_F_dispatch
000154a8   RTA_execute
00015620   _SEM_pendEnterKnl
00015b20   PRD_THOOKFXN
00015b20   _KNL_tick
00015b40   PIP_F_take
00015bd4   PIP_F_give
00015bd4   PIP_F_probe
00015ca8   PIP_F_start
00015d80   __SEM_dopost
00015fa0   _TSK_setup
000161a0   _KNL_saveIsrFrame
0001626c   _KNL_switch
00016320   KNL_glue
00016360   CLK_F_getltime
00016374   CLK_F_isr
000164d4   CLK_F_itime
000164d4   _CLK_F_itime
000164d4   _CLK_itime
000164f0   __CLK_lat1beg
0001651c   __CLK_lat1end
00016520   _TSK_exit
000166c0   __auto_init
00016900   _TSK_startup
000169c0   _KNL_check
00016a10   __KNL_lat1beg
00016a98   _KNL_idle
00016a98   __KNL_lat1end
00016abc   _KNL_max
00016b00   _GBL_cslCacheInit
00016be0   _KNL_exit
00016c34   _KNL_enter
00016cc0   _SEM_postEnterKnl
00016da0   _SEM_post
00016da0   _SEM_postBinary
00016e80   _CLK_measure
00016f60   _KNL_ipost
00017020   _KNL_post
000170e0   _LCK_post
00017110   _LCK_pend
000171a0   _SYS_exit
00017260   CLK_F_getfhtime
00017280   CLK_F_gethtime
00017280   CLK_F_getshtime
00017280   CLK_TIMEFXN
00017320   FXN_F_nop
00017328   FXN_F_run
00017328   _FXN_F_run
00017378   FXN_F_zero
00017378   _FXN_F_zero
000173a0   IDL_F_busy
000173a0   __IDL_lat1beg
000173f0   __IDL_lat1end
00017420   LOG_F_event
00017420   _LOG_event
00017420   __LOG_lat1beg
000174a0   STS_F_delta
000174a0   _STS_delta
000174d8   STS_F_add
000174d8   _STS_add
00017504   STS_F_reset
00017504   _STS_reset
00017520   IDL_F_calibrate
000175a0   _HWI_disable
000175b8   _HWI_enable
000175cc   _HWI_restore
00017600   _SEM_pendBinary
00017660   _SEM_pend
000176c0   _SWI_disable
000176e8   _SWI_enable
00017720   _SYS_abort
00017780   SYS_PUTCFXN
00017780   _UTL_doPutc
000177e0   _CLK_start
00017840   IDL_CALIBRFXN
00017840   IDL_F_stub
00017880   RTA_F_andn
000178a0   RTA_F_or
000178c0   SYS_ABORTFXN
000178c0   _UTL_doAbort
00017900   _CLK_stop
00017940   GIO_CREATEFXN
00017940   GIO_DELETEFXN
00017940   GIO_PENDFXN
00017940   GIO_POSTFXN
00017940   TSK_VCREATEFXN
00017940   TSK_VDELETEFXN
00017940   TSK_VEXITFXN
00017940   _FXN_F_nop
00017960   _GBL_getVersion
00017980   IDL_F_loop
00017980   _IDL_loop
000179a0   _STS_set
000179c0   SYS_ERRORFXN
000179c0   _UTL_doError
000179e0   SYS_EXITFXN
000179e0   _UTL_halt
00017a00   GBL_stackbeg
00017a00   _HWI_STKTOP
00017a00   __stack
0001b9f8   _HWI_STKBOTTOM
0001b9ff   GBL_stackend
0001ba00   __STACK_END
0001ba00   ___cinit__
0001ba00   cinit
0001ecb4   ___pinit__
0001ecb4   pinit
0001ecc0   _RTDX_Poll
0001f0c0   _RTDX_Buffer_WriteCB
0001f700   _RTDX_Mon_Queue
0001f920   _RTDX_Init_RT_Monitor
0001f9a0   _RTDX_Buffer_Initialize
0001fa00   _RTDX_Buffer_ReadCB
0001fa60   _RTDX_Buffer_Size
0001faa0   _RTDX_Final_RT_Monitor
0001fae0   _RTDX_Buffer_Read
0001fb00   _RTDX_Buffer_Write
0001fb40   _RTDX_Mask_IER
0001fb60   BIOS_init
0001fb60   _BIOS_init
0001fcdc   BIOS$$CLKON
0001fd1c   BIOS$$CLKOFF
0001fd84   BIOS_start
0001fd84   _BIOS_start
0001fe40   _MEM_init
0001ff20   _c_int00
0001ffe0   _TSK_init
00020060   _OBJ_init
00020080   _RTDX_Buffer
00020488   _RTDX_Buffer_Start
0002048c   _RTDX_Buffer_End
00020490   _rtdx_buffer_state
0002049c   _RTDX_writing
000204b0   _rtdx_mon_state
000204d0   TSK_LEDTOGGLE$stack
00020868   TSK_LEDTOGGLE$stkptr
000208d0   TSK_idle$stack
00020c68   TSK_idle$stkptr
00020cd0   $bss
00020cd0   .bss
00020cd0   _HWI_dispatchTab
00020cd0   ___bss__
00020dd0   IDL_D_tabbeg
00020dd4   IDL_D_calibrate
00020dd8   IDL_D_calbeg
00020ddc   LOG_D_system
00020ddc   _LOG_D_system
00020de0   PIP_D_tabbeg
00020de4   PIP_D_tablen
00020de8   CLK_R_time
00020dec   CLK_D_timefxn
00020df0   CLK_D_tabbeg
00020df4   CLK_D_isrhook
00020df8   CLK_D_idletime
00020dfc   _CLK_htimeDiv
00020e00   _CLK_htimeMult
00020e04   _CLK_ltimeDiv
00020e08   _CLK_ltimeMult
00020e0c   _CLK_D_dirty
00020e10   _CLK_D_prd
00020e14   _CLK_D_tddr
00020e18   _CLK_D_countspms
00020e1c   PRD_D_tick
00020e1c   _PRD_D_tick
00020e20   PRD_D_cur
00020e24   PRD_D_elapsed
00020e28   PRD_D_prevtim
00020e2c   PRD_D_scalar
00020e30   PRD_D_swihandle
00020e34   PRD_D_tabbeg
00020e38   PRD_D_tablen
00020e3c   PRD_D_thook
00020e40   RTA_D_fromHost
00020e44   RTA_D_toHost
00020e48   RTA_D_logval
00020e58   RTA_D_stsval
00020e64   HST_D_chanmask
00020e68   HST_D_tabbeg
00020e6c   HST_D_tabend
00020e70   _GBL_procId
00020e74   _GBL_clkIn
00020e78   _GBL_freq
00020e7c   _MEM_D_NUMSEGMENTS
00020e80   _MEM_D_memtab
00020e84   _MEM_D_freelist
00020e88   _MEM_D_lockaddr
00020e8c   _MEM_D_unlockaddr
00020e90   _SYS
00020e94   __HOOK_knlId
00020e98   __HOOK_NUMHOOKS
00020e9c   SWI_D_runaddr
00020e9c   _SWI_D_runaddr
00020e9c   _SWI_data
00020ea0   SWI_D_execaddr
00020ea0   _SWI_D_execaddr
00020ea4   SWI_D_curmask
00020ea4   _SWI_D_curmask
00020ea8   SWI_D_curset
00020ea8   _SWI_D_curset
00020eac   SWI_D_lock
00020eac   _SWI_D_lock
00020eb0   SWI_D_curmbox
00020eb4   SWI_D_curfxn
00020eb4   _SWI_D_curfxn
00020eb8   SWI_D_rdybeg
00020eb8   _SWI_D_rdybeg
00020ebc   SWI_D_inswi
00020ebc   _SWI_D_inswi
00020ec0   SWI_D_rdytab
00020f38   _debug_buff_i
00020f3c   _hMcbsp_AIC23
00020f40   _hEdmaRcv
00020f44   _hEdmaRcvRelPing
00020f48   _hEdmaRcvRelPong
00020f4c   _hEdmaXmt
00020f50   _hEdmaXmtRelPing
00020f54   _hEdmaXmtRelPong
00020f58   _tccRcvPing
00020f5c   _tccRcvPong
00020f60   _tccXmtPing
00020f64   _tccXmtPong
00020f68   _ringbuff_audio_out_read_i
00020f6c   _ringbuff_audio_out_write_i
00020f70   _Decoding_Buffer_i
00020f74   _decoding_buff_valid
00020f78   _Encoding_Buffer_i
00020f7c   _encoding_buff_valid
00020f7d   _dataDetected
00020f80   _soundBuffer_i
00020f84   _ringbuffer_in_ready
00020f86   _time_cnt
00020f88   _configComplete
00020f8c   _t_reg
00020f90   _ENCODER
00020f94   _DECODER
00020f98   _den_f
00020f9c   _num_f
00020fc0   _KNL_wFlag
00020fc4   _KNL_wList
00020fc8   _KNL_alarm
00020fcc   _KNL_setpri
00020fd0   _KNL_inactive
00020fd4   _KNL_priority
00020fd8   _KNL_set
00020fdc   _KNL_curtask
00020fe0   _KNL_prevtask
00020fe4   _KNL_curtime
00020fe8   _KNL_swiptr
00020fec   _KNL_curqueue
00020ff0   _KNL_maxqueue
00020ff4   _KNL_tswitchfxn
00020ff8   _KNL_tcreatefxn
00020ffc   _KNL_tdeletefxn
00021000   _KNL_treadyfxn
00021004   _KNL_idlefxn
00021008   _hMcbsp_Link
0002100c   _hEdmaBSPLinkRcv
00021010   _hEdmaBSPLinkRcvRelPing
00021014   _hEdmaBSPLinkRcvRelPong
00021018   _hEdmaBSPLinkXmt
0002101c   _hEdmaBSPLinkXmtRelPing
00021020   _hEdmaBSPLinkXmtRelPong
00021024   _tccBSPLinkRcvPing
00021028   _tccBSPLinkRcvPong
0002102c   _tccBSPLinkXmtPing
00021030   _tccBSPLinkXmtPong
00021034   _MEM_memtab
00021040   MEM_MALLOCSEG
00021040   MEM_SEGZERO
00021040   SDRAM
00021040   _SDRAM
00021044   RTA_fromHost$pipe$dtab
00021050   RTA_toHost$pipe$dtab
0002105c   HWI_D_spsave
0002105c   _HWI_D_spsave
0002105c   _HWI_data
00021068   _HWI_D_inhwi
0002106c   HWI_D_bss
00021070   HWI_D_ccmask
00021074   LNK_dspFrameRequestMask
00021074   _LNK_dspFrameRequestMask
00021078   LNK_dspFrameReadyMask
00021078   _LNK_dspFrameReadyMask
0002107c   LNK_readPend
0002107c   _LNK_readPend
00021080   LNK_readDone
00021080   _LNK_readDone
00021084   LNK_readFail
00021084   _LNK_readFail
00021088   LNK_writeFail
00021088   _LNK_writeFail
00021094   _rtdxNullChanCnt
00021098   _rtdxNullFuncCnt
0002109c   _TSK_nTasks
000210a0   _TSK_pid
000210a4   _TSK
000210a8   _CLK_DFLTMICROSECS
000210ac   _CLK_D_microseconds
000210b0   _SYS_exitStackPtr
000210b4   _SYS_exitStackTop
000210b8   _CLK_htimePerLtime
000210c0   IDL_D_busyObj
000210c4   _MEM
000210c8   _hMcbsp_AIC23_Config
000210cc   _SYS_PUTCBEG
000210cc   ___end__
000210cc   end
000212cb   _SYS_PUTCEND
000212cc   PRD_SWIHANDLE
000212cc   PRD_swi
000212cc   SWI_A_TABBEG
000212cc   _PRD_swi
000212f8   KNL_swi
000212f8   _KNL_swi
00021324   SWI_BSPLink_In_Ping
00021324   _SWI_BSPLink_In_Ping
00021350   SWI_BSPLink_In_Pong
00021350   _SWI_BSPLink_In_Pong
0002137c   SWI_ADC_Out_Ping
0002137c   _SWI_ADC_Out_Ping
000213a8   SWI_ADC_Out_Pong
000213a8   _SWI_ADC_Out_Pong
000213d4   SWI_ADC_In_Ping
000213d4   _SWI_ADC_In_Ping
00021400   SWI_ADC_In_Pong
00021400   _SWI_ADC_In_Pong
0002142c   SWI_BSPLink_Out_Ping
0002142c   _SWI_BSPLink_Out_Ping
00021458   SWI_BSPLink_Out_Pong
00021458   _SWI_BSPLink_Out_Pong
00021484   SWI_Decode_Buffer
00021484   _SWI_Decode_Buffer
000214b0   SWI_A_TABEND
00021500   LOG_system$buf
00021600   RTA_toHost$buf
00021700   PRD_Sek$sts$stsobj
00021700   STS_A_TABBEG
00021700   _STS_A_TABBEG
00021704   PRD_Sek$sts
00021710   PRD_swi$sts$stsobj
00021714   PRD_swi$sts
00021720   KNL_swi$sts$stsobj
00021724   KNL_swi$sts
00021730   SWI_BSPLink_In_Ping$sts$stsobj
00021734   SWI_BSPLink_In_Ping$sts
00021740   SWI_BSPLink_In_Pong$sts$stsobj
00021744   SWI_BSPLink_In_Pong$sts
00021750   SWI_ADC_Out_Ping$sts$stsobj
00021754   SWI_ADC_Out_Ping$sts
00021760   SWI_ADC_Out_Pong$sts$stsobj
00021764   SWI_ADC_Out_Pong$sts
00021770   SWI_ADC_In_Ping$sts$stsobj
00021774   SWI_ADC_In_Ping$sts
00021780   SWI_ADC_In_Pong$sts$stsobj
00021784   SWI_ADC_In_Pong$sts
00021790   SWI_BSPLink_Out_Ping$sts$stsobj
00021794   SWI_BSPLink_Out_Ping$sts
000217a0   SWI_BSPLink_Out_Pong$sts$stsobj
000217a4   SWI_BSPLink_Out_Pong$sts
000217b0   SWI_Decode_Buffer$sts$stsobj
000217b4   SWI_Decode_Buffer$sts
000217c0   TSK_idle$sts$stsobj
000217c4   TSK_idle$sts
000217d0   TSK_LEDTOGGLE$sts$stsobj
000217d4   TSK_LEDTOGGLE$sts
000217e0   IDL_busyObj$stsobj
000217e4   IDL_busyObj
000217e4   _IDL_busyObj
000217f0   PIP_A_TABBEG
000217f0   RTA_fromHost$pipe
000217f0   STS_A_TABEND
000217f0   _PIP_A_TABBEG
000217f0   _STS_A_TABEND
000217f4   RTA_fromHost$pipe$rd
00021820   RTA_fromHost$pipe$aaa
00021824   RTA_fromHost$pipe$wr
00021850   RTA_fromHost$pipe$bbb
00021854   RTA_toHost$pipe
00021858   RTA_toHost$pipe$rd
00021884   RTA_toHost$pipe$aaa
00021888   RTA_toHost$pipe$wr
000218b4   RTA_toHost$pipe$bbb
000218b8   PIP_A_TABEND
000218b8   _PIP_A_TABEND
000218c4   TSK_idle
000218c4   _TSK_idle
00021924   TSK_LEDTOGGLE
00021924   _TSK_LEDTOGGLE
00021a2d   PRD_Sek$sts$maxfmt
00021a30   HST_A_TABBEG
00021a30   _HST_A_TABBEG
00021a34   RTA_fromHost
00021a34   _RTA_fromHost
00021a36   PRD_Sek$sts$sumfmt
00021a3c   RTA_fromHost$rtdx
00021a3f   PRD_Sek$sts$avgfmt
00021a4a   PRD_swi$sts$maxfmt
00021a50   RTA_toHost
00021a50   _RTA_toHost
00021a52   PRD_swi$sts$sumfmt
00021a58   RTA_toHost$rtdx
00021a5a   PRD_swi$sts$avgfmt
00021a64   KNL_swi$sts$maxfmt
00021a6c   HST_A_TABEND
00021a6c   KNL_swi$sts$sumfmt
00021a6c   _HST_A_TABEND
00021a74   KNL_swi$sts$avgfmt
00021a78   SEM_LEDToggle
00021a78   _SEM_LEDToggle
00021a7e   SWI_BSPLink_In_Ping$sts$maxfmt
00021a86   SWI_BSPLink_In_Ping$sts$sumfmt
00021a8e   SWI_BSPLink_In_Ping$sts$avgfmt
00021a98   SWI_BSPLink_In_Pong$sts$maxfmt
00021aa0   SWI_BSPLink_In_Pong$sts$sumfmt
00021aa8   SWI_BSPLink_In_Pong$sts$avgfmt
00021ab2   SWI_ADC_Out_Ping$sts$maxfmt
00021aba   SWI_ADC_Out_Ping$sts$sumfmt
00021ac0   PRD_A_TABBEG
00021ac0   PRD_Sek
00021ac0   _PRD_Sek
00021ac2   SWI_ADC_Out_Ping$sts$avgfmt
00021acc   SWI_ADC_Out_Pong$sts$maxfmt
00021ad4   SWI_ADC_Out_Pong$sts$sumfmt
00021adc   PRD_Sek$aaa
00021adc   SWI_ADC_Out_Pong$sts$avgfmt
00021ae0   LOG_A_TABBEG
00021ae0   LOG_system
00021ae0   PRD_A_TABEND
00021ae0   _LOG_A_TABBEG
00021ae0   _LOG_system
00021ae6   SWI_ADC_In_Ping$sts$maxfmt
00021aee   SWI_ADC_In_Ping$sts$sumfmt
00021af6   SWI_ADC_In_Ping$sts$avgfmt
00021af8   LOG_A_TABEND
00021af8   RTA_fromHost$buf
00021af8   _LOG_A_TABEND
00021b00   SWI_ADC_In_Pong$sts$maxfmt
00021b08   IDL_A_TABBEG
00021b08   IDL_cpuLoad
00021b08   SWI_ADC_In_Pong$sts$sumfmt
00021b08   _IDL_cpuLoad
00021b0c   LNK_dataPump
00021b0c   _LNK_dataPump
00021b10   RTA_dispatcher
00021b10   SWI_ADC_In_Pong$sts$avgfmt
00021b10   _RTA_dispatcher
00021b14   IDL_END
00021b18   IDL_A_CALBEG
00021b18   IDL_cpuLoad$
00021b1a   SWI_BSPLink_Out_Ping$sts$maxfmt
00021b1c   LNK_dataPump$
00021b20   RTA_dispatcher$
00021b22   SWI_BSPLink_Out_Ping$sts$sumfmt
00021b24   IDL_END$
00021b28   SYS$config
00021b2a   SWI_BSPLink_Out_Ping$sts$avgfmt
00021b34   SWI_BSPLink_Out_Pong$sts$maxfmt
00021b38   TRC_cinit
00021b3c   SWI_BSPLink_Out_Pong$sts$sumfmt
00021b3c   TRC_R_mask
00021b3c   _TRC_R_mask
00021b40   GBL_initdone
00021b44   SWI_BSPLink_Out_Pong$sts$avgfmt
00021b4e   SWI_Decode_Buffer$sts$maxfmt
00021b56   SWI_Decode_Buffer$sts$sumfmt
00021b5e   SWI_Decode_Buffer$sts$avgfmt
00021b68   TSK_idle$sts$maxfmt
00021b70   TSK_idle$sts$sumfmt
00021b78   TSK_idle$sts$avgfmt
00021b82   TSK_LEDTOGGLE$sts$maxfmt
00021b8a   TSK_LEDTOGGLE$sts$sumfmt
00021b92   TSK_LEDTOGGLE$sts$avgfmt
00021b9c   IDL_busyObj$maxfmt
00021b9f   IDL_busyObj$sumfmt
00021ba2   IDL_busyObj$avgfmt
00036ee8   CLK_LTIMEMULT
00036ee8   GBL_FREQ
01940000   CLK_REGS
01940000   _CLK_REGS
082039a3   HWI_INTRMULTHIGH
250718a4   HWI_INTRMULTLOW
80000000   SDRAM$B
80000000   _SDRAM_base
80008000   _MySinus
800080dc   _MySound
ffffffff   HST_DSMBUFSEG
ffffffff   IRAM
ffffffff   RTDX_DATAMEMSEG
ffffffff   _IRAM
ffffffff   ___TI_pprof_out_hndl
ffffffff   ___TI_prof_data_size
ffffffff   ___TI_prof_data_start
ffffffff   ___binit__
ffffffff   ___c_args__
ffffffff   binit

[1014 symbols]
