******************************************************************************
               TMS320C6x Linker PC v7.4.14                     
******************************************************************************
>> Linked Wed Jun 08 14:43:53 2016

OUTPUT FILE NAME:   <my_dsp_project.out>
ENTRY POINT SYMBOL: "_c_int00"  address: 0000f7e0


MEMORY CONFIGURATION

         name            origin    length      used     unused   attr    fill
----------------------  --------  ---------  --------  --------  ----  --------
  IRAM                  00000000   0003e000  00011395  0002cc6b  RWIX
  SDRAM                 80000000   00800000  0000ee72  007f118e  RWIX


SECTION ALLOCATION MAP

 output                                  attributes/
section   page    origin      length       input sections
--------  ----  ----------  ----------   ----------------
.data      0    00000000    00000000     UNINITIALIZED

.vers      0    00000000    00000044     COPY SECTION
                  00000000    00000044     my_dsp_projectcfg.obj (.vers)

.hwi_vec   0    00000000    00000200     
                  00000000    00000200     my_dsp_projectcfg.obj (.hwi_vec)

.bios      0    00000200    00004280     
                  00000200    00000600     lnkrtdx.a67 : rtdx.o67 (.bios)
                  00000800    000005e0     bios.a67 : gbl_setL2CacheMode.o67 (.bios)
                  00000de0    00000540              : swi.o67 (.bios)
                  00001320    00000460              : hwi_disp_asm.o67 (.bios)
                  00001780    000003a0              : prd.o67 (.bios)
                  00001b20    000002c0              : knl_run.o67 (.bios)
                  00001de0    000002c0              : rta.o67 (.bios)
                  000020a0    000002c0              : sem_pend.o67 (.bios)
                  00002360    00000260              : knl_tick.o67 (.bios)
                  000025c0    00000240              : pip.o67 (.bios)
                  00002800    00000220              : sem_dopo.o67 (.bios)
                  00002a20    00000200              : tsk_setu.o67 (.bios)
                  00002c20    000001c0              : knl_swit.o67 (.bios)
                  00002de0    000001c0     biosC6000.a67 : clk.o67 (.bios)
                  00002fa0    000001a0     bios.a67 : tsk_exit.o67 (.bios)
                  00003140    00000180              : autoinit.o67 (.bios)
                  000032c0    00000180              : tsk_stup.o67 (.bios)
                  00003440    00000140              : knl_chec.o67 (.bios)
                  00003580    000000e0              : gbl_cslcacheinit.o67 (.bios)
                  00003660    000000e0              : knl_exit.o67 (.bios)
                  00003740    000000e0              : sem_post.o67 (.bios)
                  00003820    000000e0              : sem_post_asm.o67 (.bios)
                  00003900    000000e0     biosC6000.a67 : clk_meas.o67 (.bios)
                  000039e0    000000c0     bios.a67 : knl_ipos.o67 (.bios)
                  00003aa0    000000c0              : knl_post.o67 (.bios)
                  00003b60    000000c0              : lck.o67 (.bios)
                  00003c20    000000c0              : sys_exit.o67 (.bios)
                  00003ce0    000000c0     biosC6000.a67 : clk_htime.o67 (.bios)
                  00003da0    00000080     bios.a67 : fxn.o67 (.bios)
                  00003e20    00000080              : idl_busy.o67 (.bios)
                  00003ea0    00000080              : log.o67 (.bios)
                  00003f20    00000080              : sts.o67 (.bios)
                  00003fa0    00000080     biosC6000.a67 : idl_cal.o67 (.bios)
                  00004020    00000060     bios.a67 : hwi_c.o67 (.bios)
                  00004080    00000060              : sem_pend_binary.o67 (.bios)
                  000040e0    00000060              : sem_pend_counting.o67 (.bios)
                  00004140    00000060              : swi_disable.o67 (.bios)
                  000041a0    00000060              : sys_abor.o67 (.bios)
                  00004200    00000060              : utl_putc.o67 (.bios)
                  00004260    00000060     biosC6000.a67 : clk_start.o67 (.bios)
                  000042c0    00000040     bios.a67 : idl_stub.o67 (.bios)
                  00004300    00000040              : rta_andn.o67 (.bios)
                  00004340    00000040              : utl_doab.o67 (.bios)
                  00004380    00000040     biosC6000.a67 : clk_stop.o67 (.bios)
                  000043c0    00000020     bios.a67 : fxn_c.o67 (.bios)
                  000043e0    00000020              : gbl_vers.o67 (.bios)
                  00004400    00000020              : idl.o67 (.bios)
                  00004420    00000020              : sts_set.o67 (.bios)
                  00004440    00000020              : utl_doer.o67 (.bios)
                  00004460    00000020              : utl_halt.o67 (.bios)

.text      0    00004480    000041e0     
                  00004480    000010a0     skeleton.obj (.text)
                  00005520    000007c0     config_BSPLink.obj (.text)
                  00005ce0    00000480     dsk6713bsl.lib : dsk6713.obj (.text)
                  00006160    00000280     csl6713.lib : csl_edma.obj (.text:_EDMA_open)
                  000063e0    00000240     rts6700.lib : memcpy62.obj (.text:_memcpy)
                  00006620    00000240     config_AIC23.obj (.text)
                  00006860    00000220     csl6713.lib : csl.obj (.text:__CSL_init)
                  00006a80    000001e0     dsk6713bsl.lib : dsk6713_led.obj (.text)
                  00006c60    000001c0     csl6713.lib : csl_irq.obj (.text:_IRQ_map)
                  00006e20    000001c0                 : csl_irq.obj (.text:_mux2Tables)
                  00006fe0    000001a0                 : csl_edma.obj (.text:_EDMA_allocTable)
                  00007180    000001a0                 : csl_mcbsp.obj (.text:_MCBSP_reset)
                  00007320    00000180     bios.a67 : gbl_cslpllinit62.o67 (.text)
                  000074a0    00000160     rts6700.lib : sinit.obj (.text:_call_dtors)
                  00007600    00000140     csl6713.lib : csl_edma.obj (.text:_EDMA_reset)
                  00007740    00000140                 : csl_timer.obj (.text:_TIMER_open)
                  00007880    00000120                 : csl_timer.obj (.text:_TIMER_reset)
                  000079a0    00000100                 : csl_edma.obj (.text:_EDMA_intAlloc)
                  00007aa0    00000100                 : csl_mcbsp.obj (.text:_MCBSP_open)
                  00007ba0    00000100                 : csl_mcbsp.obj (.text:_MCBSP_start)
                  00007ca0    000000e0                 : csl_edma.obj (.text:_EDMA_config)
                  00007d80    000000e0     rts6700.lib : strasg.obj (.text:__strasg)
                  00007e60    000000e0                 : atexit.obj (.text:_atexit)
                  00007f40    000000c0     bios.a67 : tsk_stup.o67 (.text)
                  00008000    000000a0     csl6713.lib : csl_mcbsp.obj (.text:_MCBSP_close)
                  000080a0    000000a0                 : csl_mcbsp.obj (.text:_MCBSP_config)
                  00008140    000000a0                 : csl_irq.obj (.text:__IRQ_init)
                  000081e0    000000a0                 : csl_irq.obj (.text:_setMux)
                  00008280    00000060                 : csl_edma.obj (.text:_EDMA_disableChannel)
                  000082e0    00000060                 : csl_edma.obj (.text:_EDMA_enableChannel)
                  00008340    00000060                 : csl_edma.obj (.text:_EDMA_intEnable)
                  000083a0    00000060                 : csl_edma.obj (.text:_EDMA_qdmaConfig)
                  00008400    00000040                 : csl_edma.obj (.text:_EDMA_link)
                  00008440    00000040                 : csl_irq.obj (.text:_IRQ_enable)
                  00008480    00000040     rts6700.lib : sinit.obj (.text:___add_dtor)
                  000084c0    00000020     csl6713.lib : csl.obj (.text:_CSL6713_LIB_)
                  000084e0    00000020                 : csl_edma.obj (.text:_EDMA_intClear)
                  00008500    00000020                 : csl_edma.obj (.text:_EDMA_intTest)
                  00008520    00000020                 : csl_irq.obj (.text:_IRQ_clear)
                  00008540    00000020                 : csl_irq.obj (.text:_IRQ_globalEnable)
                  00008560    00000020                 : csl_mcbsp.obj (.text:_MCBSP_getRcvAddr)
                  00008580    00000020                 : csl_mcbsp.obj (.text:_MCBSP_getXmtAddr)
                  000085a0    00000020                 : csl_mcbsp.obj (.text:_MCBSP_write)
                  000085c0    00000020                 : csl_mcbsp.obj (.text:_MCBSP_xrdy)
                  000085e0    00000020     rts6700.lib : _lock.obj (.text:__nop)
                  00008600    00000020                 : _lock.obj (.text:__register_lock)
                  00008620    00000020                 : _lock.obj (.text:__register_unlock)
                  00008640    00000020     csl6713.lib : csl_irq.obj (.text)

.stack     0    00008660    00004000     UNINITIALIZED
                  00008660    00004000     --HOLE--

.cinit     0    0000c660    00001894     
                  0000c660    00000ab4     my_dsp_projectcfg.obj (.cinit)
                  0000d114    00000004     --HOLE-- [fill = 0]
                  0000d118    0000026c     bios.a67 : biosdata.o67 (.cinit)
                  0000d384    00000004     --HOLE-- [fill = 0]
                  0000d388    0000024c     skeleton.obj (.cinit)
                  0000d5d4    00000004     --HOLE-- [fill = 0]
                  0000d5d8    000001a4     bios.a67 : knl.o67 (.cinit)
                  0000d77c    00000004     --HOLE-- [fill = 0]
                  0000d780    0000012c     csl6713.lib : csl_irq.obj (.cinit)
                  0000d8ac    00000004     --HOLE-- [fill = 0]
                  0000d8b0    000000b0     bios.a67 : swi.o67 (.cinit)
                  0000d960    00000098     config_BSPLink.obj (.cinit)
                  0000d9f8    00000080     bios.a67 : tsk.o67 (.cinit)
                  0000da78    00000070     csl6713.lib : csl_edma.obj (.cinit)
                  0000dae8    00000060     bios.a67 : tsk_stup.o67 (.cinit)
                  0000db48    0000005c     lnkrtdx.a67 : rtdx.o67 (.cinit)
                  0000dba4    00000004     --HOLE-- [fill = 0]
                  0000dba8    00000054     csl6713.lib : csl_mcbsp.obj (.cinit)
                  0000dbfc    00000004     --HOLE-- [fill = 0]
                  0000dc00    0000004c     bios.a67 : rta.o67 (.cinit)
                  0000dc4c    00000004     --HOLE-- [fill = 0]
                  0000dc50    0000004c     csl6713.lib : csl_timer.obj (.cinit)
                  0000dc9c    00000004     --HOLE-- [fill = 0]
                  0000dca0    0000004c     rtdx.lib : buffer1.o62 (.cinit)
                  0000dcec    00000004     --HOLE-- [fill = 0]
                  0000dcf0    00000048     config_AIC23.obj (.cinit)
                  0000dd38    0000003c     csl6713.lib : csl.obj (.cinit)
                  0000dd74    00000004     --HOLE-- [fill = 0]
                  0000dd78    00000034     bios.a67 : hwi.o67 (.cinit)
                  0000ddac    00000004     --HOLE-- [fill = 0]
                  0000ddb0    0000002c              : utl_putc.o67 (.cinit)
                  0000dddc    00000004     --HOLE-- [fill = 0]
                  0000dde0    0000002c     rts6700.lib : exit.obj (.cinit)
                  0000de0c    00000004     --HOLE-- [fill = 0]
                  0000de10    00000024     bios.a67 : obj_init.o67 (.cinit)
                  0000de34    00000004     --HOLE-- [fill = 0]
                  0000de38    0000001c              : sys.o67 (.cinit)
                  0000de54    00000004     --HOLE-- [fill = 0]
                  0000de58    0000001c     rts6700.lib : _lock.obj (.cinit)
                  0000de74    00000004     --HOLE-- [fill = 0]
                  0000de78    0000001c                 : atexit.obj (.cinit)
                  0000de94    00000004     --HOLE-- [fill = 0]
                  0000de98    00000018     bios.a67 : knl_tick.o67 (.cinit)
                  0000deb0    0000000c              : gbl_setL2CacheMode.o67 (.cinit)
                  0000debc    00000004     --HOLE-- [fill = 0]
                  0000dec0    0000000c              : idl_busy.o67 (.cinit)
                  0000decc    00000004     --HOLE-- [fill = 0]
                  0000ded0    0000000c              : knl_swit.o67 (.cinit)
                  0000dedc    00000004     --HOLE-- [fill = 0]
                  0000dee0    0000000c     rts6700.lib : sinit.obj (.cinit)
                  0000deec    00000004     --HOLE-- [fill = 0]
                  0000def0    00000004     (.pad.cinit) [fill = 0]

.pinit     0    0000def4    0000000c     
                  0000def4    00000004     rtdx.lib : buffer1.o62 (.pinit)
                  0000def8    00000004              : rtdx_mon.o62 (.pinit)
                  0000defc    00000004     --HOLE-- [fill = 0]

.rtdx_text 
*          0    0000df00    00000ea0     
                  0000df00    00000400     rtdx.lib : rtdx_mon.o62 (.rtdx_text:_RTDX_Poll)
                  0000e300    00000340              : buffer1.o62 (.rtdx_text:_RTDX_Buffer_WriteCB)
                  0000e640    00000300              : buffer1.o62 (.rtdx_text:_RTDX_write_next)
                  0000e940    00000140              : rtdx_mon.o62 (.rtdx_text:_RTDX_Mon_Queue)
                  0000ea80    000000e0              : buffer1.o62 (.rtdx_text:_claim)
                  0000eb60    00000080              : rtdx_mon.o62 (.rtdx_text:_RTDX_Init_RT_Monitor)
                  0000ebe0    00000060              : buffer1.o62 (.rtdx_text:_RTDX_Buffer_Initialize)
                  0000ec40    00000060              : buffer2.o62 (.rtdx_text:_RTDX_Buffer_ReadCB)
                  0000eca0    00000040              : buffer1.o62 (.rtdx_text:_RTDX_Buffer_Size)
                  0000ece0    00000040              : rtdx_mon.o62 (.rtdx_text:_RTDX_Final_RT_Monitor)
                  0000ed20    00000020              : buffer2.o62 (.rtdx_text:_RTDX_Buffer_Read)
                  0000ed40    00000020              : buffer1.o62 (.rtdx_text:_RTDX_Buffer_Write)
                  0000ed60    00000020              : rtdx_mon.o62 (.rtdx_text:_RTDX_checksum)
                  0000ed80    00000020              : intr_tgt.o62 (.rtdx_text)

.far       0    0000eda0    00000670     UNINITIALIZED
                  0000eda0    00000188     rts6700.lib : atexit.obj (.far)
                  0000ef28    000000f4     csl6713.lib : csl_irq.obj (.far)
                  0000f01c    000000d8     bios.a67 : knl.o67 (.far)
                  0000f0f4    00000068     config_BSPLink.obj (.far)
                  0000f15c    0000005c     bios.a67 : tsk.o67 (.far)
                  0000f1b8    00000054              : obj_init.o67 (.far)
                  0000f20c    00000054     csl6713.lib : csl_edma.obj (.far)
                  0000f260    00000050     bios.a67 : tsk_stup.o67 (.far)
                  0000f2b0    00000050     skeleton.obj (.far)
                  0000f300    00000038     csl6713.lib : csl_mcbsp.obj (.far)
                  0000f338    00000034     config_AIC23.obj (.far)
                  0000f36c    00000028     csl6713.lib : csl.obj (.far)
                  0000f394    00000024                 : csl_timer.obj (.far)
                  0000f3b8    00000020     bios.a67 : sys.o67 (.far)
                  0000f3d8    00000010              : knl_tick.o67 (.far)
                  0000f3e8    0000000c              : utl_putc.o67 (.far)
                  0000f3f4    0000000c     rts6700.lib : exit.obj (.far)
                  0000f400    00000008                 : _lock.obj (.far)
                  0000f408    00000004                 : sinit.obj (.far)
                  0000f40c    00000002     dsk6713bsl.lib : dsk6713.obj (.far)
                  0000f40e    00000002                    : dsk6713_led.obj (.far)

.hst1      0    0000f410    00000010     UNINITIALIZED
                  0000f410    00000010     my_dsp_projectcfg.obj (.hst1)

.sysinit   0    0000f420    00000520     
                  0000f420    000002e0     my_dsp_projectcfg.obj (.sysinit)
                  0000f700    000000e0     bios.a67 : mem_init.o67 (.sysinit)
                  0000f7e0    000000c0              : boot.o67 (.sysinit)
                  0000f8a0    00000080              : tsk_init.o67 (.sysinit)
                  0000f920    00000020              : obj_init.o67 (.sysinit)

.rtdx_data 
*          0    0000f940    0000044c     UNINITIALIZED
                  0000f940    00000410     my_dsp_projectcfg.obj (.rtdx_data)
                  0000fd50    00000020     rtdx.lib : buffer1.o62 (.rtdx_data)
                  0000fd70    0000001c              : rtdx_mon.o62 (.rtdx_data)

.args      0    0000fd8c    00000004     
                  0000fd8c    00000004     --HOLE-- [fill = 0]

.TSK_LEDTOGGLE$stk 
*          0    0000fd90    00000400     UNINITIALIZED
                  0000fd90    00000400     my_dsp_projectcfg.obj (.TSK_LEDTOGGLE$stk)

.TSK_idle$stk 
*          0    00010190    00000400     UNINITIALIZED
                  00010190    00000400     my_dsp_projectcfg.obj (.TSK_idle$stk)

.bss       0    00010590    000003d4     UNINITIALIZED
                  00010590    00000100     bios.a67 : hwi_disp_asm.o67 (.bss)
                  00010690    000000cc              : biosdata.o67 (.bss)
                  0001075c    0000009c              : swi.o67 (.bss)
                  000107f8    00000068     skeleton.obj (.bss)
                  00010860    00000048     bios.a67 : knl.o67 (.bss)
                  000108a8    00000028     my_dsp_projectcfg.obj (.bss)
                  000108d0    00000024     config_BSPLink.obj (.bss)
                  000108f4    00000018     bios.a67 : hwi.o67 (.bss)
                  0001090c    00000018     lnkrtdx.a67 : rtdx.o67 (.bss)
                  00010924    00000010     rtdx.lib : buffer1.o62 (.bss)
                  00010934    0000000c     bios.a67 : tsk.o67 (.bss)
                  00010940    00000008              : clk_data.o67 (.bss)
                  00010948    00000008              : sys.o67 (.bss)
                  00010950    00000004              : clk_data2.o67 (.bss)
                  00010954    00000004              : gbl_setL2CacheMode.o67 (.bss)
                  00010958    00000004              : idl_busy.o67 (.bss)
                  0001095c    00000004              : mem_asm.o67 (.bss)
                  00010960    00000004     config_AIC23.obj (.bss)

.trace     0    00010964    00000200     
                  00010964    00000200     --HOLE-- [fill = 00000000]

.swi       0    00010b64    000001b8     UNINITIALIZED
                  00010b64    000001b8     my_dsp_projectcfg.obj (.swi)

.sts       0    00010d1c    000000e0     
                  00010d1c    000000e0     my_dsp_projectcfg.obj (.sts)

.mem       0    00010dfc    00000004     UNINITIALIZED
                  00010dfc    00000004     my_dsp_projectcfg.obj (.mem)

.LOG_system$buf 
*          0    00010e00    00000100     UNINITIALIZED
                  00010e00    00000100     my_dsp_projectcfg.obj (.LOG_system$buf)

.hst0      0    00010f00    00000100     UNINITIALIZED
                  00010f00    00000100     my_dsp_projectcfg.obj (.hst0)

.pip       0    00011000    000000c8     UNINITIALIZED
                  00011000    000000c8     my_dsp_projectcfg.obj (.pip)

.tsk       0    000110c8    000000c0     UNINITIALIZED
                  000110c8    000000c0     my_dsp_projectcfg.obj (.tsk)

.const     0    00011188    000000b5     
                  00011188    0000004e     bios.a67 : tsk_stup.o67 (.const)
                  000111d6    00000023              : utl_doab.o67 (.const)
                  000111f9    00000022              : utl_doer.o67 (.const)
                  0001121b    00000001     --HOLE-- [fill = 0]
                  0001121c    00000020     dsk6713bsl.lib : dsk6713.obj (.const)
                  0001123c    00000001     bios.a67 : tsk.o67 (.const)

.printf    0    0001123d    00000160     COPY SECTION
                  0001123d    00000160     my_dsp_projectcfg.obj (.printf)

.gblinit   0    00011240    0000004c     
                  00011240    0000004c     my_dsp_projectcfg.obj (.gblinit)

.hst       0    0001128c    0000003c     UNINITIALIZED
                  0001128c    0000003c     my_dsp_projectcfg.obj (.hst)

.sem       0    000112c8    0000002c     UNINITIALIZED
                  000112c8    0000002c     my_dsp_projectcfg.obj (.sem)

.switch    0    000112f4    00000028     
                  000112f4    00000028     rtdx.lib : rtdx_mon.o62 (.switch)

.prd       0    0001131c    00000020     UNINITIALIZED
                  0001131c    00000020     my_dsp_projectcfg.obj (.prd)

.log       0    0001133c    00000018     
                  0001133c    00000018     my_dsp_projectcfg.obj (.log)

.idl       0    00011354    00000010     UNINITIALIZED
                  00011354    00000010     my_dsp_projectcfg.obj (.idl)

.idlcal    0    00011364    00000010     UNINITIALIZED
                  00011364    00000010     my_dsp_projectcfg.obj (.idlcal)

.sys       0    00011374    00000010     UNINITIALIZED
                  00011374    00000010     my_dsp_projectcfg.obj (.sys)

.trcdata   0    00011384    0000000c     
                  00011384    0000000c     bios.a67 : trc.o67 (.trcdata)

.clk       0    00011390    00000008     UNINITIALIZED
                  00011390    00000008     my_dsp_projectcfg.obj (.clk)

.SDRAM$heap 
*          0    80000000    00008000     UNINITIALIZED
                  80000000    00008000     --HOLE--

.datenpuffer 
*          0    80008000    00006d98     UNINITIALIZED
                  80008000    00005df8     skeleton.obj (.datenpuffer)
                  8000ddf8    00000fa0     config_BSPLink.obj (.datenpuffer)

.sounds    0    8000ed98    000000da     UNINITIALIZED
                  8000ed98    000000da     skeleton.obj (.sounds)


GLOBAL SYMBOLS: SORTED ALPHABETICALLY BY Name 

address    name
--------   ----
00010590   $bss
00010590   .bss
00000000   .data
00004480   .text
0000f5dc   BIOS$$CLKOFF
0000f59c   BIOS$$CLKON
0000f420   BIOS_init
0000f644   BIOS_start
00000000   BUF$
00000001   BUF_ENABLED
00000001   CLK$
00011390   CLK_A_TABBEG
00000001   CLK_CALDIV
00000004   CLK_CALMULT
0000dbba   CLK_COUNTSPMS
00000000   CLK_COUNTSPMSHIGH
000106b8   CLK_D_idletime
000106b4   CLK_D_isrhook
000106b0   CLK_D_tabbeg
000106ac   CLK_D_timefxn
00003ce0   CLK_F_getfhtime
00003d00   CLK_F_gethtime
00002de0   CLK_F_getltime
00003d00   CLK_F_getshtime
00002df4   CLK_F_isr
00002f54   CLK_F_itime
00001320   CLK_HOOKFXN
00000001   CLK_HTIMEDIV
00000004   CLK_HTIMEMULT
0000dbba   CLK_HTIMEPERLTIME
00004000   CLK_INTBIT
00000001   CLK_LTIMEDIV
00036ee8   CLK_LTIMEMULT
000003e8   CLK_MICROSECS
0000dbba   CLK_PRD
00000000   CLK_PRDHIGH
01940000   CLK_REGS
000106a8   CLK_R_time
00000020   CLK_TCR
00000000   CLK_TDDR
00000000   CLK_TDDRHIGH
00003d00   CLK_TIMEFXN
00000000   CLK_TIMERNUM
00000001   CLK_USETIMER
00011394   CLK_null
00000000   DEV$
00000000   DGN$
00000000   DHL$
00000000   DHL_gChannelsAvailable
00000000   DIO$
00000000   DIO_NUMSWIBASE
00000000   DIO_NUMTSKBASE
00000000   DIO_STATIC
00000000   DPI$
00003da0   FXN_F_nop
00003da8   FXN_F_run
00003df8   FXN_F_zero
00000001   GBL$
00005205   GBL_A_VERSION
00000000   GBL_BIGENDIAN
00000000   GBL_C641XL2PRIORITY
00000000   GBL_CACHE
00000001   GBL_CALLCSLCFGINIT
00004e20   GBL_CLKIN
00001770   GBL_CLKTYPE
00001a39   GBL_DSPSUBTYPE
0000003e   GBL_DSPTYPE
00000001   GBL_ENABLEINST
00000042   GBL_FOOTPRINT
00036ee8   GBL_FREQ
00002226   GBL_L2ALLOC
00000000   GBL_L2CONFIGALLOC
00000001   GBL_L2CONFIGURE
00000001   GBL_L2MARMASK
00000000   GBL_L2MARMASK1
00000000   GBL_L2MARMASK2
00000000   GBL_L2MARMASK3
00000000   GBL_L2MARMASK4
00000000   GBL_L2MARMASK5
00000000   GBL_L2MODE
00000000   GBL_L2PRIORITY
00000000   GBL_NULL
00000000   GBL_PROCID
00000000   GBL_ROM
00000000   GBL_SUPPORTCSL
0000dbef   GBL_TRCMASKVALUE
00000001   GBL_USERINIT
00007348   GBL_USERINITFXN
00000001   GBL_boot
0001138c   GBL_initdone
00008660   GBL_stackbeg
0000c65f   GBL_stackend
00000000   GIO$
000043c0   GIO_CREATEFXN
000043c0   GIO_DELETEFXN
000043c0   GIO_PENDFXN
000043c0   GIO_POSTFXN
00000000   HOOK$
00000000   HOOK_KNLID
00000001   HST$
0001128c   HST_A_TABBEG
000112c8   HST_A_TABEND
00000000   HST_DSM
ffffffff   HST_DSMBUFSEG
00000400   HST_DSMMEMSIZE
00010724   HST_D_chanmask
00010728   HST_D_tabbeg
0001072c   HST_D_tabend
000000ff   HST_MAXFRAMEALLOWED
00000040   HST_MAXFRAMESET
00000000   HST_NONE
00000001   HST_RTDX
00000001   HWI$
00000000   HWI_A_VECS
00005308   HWI_CFGDISPATCHED
00010904   HWI_D_bss
00010908   HWI_D_ccmask
000108f4   HWI_D_spsave
00001320   HWI_F_dispatch
00000000   HWI_GENERATE_RESET_VEC
0000000a   HWI_INT10
00000000   HWI_INT10$hwi
0000000b   HWI_INT11
00000000   HWI_INT11$hwi
0000000c   HWI_INT12
00000000   HWI_INT12$hwi
0000000d   HWI_INT13
00000000   HWI_INT13$hwi
0000000e   HWI_INT14
00000000   HWI_INT14$hwi
0000000f   HWI_INT15
00000000   HWI_INT15$hwi
00000004   HWI_INT4
00000000   HWI_INT4$hwi
00000005   HWI_INT5
00000000   HWI_INT5$hwi
00000006   HWI_INT6
00000000   HWI_INT6$hwi
00000007   HWI_INT7
00000000   HWI_INT7$hwi
00000008   HWI_INT8
00000000   HWI_INT8$hwi
00000009   HWI_INT9
00000000   HWI_INT9$hwi
082039a3   HWI_INTRMULTHIGH
250718a4   HWI_INTRMULTLOW
00000001   HWI_NMI
00000000   HWI_NMI$hwi
00000000   HWI_POLARITYMASK
00000002   HWI_RESERVED0
00000000   HWI_RESERVED0$hwi
00000003   HWI_RESERVED1
00000000   HWI_RESERVED1$hwi
00000000   HWI_RESET
00000000   HWI_RESET$hwi
00000001   HWI_ZEROTAB
00000001   IDL$
00011364   IDL_A_CALBEG
00011354   IDL_A_TABBEG
00000006   IDL_CALIBRERROR
000042c0   IDL_CALIBRFXN
00010958   IDL_D_busyObj
00010698   IDL_D_calbeg
00010694   IDL_D_calibrate
00010690   IDL_D_tabbeg
00011360   IDL_END
00011370   IDL_END$
00003e20   IDL_F_busy
00003fa0   IDL_F_calibrate
00004400   IDL_F_loop
000042c0   IDL_F_stub
00000001   IDL_USECLKIDLTIME
00010df0   IDL_busyObj
00011398   IDL_busyObj$avgfmt
00000001   IDL_busyObj$filter
00000001   IDL_busyObj$iA
00000000   IDL_busyObj$iB
00000001   IDL_busyObj$iC
00011392   IDL_busyObj$maxfmt
00000000   IDL_busyObj$operation
00010dec   IDL_busyObj$stsobj
00011395   IDL_busyObj$sumfmt
00000002   IDL_busyObj$unittype
00011354   IDL_cpuLoad
00011364   IDL_cpuLoad$
ffffffff   IRAM
00000001   ISRC$
00002da0   KNL_glue
00010b90   KNL_swi
00000001   KNL_swi$dorta
00000002   KNL_swi$ord
00000000   KNL_swi$pri
00010d40   KNL_swi$sts
00011284   KNL_swi$sts$avgfmt
00000002   KNL_swi$sts$filter
00000001   KNL_swi$sts$filtmaxmult
00000001   KNL_swi$sts$filtsummult
00011274   KNL_swi$sts$maxfmt
00010d3c   KNL_swi$sts$stsobj
0001127c   KNL_swi$sts$sumfmt
00000000   KNL_swi$sts$unittype
00000000   KNL_swi$swi
00000001   LCK$
00000200   LNK_F_checkBufferCall
00000280   LNK_F_dataPump
00000220   LNK_F_getChanPtr
00000278   LNK_F_init
000007c4   LNK_F_readCallBack
00011358   LNK_dataPump
00011368   LNK_dataPump$
00010910   LNK_dspFrameReadyMask
0001090c   LNK_dspFrameRequestMask
00000520   LNK_newin
00000660   LNK_newout
00000294   LNK_rcloop
00000360   LNK_rdrtry
00010918   LNK_readDone
0001091c   LNK_readFail
00010914   LNK_readPend
00000370   LNK_rrloop
00010920   LNK_writeFail
00000444   LNK_wrloop
00000434   LNK_wrrtry
00000001   LOG$
0001133c   LOG_A_TABBEG
00011354   LOG_A_TABEND
00000001   LOG_A_TABLEN
0001069c   LOG_D_system
00000001   LOG_ENABLED
00003ea0   LOG_F_event
0001133c   LOG_system
00010e00   LOG_system$buf
00000000   LOG_system$datatype
00000000   LOG_system$log
00000040   LOG_system$size
00000000   MBX$
00000001   MEM$
000108b4   MEM_MALLOCSEG
00000000   MEM_NULL
000108b4   MEM_SEGZERO
00000000   MEM_USEMPC
00000001   MEM_gNumHeap
00000000   MSGQ$
00000000   MSGQ_USEMSGQ
00000000   OBJ$
00000000   PIP$
00011000   PIP_A_TABBEG
000110c8   PIP_A_TABEND
00000002   PIP_A_TABLEN
000106a0   PIP_D_tabbeg
000106a4   PIP_D_tablen
00002654   PIP_F_give
00002654   PIP_F_probe
00002728   PIP_F_start
000025c0   PIP_F_take
00000064   PIP_OBJSIZE
00000000   PIP_gNextId
00000002   PIP_gNumEmbed
00000000   POOL$
00000000   POOL_USEPOOL
00000001   PRD$
0001131c   PRD_A_TABBEG
0001133c   PRD_A_TABEND
00000001   PRD_A_TABLEN
000106e0   PRD_D_cur
000106e4   PRD_D_elapsed
000106e8   PRD_D_prevtim
000106ec   PRD_D_scalar
000106f0   PRD_D_swihandle
000106f4   PRD_D_tabbeg
000106f8   PRD_D_tablen
000106fc   PRD_D_thook
000106dc   PRD_D_tick
00001780   PRD_F_swi
00001a40   PRD_F_tick
0001131c   PRD_LEDToggle
00011338   PRD_LEDToggle$aaa
00000000   PRD_LEDToggle$mode
00000002   PRD_LEDToggle$ord
000003e8   PRD_LEDToggle$period
00000000   PRD_LEDToggle$prd
00010d20   PRD_LEDToggle$sts
0001124f   PRD_LEDToggle$sts$avgfmt
00000000   PRD_LEDToggle$sts$filter
0001123d   PRD_LEDToggle$sts$maxfmt
00010d1c   PRD_LEDToggle$sts$stsobj
00011246   PRD_LEDToggle$sts$sumfmt
00000002   PRD_LEDToggle$sts$unittype
00000008   PRD_SCALAR
00010b64   PRD_SWIHANDLE
000025a0   PRD_THOOKFXN
00011390   PRD_clock
00010b64   PRD_swi
00000001   PRD_swi$dorta
00000001   PRD_swi$ord
00000001   PRD_swi$pri
00010d30   PRD_swi$sts
0001126a   PRD_swi$sts$avgfmt
00000002   PRD_swi$sts$filter
00000001   PRD_swi$sts$filtmaxmult
00000001   PRD_swi$sts$filtsummult
0001125a   PRD_swi$sts$maxfmt
00010d2c   PRD_swi$sts$stsobj
00011262   PRD_swi$sts$sumfmt
00000000   PRD_swi$sts$unittype
00000000   PRD_swi$swi
00000001   QUE$
00010700   RTA_D_fromHost
00010708   RTA_D_logval
00010718   RTA_D_stsval
00010704   RTA_D_toHost
00004300   RTA_F_andn
00001ed8   RTA_F_dispatch
00001de0   RTA_F_getlog
00001e24   RTA_F_getsts
00004320   RTA_F_or
00001e6c   RTA_F_readblk
00001e98   RTA_F_resetmem
00001e8c   RTA_F_writeword
0001135c   RTA_dispatcher
0001136c   RTA_dispatcher$
00001f28   RTA_execute
00011290   RTA_fromHost
0000f410   RTA_fromHost$buf
00000004   RTA_fromHost$framesize
00000000   RTA_fromHost$hst
00000001   RTA_fromHost$id
00000000   RTA_fromHost$mode
00011000   RTA_fromHost$pipe
00011030   RTA_fromHost$pipe$aaa
00011060   RTA_fromHost$pipe$bbb
000108b8   RTA_fromHost$pipe$dtab
00011004   RTA_fromHost$pipe$rd
00011034   RTA_fromHost$pipe$wr
00011298   RTA_fromHost$rtdx
000112ac   RTA_toHost
00010f00   RTA_toHost$buf
00000040   RTA_toHost$framesize
00000000   RTA_toHost$hst
00000000   RTA_toHost$id
00000001   RTA_toHost$mode
00011064   RTA_toHost$pipe
00011094   RTA_toHost$pipe$aaa
000110c4   RTA_toHost$pipe$bbb
000108c4   RTA_toHost$pipe$dtab
00011068   RTA_toHost$pipe$rd
00011098   RTA_toHost$pipe$wr
000112b4   RTA_toHost$rtdx
00000001   RTDX$
00000408   RTDX_BUFMEMSIZE
ffffffff   RTDX_DATAMEMSEG
00000000   RTDX_MODE
00000001   RTDX_NORMALIZED_HDR
00000001   RTDX_USERTDX
00000000   RTDX_USERTEXECUTION
000108b4   SDRAM
80000000   SDRAM$B
00008000   SDRAM$L
00000001   SEM$
000112d4   SEM_LEDToggle
00000000   SIO$
00000001   STS$
00010d1c   STS_A_TABBEG
00010dfc   STS_A_TABEND
00003f58   STS_F_add
00003f20   STS_F_delta
00003f84   STS_F_reset
00000001   SWI$
00010c6c   SWI_ADC_In_Ping
00000001   SWI_ADC_In_Ping$dorta
00000007   SWI_ADC_In_Ping$ord
00000001   SWI_ADC_In_Ping$pri
00010d90   SWI_ADC_In_Ping$sts
00011306   SWI_ADC_In_Ping$sts$avgfmt
00000002   SWI_ADC_In_Ping$sts$filter
00000001   SWI_ADC_In_Ping$sts$filtmaxmult
00000001   SWI_ADC_In_Ping$sts$filtsummult
000112f6   SWI_ADC_In_Ping$sts$maxfmt
00010d8c   SWI_ADC_In_Ping$sts$stsobj
000112fe   SWI_ADC_In_Ping$sts$sumfmt
00000000   SWI_ADC_In_Ping$sts$unittype
00000000   SWI_ADC_In_Ping$swi
00010c98   SWI_ADC_In_Pong
00000001   SWI_ADC_In_Pong$dorta
00000008   SWI_ADC_In_Pong$ord
00000001   SWI_ADC_In_Pong$pri
00010da0   SWI_ADC_In_Pong$sts
00011320   SWI_ADC_In_Pong$sts$avgfmt
00000002   SWI_ADC_In_Pong$sts$filter
00000001   SWI_ADC_In_Pong$sts$filtmaxmult
00000001   SWI_ADC_In_Pong$sts$filtsummult
00011310   SWI_ADC_In_Pong$sts$maxfmt
00010d9c   SWI_ADC_In_Pong$sts$stsobj
00011318   SWI_ADC_In_Pong$sts$sumfmt
00000000   SWI_ADC_In_Pong$sts$unittype
00000000   SWI_ADC_In_Pong$swi
00010c14   SWI_ADC_Out_Ping
00000001   SWI_ADC_Out_Ping$dorta
00000005   SWI_ADC_Out_Ping$ord
00000001   SWI_ADC_Out_Ping$pri
00010d70   SWI_ADC_Out_Ping$sts
000112d2   SWI_ADC_Out_Ping$sts$avgfmt
00000002   SWI_ADC_Out_Ping$sts$filter
00000001   SWI_ADC_Out_Ping$sts$filtmaxmult
00000001   SWI_ADC_Out_Ping$sts$filtsummult
000112c2   SWI_ADC_Out_Ping$sts$maxfmt
00010d6c   SWI_ADC_Out_Ping$sts$stsobj
000112ca   SWI_ADC_Out_Ping$sts$sumfmt
00000000   SWI_ADC_Out_Ping$sts$unittype
00000000   SWI_ADC_Out_Ping$swi
00010c40   SWI_ADC_Out_Pong
00000001   SWI_ADC_Out_Pong$dorta
00000006   SWI_ADC_Out_Pong$ord
00000001   SWI_ADC_Out_Pong$pri
00010d80   SWI_ADC_Out_Pong$sts
000112ec   SWI_ADC_Out_Pong$sts$avgfmt
00000002   SWI_ADC_Out_Pong$sts$filter
00000001   SWI_ADC_Out_Pong$sts$filtmaxmult
00000001   SWI_ADC_Out_Pong$sts$filtsummult
000112dc   SWI_ADC_Out_Pong$sts$maxfmt
00010d7c   SWI_ADC_Out_Pong$sts$stsobj
000112e4   SWI_ADC_Out_Pong$sts$sumfmt
00000000   SWI_ADC_Out_Pong$sts$unittype
00000000   SWI_ADC_Out_Pong$swi
00010b64   SWI_A_TABBEG
00010d1c   SWI_A_TABEND
0000000a   SWI_A_TABLEN
00010bbc   SWI_BSPLink_In_Ping
00000001   SWI_BSPLink_In_Ping$dorta
00000003   SWI_BSPLink_In_Ping$ord
00000001   SWI_BSPLink_In_Ping$pri
00010d50   SWI_BSPLink_In_Ping$sts
0001129e   SWI_BSPLink_In_Ping$sts$avgfmt
00000002   SWI_BSPLink_In_Ping$sts$filter
00000001   SWI_BSPLink_In_Ping$sts$filtmaxmult
00000001   SWI_BSPLink_In_Ping$sts$filtsummult
0001128e   SWI_BSPLink_In_Ping$sts$maxfmt
00010d4c   SWI_BSPLink_In_Ping$sts$stsobj
00011296   SWI_BSPLink_In_Ping$sts$sumfmt
00000000   SWI_BSPLink_In_Ping$sts$unittype
00000000   SWI_BSPLink_In_Ping$swi
00010be8   SWI_BSPLink_In_Pong
00000001   SWI_BSPLink_In_Pong$dorta
00000004   SWI_BSPLink_In_Pong$ord
00000001   SWI_BSPLink_In_Pong$pri
00010d60   SWI_BSPLink_In_Pong$sts
000112b8   SWI_BSPLink_In_Pong$sts$avgfmt
00000002   SWI_BSPLink_In_Pong$sts$filter
00000001   SWI_BSPLink_In_Pong$sts$filtmaxmult
00000001   SWI_BSPLink_In_Pong$sts$filtsummult
000112a8   SWI_BSPLink_In_Pong$sts$maxfmt
00010d5c   SWI_BSPLink_In_Pong$sts$stsobj
000112b0   SWI_BSPLink_In_Pong$sts$sumfmt
00000000   SWI_BSPLink_In_Pong$sts$unittype
00000000   SWI_BSPLink_In_Pong$swi
00010cc4   SWI_BSPLink_Out_Ping
00000001   SWI_BSPLink_Out_Ping$dorta
00000009   SWI_BSPLink_Out_Ping$ord
00000001   SWI_BSPLink_Out_Ping$pri
00010db0   SWI_BSPLink_Out_Ping$sts
0001133a   SWI_BSPLink_Out_Ping$sts$avgfmt
00000002   SWI_BSPLink_Out_Ping$sts$filter
00000001   SWI_BSPLink_Out_Ping$sts$filtmaxmult
00000001   SWI_BSPLink_Out_Ping$sts$filtsummult
0001132a   SWI_BSPLink_Out_Ping$sts$maxfmt
00010dac   SWI_BSPLink_Out_Ping$sts$stsobj
00011332   SWI_BSPLink_Out_Ping$sts$sumfmt
00000000   SWI_BSPLink_Out_Ping$sts$unittype
00000000   SWI_BSPLink_Out_Ping$swi
00010cf0   SWI_BSPLink_Out_Pong
00000001   SWI_BSPLink_Out_Pong$dorta
0000000b   SWI_BSPLink_Out_Pong$ord
00000001   SWI_BSPLink_Out_Pong$pri
00010dc0   SWI_BSPLink_Out_Pong$sts
00011354   SWI_BSPLink_Out_Pong$sts$avgfmt
00000002   SWI_BSPLink_Out_Pong$sts$filter
00000001   SWI_BSPLink_Out_Pong$sts$filtmaxmult
00000001   SWI_BSPLink_Out_Pong$sts$filtsummult
00011344   SWI_BSPLink_Out_Pong$sts$maxfmt
00010dbc   SWI_BSPLink_Out_Pong$sts$stsobj
0001134c   SWI_BSPLink_Out_Pong$sts$sumfmt
00000000   SWI_BSPLink_Out_Pong$sts$unittype
00000000   SWI_BSPLink_Out_Pong$swi
00010774   SWI_D_curfxn
00010764   SWI_D_curmask
00010770   SWI_D_curmbox
00010768   SWI_D_curset
00010760   SWI_D_execaddr
0001077c   SWI_D_inswi
0001076c   SWI_D_lock
00010778   SWI_D_rdybeg
00010780   SWI_D_rdytab
0001075c   SWI_D_runaddr
00000000   SWI_EHOOKFXN
00000ffc   SWI_EXECFXN
00000de0   SWI_F_enable
00000ffc   SWI_F_exec
00001028   SWI_F_iexec
00000e50   SWI_F_post
000010b8   SWI_F_run
00000000   SWI_IHOOKFXN
000010b8   SWI_RUNFXN
00000001   SYS$
00011374   SYS$config
00004340   SYS_ABORTFXN
00004440   SYS_ERRORFXN
00004460   SYS_EXITFXN
00004200   SYS_PUTCFXN
00011388   TRC_R_mask
00011384   TRC_cinit
00000001   TSK$
00011134   TSK_LEDTOGGLE
00000003   TSK_LEDTOGGLE$ord
00000002   TSK_LEDTOGGLE$pri
0000fd90   TSK_LEDTOGGLE$stack
00010128   TSK_LEDTOGGLE$stkptr
00010de0   TSK_LEDTOGGLE$sts
00011388   TSK_LEDTOGGLE$sts$avgfmt
00000002   TSK_LEDTOGGLE$sts$filter
00000001   TSK_LEDTOGGLE$sts$filtmaxmult
00000001   TSK_LEDTOGGLE$sts$filtsummult
00011378   TSK_LEDTOGGLE$sts$maxfmt
00010ddc   TSK_LEDTOGGLE$sts$stsobj
00011380   TSK_LEDTOGGLE$sts$sumfmt
00000000   TSK_LEDTOGGLE$sts$unittype
00000000   TSK_LEDTOGGLE$tsk
00000000   TSK_NUM_HOOKS
00000001   TSK_PRIORITY
00000000   TSK_READYFXN
00000000   TSK_STACKSEG
00000400   TSK_STACKSIZE
00000000   TSK_SWITCHFXN
000043c0   TSK_VCREATEFXN
000043c0   TSK_VDELETEFXN
000043c0   TSK_VEXITFXN
000110d4   TSK_idle
00000001   TSK_idle$ord
00000000   TSK_idle$pri
00010190   TSK_idle$stack
00010528   TSK_idle$stkptr
00010dd0   TSK_idle$sts
0001136e   TSK_idle$sts$avgfmt
00000002   TSK_idle$sts$filter
00000001   TSK_idle$sts$filtmaxmult
00000001   TSK_idle$sts$filtsummult
0001135e   TSK_idle$sts$maxfmt
00010dcc   TSK_idle$sts$stsobj
00011366   TSK_idle$sts$sumfmt
00000000   TSK_idle$sts$unittype
00000000   TSK_idle$tsk
00000000   UDEV$
0000f420   _BIOS_init
0000f644   _BIOS_start
8000ddf8   _BSPLinkBuffer_in_ping
8000e1e0   _BSPLinkBuffer_in_pong
8000e5c8   _BSPLinkBuffer_out_ping
8000e9b0   _BSPLinkBuffer_out_pong
0000576c   _BSPLink_EDMA_Start_Ping
0000567c   _BSPLink_EDMA_Start_Pong
00005604   _BSPLink_EDMA_Stop
0000f0f4   _BSPLink_interface_config
80008000   _Buffer_in_ping
800083e8   _Buffer_in_pong
800087d0   _Buffer_out_ping
80008bb8   _Buffer_out_pong
0000dbba   _CLK_COUNTSPMS
00010940   _CLK_DFLTMICROSECS
000106d8   _CLK_D_countspms
000106cc   _CLK_D_dirty
00010944   _CLK_D_microseconds
000106d0   _CLK_D_prd
000106d4   _CLK_D_tddr
00002f54   _CLK_F_itime
0000dbba   _CLK_PRD
01940000   _CLK_REGS
00000000   _CLK_TDDR
00000000   _CLK_TIMERNUM
00000001   _CLK_USETIMER
000106bc   _CLK_htimeDiv
000106c0   _CLK_htimeMult
00010950   _CLK_htimePerLtime
00002f54   _CLK_itime
000106c4   _CLK_ltimeDiv
000106c8   _CLK_ltimeMult
00003900   _CLK_measure
00004260   _CLK_start
00004380   _CLK_stop
000084c0   _CSL6713_LIB_
00006620   _Config_DSK6713_AIC23
00006a80   _DSK6713_LED_init
00006ac0   _DSK6713_LED_off
00006b30   _DSK6713_LED_on
00006ba0   _DSK6713_LED_toggle
000060f4   _DSK6713_getVersion
00005d2c   _DSK6713_init
00006048   _DSK6713_rget
0000605c   _DSK6713_rset
0000f40c   _DSK6713_version
00006070   _DSK6713_wait
000060c8   _DSK6713_waitusec
00004d3c   _EDMA_ISR
00006fe0   _EDMA_allocTable
00007ca0   _EDMA_config
00008280   _EDMA_disableChannel
000082e0   _EDMA_enableChannel
000079a0   _EDMA_intAlloc
000084e0   _EDMA_intClear
00008340   _EDMA_intEnable
00008500   _EDMA_intTest
00008400   _EDMA_link
00006160   _EDMA_open
000083a0   _EDMA_qdmaConfig
00007600   _EDMA_reset
000043c0   _FXN_F_nop
00003da8   _FXN_F_run
00003df8   _FXN_F_zero
00000000   _GBL_CACHE
00010734   _GBL_clkIn
00003580   _GBL_cslCacheInit
00010738   _GBL_freq
000043e0   _GBL_getVersion
00010730   _GBL_procId
00007348   _GBL_setPLLto225MHz
0001128c   _HST_A_TABBEG
000112c8   _HST_A_TABEND
00005308   _HWI_CFGDISPATCHED
00010900   _HWI_D_inhwi
000108f4   _HWI_D_spsave
00001320   _HWI_F_dispatch
0000000a   _HWI_INT10
0000000b   _HWI_INT11
0000000c   _HWI_INT12
0000000d   _HWI_INT13
0000000e   _HWI_INT14
0000000f   _HWI_INT15
00000004   _HWI_INT4
00000005   _HWI_INT5
00000006   _HWI_INT6
00000007   _HWI_INT7
00000008   _HWI_INT8
00000009   _HWI_INT9
00000001   _HWI_NMI
00000002   _HWI_RESERVED0
00000003   _HWI_RESERVED1
00000000   _HWI_RESET
0000c658   _HWI_STKBOTTOM
00008660   _HWI_STKTOP
000108f4   _HWI_data
00004020   _HWI_disable
00010590   _HWI_dispatchTab
00004038   _HWI_enable
0000404c   _HWI_restore
00010df0   _IDL_busyObj
00011354   _IDL_cpuLoad
00004400   _IDL_loop
ffffffff   _IRAM
00008520   _IRQ_clear
00008440   _IRQ_enable
00008540   _IRQ_globalEnable
00006c60   _IRQ_map
00010868   _KNL_alarm
00003440   _KNL_check
0001088c   _KNL_curqueue
0001087c   _KNL_curtask
00010884   _KNL_curtime
0000f0bc   _KNL_dummy
000036b4   _KNL_enter
00003660   _KNL_exit
00003518   _KNL_idle
000108a4   _KNL_idlefxn
00010870   _KNL_inactive
000039e0   _KNL_ipost
0000353c   _KNL_max
00010890   _KNL_maxqueue
00003aa0   _KNL_post
00010880   _KNL_prevtask
00010874   _KNL_priority
0000f01c   _KNL_queues
00001b20   _KNL_run
00002c20   _KNL_saveIsrFrame
00010878   _KNL_set
0001086c   _KNL_setpri
00010b90   _KNL_swi
00010888   _KNL_swiptr
00002cec   _KNL_switch
00010898   _KNL_tcreatefxn
0001089c   _KNL_tdeletefxn
000025a0   _KNL_tick
000108a0   _KNL_treadyfxn
00010894   _KNL_tswitchfxn
00010860   _KNL_wFlag
00010864   _KNL_wList
00003b90   _LCK_pend
00003b60   _LCK_post
00011358   _LNK_dataPump
00010910   _LNK_dspFrameReadyMask
0001090c   _LNK_dspFrameRequestMask
00010918   _LNK_readDone
0001091c   _LNK_readFail
00010914   _LNK_readPend
00010920   _LNK_writeFail
0001133c   _LOG_A_TABBEG
00011354   _LOG_A_TABEND
00000001   _LOG_A_TABLEN
0001069c   _LOG_D_system
00003ea0   _LOG_event
0001133c   _LOG_system
00008000   _MCBSP_close
000080a0   _MCBSP_config
00008560   _MCBSP_getRcvAddr
00008580   _MCBSP_getXmtAddr
00007aa0   _MCBSP_open
00007180   _MCBSP_reset
00007ba0   _MCBSP_start
000085a0   _MCBSP_write
000085c0   _MCBSP_xrdy
0001095c   _MEM
0001073c   _MEM_D_NUMSEGMENTS
00010744   _MEM_D_freelist
00010748   _MEM_D_lockaddr
00010740   _MEM_D_memtab
0001074c   _MEM_D_unlockaddr
0000f700   _MEM_init
000108a8   _MEM_memtab
8000ed98   _MySound
0000f920   _OBJ_init
0000f1f0   _OBJ_segtab
0000f1b8   _OBJ_table
00011000   _PIP_A_TABBEG
000110c8   _PIP_A_TABEND
000106dc   _PRD_D_tick
0001131c   _PRD_LEDToggle
00011390   _PRD_clock
00010b64   _PRD_swi
0001135c   _RTA_dispatcher
00011290   _RTA_fromHost
000112ac   _RTA_toHost
0000f940   _RTDX_Buffer
0000fd4c   _RTDX_Buffer_End
0000ebe0   _RTDX_Buffer_Initialize
0000ed20   _RTDX_Buffer_Read
0000ec40   _RTDX_Buffer_ReadCB
0000eca0   _RTDX_Buffer_Size
0000fd48   _RTDX_Buffer_Start
0000ed40   _RTDX_Buffer_Write
0000e300   _RTDX_Buffer_WriteCB
0000ece0   _RTDX_Final_RT_Monitor
0000eb60   _RTDX_Init_RT_Monitor
00000002   _RTDX_JTAGONLY
0000ed80   _RTDX_Mask_IER
0000e940   _RTDX_Mon_Queue
0000df00   _RTDX_Poll
00000000   _RTDX_interrupt_mask
0000fd5c   _RTDX_writing
8000b6cc   _Ringbuffer_in
80008fa0   _Ringbuffer_out
000108b4   _SDRAM
80000000   _SDRAM_base
00008000   _SDRAM_length
000112d4   _SEM_LEDToggle
000040e0   _SEM_pend
00004080   _SEM_pendBinary
000020a0   _SEM_pendEnterKnl
00003820   _SEM_post
00003820   _SEM_postBinary
00003740   _SEM_postEnterKnl
00010d1c   _STS_A_TABBEG
00010dfc   _STS_A_TABEND
00003f58   _STS_add
00003f20   _STS_delta
00003f84   _STS_reset
00004420   _STS_set
00010c6c   _SWI_ADC_In_Ping
00010c98   _SWI_ADC_In_Pong
00010c14   _SWI_ADC_Out_Ping
00010c40   _SWI_ADC_Out_Pong
00010bbc   _SWI_BSPLink_In_Ping
00010be8   _SWI_BSPLink_In_Pong
00010cc4   _SWI_BSPLink_Out_Ping
00010cf0   _SWI_BSPLink_Out_Pong
00010774   _SWI_D_curfxn
00010764   _SWI_D_curmask
00010768   _SWI_D_curset
00010760   _SWI_D_execaddr
0001077c   _SWI_D_inswi
0001076c   _SWI_D_lock
00010778   _SWI_D_rdybeg
0001075c   _SWI_D_runaddr
000053d0   _SWI_LEDToggle
0001075c   _SWI_data
00004140   _SWI_disable
00004168   _SWI_enable
00000e50   _SWI_post
00010750   _SYS
00010964   _SYS_PUTCBEG
00010b63   _SYS_PUTCEND
000041a0   _SYS_abort
00003c20   _SYS_exit
0000f3b8   _SYS_exitStack
00010948   _SYS_exitStackPtr
0001094c   _SYS_exitStackTop
00007740   _TIMER_open
00007880   _TIMER_reset
00011388   _TRC_R_mask
0001093c   _TSK
0000f15c   _TSK_ATTRS
00011134   _TSK_LEDTOGGLE
0000f178   _TSK_config
00002fa0   _TSK_exit
000110d4   _TSK_idle
0000f8a0   _TSK_init
00010934   _TSK_nTasks
00010938   _TSK_pid
00002a20   _TSK_setup
00003380   _TSK_startup
0000f198   _TSK_timerSem
00004340   _UTL_doAbort
00004440   _UTL_doError
00004200   _UTL_doPutc
00004460   _UTL_halt
00002f70   __CLK_lat1beg
00002f9c   __CLK_lat1end
00006860   __CSL_init
00000c34   __GBL_setL2CacheMode
00010758   __HOOK_NUMHOOKS
00010754   __HOOK_knlId
00001320   __HWI_lat1beg
000014a0   __HWI_lat1end
000014a0   __HWI_lat2beg
00001640   __HWI_lat2end1
000015cc   __HWI_lat2end2
00001660   __HWI_lat3beg
00001760   __HWI_lat3end1
000015fc   __HWI_lat3end2
00003e20   __IDL_lat1beg
00003e70   __IDL_lat1end
0000f014   __IRQ_dispatchTable
0000ef50   __IRQ_eventTable
00008640   __IRQ_hookFetchPacket
00008140   __IRQ_init
0000efd4   __IRQ_intTable
00003490   __KNL_lat1beg
00003518   __KNL_lat1end
00003ea0   __LOG_lat1beg
0000f330   __MCBSP_hDev0
0000f334   __MCBSP_hDev1
0000f288   __MEM_mutex
00001e98   __RTA_lat1beg
00001ed0   __RTA_lat1end
00002800   __SEM_dopost
0000c660   __STACK_END
00004000   __STACK_SIZE
00000f8c   __SWI_lat1beg
00001040   __SWI_lat1end
00001044   __SWI_lat2beg
000010b4   __SWI_lat2end
00000de0   __SWI_lat3beg
00000e4c   __SWI_lat3end
0000f394   __TIMER_deviceTable
0000f3b4   __TIMER_hBios
0000f3ac   __TIMER_hDev0
0000f3b0   __TIMER_hDev1
0000f260   __TSK_mutex
0000f3fc   ___TI_enable_exit_profile_output
ffffffff   ___TI_pprof_out_hndl
ffffffff   ___TI_prof_data_size
ffffffff   ___TI_prof_data_start
00008480   ___add_dtor
0000eda0   ___atexit_func_id__
ffffffff   ___binit__
00010590   ___bss__
ffffffff   ___c_args__
0000c660   ___cinit__
00000000   ___data__
00000000   ___edata__
00010964   ___end__
00008660   ___etext__
0000def4   ___pinit__
00004480   ___text__
00003140   __auto_init
0000f3f4   __cleanup_ptr
0000f3f8   __dtors_ptr
0000f400   __lock
000085e0   __nop
00008600   __register_lock
00008620   __register_unlock
00008660   __stack
00007d80   __strasg
0000f404   __unlock
00007e60   _atexit
0000f7e0   _c_int00
000074a0   _call_dtors
00010838   _configComplete
0000f114   _configEDMABSPLinkRcv
0000f12c   _configEDMABSPLinkXmt_Ping
0000f144   _configEDMABSPLinkXmt_Pong
0000f2d0   _configEDMARcv
0000f2e8   _configEDMAXmt
00005520   _config_BSPLink
00005858   _config_BSPLink_EDMA
00004784   _config_EDMA
00004ca8   _config_interrupts
0000f2b0   _datainterface_config
0000f408   _dtors
000108d4   _hEdmaBSPLinkRcv
000108d8   _hEdmaBSPLinkRcvRelPing
000108dc   _hEdmaBSPLinkRcvRelPong
000108e0   _hEdmaBSPLinkXmt
000107fc   _hEdmaRcv
00010800   _hEdmaRcvRelPing
00010804   _hEdmaRcvRelPong
00010808   _hEdmaXmt
0001080c   _hEdmaXmtRelPing
00010810   _hEdmaXmtRelPong
000107f8   _hMcbsp
00010960   _hMcbsp_AIC23_Config
000108d0   _hMcbsp_Link
000044c8   _main
000063e0   _memcpy
000050d8   _p_ring_link_out_read_ping
00005104   _p_ring_link_out_read_pong
00005080   _p_ring_link_out_write_ping
000050ac   _p_ring_link_out_write_pong
00005028   _process_ring_link_in_read_ping
00005054   _process_ring_link_in_read_pong
00004fd0   _process_ring_link_in_write_ping
00004ffc   _process_ring_link_in_write_pong
0000521c   _read_ring_buffer_in
00005340   _read_ring_buffer_out
00010824   _ringbuff_in_read_i
00010828   _ringbuff_in_write_i
0001082c   _ringbuff_out_read_i
00010830   _ringbuff_out_write_i
0001092c   _rtdxNullChanCnt
00010930   _rtdxNullFuncCnt
0000fd50   _rtdx_buffer_state
0000fd70   _rtdx_mon_state
00010834   _soundBuffer_i
0001083c   _t_reg
0000f220   _tccAllocTable
000108e4   _tccBSPLinkRcvPing
000108e8   _tccBSPLinkRcvPong
000108ec   _tccBSPLinkXmtPing
000108f0   _tccBSPLinkXmtPong
00010814   _tccRcvPing
00010818   _tccRcvPong
0001081c   _tccXmtPing
00010820   _tccXmtPong
000053fc   _tsk_led_toggle
00007320   _wait500nS
00005130   _write_ring_buffer_in
000052ac   _write_ring_buffer_out
ffffffff   binit
0000c660   cinit
00000000   edata
00010964   end
00008660   etext
00000000   hwi0
00000020   hwi1
00000140   hwi10
00000160   hwi11
00000180   hwi12
000001a0   hwi13
000001c0   hwi14
000001e0   hwi15
00000040   hwi2
00000060   hwi3
00000080   hwi4
000000a0   hwi5
000000c0   hwi6
000000e0   hwi7
00000100   hwi8
00000120   hwi9
0000def4   pinit


GLOBAL SYMBOLS: SORTED BY Symbol Address 

address    name
--------   ----
00000000   .data
00000000   BUF$
00000000   CLK_COUNTSPMSHIGH
00000000   CLK_PRDHIGH
00000000   CLK_TDDR
00000000   CLK_TDDRHIGH
00000000   CLK_TIMERNUM
00000000   DEV$
00000000   DGN$
00000000   DHL$
00000000   DHL_gChannelsAvailable
00000000   DIO$
00000000   DIO_NUMSWIBASE
00000000   DIO_NUMTSKBASE
00000000   DIO_STATIC
00000000   DPI$
00000000   GBL_BIGENDIAN
00000000   GBL_C641XL2PRIORITY
00000000   GBL_CACHE
00000000   GBL_L2CONFIGALLOC
00000000   GBL_L2MARMASK1
00000000   GBL_L2MARMASK2
00000000   GBL_L2MARMASK3
00000000   GBL_L2MARMASK4
00000000   GBL_L2MARMASK5
00000000   GBL_L2MODE
00000000   GBL_L2PRIORITY
00000000   GBL_NULL
00000000   GBL_PROCID
00000000   GBL_ROM
00000000   GBL_SUPPORTCSL
00000000   GIO$
00000000   HOOK$
00000000   HOOK_KNLID
00000000   HST_DSM
00000000   HST_NONE
00000000   HWI_A_VECS
00000000   HWI_GENERATE_RESET_VEC
00000000   HWI_INT10$hwi
00000000   HWI_INT11$hwi
00000000   HWI_INT12$hwi
00000000   HWI_INT13$hwi
00000000   HWI_INT14$hwi
00000000   HWI_INT15$hwi
00000000   HWI_INT4$hwi
00000000   HWI_INT5$hwi
00000000   HWI_INT6$hwi
00000000   HWI_INT7$hwi
00000000   HWI_INT8$hwi
00000000   HWI_INT9$hwi
00000000   HWI_NMI$hwi
00000000   HWI_POLARITYMASK
00000000   HWI_RESERVED0$hwi
00000000   HWI_RESERVED1$hwi
00000000   HWI_RESET
00000000   HWI_RESET$hwi
00000000   IDL_busyObj$iB
00000000   IDL_busyObj$operation
00000000   KNL_swi$pri
00000000   KNL_swi$sts$unittype
00000000   KNL_swi$swi
00000000   LOG_system$datatype
00000000   LOG_system$log
00000000   MBX$
00000000   MEM_NULL
00000000   MEM_USEMPC
00000000   MSGQ$
00000000   MSGQ_USEMSGQ
00000000   OBJ$
00000000   PIP$
00000000   PIP_gNextId
00000000   POOL$
00000000   POOL_USEPOOL
00000000   PRD_LEDToggle$mode
00000000   PRD_LEDToggle$prd
00000000   PRD_LEDToggle$sts$filter
00000000   PRD_swi$sts$unittype
00000000   PRD_swi$swi
00000000   RTA_fromHost$hst
00000000   RTA_fromHost$mode
00000000   RTA_toHost$hst
00000000   RTA_toHost$id
00000000   RTDX_MODE
00000000   RTDX_USERTEXECUTION
00000000   SIO$
00000000   SWI_ADC_In_Ping$sts$unittype
00000000   SWI_ADC_In_Ping$swi
00000000   SWI_ADC_In_Pong$sts$unittype
00000000   SWI_ADC_In_Pong$swi
00000000   SWI_ADC_Out_Ping$sts$unittype
00000000   SWI_ADC_Out_Ping$swi
00000000   SWI_ADC_Out_Pong$sts$unittype
00000000   SWI_ADC_Out_Pong$swi
00000000   SWI_BSPLink_In_Ping$sts$unittype
00000000   SWI_BSPLink_In_Ping$swi
00000000   SWI_BSPLink_In_Pong$sts$unittype
00000000   SWI_BSPLink_In_Pong$swi
00000000   SWI_BSPLink_Out_Ping$sts$unittype
00000000   SWI_BSPLink_Out_Ping$swi
00000000   SWI_BSPLink_Out_Pong$sts$unittype
00000000   SWI_BSPLink_Out_Pong$swi
00000000   SWI_EHOOKFXN
00000000   SWI_IHOOKFXN
00000000   TSK_LEDTOGGLE$sts$unittype
00000000   TSK_LEDTOGGLE$tsk
00000000   TSK_NUM_HOOKS
00000000   TSK_READYFXN
00000000   TSK_STACKSEG
00000000   TSK_SWITCHFXN
00000000   TSK_idle$pri
00000000   TSK_idle$sts$unittype
00000000   TSK_idle$tsk
00000000   UDEV$
00000000   _CLK_TDDR
00000000   _CLK_TIMERNUM
00000000   _GBL_CACHE
00000000   _HWI_RESET
00000000   _RTDX_interrupt_mask
00000000   ___data__
00000000   ___edata__
00000000   edata
00000000   hwi0
00000001   BUF_ENABLED
00000001   CLK$
00000001   CLK_CALDIV
00000001   CLK_HTIMEDIV
00000001   CLK_LTIMEDIV
00000001   CLK_USETIMER
00000001   GBL$
00000001   GBL_CALLCSLCFGINIT
00000001   GBL_ENABLEINST
00000001   GBL_L2CONFIGURE
00000001   GBL_L2MARMASK
00000001   GBL_USERINIT
00000001   GBL_boot
00000001   HST$
00000001   HST_RTDX
00000001   HWI$
00000001   HWI_NMI
00000001   HWI_ZEROTAB
00000001   IDL$
00000001   IDL_USECLKIDLTIME
00000001   IDL_busyObj$filter
00000001   IDL_busyObj$iA
00000001   IDL_busyObj$iC
00000001   ISRC$
00000001   KNL_swi$dorta
00000001   KNL_swi$sts$filtmaxmult
00000001   KNL_swi$sts$filtsummult
00000001   LCK$
00000001   LOG$
00000001   LOG_A_TABLEN
00000001   LOG_ENABLED
00000001   MEM$
00000001   MEM_gNumHeap
00000001   PRD$
00000001   PRD_A_TABLEN
00000001   PRD_swi$dorta
00000001   PRD_swi$ord
00000001   PRD_swi$pri
00000001   PRD_swi$sts$filtmaxmult
00000001   PRD_swi$sts$filtsummult
00000001   QUE$
00000001   RTA_fromHost$id
00000001   RTA_toHost$mode
00000001   RTDX$
00000001   RTDX_NORMALIZED_HDR
00000001   RTDX_USERTDX
00000001   SEM$
00000001   STS$
00000001   SWI$
00000001   SWI_ADC_In_Ping$dorta
00000001   SWI_ADC_In_Ping$pri
00000001   SWI_ADC_In_Ping$sts$filtmaxmult
00000001   SWI_ADC_In_Ping$sts$filtsummult
00000001   SWI_ADC_In_Pong$dorta
00000001   SWI_ADC_In_Pong$pri
00000001   SWI_ADC_In_Pong$sts$filtmaxmult
00000001   SWI_ADC_In_Pong$sts$filtsummult
00000001   SWI_ADC_Out_Ping$dorta
00000001   SWI_ADC_Out_Ping$pri
00000001   SWI_ADC_Out_Ping$sts$filtmaxmult
00000001   SWI_ADC_Out_Ping$sts$filtsummult
00000001   SWI_ADC_Out_Pong$dorta
00000001   SWI_ADC_Out_Pong$pri
00000001   SWI_ADC_Out_Pong$sts$filtmaxmult
00000001   SWI_ADC_Out_Pong$sts$filtsummult
00000001   SWI_BSPLink_In_Ping$dorta
00000001   SWI_BSPLink_In_Ping$pri
00000001   SWI_BSPLink_In_Ping$sts$filtmaxmult
00000001   SWI_BSPLink_In_Ping$sts$filtsummult
00000001   SWI_BSPLink_In_Pong$dorta
00000001   SWI_BSPLink_In_Pong$pri
00000001   SWI_BSPLink_In_Pong$sts$filtmaxmult
00000001   SWI_BSPLink_In_Pong$sts$filtsummult
00000001   SWI_BSPLink_Out_Ping$dorta
00000001   SWI_BSPLink_Out_Ping$pri
00000001   SWI_BSPLink_Out_Ping$sts$filtmaxmult
00000001   SWI_BSPLink_Out_Ping$sts$filtsummult
00000001   SWI_BSPLink_Out_Pong$dorta
00000001   SWI_BSPLink_Out_Pong$pri
00000001   SWI_BSPLink_Out_Pong$sts$filtmaxmult
00000001   SWI_BSPLink_Out_Pong$sts$filtsummult
00000001   SYS$
00000001   TSK$
00000001   TSK_LEDTOGGLE$sts$filtmaxmult
00000001   TSK_LEDTOGGLE$sts$filtsummult
00000001   TSK_PRIORITY
00000001   TSK_idle$ord
00000001   TSK_idle$sts$filtmaxmult
00000001   TSK_idle$sts$filtsummult
00000001   _CLK_USETIMER
00000001   _HWI_NMI
00000001   _LOG_A_TABLEN
00000002   HWI_RESERVED0
00000002   IDL_busyObj$unittype
00000002   KNL_swi$ord
00000002   KNL_swi$sts$filter
00000002   PIP_A_TABLEN
00000002   PIP_gNumEmbed
00000002   PRD_LEDToggle$ord
00000002   PRD_LEDToggle$sts$unittype
00000002   PRD_swi$sts$filter
00000002   SWI_ADC_In_Ping$sts$filter
00000002   SWI_ADC_In_Pong$sts$filter
00000002   SWI_ADC_Out_Ping$sts$filter
00000002   SWI_ADC_Out_Pong$sts$filter
00000002   SWI_BSPLink_In_Ping$sts$filter
00000002   SWI_BSPLink_In_Pong$sts$filter
00000002   SWI_BSPLink_Out_Ping$sts$filter
00000002   SWI_BSPLink_Out_Pong$sts$filter
00000002   TSK_LEDTOGGLE$pri
00000002   TSK_LEDTOGGLE$sts$filter
00000002   TSK_idle$sts$filter
00000002   _HWI_RESERVED0
00000002   _RTDX_JTAGONLY
00000003   HWI_RESERVED1
00000003   SWI_BSPLink_In_Ping$ord
00000003   TSK_LEDTOGGLE$ord
00000003   _HWI_RESERVED1
00000004   CLK_CALMULT
00000004   CLK_HTIMEMULT
00000004   HWI_INT4
00000004   RTA_fromHost$framesize
00000004   SWI_BSPLink_In_Pong$ord
00000004   _HWI_INT4
00000005   HWI_INT5
00000005   SWI_ADC_Out_Ping$ord
00000005   _HWI_INT5
00000006   HWI_INT6
00000006   IDL_CALIBRERROR
00000006   SWI_ADC_Out_Pong$ord
00000006   _HWI_INT6
00000007   HWI_INT7
00000007   SWI_ADC_In_Ping$ord
00000007   _HWI_INT7
00000008   HWI_INT8
00000008   PRD_SCALAR
00000008   SWI_ADC_In_Pong$ord
00000008   _HWI_INT8
00000009   HWI_INT9
00000009   SWI_BSPLink_Out_Ping$ord
00000009   _HWI_INT9
0000000a   HWI_INT10
0000000a   SWI_A_TABLEN
0000000a   _HWI_INT10
0000000b   HWI_INT11
0000000b   SWI_BSPLink_Out_Pong$ord
0000000b   _HWI_INT11
0000000c   HWI_INT12
0000000c   _HWI_INT12
0000000d   HWI_INT13
0000000d   _HWI_INT13
0000000e   HWI_INT14
0000000e   _HWI_INT14
0000000f   HWI_INT15
0000000f   _HWI_INT15
00000020   CLK_TCR
00000020   hwi1
0000003e   GBL_DSPTYPE
00000040   HST_MAXFRAMESET
00000040   LOG_system$size
00000040   RTA_toHost$framesize
00000040   hwi2
00000042   GBL_FOOTPRINT
00000060   hwi3
00000064   PIP_OBJSIZE
00000080   hwi4
000000a0   hwi5
000000c0   hwi6
000000e0   hwi7
000000ff   HST_MAXFRAMEALLOWED
00000100   hwi8
00000120   hwi9
00000140   hwi10
00000160   hwi11
00000180   hwi12
000001a0   hwi13
000001c0   hwi14
000001e0   hwi15
00000200   LNK_F_checkBufferCall
00000220   LNK_F_getChanPtr
00000278   LNK_F_init
00000280   LNK_F_dataPump
00000294   LNK_rcloop
00000360   LNK_rdrtry
00000370   LNK_rrloop
000003e8   CLK_MICROSECS
000003e8   PRD_LEDToggle$period
00000400   HST_DSMMEMSIZE
00000400   TSK_STACKSIZE
00000408   RTDX_BUFMEMSIZE
00000434   LNK_wrrtry
00000444   LNK_wrloop
00000520   LNK_newin
00000660   LNK_newout
000007c4   LNK_F_readCallBack
00000c34   __GBL_setL2CacheMode
00000de0   SWI_F_enable
00000de0   __SWI_lat3beg
00000e4c   __SWI_lat3end
00000e50   SWI_F_post
00000e50   _SWI_post
00000f8c   __SWI_lat1beg
00000ffc   SWI_EXECFXN
00000ffc   SWI_F_exec
00001028   SWI_F_iexec
00001040   __SWI_lat1end
00001044   __SWI_lat2beg
000010b4   __SWI_lat2end
000010b8   SWI_F_run
000010b8   SWI_RUNFXN
00001320   CLK_HOOKFXN
00001320   HWI_F_dispatch
00001320   _HWI_F_dispatch
00001320   __HWI_lat1beg
000014a0   __HWI_lat1end
000014a0   __HWI_lat2beg
000015cc   __HWI_lat2end2
000015fc   __HWI_lat3end2
00001640   __HWI_lat2end1
00001660   __HWI_lat3beg
00001760   __HWI_lat3end1
00001770   GBL_CLKTYPE
00001780   PRD_F_swi
00001a39   GBL_DSPSUBTYPE
00001a40   PRD_F_tick
00001b20   _KNL_run
00001de0   RTA_F_getlog
00001e24   RTA_F_getsts
00001e6c   RTA_F_readblk
00001e8c   RTA_F_writeword
00001e98   RTA_F_resetmem
00001e98   __RTA_lat1beg
00001ed0   __RTA_lat1end
00001ed8   RTA_F_dispatch
00001f28   RTA_execute
000020a0   _SEM_pendEnterKnl
00002226   GBL_L2ALLOC
000025a0   PRD_THOOKFXN
000025a0   _KNL_tick
000025c0   PIP_F_take
00002654   PIP_F_give
00002654   PIP_F_probe
00002728   PIP_F_start
00002800   __SEM_dopost
00002a20   _TSK_setup
00002c20   _KNL_saveIsrFrame
00002cec   _KNL_switch
00002da0   KNL_glue
00002de0   CLK_F_getltime
00002df4   CLK_F_isr
00002f54   CLK_F_itime
00002f54   _CLK_F_itime
00002f54   _CLK_itime
00002f70   __CLK_lat1beg
00002f9c   __CLK_lat1end
00002fa0   _TSK_exit
00003140   __auto_init
00003380   _TSK_startup
00003440   _KNL_check
00003490   __KNL_lat1beg
00003518   _KNL_idle
00003518   __KNL_lat1end
0000353c   _KNL_max
00003580   _GBL_cslCacheInit
00003660   _KNL_exit
000036b4   _KNL_enter
00003740   _SEM_postEnterKnl
00003820   _SEM_post
00003820   _SEM_postBinary
00003900   _CLK_measure
000039e0   _KNL_ipost
00003aa0   _KNL_post
00003b60   _LCK_post
00003b90   _LCK_pend
00003c20   _SYS_exit
00003ce0   CLK_F_getfhtime
00003d00   CLK_F_gethtime
00003d00   CLK_F_getshtime
00003d00   CLK_TIMEFXN
00003da0   FXN_F_nop
00003da8   FXN_F_run
00003da8   _FXN_F_run
00003df8   FXN_F_zero
00003df8   _FXN_F_zero
00003e20   IDL_F_busy
00003e20   __IDL_lat1beg
00003e70   __IDL_lat1end
00003ea0   LOG_F_event
00003ea0   _LOG_event
00003ea0   __LOG_lat1beg
00003f20   STS_F_delta
00003f20   _STS_delta
00003f58   STS_F_add
00003f58   _STS_add
00003f84   STS_F_reset
00003f84   _STS_reset
00003fa0   IDL_F_calibrate
00004000   CLK_INTBIT
00004000   __STACK_SIZE
00004020   _HWI_disable
00004038   _HWI_enable
0000404c   _HWI_restore
00004080   _SEM_pendBinary
000040e0   _SEM_pend
00004140   _SWI_disable
00004168   _SWI_enable
000041a0   _SYS_abort
00004200   SYS_PUTCFXN
00004200   _UTL_doPutc
00004260   _CLK_start
000042c0   IDL_CALIBRFXN
000042c0   IDL_F_stub
00004300   RTA_F_andn
00004320   RTA_F_or
00004340   SYS_ABORTFXN
00004340   _UTL_doAbort
00004380   _CLK_stop
000043c0   GIO_CREATEFXN
000043c0   GIO_DELETEFXN
000043c0   GIO_PENDFXN
000043c0   GIO_POSTFXN
000043c0   TSK_VCREATEFXN
000043c0   TSK_VDELETEFXN
000043c0   TSK_VEXITFXN
000043c0   _FXN_F_nop
000043e0   _GBL_getVersion
00004400   IDL_F_loop
00004400   _IDL_loop
00004420   _STS_set
00004440   SYS_ERRORFXN
00004440   _UTL_doError
00004460   SYS_EXITFXN
00004460   _UTL_halt
00004480   .text
00004480   ___text__
000044c8   _main
00004784   _config_EDMA
00004ca8   _config_interrupts
00004d3c   _EDMA_ISR
00004e20   GBL_CLKIN
00004fd0   _process_ring_link_in_write_ping
00004ffc   _process_ring_link_in_write_pong
00005028   _process_ring_link_in_read_ping
00005054   _process_ring_link_in_read_pong
00005080   _p_ring_link_out_write_ping
000050ac   _p_ring_link_out_write_pong
000050d8   _p_ring_link_out_read_ping
00005104   _p_ring_link_out_read_pong
00005130   _write_ring_buffer_in
00005205   GBL_A_VERSION
0000521c   _read_ring_buffer_in
000052ac   _write_ring_buffer_out
00005308   HWI_CFGDISPATCHED
00005308   _HWI_CFGDISPATCHED
00005340   _read_ring_buffer_out
000053d0   _SWI_LEDToggle
000053fc   _tsk_led_toggle
00005520   _config_BSPLink
00005604   _BSPLink_EDMA_Stop
0000567c   _BSPLink_EDMA_Start_Pong
0000576c   _BSPLink_EDMA_Start_Ping
00005858   _config_BSPLink_EDMA
00005d2c   _DSK6713_init
00006048   _DSK6713_rget
0000605c   _DSK6713_rset
00006070   _DSK6713_wait
000060c8   _DSK6713_waitusec
000060f4   _DSK6713_getVersion
00006160   _EDMA_open
000063e0   _memcpy
00006620   _Config_DSK6713_AIC23
00006860   __CSL_init
00006a80   _DSK6713_LED_init
00006ac0   _DSK6713_LED_off
00006b30   _DSK6713_LED_on
00006ba0   _DSK6713_LED_toggle
00006c60   _IRQ_map
00006fe0   _EDMA_allocTable
00007180   _MCBSP_reset
00007320   _wait500nS
00007348   GBL_USERINITFXN
00007348   _GBL_setPLLto225MHz
000074a0   _call_dtors
00007600   _EDMA_reset
00007740   _TIMER_open
00007880   _TIMER_reset
000079a0   _EDMA_intAlloc
00007aa0   _MCBSP_open
00007ba0   _MCBSP_start
00007ca0   _EDMA_config
00007d80   __strasg
00007e60   _atexit
00008000   SDRAM$L
00008000   _MCBSP_close
00008000   _SDRAM_length
000080a0   _MCBSP_config
00008140   __IRQ_init
00008280   _EDMA_disableChannel
000082e0   _EDMA_enableChannel
00008340   _EDMA_intEnable
000083a0   _EDMA_qdmaConfig
00008400   _EDMA_link
00008440   _IRQ_enable
00008480   ___add_dtor
000084c0   _CSL6713_LIB_
000084e0   _EDMA_intClear
00008500   _EDMA_intTest
00008520   _IRQ_clear
00008540   _IRQ_globalEnable
00008560   _MCBSP_getRcvAddr
00008580   _MCBSP_getXmtAddr
000085a0   _MCBSP_write
000085c0   _MCBSP_xrdy
000085e0   __nop
00008600   __register_lock
00008620   __register_unlock
00008640   __IRQ_hookFetchPacket
00008660   GBL_stackbeg
00008660   _HWI_STKTOP
00008660   ___etext__
00008660   __stack
00008660   etext
0000c658   _HWI_STKBOTTOM
0000c65f   GBL_stackend
0000c660   __STACK_END
0000c660   ___cinit__
0000c660   cinit
0000dbba   CLK_COUNTSPMS
0000dbba   CLK_HTIMEPERLTIME
0000dbba   CLK_PRD
0000dbba   _CLK_COUNTSPMS
0000dbba   _CLK_PRD
0000dbef   GBL_TRCMASKVALUE
0000def4   ___pinit__
0000def4   pinit
0000df00   _RTDX_Poll
0000e300   _RTDX_Buffer_WriteCB
0000e940   _RTDX_Mon_Queue
0000eb60   _RTDX_Init_RT_Monitor
0000ebe0   _RTDX_Buffer_Initialize
0000ec40   _RTDX_Buffer_ReadCB
0000eca0   _RTDX_Buffer_Size
0000ece0   _RTDX_Final_RT_Monitor
0000ed20   _RTDX_Buffer_Read
0000ed40   _RTDX_Buffer_Write
0000ed80   _RTDX_Mask_IER
0000eda0   ___atexit_func_id__
0000ef50   __IRQ_eventTable
0000efd4   __IRQ_intTable
0000f014   __IRQ_dispatchTable
0000f01c   _KNL_queues
0000f0bc   _KNL_dummy
0000f0f4   _BSPLink_interface_config
0000f114   _configEDMABSPLinkRcv
0000f12c   _configEDMABSPLinkXmt_Ping
0000f144   _configEDMABSPLinkXmt_Pong
0000f15c   _TSK_ATTRS
0000f178   _TSK_config
0000f198   _TSK_timerSem
0000f1b8   _OBJ_table
0000f1f0   _OBJ_segtab
0000f220   _tccAllocTable
0000f260   __TSK_mutex
0000f288   __MEM_mutex
0000f2b0   _datainterface_config
0000f2d0   _configEDMARcv
0000f2e8   _configEDMAXmt
0000f330   __MCBSP_hDev0
0000f334   __MCBSP_hDev1
0000f394   __TIMER_deviceTable
0000f3ac   __TIMER_hDev0
0000f3b0   __TIMER_hDev1
0000f3b4   __TIMER_hBios
0000f3b8   _SYS_exitStack
0000f3f4   __cleanup_ptr
0000f3f8   __dtors_ptr
0000f3fc   ___TI_enable_exit_profile_output
0000f400   __lock
0000f404   __unlock
0000f408   _dtors
0000f40c   _DSK6713_version
0000f410   RTA_fromHost$buf
0000f420   BIOS_init
0000f420   _BIOS_init
0000f59c   BIOS$$CLKON
0000f5dc   BIOS$$CLKOFF
0000f644   BIOS_start
0000f644   _BIOS_start
0000f700   _MEM_init
0000f7e0   _c_int00
0000f8a0   _TSK_init
0000f920   _OBJ_init
0000f940   _RTDX_Buffer
0000fd48   _RTDX_Buffer_Start
0000fd4c   _RTDX_Buffer_End
0000fd50   _rtdx_buffer_state
0000fd5c   _RTDX_writing
0000fd70   _rtdx_mon_state
0000fd90   TSK_LEDTOGGLE$stack
00010128   TSK_LEDTOGGLE$stkptr
00010190   TSK_idle$stack
00010528   TSK_idle$stkptr
00010590   $bss
00010590   .bss
00010590   _HWI_dispatchTab
00010590   ___bss__
00010690   IDL_D_tabbeg
00010694   IDL_D_calibrate
00010698   IDL_D_calbeg
0001069c   LOG_D_system
0001069c   _LOG_D_system
000106a0   PIP_D_tabbeg
000106a4   PIP_D_tablen
000106a8   CLK_R_time
000106ac   CLK_D_timefxn
000106b0   CLK_D_tabbeg
000106b4   CLK_D_isrhook
000106b8   CLK_D_idletime
000106bc   _CLK_htimeDiv
000106c0   _CLK_htimeMult
000106c4   _CLK_ltimeDiv
000106c8   _CLK_ltimeMult
000106cc   _CLK_D_dirty
000106d0   _CLK_D_prd
000106d4   _CLK_D_tddr
000106d8   _CLK_D_countspms
000106dc   PRD_D_tick
000106dc   _PRD_D_tick
000106e0   PRD_D_cur
000106e4   PRD_D_elapsed
000106e8   PRD_D_prevtim
000106ec   PRD_D_scalar
000106f0   PRD_D_swihandle
000106f4   PRD_D_tabbeg
000106f8   PRD_D_tablen
000106fc   PRD_D_thook
00010700   RTA_D_fromHost
00010704   RTA_D_toHost
00010708   RTA_D_logval
00010718   RTA_D_stsval
00010724   HST_D_chanmask
00010728   HST_D_tabbeg
0001072c   HST_D_tabend
00010730   _GBL_procId
00010734   _GBL_clkIn
00010738   _GBL_freq
0001073c   _MEM_D_NUMSEGMENTS
00010740   _MEM_D_memtab
00010744   _MEM_D_freelist
00010748   _MEM_D_lockaddr
0001074c   _MEM_D_unlockaddr
00010750   _SYS
00010754   __HOOK_knlId
00010758   __HOOK_NUMHOOKS
0001075c   SWI_D_runaddr
0001075c   _SWI_D_runaddr
0001075c   _SWI_data
00010760   SWI_D_execaddr
00010760   _SWI_D_execaddr
00010764   SWI_D_curmask
00010764   _SWI_D_curmask
00010768   SWI_D_curset
00010768   _SWI_D_curset
0001076c   SWI_D_lock
0001076c   _SWI_D_lock
00010770   SWI_D_curmbox
00010774   SWI_D_curfxn
00010774   _SWI_D_curfxn
00010778   SWI_D_rdybeg
00010778   _SWI_D_rdybeg
0001077c   SWI_D_inswi
0001077c   _SWI_D_inswi
00010780   SWI_D_rdytab
000107f8   _hMcbsp
000107fc   _hEdmaRcv
00010800   _hEdmaRcvRelPing
00010804   _hEdmaRcvRelPong
00010808   _hEdmaXmt
0001080c   _hEdmaXmtRelPing
00010810   _hEdmaXmtRelPong
00010814   _tccRcvPing
00010818   _tccRcvPong
0001081c   _tccXmtPing
00010820   _tccXmtPong
00010824   _ringbuff_in_read_i
00010828   _ringbuff_in_write_i
0001082c   _ringbuff_out_read_i
00010830   _ringbuff_out_write_i
00010834   _soundBuffer_i
00010838   _configComplete
0001083c   _t_reg
00010860   _KNL_wFlag
00010864   _KNL_wList
00010868   _KNL_alarm
0001086c   _KNL_setpri
00010870   _KNL_inactive
00010874   _KNL_priority
00010878   _KNL_set
0001087c   _KNL_curtask
00010880   _KNL_prevtask
00010884   _KNL_curtime
00010888   _KNL_swiptr
0001088c   _KNL_curqueue
00010890   _KNL_maxqueue
00010894   _KNL_tswitchfxn
00010898   _KNL_tcreatefxn
0001089c   _KNL_tdeletefxn
000108a0   _KNL_treadyfxn
000108a4   _KNL_idlefxn
000108a8   _MEM_memtab
000108b4   MEM_MALLOCSEG
000108b4   MEM_SEGZERO
000108b4   SDRAM
000108b4   _SDRAM
000108b8   RTA_fromHost$pipe$dtab
000108c4   RTA_toHost$pipe$dtab
000108d0   _hMcbsp_Link
000108d4   _hEdmaBSPLinkRcv
000108d8   _hEdmaBSPLinkRcvRelPing
000108dc   _hEdmaBSPLinkRcvRelPong
000108e0   _hEdmaBSPLinkXmt
000108e4   _tccBSPLinkRcvPing
000108e8   _tccBSPLinkRcvPong
000108ec   _tccBSPLinkXmtPing
000108f0   _tccBSPLinkXmtPong
000108f4   HWI_D_spsave
000108f4   _HWI_D_spsave
000108f4   _HWI_data
00010900   _HWI_D_inhwi
00010904   HWI_D_bss
00010908   HWI_D_ccmask
0001090c   LNK_dspFrameRequestMask
0001090c   _LNK_dspFrameRequestMask
00010910   LNK_dspFrameReadyMask
00010910   _LNK_dspFrameReadyMask
00010914   LNK_readPend
00010914   _LNK_readPend
00010918   LNK_readDone
00010918   _LNK_readDone
0001091c   LNK_readFail
0001091c   _LNK_readFail
00010920   LNK_writeFail
00010920   _LNK_writeFail
0001092c   _rtdxNullChanCnt
00010930   _rtdxNullFuncCnt
00010934   _TSK_nTasks
00010938   _TSK_pid
0001093c   _TSK
00010940   _CLK_DFLTMICROSECS
00010944   _CLK_D_microseconds
00010948   _SYS_exitStackPtr
0001094c   _SYS_exitStackTop
00010950   _CLK_htimePerLtime
00010958   IDL_D_busyObj
0001095c   _MEM
00010960   _hMcbsp_AIC23_Config
00010964   _SYS_PUTCBEG
00010964   ___end__
00010964   end
00010b63   _SYS_PUTCEND
00010b64   PRD_SWIHANDLE
00010b64   PRD_swi
00010b64   SWI_A_TABBEG
00010b64   _PRD_swi
00010b90   KNL_swi
00010b90   _KNL_swi
00010bbc   SWI_BSPLink_In_Ping
00010bbc   _SWI_BSPLink_In_Ping
00010be8   SWI_BSPLink_In_Pong
00010be8   _SWI_BSPLink_In_Pong
00010c14   SWI_ADC_Out_Ping
00010c14   _SWI_ADC_Out_Ping
00010c40   SWI_ADC_Out_Pong
00010c40   _SWI_ADC_Out_Pong
00010c6c   SWI_ADC_In_Ping
00010c6c   _SWI_ADC_In_Ping
00010c98   SWI_ADC_In_Pong
00010c98   _SWI_ADC_In_Pong
00010cc4   SWI_BSPLink_Out_Ping
00010cc4   _SWI_BSPLink_Out_Ping
00010cf0   SWI_BSPLink_Out_Pong
00010cf0   _SWI_BSPLink_Out_Pong
00010d1c   PRD_LEDToggle$sts$stsobj
00010d1c   STS_A_TABBEG
00010d1c   SWI_A_TABEND
00010d1c   _STS_A_TABBEG
00010d20   PRD_LEDToggle$sts
00010d2c   PRD_swi$sts$stsobj
00010d30   PRD_swi$sts
00010d3c   KNL_swi$sts$stsobj
00010d40   KNL_swi$sts
00010d4c   SWI_BSPLink_In_Ping$sts$stsobj
00010d50   SWI_BSPLink_In_Ping$sts
00010d5c   SWI_BSPLink_In_Pong$sts$stsobj
00010d60   SWI_BSPLink_In_Pong$sts
00010d6c   SWI_ADC_Out_Ping$sts$stsobj
00010d70   SWI_ADC_Out_Ping$sts
00010d7c   SWI_ADC_Out_Pong$sts$stsobj
00010d80   SWI_ADC_Out_Pong$sts
00010d8c   SWI_ADC_In_Ping$sts$stsobj
00010d90   SWI_ADC_In_Ping$sts
00010d9c   SWI_ADC_In_Pong$sts$stsobj
00010da0   SWI_ADC_In_Pong$sts
00010dac   SWI_BSPLink_Out_Ping$sts$stsobj
00010db0   SWI_BSPLink_Out_Ping$sts
00010dbc   SWI_BSPLink_Out_Pong$sts$stsobj
00010dc0   SWI_BSPLink_Out_Pong$sts
00010dcc   TSK_idle$sts$stsobj
00010dd0   TSK_idle$sts
00010ddc   TSK_LEDTOGGLE$sts$stsobj
00010de0   TSK_LEDTOGGLE$sts
00010dec   IDL_busyObj$stsobj
00010df0   IDL_busyObj
00010df0   _IDL_busyObj
00010dfc   STS_A_TABEND
00010dfc   _STS_A_TABEND
00010e00   LOG_system$buf
00010f00   RTA_toHost$buf
00011000   PIP_A_TABBEG
00011000   RTA_fromHost$pipe
00011000   _PIP_A_TABBEG
00011004   RTA_fromHost$pipe$rd
00011030   RTA_fromHost$pipe$aaa
00011034   RTA_fromHost$pipe$wr
00011060   RTA_fromHost$pipe$bbb
00011064   RTA_toHost$pipe
00011068   RTA_toHost$pipe$rd
00011094   RTA_toHost$pipe$aaa
00011098   RTA_toHost$pipe$wr
000110c4   RTA_toHost$pipe$bbb
000110c8   PIP_A_TABEND
000110c8   _PIP_A_TABEND
000110d4   TSK_idle
000110d4   _TSK_idle
00011134   TSK_LEDTOGGLE
00011134   _TSK_LEDTOGGLE
0001123d   PRD_LEDToggle$sts$maxfmt
00011246   PRD_LEDToggle$sts$sumfmt
0001124f   PRD_LEDToggle$sts$avgfmt
0001125a   PRD_swi$sts$maxfmt
00011262   PRD_swi$sts$sumfmt
0001126a   PRD_swi$sts$avgfmt
00011274   KNL_swi$sts$maxfmt
0001127c   KNL_swi$sts$sumfmt
00011284   KNL_swi$sts$avgfmt
0001128c   HST_A_TABBEG
0001128c   _HST_A_TABBEG
0001128e   SWI_BSPLink_In_Ping$sts$maxfmt
00011290   RTA_fromHost
00011290   _RTA_fromHost
00011296   SWI_BSPLink_In_Ping$sts$sumfmt
00011298   RTA_fromHost$rtdx
0001129e   SWI_BSPLink_In_Ping$sts$avgfmt
000112a8   SWI_BSPLink_In_Pong$sts$maxfmt
000112ac   RTA_toHost
000112ac   _RTA_toHost
000112b0   SWI_BSPLink_In_Pong$sts$sumfmt
000112b4   RTA_toHost$rtdx
000112b8   SWI_BSPLink_In_Pong$sts$avgfmt
000112c2   SWI_ADC_Out_Ping$sts$maxfmt
000112c8   HST_A_TABEND
000112c8   _HST_A_TABEND
000112ca   SWI_ADC_Out_Ping$sts$sumfmt
000112d2   SWI_ADC_Out_Ping$sts$avgfmt
000112d4   SEM_LEDToggle
000112d4   _SEM_LEDToggle
000112dc   SWI_ADC_Out_Pong$sts$maxfmt
000112e4   SWI_ADC_Out_Pong$sts$sumfmt
000112ec   SWI_ADC_Out_Pong$sts$avgfmt
000112f6   SWI_ADC_In_Ping$sts$maxfmt
000112fe   SWI_ADC_In_Ping$sts$sumfmt
00011306   SWI_ADC_In_Ping$sts$avgfmt
00011310   SWI_ADC_In_Pong$sts$maxfmt
00011318   SWI_ADC_In_Pong$sts$sumfmt
0001131c   PRD_A_TABBEG
0001131c   PRD_LEDToggle
0001131c   _PRD_LEDToggle
00011320   SWI_ADC_In_Pong$sts$avgfmt
0001132a   SWI_BSPLink_Out_Ping$sts$maxfmt
00011332   SWI_BSPLink_Out_Ping$sts$sumfmt
00011338   PRD_LEDToggle$aaa
0001133a   SWI_BSPLink_Out_Ping$sts$avgfmt
0001133c   LOG_A_TABBEG
0001133c   LOG_system
0001133c   PRD_A_TABEND
0001133c   _LOG_A_TABBEG
0001133c   _LOG_system
00011344   SWI_BSPLink_Out_Pong$sts$maxfmt
0001134c   SWI_BSPLink_Out_Pong$sts$sumfmt
00011354   IDL_A_TABBEG
00011354   IDL_cpuLoad
00011354   LOG_A_TABEND
00011354   SWI_BSPLink_Out_Pong$sts$avgfmt
00011354   _IDL_cpuLoad
00011354   _LOG_A_TABEND
00011358   LNK_dataPump
00011358   _LNK_dataPump
0001135c   RTA_dispatcher
0001135c   _RTA_dispatcher
0001135e   TSK_idle$sts$maxfmt
00011360   IDL_END
00011364   IDL_A_CALBEG
00011364   IDL_cpuLoad$
00011366   TSK_idle$sts$sumfmt
00011368   LNK_dataPump$
0001136c   RTA_dispatcher$
0001136e   TSK_idle$sts$avgfmt
00011370   IDL_END$
00011374   SYS$config
00011378   TSK_LEDTOGGLE$sts$maxfmt
00011380   TSK_LEDTOGGLE$sts$sumfmt
00011384   TRC_cinit
00011388   TRC_R_mask
00011388   TSK_LEDTOGGLE$sts$avgfmt
00011388   _TRC_R_mask
0001138c   GBL_initdone
00011390   CLK_A_TABBEG
00011390   PRD_clock
00011390   _PRD_clock
00011392   IDL_busyObj$maxfmt
00011394   CLK_null
00011395   IDL_busyObj$sumfmt
00011398   IDL_busyObj$avgfmt
00036ee8   CLK_LTIMEMULT
00036ee8   GBL_FREQ
01940000   CLK_REGS
01940000   _CLK_REGS
082039a3   HWI_INTRMULTHIGH
250718a4   HWI_INTRMULTLOW
80000000   SDRAM$B
80000000   _SDRAM_base
80008000   _Buffer_in_ping
800083e8   _Buffer_in_pong
800087d0   _Buffer_out_ping
80008bb8   _Buffer_out_pong
80008fa0   _Ringbuffer_out
8000b6cc   _Ringbuffer_in
8000ddf8   _BSPLinkBuffer_in_ping
8000e1e0   _BSPLinkBuffer_in_pong
8000e5c8   _BSPLinkBuffer_out_ping
8000e9b0   _BSPLinkBuffer_out_pong
8000ed98   _MySound
ffffffff   HST_DSMBUFSEG
ffffffff   IRAM
ffffffff   RTDX_DATAMEMSEG
ffffffff   _IRAM
ffffffff   ___TI_pprof_out_hndl
ffffffff   ___TI_prof_data_size
ffffffff   ___TI_prof_data_start
ffffffff   ___binit__
ffffffff   ___c_args__
ffffffff   binit

[974 symbols]
