<?xml version="1.0"?>
<link_info>
   <banner>TMS320C6x Linker PC v7.4.14</banner>
   <copyright>Copyright (c) 1996-2015 Texas Instruments Incorporated</copyright>
   <link_time>0x5762d805</link_time>
   <output_file>my_dsp_project.out</output_file>
   <entry_point>
      <name>_c_int00</name>
      <address>0x2aba0</address>
   </entry_point>
   <input_file_list>
      <input_file id="fl-2">
         <path>.\</path>
         <kind>object</kind>
         <file>config_AIC23.obj</file>
         <name>config_AIC23.obj</name>
      </input_file>
      <input_file id="fl-3">
         <path>.\</path>
         <kind>object</kind>
         <file>config_BSPLink.obj</file>
         <name>config_BSPLink.obj</name>
      </input_file>
      <input_file id="fl-4">
         <path>.\</path>
         <kind>object</kind>
         <file>my_dsp_projectcfg.obj</file>
         <name>my_dsp_projectcfg.obj</name>
      </input_file>
      <input_file id="fl-5">
         <path>.\</path>
         <kind>object</kind>
         <file>my_dsp_projectcfg_c.obj</file>
         <name>my_dsp_projectcfg_c.obj</name>
      </input_file>
      <input_file id="fl-6">
         <path>.\</path>
         <kind>object</kind>
         <file>skeleton.obj</file>
         <name>skeleton.obj</name>
      </input_file>
      <input_file id="fl-8c">
         <path>C:\ti\bios_5_42_01_09\packages\ti\bios\lib\</path>
         <kind>archive</kind>
         <file>biosC6000.a67</file>
         <name>clk_htime.o67</name>
      </input_file>
      <input_file id="fl-8d">
         <path>C:\ti\bios_5_42_01_09\packages\ti\bios\lib\</path>
         <kind>archive</kind>
         <file>bios.a67</file>
         <name>biosdata.o67</name>
      </input_file>
      <input_file id="fl-8e">
         <path>C:\ti\bios_5_42_01_09\packages\ti\bios\lib\</path>
         <kind>archive</kind>
         <file>bios.a67</file>
         <name>hwi_disp_asm.o67</name>
      </input_file>
      <input_file id="fl-8f">
         <path>C:\ti\bios_5_42_01_09\packages\ti\bios\lib\</path>
         <kind>archive</kind>
         <file>bios.a67</file>
         <name>idl_stub.o67</name>
      </input_file>
      <input_file id="fl-90">
         <path>C:\ti\bios_5_42_01_09\packages\ti\bios\lib\</path>
         <kind>archive</kind>
         <file>lnkrtdx.a67</file>
         <name>rtdx.o67</name>
      </input_file>
      <input_file id="fl-91">
         <path>C:\ti\bios_5_42_01_09\packages\ti\bios\lib\</path>
         <kind>archive</kind>
         <file>bios.a67</file>
         <name>swi.o67</name>
      </input_file>
      <input_file id="fl-92">
         <path>C:\ti\bios_5_42_01_09\packages\ti\bios\lib\</path>
         <kind>archive</kind>
         <file>bios.a67</file>
         <name>fxn_c.o67</name>
      </input_file>
      <input_file id="fl-93">
         <path>C:\ti\bios_5_42_01_09\packages\ti\bios\lib\</path>
         <kind>archive</kind>
         <file>bios.a67</file>
         <name>gbl_cslpllinit62.o67</name>
      </input_file>
      <input_file id="fl-94">
         <path>C:\ti\bios_5_42_01_09\packages\ti\bios\lib\</path>
         <kind>archive</kind>
         <file>bios.a67</file>
         <name>knl_tick.o67</name>
      </input_file>
      <input_file id="fl-95">
         <path>C:\ti\bios_5_42_01_09\packages\ti\bios\lib\</path>
         <kind>archive</kind>
         <file>bios.a67</file>
         <name>utl_doab.o67</name>
      </input_file>
      <input_file id="fl-96">
         <path>C:\ti\bios_5_42_01_09\packages\ti\bios\lib\</path>
         <kind>archive</kind>
         <file>bios.a67</file>
         <name>utl_doer.o67</name>
      </input_file>
      <input_file id="fl-97">
         <path>C:\ti\bios_5_42_01_09\packages\ti\bios\lib\</path>
         <kind>archive</kind>
         <file>bios.a67</file>
         <name>utl_putc.o67</name>
      </input_file>
      <input_file id="fl-98">
         <path>C:\ti\bios_5_42_01_09\packages\ti\bios\lib\</path>
         <kind>archive</kind>
         <file>bios.a67</file>
         <name>utl_halt.o67</name>
      </input_file>
      <input_file id="fl-99">
         <path>C:\ti\bios_5_42_01_09\packages\ti\bios\lib\</path>
         <kind>archive</kind>
         <file>biosC6000.a67</file>
         <name>clk.o67</name>
      </input_file>
      <input_file id="fl-9a">
         <path>C:\ti\bios_5_42_01_09\packages\ti\bios\lib\</path>
         <kind>archive</kind>
         <file>bios.a67</file>
         <name>fxn.o67</name>
      </input_file>
      <input_file id="fl-9b">
         <path>C:\ti\bios_5_42_01_09\packages\ti\bios\lib\</path>
         <kind>archive</kind>
         <file>bios.a67</file>
         <name>boot.o67</name>
      </input_file>
      <input_file id="fl-9c">
         <path>C:\ti\bios_5_42_01_09\packages\ti\bios\lib\</path>
         <kind>archive</kind>
         <file>bios.a67</file>
         <name>trc.o67</name>
      </input_file>
      <input_file id="fl-9d">
         <path>C:\ti\bios_5_42_01_09\packages\ti\bios\lib\</path>
         <kind>archive</kind>
         <file>bios.a67</file>
         <name>hwi.o67</name>
      </input_file>
      <input_file id="fl-9e">
         <path>C:\ti\bios_5_42_01_09\packages\ti\bios\lib\</path>
         <kind>archive</kind>
         <file>bios.a67</file>
         <name>idl_busy.o67</name>
      </input_file>
      <input_file id="fl-9f">
         <path>C:\ti\bios_5_42_01_09\packages\ti\bios\lib\</path>
         <kind>archive</kind>
         <file>biosC6000.a67</file>
         <name>idl_cal.o67</name>
      </input_file>
      <input_file id="fl-a0">
         <path>C:\ti\bios_5_42_01_09\packages\ti\bios\lib\</path>
         <kind>archive</kind>
         <file>bios.a67</file>
         <name>idl.o67</name>
      </input_file>
      <input_file id="fl-a1">
         <path>C:\ti\bios_5_42_01_09\packages\ti\bios\lib\</path>
         <kind>archive</kind>
         <file>bios.a67</file>
         <name>knl_swit.o67</name>
      </input_file>
      <input_file id="fl-a2">
         <path>C:\ti\bios_5_42_01_09\packages\ti\bios\lib\</path>
         <kind>archive</kind>
         <file>bios.a67</file>
         <name>log.o67</name>
      </input_file>
      <input_file id="fl-a3">
         <path>C:\ti\bios_5_42_01_09\packages\ti\bios\lib\</path>
         <kind>archive</kind>
         <file>bios.a67</file>
         <name>pip.o67</name>
      </input_file>
      <input_file id="fl-a4">
         <path>C:\ti\bios_5_42_01_09\packages\ti\bios\lib\</path>
         <kind>archive</kind>
         <file>bios.a67</file>
         <name>prd.o67</name>
      </input_file>
      <input_file id="fl-a5">
         <path>C:\ti\bios_5_42_01_09\packages\ti\bios\lib\</path>
         <kind>archive</kind>
         <file>bios.a67</file>
         <name>rta.o67</name>
      </input_file>
      <input_file id="fl-a6">
         <path>C:\ti\bios_5_42_01_09\packages\ti\bios\lib\</path>
         <kind>archive</kind>
         <file>bios.a67</file>
         <name>rta_andn.o67</name>
      </input_file>
      <input_file id="fl-a7">
         <path>C:\ti\bios_5_42_01_09\packages\ti\bios\lib\</path>
         <kind>archive</kind>
         <file>bios.a67</file>
         <name>sts.o67</name>
      </input_file>
      <input_file id="fl-a8">
         <path>C:\ti\bios_5_42_01_09\packages\ti\bios\lib\</path>
         <kind>archive</kind>
         <file>bios.a67</file>
         <name>clk_data.o67</name>
      </input_file>
      <input_file id="fl-a9">
         <path>C:\ti\bios_5_42_01_09\packages\ti\bios\lib\</path>
         <kind>archive</kind>
         <file>bios.a67</file>
         <name>clk_data2.o67</name>
      </input_file>
      <input_file id="fl-aa">
         <path>C:\ti\bios_5_42_01_09\packages\ti\bios\lib\</path>
         <kind>archive</kind>
         <file>biosC6000.a67</file>
         <name>clk_meas.o67</name>
      </input_file>
      <input_file id="fl-ab">
         <path>C:\ti\bios_5_42_01_09\packages\ti\bios\lib\</path>
         <kind>archive</kind>
         <file>biosC6000.a67</file>
         <name>clk_start.o67</name>
      </input_file>
      <input_file id="fl-ac">
         <path>C:\ti\bios_5_42_01_09\packages\ti\bios\lib\</path>
         <kind>archive</kind>
         <file>biosC6000.a67</file>
         <name>clk_stop.o67</name>
      </input_file>
      <input_file id="fl-ad">
         <path>C:\ti\C6xCSL\lib_3x\</path>
         <kind>archive</kind>
         <file>csl6713.lib</file>
         <name>csl.obj</name>
      </input_file>
      <input_file id="fl-ae">
         <path>C:\ti\DSK6713\c6000\dsk6713\lib\</path>
         <kind>archive</kind>
         <file>dsk6713bsl.lib</file>
         <name>dsk6713_dip.obj</name>
      </input_file>
      <input_file id="fl-af">
         <path>C:\ti\DSK6713\c6000\dsk6713\lib\</path>
         <kind>archive</kind>
         <file>dsk6713bsl.lib</file>
         <name>dsk6713_led.obj</name>
      </input_file>
      <input_file id="fl-b0">
         <path>C:\ti\DSK6713\c6000\dsk6713\lib\</path>
         <kind>archive</kind>
         <file>dsk6713bsl.lib</file>
         <name>dsk6713.obj</name>
      </input_file>
      <input_file id="fl-b1">
         <path>C:\ti\C6xCSL\lib_3x\</path>
         <kind>archive</kind>
         <file>csl6713.lib</file>
         <name>csl_edma.obj</name>
      </input_file>
      <input_file id="fl-b2">
         <path>C:\ti\bios_5_42_01_09\packages\ti\bios\lib\</path>
         <kind>archive</kind>
         <file>bios.a67</file>
         <name>gbl_cslcacheinit.o67</name>
      </input_file>
      <input_file id="fl-b3">
         <path>C:\ti\bios_5_42_01_09\packages\ti\bios\lib\</path>
         <kind>archive</kind>
         <file>bios.a67</file>
         <name>gbl_vers.o67</name>
      </input_file>
      <input_file id="fl-b4">
         <path>C:\ti\bios_5_42_01_09\packages\ti\bios\lib\</path>
         <kind>archive</kind>
         <file>bios.a67</file>
         <name>hwi_c.o67</name>
      </input_file>
      <input_file id="fl-b5">
         <path>C:\ti\C6xCSL\lib_3x\</path>
         <kind>archive</kind>
         <file>csl6713.lib</file>
         <name>csl_irq.obj</name>
      </input_file>
      <input_file id="fl-b6">
         <path>C:\ti\bios_5_42_01_09\packages\ti\bios\lib\</path>
         <kind>archive</kind>
         <file>bios.a67</file>
         <name>knl.o67</name>
      </input_file>
      <input_file id="fl-b7">
         <path>C:\ti\bios_5_42_01_09\packages\ti\bios\lib\</path>
         <kind>archive</kind>
         <file>bios.a67</file>
         <name>knl_exit.o67</name>
      </input_file>
      <input_file id="fl-b8">
         <path>C:\ti\bios_5_42_01_09\packages\ti\bios\lib\</path>
         <kind>archive</kind>
         <file>bios.a67</file>
         <name>knl_chec.o67</name>
      </input_file>
      <input_file id="fl-b9">
         <path>C:\ti\bios_5_42_01_09\packages\ti\bios\lib\</path>
         <kind>archive</kind>
         <file>bios.a67</file>
         <name>knl_post.o67</name>
      </input_file>
      <input_file id="fl-ba">
         <path>C:\ti\bios_5_42_01_09\packages\ti\bios\lib\</path>
         <kind>archive</kind>
         <file>bios.a67</file>
         <name>knl_ipos.o67</name>
      </input_file>
      <input_file id="fl-bb">
         <path>C:\ti\bios_5_42_01_09\packages\ti\bios\lib\</path>
         <kind>archive</kind>
         <file>bios.a67</file>
         <name>knl_run.o67</name>
      </input_file>
      <input_file id="fl-bc">
         <path>C:\ti\C6xCSL\lib_3x\</path>
         <kind>archive</kind>
         <file>csl6713.lib</file>
         <name>csl_mcbsp.obj</name>
      </input_file>
      <input_file id="fl-bd">
         <path>C:\ti\bios_5_42_01_09\packages\ti\bios\lib\</path>
         <kind>archive</kind>
         <file>bios.a67</file>
         <name>mem_asm.o67</name>
      </input_file>
      <input_file id="fl-be">
         <path>C:\ti\bios_5_42_01_09\packages\ti\bios\lib\</path>
         <kind>archive</kind>
         <file>bios.a67</file>
         <name>mem_init.o67</name>
      </input_file>
      <input_file id="fl-bf">
         <path>C:\ti\bios_5_42_01_09\packages\ti\bios\lib\</path>
         <kind>archive</kind>
         <file>bios.a67</file>
         <name>obj_init.o67</name>
      </input_file>
      <input_file id="fl-c0">
         <path>C:\ti\bios_5_42_01_09\packages\ti\rtdx\lib\c6000\</path>
         <kind>archive</kind>
         <file>rtdx.lib</file>
         <name>buffer2.o62</name>
      </input_file>
      <input_file id="fl-c1">
         <path>C:\ti\bios_5_42_01_09\packages\ti\rtdx\lib\c6000\</path>
         <kind>archive</kind>
         <file>rtdx.lib</file>
         <name>buffer1.o62</name>
      </input_file>
      <input_file id="fl-c2">
         <path>C:\ti\bios_5_42_01_09\packages\ti\rtdx\lib\c6000\</path>
         <kind>archive</kind>
         <file>rtdx.lib</file>
         <name>intr_tgt.o62</name>
      </input_file>
      <input_file id="fl-c3">
         <path>C:\ti\bios_5_42_01_09\packages\ti\rtdx\lib\c6000\</path>
         <kind>archive</kind>
         <file>rtdx.lib</file>
         <name>rtdx_mon.o62</name>
      </input_file>
      <input_file id="fl-c4">
         <path>C:\ti\bios_5_42_01_09\packages\ti\bios\lib\</path>
         <kind>archive</kind>
         <file>bios.a67</file>
         <name>sem_pend_binary.o67</name>
      </input_file>
      <input_file id="fl-c5">
         <path>C:\ti\bios_5_42_01_09\packages\ti\bios\lib\</path>
         <kind>archive</kind>
         <file>bios.a67</file>
         <name>sem_pend.o67</name>
      </input_file>
      <input_file id="fl-c6">
         <path>C:\ti\bios_5_42_01_09\packages\ti\bios\lib\</path>
         <kind>archive</kind>
         <file>bios.a67</file>
         <name>sem_post_asm.o67</name>
      </input_file>
      <input_file id="fl-c7">
         <path>C:\ti\bios_5_42_01_09\packages\ti\bios\lib\</path>
         <kind>archive</kind>
         <file>bios.a67</file>
         <name>sem_post.o67</name>
      </input_file>
      <input_file id="fl-c8">
         <path>C:\ti\bios_5_42_01_09\packages\ti\bios\lib\</path>
         <kind>archive</kind>
         <file>bios.a67</file>
         <name>sts_set.o67</name>
      </input_file>
      <input_file id="fl-c9">
         <path>C:\ti\bios_5_42_01_09\packages\ti\bios\lib\</path>
         <kind>archive</kind>
         <file>bios.a67</file>
         <name>swi_disable.o67</name>
      </input_file>
      <input_file id="fl-ca">
         <path>C:\ti\C6xCSL\lib_3x\</path>
         <kind>archive</kind>
         <file>csl6713.lib</file>
         <name>csl_timer.obj</name>
      </input_file>
      <input_file id="fl-cb">
         <path>C:\ti\bios_5_42_01_09\packages\ti\bios\lib\</path>
         <kind>archive</kind>
         <file>bios.a67</file>
         <name>tsk.o67</name>
      </input_file>
      <input_file id="fl-cc">
         <path>C:\ti\bios_5_42_01_09\packages\ti\bios\lib\</path>
         <kind>archive</kind>
         <file>bios.a67</file>
         <name>tsk_exit.o67</name>
      </input_file>
      <input_file id="fl-cd">
         <path>C:\ti\bios_5_42_01_09\packages\ti\bios\lib\</path>
         <kind>archive</kind>
         <file>bios.a67</file>
         <name>sys_exit.o67</name>
      </input_file>
      <input_file id="fl-ce">
         <path>C:\ti\bios_5_42_01_09\packages\ti\bios\lib\</path>
         <kind>archive</kind>
         <file>bios.a67</file>
         <name>sys.o67</name>
      </input_file>
      <input_file id="fl-cf">
         <path>C:\ti\bios_5_42_01_09\packages\ti\bios\lib\</path>
         <kind>archive</kind>
         <file>bios.a67</file>
         <name>tsk_init.o67</name>
      </input_file>
      <input_file id="fl-d0">
         <path>C:\ti\bios_5_42_01_09\packages\ti\bios\lib\</path>
         <kind>archive</kind>
         <file>bios.a67</file>
         <name>tsk_setu.o67</name>
      </input_file>
      <input_file id="fl-d1">
         <path>C:\ti\bios_5_42_01_09\packages\ti\bios\lib\</path>
         <kind>archive</kind>
         <file>bios.a67</file>
         <name>tsk_stup.o67</name>
      </input_file>
      <input_file id="fl-d2">
         <path>C:\ti\bios_5_42_01_09\packages\ti\bios\lib\</path>
         <kind>archive</kind>
         <file>bios.a67</file>
         <name>lck.o67</name>
      </input_file>
      <input_file id="fl-d3">
         <path>C:\ti\bios_5_42_01_09\packages\ti\bios\lib\</path>
         <kind>archive</kind>
         <file>bios.a67</file>
         <name>sem_pend_counting.o67</name>
      </input_file>
      <input_file id="fl-d4">
         <path>C:\ti\bios_5_42_01_09\packages\ti\bios\lib\</path>
         <kind>archive</kind>
         <file>bios.a67</file>
         <name>sys_abor.o67</name>
      </input_file>
      <input_file id="fl-d5">
         <path>C:\ti\bios_5_42_01_09\packages\ti\bios\lib\</path>
         <kind>archive</kind>
         <file>bios.a67</file>
         <name>gbl_setL2CacheMode.o67</name>
      </input_file>
      <input_file id="fl-d6">
         <path>C:\ti\bios_5_42_01_09\packages\ti\bios\lib\</path>
         <kind>archive</kind>
         <file>bios.a67</file>
         <name>sem_dopo.o67</name>
      </input_file>
      <input_file id="fl-d7">
         <path>C:\ti\bios_5_42_01_09\packages\ti\bios\lib\</path>
         <kind>archive</kind>
         <file>bios.a67</file>
         <name>autoinit.o67</name>
      </input_file>
      <input_file id="fl-d8">
         <path>C:\ti\ccsv6\tools\compiler\c6000_7.4.14\lib\</path>
         <kind>archive</kind>
         <file>rts6700.lib</file>
         <name>divf.obj</name>
      </input_file>
      <input_file id="fl-d9">
         <path>C:\ti\ccsv6\tools\compiler\c6000_7.4.14\lib\</path>
         <kind>archive</kind>
         <file>rts6700.lib</file>
         <name>fltlif.obj</name>
      </input_file>
      <input_file id="fl-da">
         <path>C:\ti\ccsv6\tools\compiler\c6000_7.4.14\lib\</path>
         <kind>archive</kind>
         <file>rts6700.lib</file>
         <name>fltulf.obj</name>
      </input_file>
      <input_file id="fl-db">
         <path>C:\ti\ccsv6\tools\compiler\c6000_7.4.14\lib\</path>
         <kind>archive</kind>
         <file>rts6700.lib</file>
         <name>_lock.obj</name>
      </input_file>
      <input_file id="fl-dc">
         <path>C:\ti\ccsv6\tools\compiler\c6000_7.4.14\lib\</path>
         <kind>archive</kind>
         <file>rts6700.lib</file>
         <name>strasg.obj</name>
      </input_file>
      <input_file id="fl-dd">
         <path>C:\ti\ccsv6\tools\compiler\c6000_7.4.14\lib\</path>
         <kind>archive</kind>
         <file>rts6700.lib</file>
         <name>atexit.obj</name>
      </input_file>
      <input_file id="fl-de">
         <path>C:\ti\ccsv6\tools\compiler\c6000_7.4.14\lib\</path>
         <kind>archive</kind>
         <file>rts6700.lib</file>
         <name>sinit.obj</name>
      </input_file>
      <input_file id="fl-df">
         <path>C:\ti\ccsv6\tools\compiler\c6000_7.4.14\lib\</path>
         <kind>archive</kind>
         <file>rts6700.lib</file>
         <name>exit.obj</name>
      </input_file>
      <input_file id="fl-e0">
         <path>C:\ti\ccsv6\tools\compiler\c6000_7.4.14\lib\</path>
         <kind>archive</kind>
         <file>rts6700.lib</file>
         <name>memcpy62.obj</name>
      </input_file>
      <input_file id="fl-e1">
         <path>C:\ti\ccsv6\tools\compiler\c6000_7.4.14\lib\</path>
         <kind>archive</kind>
         <file>rts6700.lib</file>
         <name>memset.obj</name>
      </input_file>
   </input_file_list>
   <object_component_list>
      <object_component id="oc-5a">
         <name>.datenpuffer</name>
         <uninitialized>true</uninitialized>
         <run_address>0x151f0</run_address>
         <size>0x1130</size>
         <input_file_ref idref="fl-3"/>
      </object_component>
      <object_component id="oc-81">
         <name>.datenpuffer</name>
         <uninitialized>true</uninitialized>
         <run_address>0x200</run_address>
         <size>0x14ff0</size>
         <input_file_ref idref="fl-6"/>
      </object_component>
      <object_component id="oc-80">
         <name>.sounds</name>
         <uninitialized>true</uninitialized>
         <run_address>0x80008000</run_address>
         <size>0x4c4</size>
         <input_file_ref idref="fl-6"/>
      </object_component>
      <object_component id="oc-77">
         <name>.vers</name>
         <load_address>0x0</load_address>
         <run_address>0x0</run_address>
         <size>0x44</size>
         <input_file_ref idref="fl-4"/>
      </object_component>
      <object_component id="oc-64">
         <name>.clk</name>
         <uninitialized>true</uninitialized>
         <run_address>0x2c1f8</run_address>
         <size>0x8</size>
         <input_file_ref idref="fl-4"/>
      </object_component>
      <object_component id="oc-65">
         <name>.prd</name>
         <uninitialized>true</uninitialized>
         <run_address>0x2c794</run_address>
         <size>0x20</size>
         <input_file_ref idref="fl-4"/>
      </object_component>
      <object_component id="oc-9">
         <name>HWI_A_VECS</name>
         <load_address>0x0</load_address>
         <run_address>0x0</run_address>
         <size>0x0</size>
      </object_component>
      <object_component id="oc-6c">
         <name>.hwi_vec</name>
         <load_address>0x0</load_address>
         <run_address>0x0</run_address>
         <size>0x200</size>
         <input_file_ref idref="fl-4"/>
      </object_component>
      <object_component id="oc-6d">
         <name>.swi</name>
         <uninitialized>true</uninitialized>
         <run_address>0x2bd50</run_address>
         <size>0x210</size>
         <input_file_ref idref="fl-4"/>
      </object_component>
      <object_component id="oc-6e">
         <name>.tsk</name>
         <uninitialized>true</uninitialized>
         <run_address>0x2c5c8</run_address>
         <size>0xc0</size>
         <input_file_ref idref="fl-4"/>
      </object_component>
      <object_component id="oc-72">
         <name>.idl</name>
         <uninitialized>true</uninitialized>
         <run_address>0x2c7b4</run_address>
         <size>0x10</size>
         <input_file_ref idref="fl-4"/>
      </object_component>
      <object_component id="oc-71">
         <name>.idlcal</name>
         <uninitialized>true</uninitialized>
         <run_address>0x2c7c4</run_address>
         <size>0x10</size>
         <input_file_ref idref="fl-4"/>
      </object_component>
      <object_component id="oc-4a">
         <name>.bss</name>
         <uninitialized>true</uninitialized>
         <run_address>0x2b4b8</run_address>
         <size>0x28</size>
         <input_file_ref idref="fl-4"/>
      </object_component>
      <object_component id="oc-50">
         <name>.bss</name>
         <uninitialized>true</uninitialized>
         <run_address>0x2b54c</run_address>
         <size>0x4</size>
         <input_file_ref idref="fl-2"/>
      </object_component>
      <object_component id="oc-57">
         <name>.bss</name>
         <uninitialized>true</uninitialized>
         <run_address>0x2b48c</run_address>
         <size>0x2c</size>
         <input_file_ref idref="fl-3"/>
      </object_component>
      <object_component id="oc-7d">
         <name>.bss</name>
         <uninitialized>true</uninitialized>
         <run_address>0x2b3b4</run_address>
         <size>0x90</size>
         <input_file_ref idref="fl-6"/>
      </object_component>
      <object_component id="oc-89">
         <name>.bss</name>
         <uninitialized>true</uninitialized>
         <run_address>0x2b24c</run_address>
         <size>0xcc</size>
         <input_file_ref idref="fl-8d"/>
      </object_component>
      <object_component id="oc-8b">
         <name>.bss</name>
         <uninitialized>true</uninitialized>
         <run_address>0x2b14c</run_address>
         <size>0x100</size>
         <input_file_ref idref="fl-8e"/>
      </object_component>
      <object_component id="oc-92">
         <name>.bss</name>
         <uninitialized>true</uninitialized>
         <run_address>0x2b4f8</run_address>
         <size>0x18</size>
         <input_file_ref idref="fl-90"/>
      </object_component>
      <object_component id="oc-98">
         <name>.bss</name>
         <uninitialized>true</uninitialized>
         <run_address>0x2b318</run_address>
         <size>0x9c</size>
         <input_file_ref idref="fl-91"/>
      </object_component>
      <object_component id="oc-c6">
         <name>.bss</name>
         <uninitialized>true</uninitialized>
         <run_address>0x2b4e0</run_address>
         <size>0x18</size>
         <input_file_ref idref="fl-9d"/>
      </object_component>
      <object_component id="oc-c8">
         <name>.bss</name>
         <uninitialized>true</uninitialized>
         <run_address>0x2b544</run_address>
         <size>0x4</size>
         <input_file_ref idref="fl-9e"/>
      </object_component>
      <object_component id="oc-f4">
         <name>.bss</name>
         <uninitialized>true</uninitialized>
         <run_address>0x2b52c</run_address>
         <size>0x8</size>
         <input_file_ref idref="fl-a8"/>
      </object_component>
      <object_component id="oc-f7">
         <name>.bss</name>
         <uninitialized>true</uninitialized>
         <run_address>0x2b53c</run_address>
         <size>0x4</size>
         <input_file_ref idref="fl-a9"/>
      </object_component>
      <object_component id="oc-131">
         <name>.bss</name>
         <uninitialized>true</uninitialized>
         <run_address>0x2b444</run_address>
         <size>0x48</size>
         <input_file_ref idref="fl-b6"/>
      </object_component>
      <object_component id="oc-14f">
         <name>.bss</name>
         <uninitialized>true</uninitialized>
         <run_address>0x2b548</run_address>
         <size>0x4</size>
         <input_file_ref idref="fl-bd"/>
      </object_component>
      <object_component id="oc-15d">
         <name>.bss</name>
         <uninitialized>true</uninitialized>
         <run_address>0x2b510</run_address>
         <size>0x10</size>
         <input_file_ref idref="fl-c1"/>
      </object_component>
      <object_component id="oc-18a">
         <name>.bss</name>
         <uninitialized>true</uninitialized>
         <run_address>0x2b520</run_address>
         <size>0xc</size>
         <input_file_ref idref="fl-cb"/>
      </object_component>
      <object_component id="oc-198">
         <name>.bss</name>
         <uninitialized>true</uninitialized>
         <run_address>0x2b534</run_address>
         <size>0x8</size>
         <input_file_ref idref="fl-ce"/>
      </object_component>
      <object_component id="oc-1b9">
         <name>.bss</name>
         <uninitialized>true</uninitialized>
         <run_address>0x2b540</run_address>
         <size>0x4</size>
         <input_file_ref idref="fl-d5"/>
      </object_component>
      <object_component id="oc-53">
         <name>.far</name>
         <uninitialized>true</uninitialized>
         <run_address>0x27a58</run_address>
         <size>0x34</size>
         <input_file_ref idref="fl-2"/>
      </object_component>
      <object_component id="oc-5b">
         <name>.far</name>
         <uninitialized>true</uninitialized>
         <run_address>0x279d0</run_address>
         <size>0x50</size>
         <input_file_ref idref="fl-3"/>
      </object_component>
      <object_component id="oc-82">
         <name>.far</name>
         <uninitialized>true</uninitialized>
         <run_address>0x23de0</run_address>
         <size>0x3748</size>
         <input_file_ref idref="fl-6"/>
      </object_component>
      <object_component id="oc-a5">
         <name>.far</name>
         <uninitialized>true</uninitialized>
         <run_address>0x27af8</run_address>
         <size>0x10</size>
         <input_file_ref idref="fl-94"/>
      </object_component>
      <object_component id="oc-b2">
         <name>.far</name>
         <uninitialized>true</uninitialized>
         <run_address>0x27b08</run_address>
         <size>0xc</size>
         <input_file_ref idref="fl-97"/>
      </object_component>
      <object_component id="oc-107">
         <name>.far</name>
         <uninitialized>true</uninitialized>
         <run_address>0x27a8c</run_address>
         <size>0x28</size>
         <input_file_ref idref="fl-ad"/>
      </object_component>
      <object_component id="oc-110">
         <name>.far</name>
         <uninitialized>true</uninitialized>
         <run_address>0x27b2e</run_address>
         <size>0x2</size>
         <input_file_ref idref="fl-af"/>
      </object_component>
      <object_component id="oc-115">
         <name>.far</name>
         <uninitialized>true</uninitialized>
         <run_address>0x27b2c</run_address>
         <size>0x2</size>
         <input_file_ref idref="fl-b0"/>
      </object_component>
      <object_component id="oc-11b">
         <name>.far</name>
         <uninitialized>true</uninitialized>
         <run_address>0x2792c</run_address>
         <size>0x54</size>
         <input_file_ref idref="fl-b1"/>
      </object_component>
      <object_component id="oc-12d">
         <name>.far</name>
         <uninitialized>true</uninitialized>
         <run_address>0x276b0</run_address>
         <size>0xf4</size>
         <input_file_ref idref="fl-b5"/>
      </object_component>
      <object_component id="oc-134">
         <name>.far</name>
         <uninitialized>true</uninitialized>
         <run_address>0x277a4</run_address>
         <size>0xd8</size>
         <input_file_ref idref="fl-b6"/>
      </object_component>
      <object_component id="oc-14b">
         <name>.far</name>
         <uninitialized>true</uninitialized>
         <run_address>0x27a20</run_address>
         <size>0x38</size>
         <input_file_ref idref="fl-bc"/>
      </object_component>
      <object_component id="oc-156">
         <name>.far</name>
         <uninitialized>true</uninitialized>
         <run_address>0x278d8</run_address>
         <size>0x54</size>
         <input_file_ref idref="fl-bf"/>
      </object_component>
      <object_component id="oc-186">
         <name>.far</name>
         <uninitialized>true</uninitialized>
         <run_address>0x27ab4</run_address>
         <size>0x24</size>
         <input_file_ref idref="fl-ca"/>
      </object_component>
      <object_component id="oc-18d">
         <name>.far</name>
         <uninitialized>true</uninitialized>
         <run_address>0x2787c</run_address>
         <size>0x5c</size>
         <input_file_ref idref="fl-cb"/>
      </object_component>
      <object_component id="oc-19b">
         <name>.far</name>
         <uninitialized>true</uninitialized>
         <run_address>0x27ad8</run_address>
         <size>0x20</size>
         <input_file_ref idref="fl-ce"/>
      </object_component>
      <object_component id="oc-1a8">
         <name>.far</name>
         <uninitialized>true</uninitialized>
         <run_address>0x27980</run_address>
         <size>0x50</size>
         <input_file_ref idref="fl-d1"/>
      </object_component>
      <object_component id="oc-1d2">
         <name>.far</name>
         <uninitialized>true</uninitialized>
         <run_address>0x27b20</run_address>
         <size>0x8</size>
         <input_file_ref idref="fl-db"/>
      </object_component>
      <object_component id="oc-1da">
         <name>.far</name>
         <uninitialized>true</uninitialized>
         <run_address>0x27528</run_address>
         <size>0x188</size>
         <input_file_ref idref="fl-dd"/>
      </object_component>
      <object_component id="oc-1df">
         <name>.far</name>
         <uninitialized>true</uninitialized>
         <run_address>0x27b28</run_address>
         <size>0x4</size>
         <input_file_ref idref="fl-de"/>
      </object_component>
      <object_component id="oc-1e4">
         <name>.far</name>
         <uninitialized>true</uninitialized>
         <run_address>0x27b14</run_address>
         <size>0xc</size>
         <input_file_ref idref="fl-df"/>
      </object_component>
      <object_component id="oc-75">
         <name>.sem</name>
         <uninitialized>true</uninitialized>
         <run_address>0x2c740</run_address>
         <size>0x2c</size>
         <input_file_ref idref="fl-4"/>
      </object_component>
      <object_component id="oc-60">
         <name>.mem</name>
         <uninitialized>true</uninitialized>
         <run_address>0x2c7fc</run_address>
         <size>0x4</size>
         <input_file_ref idref="fl-4"/>
      </object_component>
      <object_component id="oc-94">
         <name>.bios</name>
         <load_address>0x1bb60</load_address>
         <run_address>0x1bb60</run_address>
         <size>0x600</size>
         <input_file_ref idref="fl-90"/>
      </object_component>
      <object_component id="oc-1bc">
         <name>.bios</name>
         <load_address>0x1c160</load_address>
         <run_address>0x1c160</run_address>
         <size>0x5e0</size>
         <input_file_ref idref="fl-d5"/>
      </object_component>
      <object_component id="oc-47">
         <name>.bios</name>
         <load_address>0x1c740</load_address>
         <run_address>0x1c740</run_address>
         <size>0x540</size>
         <input_file_ref idref="fl-91"/>
      </object_component>
      <object_component id="oc-48">
         <name>.bios</name>
         <load_address>0x1cc80</load_address>
         <run_address>0x1cc80</run_address>
         <size>0x460</size>
         <input_file_ref idref="fl-8e"/>
      </object_component>
      <object_component id="oc-e3">
         <name>.bios</name>
         <load_address>0x1d0e0</load_address>
         <run_address>0x1d0e0</run_address>
         <size>0x3a0</size>
         <input_file_ref idref="fl-a4"/>
      </object_component>
      <object_component id="oc-147">
         <name>.bios</name>
         <load_address>0x1d480</load_address>
         <run_address>0x1d480</run_address>
         <size>0x2c0</size>
         <input_file_ref idref="fl-bb"/>
      </object_component>
      <object_component id="oc-e8">
         <name>.bios</name>
         <load_address>0x1d740</load_address>
         <run_address>0x1d740</run_address>
         <size>0x2c0</size>
         <input_file_ref idref="fl-a5"/>
      </object_component>
      <object_component id="oc-172">
         <name>.bios</name>
         <load_address>0x1da00</load_address>
         <run_address>0x1da00</run_address>
         <size>0x2c0</size>
         <input_file_ref idref="fl-c5"/>
      </object_component>
      <object_component id="oc-4c">
         <name>.bios</name>
         <load_address>0x1dcc0</load_address>
         <run_address>0x1dcc0</run_address>
         <size>0x260</size>
         <input_file_ref idref="fl-94"/>
      </object_component>
      <object_component id="oc-df">
         <name>.bios</name>
         <load_address>0x1df20</load_address>
         <run_address>0x1df20</run_address>
         <size>0x240</size>
         <input_file_ref idref="fl-a3"/>
      </object_component>
      <object_component id="oc-1c0">
         <name>.bios</name>
         <load_address>0x1e160</load_address>
         <run_address>0x1e160</run_address>
         <size>0x220</size>
         <input_file_ref idref="fl-d6"/>
      </object_component>
      <object_component id="oc-1a2">
         <name>.bios</name>
         <load_address>0x1e380</load_address>
         <run_address>0x1e380</run_address>
         <size>0x200</size>
         <input_file_ref idref="fl-d0"/>
      </object_component>
      <object_component id="oc-d7">
         <name>.bios</name>
         <load_address>0x1e580</load_address>
         <run_address>0x1e580</run_address>
         <size>0x1c0</size>
         <input_file_ref idref="fl-a1"/>
      </object_component>
      <object_component id="oc-b8">
         <name>.bios</name>
         <load_address>0x1e740</load_address>
         <run_address>0x1e740</run_address>
         <size>0x1c0</size>
         <input_file_ref idref="fl-99"/>
      </object_component>
      <object_component id="oc-191">
         <name>.bios</name>
         <load_address>0x1e900</load_address>
         <run_address>0x1e900</run_address>
         <size>0x1a0</size>
         <input_file_ref idref="fl-cc"/>
      </object_component>
      <object_component id="oc-1c4">
         <name>.bios</name>
         <load_address>0x1eaa0</load_address>
         <run_address>0x1eaa0</run_address>
         <size>0x180</size>
         <input_file_ref idref="fl-d7"/>
      </object_component>
      <object_component id="oc-1a9">
         <name>.bios</name>
         <load_address>0x1ec20</load_address>
         <run_address>0x1ec20</run_address>
         <size>0x180</size>
         <input_file_ref idref="fl-d1"/>
      </object_component>
      <object_component id="oc-13a">
         <name>.bios</name>
         <load_address>0x1eda0</load_address>
         <run_address>0x1eda0</run_address>
         <size>0x140</size>
         <input_file_ref idref="fl-b8"/>
      </object_component>
      <object_component id="oc-120">
         <name>.bios</name>
         <load_address>0x1eee0</load_address>
         <run_address>0x1eee0</run_address>
         <size>0xe0</size>
         <input_file_ref idref="fl-b2"/>
      </object_component>
      <object_component id="oc-137">
         <name>.bios</name>
         <load_address>0x1efc0</load_address>
         <run_address>0x1efc0</run_address>
         <size>0xe0</size>
         <input_file_ref idref="fl-b7"/>
      </object_component>
      <object_component id="oc-17a">
         <name>.bios</name>
         <load_address>0x1f0a0</load_address>
         <run_address>0x1f0a0</run_address>
         <size>0xe0</size>
         <input_file_ref idref="fl-c7"/>
      </object_component>
      <object_component id="oc-175">
         <name>.bios</name>
         <load_address>0x1f180</load_address>
         <run_address>0x1f180</run_address>
         <size>0xe0</size>
         <input_file_ref idref="fl-c6"/>
      </object_component>
      <object_component id="oc-fa">
         <name>.bios</name>
         <load_address>0x1f260</load_address>
         <run_address>0x1f260</run_address>
         <size>0xe0</size>
         <input_file_ref idref="fl-aa"/>
      </object_component>
      <object_component id="oc-143">
         <name>.bios</name>
         <load_address>0x1f340</load_address>
         <run_address>0x1f340</run_address>
         <size>0xc0</size>
         <input_file_ref idref="fl-ba"/>
      </object_component>
      <object_component id="oc-13f">
         <name>.bios</name>
         <load_address>0x1f400</load_address>
         <run_address>0x1f400</run_address>
         <size>0xc0</size>
         <input_file_ref idref="fl-b9"/>
      </object_component>
      <object_component id="oc-1ae">
         <name>.bios</name>
         <load_address>0x1f4c0</load_address>
         <run_address>0x1f4c0</run_address>
         <size>0xc0</size>
         <input_file_ref idref="fl-d2"/>
      </object_component>
      <object_component id="oc-195">
         <name>.bios</name>
         <load_address>0x1f580</load_address>
         <run_address>0x1f580</run_address>
         <size>0xc0</size>
         <input_file_ref idref="fl-cd"/>
      </object_component>
      <object_component id="oc-49">
         <name>.bios</name>
         <load_address>0x1f640</load_address>
         <run_address>0x1f640</run_address>
         <size>0xc0</size>
         <input_file_ref idref="fl-8c"/>
      </object_component>
      <object_component id="oc-bc">
         <name>.bios</name>
         <load_address>0x1f700</load_address>
         <run_address>0x1f700</run_address>
         <size>0x80</size>
         <input_file_ref idref="fl-9a"/>
      </object_component>
      <object_component id="oc-ca">
         <name>.bios</name>
         <load_address>0x1f780</load_address>
         <run_address>0x1f780</run_address>
         <size>0x80</size>
         <input_file_ref idref="fl-9e"/>
      </object_component>
      <object_component id="oc-db">
         <name>.bios</name>
         <load_address>0x1f800</load_address>
         <run_address>0x1f800</run_address>
         <size>0x80</size>
         <input_file_ref idref="fl-a2"/>
      </object_component>
      <object_component id="oc-f0">
         <name>.bios</name>
         <load_address>0x1f880</load_address>
         <run_address>0x1f880</run_address>
         <size>0x80</size>
         <input_file_ref idref="fl-a7"/>
      </object_component>
      <object_component id="oc-ce">
         <name>.bios</name>
         <load_address>0x1f900</load_address>
         <run_address>0x1f900</run_address>
         <size>0x80</size>
         <input_file_ref idref="fl-9f"/>
      </object_component>
      <object_component id="oc-127">
         <name>.bios</name>
         <load_address>0x1f980</load_address>
         <run_address>0x1f980</run_address>
         <size>0x60</size>
         <input_file_ref idref="fl-b4"/>
      </object_component>
      <object_component id="oc-16d">
         <name>.bios</name>
         <load_address>0x1f9e0</load_address>
         <run_address>0x1f9e0</run_address>
         <size>0x60</size>
         <input_file_ref idref="fl-c4"/>
      </object_component>
      <object_component id="oc-1b1">
         <name>.bios</name>
         <load_address>0x1fa40</load_address>
         <run_address>0x1fa40</run_address>
         <size>0x60</size>
         <input_file_ref idref="fl-d3"/>
      </object_component>
      <object_component id="oc-181">
         <name>.bios</name>
         <load_address>0x1faa0</load_address>
         <run_address>0x1faa0</run_address>
         <size>0x60</size>
         <input_file_ref idref="fl-c9"/>
      </object_component>
      <object_component id="oc-1b6">
         <name>.bios</name>
         <load_address>0x1fb00</load_address>
         <run_address>0x1fb00</run_address>
         <size>0x60</size>
         <input_file_ref idref="fl-d4"/>
      </object_component>
      <object_component id="oc-4b">
         <name>.bios</name>
         <load_address>0x1fb60</load_address>
         <run_address>0x1fb60</run_address>
         <size>0x60</size>
         <input_file_ref idref="fl-97"/>
      </object_component>
      <object_component id="oc-fe">
         <name>.bios</name>
         <load_address>0x1fbc0</load_address>
         <run_address>0x1fbc0</run_address>
         <size>0x60</size>
         <input_file_ref idref="fl-ab"/>
      </object_component>
      <object_component id="oc-44">
         <name>.bios</name>
         <load_address>0x1fc20</load_address>
         <run_address>0x1fc20</run_address>
         <size>0x40</size>
         <input_file_ref idref="fl-8f"/>
      </object_component>
      <object_component id="oc-ec">
         <name>.bios</name>
         <load_address>0x1fc60</load_address>
         <run_address>0x1fc60</run_address>
         <size>0x40</size>
         <input_file_ref idref="fl-a6"/>
      </object_component>
      <object_component id="oc-43">
         <name>.bios</name>
         <load_address>0x1fca0</load_address>
         <run_address>0x1fca0</run_address>
         <size>0x40</size>
         <input_file_ref idref="fl-95"/>
      </object_component>
      <object_component id="oc-102">
         <name>.bios</name>
         <load_address>0x1fce0</load_address>
         <run_address>0x1fce0</run_address>
         <size>0x40</size>
         <input_file_ref idref="fl-ac"/>
      </object_component>
      <object_component id="oc-4f">
         <name>.bios</name>
         <load_address>0x1fd20</load_address>
         <run_address>0x1fd20</run_address>
         <size>0x20</size>
         <input_file_ref idref="fl-92"/>
      </object_component>
      <object_component id="oc-123">
         <name>.bios</name>
         <load_address>0x1fd40</load_address>
         <run_address>0x1fd40</run_address>
         <size>0x20</size>
         <input_file_ref idref="fl-b3"/>
      </object_component>
      <object_component id="oc-d2">
         <name>.bios</name>
         <load_address>0x1fd60</load_address>
         <run_address>0x1fd60</run_address>
         <size>0x20</size>
         <input_file_ref idref="fl-a0"/>
      </object_component>
      <object_component id="oc-17d">
         <name>.bios</name>
         <load_address>0x1fd80</load_address>
         <run_address>0x1fd80</run_address>
         <size>0x20</size>
         <input_file_ref idref="fl-c8"/>
      </object_component>
      <object_component id="oc-4e">
         <name>.bios</name>
         <load_address>0x1fda0</load_address>
         <run_address>0x1fda0</run_address>
         <size>0x20</size>
         <input_file_ref idref="fl-96"/>
      </object_component>
      <object_component id="oc-4d">
         <name>.bios</name>
         <load_address>0x1fdc0</load_address>
         <run_address>0x1fdc0</run_address>
         <size>0x20</size>
         <input_file_ref idref="fl-98"/>
      </object_component>
      <object_component id="oc-161">
         <name>.pinit</name>
         <load_address>0x2c7e4</load_address>
         <run_address>0x2c7e4</run_address>
         <size>0x4</size>
         <input_file_ref idref="fl-c1"/>
      </object_component>
      <object_component id="oc-16a">
         <name>.pinit</name>
         <load_address>0x2c7e8</load_address>
         <run_address>0x2c7e8</run_address>
         <size>0x4</size>
         <input_file_ref idref="fl-c3"/>
      </object_component>
      <object_component id="oc-63">
         <name>.sys</name>
         <uninitialized>true</uninitialized>
         <run_address>0x2c7d4</run_address>
         <size>0x10</size>
         <input_file_ref idref="fl-4"/>
      </object_component>
      <object_component id="oc-1ed">
         <name>.text</name>
         <load_address>0x16320</load_address>
         <run_address>0x16320</run_address>
         <size>0x22c0</size>
         <input_file_ref idref="fl-6"/>
      </object_component>
      <object_component id="oc-213">
         <name>.text</name>
         <load_address>0x185e0</load_address>
         <run_address>0x185e0</run_address>
         <size>0x660</size>
         <input_file_ref idref="fl-3"/>
      </object_component>
      <object_component id="oc-114">
         <name>.text</name>
         <load_address>0x18c40</load_address>
         <run_address>0x18c40</run_address>
         <size>0x480</size>
         <input_file_ref idref="fl-b0"/>
      </object_component>
      <object_component id="oc-20f">
         <name>.text:__divf</name>
         <load_address>0x190c0</load_address>
         <run_address>0x190c0</run_address>
         <size>0x300</size>
         <input_file_ref idref="fl-d8"/>
      </object_component>
      <object_component id="oc-1ff">
         <name>.text:_EDMA_open</name>
         <load_address>0x193c0</load_address>
         <run_address>0x193c0</run_address>
         <size>0x280</size>
         <input_file_ref idref="fl-b1"/>
      </object_component>
      <object_component id="oc-1f6">
         <name>.text:_memcpy</name>
         <load_address>0x19640</load_address>
         <run_address>0x19640</run_address>
         <size>0x240</size>
         <input_file_ref idref="fl-e0"/>
      </object_component>
      <object_component id="oc-1fa">
         <name>.text</name>
         <load_address>0x19880</load_address>
         <run_address>0x19880</run_address>
         <size>0x240</size>
         <input_file_ref idref="fl-2"/>
      </object_component>
      <object_component id="oc-1f9">
         <name>.text:__CSL_init</name>
         <load_address>0x19ac0</load_address>
         <run_address>0x19ac0</run_address>
         <size>0x220</size>
         <input_file_ref idref="fl-ad"/>
      </object_component>
      <object_component id="oc-10f">
         <name>.text</name>
         <load_address>0x19ce0</load_address>
         <run_address>0x19ce0</run_address>
         <size>0x1e0</size>
         <input_file_ref idref="fl-af"/>
      </object_component>
      <object_component id="oc-209">
         <name>.text:_IRQ_map</name>
         <load_address>0x19ec0</load_address>
         <run_address>0x19ec0</run_address>
         <size>0x1c0</size>
         <input_file_ref idref="fl-b5"/>
      </object_component>
      <object_component id="oc-226">
         <name>.text:_mux2Tables</name>
         <load_address>0x1a080</load_address>
         <run_address>0x1a080</run_address>
         <size>0x1c0</size>
         <input_file_ref idref="fl-b5"/>
      </object_component>
      <object_component id="oc-200">
         <name>.text:_EDMA_allocTable</name>
         <load_address>0x1a240</load_address>
         <run_address>0x1a240</run_address>
         <size>0x1a0</size>
         <input_file_ref idref="fl-b1"/>
      </object_component>
      <object_component id="oc-21d">
         <name>.text:_MCBSP_reset</name>
         <load_address>0x1a3e0</load_address>
         <run_address>0x1a3e0</run_address>
         <size>0x1a0</size>
         <input_file_ref idref="fl-bc"/>
      </object_component>
      <object_component id="oc-45">
         <name>.text</name>
         <load_address>0x1a580</load_address>
         <run_address>0x1a580</run_address>
         <size>0x180</size>
         <input_file_ref idref="fl-93"/>
      </object_component>
      <object_component id="oc-229">
         <name>.text:_call_dtors</name>
         <load_address>0x1a700</load_address>
         <run_address>0x1a700</run_address>
         <size>0x160</size>
         <input_file_ref idref="fl-de"/>
      </object_component>
      <object_component id="oc-21e">
         <name>.text:_EDMA_reset</name>
         <load_address>0x1a860</load_address>
         <run_address>0x1a860</run_address>
         <size>0x140</size>
         <input_file_ref idref="fl-b1"/>
      </object_component>
      <object_component id="oc-21b">
         <name>.text:_TIMER_open</name>
         <load_address>0x1a9a0</load_address>
         <run_address>0x1a9a0</run_address>
         <size>0x140</size>
         <input_file_ref idref="fl-ca"/>
      </object_component>
      <object_component id="oc-227">
         <name>.text:_TIMER_reset</name>
         <load_address>0x1aae0</load_address>
         <run_address>0x1aae0</run_address>
         <size>0x120</size>
         <input_file_ref idref="fl-ca"/>
      </object_component>
      <object_component id="oc-20e">
         <name>.text:_memset</name>
         <load_address>0x1ac00</load_address>
         <run_address>0x1ac00</run_address>
         <size>0x120</size>
         <input_file_ref idref="fl-e1"/>
      </object_component>
      <object_component id="oc-202">
         <name>.text:_EDMA_intAlloc</name>
         <load_address>0x1ad20</load_address>
         <run_address>0x1ad20</run_address>
         <size>0x100</size>
         <input_file_ref idref="fl-b1"/>
      </object_component>
      <object_component id="oc-1fb">
         <name>.text:_MCBSP_open</name>
         <load_address>0x1ae20</load_address>
         <run_address>0x1ae20</run_address>
         <size>0x100</size>
         <input_file_ref idref="fl-bc"/>
      </object_component>
      <object_component id="oc-1fd">
         <name>.text:_MCBSP_start</name>
         <load_address>0x1af20</load_address>
         <run_address>0x1af20</run_address>
         <size>0x100</size>
         <input_file_ref idref="fl-bc"/>
      </object_component>
      <object_component id="oc-203">
         <name>.text:_EDMA_config</name>
         <load_address>0x1b020</load_address>
         <run_address>0x1b020</run_address>
         <size>0xe0</size>
         <input_file_ref idref="fl-b1"/>
      </object_component>
      <object_component id="oc-1f1">
         <name>.text:__strasg</name>
         <load_address>0x1b100</load_address>
         <run_address>0x1b100</run_address>
         <size>0xe0</size>
         <input_file_ref idref="fl-dc"/>
      </object_component>
      <object_component id="oc-218">
         <name>.text:_atexit</name>
         <load_address>0x1b1e0</load_address>
         <run_address>0x1b1e0</run_address>
         <size>0xe0</size>
         <input_file_ref idref="fl-dd"/>
      </object_component>
      <object_component id="oc-1a5">
         <name>.text</name>
         <load_address>0x1b2c0</load_address>
         <run_address>0x1b2c0</run_address>
         <size>0xc0</size>
         <input_file_ref idref="fl-d1"/>
      </object_component>
      <object_component id="oc-212">
         <name>.text:_MCBSP_close</name>
         <load_address>0x1b380</load_address>
         <run_address>0x1b380</run_address>
         <size>0xa0</size>
         <input_file_ref idref="fl-bc"/>
      </object_component>
      <object_component id="oc-1fc">
         <name>.text:_MCBSP_config</name>
         <load_address>0x1b420</load_address>
         <run_address>0x1b420</run_address>
         <size>0xa0</size>
         <input_file_ref idref="fl-bc"/>
      </object_component>
      <object_component id="oc-21a">
         <name>.text:__IRQ_init</name>
         <load_address>0x1b4c0</load_address>
         <run_address>0x1b4c0</run_address>
         <size>0xa0</size>
         <input_file_ref idref="fl-b5"/>
      </object_component>
      <object_component id="oc-211">
         <name>.text:__fltlif</name>
         <load_address>0x1b560</load_address>
         <run_address>0x1b560</run_address>
         <size>0xa0</size>
         <input_file_ref idref="fl-d9"/>
      </object_component>
      <object_component id="oc-220">
         <name>.text:_setMux</name>
         <load_address>0x1b600</load_address>
         <run_address>0x1b600</run_address>
         <size>0xa0</size>
         <input_file_ref idref="fl-b5"/>
      </object_component>
      <object_component id="oc-10b">
         <name>.text</name>
         <load_address>0x1b6a0</load_address>
         <run_address>0x1b6a0</run_address>
         <size>0x80</size>
         <input_file_ref idref="fl-ae"/>
      </object_component>
      <object_component id="oc-228">
         <name>.text:_EDMA_disableChannel</name>
         <load_address>0x1b720</load_address>
         <run_address>0x1b720</run_address>
         <size>0x60</size>
         <input_file_ref idref="fl-b1"/>
      </object_component>
      <object_component id="oc-208">
         <name>.text:_EDMA_enableChannel</name>
         <load_address>0x1b780</load_address>
         <run_address>0x1b780</run_address>
         <size>0x60</size>
         <input_file_ref idref="fl-b1"/>
      </object_component>
      <object_component id="oc-206">
         <name>.text:_EDMA_intEnable</name>
         <load_address>0x1b7e0</load_address>
         <run_address>0x1b7e0</run_address>
         <size>0x60</size>
         <input_file_ref idref="fl-b1"/>
      </object_component>
      <object_component id="oc-21f">
         <name>.text:_EDMA_qdmaConfig</name>
         <load_address>0x1b840</load_address>
         <run_address>0x1b840</run_address>
         <size>0x60</size>
         <input_file_ref idref="fl-b1"/>
      </object_component>
      <object_component id="oc-210">
         <name>.text:__fltulf</name>
         <load_address>0x1b8a0</load_address>
         <run_address>0x1b8a0</run_address>
         <size>0x60</size>
         <input_file_ref idref="fl-da"/>
      </object_component>
      <object_component id="oc-204">
         <name>.text:_EDMA_link</name>
         <load_address>0x1b900</load_address>
         <run_address>0x1b900</run_address>
         <size>0x40</size>
         <input_file_ref idref="fl-b1"/>
      </object_component>
      <object_component id="oc-20b">
         <name>.text:_IRQ_enable</name>
         <load_address>0x1b940</load_address>
         <run_address>0x1b940</run_address>
         <size>0x40</size>
         <input_file_ref idref="fl-b5"/>
      </object_component>
      <object_component id="oc-225">
         <name>.text:___add_dtor</name>
         <load_address>0x1b980</load_address>
         <run_address>0x1b980</run_address>
         <size>0x40</size>
         <input_file_ref idref="fl-de"/>
      </object_component>
      <object_component id="oc-1f8">
         <name>.text:_CSL6713_LIB_</name>
         <load_address>0x1b9c0</load_address>
         <run_address>0x1b9c0</run_address>
         <size>0x20</size>
         <input_file_ref idref="fl-ad"/>
      </object_component>
      <object_component id="oc-205">
         <name>.text:_EDMA_intClear</name>
         <load_address>0x1b9e0</load_address>
         <run_address>0x1b9e0</run_address>
         <size>0x20</size>
         <input_file_ref idref="fl-b1"/>
      </object_component>
      <object_component id="oc-20d">
         <name>.text:_EDMA_intTest</name>
         <load_address>0x1ba00</load_address>
         <run_address>0x1ba00</run_address>
         <size>0x20</size>
         <input_file_ref idref="fl-b1"/>
      </object_component>
      <object_component id="oc-20a">
         <name>.text:_IRQ_clear</name>
         <load_address>0x1ba20</load_address>
         <run_address>0x1ba20</run_address>
         <size>0x20</size>
         <input_file_ref idref="fl-b5"/>
      </object_component>
      <object_component id="oc-20c">
         <name>.text:_IRQ_globalEnable</name>
         <load_address>0x1ba40</load_address>
         <run_address>0x1ba40</run_address>
         <size>0x20</size>
         <input_file_ref idref="fl-b5"/>
      </object_component>
      <object_component id="oc-201">
         <name>.text:_MCBSP_getRcvAddr</name>
         <load_address>0x1ba60</load_address>
         <run_address>0x1ba60</run_address>
         <size>0x20</size>
         <input_file_ref idref="fl-bc"/>
      </object_component>
      <object_component id="oc-207">
         <name>.text:_MCBSP_getXmtAddr</name>
         <load_address>0x1ba80</load_address>
         <run_address>0x1ba80</run_address>
         <size>0x20</size>
         <input_file_ref idref="fl-bc"/>
      </object_component>
      <object_component id="oc-1fe">
         <name>.text:_MCBSP_write</name>
         <load_address>0x1baa0</load_address>
         <run_address>0x1baa0</run_address>
         <size>0x20</size>
         <input_file_ref idref="fl-bc"/>
      </object_component>
      <object_component id="oc-21c">
         <name>.text:_MCBSP_xrdy</name>
         <load_address>0x1bac0</load_address>
         <run_address>0x1bac0</run_address>
         <size>0x20</size>
         <input_file_ref idref="fl-bc"/>
      </object_component>
      <object_component id="oc-1f7">
         <name>.text:__nop</name>
         <load_address>0x1bae0</load_address>
         <run_address>0x1bae0</run_address>
         <size>0x20</size>
         <input_file_ref idref="fl-db"/>
      </object_component>
      <object_component id="oc-1f4">
         <name>.text:__register_lock</name>
         <load_address>0x1bb00</load_address>
         <run_address>0x1bb00</run_address>
         <size>0x20</size>
         <input_file_ref idref="fl-db"/>
      </object_component>
      <object_component id="oc-1f5">
         <name>.text:__register_unlock</name>
         <load_address>0x1bb20</load_address>
         <run_address>0x1bb20</run_address>
         <size>0x20</size>
         <input_file_ref idref="fl-db"/>
      </object_component>
      <object_component id="oc-12b">
         <name>.text</name>
         <load_address>0x1bb40</load_address>
         <run_address>0x1bb40</run_address>
         <size>0x20</size>
         <input_file_ref idref="fl-b5"/>
      </object_component>
      <object_component id="oc-61">
         <name>.cinit</name>
         <load_address>0x27b30</load_address>
         <run_address>0x27b30</run_address>
         <size>0xb74</size>
         <input_file_ref idref="fl-4"/>
      </object_component>
      <object_component id="oc-7f">
         <name>.cinit</name>
         <load_address>0x286a8</load_address>
         <run_address>0x286a8</run_address>
         <size>0x70c</size>
         <input_file_ref idref="fl-6"/>
      </object_component>
      <object_component id="oc-8a">
         <name>.cinit</name>
         <load_address>0x28db8</load_address>
         <run_address>0x28db8</run_address>
         <size>0x26c</size>
         <input_file_ref idref="fl-8d"/>
      </object_component>
      <object_component id="oc-133">
         <name>.cinit</name>
         <load_address>0x29028</load_address>
         <run_address>0x29028</run_address>
         <size>0x1a4</size>
         <input_file_ref idref="fl-b6"/>
      </object_component>
      <object_component id="oc-12c">
         <name>.cinit</name>
         <load_address>0x291d0</load_address>
         <run_address>0x291d0</run_address>
         <size>0x12c</size>
         <input_file_ref idref="fl-b5"/>
      </object_component>
      <object_component id="oc-99">
         <name>.cinit</name>
         <load_address>0x29300</load_address>
         <run_address>0x29300</run_address>
         <size>0xb0</size>
         <input_file_ref idref="fl-91"/>
      </object_component>
      <object_component id="oc-18c">
         <name>.cinit</name>
         <load_address>0x293b0</load_address>
         <run_address>0x293b0</run_address>
         <size>0x80</size>
         <input_file_ref idref="fl-cb"/>
      </object_component>
      <object_component id="oc-59">
         <name>.cinit</name>
         <load_address>0x29430</load_address>
         <run_address>0x29430</run_address>
         <size>0x78</size>
         <input_file_ref idref="fl-3"/>
      </object_component>
      <object_component id="oc-11a">
         <name>.cinit</name>
         <load_address>0x294a8</load_address>
         <run_address>0x294a8</run_address>
         <size>0x70</size>
         <input_file_ref idref="fl-b1"/>
      </object_component>
      <object_component id="oc-1a7">
         <name>.cinit</name>
         <load_address>0x29518</load_address>
         <run_address>0x29518</run_address>
         <size>0x60</size>
         <input_file_ref idref="fl-d1"/>
      </object_component>
      <object_component id="oc-93">
         <name>.cinit</name>
         <load_address>0x29578</load_address>
         <run_address>0x29578</run_address>
         <size>0x5c</size>
         <input_file_ref idref="fl-90"/>
      </object_component>
      <object_component id="oc-14a">
         <name>.cinit</name>
         <load_address>0x295d8</load_address>
         <run_address>0x295d8</run_address>
         <size>0x54</size>
         <input_file_ref idref="fl-bc"/>
      </object_component>
      <object_component id="oc-e7">
         <name>.cinit</name>
         <load_address>0x29630</load_address>
         <run_address>0x29630</run_address>
         <size>0x4c</size>
         <input_file_ref idref="fl-a5"/>
      </object_component>
      <object_component id="oc-185">
         <name>.cinit</name>
         <load_address>0x29680</load_address>
         <run_address>0x29680</run_address>
         <size>0x4c</size>
         <input_file_ref idref="fl-ca"/>
      </object_component>
      <object_component id="oc-15f">
         <name>.cinit</name>
         <load_address>0x296d0</load_address>
         <run_address>0x296d0</run_address>
         <size>0x4c</size>
         <input_file_ref idref="fl-c1"/>
      </object_component>
      <object_component id="oc-52">
         <name>.cinit</name>
         <load_address>0x29720</load_address>
         <run_address>0x29720</run_address>
         <size>0x48</size>
         <input_file_ref idref="fl-2"/>
      </object_component>
      <object_component id="oc-106">
         <name>.cinit</name>
         <load_address>0x29768</load_address>
         <run_address>0x29768</run_address>
         <size>0x3c</size>
         <input_file_ref idref="fl-ad"/>
      </object_component>
      <object_component id="oc-c7">
         <name>.cinit</name>
         <load_address>0x297a8</load_address>
         <run_address>0x297a8</run_address>
         <size>0x34</size>
         <input_file_ref idref="fl-9d"/>
      </object_component>
      <object_component id="oc-b1">
         <name>.cinit</name>
         <load_address>0x297e0</load_address>
         <run_address>0x297e0</run_address>
         <size>0x2c</size>
         <input_file_ref idref="fl-97"/>
      </object_component>
      <object_component id="oc-1e3">
         <name>.cinit</name>
         <load_address>0x29810</load_address>
         <run_address>0x29810</run_address>
         <size>0x2c</size>
         <input_file_ref idref="fl-df"/>
      </object_component>
      <object_component id="oc-155">
         <name>.cinit</name>
         <load_address>0x29840</load_address>
         <run_address>0x29840</run_address>
         <size>0x24</size>
         <input_file_ref idref="fl-bf"/>
      </object_component>
      <object_component id="oc-19a">
         <name>.cinit</name>
         <load_address>0x29868</load_address>
         <run_address>0x29868</run_address>
         <size>0x1c</size>
         <input_file_ref idref="fl-ce"/>
      </object_component>
      <object_component id="oc-1d1">
         <name>.cinit</name>
         <load_address>0x29888</load_address>
         <run_address>0x29888</run_address>
         <size>0x1c</size>
         <input_file_ref idref="fl-db"/>
      </object_component>
      <object_component id="oc-1d9">
         <name>.cinit</name>
         <load_address>0x298a8</load_address>
         <run_address>0x298a8</run_address>
         <size>0x1c</size>
         <input_file_ref idref="fl-dd"/>
      </object_component>
      <object_component id="oc-a4">
         <name>.cinit</name>
         <load_address>0x298c8</load_address>
         <run_address>0x298c8</run_address>
         <size>0x18</size>
         <input_file_ref idref="fl-94"/>
      </object_component>
      <object_component id="oc-1bb">
         <name>.cinit</name>
         <load_address>0x298e0</load_address>
         <run_address>0x298e0</run_address>
         <size>0xc</size>
         <input_file_ref idref="fl-d5"/>
      </object_component>
      <object_component id="oc-c9">
         <name>.cinit</name>
         <load_address>0x298f0</load_address>
         <run_address>0x298f0</run_address>
         <size>0xc</size>
         <input_file_ref idref="fl-9e"/>
      </object_component>
      <object_component id="oc-d6">
         <name>.cinit</name>
         <load_address>0x29900</load_address>
         <run_address>0x29900</run_address>
         <size>0xc</size>
         <input_file_ref idref="fl-a1"/>
      </object_component>
      <object_component id="oc-1de">
         <name>.cinit</name>
         <load_address>0x29910</load_address>
         <run_address>0x29910</run_address>
         <size>0xc</size>
         <input_file_ref idref="fl-de"/>
      </object_component>
      <object_component id="oc-215">
         <name>.switch</name>
         <load_address>0x2c76c</load_address>
         <run_address>0x2c76c</run_address>
         <size>0x28</size>
         <input_file_ref idref="fl-c3"/>
      </object_component>
      <object_component id="oc-5f">
         <name>.gblinit</name>
         <load_address>0x2c160</load_address>
         <run_address>0x2c160</run_address>
         <size>0x4c</size>
         <input_file_ref idref="fl-4"/>
      </object_component>
      <object_component id="oc-76">
         <name>.sysinit</name>
         <load_address>0x2a7e0</load_address>
         <run_address>0x2a7e0</run_address>
         <size>0x2e0</size>
         <input_file_ref idref="fl-4"/>
      </object_component>
      <object_component id="oc-151">
         <name>.sysinit</name>
         <load_address>0x2aac0</load_address>
         <run_address>0x2aac0</run_address>
         <size>0xe0</size>
         <input_file_ref idref="fl-be"/>
      </object_component>
      <object_component id="oc-46">
         <name>.sysinit</name>
         <load_address>0x2aba0</load_address>
         <run_address>0x2aba0</run_address>
         <size>0xc0</size>
         <input_file_ref idref="fl-9b"/>
      </object_component>
      <object_component id="oc-19e">
         <name>.sysinit</name>
         <load_address>0x2ac60</load_address>
         <run_address>0x2ac60</run_address>
         <size>0x80</size>
         <input_file_ref idref="fl-cf"/>
      </object_component>
      <object_component id="oc-157">
         <name>.sysinit</name>
         <load_address>0x2ace0</load_address>
         <run_address>0x2ace0</run_address>
         <size>0x20</size>
         <input_file_ref idref="fl-bf"/>
      </object_component>
      <object_component id="oc-c5">
         <name>.trcdata</name>
         <load_address>0x2c7f0</load_address>
         <run_address>0x2c7f0</run_address>
         <size>0xc</size>
         <input_file_ref idref="fl-9c"/>
      </object_component>
      <object_component id="oc-62">
         <name>.rtdx_data</name>
         <uninitialized>true</uninitialized>
         <run_address>0x2ad00</run_address>
         <size>0x410</size>
         <input_file_ref idref="fl-4"/>
      </object_component>
      <object_component id="oc-160">
         <name>.rtdx_data</name>
         <uninitialized>true</uninitialized>
         <run_address>0x2b110</run_address>
         <size>0x20</size>
         <input_file_ref idref="fl-c1"/>
      </object_component>
      <object_component id="oc-169">
         <name>.rtdx_data</name>
         <uninitialized>true</uninitialized>
         <run_address>0x2b130</run_address>
         <size>0x1c</size>
         <input_file_ref idref="fl-c3"/>
      </object_component>
      <object_component id="oc-1ee">
         <name>.rtdx_text:_RTDX_Poll</name>
         <load_address>0x29940</load_address>
         <run_address>0x29940</run_address>
         <size>0x400</size>
         <input_file_ref idref="fl-c3"/>
      </object_component>
      <object_component id="oc-217">
         <name>.rtdx_text:_RTDX_Buffer_WriteCB</name>
         <load_address>0x29d40</load_address>
         <run_address>0x29d40</run_address>
         <size>0x340</size>
         <input_file_ref idref="fl-c1"/>
      </object_component>
      <object_component id="oc-223">
         <name>.rtdx_text:_RTDX_write_next</name>
         <load_address>0x2a080</load_address>
         <run_address>0x2a080</run_address>
         <size>0x300</size>
         <input_file_ref idref="fl-c1"/>
      </object_component>
      <object_component id="oc-224">
         <name>.rtdx_text:_RTDX_Mon_Queue</name>
         <load_address>0x2a380</load_address>
         <run_address>0x2a380</run_address>
         <size>0x140</size>
         <input_file_ref idref="fl-c3"/>
      </object_component>
      <object_component id="oc-222">
         <name>.rtdx_text:_claim</name>
         <load_address>0x2a4c0</load_address>
         <run_address>0x2a4c0</run_address>
         <size>0xe0</size>
         <input_file_ref idref="fl-c1"/>
      </object_component>
      <object_component id="oc-1f3">
         <name>.rtdx_text:_RTDX_Init_RT_Monitor</name>
         <load_address>0x2a5a0</load_address>
         <run_address>0x2a5a0</run_address>
         <size>0x80</size>
         <input_file_ref idref="fl-c3"/>
      </object_component>
      <object_component id="oc-1f2">
         <name>.rtdx_text:_RTDX_Buffer_Initialize</name>
         <load_address>0x2a620</load_address>
         <run_address>0x2a620</run_address>
         <size>0x60</size>
         <input_file_ref idref="fl-c1"/>
      </object_component>
      <object_component id="oc-216">
         <name>.rtdx_text:_RTDX_Buffer_ReadCB</name>
         <load_address>0x2a680</load_address>
         <run_address>0x2a680</run_address>
         <size>0x60</size>
         <input_file_ref idref="fl-c0"/>
      </object_component>
      <object_component id="oc-221">
         <name>.rtdx_text:_RTDX_Buffer_Size</name>
         <load_address>0x2a6e0</load_address>
         <run_address>0x2a6e0</run_address>
         <size>0x40</size>
         <input_file_ref idref="fl-c1"/>
      </object_component>
      <object_component id="oc-219">
         <name>.rtdx_text:_RTDX_Final_RT_Monitor</name>
         <load_address>0x2a720</load_address>
         <run_address>0x2a720</run_address>
         <size>0x40</size>
         <input_file_ref idref="fl-c3"/>
      </object_component>
      <object_component id="oc-1ef">
         <name>.rtdx_text:_RTDX_Buffer_Read</name>
         <load_address>0x2a760</load_address>
         <run_address>0x2a760</run_address>
         <size>0x20</size>
         <input_file_ref idref="fl-c0"/>
      </object_component>
      <object_component id="oc-1f0">
         <name>.rtdx_text:_RTDX_Buffer_Write</name>
         <load_address>0x2a780</load_address>
         <run_address>0x2a780</run_address>
         <size>0x20</size>
         <input_file_ref idref="fl-c1"/>
      </object_component>
      <object_component id="oc-214">
         <name>.rtdx_text:_RTDX_checksum</name>
         <load_address>0x2a7a0</load_address>
         <run_address>0x2a7a0</run_address>
         <size>0x20</size>
         <input_file_ref idref="fl-c3"/>
      </object_component>
      <object_component id="oc-165">
         <name>.rtdx_text</name>
         <load_address>0x2a7c0</load_address>
         <run_address>0x2a7c0</run_address>
         <size>0x20</size>
         <input_file_ref idref="fl-c2"/>
      </object_component>
      <object_component id="oc-6f">
         <name>.TSK_idle$stk</name>
         <uninitialized>true</uninitialized>
         <run_address>0x2b950</run_address>
         <size>0x400</size>
         <input_file_ref idref="fl-4"/>
      </object_component>
      <object_component id="oc-70">
         <name>.TSK_LEDTOGGLE$stk</name>
         <uninitialized>true</uninitialized>
         <run_address>0x2b550</run_address>
         <size>0x400</size>
         <input_file_ref idref="fl-4"/>
      </object_component>
      <object_component id="oc-73">
         <name>.LOG_system$buf</name>
         <uninitialized>true</uninitialized>
         <run_address>0x2c200</run_address>
         <size>0x100</size>
         <input_file_ref idref="fl-4"/>
      </object_component>
      <object_component id="oc-68">
         <name>.hst1</name>
         <uninitialized>true</uninitialized>
         <run_address>0x2c1e8</run_address>
         <size>0x10</size>
         <input_file_ref idref="fl-4"/>
      </object_component>
      <object_component id="oc-6b">
         <name>.hst0</name>
         <uninitialized>true</uninitialized>
         <run_address>0x2c300</run_address>
         <size>0x100</size>
         <input_file_ref idref="fl-4"/>
      </object_component>
      <object_component id="oc-1aa">
         <name>.const</name>
         <load_address>0x2c688</load_address>
         <run_address>0x2c688</run_address>
         <size>0x4e</size>
         <input_file_ref idref="fl-d1"/>
      </object_component>
      <object_component id="oc-a9">
         <name>.const</name>
         <load_address>0x2c6d6</load_address>
         <run_address>0x2c6d6</run_address>
         <size>0x23</size>
         <input_file_ref idref="fl-95"/>
      </object_component>
      <object_component id="oc-ad">
         <name>.const</name>
         <load_address>0x2c6f9</load_address>
         <run_address>0x2c6f9</run_address>
         <size>0x22</size>
         <input_file_ref idref="fl-96"/>
      </object_component>
      <object_component id="oc-116">
         <name>.const</name>
         <load_address>0x2c71c</load_address>
         <run_address>0x2c71c</run_address>
         <size>0x20</size>
         <input_file_ref idref="fl-b0"/>
      </object_component>
      <object_component id="oc-18e">
         <name>.const</name>
         <load_address>0x2c73c</load_address>
         <run_address>0x2c73c</run_address>
         <size>0x1</size>
         <input_file_ref idref="fl-cb"/>
      </object_component>
      <object_component id="oc-66">
         <name>.printf</name>
         <load_address>0x2c73d</load_address>
         <run_address>0x2c73d</run_address>
         <size>0x194</size>
         <input_file_ref idref="fl-4"/>
      </object_component>
      <object_component id="oc-c1">
         <name>.args</name>
         <load_address>0x2993c</load_address>
         <run_address>0x2993c</run_address>
         <size>0x0</size>
         <input_file_ref idref="fl-9b"/>
      </object_component>
      <object_component id="oc-37">
         <name>_SYS_PUTCBEG</name>
         <load_address>0x2bf60</load_address>
         <run_address>0x2bf60</run_address>
         <size>0x0</size>
      </object_component>
      <object_component id="oc-39">
         <name>_SYS_PUTCEND</name>
         <load_address>0x2c160</load_address>
         <run_address>0x2c160</run_address>
         <size>0x0</size>
      </object_component>
      <object_component id="oc-69">
         <name>.hst</name>
         <uninitialized>true</uninitialized>
         <run_address>0x2c1ac</run_address>
         <size>0x3c</size>
         <input_file_ref idref="fl-4"/>
      </object_component>
      <object_component id="oc-74">
         <name>.log</name>
         <load_address>0x29924</load_address>
         <run_address>0x29924</run_address>
         <size>0x18</size>
         <input_file_ref idref="fl-4"/>
      </object_component>
      <object_component id="oc-6a">
         <name>.pip</name>
         <uninitialized>true</uninitialized>
         <run_address>0x2c500</run_address>
         <size>0xc8</size>
         <input_file_ref idref="fl-4"/>
      </object_component>
      <object_component id="oc-67">
         <name>.sts</name>
         <load_address>0x2c400</load_address>
         <run_address>0x2c400</run_address>
         <size>0x100</size>
         <input_file_ref idref="fl-4"/>
      </object_component>
      <object_component id="oc-3f">
         <name>GBL_stackbeg</name>
         <uninitialized>true</uninitialized>
[...]
         <value>0x1b940</value>
         <object_component_ref idref="oc-20b"/>
      </symbol>
      <symbol id="sm-7a6">
         <name>__IRQ_dispatchTable</name>
         <value>0x2779c</value>
         <object_component_ref idref="oc-12d"/>
      </symbol>
      <symbol id="sm-7a7">
         <name>__IRQ_hookFetchPacket</name>
         <value>0x1bb40</value>
         <object_component_ref idref="oc-12b"/>
      </symbol>
      <symbol id="sm-7b3">
         <name>_KNL_maxqueue</name>
         <value>0x2b474</value>
         <object_component_ref idref="oc-131"/>
      </symbol>
      <symbol id="sm-7b4">
         <name>_KNL_inactive</name>
         <value>0x2b454</value>
         <object_component_ref idref="oc-131"/>
      </symbol>
      <symbol id="sm-7b5">
         <name>_KNL_tswitchfxn</name>
         <value>0x2b478</value>
         <object_component_ref idref="oc-131"/>
      </symbol>
      <symbol id="sm-7b6">
         <name>_KNL_setpri</name>
         <value>0x2b450</value>
         <object_component_ref idref="oc-131"/>
      </symbol>
      <symbol id="sm-7b7">
         <name>_KNL_swiptr</name>
         <value>0x2b46c</value>
         <object_component_ref idref="oc-131"/>
      </symbol>
      <symbol id="sm-7b8">
         <name>_KNL_dummy</name>
         <value>0x27844</value>
         <object_component_ref idref="oc-134"/>
      </symbol>
      <symbol id="sm-7b9">
         <name>_KNL_curtask</name>
         <value>0x2b460</value>
         <object_component_ref idref="oc-131"/>
      </symbol>
      <symbol id="sm-7ba">
         <name>_KNL_curqueue</name>
         <value>0x2b470</value>
         <object_component_ref idref="oc-131"/>
      </symbol>
      <symbol id="sm-7bb">
         <name>_KNL_wList</name>
         <value>0x2b448</value>
         <object_component_ref idref="oc-131"/>
      </symbol>
      <symbol id="sm-7bc">
         <name>_KNL_curtime</name>
         <value>0x2b468</value>
         <object_component_ref idref="oc-131"/>
      </symbol>
      <symbol id="sm-7bd">
         <name>_KNL_set</name>
         <value>0x2b45c</value>
         <object_component_ref idref="oc-131"/>
      </symbol>
      <symbol id="sm-7be">
         <name>_KNL_alarm</name>
         <value>0x2b44c</value>
         <object_component_ref idref="oc-131"/>
      </symbol>
      <symbol id="sm-7bf">
         <name>_KNL_prevtask</name>
         <value>0x2b464</value>
         <object_component_ref idref="oc-131"/>
      </symbol>
      <symbol id="sm-7c0">
         <name>_KNL_queues</name>
         <value>0x277a4</value>
         <object_component_ref idref="oc-134"/>
      </symbol>
      <symbol id="sm-7c1">
         <name>_KNL_idlefxn</name>
         <value>0x2b488</value>
         <object_component_ref idref="oc-131"/>
      </symbol>
      <symbol id="sm-7c2">
         <name>_KNL_priority</name>
         <value>0x2b458</value>
         <object_component_ref idref="oc-131"/>
      </symbol>
      <symbol id="sm-7c3">
         <name>_KNL_treadyfxn</name>
         <value>0x2b484</value>
         <object_component_ref idref="oc-131"/>
      </symbol>
      <symbol id="sm-7c4">
         <name>_KNL_tcreatefxn</name>
         <value>0x2b47c</value>
         <object_component_ref idref="oc-131"/>
      </symbol>
      <symbol id="sm-7c5">
         <name>_KNL_wFlag</name>
         <value>0x2b444</value>
         <object_component_ref idref="oc-131"/>
      </symbol>
      <symbol id="sm-7c6">
         <name>_KNL_tdeletefxn</name>
         <value>0x2b480</value>
         <object_component_ref idref="oc-131"/>
      </symbol>
      <symbol id="sm-7d0">
         <name>_KNL_exit</name>
         <value>0x1efc0</value>
         <object_component_ref idref="oc-137"/>
      </symbol>
      <symbol id="sm-7d1">
         <name>_KNL_enter</name>
         <value>0x1f014</value>
         <object_component_ref idref="oc-137"/>
      </symbol>
      <symbol id="sm-7d9">
         <name>__KNL_lat1beg</name>
         <value>0x1edf0</value>
         <object_component_ref idref="oc-13a"/>
      </symbol>
      <symbol id="sm-7da">
         <name>__KNL_lat1end</name>
         <value>0x1ee78</value>
         <object_component_ref idref="oc-13a"/>
      </symbol>
      <symbol id="sm-7db">
         <name>_KNL_max</name>
         <value>0x1ee9c</value>
         <object_component_ref idref="oc-13a"/>
      </symbol>
      <symbol id="sm-7dc">
         <name>_KNL_check</name>
         <value>0x1eda0</value>
         <object_component_ref idref="oc-13a"/>
      </symbol>
      <symbol id="sm-7dd">
         <name>_KNL_idle</name>
         <value>0x1ee78</value>
         <object_component_ref idref="oc-13a"/>
      </symbol>
      <symbol id="sm-7e7">
         <name>_KNL_post</name>
         <value>0x1f400</value>
         <object_component_ref idref="oc-13f"/>
      </symbol>
      <symbol id="sm-7f1">
         <name>_KNL_ipost</name>
         <value>0x1f340</value>
         <object_component_ref idref="oc-143"/>
      </symbol>
      <symbol id="sm-7fb">
         <name>_KNL_run</name>
         <value>0x1d480</value>
         <object_component_ref idref="oc-147"/>
      </symbol>
      <symbol id="sm-819">
         <name>_MCBSP_reset</name>
         <value>0x1a3e0</value>
         <object_component_ref idref="oc-21d"/>
      </symbol>
      <symbol id="sm-81a">
         <name>_MCBSP_getRcvAddr</name>
         <value>0x1ba60</value>
         <object_component_ref idref="oc-201"/>
      </symbol>
      <symbol id="sm-81b">
         <name>_MCBSP_close</name>
         <value>0x1b380</value>
         <object_component_ref idref="oc-212"/>
      </symbol>
      <symbol id="sm-81c">
         <name>_MCBSP_open</name>
         <value>0x1ae20</value>
         <object_component_ref idref="oc-1fb"/>
      </symbol>
      <symbol id="sm-81d">
         <name>_MCBSP_getXmtAddr</name>
         <value>0x1ba80</value>
         <object_component_ref idref="oc-207"/>
      </symbol>
      <symbol id="sm-81e">
         <name>__MCBSP_hDev0</name>
         <value>0x27a50</value>
         <object_component_ref idref="oc-14b"/>
      </symbol>
      <symbol id="sm-81f">
         <name>__MCBSP_hDev1</name>
         <value>0x27a54</value>
         <object_component_ref idref="oc-14b"/>
      </symbol>
      <symbol id="sm-820">
         <name>_MCBSP_start</name>
         <value>0x1af20</value>
         <object_component_ref idref="oc-1fd"/>
      </symbol>
      <symbol id="sm-821">
         <name>_MCBSP_config</name>
         <value>0x1b420</value>
         <object_component_ref idref="oc-1fc"/>
      </symbol>
      <symbol id="sm-822">
         <name>_MCBSP_xrdy</name>
         <value>0x1bac0</value>
         <object_component_ref idref="oc-21c"/>
      </symbol>
      <symbol id="sm-823">
         <name>_MCBSP_write</name>
         <value>0x1baa0</value>
         <object_component_ref idref="oc-1fe"/>
      </symbol>
      <symbol id="sm-827">
         <name>_MEM</name>
         <value>0x2b548</value>
         <object_component_ref idref="oc-14f"/>
      </symbol>
      <symbol id="sm-831">
         <name>_MEM_init</name>
         <value>0x2aac0</value>
         <object_component_ref idref="oc-151"/>
      </symbol>
      <symbol id="sm-83f">
         <name>_OBJ_table</name>
         <value>0x278d8</value>
         <object_component_ref idref="oc-156"/>
      </symbol>
      <symbol id="sm-840">
         <name>_OBJ_init</name>
         <value>0x2ace0</value>
         <object_component_ref idref="oc-157"/>
      </symbol>
      <symbol id="sm-841">
         <name>_OBJ_segtab</name>
         <value>0x27910</value>
         <object_component_ref idref="oc-156"/>
      </symbol>
      <symbol id="sm-84d">
         <name>_RTDX_Buffer_ReadCB</name>
         <value>0x2a680</value>
         <object_component_ref idref="oc-216"/>
      </symbol>
      <symbol id="sm-84e">
         <name>RTDX_NORMALIZED_HDR</name>
         <value>0x1</value>
      </symbol>
      <symbol id="sm-84f">
         <name>_RTDX_Buffer_Read</name>
         <value>0x2a760</value>
         <object_component_ref idref="oc-1ef"/>
      </symbol>
      <symbol id="sm-86b">
         <name>_rtdx_buffer_state</name>
         <value>0x2b110</value>
         <object_component_ref idref="oc-160"/>
      </symbol>
      <symbol id="sm-86c">
         <name>_RTDX_Buffer_WriteCB</name>
         <value>0x29d40</value>
         <object_component_ref idref="oc-217"/>
      </symbol>
      <symbol id="sm-86d">
         <name>_rtdxNullChanCnt</name>
         <value>0x2b518</value>
         <object_component_ref idref="oc-15d"/>
      </symbol>
      <symbol id="sm-86e">
         <name>_RTDX_writing</name>
         <value>0x2b11c</value>
         <object_component_ref idref="oc-160"/>
      </symbol>
      <symbol id="sm-86f">
         <name>_RTDX_Buffer_Initialize</name>
         <value>0x2a620</value>
         <object_component_ref idref="oc-1f2"/>
      </symbol>
      <symbol id="sm-870">
         <name>_RTDX_Buffer_Write</name>
         <value>0x2a780</value>
         <object_component_ref idref="oc-1f0"/>
      </symbol>
      <symbol id="sm-871">
         <name>_rtdxNullFuncCnt</name>
         <value>0x2b51c</value>
         <object_component_ref idref="oc-15d"/>
      </symbol>
      <symbol id="sm-872">
         <name>_RTDX_Buffer_Size</name>
         <value>0x2a6e0</value>
         <object_component_ref idref="oc-221"/>
      </symbol>
      <symbol id="sm-87c">
         <name>_RTDX_Mask_IER</name>
         <value>0x2a7c0</value>
         <object_component_ref idref="oc-165"/>
      </symbol>
      <symbol id="sm-894">
         <name>_RTDX_Mon_Queue</name>
         <value>0x2a380</value>
         <object_component_ref idref="oc-224"/>
      </symbol>
      <symbol id="sm-895">
         <name>_rtdx_mon_state</name>
         <value>0x2b130</value>
         <object_component_ref idref="oc-169"/>
      </symbol>
      <symbol id="sm-896">
         <name>_RTDX_JTAGONLY</name>
         <value>0x2</value>
      </symbol>
      <symbol id="sm-897">
         <name>_RTDX_Final_RT_Monitor</name>
         <value>0x2a720</value>
         <object_component_ref idref="oc-219"/>
      </symbol>
      <symbol id="sm-898">
         <name>_RTDX_Poll</name>
         <value>0x29940</value>
         <object_component_ref idref="oc-1ee"/>
      </symbol>
      <symbol id="sm-899">
         <name>_RTDX_Init_RT_Monitor</name>
         <value>0x2a5a0</value>
         <object_component_ref idref="oc-1f3"/>
      </symbol>
      <symbol id="sm-8a1">
         <name>_SEM_pendBinary</name>
         <value>0x1f9e0</value>
         <object_component_ref idref="oc-16d"/>
      </symbol>
      <symbol id="sm-8ab">
         <name>_SEM_pendEnterKnl</name>
         <value>0x1da00</value>
         <object_component_ref idref="oc-172"/>
      </symbol>
      <symbol id="sm-8b3">
         <name>_SEM_postBinary</name>
         <value>0x1f180</value>
         <object_component_ref idref="oc-175"/>
      </symbol>
      <symbol id="sm-8b4">
         <name>_SEM_post</name>
         <value>0x1f180</value>
         <object_component_ref idref="oc-175"/>
      </symbol>
      <symbol id="sm-8be">
         <name>_SEM_postEnterKnl</name>
         <value>0x1f0a0</value>
         <object_component_ref idref="oc-17a"/>
      </symbol>
      <symbol id="sm-8c6">
         <name>_STS_set</name>
         <value>0x1fd80</value>
         <object_component_ref idref="oc-17d"/>
      </symbol>
      <symbol id="sm-8ce">
         <name>_SWI_disable</name>
         <value>0x1faa0</value>
         <object_component_ref idref="oc-181"/>
      </symbol>
      <symbol id="sm-8cf">
         <name>_SWI_enable</name>
         <value>0x1fac8</value>
         <object_component_ref idref="oc-181"/>
      </symbol>
      <symbol id="sm-8df">
         <name>_TIMER_reset</name>
         <value>0x1aae0</value>
         <object_component_ref idref="oc-227"/>
      </symbol>
      <symbol id="sm-8e0">
         <name>_TIMER_open</name>
         <value>0x1a9a0</value>
         <object_component_ref idref="oc-21b"/>
      </symbol>
      <symbol id="sm-8e1">
         <name>__TIMER_hDev0</name>
         <value>0x27acc</value>
         <object_component_ref idref="oc-186"/>
      </symbol>
      <symbol id="sm-8e2">
         <name>__TIMER_hDev1</name>
         <value>0x27ad0</value>
         <object_component_ref idref="oc-186"/>
      </symbol>
      <symbol id="sm-8e3">
         <name>__TIMER_hBios</name>
         <value>0x27ad4</value>
         <object_component_ref idref="oc-186"/>
      </symbol>
      <symbol id="sm-8e4">
         <name>__TIMER_deviceTable</name>
         <value>0x27ab4</value>
         <object_component_ref idref="oc-186"/>
      </symbol>
      <symbol id="sm-8f2">
         <name>_TSK_nTasks</name>
         <value>0x2b520</value>
         <object_component_ref idref="oc-18a"/>
      </symbol>
      <symbol id="sm-8f3">
         <name>_TSK_config</name>
         <value>0x27898</value>
         <object_component_ref idref="oc-18d"/>
      </symbol>
      <symbol id="sm-8f4">
         <name>_TSK</name>
         <value>0x2b528</value>
         <object_component_ref idref="oc-18a"/>
      </symbol>
      <symbol id="sm-8f5">
         <name>_TSK_timerSem</name>
         <value>0x278b8</value>
         <object_component_ref idref="oc-18d"/>
      </symbol>
      <symbol id="sm-8f6">
         <name>_TSK_pid</name>
         <value>0x2b524</value>
         <object_component_ref idref="oc-18a"/>
      </symbol>
      <symbol id="sm-8f7">
         <name>_TSK_ATTRS</name>
         <value>0x2787c</value>
         <object_component_ref idref="oc-18d"/>
      </symbol>
      <symbol id="sm-901">
         <name>_TSK_exit</name>
         <value>0x1e900</value>
         <object_component_ref idref="oc-191"/>
      </symbol>
      <symbol id="sm-90b">
         <name>_SYS_exit</name>
         <value>0x1f580</value>
         <object_component_ref idref="oc-195"/>
      </symbol>
      <symbol id="sm-917">
         <name>_SYS_exitStack</name>
         <value>0x27ad8</value>
         <object_component_ref idref="oc-19b"/>
      </symbol>
      <symbol id="sm-918">
         <name>_SYS_exitStackPtr</name>
         <value>0x2b534</value>
         <object_component_ref idref="oc-198"/>
      </symbol>
      <symbol id="sm-919">
         <name>_SYS_exitStackTop</name>
         <value>0x2b538</value>
         <object_component_ref idref="oc-198"/>
      </symbol>
      <symbol id="sm-923">
         <name>_TSK_init</name>
         <value>0x2ac60</value>
         <object_component_ref idref="oc-19e"/>
      </symbol>
      <symbol id="sm-92d">
         <name>_TSK_setup</name>
         <value>0x1e380</value>
         <object_component_ref idref="oc-1a2"/>
      </symbol>
      <symbol id="sm-93f">
         <name>__MEM_mutex</name>
         <value>0x279a8</value>
         <object_component_ref idref="oc-1a8"/>
      </symbol>
      <symbol id="sm-940">
         <name>_TSK_startup</name>
         <value>0x1ece0</value>
         <object_component_ref idref="oc-1a9"/>
      </symbol>
      <symbol id="sm-941">
         <name>__TSK_mutex</name>
         <value>0x27980</value>
         <object_component_ref idref="oc-1a8"/>
      </symbol>
      <symbol id="sm-94b">
         <name>_LCK_pend</name>
         <value>0x1f4f0</value>
         <object_component_ref idref="oc-1ae"/>
      </symbol>
      <symbol id="sm-94c">
         <name>_LCK_post</name>
         <value>0x1f4c0</value>
         <object_component_ref idref="oc-1ae"/>
      </symbol>
      <symbol id="sm-954">
         <name>_SEM_pend</name>
         <value>0x1fa40</value>
         <object_component_ref idref="oc-1b1"/>
      </symbol>
      <symbol id="sm-95e">
         <name>_SYS_abort</name>
         <value>0x1fb00</value>
         <object_component_ref idref="oc-1b6"/>
      </symbol>
      <symbol id="sm-96c">
         <name>__GBL_setL2CacheMode</name>
         <value>0x1c594</value>
         <object_component_ref idref="oc-1bc"/>
      </symbol>
      <symbol id="sm-976">
         <name>__SEM_dopost</name>
         <value>0x1e160</value>
         <object_component_ref idref="oc-1c0"/>
      </symbol>
      <symbol id="sm-980">
         <name>__auto_init</name>
         <value>0x1eaa0</value>
         <object_component_ref idref="oc-1c4"/>
      </symbol>
      <symbol id="sm-98a">
         <name>__divf</name>
         <value>0x190c0</value>
         <object_component_ref idref="oc-20f"/>
      </symbol>
      <symbol id="sm-994">
         <name>__fltlif</name>
         <value>0x1b560</value>
         <object_component_ref idref="oc-211"/>
      </symbol>
      <symbol id="sm-99e">
         <name>__fltulf</name>
         <value>0x1b8a0</value>
         <object_component_ref idref="oc-210"/>
      </symbol>
      <symbol id="sm-9b0">
         <name>__unlock</name>
         <value>0x27b24</value>
         <object_component_ref idref="oc-1d2"/>
      </symbol>
      <symbol id="sm-9b1">
         <name>__lock</name>
         <value>0x27b20</value>
         <object_component_ref idref="oc-1d2"/>
      </symbol>
      <symbol id="sm-9b2">
         <name>__register_lock</name>
         <value>0x1bb00</value>
         <object_component_ref idref="oc-1f4"/>
      </symbol>
      <symbol id="sm-9b3">
         <name>__nop</name>
         <value>0x1bae0</value>
         <object_component_ref idref="oc-1f7"/>
      </symbol>
      <symbol id="sm-9b4">
         <name>__register_unlock</name>
         <value>0x1bb20</value>
         <object_component_ref idref="oc-1f5"/>
      </symbol>
      <symbol id="sm-9bc">
         <name>__strasg</name>
         <value>0x1b100</value>
         <object_component_ref idref="oc-1f1"/>
      </symbol>
      <symbol id="sm-9ca">
         <name>_atexit</name>
         <value>0x1b1e0</value>
         <object_component_ref idref="oc-218"/>
      </symbol>
      <symbol id="sm-9cb">
         <name>___atexit_func_id__</name>
         <value>0x27528</value>
         <object_component_ref idref="oc-1da"/>
      </symbol>
      <symbol id="sm-9db">
         <name>_dtors</name>
         <value>0x27b28</value>
         <object_component_ref idref="oc-1df"/>
      </symbol>
      <symbol id="sm-9dc">
         <name>_call_dtors</name>
         <value>0x1a700</value>
         <object_component_ref idref="oc-229"/>
      </symbol>
      <symbol id="sm-9dd">
         <name>___add_dtor</name>
         <value>0x1b980</value>
         <object_component_ref idref="oc-225"/>
      </symbol>
      <symbol id="sm-9e9">
         <name>___TI_enable_exit_profile_output</name>
         <value>0x27b1c</value>
         <object_component_ref idref="oc-1e4"/>
      </symbol>
      <symbol id="sm-9ea">
         <name>__cleanup_ptr</name>
         <value>0x27b14</value>
         <object_component_ref idref="oc-1e4"/>
      </symbol>
      <symbol id="sm-9eb">
         <name>__dtors_ptr</name>
         <value>0x27b18</value>
         <object_component_ref idref="oc-1e4"/>
      </symbol>
      <symbol id="sm-9f5">
         <name>_memcpy</name>
         <value>0x19640</value>
         <object_component_ref idref="oc-1f6"/>
      </symbol>
      <symbol id="sm-9ff">
         <name>_memset</name>
         <value>0x1ac00</value>
         <object_component_ref idref="oc-20e"/>
      </symbol>
   </symbol_table>
</link_info>
