******************************************************************************
               TMS320C6x Linker PC v7.4.14                     
******************************************************************************
>> Linked Mon Jun 20 13:48:27 2016

OUTPUT FILE NAME:   <my_dsp_project.out>
ENTRY POINT SYMBOL: "_c_int00"  address: 0002c320


MEMORY CONFIGURATION

         name            origin    length      used     unused   attr    fill
----------------------  --------  ---------  --------  --------  ----  --------
  IRAM                  00000000   0003e000  0002df7d  00010083  RWIX
  SDRAM                 80000000   00800000  000084c4  007f7b3c  RWIX


SECTION ALLOCATION MAP

 output                                  attributes/
section   page    origin      length       input sections
--------  ----  ----------  ----------   ----------------
.data      0    00000000    00000000     UNINITIALIZED

.vers      0    00000000    00000044     COPY SECTION
                  00000000    00000044     my_dsp_projectcfg.obj (.vers)

.hwi_vec   0    00000000    00000200     
                  00000000    00000200     my_dsp_projectcfg.obj (.hwi_vec)

.datenpuffer 
*          0    00000200    0000feb0     UNINITIALIZED
                  00000200    0000cb20     skeleton.obj (.datenpuffer)
                  0000cd20    00003390     config_BSPLink.obj (.datenpuffer)

.far       0    000100b0    0000b5a0     UNINITIALIZED
                  000100b0    0000af98     skeleton.obj (.far)
                  0001b048    00000188     rts6700.lib : atexit.obj (.far)
                  0001b1d0    000000f4     csl6713.lib : csl_irq.obj (.far)
                  0001b2c4    000000d8     bios.a67 : knl.o67 (.far)
                  0001b39c    0000005c              : tsk.o67 (.far)
                  0001b3f8    00000054              : obj_init.o67 (.far)
                  0001b44c    00000054     csl6713.lib : csl_edma.obj (.far)
                  0001b4a0    00000050     bios.a67 : tsk_stup.o67 (.far)
                  0001b4f0    00000050     config_BSPLink.obj (.far)
                  0001b540    00000038     csl6713.lib : csl_mcbsp.obj (.far)
                  0001b578    00000034     config_AIC23.obj (.far)
                  0001b5ac    00000028     csl6713.lib : csl.obj (.far)
                  0001b5d4    00000024                 : csl_timer.obj (.far)
                  0001b5f8    00000020     bios.a67 : sys.o67 (.far)
                  0001b618    00000010              : knl_tick.o67 (.far)
                  0001b628    0000000c              : utl_putc.o67 (.far)
                  0001b634    0000000c     rts6700.lib : exit.obj (.far)
                  0001b640    00000008                 : _lock.obj (.far)
                  0001b648    00000004                 : sinit.obj (.far)
                  0001b64c    00000002     dsk6713bsl.lib : dsk6713.obj (.far)
                  0001b64e    00000002                    : dsk6713_led.obj (.far)

.hst1      0    0001b650    00000010     UNINITIALIZED
                  0001b650    00000010     my_dsp_projectcfg.obj (.hst1)

.text      0    0001b660    000059e0     
                  0001b660    00002200     skeleton.obj (.text)
                  0001d860    00000700     config_BSPLink.obj (.text)
                  0001df60    00000480     dsk6713bsl.lib : dsk6713.obj (.text)
                  0001e3e0    00000300     rts6700.lib : divf.obj (.text:__divf)
                  0001e6e0    00000280     csl6713.lib : csl_edma.obj (.text:_EDMA_open)
                  0001e960    00000240     rts6700.lib : memcpy62.obj (.text:_memcpy)
                  0001eba0    00000240     config_AIC23.obj (.text)
                  0001ede0    00000220     csl6713.lib : csl.obj (.text:__CSL_init)
                  0001f000    000001e0     dsk6713bsl.lib : dsk6713_led.obj (.text)
                  0001f1e0    000001c0     csl6713.lib : csl_irq.obj (.text:_IRQ_map)
                  0001f3a0    000001c0                 : csl_irq.obj (.text:_mux2Tables)
                  0001f560    000001a0                 : csl_edma.obj (.text:_EDMA_allocTable)
                  0001f700    000001a0                 : csl_mcbsp.obj (.text:_MCBSP_reset)
                  0001f8a0    00000180     bios.a67 : gbl_cslpllinit62.o67 (.text)
                  0001fa20    00000160     rts6700.lib : sinit.obj (.text:_call_dtors)
                  0001fb80    00000140     csl6713.lib : csl_edma.obj (.text:_EDMA_reset)
                  0001fcc0    00000140                 : csl_timer.obj (.text:_TIMER_open)
                  0001fe00    00000120                 : csl_timer.obj (.text:_TIMER_reset)
                  0001ff20    00000120     rts6700.lib : memset.obj (.text:_memset)
                  00020040    00000100     csl6713.lib : csl_edma.obj (.text:_EDMA_intAlloc)
                  00020140    00000100                 : csl_mcbsp.obj (.text:_MCBSP_open)
                  00020240    00000100                 : csl_mcbsp.obj (.text:_MCBSP_start)
                  00020340    000000e0                 : csl_edma.obj (.text:_EDMA_config)
                  00020420    000000e0     rts6700.lib : round.obj (.text:__nround)
                  00020500    000000e0                 : strasg.obj (.text:__strasg)
                  000205e0    000000e0                 : atexit.obj (.text:_atexit)
                  000206c0    000000e0                 : modf.obj (.text:_modf)
                  000207a0    000000c0     bios.a67 : tsk_stup.o67 (.text)
                  00020860    000000a0     csl6713.lib : csl_mcbsp.obj (.text:_MCBSP_close)
                  00020900    000000a0                 : csl_mcbsp.obj (.text:_MCBSP_config)
                  000209a0    000000a0                 : csl_irq.obj (.text:__IRQ_init)
                  00020a40    000000a0     rts6700.lib : fltlif.obj (.text:__fltlif)
                  00020ae0    000000a0     csl6713.lib : csl_irq.obj (.text:_setMux)
                  00020b80    00000080     dsk6713bsl.lib : dsk6713_dip.obj (.text)
                  00020c00    00000060     csl6713.lib : csl_edma.obj (.text:_EDMA_disableChannel)
                  00020c60    00000060                 : csl_edma.obj (.text:_EDMA_enableChannel)
                  00020cc0    00000060                 : csl_edma.obj (.text:_EDMA_intEnable)
                  00020d20    00000060                 : csl_edma.obj (.text:_EDMA_qdmaConfig)
                  00020d80    00000060     rts6700.lib : fltulf.obj (.text:__fltulf)
                  00020de0    00000040     csl6713.lib : csl_edma.obj (.text:_EDMA_link)
                  00020e20    00000040                 : csl_irq.obj (.text:_IRQ_enable)
                  00020e60    00000040     rts6700.lib : sinit.obj (.text:___add_dtor)
                  00020ea0    00000020     csl6713.lib : csl.obj (.text:_CSL6713_LIB_)
                  00020ec0    00000020                 : csl_edma.obj (.text:_EDMA_intClear)
                  00020ee0    00000020                 : csl_edma.obj (.text:_EDMA_intTest)
                  00020f00    00000020                 : csl_irq.obj (.text:_IRQ_clear)
                  00020f20    00000020                 : csl_irq.obj (.text:_IRQ_globalEnable)
                  00020f40    00000020                 : csl_mcbsp.obj (.text:_MCBSP_getRcvAddr)
                  00020f60    00000020                 : csl_mcbsp.obj (.text:_MCBSP_getXmtAddr)
                  00020f80    00000020                 : csl_mcbsp.obj (.text:_MCBSP_write)
                  00020fa0    00000020                 : csl_mcbsp.obj (.text:_MCBSP_xrdy)
                  00020fc0    00000020     rts6700.lib : _lock.obj (.text:__nop)
                  00020fe0    00000020                 : _lock.obj (.text:__register_lock)
                  00021000    00000020                 : _lock.obj (.text:__register_unlock)
                  00021020    00000020     csl6713.lib : csl_irq.obj (.text)

.bios      0    00021040    00004280     
                  00021040    00000600     lnkrtdx.a67 : rtdx.o67 (.bios)
                  00021640    000005e0     bios.a67 : gbl_setL2CacheMode.o67 (.bios)
                  00021c20    00000540              : swi.o67 (.bios)
                  00022160    00000460              : hwi_disp_asm.o67 (.bios)
                  000225c0    000003a0              : prd.o67 (.bios)
                  00022960    000002c0              : knl_run.o67 (.bios)
                  00022c20    000002c0              : rta.o67 (.bios)
                  00022ee0    000002c0              : sem_pend.o67 (.bios)
                  000231a0    00000260              : knl_tick.o67 (.bios)
                  00023400    00000240              : pip.o67 (.bios)
                  00023640    00000220              : sem_dopo.o67 (.bios)
                  00023860    00000200              : tsk_setu.o67 (.bios)
                  00023a60    000001c0              : knl_swit.o67 (.bios)
                  00023c20    000001c0     biosC6000.a67 : clk.o67 (.bios)
                  00023de0    000001a0     bios.a67 : tsk_exit.o67 (.bios)
                  00023f80    00000180              : autoinit.o67 (.bios)
                  00024100    00000180              : tsk_stup.o67 (.bios)
                  00024280    00000140              : knl_chec.o67 (.bios)
                  000243c0    000000e0              : gbl_cslcacheinit.o67 (.bios)
                  000244a0    000000e0              : knl_exit.o67 (.bios)
                  00024580    000000e0              : sem_post.o67 (.bios)
                  00024660    000000e0              : sem_post_asm.o67 (.bios)
                  00024740    000000e0     biosC6000.a67 : clk_meas.o67 (.bios)
                  00024820    000000c0     bios.a67 : knl_ipos.o67 (.bios)
                  000248e0    000000c0              : knl_post.o67 (.bios)
                  000249a0    000000c0              : lck.o67 (.bios)
                  00024a60    000000c0              : sys_exit.o67 (.bios)
                  00024b20    000000c0     biosC6000.a67 : clk_htime.o67 (.bios)
                  00024be0    00000080     bios.a67 : fxn.o67 (.bios)
                  00024c60    00000080              : idl_busy.o67 (.bios)
                  00024ce0    00000080              : log.o67 (.bios)
                  00024d60    00000080              : sts.o67 (.bios)
                  00024de0    00000080     biosC6000.a67 : idl_cal.o67 (.bios)
                  00024e60    00000060     bios.a67 : hwi_c.o67 (.bios)
                  00024ec0    00000060              : sem_pend_binary.o67 (.bios)
                  00024f20    00000060              : sem_pend_counting.o67 (.bios)
                  00024f80    00000060              : swi_disable.o67 (.bios)
                  00024fe0    00000060              : sys_abor.o67 (.bios)
                  00025040    00000060              : utl_putc.o67 (.bios)
                  000250a0    00000060     biosC6000.a67 : clk_start.o67 (.bios)
                  00025100    00000040     bios.a67 : idl_stub.o67 (.bios)
                  00025140    00000040              : rta_andn.o67 (.bios)
                  00025180    00000040              : utl_doab.o67 (.bios)
                  000251c0    00000040     biosC6000.a67 : clk_stop.o67 (.bios)
                  00025200    00000020     bios.a67 : fxn_c.o67 (.bios)
                  00025220    00000020              : gbl_vers.o67 (.bios)
                  00025240    00000020              : idl.o67 (.bios)
                  00025260    00000020              : sts_set.o67 (.bios)
                  00025280    00000020              : utl_doer.o67 (.bios)
                  000252a0    00000020              : utl_halt.o67 (.bios)

.stack     0    000252c0    00004000     UNINITIALIZED
                  000252c0    00004000     --HOLE--

.cinit     0    000292c0    00001df4     
                  000292c0    00000b74     my_dsp_projectcfg.obj (.cinit)
                  00029e34    00000004     --HOLE-- [fill = 0]
                  00029e38    0000070c     skeleton.obj (.cinit)
                  0002a544    00000004     --HOLE-- [fill = 0]
                  0002a548    0000026c     bios.a67 : biosdata.o67 (.cinit)
                  0002a7b4    00000004     --HOLE-- [fill = 0]
                  0002a7b8    000001a4              : knl.o67 (.cinit)
                  0002a95c    00000004     --HOLE-- [fill = 0]
                  0002a960    0000012c     csl6713.lib : csl_irq.obj (.cinit)
                  0002aa8c    00000004     --HOLE-- [fill = 0]
                  0002aa90    000000b0     bios.a67 : swi.o67 (.cinit)
                  0002ab40    00000080              : tsk.o67 (.cinit)
                  0002abc0    00000078     config_BSPLink.obj (.cinit)
                  0002ac38    00000070     csl6713.lib : csl_edma.obj (.cinit)
                  0002aca8    00000060     bios.a67 : tsk_stup.o67 (.cinit)
                  0002ad08    0000005c     lnkrtdx.a67 : rtdx.o67 (.cinit)
                  0002ad64    00000004     --HOLE-- [fill = 0]
                  0002ad68    00000054     csl6713.lib : csl_mcbsp.obj (.cinit)
                  0002adbc    00000004     --HOLE-- [fill = 0]
                  0002adc0    0000004c     bios.a67 : rta.o67 (.cinit)
                  0002ae0c    00000004     --HOLE-- [fill = 0]
                  0002ae10    0000004c     csl6713.lib : csl_timer.obj (.cinit)
                  0002ae5c    00000004     --HOLE-- [fill = 0]
                  0002ae60    0000004c     rtdx.lib : buffer1.o62 (.cinit)
                  0002aeac    00000004     --HOLE-- [fill = 0]
                  0002aeb0    00000048     config_AIC23.obj (.cinit)
                  0002aef8    0000003c     csl6713.lib : csl.obj (.cinit)
                  0002af34    00000004     --HOLE-- [fill = 0]
                  0002af38    00000034     bios.a67 : hwi.o67 (.cinit)
                  0002af6c    00000004     --HOLE-- [fill = 0]
                  0002af70    0000002c              : utl_putc.o67 (.cinit)
                  0002af9c    00000004     --HOLE-- [fill = 0]
                  0002afa0    0000002c     rts6700.lib : exit.obj (.cinit)
                  0002afcc    00000004     --HOLE-- [fill = 0]
                  0002afd0    00000024     bios.a67 : obj_init.o67 (.cinit)
                  0002aff4    00000004     --HOLE-- [fill = 0]
                  0002aff8    0000001c              : sys.o67 (.cinit)
                  0002b014    00000004     --HOLE-- [fill = 0]
                  0002b018    0000001c     rts6700.lib : _lock.obj (.cinit)
                  0002b034    00000004     --HOLE-- [fill = 0]
                  0002b038    0000001c                 : atexit.obj (.cinit)
                  0002b054    00000004     --HOLE-- [fill = 0]
                  0002b058    00000018     bios.a67 : knl_tick.o67 (.cinit)
                  0002b070    0000000c              : gbl_setL2CacheMode.o67 (.cinit)
                  0002b07c    00000004     --HOLE-- [fill = 0]
                  0002b080    0000000c              : idl_busy.o67 (.cinit)
                  0002b08c    00000004     --HOLE-- [fill = 0]
                  0002b090    0000000c              : knl_swit.o67 (.cinit)
                  0002b09c    00000004     --HOLE-- [fill = 0]
                  0002b0a0    0000000c     rts6700.lib : sinit.obj (.cinit)
                  0002b0ac    00000004     --HOLE-- [fill = 0]
                  0002b0b0    00000004     (.pad.cinit) [fill = 0]

.pinit     0    0002b0b4    0000000c     
                  0002b0b4    00000004     rtdx.lib : buffer1.o62 (.pinit)
                  0002b0b8    00000004              : rtdx_mon.o62 (.pinit)
                  0002b0bc    00000004     --HOLE-- [fill = 0]

.rtdx_text 
*          0    0002b0c0    00000ea0     
                  0002b0c0    00000400     rtdx.lib : rtdx_mon.o62 (.rtdx_text:_RTDX_Poll)
                  0002b4c0    00000340              : buffer1.o62 (.rtdx_text:_RTDX_Buffer_WriteCB)
                  0002b800    00000300              : buffer1.o62 (.rtdx_text:_RTDX_write_next)
                  0002bb00    00000140              : rtdx_mon.o62 (.rtdx_text:_RTDX_Mon_Queue)
                  0002bc40    000000e0              : buffer1.o62 (.rtdx_text:_claim)
                  0002bd20    00000080              : rtdx_mon.o62 (.rtdx_text:_RTDX_Init_RT_Monitor)
                  0002bda0    00000060              : buffer1.o62 (.rtdx_text:_RTDX_Buffer_Initialize)
                  0002be00    00000060              : buffer2.o62 (.rtdx_text:_RTDX_Buffer_ReadCB)
                  0002be60    00000040              : buffer1.o62 (.rtdx_text:_RTDX_Buffer_Size)
                  0002bea0    00000040              : rtdx_mon.o62 (.rtdx_text:_RTDX_Final_RT_Monitor)
                  0002bee0    00000020              : buffer2.o62 (.rtdx_text:_RTDX_Buffer_Read)
                  0002bf00    00000020              : buffer1.o62 (.rtdx_text:_RTDX_Buffer_Write)
                  0002bf20    00000020              : rtdx_mon.o62 (.rtdx_text:_RTDX_checksum)
                  0002bf40    00000020              : intr_tgt.o62 (.rtdx_text)

.sysinit   0    0002bf60    00000520     
                  0002bf60    000002e0     my_dsp_projectcfg.obj (.sysinit)
                  0002c240    000000e0     bios.a67 : mem_init.o67 (.sysinit)
                  0002c320    000000c0              : boot.o67 (.sysinit)
                  0002c3e0    00000080              : tsk_init.o67 (.sysinit)
                  0002c460    00000020              : obj_init.o67 (.sysinit)

.rtdx_data 
*          0    0002c480    0000044c     UNINITIALIZED
                  0002c480    00000410     my_dsp_projectcfg.obj (.rtdx_data)
                  0002c890    00000020     rtdx.lib : buffer1.o62 (.rtdx_data)
                  0002c8b0    0000001c              : rtdx_mon.o62 (.rtdx_data)

.bss       0    0002c8cc    00000404     UNINITIALIZED
                  0002c8cc    00000100     bios.a67 : hwi_disp_asm.o67 (.bss)
                  0002c9cc    000000cc              : biosdata.o67 (.bss)
                  0002ca98    0000009c              : swi.o67 (.bss)
                  0002cb34    00000090     skeleton.obj (.bss)
                  0002cbc4    00000048     bios.a67 : knl.o67 (.bss)
                  0002cc0c    0000002c     config_BSPLink.obj (.bss)
                  0002cc38    00000028     my_dsp_projectcfg.obj (.bss)
                  0002cc60    00000018     bios.a67 : hwi.o67 (.bss)
                  0002cc78    00000018     lnkrtdx.a67 : rtdx.o67 (.bss)
                  0002cc90    00000010     rtdx.lib : buffer1.o62 (.bss)
                  0002cca0    0000000c     bios.a67 : tsk.o67 (.bss)
                  0002ccac    00000008              : clk_data.o67 (.bss)
                  0002ccb4    00000008              : sys.o67 (.bss)
                  0002ccbc    00000004              : clk_data2.o67 (.bss)
                  0002ccc0    00000004              : gbl_setL2CacheMode.o67 (.bss)
                  0002ccc4    00000004              : idl_busy.o67 (.bss)
                  0002ccc8    00000004              : mem_asm.o67 (.bss)
                  0002cccc    00000004     config_AIC23.obj (.bss)

.TSK_LEDTOGGLE$stk 
*          0    0002ccd0    00000400     UNINITIALIZED
                  0002ccd0    00000400     my_dsp_projectcfg.obj (.TSK_LEDTOGGLE$stk)

.TSK_idle$stk 
*          0    0002d0d0    00000400     UNINITIALIZED
                  0002d0d0    00000400     my_dsp_projectcfg.obj (.TSK_idle$stk)

.swi       0    0002d4d0    00000210     UNINITIALIZED
                  0002d4d0    00000210     my_dsp_projectcfg.obj (.swi)

.trace     0    0002d6e0    00000200     
                  0002d6e0    00000200     --HOLE-- [fill = 00000000]

.prd       0    0002d8e0    00000020     UNINITIALIZED
                  0002d8e0    00000020     my_dsp_projectcfg.obj (.prd)

.LOG_system$buf 
*          0    0002d900    00000100     UNINITIALIZED
                  0002d900    00000100     my_dsp_projectcfg.obj (.LOG_system$buf)

.hst0      0    0002da00    00000100     UNINITIALIZED
                  0002da00    00000100     my_dsp_projectcfg.obj (.hst0)

.sts       0    0002db00    00000100     
                  0002db00    00000100     my_dsp_projectcfg.obj (.sts)

.pip       0    0002dc00    000000c8     UNINITIALIZED
                  0002dc00    000000c8     my_dsp_projectcfg.obj (.pip)

.tsk       0    0002dcc8    000000c0     UNINITIALIZED
                  0002dcc8    000000c0     my_dsp_projectcfg.obj (.tsk)

.const     0    0002dd88    000000b5     
                  0002dd88    0000004e     bios.a67 : tsk_stup.o67 (.const)
                  0002ddd6    00000023              : utl_doab.o67 (.const)
                  0002ddf9    00000022              : utl_doer.o67 (.const)
                  0002de1b    00000001     --HOLE-- [fill = 0]
                  0002de1c    00000020     dsk6713bsl.lib : dsk6713.obj (.const)
                  0002de3c    00000001     bios.a67 : tsk.o67 (.const)

.printf    0    0002de3d    00000194     COPY SECTION
                  0002de3d    00000194     my_dsp_projectcfg.obj (.printf)

.gblinit   0    0002de40    0000004c     
                  0002de40    0000004c     my_dsp_projectcfg.obj (.gblinit)

.hst       0    0002de8c    0000003c     UNINITIALIZED
                  0002de8c    0000003c     my_dsp_projectcfg.obj (.hst)

.sem       0    0002dec8    0000002c     UNINITIALIZED
                  0002dec8    0000002c     my_dsp_projectcfg.obj (.sem)

.switch    0    0002def4    00000028     
                  0002def4    00000028     rtdx.lib : rtdx_mon.o62 (.switch)

.log       0    0002df1c    00000018     
                  0002df1c    00000018     my_dsp_projectcfg.obj (.log)

.idl       0    0002df34    00000010     UNINITIALIZED
                  0002df34    00000010     my_dsp_projectcfg.obj (.idl)

.idlcal    0    0002df44    00000010     UNINITIALIZED
                  0002df44    00000010     my_dsp_projectcfg.obj (.idlcal)

.sys       0    0002df54    00000010     UNINITIALIZED
                  0002df54    00000010     my_dsp_projectcfg.obj (.sys)

.trcdata   0    0002df64    0000000c     
                  0002df64    0000000c     bios.a67 : trc.o67 (.trcdata)

.clk       0    0002df70    00000008     UNINITIALIZED
                  0002df70    00000008     my_dsp_projectcfg.obj (.clk)

.args      0    0002df78    00000004     
                  0002df78    00000004     --HOLE-- [fill = 0]

.mem       0    0002df7c    00000004     UNINITIALIZED
                  0002df7c    00000004     my_dsp_projectcfg.obj (.mem)

.SDRAM$heap 
*          0    80000000    00008000     UNINITIALIZED
                  80000000    00008000     --HOLE--

.sounds    0    80008000    000004c4     UNINITIALIZED
                  80008000    000004c4     skeleton.obj (.sounds)


GLOBAL SYMBOLS: SORTED ALPHABETICALLY BY Name 

address    name
--------   ----
0002c8cc   $bss
0002c8cc   .bss
00000000   .data
0001b660   .text
0002c11c   BIOS$$CLKOFF
0002c0dc   BIOS$$CLKON
0002bf60   BIOS_init
0002c184   BIOS_start
00000000   BUF$
00000001   BUF_ENABLED
00000001   CLK$
0002df70   CLK_A_TABBEG
00000001   CLK_CALDIV
00000004   CLK_CALMULT
0000dbba   CLK_COUNTSPMS
00000000   CLK_COUNTSPMSHIGH
0002c9f4   CLK_D_idletime
0002c9f0   CLK_D_isrhook
0002c9ec   CLK_D_tabbeg
0002c9e8   CLK_D_timefxn
00024b20   CLK_F_getfhtime
00024b40   CLK_F_gethtime
00023c20   CLK_F_getltime
00024b40   CLK_F_getshtime
00023c34   CLK_F_isr
00023d94   CLK_F_itime
00022160   CLK_HOOKFXN
00000001   CLK_HTIMEDIV
00000004   CLK_HTIMEMULT
0000dbba   CLK_HTIMEPERLTIME
00004000   CLK_INTBIT
00000001   CLK_LTIMEDIV
00036ee8   CLK_LTIMEMULT
000003e8   CLK_MICROSECS
0000dbba   CLK_PRD
00000000   CLK_PRDHIGH
01940000   CLK_REGS
0002c9e4   CLK_R_time
00000020   CLK_TCR
00000000   CLK_TDDR
00000000   CLK_TDDRHIGH
00024b40   CLK_TIMEFXN
00000000   CLK_TIMERNUM
00000001   CLK_USETIMER
0002df74   CLK_null
00000000   DEV$
00000000   DGN$
00000000   DHL$
00000000   DHL_gChannelsAvailable
00000000   DIO$
00000000   DIO_NUMSWIBASE
00000000   DIO_NUMTSKBASE
00000000   DIO_STATIC
00000000   DPI$
00024be0   FXN_F_nop
00024be8   FXN_F_run
00024c38   FXN_F_zero
00000001   GBL$
00005205   GBL_A_VERSION
00000000   GBL_BIGENDIAN
00000000   GBL_C641XL2PRIORITY
00000000   GBL_CACHE
00000001   GBL_CALLCSLCFGINIT
00004e20   GBL_CLKIN
00001770   GBL_CLKTYPE
00001a39   GBL_DSPSUBTYPE
0000003e   GBL_DSPTYPE
00000001   GBL_ENABLEINST
00000042   GBL_FOOTPRINT
00036ee8   GBL_FREQ
00002226   GBL_L2ALLOC
00000000   GBL_L2CONFIGALLOC
00000001   GBL_L2CONFIGURE
00000001   GBL_L2MARMASK
00000000   GBL_L2MARMASK1
00000000   GBL_L2MARMASK2
00000000   GBL_L2MARMASK3
00000000   GBL_L2MARMASK4
00000000   GBL_L2MARMASK5
00000000   GBL_L2MODE
00000000   GBL_L2PRIORITY
00000000   GBL_NULL
00000000   GBL_PROCID
00000000   GBL_ROM
00000000   GBL_SUPPORTCSL
0000dbef   GBL_TRCMASKVALUE
00000001   GBL_USERINIT
0001f8c8   GBL_USERINITFXN
00000001   GBL_boot
0002df6c   GBL_initdone
000252c0   GBL_stackbeg
000292bf   GBL_stackend
00000000   GIO$
00025200   GIO_CREATEFXN
00025200   GIO_DELETEFXN
00025200   GIO_PENDFXN
00025200   GIO_POSTFXN
00000000   HOOK$
00000000   HOOK_KNLID
00000001   HST$
0002de8c   HST_A_TABBEG
0002dec8   HST_A_TABEND
00000000   HST_DSM
ffffffff   HST_DSMBUFSEG
00000400   HST_DSMMEMSIZE
0002ca60   HST_D_chanmask
0002ca64   HST_D_tabbeg
0002ca68   HST_D_tabend
000000ff   HST_MAXFRAMEALLOWED
00000040   HST_MAXFRAMESET
00000000   HST_NONE
00000001   HST_RTDX
00000001   HWI$
00000000   HWI_A_VECS
00005308   HWI_CFGDISPATCHED
0002cc70   HWI_D_bss
0002cc74   HWI_D_ccmask
0002cc60   HWI_D_spsave
00022160   HWI_F_dispatch
00000000   HWI_GENERATE_RESET_VEC
0000000a   HWI_INT10
00000000   HWI_INT10$hwi
0000000b   HWI_INT11
00000000   HWI_INT11$hwi
0000000c   HWI_INT12
00000000   HWI_INT12$hwi
0000000d   HWI_INT13
00000000   HWI_INT13$hwi
0000000e   HWI_INT14
00000000   HWI_INT14$hwi
0000000f   HWI_INT15
00000000   HWI_INT15$hwi
00000004   HWI_INT4
00000000   HWI_INT4$hwi
00000005   HWI_INT5
00000000   HWI_INT5$hwi
00000006   HWI_INT6
00000000   HWI_INT6$hwi
00000007   HWI_INT7
00000000   HWI_INT7$hwi
00000008   HWI_INT8
00000000   HWI_INT8$hwi
00000009   HWI_INT9
00000000   HWI_INT9$hwi
082039a3   HWI_INTRMULTHIGH
250718a4   HWI_INTRMULTLOW
00000001   HWI_NMI
00000000   HWI_NMI$hwi
00000000   HWI_POLARITYMASK
00000002   HWI_RESERVED0
00000000   HWI_RESERVED0$hwi
00000003   HWI_RESERVED1
00000000   HWI_RESERVED1$hwi
00000000   HWI_RESET
00000000   HWI_RESET$hwi
00000001   HWI_ZEROTAB
00000001   IDL$
0002df44   IDL_A_CALBEG
0002df34   IDL_A_TABBEG
00000006   IDL_CALIBRERROR
00025100   IDL_CALIBRFXN
0002ccc4   IDL_D_busyObj
0002c9d4   IDL_D_calbeg
0002c9d0   IDL_D_calibrate
0002c9cc   IDL_D_tabbeg
0002df40   IDL_END
0002df50   IDL_END$
00024c60   IDL_F_busy
00024de0   IDL_F_calibrate
00025240   IDL_F_loop
00025100   IDL_F_stub
00000001   IDL_USECLKIDLTIME
0002dbf4   IDL_busyObj
0002dfcc   IDL_busyObj$avgfmt
00000001   IDL_busyObj$filter
00000001   IDL_busyObj$iA
00000000   IDL_busyObj$iB
00000001   IDL_busyObj$iC
0002dfc6   IDL_busyObj$maxfmt
00000000   IDL_busyObj$operation
0002dbf0   IDL_busyObj$stsobj
0002dfc9   IDL_busyObj$sumfmt
00000002   IDL_busyObj$unittype
0002df34   IDL_cpuLoad
0002df44   IDL_cpuLoad$
ffffffff   IRAM
00000001   ISRC$
00023be0   KNL_glue
0002d4fc   KNL_swi
00000001   KNL_swi$dorta
00000002   KNL_swi$ord
00000000   KNL_swi$pri
0002db24   KNL_swi$sts
0002de84   KNL_swi$sts$avgfmt
00000002   KNL_swi$sts$filter
00000001   KNL_swi$sts$filtmaxmult
00000001   KNL_swi$sts$filtsummult
0002de74   KNL_swi$sts$maxfmt
0002db20   KNL_swi$sts$stsobj
0002de7c   KNL_swi$sts$sumfmt
00000000   KNL_swi$sts$unittype
00000000   KNL_swi$swi
00000001   LCK$
00021040   LNK_F_checkBufferCall
000210c0   LNK_F_dataPump
00021060   LNK_F_getChanPtr
000210b8   LNK_F_init
00021604   LNK_F_readCallBack
0002df38   LNK_dataPump
0002df48   LNK_dataPump$
0002cc7c   LNK_dspFrameReadyMask
0002cc78   LNK_dspFrameRequestMask
00021360   LNK_newin
000214a0   LNK_newout
000210d4   LNK_rcloop
000211a0   LNK_rdrtry
0002cc84   LNK_readDone
0002cc88   LNK_readFail
0002cc80   LNK_readPend
000211b0   LNK_rrloop
0002cc8c   LNK_writeFail
00021284   LNK_wrloop
00021274   LNK_wrrtry
00000001   LOG$
0002df1c   LOG_A_TABBEG
0002df34   LOG_A_TABEND
00000001   LOG_A_TABLEN
0002c9d8   LOG_D_system
00000001   LOG_ENABLED
00024ce0   LOG_F_event
0002df1c   LOG_system
0002d900   LOG_system$buf
00000000   LOG_system$datatype
00000000   LOG_system$log
00000040   LOG_system$size
00000000   MBX$
00000001   MEM$
0002cc44   MEM_MALLOCSEG
00000000   MEM_NULL
0002cc44   MEM_SEGZERO
00000000   MEM_USEMPC
00000001   MEM_gNumHeap
00000000   MSGQ$
00000000   MSGQ_USEMSGQ
00000000   OBJ$
00000000   PIP$
0002dc00   PIP_A_TABBEG
0002dcc8   PIP_A_TABEND
00000002   PIP_A_TABLEN
0002c9dc   PIP_D_tabbeg
0002c9e0   PIP_D_tablen
00023494   PIP_F_give
00023494   PIP_F_probe
00023568   PIP_F_start
00023400   PIP_F_take
00000064   PIP_OBJSIZE
00000000   PIP_gNextId
00000002   PIP_gNumEmbed
00000000   POOL$
00000000   POOL_USEPOOL
00000001   PRD$
0002d8e0   PRD_A_TABBEG
0002d900   PRD_A_TABEND
00000001   PRD_A_TABLEN
0002ca1c   PRD_D_cur
0002ca20   PRD_D_elapsed
0002ca24   PRD_D_prevtim
0002ca28   PRD_D_scalar
0002ca2c   PRD_D_swihandle
0002ca30   PRD_D_tabbeg
0002ca34   PRD_D_tablen
0002ca38   PRD_D_thook
0002ca18   PRD_D_tick
000225c0   PRD_F_swi
00022880   PRD_F_tick
00000008   PRD_SCALAR
0002d4d0   PRD_SWIHANDLE
0002d8e0   PRD_Sek
0002d8fc   PRD_Sek$aaa
00000000   PRD_Sek$mode
00000001   PRD_Sek$ord
000003e8   PRD_Sek$period
00000000   PRD_Sek$prd
0002db04   PRD_Sek$sts
0002de4f   PRD_Sek$sts$avgfmt
00000000   PRD_Sek$sts$filter
0002de3d   PRD_Sek$sts$maxfmt
0002db00   PRD_Sek$sts$stsobj
0002de46   PRD_Sek$sts$sumfmt
00000002   PRD_Sek$sts$unittype
000233e0   PRD_THOOKFXN
0002df70   PRD_clock
0002d4d0   PRD_swi
00000001   PRD_swi$dorta
00000001   PRD_swi$ord
00000001   PRD_swi$pri
0002db14   PRD_swi$sts
0002de6a   PRD_swi$sts$avgfmt
00000002   PRD_swi$sts$filter
00000001   PRD_swi$sts$filtmaxmult
00000001   PRD_swi$sts$filtsummult
0002de5a   PRD_swi$sts$maxfmt
0002db10   PRD_swi$sts$stsobj
0002de62   PRD_swi$sts$sumfmt
00000000   PRD_swi$sts$unittype
00000000   PRD_swi$swi
00000001   QUE$
0002ca3c   RTA_D_fromHost
0002ca44   RTA_D_logval
0002ca54   RTA_D_stsval
0002ca40   RTA_D_toHost
00025140   RTA_F_andn
00022d18   RTA_F_dispatch
00022c20   RTA_F_getlog
00022c64   RTA_F_getsts
00025160   RTA_F_or
00022cac   RTA_F_readblk
00022cd8   RTA_F_resetmem
00022ccc   RTA_F_writeword
0002df3c   RTA_dispatcher
0002df4c   RTA_dispatcher$
00022d68   RTA_execute
0002de90   RTA_fromHost
0001b650   RTA_fromHost$buf
00000004   RTA_fromHost$framesize
00000000   RTA_fromHost$hst
00000001   RTA_fromHost$id
00000000   RTA_fromHost$mode
0002dc00   RTA_fromHost$pipe
0002dc30   RTA_fromHost$pipe$aaa
0002dc60   RTA_fromHost$pipe$bbb
0002cc48   RTA_fromHost$pipe$dtab
0002dc04   RTA_fromHost$pipe$rd
0002dc34   RTA_fromHost$pipe$wr
0002de98   RTA_fromHost$rtdx
0002deac   RTA_toHost
0002da00   RTA_toHost$buf
00000040   RTA_toHost$framesize
00000000   RTA_toHost$hst
00000000   RTA_toHost$id
00000001   RTA_toHost$mode
0002dc64   RTA_toHost$pipe
0002dc94   RTA_toHost$pipe$aaa
0002dcc4   RTA_toHost$pipe$bbb
0002cc54   RTA_toHost$pipe$dtab
0002dc68   RTA_toHost$pipe$rd
0002dc98   RTA_toHost$pipe$wr
0002deb4   RTA_toHost$rtdx
00000001   RTDX$
00000408   RTDX_BUFMEMSIZE
ffffffff   RTDX_DATAMEMSEG
00000000   RTDX_MODE
00000001   RTDX_NORMALIZED_HDR
00000001   RTDX_USERTDX
00000000   RTDX_USERTEXECUTION
0002cc44   SDRAM
80000000   SDRAM$B
00008000   SDRAM$L
00000001   SEM$
0002ded4   SEM_LEDToggle
00000000   SIO$
00000001   STS$
0002db00   STS_A_TABBEG
0002dc00   STS_A_TABEND
00024d98   STS_F_add
00024d60   STS_F_delta
00024dc4   STS_F_reset
00000001   SWI$
0002d5d8   SWI_ADC_In_Ping
00000001   SWI_ADC_In_Ping$dorta
00000007   SWI_ADC_In_Ping$ord
00000004   SWI_ADC_In_Ping$pri
0002db74   SWI_ADC_In_Ping$sts
0002df06   SWI_ADC_In_Ping$sts$avgfmt
00000002   SWI_ADC_In_Ping$sts$filter
00000001   SWI_ADC_In_Ping$sts$filtmaxmult
00000001   SWI_ADC_In_Ping$sts$filtsummult
0002def6   SWI_ADC_In_Ping$sts$maxfmt
0002db70   SWI_ADC_In_Ping$sts$stsobj
0002defe   SWI_ADC_In_Ping$sts$sumfmt
00000000   SWI_ADC_In_Ping$sts$unittype
00000000   SWI_ADC_In_Ping$swi
0002d604   SWI_ADC_In_Pong
00000001   SWI_ADC_In_Pong$dorta
00000008   SWI_ADC_In_Pong$ord
00000004   SWI_ADC_In_Pong$pri
0002db84   SWI_ADC_In_Pong$sts
0002df20   SWI_ADC_In_Pong$sts$avgfmt
00000002   SWI_ADC_In_Pong$sts$filter
00000001   SWI_ADC_In_Pong$sts$filtmaxmult
00000001   SWI_ADC_In_Pong$sts$filtsummult
0002df10   SWI_ADC_In_Pong$sts$maxfmt
0002db80   SWI_ADC_In_Pong$sts$stsobj
0002df18   SWI_ADC_In_Pong$sts$sumfmt
00000000   SWI_ADC_In_Pong$sts$unittype
00000000   SWI_ADC_In_Pong$swi
0002d580   SWI_ADC_Out_Ping
00000001   SWI_ADC_Out_Ping$dorta
00000005   SWI_ADC_Out_Ping$ord
00000004   SWI_ADC_Out_Ping$pri
0002db54   SWI_ADC_Out_Ping$sts
0002ded2   SWI_ADC_Out_Ping$sts$avgfmt
00000002   SWI_ADC_Out_Ping$sts$filter
00000001   SWI_ADC_Out_Ping$sts$filtmaxmult
00000001   SWI_ADC_Out_Ping$sts$filtsummult
0002dec2   SWI_ADC_Out_Ping$sts$maxfmt
0002db50   SWI_ADC_Out_Ping$sts$stsobj
0002deca   SWI_ADC_Out_Ping$sts$sumfmt
00000000   SWI_ADC_Out_Ping$sts$unittype
00000000   SWI_ADC_Out_Ping$swi
0002d5ac   SWI_ADC_Out_Pong
00000001   SWI_ADC_Out_Pong$dorta
00000006   SWI_ADC_Out_Pong$ord
00000004   SWI_ADC_Out_Pong$pri
0002db64   SWI_ADC_Out_Pong$sts
0002deec   SWI_ADC_Out_Pong$sts$avgfmt
00000002   SWI_ADC_Out_Pong$sts$filter
00000001   SWI_ADC_Out_Pong$sts$filtmaxmult
00000001   SWI_ADC_Out_Pong$sts$filtsummult
0002dedc   SWI_ADC_Out_Pong$sts$maxfmt
0002db60   SWI_ADC_Out_Pong$sts$stsobj
0002dee4   SWI_ADC_Out_Pong$sts$sumfmt
00000000   SWI_ADC_Out_Pong$sts$unittype
00000000   SWI_ADC_Out_Pong$swi
0002d4d0   SWI_A_TABBEG
0002d6e0   SWI_A_TABEND
0000000c   SWI_A_TABLEN
0002d528   SWI_BSPLink_In_Ping
00000001   SWI_BSPLink_In_Ping$dorta
00000003   SWI_BSPLink_In_Ping$ord
00000008   SWI_BSPLink_In_Ping$pri
0002db34   SWI_BSPLink_In_Ping$sts
0002de9e   SWI_BSPLink_In_Ping$sts$avgfmt
00000002   SWI_BSPLink_In_Ping$sts$filter
00000001   SWI_BSPLink_In_Ping$sts$filtmaxmult
00000001   SWI_BSPLink_In_Ping$sts$filtsummult
0002de8e   SWI_BSPLink_In_Ping$sts$maxfmt
0002db30   SWI_BSPLink_In_Ping$sts$stsobj
0002de96   SWI_BSPLink_In_Ping$sts$sumfmt
00000000   SWI_BSPLink_In_Ping$sts$unittype
00000000   SWI_BSPLink_In_Ping$swi
0002d554   SWI_BSPLink_In_Pong
00000001   SWI_BSPLink_In_Pong$dorta
00000004   SWI_BSPLink_In_Pong$ord
00000007   SWI_BSPLink_In_Pong$pri
0002db44   SWI_BSPLink_In_Pong$sts
0002deb8   SWI_BSPLink_In_Pong$sts$avgfmt
00000002   SWI_BSPLink_In_Pong$sts$filter
00000001   SWI_BSPLink_In_Pong$sts$filtmaxmult
00000001   SWI_BSPLink_In_Pong$sts$filtsummult
0002dea8   SWI_BSPLink_In_Pong$sts$maxfmt
0002db40   SWI_BSPLink_In_Pong$sts$stsobj
0002deb0   SWI_BSPLink_In_Pong$sts$sumfmt
00000000   SWI_BSPLink_In_Pong$sts$unittype
00000000   SWI_BSPLink_In_Pong$swi
0002d630   SWI_BSPLink_Out_Ping
00000001   SWI_BSPLink_Out_Ping$dorta
00000009   SWI_BSPLink_Out_Ping$ord
00000008   SWI_BSPLink_Out_Ping$pri
0002db94   SWI_BSPLink_Out_Ping$sts
0002df3a   SWI_BSPLink_Out_Ping$sts$avgfmt
00000002   SWI_BSPLink_Out_Ping$sts$filter
00000001   SWI_BSPLink_Out_Ping$sts$filtmaxmult
00000001   SWI_BSPLink_Out_Ping$sts$filtsummult
0002df2a   SWI_BSPLink_Out_Ping$sts$maxfmt
0002db90   SWI_BSPLink_Out_Ping$sts$stsobj
0002df32   SWI_BSPLink_Out_Ping$sts$sumfmt
00000000   SWI_BSPLink_Out_Ping$sts$unittype
00000000   SWI_BSPLink_Out_Ping$swi
0002d65c   SWI_BSPLink_Out_Pong
00000001   SWI_BSPLink_Out_Pong$dorta
0000000a   SWI_BSPLink_Out_Pong$ord
00000007   SWI_BSPLink_Out_Pong$pri
0002dba4   SWI_BSPLink_Out_Pong$sts
0002df54   SWI_BSPLink_Out_Pong$sts$avgfmt
00000002   SWI_BSPLink_Out_Pong$sts$filter
00000001   SWI_BSPLink_Out_Pong$sts$filtmaxmult
00000001   SWI_BSPLink_Out_Pong$sts$filtsummult
0002df44   SWI_BSPLink_Out_Pong$sts$maxfmt
0002dba0   SWI_BSPLink_Out_Pong$sts$stsobj
0002df4c   SWI_BSPLink_Out_Pong$sts$sumfmt
00000000   SWI_BSPLink_Out_Pong$sts$unittype
00000000   SWI_BSPLink_Out_Pong$swi
0002cab0   SWI_D_curfxn
0002caa0   SWI_D_curmask
0002caac   SWI_D_curmbox
0002caa4   SWI_D_curset
0002ca9c   SWI_D_execaddr
0002cab8   SWI_D_inswi
0002caa8   SWI_D_lock
0002cab4   SWI_D_rdybeg
0002cabc   SWI_D_rdytab
0002ca98   SWI_D_runaddr
0002d688   SWI_Decode_Buffer
00000001   SWI_Decode_Buffer$dorta
0000000b   SWI_Decode_Buffer$ord
00000003   SWI_Decode_Buffer$pri
0002dbb4   SWI_Decode_Buffer$sts
0002df6e   SWI_Decode_Buffer$sts$avgfmt
00000002   SWI_Decode_Buffer$sts$filter
00000001   SWI_Decode_Buffer$sts$filtmaxmult
00000001   SWI_Decode_Buffer$sts$filtsummult
0002df5e   SWI_Decode_Buffer$sts$maxfmt
0002dbb0   SWI_Decode_Buffer$sts$stsobj
0002df66   SWI_Decode_Buffer$sts$sumfmt
00000000   SWI_Decode_Buffer$sts$unittype
00000000   SWI_Decode_Buffer$swi
00000000   SWI_EHOOKFXN
00021e3c   SWI_EXECFXN
0002d6b4   SWI_Encode_Buffer
00000001   SWI_Encode_Buffer$dorta
0000000c   SWI_Encode_Buffer$ord
00000004   SWI_Encode_Buffer$pri
0002dbc4   SWI_Encode_Buffer$sts
0002df88   SWI_Encode_Buffer$sts$avgfmt
00000002   SWI_Encode_Buffer$sts$filter
00000001   SWI_Encode_Buffer$sts$filtmaxmult
00000001   SWI_Encode_Buffer$sts$filtsummult
0002df78   SWI_Encode_Buffer$sts$maxfmt
0002dbc0   SWI_Encode_Buffer$sts$stsobj
0002df80   SWI_Encode_Buffer$sts$sumfmt
00000000   SWI_Encode_Buffer$sts$unittype
00000000   SWI_Encode_Buffer$swi
00021c20   SWI_F_enable
00021e3c   SWI_F_exec
00021e68   SWI_F_iexec
00021c90   SWI_F_post
00021ef8   SWI_F_run
00000000   SWI_IHOOKFXN
00021ef8   SWI_RUNFXN
00000001   SYS$
0002df54   SYS$config
00025180   SYS_ABORTFXN
00025280   SYS_ERRORFXN
000252a0   SYS_EXITFXN
00025040   SYS_PUTCFXN
0002df68   TRC_R_mask
0002df64   TRC_cinit
00000001   TSK$
0002dd34   TSK_LEDTOGGLE
00000003   TSK_LEDTOGGLE$ord
00000002   TSK_LEDTOGGLE$pri
0002ccd0   TSK_LEDTOGGLE$stack
0002d068   TSK_LEDTOGGLE$stkptr
0002dbe4   TSK_LEDTOGGLE$sts
0002dfbc   TSK_LEDTOGGLE$sts$avgfmt
00000002   TSK_LEDTOGGLE$sts$filter
00000001   TSK_LEDTOGGLE$sts$filtmaxmult
00000001   TSK_LEDTOGGLE$sts$filtsummult
0002dfac   TSK_LEDTOGGLE$sts$maxfmt
0002dbe0   TSK_LEDTOGGLE$sts$stsobj
0002dfb4   TSK_LEDTOGGLE$sts$sumfmt
00000000   TSK_LEDTOGGLE$sts$unittype
00000000   TSK_LEDTOGGLE$tsk
00000000   TSK_NUM_HOOKS
00000001   TSK_PRIORITY
00000000   TSK_READYFXN
00000000   TSK_STACKSEG
00000400   TSK_STACKSIZE
00000000   TSK_SWITCHFXN
00025200   TSK_VCREATEFXN
00025200   TSK_VDELETEFXN
00025200   TSK_VEXITFXN
0002dcd4   TSK_idle
00000001   TSK_idle$ord
00000000   TSK_idle$pri
0002d0d0   TSK_idle$stack
0002d468   TSK_idle$stkptr
0002dbd4   TSK_idle$sts
0002dfa2   TSK_idle$sts$avgfmt
00000002   TSK_idle$sts$filter
00000001   TSK_idle$sts$filtmaxmult
00000001   TSK_idle$sts$filtsummult
0002df92   TSK_idle$sts$maxfmt
0002dbd0   TSK_idle$sts$stsobj
0002df9a   TSK_idle$sts$sumfmt
00000000   TSK_idle$sts$unittype
00000000   TSK_idle$tsk
00000000   UDEV$
0001c398   _ADC_In_Ping
0001c3f0   _ADC_In_Pong
0001c318   _ADC_Out_Ping
0001c358   _ADC_Out_Pong
00000200   _AIC_Buffer_in_ping
00001b00   _AIC_Buffer_in_pong
00003400   _AIC_Buffer_out_ping
00004d00   _AIC_Buffer_out_pong
0002bf60   _BIOS_init
0002c184   _BIOS_start
0000cd20   _BSPLinkBuffer_in_ping
0000da04   _BSPLinkBuffer_in_pong
0000e6e8   _BSPLinkBuffer_out_ping
0000f3cc   _BSPLinkBuffer_out_pong
0001c448   _BSPLink_In_Ping
0001c49c   _BSPLink_In_Pong
0001c4f0   _BSPLink_Out_Ping
0001c59c   _BSPLink_Out_Pong
0001b4f0   _BSPLink_interface_config
0000dbba   _CLK_COUNTSPMS
0002ccac   _CLK_DFLTMICROSECS
0002ca14   _CLK_D_countspms
0002ca08   _CLK_D_dirty
0002ccb0   _CLK_D_microseconds
0002ca0c   _CLK_D_prd
0002ca10   _CLK_D_tddr
00023d94   _CLK_F_itime
0000dbba   _CLK_PRD
01940000   _CLK_REGS
00000000   _CLK_TDDR
00000000   _CLK_TIMERNUM
00000001   _CLK_USETIMER
0002c9f8   _CLK_htimeDiv
0002c9fc   _CLK_htimeMult
0002ccbc   _CLK_htimePerLtime
00023d94   _CLK_itime
0002ca00   _CLK_ltimeDiv
0002ca04   _CLK_ltimeMult
00024740   _CLK_measure
000250a0   _CLK_start
000251c0   _CLK_stop
00020ea0   _CSL6713_LIB_
0001eba0   _Config_DSK6713_AIC23
0002cb98   _DECODER
00020b88   _DSK6713_DIP_get
00020b80   _DSK6713_DIP_init
0001f000   _DSK6713_LED_init
0001f040   _DSK6713_LED_off
0001f0b0   _DSK6713_LED_on
0001f120   _DSK6713_LED_toggle
0001e374   _DSK6713_getVersion
0001dfac   _DSK6713_init
0001e2c8   _DSK6713_rget
0001e2dc   _DSK6713_rset
0001b64c   _DSK6713_version
0001e2f0   _DSK6713_wait
0001e348   _DSK6713_waitusec
0000b420   _Decoding_Buffer
0002cb74   _Decoding_Buffer_i
0001bee4   _EDMA_ISR
0001f560   _EDMA_allocTable
00020340   _EDMA_config
00020c00   _EDMA_disableChannel
00020c60   _EDMA_enableChannel
00020040   _EDMA_intAlloc
00020ec0   _EDMA_intClear
00020cc0   _EDMA_intEnable
00020ee0   _EDMA_intTest
00020de0   _EDMA_link
0001e6e0   _EDMA_open
00020d20   _EDMA_qdmaConfig
0001fb80   _EDMA_reset
0002cb94   _ENCODER
0000c0a0   _Encoding_Buffer
0002cb7c   _Encoding_Buffer_i
00025200   _FXN_F_nop
00024be8   _FXN_F_run
00024c38   _FXN_F_zero
00000000   _GBL_CACHE
0002ca70   _GBL_clkIn
000243c0   _GBL_cslCacheInit
0002ca74   _GBL_freq
00025220   _GBL_getVersion
0002ca6c   _GBL_procId
0001f8c8   _GBL_setPLLto225MHz
0002de8c   _HST_A_TABBEG
0002dec8   _HST_A_TABEND
00005308   _HWI_CFGDISPATCHED
0002cc6c   _HWI_D_inhwi
0002cc60   _HWI_D_spsave
00022160   _HWI_F_dispatch
0000000a   _HWI_INT10
0000000b   _HWI_INT11
0000000c   _HWI_INT12
0000000d   _HWI_INT13
0000000e   _HWI_INT14
0000000f   _HWI_INT15
00000004   _HWI_INT4
00000005   _HWI_INT5
00000006   _HWI_INT6
00000007   _HWI_INT7
00000008   _HWI_INT8
00000009   _HWI_INT9
00000001   _HWI_NMI
00000002   _HWI_RESERVED0
00000003   _HWI_RESERVED1
00000000   _HWI_RESET
000292b8   _HWI_STKBOTTOM
000252c0   _HWI_STKTOP
0002cc60   _HWI_data
00024e60   _HWI_disable
0002c8cc   _HWI_dispatchTab
00024e78   _HWI_enable
00024e8c   _HWI_restore
0002dbf4   _IDL_busyObj
0002df34   _IDL_cpuLoad
00025240   _IDL_loop
ffffffff   _IRAM
00020f00   _IRQ_clear
00020e20   _IRQ_enable
00020f20   _IRQ_globalEnable
0001f1e0   _IRQ_map
0002cbcc   _KNL_alarm
00024280   _KNL_check
0002cbf0   _KNL_curqueue
0002cbe0   _KNL_curtask
0002cbe8   _KNL_curtime
0001b364   _KNL_dummy
000244f4   _KNL_enter
000244a0   _KNL_exit
00024358   _KNL_idle
0002cc08   _KNL_idlefxn
0002cbd4   _KNL_inactive
00024820   _KNL_ipost
0002437c   _KNL_max
0002cbf4   _KNL_maxqueue
000248e0   _KNL_post
0002cbe4   _KNL_prevtask
0002cbd8   _KNL_priority
0001b2c4   _KNL_queues
00022960   _KNL_run
00023a60   _KNL_saveIsrFrame
0002cbdc   _KNL_set
0002cbd0   _KNL_setpri
0002d4fc   _KNL_swi
0002cbec   _KNL_swiptr
00023b2c   _KNL_switch
0002cbfc   _KNL_tcreatefxn
0002cc00   _KNL_tdeletefxn
000233e0   _KNL_tick
0002cc04   _KNL_treadyfxn
0002cbf8   _KNL_tswitchfxn
0002cbc4   _KNL_wFlag
0002cbc8   _KNL_wList
000249d0   _LCK_pend
000249a0   _LCK_post
0002df38   _LNK_dataPump
0002cc7c   _LNK_dspFrameReadyMask
0002cc78   _LNK_dspFrameRequestMask
0002cc84   _LNK_readDone
0002cc88   _LNK_readFail
0002cc80   _LNK_readPend
0002cc8c   _LNK_writeFail
0002df1c   _LOG_A_TABBEG
0002df34   _LOG_A_TABEND
00000001   _LOG_A_TABLEN
0002c9d8   _LOG_D_system
00024ce0   _LOG_event
0002df1c   _LOG_system
00020860   _MCBSP_close
00020900   _MCBSP_config
00020f40   _MCBSP_getRcvAddr
00020f60   _MCBSP_getXmtAddr
00020140   _MCBSP_open
0001f700   _MCBSP_reset
00020240   _MCBSP_start
00020f80   _MCBSP_write
00020fa0   _MCBSP_xrdy
0002ccc8   _MEM
0002ca78   _MEM_D_NUMSEGMENTS
0002ca80   _MEM_D_freelist
0002ca84   _MEM_D_lockaddr
0002ca7c   _MEM_D_memtab
0002ca88   _MEM_D_unlockaddr
0002c240   _MEM_init
0002cc38   _MEM_memtab
80008000   _MySinus
800080dc   _MySound
0002c460   _OBJ_init
0001b430   _OBJ_segtab
0001b3f8   _OBJ_table
0002dc00   _PIP_A_TABBEG
0002dcc8   _PIP_A_TABEND
0002ca18   _PRD_D_tick
0002d8e0   _PRD_Sek
0002df70   _PRD_clock
0002d4d0   _PRD_swi
0002df3c   _RTA_dispatcher
0002de90   _RTA_fromHost
0002deac   _RTA_toHost
0002c480   _RTDX_Buffer
0002c88c   _RTDX_Buffer_End
0002bda0   _RTDX_Buffer_Initialize
0002bee0   _RTDX_Buffer_Read
0002be00   _RTDX_Buffer_ReadCB
0002be60   _RTDX_Buffer_Size
0002c888   _RTDX_Buffer_Start
0002bf00   _RTDX_Buffer_Write
0002b4c0   _RTDX_Buffer_WriteCB
0002bea0   _RTDX_Final_RT_Monitor
0002bd20   _RTDX_Init_RT_Monitor
00000002   _RTDX_JTAGONLY
0002bf40   _RTDX_Mask_IER
0002bb00   _RTDX_Mon_Queue
0002b0c0   _RTDX_Poll
00000000   _RTDX_interrupt_mask
0002c89c   _RTDX_writing
00006600   _Ringbuffer_Audio_in
00008d10   _Ringbuffer_Audio_out
0002cc44   _SDRAM
80000000   _SDRAM_base
00008000   _SDRAM_length
0002ded4   _SEM_LEDToggle
00024f20   _SEM_pend
00024ec0   _SEM_pendBinary
00022ee0   _SEM_pendEnterKnl
00024660   _SEM_post
00024660   _SEM_postBinary
00024580   _SEM_postEnterKnl
0002db00   _STS_A_TABBEG
0002dc00   _STS_A_TABEND
00024d98   _STS_add
00024d60   _STS_delta
00024dc4   _STS_reset
00025260   _STS_set
0002d5d8   _SWI_ADC_In_Ping
0002d604   _SWI_ADC_In_Pong
0002d580   _SWI_ADC_Out_Ping
0002d5ac   _SWI_ADC_Out_Pong
0002d528   _SWI_BSPLink_In_Ping
0002d554   _SWI_BSPLink_In_Pong
0002d630   _SWI_BSPLink_Out_Ping
0002d65c   _SWI_BSPLink_Out_Pong
0002cab0   _SWI_D_curfxn
0002caa0   _SWI_D_curmask
0002caa4   _SWI_D_curset
0002ca9c   _SWI_D_execaddr
0002cab8   _SWI_D_inswi
0002caa8   _SWI_D_lock
0002cab4   _SWI_D_rdybeg
0002ca98   _SWI_D_runaddr
0002d688   _SWI_Decode_Buffer
0002d6b4   _SWI_Encode_Buffer
0001d76c   _SWI_LEDToggle
0002ca98   _SWI_data
00024f80   _SWI_disable
00024fa8   _SWI_enable
00021c90   _SWI_post
0002ca8c   _SYS
0002d6e0   _SYS_PUTCBEG
0002d8df   _SYS_PUTCEND
00024fe0   _SYS_abort
00024a60   _SYS_exit
0001b5f8   _SYS_exitStack
0002ccb4   _SYS_exitStackPtr
0002ccb8   _SYS_exitStackTop
0001fcc0   _TIMER_open
0001fe00   _TIMER_reset
0002df68   _TRC_R_mask
0002cca8   _TSK
0001b39c   _TSK_ATTRS
0002dd34   _TSK_LEDTOGGLE
0001b3b8   _TSK_config
00023de0   _TSK_exit
0002dcd4   _TSK_idle
0002c3e0   _TSK_init
0002cca0   _TSK_nTasks
0002cca4   _TSK_pid
00023860   _TSK_setup
000241c0   _TSK_startup
0001b3d8   _TSK_timerSem
00025180   _UTL_doAbort
00025280   _UTL_doError
00025040   _UTL_doPutc
000252a0   _UTL_halt
00023db0   __CLK_lat1beg
00023ddc   __CLK_lat1end
0001ede0   __CSL_init
00021a74   __GBL_setL2CacheMode
0002ca94   __HOOK_NUMHOOKS
0002ca90   __HOOK_knlId
00022160   __HWI_lat1beg
000222e0   __HWI_lat1end
000222e0   __HWI_lat2beg
00022480   __HWI_lat2end1
0002240c   __HWI_lat2end2
000224a0   __HWI_lat3beg
000225a0   __HWI_lat3end1
0002243c   __HWI_lat3end2
00024c60   __IDL_lat1beg
00024cb0   __IDL_lat1end
0001b2bc   __IRQ_dispatchTable
0001b1f8   __IRQ_eventTable
00021020   __IRQ_hookFetchPacket
000209a0   __IRQ_init
0001b27c   __IRQ_intTable
000242d0   __KNL_lat1beg
00024358   __KNL_lat1end
00024ce0   __LOG_lat1beg
0001b570   __MCBSP_hDev0
0001b574   __MCBSP_hDev1
0001b4c8   __MEM_mutex
00022cd8   __RTA_lat1beg
00022d10   __RTA_lat1end
00023640   __SEM_dopost
000292c0   __STACK_END
00004000   __STACK_SIZE
00021dcc   __SWI_lat1beg
00021e80   __SWI_lat1end
00021e84   __SWI_lat2beg
00021ef4   __SWI_lat2end
00021c20   __SWI_lat3beg
00021c8c   __SWI_lat3end
0001b5d4   __TIMER_deviceTable
0001b5f4   __TIMER_hBios
0001b5ec   __TIMER_hDev0
0001b5f0   __TIMER_hDev1
0001b4a0   __TSK_mutex
0001b63c   ___TI_enable_exit_profile_output
ffffffff   ___TI_pprof_out_hndl
ffffffff   ___TI_prof_data_size
ffffffff   ___TI_prof_data_start
00020e60   ___add_dtor
0001b048   ___atexit_func_id__
ffffffff   ___binit__
0002c8cc   ___bss__
ffffffff   ___c_args__
000292c0   ___cinit__
00000000   ___data__
00000000   ___edata__
0002ccd0   ___end__
00021040   ___etext__
0002b0b4   ___pinit__
0001b660   ___text__
00023f80   __auto_init
0001b634   __cleanup_ptr
0001e3e0   __divf
0001b638   __dtors_ptr
00020a40   __fltlif
00020d80   __fltulf
0001b640   __lock
00020fc0   __nop
00020420   __nround
00020fe0   __register_lock
00021000   __register_unlock
000252c0   __stack
00020500   __strasg
0001b644   __unlock
000205e0   _atexit
000158c8   _b_enc
0002c320   _c_int00
0001fa20   _call_dtors
0002cb8c   _configComplete
0001b510   _configEDMABSPLinkRcv
0001b528   _configEDMABSPLinkXmt
000100d0   _configEDMARcv
000100e8   _configEDMAXmt
0001b8ac   _config_AIC23_EDMA
0001d860   _config_BSPLink
0001d9d8   _config_BSPLink_EDMA
0001be50   _config_interrupts
0002cb81   _dataDetected
000100b0   _datainterface_config
0002cb34   _debug_buff_i
00010100   _debug_denum
0001c648   _decode_buffer
0002cb78   _decoding_buff_valid
0002cb9c   _den_f
0001b648   _dtors
00010148   _e_enc
0001ca0c   _encode_buffer
0002cb80   _encoding_buff_valid
0001d33c   _framing_link_data
0002cc10   _hEdmaBSPLinkRcv
0002cc14   _hEdmaBSPLinkRcvRelPing
0002cc18   _hEdmaBSPLinkRcvRelPong
0002cc1c   _hEdmaBSPLinkXmt
0002cc20   _hEdmaBSPLinkXmtRelPing
0002cc24   _hEdmaBSPLinkXmtRelPong
0002cb3c   _hEdmaRcv
0002cb40   _hEdmaRcvRelPing
0002cb44   _hEdmaRcvRelPong
0002cb48   _hEdmaXmt
0002cb4c   _hEdmaXmtRelPing
0002cb50   _hEdmaXmtRelPong
0002cb38   _hMcbsp_AIC23
0002cccc   _hMcbsp_AIC23_Config
0002cc0c   _hMcbsp_Link
0001b6a8   _main
0001e960   _memcpy
0001ff20   _memset
000206c0   _modf
0002cba0   _num_f
0001d5e8   _read_buffer_audio_out
0002cb64   _ringbuff_audio_in_read_i
0002cb68   _ringbuff_audio_in_write_i
0002cb6c   _ringbuff_audio_out_read_i
0002cb70   _ringbuff_audio_out_write_i
0002cb88   _ringbuffer_in_ready
0002cc98   _rtdxNullChanCnt
0002cc9c   _rtdxNullFuncCnt
0002c890   _rtdx_buffer_state
0002c8b0   _rtdx_mon_state
0002cb84   _soundBuffer_i
0002cb90   _t_reg
0001b460   _tccAllocTable
0002cc28   _tccBSPLinkRcvPing
0002cc2c   _tccBSPLinkRcvPong
0002cc30   _tccBSPLinkXmtPing
0002cc34   _tccBSPLinkXmtPong
0002cb54   _tccRcvPing
0002cb58   _tccRcvPong
0002cb5c   _tccXmtPing
0002cb60   _tccXmtPong
0002cb8a   _time_cnt
0001d798   _tsk_led_toggle
0001f8a0   _wait500nS
0001d6a0   _write_buffer_audio_in
0001d488   _write_decoding_buffer
00010130   _y_enc
ffffffff   binit
000292c0   cinit
00000000   edata
0002ccd0   end
00021040   etext
00000000   hwi0
00000020   hwi1
00000140   hwi10
00000160   hwi11
00000180   hwi12
000001a0   hwi13
000001c0   hwi14
000001e0   hwi15
00000040   hwi2
00000060   hwi3
00000080   hwi4
000000a0   hwi5
000000c0   hwi6
000000e0   hwi7
00000100   hwi8
00000120   hwi9
0002b0b4   pinit


GLOBAL SYMBOLS: SORTED BY Symbol Address 

address    name
--------   ----
00000000   .data
00000000   BUF$
00000000   CLK_COUNTSPMSHIGH
00000000   CLK_PRDHIGH
00000000   CLK_TDDR
00000000   CLK_TDDRHIGH
00000000   CLK_TIMERNUM
00000000   DEV$
00000000   DGN$
00000000   DHL$
00000000   DHL_gChannelsAvailable
00000000   DIO$
00000000   DIO_NUMSWIBASE
00000000   DIO_NUMTSKBASE
00000000   DIO_STATIC
00000000   DPI$
00000000   GBL_BIGENDIAN
00000000   GBL_C641XL2PRIORITY
00000000   GBL_CACHE
00000000   GBL_L2CONFIGALLOC
00000000   GBL_L2MARMASK1
00000000   GBL_L2MARMASK2
00000000   GBL_L2MARMASK3
00000000   GBL_L2MARMASK4
00000000   GBL_L2MARMASK5
00000000   GBL_L2MODE
00000000   GBL_L2PRIORITY
00000000   GBL_NULL
00000000   GBL_PROCID
00000000   GBL_ROM
00000000   GBL_SUPPORTCSL
00000000   GIO$
00000000   HOOK$
00000000   HOOK_KNLID
00000000   HST_DSM
00000000   HST_NONE
00000000   HWI_A_VECS
00000000   HWI_GENERATE_RESET_VEC
00000000   HWI_INT10$hwi
00000000   HWI_INT11$hwi
00000000   HWI_INT12$hwi
00000000   HWI_INT13$hwi
00000000   HWI_INT14$hwi
00000000   HWI_INT15$hwi
00000000   HWI_INT4$hwi
00000000   HWI_INT5$hwi
00000000   HWI_INT6$hwi
00000000   HWI_INT7$hwi
00000000   HWI_INT8$hwi
00000000   HWI_INT9$hwi
00000000   HWI_NMI$hwi
00000000   HWI_POLARITYMASK
00000000   HWI_RESERVED0$hwi
00000000   HWI_RESERVED1$hwi
00000000   HWI_RESET
00000000   HWI_RESET$hwi
00000000   IDL_busyObj$iB
00000000   IDL_busyObj$operation
00000000   KNL_swi$pri
00000000   KNL_swi$sts$unittype
00000000   KNL_swi$swi
00000000   LOG_system$datatype
00000000   LOG_system$log
00000000   MBX$
00000000   MEM_NULL
00000000   MEM_USEMPC
00000000   MSGQ$
00000000   MSGQ_USEMSGQ
00000000   OBJ$
00000000   PIP$
00000000   PIP_gNextId
00000000   POOL$
00000000   POOL_USEPOOL
00000000   PRD_Sek$mode
00000000   PRD_Sek$prd
00000000   PRD_Sek$sts$filter
00000000   PRD_swi$sts$unittype
00000000   PRD_swi$swi
00000000   RTA_fromHost$hst
00000000   RTA_fromHost$mode
00000000   RTA_toHost$hst
00000000   RTA_toHost$id
00000000   RTDX_MODE
00000000   RTDX_USERTEXECUTION
00000000   SIO$
00000000   SWI_ADC_In_Ping$sts$unittype
00000000   SWI_ADC_In_Ping$swi
00000000   SWI_ADC_In_Pong$sts$unittype
00000000   SWI_ADC_In_Pong$swi
00000000   SWI_ADC_Out_Ping$sts$unittype
00000000   SWI_ADC_Out_Ping$swi
00000000   SWI_ADC_Out_Pong$sts$unittype
00000000   SWI_ADC_Out_Pong$swi
00000000   SWI_BSPLink_In_Ping$sts$unittype
00000000   SWI_BSPLink_In_Ping$swi
00000000   SWI_BSPLink_In_Pong$sts$unittype
00000000   SWI_BSPLink_In_Pong$swi
00000000   SWI_BSPLink_Out_Ping$sts$unittype
00000000   SWI_BSPLink_Out_Ping$swi
00000000   SWI_BSPLink_Out_Pong$sts$unittype
00000000   SWI_BSPLink_Out_Pong$swi
00000000   SWI_Decode_Buffer$sts$unittype
00000000   SWI_Decode_Buffer$swi
00000000   SWI_EHOOKFXN
00000000   SWI_Encode_Buffer$sts$unittype
00000000   SWI_Encode_Buffer$swi
00000000   SWI_IHOOKFXN
00000000   TSK_LEDTOGGLE$sts$unittype
00000000   TSK_LEDTOGGLE$tsk
00000000   TSK_NUM_HOOKS
00000000   TSK_READYFXN
00000000   TSK_STACKSEG
00000000   TSK_SWITCHFXN
00000000   TSK_idle$pri
00000000   TSK_idle$sts$unittype
00000000   TSK_idle$tsk
00000000   UDEV$
00000000   _CLK_TDDR
00000000   _CLK_TIMERNUM
00000000   _GBL_CACHE
00000000   _HWI_RESET
00000000   _RTDX_interrupt_mask
00000000   ___data__
00000000   ___edata__
00000000   edata
00000000   hwi0
00000001   BUF_ENABLED
00000001   CLK$
00000001   CLK_CALDIV
00000001   CLK_HTIMEDIV
00000001   CLK_LTIMEDIV
00000001   CLK_USETIMER
00000001   GBL$
00000001   GBL_CALLCSLCFGINIT
00000001   GBL_ENABLEINST
00000001   GBL_L2CONFIGURE
00000001   GBL_L2MARMASK
00000001   GBL_USERINIT
00000001   GBL_boot
00000001   HST$
00000001   HST_RTDX
00000001   HWI$
00000001   HWI_NMI
00000001   HWI_ZEROTAB
00000001   IDL$
00000001   IDL_USECLKIDLTIME
00000001   IDL_busyObj$filter
00000001   IDL_busyObj$iA
00000001   IDL_busyObj$iC
00000001   ISRC$
00000001   KNL_swi$dorta
00000001   KNL_swi$sts$filtmaxmult
00000001   KNL_swi$sts$filtsummult
00000001   LCK$
00000001   LOG$
00000001   LOG_A_TABLEN
00000001   LOG_ENABLED
00000001   MEM$
00000001   MEM_gNumHeap
00000001   PRD$
00000001   PRD_A_TABLEN
00000001   PRD_Sek$ord
00000001   PRD_swi$dorta
00000001   PRD_swi$ord
00000001   PRD_swi$pri
00000001   PRD_swi$sts$filtmaxmult
00000001   PRD_swi$sts$filtsummult
00000001   QUE$
00000001   RTA_fromHost$id
00000001   RTA_toHost$mode
00000001   RTDX$
00000001   RTDX_NORMALIZED_HDR
00000001   RTDX_USERTDX
00000001   SEM$
00000001   STS$
00000001   SWI$
00000001   SWI_ADC_In_Ping$dorta
00000001   SWI_ADC_In_Ping$sts$filtmaxmult
00000001   SWI_ADC_In_Ping$sts$filtsummult
00000001   SWI_ADC_In_Pong$dorta
00000001   SWI_ADC_In_Pong$sts$filtmaxmult
00000001   SWI_ADC_In_Pong$sts$filtsummult
00000001   SWI_ADC_Out_Ping$dorta
00000001   SWI_ADC_Out_Ping$sts$filtmaxmult
00000001   SWI_ADC_Out_Ping$sts$filtsummult
00000001   SWI_ADC_Out_Pong$dorta
00000001   SWI_ADC_Out_Pong$sts$filtmaxmult
00000001   SWI_ADC_Out_Pong$sts$filtsummult
00000001   SWI_BSPLink_In_Ping$dorta
00000001   SWI_BSPLink_In_Ping$sts$filtmaxmult
00000001   SWI_BSPLink_In_Ping$sts$filtsummult
00000001   SWI_BSPLink_In_Pong$dorta
00000001   SWI_BSPLink_In_Pong$sts$filtmaxmult
00000001   SWI_BSPLink_In_Pong$sts$filtsummult
00000001   SWI_BSPLink_Out_Ping$dorta
00000001   SWI_BSPLink_Out_Ping$sts$filtmaxmult
00000001   SWI_BSPLink_Out_Ping$sts$filtsummult
00000001   SWI_BSPLink_Out_Pong$dorta
00000001   SWI_BSPLink_Out_Pong$sts$filtmaxmult
00000001   SWI_BSPLink_Out_Pong$sts$filtsummult
00000001   SWI_Decode_Buffer$dorta
00000001   SWI_Decode_Buffer$sts$filtmaxmult
00000001   SWI_Decode_Buffer$sts$filtsummult
00000001   SWI_Encode_Buffer$dorta
00000001   SWI_Encode_Buffer$sts$filtmaxmult
00000001   SWI_Encode_Buffer$sts$filtsummult
00000001   SYS$
00000001   TSK$
00000001   TSK_LEDTOGGLE$sts$filtmaxmult
00000001   TSK_LEDTOGGLE$sts$filtsummult
00000001   TSK_PRIORITY
00000001   TSK_idle$ord
00000001   TSK_idle$sts$filtmaxmult
00000001   TSK_idle$sts$filtsummult
00000001   _CLK_USETIMER
00000001   _HWI_NMI
00000001   _LOG_A_TABLEN
00000002   HWI_RESERVED0
00000002   IDL_busyObj$unittype
00000002   KNL_swi$ord
00000002   KNL_swi$sts$filter
00000002   PIP_A_TABLEN
00000002   PIP_gNumEmbed
00000002   PRD_Sek$sts$unittype
00000002   PRD_swi$sts$filter
00000002   SWI_ADC_In_Ping$sts$filter
00000002   SWI_ADC_In_Pong$sts$filter
00000002   SWI_ADC_Out_Ping$sts$filter
00000002   SWI_ADC_Out_Pong$sts$filter
00000002   SWI_BSPLink_In_Ping$sts$filter
00000002   SWI_BSPLink_In_Pong$sts$filter
00000002   SWI_BSPLink_Out_Ping$sts$filter
00000002   SWI_BSPLink_Out_Pong$sts$filter
00000002   SWI_Decode_Buffer$sts$filter
00000002   SWI_Encode_Buffer$sts$filter
00000002   TSK_LEDTOGGLE$pri
00000002   TSK_LEDTOGGLE$sts$filter
00000002   TSK_idle$sts$filter
00000002   _HWI_RESERVED0
00000002   _RTDX_JTAGONLY
00000003   HWI_RESERVED1
00000003   SWI_BSPLink_In_Ping$ord
00000003   SWI_Decode_Buffer$pri
00000003   TSK_LEDTOGGLE$ord
00000003   _HWI_RESERVED1
00000004   CLK_CALMULT
00000004   CLK_HTIMEMULT
00000004   HWI_INT4
00000004   RTA_fromHost$framesize
00000004   SWI_ADC_In_Ping$pri
00000004   SWI_ADC_In_Pong$pri
00000004   SWI_ADC_Out_Ping$pri
00000004   SWI_ADC_Out_Pong$pri
00000004   SWI_BSPLink_In_Pong$ord
00000004   SWI_Encode_Buffer$pri
00000004   _HWI_INT4
00000005   HWI_INT5
00000005   SWI_ADC_Out_Ping$ord
00000005   _HWI_INT5
00000006   HWI_INT6
00000006   IDL_CALIBRERROR
00000006   SWI_ADC_Out_Pong$ord
00000006   _HWI_INT6
00000007   HWI_INT7
00000007   SWI_ADC_In_Ping$ord
00000007   SWI_BSPLink_In_Pong$pri
00000007   SWI_BSPLink_Out_Pong$pri
00000007   _HWI_INT7
00000008   HWI_INT8
00000008   PRD_SCALAR
00000008   SWI_ADC_In_Pong$ord
00000008   SWI_BSPLink_In_Ping$pri
00000008   SWI_BSPLink_Out_Ping$pri
00000008   _HWI_INT8
00000009   HWI_INT9
00000009   SWI_BSPLink_Out_Ping$ord
00000009   _HWI_INT9
0000000a   HWI_INT10
0000000a   SWI_BSPLink_Out_Pong$ord
0000000a   _HWI_INT10
0000000b   HWI_INT11
0000000b   SWI_Decode_Buffer$ord
0000000b   _HWI_INT11
0000000c   HWI_INT12
0000000c   SWI_A_TABLEN
0000000c   SWI_Encode_Buffer$ord
0000000c   _HWI_INT12
0000000d   HWI_INT13
0000000d   _HWI_INT13
0000000e   HWI_INT14
0000000e   _HWI_INT14
0000000f   HWI_INT15
0000000f   _HWI_INT15
00000020   CLK_TCR
00000020   hwi1
0000003e   GBL_DSPTYPE
00000040   HST_MAXFRAMESET
00000040   LOG_system$size
00000040   RTA_toHost$framesize
00000040   hwi2
00000042   GBL_FOOTPRINT
00000060   hwi3
00000064   PIP_OBJSIZE
00000080   hwi4
000000a0   hwi5
000000c0   hwi6
000000e0   hwi7
000000ff   HST_MAXFRAMEALLOWED
00000100   hwi8
00000120   hwi9
00000140   hwi10
00000160   hwi11
00000180   hwi12
000001a0   hwi13
000001c0   hwi14
000001e0   hwi15
00000200   _AIC_Buffer_in_ping
000003e8   CLK_MICROSECS
000003e8   PRD_Sek$period
00000400   HST_DSMMEMSIZE
00000400   TSK_STACKSIZE
00000408   RTDX_BUFMEMSIZE
00001770   GBL_CLKTYPE
00001a39   GBL_DSPSUBTYPE
00001b00   _AIC_Buffer_in_pong
00002226   GBL_L2ALLOC
00003400   _AIC_Buffer_out_ping
00004000   CLK_INTBIT
00004000   __STACK_SIZE
00004d00   _AIC_Buffer_out_pong
00004e20   GBL_CLKIN
00005205   GBL_A_VERSION
00005308   HWI_CFGDISPATCHED
00005308   _HWI_CFGDISPATCHED
00006600   _Ringbuffer_Audio_in
00008000   SDRAM$L
00008000   _SDRAM_length
00008d10   _Ringbuffer_Audio_out
0000b420   _Decoding_Buffer
0000c0a0   _Encoding_Buffer
0000cd20   _BSPLinkBuffer_in_ping
0000da04   _BSPLinkBuffer_in_pong
0000dbba   CLK_COUNTSPMS
0000dbba   CLK_HTIMEPERLTIME
0000dbba   CLK_PRD
0000dbba   _CLK_COUNTSPMS
0000dbba   _CLK_PRD
0000dbef   GBL_TRCMASKVALUE
0000e6e8   _BSPLinkBuffer_out_ping
0000f3cc   _BSPLinkBuffer_out_pong
000100b0   _datainterface_config
000100d0   _configEDMARcv
000100e8   _configEDMAXmt
00010100   _debug_denum
00010130   _y_enc
00010148   _e_enc
000158c8   _b_enc
0001b048   ___atexit_func_id__
0001b1f8   __IRQ_eventTable
0001b27c   __IRQ_intTable
0001b2bc   __IRQ_dispatchTable
0001b2c4   _KNL_queues
0001b364   _KNL_dummy
0001b39c   _TSK_ATTRS
0001b3b8   _TSK_config
0001b3d8   _TSK_timerSem
0001b3f8   _OBJ_table
0001b430   _OBJ_segtab
0001b460   _tccAllocTable
0001b4a0   __TSK_mutex
0001b4c8   __MEM_mutex
0001b4f0   _BSPLink_interface_config
0001b510   _configEDMABSPLinkRcv
0001b528   _configEDMABSPLinkXmt
0001b570   __MCBSP_hDev0
0001b574   __MCBSP_hDev1
0001b5d4   __TIMER_deviceTable
0001b5ec   __TIMER_hDev0
0001b5f0   __TIMER_hDev1
0001b5f4   __TIMER_hBios
0001b5f8   _SYS_exitStack
0001b634   __cleanup_ptr
0001b638   __dtors_ptr
0001b63c   ___TI_enable_exit_profile_output
0001b640   __lock
0001b644   __unlock
0001b648   _dtors
0001b64c   _DSK6713_version
0001b650   RTA_fromHost$buf
0001b660   .text
0001b660   ___text__
0001b6a8   _main
0001b8ac   _config_AIC23_EDMA
0001be50   _config_interrupts
0001bee4   _EDMA_ISR
0001c318   _ADC_Out_Ping
0001c358   _ADC_Out_Pong
0001c398   _ADC_In_Ping
0001c3f0   _ADC_In_Pong
0001c448   _BSPLink_In_Ping
0001c49c   _BSPLink_In_Pong
0001c4f0   _BSPLink_Out_Ping
0001c59c   _BSPLink_Out_Pong
0001c648   _decode_buffer
0001ca0c   _encode_buffer
0001d33c   _framing_link_data
0001d488   _write_decoding_buffer
0001d5e8   _read_buffer_audio_out
0001d6a0   _write_buffer_audio_in
0001d76c   _SWI_LEDToggle
0001d798   _tsk_led_toggle
0001d860   _config_BSPLink
0001d9d8   _config_BSPLink_EDMA
0001dfac   _DSK6713_init
0001e2c8   _DSK6713_rget
0001e2dc   _DSK6713_rset
0001e2f0   _DSK6713_wait
0001e348   _DSK6713_waitusec
0001e374   _DSK6713_getVersion
0001e3e0   __divf
0001e6e0   _EDMA_open
0001e960   _memcpy
0001eba0   _Config_DSK6713_AIC23
0001ede0   __CSL_init
0001f000   _DSK6713_LED_init
0001f040   _DSK6713_LED_off
0001f0b0   _DSK6713_LED_on
0001f120   _DSK6713_LED_toggle
0001f1e0   _IRQ_map
0001f560   _EDMA_allocTable
0001f700   _MCBSP_reset
0001f8a0   _wait500nS
0001f8c8   GBL_USERINITFXN
0001f8c8   _GBL_setPLLto225MHz
0001fa20   _call_dtors
0001fb80   _EDMA_reset
0001fcc0   _TIMER_open
0001fe00   _TIMER_reset
0001ff20   _memset
00020040   _EDMA_intAlloc
00020140   _MCBSP_open
00020240   _MCBSP_start
00020340   _EDMA_config
00020420   __nround
00020500   __strasg
000205e0   _atexit
000206c0   _modf
00020860   _MCBSP_close
00020900   _MCBSP_config
000209a0   __IRQ_init
00020a40   __fltlif
00020b80   _DSK6713_DIP_init
00020b88   _DSK6713_DIP_get
00020c00   _EDMA_disableChannel
00020c60   _EDMA_enableChannel
00020cc0   _EDMA_intEnable
00020d20   _EDMA_qdmaConfig
00020d80   __fltulf
00020de0   _EDMA_link
00020e20   _IRQ_enable
00020e60   ___add_dtor
00020ea0   _CSL6713_LIB_
00020ec0   _EDMA_intClear
00020ee0   _EDMA_intTest
00020f00   _IRQ_clear
00020f20   _IRQ_globalEnable
00020f40   _MCBSP_getRcvAddr
00020f60   _MCBSP_getXmtAddr
00020f80   _MCBSP_write
00020fa0   _MCBSP_xrdy
00020fc0   __nop
00020fe0   __register_lock
00021000   __register_unlock
00021020   __IRQ_hookFetchPacket
00021040   LNK_F_checkBufferCall
00021040   ___etext__
00021040   etext
00021060   LNK_F_getChanPtr
000210b8   LNK_F_init
000210c0   LNK_F_dataPump
000210d4   LNK_rcloop
000211a0   LNK_rdrtry
000211b0   LNK_rrloop
00021274   LNK_wrrtry
00021284   LNK_wrloop
00021360   LNK_newin
000214a0   LNK_newout
00021604   LNK_F_readCallBack
00021a74   __GBL_setL2CacheMode
00021c20   SWI_F_enable
00021c20   __SWI_lat3beg
00021c8c   __SWI_lat3end
00021c90   SWI_F_post
00021c90   _SWI_post
00021dcc   __SWI_lat1beg
00021e3c   SWI_EXECFXN
00021e3c   SWI_F_exec
00021e68   SWI_F_iexec
00021e80   __SWI_lat1end
00021e84   __SWI_lat2beg
00021ef4   __SWI_lat2end
00021ef8   SWI_F_run
00021ef8   SWI_RUNFXN
00022160   CLK_HOOKFXN
00022160   HWI_F_dispatch
00022160   _HWI_F_dispatch
00022160   __HWI_lat1beg
000222e0   __HWI_lat1end
000222e0   __HWI_lat2beg
0002240c   __HWI_lat2end2
0002243c   __HWI_lat3end2
00022480   __HWI_lat2end1
000224a0   __HWI_lat3beg
000225a0   __HWI_lat3end1
000225c0   PRD_F_swi
00022880   PRD_F_tick
00022960   _KNL_run
00022c20   RTA_F_getlog
00022c64   RTA_F_getsts
00022cac   RTA_F_readblk
00022ccc   RTA_F_writeword
00022cd8   RTA_F_resetmem
00022cd8   __RTA_lat1beg
00022d10   __RTA_lat1end
00022d18   RTA_F_dispatch
00022d68   RTA_execute
00022ee0   _SEM_pendEnterKnl
000233e0   PRD_THOOKFXN
000233e0   _KNL_tick
00023400   PIP_F_take
00023494   PIP_F_give
00023494   PIP_F_probe
00023568   PIP_F_start
00023640   __SEM_dopost
00023860   _TSK_setup
00023a60   _KNL_saveIsrFrame
00023b2c   _KNL_switch
00023be0   KNL_glue
00023c20   CLK_F_getltime
00023c34   CLK_F_isr
00023d94   CLK_F_itime
00023d94   _CLK_F_itime
00023d94   _CLK_itime
00023db0   __CLK_lat1beg
00023ddc   __CLK_lat1end
00023de0   _TSK_exit
00023f80   __auto_init
000241c0   _TSK_startup
00024280   _KNL_check
000242d0   __KNL_lat1beg
00024358   _KNL_idle
00024358   __KNL_lat1end
0002437c   _KNL_max
000243c0   _GBL_cslCacheInit
000244a0   _KNL_exit
000244f4   _KNL_enter
00024580   _SEM_postEnterKnl
00024660   _SEM_post
00024660   _SEM_postBinary
00024740   _CLK_measure
00024820   _KNL_ipost
000248e0   _KNL_post
000249a0   _LCK_post
000249d0   _LCK_pend
00024a60   _SYS_exit
00024b20   CLK_F_getfhtime
00024b40   CLK_F_gethtime
00024b40   CLK_F_getshtime
00024b40   CLK_TIMEFXN
00024be0   FXN_F_nop
00024be8   FXN_F_run
00024be8   _FXN_F_run
00024c38   FXN_F_zero
00024c38   _FXN_F_zero
00024c60   IDL_F_busy
00024c60   __IDL_lat1beg
00024cb0   __IDL_lat1end
00024ce0   LOG_F_event
00024ce0   _LOG_event
00024ce0   __LOG_lat1beg
00024d60   STS_F_delta
00024d60   _STS_delta
00024d98   STS_F_add
00024d98   _STS_add
00024dc4   STS_F_reset
00024dc4   _STS_reset
00024de0   IDL_F_calibrate
00024e60   _HWI_disable
00024e78   _HWI_enable
00024e8c   _HWI_restore
00024ec0   _SEM_pendBinary
00024f20   _SEM_pend
00024f80   _SWI_disable
00024fa8   _SWI_enable
00024fe0   _SYS_abort
00025040   SYS_PUTCFXN
00025040   _UTL_doPutc
000250a0   _CLK_start
00025100   IDL_CALIBRFXN
00025100   IDL_F_stub
00025140   RTA_F_andn
00025160   RTA_F_or
00025180   SYS_ABORTFXN
00025180   _UTL_doAbort
000251c0   _CLK_stop
00025200   GIO_CREATEFXN
00025200   GIO_DELETEFXN
00025200   GIO_PENDFXN
00025200   GIO_POSTFXN
00025200   TSK_VCREATEFXN
00025200   TSK_VDELETEFXN
00025200   TSK_VEXITFXN
00025200   _FXN_F_nop
00025220   _GBL_getVersion
00025240   IDL_F_loop
00025240   _IDL_loop
00025260   _STS_set
00025280   SYS_ERRORFXN
00025280   _UTL_doError
000252a0   SYS_EXITFXN
000252a0   _UTL_halt
000252c0   GBL_stackbeg
000252c0   _HWI_STKTOP
000252c0   __stack
000292b8   _HWI_STKBOTTOM
000292bf   GBL_stackend
000292c0   __STACK_END
000292c0   ___cinit__
000292c0   cinit
0002b0b4   ___pinit__
0002b0b4   pinit
0002b0c0   _RTDX_Poll
0002b4c0   _RTDX_Buffer_WriteCB
0002bb00   _RTDX_Mon_Queue
0002bd20   _RTDX_Init_RT_Monitor
0002bda0   _RTDX_Buffer_Initialize
0002be00   _RTDX_Buffer_ReadCB
0002be60   _RTDX_Buffer_Size
0002bea0   _RTDX_Final_RT_Monitor
0002bee0   _RTDX_Buffer_Read
0002bf00   _RTDX_Buffer_Write
0002bf40   _RTDX_Mask_IER
0002bf60   BIOS_init
0002bf60   _BIOS_init
0002c0dc   BIOS$$CLKON
0002c11c   BIOS$$CLKOFF
0002c184   BIOS_start
0002c184   _BIOS_start
0002c240   _MEM_init
0002c320   _c_int00
0002c3e0   _TSK_init
0002c460   _OBJ_init
0002c480   _RTDX_Buffer
0002c888   _RTDX_Buffer_Start
0002c88c   _RTDX_Buffer_End
0002c890   _rtdx_buffer_state
0002c89c   _RTDX_writing
0002c8b0   _rtdx_mon_state
0002c8cc   $bss
0002c8cc   .bss
0002c8cc   _HWI_dispatchTab
0002c8cc   ___bss__
0002c9cc   IDL_D_tabbeg
0002c9d0   IDL_D_calibrate
0002c9d4   IDL_D_calbeg
0002c9d8   LOG_D_system
0002c9d8   _LOG_D_system
0002c9dc   PIP_D_tabbeg
0002c9e0   PIP_D_tablen
0002c9e4   CLK_R_time
0002c9e8   CLK_D_timefxn
0002c9ec   CLK_D_tabbeg
0002c9f0   CLK_D_isrhook
0002c9f4   CLK_D_idletime
0002c9f8   _CLK_htimeDiv
0002c9fc   _CLK_htimeMult
0002ca00   _CLK_ltimeDiv
0002ca04   _CLK_ltimeMult
0002ca08   _CLK_D_dirty
0002ca0c   _CLK_D_prd
0002ca10   _CLK_D_tddr
0002ca14   _CLK_D_countspms
0002ca18   PRD_D_tick
0002ca18   _PRD_D_tick
0002ca1c   PRD_D_cur
0002ca20   PRD_D_elapsed
0002ca24   PRD_D_prevtim
0002ca28   PRD_D_scalar
0002ca2c   PRD_D_swihandle
0002ca30   PRD_D_tabbeg
0002ca34   PRD_D_tablen
0002ca38   PRD_D_thook
0002ca3c   RTA_D_fromHost
0002ca40   RTA_D_toHost
0002ca44   RTA_D_logval
0002ca54   RTA_D_stsval
0002ca60   HST_D_chanmask
0002ca64   HST_D_tabbeg
0002ca68   HST_D_tabend
0002ca6c   _GBL_procId
0002ca70   _GBL_clkIn
0002ca74   _GBL_freq
0002ca78   _MEM_D_NUMSEGMENTS
0002ca7c   _MEM_D_memtab
0002ca80   _MEM_D_freelist
0002ca84   _MEM_D_lockaddr
0002ca88   _MEM_D_unlockaddr
0002ca8c   _SYS
0002ca90   __HOOK_knlId
0002ca94   __HOOK_NUMHOOKS
0002ca98   SWI_D_runaddr
0002ca98   _SWI_D_runaddr
0002ca98   _SWI_data
0002ca9c   SWI_D_execaddr
0002ca9c   _SWI_D_execaddr
0002caa0   SWI_D_curmask
0002caa0   _SWI_D_curmask
0002caa4   SWI_D_curset
0002caa4   _SWI_D_curset
0002caa8   SWI_D_lock
0002caa8   _SWI_D_lock
0002caac   SWI_D_curmbox
0002cab0   SWI_D_curfxn
0002cab0   _SWI_D_curfxn
0002cab4   SWI_D_rdybeg
0002cab4   _SWI_D_rdybeg
0002cab8   SWI_D_inswi
0002cab8   _SWI_D_inswi
0002cabc   SWI_D_rdytab
0002cb34   _debug_buff_i
0002cb38   _hMcbsp_AIC23
0002cb3c   _hEdmaRcv
0002cb40   _hEdmaRcvRelPing
0002cb44   _hEdmaRcvRelPong
0002cb48   _hEdmaXmt
0002cb4c   _hEdmaXmtRelPing
0002cb50   _hEdmaXmtRelPong
0002cb54   _tccRcvPing
0002cb58   _tccRcvPong
0002cb5c   _tccXmtPing
0002cb60   _tccXmtPong
0002cb64   _ringbuff_audio_in_read_i
0002cb68   _ringbuff_audio_in_write_i
0002cb6c   _ringbuff_audio_out_read_i
0002cb70   _ringbuff_audio_out_write_i
0002cb74   _Decoding_Buffer_i
0002cb78   _decoding_buff_valid
0002cb7c   _Encoding_Buffer_i
0002cb80   _encoding_buff_valid
0002cb81   _dataDetected
0002cb84   _soundBuffer_i
0002cb88   _ringbuffer_in_ready
0002cb8a   _time_cnt
0002cb8c   _configComplete
0002cb90   _t_reg
0002cb94   _ENCODER
0002cb98   _DECODER
0002cb9c   _den_f
0002cba0   _num_f
0002cbc4   _KNL_wFlag
0002cbc8   _KNL_wList
0002cbcc   _KNL_alarm
0002cbd0   _KNL_setpri
0002cbd4   _KNL_inactive
0002cbd8   _KNL_priority
0002cbdc   _KNL_set
0002cbe0   _KNL_curtask
0002cbe4   _KNL_prevtask
0002cbe8   _KNL_curtime
0002cbec   _KNL_swiptr
0002cbf0   _KNL_curqueue
0002cbf4   _KNL_maxqueue
0002cbf8   _KNL_tswitchfxn
0002cbfc   _KNL_tcreatefxn
0002cc00   _KNL_tdeletefxn
0002cc04   _KNL_treadyfxn
0002cc08   _KNL_idlefxn
0002cc0c   _hMcbsp_Link
0002cc10   _hEdmaBSPLinkRcv
0002cc14   _hEdmaBSPLinkRcvRelPing
0002cc18   _hEdmaBSPLinkRcvRelPong
0002cc1c   _hEdmaBSPLinkXmt
0002cc20   _hEdmaBSPLinkXmtRelPing
0002cc24   _hEdmaBSPLinkXmtRelPong
0002cc28   _tccBSPLinkRcvPing
0002cc2c   _tccBSPLinkRcvPong
0002cc30   _tccBSPLinkXmtPing
0002cc34   _tccBSPLinkXmtPong
0002cc38   _MEM_memtab
0002cc44   MEM_MALLOCSEG
0002cc44   MEM_SEGZERO
0002cc44   SDRAM
0002cc44   _SDRAM
0002cc48   RTA_fromHost$pipe$dtab
0002cc54   RTA_toHost$pipe$dtab
0002cc60   HWI_D_spsave
0002cc60   _HWI_D_spsave
0002cc60   _HWI_data
0002cc6c   _HWI_D_inhwi
0002cc70   HWI_D_bss
0002cc74   HWI_D_ccmask
0002cc78   LNK_dspFrameRequestMask
0002cc78   _LNK_dspFrameRequestMask
0002cc7c   LNK_dspFrameReadyMask
0002cc7c   _LNK_dspFrameReadyMask
0002cc80   LNK_readPend
0002cc80   _LNK_readPend
0002cc84   LNK_readDone
0002cc84   _LNK_readDone
0002cc88   LNK_readFail
0002cc88   _LNK_readFail
0002cc8c   LNK_writeFail
0002cc8c   _LNK_writeFail
0002cc98   _rtdxNullChanCnt
0002cc9c   _rtdxNullFuncCnt
0002cca0   _TSK_nTasks
0002cca4   _TSK_pid
0002cca8   _TSK
0002ccac   _CLK_DFLTMICROSECS
0002ccb0   _CLK_D_microseconds
0002ccb4   _SYS_exitStackPtr
0002ccb8   _SYS_exitStackTop
0002ccbc   _CLK_htimePerLtime
0002ccc4   IDL_D_busyObj
0002ccc8   _MEM
0002cccc   _hMcbsp_AIC23_Config
0002ccd0   TSK_LEDTOGGLE$stack
0002ccd0   ___end__
0002ccd0   end
0002d068   TSK_LEDTOGGLE$stkptr
0002d0d0   TSK_idle$stack
0002d468   TSK_idle$stkptr
0002d4d0   PRD_SWIHANDLE
0002d4d0   PRD_swi
0002d4d0   SWI_A_TABBEG
0002d4d0   _PRD_swi
0002d4fc   KNL_swi
0002d4fc   _KNL_swi
0002d528   SWI_BSPLink_In_Ping
0002d528   _SWI_BSPLink_In_Ping
0002d554   SWI_BSPLink_In_Pong
0002d554   _SWI_BSPLink_In_Pong
0002d580   SWI_ADC_Out_Ping
0002d580   _SWI_ADC_Out_Ping
0002d5ac   SWI_ADC_Out_Pong
0002d5ac   _SWI_ADC_Out_Pong
0002d5d8   SWI_ADC_In_Ping
0002d5d8   _SWI_ADC_In_Ping
0002d604   SWI_ADC_In_Pong
0002d604   _SWI_ADC_In_Pong
0002d630   SWI_BSPLink_Out_Ping
0002d630   _SWI_BSPLink_Out_Ping
0002d65c   SWI_BSPLink_Out_Pong
0002d65c   _SWI_BSPLink_Out_Pong
0002d688   SWI_Decode_Buffer
0002d688   _SWI_Decode_Buffer
0002d6b4   SWI_Encode_Buffer
0002d6b4   _SWI_Encode_Buffer
0002d6e0   SWI_A_TABEND
0002d6e0   _SYS_PUTCBEG
0002d8df   _SYS_PUTCEND
0002d8e0   PRD_A_TABBEG
0002d8e0   PRD_Sek
0002d8e0   _PRD_Sek
0002d8fc   PRD_Sek$aaa
0002d900   LOG_system$buf
0002d900   PRD_A_TABEND
0002da00   RTA_toHost$buf
0002db00   PRD_Sek$sts$stsobj
0002db00   STS_A_TABBEG
0002db00   _STS_A_TABBEG
0002db04   PRD_Sek$sts
0002db10   PRD_swi$sts$stsobj
0002db14   PRD_swi$sts
0002db20   KNL_swi$sts$stsobj
0002db24   KNL_swi$sts
0002db30   SWI_BSPLink_In_Ping$sts$stsobj
0002db34   SWI_BSPLink_In_Ping$sts
0002db40   SWI_BSPLink_In_Pong$sts$stsobj
0002db44   SWI_BSPLink_In_Pong$sts
0002db50   SWI_ADC_Out_Ping$sts$stsobj
0002db54   SWI_ADC_Out_Ping$sts
0002db60   SWI_ADC_Out_Pong$sts$stsobj
0002db64   SWI_ADC_Out_Pong$sts
0002db70   SWI_ADC_In_Ping$sts$stsobj
0002db74   SWI_ADC_In_Ping$sts
0002db80   SWI_ADC_In_Pong$sts$stsobj
0002db84   SWI_ADC_In_Pong$sts
0002db90   SWI_BSPLink_Out_Ping$sts$stsobj
0002db94   SWI_BSPLink_Out_Ping$sts
0002dba0   SWI_BSPLink_Out_Pong$sts$stsobj
0002dba4   SWI_BSPLink_Out_Pong$sts
0002dbb0   SWI_Decode_Buffer$sts$stsobj
0002dbb4   SWI_Decode_Buffer$sts
0002dbc0   SWI_Encode_Buffer$sts$stsobj
0002dbc4   SWI_Encode_Buffer$sts
0002dbd0   TSK_idle$sts$stsobj
0002dbd4   TSK_idle$sts
0002dbe0   TSK_LEDTOGGLE$sts$stsobj
0002dbe4   TSK_LEDTOGGLE$sts
0002dbf0   IDL_busyObj$stsobj
0002dbf4   IDL_busyObj
0002dbf4   _IDL_busyObj
0002dc00   PIP_A_TABBEG
0002dc00   RTA_fromHost$pipe
0002dc00   STS_A_TABEND
0002dc00   _PIP_A_TABBEG
0002dc00   _STS_A_TABEND
0002dc04   RTA_fromHost$pipe$rd
0002dc30   RTA_fromHost$pipe$aaa
0002dc34   RTA_fromHost$pipe$wr
0002dc60   RTA_fromHost$pipe$bbb
0002dc64   RTA_toHost$pipe
0002dc68   RTA_toHost$pipe$rd
0002dc94   RTA_toHost$pipe$aaa
0002dc98   RTA_toHost$pipe$wr
0002dcc4   RTA_toHost$pipe$bbb
0002dcc8   PIP_A_TABEND
0002dcc8   _PIP_A_TABEND
0002dcd4   TSK_idle
0002dcd4   _TSK_idle
0002dd34   TSK_LEDTOGGLE
0002dd34   _TSK_LEDTOGGLE
0002de3d   PRD_Sek$sts$maxfmt
0002de46   PRD_Sek$sts$sumfmt
0002de4f   PRD_Sek$sts$avgfmt
0002de5a   PRD_swi$sts$maxfmt
0002de62   PRD_swi$sts$sumfmt
0002de6a   PRD_swi$sts$avgfmt
0002de74   KNL_swi$sts$maxfmt
0002de7c   KNL_swi$sts$sumfmt
0002de84   KNL_swi$sts$avgfmt
0002de8c   HST_A_TABBEG
0002de8c   _HST_A_TABBEG
0002de8e   SWI_BSPLink_In_Ping$sts$maxfmt
0002de90   RTA_fromHost
0002de90   _RTA_fromHost
0002de96   SWI_BSPLink_In_Ping$sts$sumfmt
0002de98   RTA_fromHost$rtdx
0002de9e   SWI_BSPLink_In_Ping$sts$avgfmt
0002dea8   SWI_BSPLink_In_Pong$sts$maxfmt
0002deac   RTA_toHost
0002deac   _RTA_toHost
0002deb0   SWI_BSPLink_In_Pong$sts$sumfmt
0002deb4   RTA_toHost$rtdx
0002deb8   SWI_BSPLink_In_Pong$sts$avgfmt
0002dec2   SWI_ADC_Out_Ping$sts$maxfmt
0002dec8   HST_A_TABEND
0002dec8   _HST_A_TABEND
0002deca   SWI_ADC_Out_Ping$sts$sumfmt
0002ded2   SWI_ADC_Out_Ping$sts$avgfmt
0002ded4   SEM_LEDToggle
0002ded4   _SEM_LEDToggle
0002dedc   SWI_ADC_Out_Pong$sts$maxfmt
0002dee4   SWI_ADC_Out_Pong$sts$sumfmt
0002deec   SWI_ADC_Out_Pong$sts$avgfmt
0002def6   SWI_ADC_In_Ping$sts$maxfmt
0002defe   SWI_ADC_In_Ping$sts$sumfmt
0002df06   SWI_ADC_In_Ping$sts$avgfmt
0002df10   SWI_ADC_In_Pong$sts$maxfmt
0002df18   SWI_ADC_In_Pong$sts$sumfmt
0002df1c   LOG_A_TABBEG
0002df1c   LOG_system
0002df1c   _LOG_A_TABBEG
0002df1c   _LOG_system
0002df20   SWI_ADC_In_Pong$sts$avgfmt
0002df2a   SWI_BSPLink_Out_Ping$sts$maxfmt
0002df32   SWI_BSPLink_Out_Ping$sts$sumfmt
0002df34   IDL_A_TABBEG
0002df34   IDL_cpuLoad
0002df34   LOG_A_TABEND
0002df34   _IDL_cpuLoad
0002df34   _LOG_A_TABEND
0002df38   LNK_dataPump
0002df38   _LNK_dataPump
0002df3a   SWI_BSPLink_Out_Ping$sts$avgfmt
0002df3c   RTA_dispatcher
0002df3c   _RTA_dispatcher
0002df40   IDL_END
0002df44   IDL_A_CALBEG
0002df44   IDL_cpuLoad$
0002df44   SWI_BSPLink_Out_Pong$sts$maxfmt
0002df48   LNK_dataPump$
0002df4c   RTA_dispatcher$
0002df4c   SWI_BSPLink_Out_Pong$sts$sumfmt
0002df50   IDL_END$
0002df54   SWI_BSPLink_Out_Pong$sts$avgfmt
0002df54   SYS$config
0002df5e   SWI_Decode_Buffer$sts$maxfmt
0002df64   TRC_cinit
0002df66   SWI_Decode_Buffer$sts$sumfmt
0002df68   TRC_R_mask
0002df68   _TRC_R_mask
0002df6c   GBL_initdone
0002df6e   SWI_Decode_Buffer$sts$avgfmt
0002df70   CLK_A_TABBEG
0002df70   PRD_clock
0002df70   _PRD_clock
0002df74   CLK_null
0002df78   SWI_Encode_Buffer$sts$maxfmt
0002df80   SWI_Encode_Buffer$sts$sumfmt
0002df88   SWI_Encode_Buffer$sts$avgfmt
0002df92   TSK_idle$sts$maxfmt
0002df9a   TSK_idle$sts$sumfmt
0002dfa2   TSK_idle$sts$avgfmt
0002dfac   TSK_LEDTOGGLE$sts$maxfmt
0002dfb4   TSK_LEDTOGGLE$sts$sumfmt
0002dfbc   TSK_LEDTOGGLE$sts$avgfmt
0002dfc6   IDL_busyObj$maxfmt
0002dfc9   IDL_busyObj$sumfmt
0002dfcc   IDL_busyObj$avgfmt
00036ee8   CLK_LTIMEMULT
00036ee8   GBL_FREQ
01940000   CLK_REGS
01940000   _CLK_REGS
082039a3   HWI_INTRMULTHIGH
250718a4   HWI_INTRMULTLOW
80000000   SDRAM$B
80000000   _SDRAM_base
80008000   _MySinus
800080dc   _MySound
ffffffff   HST_DSMBUFSEG
ffffffff   IRAM
ffffffff   RTDX_DATAMEMSEG
ffffffff   _IRAM
ffffffff   ___TI_pprof_out_hndl
ffffffff   ___TI_prof_data_size
ffffffff   ___TI_prof_data_start
ffffffff   ___binit__
ffffffff   ___c_args__
ffffffff   binit

[1031 symbols]
