******************************************************************************
               TMS320C6x Linker PC v7.4.14                     
******************************************************************************
>> Linked Tue Jun 21 17:58:40 2016

OUTPUT FILE NAME:   <my_dsp_project.out>
ENTRY POINT SYMBOL: "_c_int00"  address: 0001fee0


MEMORY CONFIGURATION

         name            origin    length      used     unused   attr    fill
----------------------  --------  ---------  --------  --------  ----  --------
  IRAM                  00000000   00080000  00021add  0005e523  RWIX
  SDRAM                 80000000   00800000  000099de  007f6622  RWIX


SECTION ALLOCATION MAP

 output                                  attributes/
section   page    origin      length       input sections
--------  ----  ----------  ----------   ----------------
.data      0    00000000    00000000     UNINITIALIZED

.vers      0    00000000    00000044     COPY SECTION
                  00000000    00000044     my_dsp_projectcfg.obj (.vers)

.hwi_vec   0    00000000    00000200     
                  00000000    00000200     my_dsp_projectcfg.obj (.hwi_vec)

.far       0    00000200    000073e8     UNINITIALIZED
                  00000200    00006de0     skeleton.obj (.far)
                  00006fe0    00000188     rts6700.lib : atexit.obj (.far)
                  00007168    000000f4     csl6713.lib : csl_irq.obj (.far)
                  0000725c    000000d8     bios.a67 : knl.o67 (.far)
                  00007334    0000005c              : tsk.o67 (.far)
                  00007390    00000054              : obj_init.o67 (.far)
                  000073e4    00000054     csl6713.lib : csl_edma.obj (.far)
                  00007438    00000050     bios.a67 : tsk_stup.o67 (.far)
                  00007488    00000050     config_BSPLink.obj (.far)
                  000074d8    00000038     csl6713.lib : csl_mcbsp.obj (.far)
                  00007510    00000034     config_AIC23.obj (.far)
                  00007544    00000028     csl6713.lib : csl.obj (.far)
                  0000756c    00000024                 : csl_timer.obj (.far)
                  00007590    00000020     bios.a67 : sys.o67 (.far)
                  000075b0    00000010              : knl_tick.o67 (.far)
                  000075c0    0000000c              : utl_putc.o67 (.far)
                  000075cc    0000000c     rts6700.lib : exit.obj (.far)
                  000075d8    00000008                 : _lock.obj (.far)
                  000075e0    00000004                 : sinit.obj (.far)
                  000075e4    00000002     dsk6713bsl.lib : dsk6713.obj (.far)
                  000075e6    00000002                    : dsk6713_led.obj (.far)

.datenpuffer 
*          0    000075e8    00006720     UNINITIALIZED
                  000075e8    000055f0     skeleton.obj (.datenpuffer)
                  0000cbd8    00001130     config_BSPLink.obj (.datenpuffer)

.log       0    0000dd08    00000018     
                  0000dd08    00000018     my_dsp_projectcfg.obj (.log)

.text      0    0000dd20    00005a40     
                  0000dd20    00002380     skeleton.obj (.text)
                  000100a0    00000700     config_BSPLink.obj (.text)
                  000107a0    00000480     dsk6713bsl.lib : dsk6713.obj (.text)
                  00010c20    00000300     rts6700.lib : divf.obj (.text:__divf)
                  00010f20    00000280     csl6713.lib : csl_edma.obj (.text:_EDMA_open)
                  000111a0    00000240     rts6700.lib : memcpy62.obj (.text:_memcpy)
                  000113e0    00000240     config_AIC23.obj (.text)
                  00011620    00000220     csl6713.lib : csl.obj (.text:__CSL_init)
                  00011840    000001e0     dsk6713bsl.lib : dsk6713_led.obj (.text)
                  00011a20    000001c0     csl6713.lib : csl_irq.obj (.text:_IRQ_map)
                  00011be0    000001c0                 : csl_irq.obj (.text:_mux2Tables)
                  00011da0    000001a0                 : csl_edma.obj (.text:_EDMA_allocTable)
                  00011f40    000001a0                 : csl_mcbsp.obj (.text:_MCBSP_reset)
                  000120e0    00000180     bios.a67 : gbl_cslpllinit62.o67 (.text)
                  00012260    00000160     rts6700.lib : sinit.obj (.text:_call_dtors)
                  000123c0    00000140     csl6713.lib : csl_edma.obj (.text:_EDMA_reset)
                  00012500    00000140                 : csl_timer.obj (.text:_TIMER_open)
                  00012640    00000120                 : csl_timer.obj (.text:_TIMER_reset)
                  00012760    00000100                 : csl_edma.obj (.text:_EDMA_intAlloc)
                  00012860    00000100                 : csl_mcbsp.obj (.text:_MCBSP_open)
                  00012960    00000100                 : csl_mcbsp.obj (.text:_MCBSP_start)
                  00012a60    000000e0                 : csl_edma.obj (.text:_EDMA_config)
                  00012b40    000000e0     rts6700.lib : round.obj (.text:__nround)
                  00012c20    000000e0                 : strasg.obj (.text:__strasg)
                  00012d00    000000e0                 : atexit.obj (.text:_atexit)
                  00012de0    000000e0                 : modf.obj (.text:_modf)
                  00012ec0    000000c0     bios.a67 : tsk_stup.o67 (.text)
                  00012f80    000000a0     csl6713.lib : csl_mcbsp.obj (.text:_MCBSP_close)
                  00013020    000000a0                 : csl_mcbsp.obj (.text:_MCBSP_config)
                  000130c0    000000a0                 : csl_irq.obj (.text:__IRQ_init)
                  00013160    000000a0     rts6700.lib : fltlif.obj (.text:__fltlif)
                  00013200    000000a0     csl6713.lib : csl_irq.obj (.text:_setMux)
                  000132a0    00000080     dsk6713bsl.lib : dsk6713_dip.obj (.text)
                  00013320    00000060     csl6713.lib : csl_edma.obj (.text:_EDMA_disableChannel)
                  00013380    00000060                 : csl_edma.obj (.text:_EDMA_enableChannel)
                  000133e0    00000060                 : csl_edma.obj (.text:_EDMA_intEnable)
                  00013440    00000060                 : csl_edma.obj (.text:_EDMA_qdmaConfig)
                  000134a0    00000060     rts6700.lib : fltulf.obj (.text:__fltulf)
                  00013500    00000040     csl6713.lib : csl_edma.obj (.text:_EDMA_link)
                  00013540    00000040                 : csl_irq.obj (.text:_IRQ_enable)
                  00013580    00000040     rts6700.lib : sinit.obj (.text:___add_dtor)
                  000135c0    00000020     csl6713.lib : csl.obj (.text:_CSL6713_LIB_)
                  000135e0    00000020                 : csl_edma.obj (.text:_EDMA_intClear)
                  00013600    00000020                 : csl_edma.obj (.text:_EDMA_intTest)
                  00013620    00000020                 : csl_irq.obj (.text:_IRQ_clear)
                  00013640    00000020                 : csl_irq.obj (.text:_IRQ_globalEnable)
                  00013660    00000020                 : csl_mcbsp.obj (.text:_MCBSP_getRcvAddr)
                  00013680    00000020                 : csl_mcbsp.obj (.text:_MCBSP_getXmtAddr)
                  000136a0    00000020                 : csl_mcbsp.obj (.text:_MCBSP_write)
                  000136c0    00000020                 : csl_mcbsp.obj (.text:_MCBSP_xrdy)
                  000136e0    00000020     rts6700.lib : _lock.obj (.text:__nop)
                  00013700    00000020                 : _lock.obj (.text:__register_lock)
                  00013720    00000020                 : _lock.obj (.text:__register_unlock)
                  00013740    00000020     csl6713.lib : csl_irq.obj (.text)

.bios      0    00013760    00004280     
                  00013760    00000600     lnkrtdx.a67 : rtdx.o67 (.bios)
                  00013d60    000005e0     bios.a67 : gbl_setL2CacheMode.o67 (.bios)
                  00014340    00000540              : swi.o67 (.bios)
                  00014880    00000460              : hwi_disp_asm.o67 (.bios)
                  00014ce0    000003a0              : prd.o67 (.bios)
                  00015080    000002c0              : knl_run.o67 (.bios)
                  00015340    000002c0              : rta.o67 (.bios)
                  00015600    000002c0              : sem_pend.o67 (.bios)
                  000158c0    00000260              : knl_tick.o67 (.bios)
                  00015b20    00000240              : pip.o67 (.bios)
                  00015d60    00000220              : sem_dopo.o67 (.bios)
                  00015f80    00000200              : tsk_setu.o67 (.bios)
                  00016180    000001c0              : knl_swit.o67 (.bios)
                  00016340    000001c0     biosC6000.a67 : clk.o67 (.bios)
                  00016500    000001a0     bios.a67 : tsk_exit.o67 (.bios)
                  000166a0    00000180              : autoinit.o67 (.bios)
                  00016820    00000180              : tsk_stup.o67 (.bios)
                  000169a0    00000140              : knl_chec.o67 (.bios)
                  00016ae0    000000e0              : gbl_cslcacheinit.o67 (.bios)
                  00016bc0    000000e0              : knl_exit.o67 (.bios)
                  00016ca0    000000e0              : sem_post.o67 (.bios)
                  00016d80    000000e0              : sem_post_asm.o67 (.bios)
                  00016e60    000000e0     biosC6000.a67 : clk_meas.o67 (.bios)
                  00016f40    000000c0     bios.a67 : knl_ipos.o67 (.bios)
                  00017000    000000c0              : knl_post.o67 (.bios)
                  000170c0    000000c0              : lck.o67 (.bios)
                  00017180    000000c0              : sys_exit.o67 (.bios)
                  00017240    000000c0     biosC6000.a67 : clk_htime.o67 (.bios)
                  00017300    00000080     bios.a67 : fxn.o67 (.bios)
                  00017380    00000080              : idl_busy.o67 (.bios)
                  00017400    00000080              : log.o67 (.bios)
                  00017480    00000080              : sts.o67 (.bios)
                  00017500    00000080     biosC6000.a67 : idl_cal.o67 (.bios)
                  00017580    00000060     bios.a67 : hwi_c.o67 (.bios)
                  000175e0    00000060              : sem_pend_binary.o67 (.bios)
                  00017640    00000060              : sem_pend_counting.o67 (.bios)
                  000176a0    00000060              : swi_disable.o67 (.bios)
                  00017700    00000060              : sys_abor.o67 (.bios)
                  00017760    00000060              : utl_putc.o67 (.bios)
                  000177c0    00000060     biosC6000.a67 : clk_start.o67 (.bios)
                  00017820    00000040     bios.a67 : idl_stub.o67 (.bios)
                  00017860    00000040              : rta_andn.o67 (.bios)
                  000178a0    00000040              : utl_doab.o67 (.bios)
                  000178e0    00000040     biosC6000.a67 : clk_stop.o67 (.bios)
                  00017920    00000020     bios.a67 : fxn_c.o67 (.bios)
                  00017940    00000020              : gbl_vers.o67 (.bios)
                  00017960    00000020              : idl.o67 (.bios)
                  00017980    00000020              : sts_set.o67 (.bios)
                  000179a0    00000020              : utl_doer.o67 (.bios)
                  000179c0    00000020              : utl_halt.o67 (.bios)

.stack     0    000179e0    00004000     UNINITIALIZED
                  000179e0    00004000     --HOLE--

.cinit     0    0001b9e0    00003284     
                  0001b9e0    00001bfc     skeleton.obj (.cinit)
                  0001d5dc    00000004     --HOLE-- [fill = 0]
                  0001d5e0    00000b14     my_dsp_projectcfg.obj (.cinit)
                  0001e0f4    00000004     --HOLE-- [fill = 0]
                  0001e0f8    0000026c     bios.a67 : biosdata.o67 (.cinit)
                  0001e364    00000004     --HOLE-- [fill = 0]
                  0001e368    000001a4              : knl.o67 (.cinit)
                  0001e50c    00000004     --HOLE-- [fill = 0]
                  0001e510    0000012c     csl6713.lib : csl_irq.obj (.cinit)
                  0001e63c    00000004     --HOLE-- [fill = 0]
                  0001e640    000000b0     bios.a67 : swi.o67 (.cinit)
                  0001e6f0    00000080              : tsk.o67 (.cinit)
                  0001e770    00000078     config_BSPLink.obj (.cinit)
                  0001e7e8    00000070     csl6713.lib : csl_edma.obj (.cinit)
                  0001e858    00000060     bios.a67 : tsk_stup.o67 (.cinit)
                  0001e8b8    0000005c     lnkrtdx.a67 : rtdx.o67 (.cinit)
                  0001e914    00000004     --HOLE-- [fill = 0]
                  0001e918    00000054     csl6713.lib : csl_mcbsp.obj (.cinit)
                  0001e96c    00000004     --HOLE-- [fill = 0]
                  0001e970    0000004c     bios.a67 : rta.o67 (.cinit)
                  0001e9bc    00000004     --HOLE-- [fill = 0]
                  0001e9c0    0000004c     csl6713.lib : csl_timer.obj (.cinit)
                  0001ea0c    00000004     --HOLE-- [fill = 0]
                  0001ea10    0000004c     rtdx.lib : buffer1.o62 (.cinit)
                  0001ea5c    00000004     --HOLE-- [fill = 0]
                  0001ea60    00000048     config_AIC23.obj (.cinit)
                  0001eaa8    0000003c     csl6713.lib : csl.obj (.cinit)
                  0001eae4    00000004     --HOLE-- [fill = 0]
                  0001eae8    00000034     bios.a67 : hwi.o67 (.cinit)
                  0001eb1c    00000004     --HOLE-- [fill = 0]
                  0001eb20    0000002c              : utl_putc.o67 (.cinit)
                  0001eb4c    00000004     --HOLE-- [fill = 0]
                  0001eb50    0000002c     rts6700.lib : exit.obj (.cinit)
                  0001eb7c    00000004     --HOLE-- [fill = 0]
                  0001eb80    00000024     bios.a67 : obj_init.o67 (.cinit)
                  0001eba4    00000004     --HOLE-- [fill = 0]
                  0001eba8    0000001c              : sys.o67 (.cinit)
                  0001ebc4    00000004     --HOLE-- [fill = 0]
                  0001ebc8    0000001c     rts6700.lib : _lock.obj (.cinit)
                  0001ebe4    00000004     --HOLE-- [fill = 0]
                  0001ebe8    0000001c                 : atexit.obj (.cinit)
                  0001ec04    00000004     --HOLE-- [fill = 0]
                  0001ec08    00000018     bios.a67 : knl_tick.o67 (.cinit)
                  0001ec20    0000000c              : gbl_setL2CacheMode.o67 (.cinit)
                  0001ec2c    00000004     --HOLE-- [fill = 0]
                  0001ec30    0000000c              : idl_busy.o67 (.cinit)
                  0001ec3c    00000004     --HOLE-- [fill = 0]
                  0001ec40    0000000c              : knl_swit.o67 (.cinit)
                  0001ec4c    00000004     --HOLE-- [fill = 0]
                  0001ec50    0000000c     rts6700.lib : sinit.obj (.cinit)
                  0001ec5c    00000004     --HOLE-- [fill = 0]
                  0001ec60    00000004     (.pad.cinit) [fill = 0]

.hst1      0    0001ec64    00000010     UNINITIALIZED
                  0001ec64    00000010     my_dsp_projectcfg.obj (.hst1)

.pinit     0    0001ec74    0000000c     
                  0001ec74    00000004     rtdx.lib : buffer1.o62 (.pinit)
                  0001ec78    00000004              : rtdx_mon.o62 (.pinit)
                  0001ec7c    00000004     --HOLE-- [fill = 0]

.rtdx_text 
*          0    0001ec80    00000ea0     
                  0001ec80    00000400     rtdx.lib : rtdx_mon.o62 (.rtdx_text:_RTDX_Poll)
                  0001f080    00000340              : buffer1.o62 (.rtdx_text:_RTDX_Buffer_WriteCB)
                  0001f3c0    00000300              : buffer1.o62 (.rtdx_text:_RTDX_write_next)
                  0001f6c0    00000140              : rtdx_mon.o62 (.rtdx_text:_RTDX_Mon_Queue)
                  0001f800    000000e0              : buffer1.o62 (.rtdx_text:_claim)
                  0001f8e0    00000080              : rtdx_mon.o62 (.rtdx_text:_RTDX_Init_RT_Monitor)
                  0001f960    00000060              : buffer1.o62 (.rtdx_text:_RTDX_Buffer_Initialize)
                  0001f9c0    00000060              : buffer2.o62 (.rtdx_text:_RTDX_Buffer_ReadCB)
                  0001fa20    00000040              : buffer1.o62 (.rtdx_text:_RTDX_Buffer_Size)
                  0001fa60    00000040              : rtdx_mon.o62 (.rtdx_text:_RTDX_Final_RT_Monitor)
                  0001faa0    00000020              : buffer2.o62 (.rtdx_text:_RTDX_Buffer_Read)
                  0001fac0    00000020              : buffer1.o62 (.rtdx_text:_RTDX_Buffer_Write)
                  0001fae0    00000020              : rtdx_mon.o62 (.rtdx_text:_RTDX_checksum)
                  0001fb00    00000020              : intr_tgt.o62 (.rtdx_text)

.sysinit   0    0001fb20    00000520     
                  0001fb20    000002e0     my_dsp_projectcfg.obj (.sysinit)
                  0001fe00    000000e0     bios.a67 : mem_init.o67 (.sysinit)
                  0001fee0    000000c0              : boot.o67 (.sysinit)
                  0001ffa0    00000080              : tsk_init.o67 (.sysinit)
                  00020020    00000020              : obj_init.o67 (.sysinit)

.rtdx_data 
*          0    00020040    0000044c     UNINITIALIZED
                  00020040    00000410     my_dsp_projectcfg.obj (.rtdx_data)
                  00020450    00000020     rtdx.lib : buffer1.o62 (.rtdx_data)
                  00020470    0000001c              : rtdx_mon.o62 (.rtdx_data)

.args      0    0002048c    00000004     
                  0002048c    00000004     --HOLE-- [fill = 0]

.TSK_LEDTOGGLE$stk 
*          0    00020490    00000400     UNINITIALIZED
                  00020490    00000400     my_dsp_projectcfg.obj (.TSK_LEDTOGGLE$stk)

.TSK_idle$stk 
*          0    00020890    00000400     UNINITIALIZED
                  00020890    00000400     my_dsp_projectcfg.obj (.TSK_idle$stk)

.bss       0    00020c90    000003f8     UNINITIALIZED
                  00020c90    00000100     bios.a67 : hwi_disp_asm.o67 (.bss)
                  00020d90    000000cc              : biosdata.o67 (.bss)
                  00020e5c    0000009c              : swi.o67 (.bss)
                  00020ef8    00000084     skeleton.obj (.bss)
                  00020f7c    00000048     bios.a67 : knl.o67 (.bss)
                  00020fc4    0000002c     config_BSPLink.obj (.bss)
                  00020ff0    00000028     my_dsp_projectcfg.obj (.bss)
                  00021018    00000018     bios.a67 : hwi.o67 (.bss)
                  00021030    00000018     lnkrtdx.a67 : rtdx.o67 (.bss)
                  00021048    00000010     rtdx.lib : buffer1.o62 (.bss)
                  00021058    0000000c     bios.a67 : tsk.o67 (.bss)
                  00021064    00000008              : clk_data.o67 (.bss)
                  0002106c    00000008              : sys.o67 (.bss)
                  00021074    00000004              : clk_data2.o67 (.bss)
                  00021078    00000004              : gbl_setL2CacheMode.o67 (.bss)
                  0002107c    00000004              : idl_busy.o67 (.bss)
                  00021080    00000004              : mem_asm.o67 (.bss)
                  00021084    00000004     config_AIC23.obj (.bss)

.trace     0    00021088    00000200     
                  00021088    00000200     --HOLE-- [fill = 00000000]

.swi       0    00021288    000001e4     UNINITIALIZED
                  00021288    000001e4     my_dsp_projectcfg.obj (.swi)

.gblinit   0    0002146c    0000004c     
                  0002146c    0000004c     my_dsp_projectcfg.obj (.gblinit)

.hst       0    000214b8    0000003c     UNINITIALIZED
                  000214b8    0000003c     my_dsp_projectcfg.obj (.hst)

.trcdata   0    000214f4    0000000c     
                  000214f4    0000000c     bios.a67 : trc.o67 (.trcdata)

.LOG_system$buf 
*          0    00021500    00000100     UNINITIALIZED
                  00021500    00000100     my_dsp_projectcfg.obj (.LOG_system$buf)

.hst0      0    00021600    00000100     UNINITIALIZED
                  00021600    00000100     my_dsp_projectcfg.obj (.hst0)

.sts       0    00021700    000000f0     
                  00021700    000000f0     my_dsp_projectcfg.obj (.sts)

.pip       0    000217f0    000000c8     UNINITIALIZED
                  000217f0    000000c8     my_dsp_projectcfg.obj (.pip)

.tsk       0    000218b8    000000c0     UNINITIALIZED
                  000218b8    000000c0     my_dsp_projectcfg.obj (.tsk)

.const     0    00021978    000000b5     
                  00021978    0000004e     bios.a67 : tsk_stup.o67 (.const)
                  000219c6    00000023              : utl_doab.o67 (.const)
                  000219e9    00000022              : utl_doer.o67 (.const)
                  00021a0b    00000001     --HOLE-- [fill = 0]
                  00021a0c    00000020     dsk6713bsl.lib : dsk6713.obj (.const)
                  00021a2c    00000001     bios.a67 : tsk.o67 (.const)

.printf    0    00021a2d    0000017a     COPY SECTION
                  00021a2d    0000017a     my_dsp_projectcfg.obj (.printf)

.sem       0    00021a30    0000002c     UNINITIALIZED
                  00021a30    0000002c     my_dsp_projectcfg.obj (.sem)

.switch    0    00021a5c    00000028     
                  00021a5c    00000028     rtdx.lib : rtdx_mon.o62 (.switch)

.prd       0    00021a84    00000020     UNINITIALIZED
                  00021a84    00000020     my_dsp_projectcfg.obj (.prd)

.idl       0    00021aa4    00000010     UNINITIALIZED
                  00021aa4    00000010     my_dsp_projectcfg.obj (.idl)

.idlcal    0    00021ab4    00000010     UNINITIALIZED
                  00021ab4    00000010     my_dsp_projectcfg.obj (.idlcal)

.sys       0    00021ac4    00000010     UNINITIALIZED
                  00021ac4    00000010     my_dsp_projectcfg.obj (.sys)

.clk       0    00021ad4    00000008     UNINITIALIZED
                  00021ad4    00000008     my_dsp_projectcfg.obj (.clk)

.mem       0    00021adc    00000004     UNINITIALIZED
                  00021adc    00000004     my_dsp_projectcfg.obj (.mem)

.SDRAM$heap 
*          0    80000000    00008000     UNINITIALIZED
                  80000000    00008000     --HOLE--

.sounds    0    80008000    000019de     UNINITIALIZED
                  80008000    000019de     skeleton.obj (.sounds)


GLOBAL SYMBOLS: SORTED ALPHABETICALLY BY Name 

address    name
--------   ----
00020c90   $bss
00020c90   .bss
00000000   .data
0000dd20   .text
0001fcdc   BIOS$$CLKOFF
0001fc9c   BIOS$$CLKON
0001fb20   BIOS_init
0001fd44   BIOS_start
00000000   BUF$
00000001   BUF_ENABLED
00000001   CLK$
00021ad4   CLK_A_TABBEG
00000001   CLK_CALDIV
00000004   CLK_CALMULT
0000dbba   CLK_COUNTSPMS
00000000   CLK_COUNTSPMSHIGH
00020db8   CLK_D_idletime
00020db4   CLK_D_isrhook
00020db0   CLK_D_tabbeg
00020dac   CLK_D_timefxn
00017240   CLK_F_getfhtime
00017260   CLK_F_gethtime
00016340   CLK_F_getltime
00017260   CLK_F_getshtime
00016354   CLK_F_isr
000164b4   CLK_F_itime
00014880   CLK_HOOKFXN
00000001   CLK_HTIMEDIV
00000004   CLK_HTIMEMULT
0000dbba   CLK_HTIMEPERLTIME
00004000   CLK_INTBIT
00000001   CLK_LTIMEDIV
00036ee8   CLK_LTIMEMULT
000003e8   CLK_MICROSECS
0000dbba   CLK_PRD
00000000   CLK_PRDHIGH
01940000   CLK_REGS
00020da8   CLK_R_time
00000020   CLK_TCR
00000000   CLK_TDDR
00000000   CLK_TDDRHIGH
00017260   CLK_TIMEFXN
00000000   CLK_TIMERNUM
00000001   CLK_USETIMER
00021ad8   CLK_null
00000000   DEV$
00000000   DGN$
00000000   DHL$
00000000   DHL_gChannelsAvailable
00000000   DIO$
00000000   DIO_NUMSWIBASE
00000000   DIO_NUMTSKBASE
00000000   DIO_STATIC
00000000   DPI$
00017300   FXN_F_nop
00017308   FXN_F_run
00017358   FXN_F_zero
00000001   GBL$
00005205   GBL_A_VERSION
00000000   GBL_BIGENDIAN
00000000   GBL_C641XL2PRIORITY
00000000   GBL_CACHE
00000001   GBL_CALLCSLCFGINIT
00004e20   GBL_CLKIN
00001770   GBL_CLKTYPE
00001a39   GBL_DSPSUBTYPE
0000003e   GBL_DSPTYPE
00000001   GBL_ENABLEINST
00000042   GBL_FOOTPRINT
00036ee8   GBL_FREQ
00002226   GBL_L2ALLOC
00000000   GBL_L2CONFIGALLOC
00000001   GBL_L2CONFIGURE
00000001   GBL_L2MARMASK
00000000   GBL_L2MARMASK1
00000000   GBL_L2MARMASK2
00000000   GBL_L2MARMASK3
00000000   GBL_L2MARMASK4
00000000   GBL_L2MARMASK5
00000000   GBL_L2MODE
00000000   GBL_L2PRIORITY
00000000   GBL_NULL
00000000   GBL_PROCID
00000000   GBL_ROM
00000000   GBL_SUPPORTCSL
0000dbef   GBL_TRCMASKVALUE
00000001   GBL_USERINIT
00012108   GBL_USERINITFXN
00000001   GBL_boot
000214fc   GBL_initdone
000179e0   GBL_stackbeg
0001b9df   GBL_stackend
00000000   GIO$
00017920   GIO_CREATEFXN
00017920   GIO_DELETEFXN
00017920   GIO_PENDFXN
00017920   GIO_POSTFXN
00000000   HOOK$
00000000   HOOK_KNLID
00000001   HST$
000214b8   HST_A_TABBEG
000214f4   HST_A_TABEND
00000000   HST_DSM
ffffffff   HST_DSMBUFSEG
00000400   HST_DSMMEMSIZE
00020e24   HST_D_chanmask
00020e28   HST_D_tabbeg
00020e2c   HST_D_tabend
000000ff   HST_MAXFRAMEALLOWED
00000040   HST_MAXFRAMESET
00000000   HST_NONE
00000001   HST_RTDX
00000001   HWI$
00000000   HWI_A_VECS
00005308   HWI_CFGDISPATCHED
00021028   HWI_D_bss
0002102c   HWI_D_ccmask
00021018   HWI_D_spsave
00014880   HWI_F_dispatch
00000000   HWI_GENERATE_RESET_VEC
0000000a   HWI_INT10
00000000   HWI_INT10$hwi
0000000b   HWI_INT11
00000000   HWI_INT11$hwi
0000000c   HWI_INT12
00000000   HWI_INT12$hwi
0000000d   HWI_INT13
00000000   HWI_INT13$hwi
0000000e   HWI_INT14
00000000   HWI_INT14$hwi
0000000f   HWI_INT15
00000000   HWI_INT15$hwi
00000004   HWI_INT4
00000000   HWI_INT4$hwi
00000005   HWI_INT5
00000000   HWI_INT5$hwi
00000006   HWI_INT6
00000000   HWI_INT6$hwi
00000007   HWI_INT7
00000000   HWI_INT7$hwi
00000008   HWI_INT8
00000000   HWI_INT8$hwi
00000009   HWI_INT9
00000000   HWI_INT9$hwi
082039a3   HWI_INTRMULTHIGH
250718a4   HWI_INTRMULTLOW
00000001   HWI_NMI
00000000   HWI_NMI$hwi
00000000   HWI_POLARITYMASK
00000002   HWI_RESERVED0
00000000   HWI_RESERVED0$hwi
00000003   HWI_RESERVED1
00000000   HWI_RESERVED1$hwi
00000000   HWI_RESET
00000000   HWI_RESET$hwi
00000001   HWI_ZEROTAB
00000001   IDL$
00021ab4   IDL_A_CALBEG
00021aa4   IDL_A_TABBEG
00000006   IDL_CALIBRERROR
00017820   IDL_CALIBRFXN
0002107c   IDL_D_busyObj
00020d98   IDL_D_calbeg
00020d94   IDL_D_calibrate
00020d90   IDL_D_tabbeg
00021ab0   IDL_END
00021ac0   IDL_END$
00017380   IDL_F_busy
00017500   IDL_F_calibrate
00017960   IDL_F_loop
00017820   IDL_F_stub
00000001   IDL_USECLKIDLTIME
000217e4   IDL_busyObj
00021ba2   IDL_busyObj$avgfmt
00000001   IDL_busyObj$filter
00000001   IDL_busyObj$iA
00000000   IDL_busyObj$iB
00000001   IDL_busyObj$iC
00021b9c   IDL_busyObj$maxfmt
00000000   IDL_busyObj$operation
000217e0   IDL_busyObj$stsobj
00021b9f   IDL_busyObj$sumfmt
00000002   IDL_busyObj$unittype
00021aa4   IDL_cpuLoad
00021ab4   IDL_cpuLoad$
ffffffff   IRAM
00000001   ISRC$
00016300   KNL_glue
000212b4   KNL_swi
00000001   KNL_swi$dorta
00000002   KNL_swi$ord
00000000   KNL_swi$pri
00021724   KNL_swi$sts
00021a74   KNL_swi$sts$avgfmt
00000002   KNL_swi$sts$filter
00000001   KNL_swi$sts$filtmaxmult
00000001   KNL_swi$sts$filtsummult
00021a64   KNL_swi$sts$maxfmt
00021720   KNL_swi$sts$stsobj
00021a6c   KNL_swi$sts$sumfmt
00000000   KNL_swi$sts$unittype
00000000   KNL_swi$swi
00000001   LCK$
00013760   LNK_F_checkBufferCall
000137e0   LNK_F_dataPump
00013780   LNK_F_getChanPtr
000137d8   LNK_F_init
00013d24   LNK_F_readCallBack
00021aa8   LNK_dataPump
00021ab8   LNK_dataPump$
00021034   LNK_dspFrameReadyMask
00021030   LNK_dspFrameRequestMask
00013a80   LNK_newin
00013bc0   LNK_newout
000137f4   LNK_rcloop
000138c0   LNK_rdrtry
0002103c   LNK_readDone
00021040   LNK_readFail
00021038   LNK_readPend
000138d0   LNK_rrloop
00021044   LNK_writeFail
000139a4   LNK_wrloop
00013994   LNK_wrrtry
00000001   LOG$
0000dd08   LOG_A_TABBEG
0000dd20   LOG_A_TABEND
00000001   LOG_A_TABLEN
00020d9c   LOG_D_system
00000001   LOG_ENABLED
00017400   LOG_F_event
0000dd08   LOG_system
00021500   LOG_system$buf
00000000   LOG_system$datatype
00000000   LOG_system$log
00000040   LOG_system$size
00000000   MBX$
00000001   MEM$
00020ffc   MEM_MALLOCSEG
00000000   MEM_NULL
00020ffc   MEM_SEGZERO
00000000   MEM_USEMPC
00000001   MEM_gNumHeap
00000000   MSGQ$
00000000   MSGQ_USEMSGQ
00000000   OBJ$
00000000   PIP$
000217f0   PIP_A_TABBEG
000218b8   PIP_A_TABEND
00000002   PIP_A_TABLEN
00020da0   PIP_D_tabbeg
00020da4   PIP_D_tablen
00015bb4   PIP_F_give
00015bb4   PIP_F_probe
00015c88   PIP_F_start
00015b20   PIP_F_take
00000064   PIP_OBJSIZE
00000000   PIP_gNextId
00000002   PIP_gNumEmbed
00000000   POOL$
00000000   POOL_USEPOOL
00000001   PRD$
00021a84   PRD_A_TABBEG
00021aa4   PRD_A_TABEND
00000001   PRD_A_TABLEN
00020de0   PRD_D_cur
00020de4   PRD_D_elapsed
00020de8   PRD_D_prevtim
00020dec   PRD_D_scalar
00020df0   PRD_D_swihandle
00020df4   PRD_D_tabbeg
00020df8   PRD_D_tablen
00020dfc   PRD_D_thook
00020ddc   PRD_D_tick
00014ce0   PRD_F_swi
00014fa0   PRD_F_tick
00000008   PRD_SCALAR
00021288   PRD_SWIHANDLE
00021a84   PRD_Sek
00021aa0   PRD_Sek$aaa
00000000   PRD_Sek$mode
00000001   PRD_Sek$ord
000003e8   PRD_Sek$period
00000000   PRD_Sek$prd
00021704   PRD_Sek$sts
00021a3f   PRD_Sek$sts$avgfmt
00000000   PRD_Sek$sts$filter
00021a2d   PRD_Sek$sts$maxfmt
00021700   PRD_Sek$sts$stsobj
00021a36   PRD_Sek$sts$sumfmt
00000002   PRD_Sek$sts$unittype
00015b00   PRD_THOOKFXN
00021ad4   PRD_clock
00021288   PRD_swi
00000001   PRD_swi$dorta
00000001   PRD_swi$ord
00000001   PRD_swi$pri
00021714   PRD_swi$sts
00021a5a   PRD_swi$sts$avgfmt
00000002   PRD_swi$sts$filter
00000001   PRD_swi$sts$filtmaxmult
00000001   PRD_swi$sts$filtsummult
00021a4a   PRD_swi$sts$maxfmt
00021710   PRD_swi$sts$stsobj
00021a52   PRD_swi$sts$sumfmt
00000000   PRD_swi$sts$unittype
00000000   PRD_swi$swi
00000001   QUE$
00020e00   RTA_D_fromHost
00020e08   RTA_D_logval
00020e18   RTA_D_stsval
00020e04   RTA_D_toHost
00017860   RTA_F_andn
00015438   RTA_F_dispatch
00015340   RTA_F_getlog
00015384   RTA_F_getsts
00017880   RTA_F_or
000153cc   RTA_F_readblk
000153f8   RTA_F_resetmem
000153ec   RTA_F_writeword
00021aac   RTA_dispatcher
00021abc   RTA_dispatcher$
00015488   RTA_execute
000214bc   RTA_fromHost
0001ec64   RTA_fromHost$buf
00000004   RTA_fromHost$framesize
00000000   RTA_fromHost$hst
00000001   RTA_fromHost$id
00000000   RTA_fromHost$mode
000217f0   RTA_fromHost$pipe
00021820   RTA_fromHost$pipe$aaa
00021850   RTA_fromHost$pipe$bbb
00021000   RTA_fromHost$pipe$dtab
000217f4   RTA_fromHost$pipe$rd
00021824   RTA_fromHost$pipe$wr
000214c4   RTA_fromHost$rtdx
000214d8   RTA_toHost
00021600   RTA_toHost$buf
00000040   RTA_toHost$framesize
00000000   RTA_toHost$hst
00000000   RTA_toHost$id
00000001   RTA_toHost$mode
00021854   RTA_toHost$pipe
00021884   RTA_toHost$pipe$aaa
000218b4   RTA_toHost$pipe$bbb
0002100c   RTA_toHost$pipe$dtab
00021858   RTA_toHost$pipe$rd
00021888   RTA_toHost$pipe$wr
000214e0   RTA_toHost$rtdx
00000001   RTDX$
00000408   RTDX_BUFMEMSIZE
ffffffff   RTDX_DATAMEMSEG
00000000   RTDX_MODE
00000001   RTDX_NORMALIZED_HDR
00000001   RTDX_USERTDX
00000000   RTDX_USERTEXECUTION
00020ffc   SDRAM
80000000   SDRAM$B
00008000   SDRAM$L
00000001   SEM$
00021a3c   SEM_LEDToggle
00000000   SIO$
00000001   STS$
00021700   STS_A_TABBEG
000217f0   STS_A_TABEND
000174b8   STS_F_add
00017480   STS_F_delta
000174e4   STS_F_reset
00000001   SWI$
00021390   SWI_ADC_In_Ping
00000001   SWI_ADC_In_Ping$dorta
00000007   SWI_ADC_In_Ping$ord
00000004   SWI_ADC_In_Ping$pri
00021774   SWI_ADC_In_Ping$sts
00021af6   SWI_ADC_In_Ping$sts$avgfmt
00000002   SWI_ADC_In_Ping$sts$filter
00000001   SWI_ADC_In_Ping$sts$filtmaxmult
00000001   SWI_ADC_In_Ping$sts$filtsummult
00021ae6   SWI_ADC_In_Ping$sts$maxfmt
00021770   SWI_ADC_In_Ping$sts$stsobj
00021aee   SWI_ADC_In_Ping$sts$sumfmt
00000000   SWI_ADC_In_Ping$sts$unittype
00000000   SWI_ADC_In_Ping$swi
000213bc   SWI_ADC_In_Pong
00000001   SWI_ADC_In_Pong$dorta
00000008   SWI_ADC_In_Pong$ord
00000004   SWI_ADC_In_Pong$pri
00021784   SWI_ADC_In_Pong$sts
00021b10   SWI_ADC_In_Pong$sts$avgfmt
00000002   SWI_ADC_In_Pong$sts$filter
00000001   SWI_ADC_In_Pong$sts$filtmaxmult
00000001   SWI_ADC_In_Pong$sts$filtsummult
00021b00   SWI_ADC_In_Pong$sts$maxfmt
00021780   SWI_ADC_In_Pong$sts$stsobj
00021b08   SWI_ADC_In_Pong$sts$sumfmt
00000000   SWI_ADC_In_Pong$sts$unittype
00000000   SWI_ADC_In_Pong$swi
00021338   SWI_ADC_Out_Ping
00000001   SWI_ADC_Out_Ping$dorta
00000005   SWI_ADC_Out_Ping$ord
00000004   SWI_ADC_Out_Ping$pri
00021754   SWI_ADC_Out_Ping$sts
00021ac2   SWI_ADC_Out_Ping$sts$avgfmt
00000002   SWI_ADC_Out_Ping$sts$filter
00000001   SWI_ADC_Out_Ping$sts$filtmaxmult
00000001   SWI_ADC_Out_Ping$sts$filtsummult
00021ab2   SWI_ADC_Out_Ping$sts$maxfmt
00021750   SWI_ADC_Out_Ping$sts$stsobj
00021aba   SWI_ADC_Out_Ping$sts$sumfmt
00000000   SWI_ADC_Out_Ping$sts$unittype
00000000   SWI_ADC_Out_Ping$swi
00021364   SWI_ADC_Out_Pong
00000001   SWI_ADC_Out_Pong$dorta
00000006   SWI_ADC_Out_Pong$ord
00000004   SWI_ADC_Out_Pong$pri
00021764   SWI_ADC_Out_Pong$sts
00021adc   SWI_ADC_Out_Pong$sts$avgfmt
00000002   SWI_ADC_Out_Pong$sts$filter
00000001   SWI_ADC_Out_Pong$sts$filtmaxmult
00000001   SWI_ADC_Out_Pong$sts$filtsummult
00021acc   SWI_ADC_Out_Pong$sts$maxfmt
00021760   SWI_ADC_Out_Pong$sts$stsobj
00021ad4   SWI_ADC_Out_Pong$sts$sumfmt
00000000   SWI_ADC_Out_Pong$sts$unittype
00000000   SWI_ADC_Out_Pong$swi
00021288   SWI_A_TABBEG
0002146c   SWI_A_TABEND
0000000b   SWI_A_TABLEN
000212e0   SWI_BSPLink_In_Ping
00000001   SWI_BSPLink_In_Ping$dorta
00000003   SWI_BSPLink_In_Ping$ord
00000008   SWI_BSPLink_In_Ping$pri
00021734   SWI_BSPLink_In_Ping$sts
00021a8e   SWI_BSPLink_In_Ping$sts$avgfmt
00000002   SWI_BSPLink_In_Ping$sts$filter
00000001   SWI_BSPLink_In_Ping$sts$filtmaxmult
00000001   SWI_BSPLink_In_Ping$sts$filtsummult
00021a7e   SWI_BSPLink_In_Ping$sts$maxfmt
00021730   SWI_BSPLink_In_Ping$sts$stsobj
00021a86   SWI_BSPLink_In_Ping$sts$sumfmt
00000000   SWI_BSPLink_In_Ping$sts$unittype
00000000   SWI_BSPLink_In_Ping$swi
0002130c   SWI_BSPLink_In_Pong
00000001   SWI_BSPLink_In_Pong$dorta
00000004   SWI_BSPLink_In_Pong$ord
00000007   SWI_BSPLink_In_Pong$pri
00021744   SWI_BSPLink_In_Pong$sts
00021aa8   SWI_BSPLink_In_Pong$sts$avgfmt
00000002   SWI_BSPLink_In_Pong$sts$filter
00000001   SWI_BSPLink_In_Pong$sts$filtmaxmult
00000001   SWI_BSPLink_In_Pong$sts$filtsummult
00021a98   SWI_BSPLink_In_Pong$sts$maxfmt
00021740   SWI_BSPLink_In_Pong$sts$stsobj
00021aa0   SWI_BSPLink_In_Pong$sts$sumfmt
00000000   SWI_BSPLink_In_Pong$sts$unittype
00000000   SWI_BSPLink_In_Pong$swi
000213e8   SWI_BSPLink_Out_Ping
00000001   SWI_BSPLink_Out_Ping$dorta
00000009   SWI_BSPLink_Out_Ping$ord
00000008   SWI_BSPLink_Out_Ping$pri
00021794   SWI_BSPLink_Out_Ping$sts
00021b2a   SWI_BSPLink_Out_Ping$sts$avgfmt
00000002   SWI_BSPLink_Out_Ping$sts$filter
00000001   SWI_BSPLink_Out_Ping$sts$filtmaxmult
00000001   SWI_BSPLink_Out_Ping$sts$filtsummult
00021b1a   SWI_BSPLink_Out_Ping$sts$maxfmt
00021790   SWI_BSPLink_Out_Ping$sts$stsobj
00021b22   SWI_BSPLink_Out_Ping$sts$sumfmt
00000000   SWI_BSPLink_Out_Ping$sts$unittype
00000000   SWI_BSPLink_Out_Ping$swi
00021414   SWI_BSPLink_Out_Pong
00000001   SWI_BSPLink_Out_Pong$dorta
0000000a   SWI_BSPLink_Out_Pong$ord
00000007   SWI_BSPLink_Out_Pong$pri
000217a4   SWI_BSPLink_Out_Pong$sts
00021b44   SWI_BSPLink_Out_Pong$sts$avgfmt
00000002   SWI_BSPLink_Out_Pong$sts$filter
00000001   SWI_BSPLink_Out_Pong$sts$filtmaxmult
00000001   SWI_BSPLink_Out_Pong$sts$filtsummult
00021b34   SWI_BSPLink_Out_Pong$sts$maxfmt
000217a0   SWI_BSPLink_Out_Pong$sts$stsobj
00021b3c   SWI_BSPLink_Out_Pong$sts$sumfmt
00000000   SWI_BSPLink_Out_Pong$sts$unittype
00000000   SWI_BSPLink_Out_Pong$swi
00020e74   SWI_D_curfxn
00020e64   SWI_D_curmask
00020e70   SWI_D_curmbox
00020e68   SWI_D_curset
00020e60   SWI_D_execaddr
00020e7c   SWI_D_inswi
00020e6c   SWI_D_lock
00020e78   SWI_D_rdybeg
00020e80   SWI_D_rdytab
00020e5c   SWI_D_runaddr
00021440   SWI_Decode_Buffer
00000001   SWI_Decode_Buffer$dorta
0000000b   SWI_Decode_Buffer$ord
00000003   SWI_Decode_Buffer$pri
000217b4   SWI_Decode_Buffer$sts
00021b5e   SWI_Decode_Buffer$sts$avgfmt
00000002   SWI_Decode_Buffer$sts$filter
00000001   SWI_Decode_Buffer$sts$filtmaxmult
00000001   SWI_Decode_Buffer$sts$filtsummult
00021b4e   SWI_Decode_Buffer$sts$maxfmt
000217b0   SWI_Decode_Buffer$sts$stsobj
00021b56   SWI_Decode_Buffer$sts$sumfmt
00000000   SWI_Decode_Buffer$sts$unittype
00000000   SWI_Decode_Buffer$swi
00000000   SWI_EHOOKFXN
0001455c   SWI_EXECFXN
00014340   SWI_F_enable
0001455c   SWI_F_exec
00014588   SWI_F_iexec
000143b0   SWI_F_post
00014618   SWI_F_run
00000000   SWI_IHOOKFXN
00014618   SWI_RUNFXN
00000001   SYS$
00021ac4   SYS$config
000178a0   SYS_ABORTFXN
000179a0   SYS_ERRORFXN
000179c0   SYS_EXITFXN
00017760   SYS_PUTCFXN
000214f8   TRC_R_mask
000214f4   TRC_cinit
00000001   TSK$
00021924   TSK_LEDTOGGLE
00000003   TSK_LEDTOGGLE$ord
00000002   TSK_LEDTOGGLE$pri
00020490   TSK_LEDTOGGLE$stack
00020828   TSK_LEDTOGGLE$stkptr
000217d4   TSK_LEDTOGGLE$sts
00021b92   TSK_LEDTOGGLE$sts$avgfmt
00000002   TSK_LEDTOGGLE$sts$filter
00000001   TSK_LEDTOGGLE$sts$filtmaxmult
00000001   TSK_LEDTOGGLE$sts$filtsummult
00021b82   TSK_LEDTOGGLE$sts$maxfmt
000217d0   TSK_LEDTOGGLE$sts$stsobj
00021b8a   TSK_LEDTOGGLE$sts$sumfmt
00000000   TSK_LEDTOGGLE$sts$unittype
00000000   TSK_LEDTOGGLE$tsk
00000000   TSK_NUM_HOOKS
00000001   TSK_PRIORITY
00000000   TSK_READYFXN
00000000   TSK_STACKSEG
00000400   TSK_STACKSIZE
00000000   TSK_SWITCHFXN
00017920   TSK_VCREATEFXN
00017920   TSK_VDELETEFXN
00017920   TSK_VEXITFXN
000218c4   TSK_idle
00000001   TSK_idle$ord
00000000   TSK_idle$pri
00020890   TSK_idle$stack
00020c28   TSK_idle$stkptr
000217c4   TSK_idle$sts
00021b78   TSK_idle$sts$avgfmt
00000002   TSK_idle$sts$filter
00000001   TSK_idle$sts$filtmaxmult
00000001   TSK_idle$sts$filtsummult
00021b68   TSK_idle$sts$maxfmt
000217c0   TSK_idle$sts$stsobj
00021b70   TSK_idle$sts$sumfmt
00000000   TSK_idle$sts$unittype
00000000   TSK_idle$tsk
00000000   UDEV$
0000ea80   _ADC_In_Ping
0000eac0   _ADC_In_Pong
0000ea00   _ADC_Out_Ping
0000ea40   _ADC_Out_Pong
000075e8   _AIC_Buffer_in_ping
00007db8   _AIC_Buffer_in_pong
00008588   _AIC_Buffer_out_ping
00008d58   _AIC_Buffer_out_pong
0001fb20   _BIOS_init
0001fd44   _BIOS_start
0000cbd8   _BSPLinkBuffer_in_ping
0000d024   _BSPLinkBuffer_in_pong
0000d470   _BSPLinkBuffer_out_ping
0000d8bc   _BSPLinkBuffer_out_pong
0000eb00   _BSPLink_In_Ping
0000eb54   _BSPLink_In_Pong
0000eba8   _BSPLink_Out_Ping
0000ec54   _BSPLink_Out_Pong
00007488   _BSPLink_interface_config
0000dbba   _CLK_COUNTSPMS
00021064   _CLK_DFLTMICROSECS
00020dd8   _CLK_D_countspms
00020dcc   _CLK_D_dirty
00021068   _CLK_D_microseconds
00020dd0   _CLK_D_prd
00020dd4   _CLK_D_tddr
000164b4   _CLK_F_itime
0000dbba   _CLK_PRD
01940000   _CLK_REGS
00000000   _CLK_TDDR
00000000   _CLK_TIMERNUM
00000001   _CLK_USETIMER
00020dbc   _CLK_htimeDiv
00020dc0   _CLK_htimeMult
00021074   _CLK_htimePerLtime
000164b4   _CLK_itime
00020dc4   _CLK_ltimeDiv
00020dc8   _CLK_ltimeMult
00016e60   _CLK_measure
000177c0   _CLK_start
000178e0   _CLK_stop
000135c0   _CSL6713_LIB_
000113e0   _Config_DSK6713_AIC23
00020f38   _DECODER
000132a8   _DSK6713_DIP_get
000132a0   _DSK6713_DIP_init
00011840   _DSK6713_LED_init
00011880   _DSK6713_LED_off
000118f0   _DSK6713_LED_on
00011960   _DSK6713_LED_toggle
00010bb4   _DSK6713_getVersion
000107ec   _DSK6713_init
00010b08   _DSK6713_rget
00010b1c   _DSK6713_rset
000075e4   _DSK6713_version
00010b30   _DSK6713_wait
00010b88   _DSK6713_waitusec
0000c408   _Decoding_Buffer
00020f4c   _Decoding_Buffer_i
0000e5a4   _EDMA_ISR
00011da0   _EDMA_allocTable
00012a60   _EDMA_config
00013320   _EDMA_disableChannel
00013380   _EDMA_enableChannel
00012760   _EDMA_intAlloc
000135e0   _EDMA_intClear
000133e0   _EDMA_intEnable
00013600   _EDMA_intTest
00013500   _EDMA_link
00010f20   _EDMA_open
00013440   _EDMA_qdmaConfig
000123c0   _EDMA_reset
00020f34   _ENCODER
0000c7f0   _Encoding_Buffer
00020f44   _Encoding_Buffer_i
00017920   _FXN_F_nop
00017308   _FXN_F_run
00017358   _FXN_F_zero
00000000   _GBL_CACHE
00020e34   _GBL_clkIn
00016ae0   _GBL_cslCacheInit
00020e38   _GBL_freq
00017940   _GBL_getVersion
00020e30   _GBL_procId
00012108   _GBL_setPLLto225MHz
000214b8   _HST_A_TABBEG
000214f4   _HST_A_TABEND
00005308   _HWI_CFGDISPATCHED
00021024   _HWI_D_inhwi
00021018   _HWI_D_spsave
00014880   _HWI_F_dispatch
0000000a   _HWI_INT10
0000000b   _HWI_INT11
0000000c   _HWI_INT12
0000000d   _HWI_INT13
0000000e   _HWI_INT14
0000000f   _HWI_INT15
00000004   _HWI_INT4
00000005   _HWI_INT5
00000006   _HWI_INT6
00000007   _HWI_INT7
00000008   _HWI_INT8
00000009   _HWI_INT9
00000001   _HWI_NMI
00000002   _HWI_RESERVED0
00000003   _HWI_RESERVED1
00000000   _HWI_RESET
0001b9d8   _HWI_STKBOTTOM
000179e0   _HWI_STKTOP
00021018   _HWI_data
00017580   _HWI_disable
00020c90   _HWI_dispatchTab
00017598   _HWI_enable
000175ac   _HWI_restore
000217e4   _IDL_busyObj
00021aa4   _IDL_cpuLoad
00017960   _IDL_loop
ffffffff   _IRAM
00013620   _IRQ_clear
00013540   _IRQ_enable
00013640   _IRQ_globalEnable
00011a20   _IRQ_map
00020f84   _KNL_alarm
000169a0   _KNL_check
00020fa8   _KNL_curqueue
00020f98   _KNL_curtask
00020fa0   _KNL_curtime
000072fc   _KNL_dummy
00016c14   _KNL_enter
00016bc0   _KNL_exit
00016a78   _KNL_idle
00020fc0   _KNL_idlefxn
00020f8c   _KNL_inactive
00016f40   _KNL_ipost
00016a9c   _KNL_max
00020fac   _KNL_maxqueue
00017000   _KNL_post
00020f9c   _KNL_prevtask
00020f90   _KNL_priority
0000725c   _KNL_queues
00015080   _KNL_run
00016180   _KNL_saveIsrFrame
00020f94   _KNL_set
00020f88   _KNL_setpri
000212b4   _KNL_swi
00020fa4   _KNL_swiptr
0001624c   _KNL_switch
00020fb4   _KNL_tcreatefxn
00020fb8   _KNL_tdeletefxn
00015b00   _KNL_tick
00020fbc   _KNL_treadyfxn
00020fb0   _KNL_tswitchfxn
00020f7c   _KNL_wFlag
00020f80   _KNL_wList
000170f0   _LCK_pend
000170c0   _LCK_post
00021aa8   _LNK_dataPump
00021034   _LNK_dspFrameReadyMask
00021030   _LNK_dspFrameRequestMask
0002103c   _LNK_readDone
00021040   _LNK_readFail
00021038   _LNK_readPend
00021044   _LNK_writeFail
0000dd08   _LOG_A_TABBEG
0000dd20   _LOG_A_TABEND
00000001   _LOG_A_TABLEN
00020d9c   _LOG_D_system
00017400   _LOG_event
0000dd08   _LOG_system
00012f80   _MCBSP_close
00013020   _MCBSP_config
00013660   _MCBSP_getRcvAddr
00013680   _MCBSP_getXmtAddr
00012860   _MCBSP_open
00011f40   _MCBSP_reset
00012960   _MCBSP_start
000136a0   _MCBSP_write
000136c0   _MCBSP_xrdy
00021080   _MEM
00020e3c   _MEM_D_NUMSEGMENTS
00020e44   _MEM_D_freelist
00020e48   _MEM_D_lockaddr
00020e40   _MEM_D_memtab
00020e4c   _MEM_D_unlockaddr
0001fe00   _MEM_init
00020ff0   _MEM_memtab
80008000   _MySinus
800080dc   _MySound
00020020   _OBJ_init
000073c8   _OBJ_segtab
00007390   _OBJ_table
000217f0   _PIP_A_TABBEG
000218b8   _PIP_A_TABEND
00020ddc   _PRD_D_tick
00021a84   _PRD_Sek
00021ad4   _PRD_clock
00021288   _PRD_swi
00021aac   _RTA_dispatcher
000214bc   _RTA_fromHost
000214d8   _RTA_toHost
00020040   _RTDX_Buffer
0002044c   _RTDX_Buffer_End
0001f960   _RTDX_Buffer_Initialize
0001faa0   _RTDX_Buffer_Read
0001f9c0   _RTDX_Buffer_ReadCB
0001fa20   _RTDX_Buffer_Size
00020448   _RTDX_Buffer_Start
0001fac0   _RTDX_Buffer_Write
0001f080   _RTDX_Buffer_WriteCB
0001fa60   _RTDX_Final_RT_Monitor
0001f8e0   _RTDX_Init_RT_Monitor
00000002   _RTDX_JTAGONLY
0001fb00   _RTDX_Mask_IER
0001f6c0   _RTDX_Mon_Queue
0001ec80   _RTDX_Poll
00000000   _RTDX_interrupt_mask
0002045c   _RTDX_writing
00009528   _Ringbuffer_Audio_out
00020ffc   _SDRAM
80000000   _SDRAM_base
00008000   _SDRAM_length
00021a3c   _SEM_LEDToggle
00017640   _SEM_pend
000175e0   _SEM_pendBinary
00015600   _SEM_pendEnterKnl
00016d80   _SEM_post
00016d80   _SEM_postBinary
00016ca0   _SEM_postEnterKnl
00021700   _STS_A_TABBEG
000217f0   _STS_A_TABEND
000174b8   _STS_add
00017480   _STS_delta
000174e4   _STS_reset
00017980   _STS_set
00021390   _SWI_ADC_In_Ping
000213bc   _SWI_ADC_In_Pong
00021338   _SWI_ADC_Out_Ping
00021364   _SWI_ADC_Out_Pong
000212e0   _SWI_BSPLink_In_Ping
0002130c   _SWI_BSPLink_In_Pong
000213e8   _SWI_BSPLink_Out_Ping
00021414   _SWI_BSPLink_Out_Pong
00020e74   _SWI_D_curfxn
00020e64   _SWI_D_curmask
00020e68   _SWI_D_curset
00020e60   _SWI_D_execaddr
00020e7c   _SWI_D_inswi
00020e6c   _SWI_D_lock
00020e78   _SWI_D_rdybeg
00020e5c   _SWI_D_runaddr
00021440   _SWI_Decode_Buffer
0000ff90   _SWI_LEDToggle
00020e5c   _SWI_data
000176a0   _SWI_disable
000176c8   _SWI_enable
000143b0   _SWI_post
00020e50   _SYS
00021088   _SYS_PUTCBEG
00021287   _SYS_PUTCEND
00017700   _SYS_abort
00017180   _SYS_exit
00007590   _SYS_exitStack
0002106c   _SYS_exitStackPtr
00021070   _SYS_exitStackTop
00012500   _TIMER_open
00012640   _TIMER_reset
000214f8   _TRC_R_mask
00021060   _TSK
00007334   _TSK_ATTRS
00021924   _TSK_LEDTOGGLE
00007350   _TSK_config
00016500   _TSK_exit
000218c4   _TSK_idle
0001ffa0   _TSK_init
00021058   _TSK_nTasks
0002105c   _TSK_pid
00015f80   _TSK_setup
000168e0   _TSK_startup
00007370   _TSK_timerSem
000178a0   _UTL_doAbort
000179a0   _UTL_doError
00017760   _UTL_doPutc
000179c0   _UTL_halt
000164d0   __CLK_lat1beg
000164fc   __CLK_lat1end
00011620   __CSL_init
00014194   __GBL_setL2CacheMode
00020e58   __HOOK_NUMHOOKS
00020e54   __HOOK_knlId
00014880   __HWI_lat1beg
00014a00   __HWI_lat1end
00014a00   __HWI_lat2beg
00014ba0   __HWI_lat2end1
00014b2c   __HWI_lat2end2
00014bc0   __HWI_lat3beg
00014cc0   __HWI_lat3end1
00014b5c   __HWI_lat3end2
00017380   __IDL_lat1beg
000173d0   __IDL_lat1end
00007254   __IRQ_dispatchTable
00007190   __IRQ_eventTable
00013740   __IRQ_hookFetchPacket
000130c0   __IRQ_init
00007214   __IRQ_intTable
000169f0   __KNL_lat1beg
00016a78   __KNL_lat1end
00017400   __LOG_lat1beg
00007508   __MCBSP_hDev0
0000750c   __MCBSP_hDev1
00007460   __MEM_mutex
000153f8   __RTA_lat1beg
00015430   __RTA_lat1end
00015d60   __SEM_dopost
0001b9e0   __STACK_END
00004000   __STACK_SIZE
000144ec   __SWI_lat1beg
000145a0   __SWI_lat1end
000145a4   __SWI_lat2beg
00014614   __SWI_lat2end
00014340   __SWI_lat3beg
000143ac   __SWI_lat3end
0000756c   __TIMER_deviceTable
0000758c   __TIMER_hBios
00007584   __TIMER_hDev0
00007588   __TIMER_hDev1
00007438   __TSK_mutex
000075d4   ___TI_enable_exit_profile_output
ffffffff   ___TI_pprof_out_hndl
ffffffff   ___TI_prof_data_size
ffffffff   ___TI_prof_data_start
00013580   ___add_dtor
00006fe0   ___atexit_func_id__
ffffffff   ___binit__
00020c90   ___bss__
ffffffff   ___c_args__
0001b9e0   ___cinit__
00000000   ___data__
00000000   ___edata__
00021088   ___end__
00013760   ___etext__
0001ec74   ___pinit__
0000dd20   ___text__
000166a0   __auto_init
000075cc   __cleanup_ptr
00010c20   __divf
000075d0   __dtors_ptr
00013160   __fltlif
000134a0   __fltulf
000075d8   __lock
000136e0   __nop
00012b40   __nround
00013700   __register_lock
00013720   __register_unlock
000179e0   __stack
00012c20   __strasg
000075dc   __unlock
00012d00   _atexit
00005488   _b_dec
00001dc0   _b_enc
0001fee0   _c_int00
00012260   _call_dtors
00020f2c   _configComplete
000074a8   _configEDMABSPLinkRcv
000074c0   _configEDMABSPLinkXmt
00000220   _configEDMARcv
00000238   _configEDMAXmt
0000df68   _config_AIC23_EDMA
000100a0   _config_BSPLink
00010218   _config_BSPLink_EDMA
0000e510   _config_interrupts
00020f51   _dataDetected
00000200   _datainterface_config
00020ef8   _debug_buff_i
0000ed00   _decode_buffer
00020f50   _decoding_buff_valid
00020f3c   _den_f
000075e0   _dtors
00003930   _e_dec
00000268   _e_enc
0000f2ec   _encode_audio_data
00020f48   _encoding_buff_valid
0000fc2c   _framing_link_data
00020fc8   _hEdmaBSPLinkRcv
00020fcc   _hEdmaBSPLinkRcvRelPing
00020fd0   _hEdmaBSPLinkRcvRelPong
00020fd4   _hEdmaBSPLinkXmt
00020fd8   _hEdmaBSPLinkXmtRelPing
00020fdc   _hEdmaBSPLinkXmtRelPong
00020f00   _hEdmaRcv
00020f04   _hEdmaRcvRelPing
00020f08   _hEdmaRcvRelPong
00020f0c   _hEdmaXmt
00020f10   _hEdmaXmtRelPing
00020f14   _hEdmaXmtRelPong
00020efc   _hMcbsp_AIC23
00021084   _hMcbsp_AIC23_Config
00020fc4   _hMcbsp_Link
0000dd68   _main
000111a0   _memcpy
00012de0   _modf
00020f40   _num_f
0000fed8   _read_buffer_audio_out
00020f54   _ringbuff_audio_out_read_i
00020f58   _ringbuff_audio_out_write_i
00021050   _rtdxNullChanCnt
00021054   _rtdxNullFuncCnt
00020450   _rtdx_buffer_state
00020470   _rtdx_mon_state
00020f30   _t_reg
000073f8   _tccAllocTable
00020fe0   _tccBSPLinkRcvPing
00020fe4   _tccBSPLinkRcvPong
00020fe8   _tccBSPLinkXmtPing
00020fec   _tccBSPLinkXmtPong
00020f18   _tccRcvPing
00020f1c   _tccRcvPong
00020f20   _tccXmtPing
00020f24   _tccXmtPong
00020f28   _time_cnt
0000ffbc   _tsk_led_toggle
000120e0   _wait500nS
0000fd78   _write_decoding_buffer
00003918   _y_dec
00000250   _y_enc
ffffffff   binit
0001b9e0   cinit
00000000   edata
00021088   end
00013760   etext
00000000   hwi0
00000020   hwi1
00000140   hwi10
00000160   hwi11
00000180   hwi12
000001a0   hwi13
000001c0   hwi14
000001e0   hwi15
00000040   hwi2
00000060   hwi3
00000080   hwi4
000000a0   hwi5
000000c0   hwi6
000000e0   hwi7
00000100   hwi8
00000120   hwi9
0001ec74   pinit


GLOBAL SYMBOLS: SORTED BY Symbol Address 

address    name
--------   ----
00000000   .data
00000000   BUF$
00000000   CLK_COUNTSPMSHIGH
00000000   CLK_PRDHIGH
00000000   CLK_TDDR
00000000   CLK_TDDRHIGH
00000000   CLK_TIMERNUM
00000000   DEV$
00000000   DGN$
00000000   DHL$
00000000   DHL_gChannelsAvailable
00000000   DIO$
00000000   DIO_NUMSWIBASE
00000000   DIO_NUMTSKBASE
00000000   DIO_STATIC
00000000   DPI$
00000000   GBL_BIGENDIAN
00000000   GBL_C641XL2PRIORITY
00000000   GBL_CACHE
00000000   GBL_L2CONFIGALLOC
00000000   GBL_L2MARMASK1
00000000   GBL_L2MARMASK2
00000000   GBL_L2MARMASK3
00000000   GBL_L2MARMASK4
00000000   GBL_L2MARMASK5
00000000   GBL_L2MODE
00000000   GBL_L2PRIORITY
00000000   GBL_NULL
00000000   GBL_PROCID
00000000   GBL_ROM
00000000   GBL_SUPPORTCSL
00000000   GIO$
00000000   HOOK$
00000000   HOOK_KNLID
00000000   HST_DSM
00000000   HST_NONE
00000000   HWI_A_VECS
00000000   HWI_GENERATE_RESET_VEC
00000000   HWI_INT10$hwi
00000000   HWI_INT11$hwi
00000000   HWI_INT12$hwi
00000000   HWI_INT13$hwi
00000000   HWI_INT14$hwi
00000000   HWI_INT15$hwi
00000000   HWI_INT4$hwi
00000000   HWI_INT5$hwi
00000000   HWI_INT6$hwi
00000000   HWI_INT7$hwi
00000000   HWI_INT8$hwi
00000000   HWI_INT9$hwi
00000000   HWI_NMI$hwi
00000000   HWI_POLARITYMASK
00000000   HWI_RESERVED0$hwi
00000000   HWI_RESERVED1$hwi
00000000   HWI_RESET
00000000   HWI_RESET$hwi
00000000   IDL_busyObj$iB
00000000   IDL_busyObj$operation
00000000   KNL_swi$pri
00000000   KNL_swi$sts$unittype
00000000   KNL_swi$swi
00000000   LOG_system$datatype
00000000   LOG_system$log
00000000   MBX$
00000000   MEM_NULL
00000000   MEM_USEMPC
00000000   MSGQ$
00000000   MSGQ_USEMSGQ
00000000   OBJ$
00000000   PIP$
00000000   PIP_gNextId
00000000   POOL$
00000000   POOL_USEPOOL
00000000   PRD_Sek$mode
00000000   PRD_Sek$prd
00000000   PRD_Sek$sts$filter
00000000   PRD_swi$sts$unittype
00000000   PRD_swi$swi
00000000   RTA_fromHost$hst
00000000   RTA_fromHost$mode
00000000   RTA_toHost$hst
00000000   RTA_toHost$id
00000000   RTDX_MODE
00000000   RTDX_USERTEXECUTION
00000000   SIO$
00000000   SWI_ADC_In_Ping$sts$unittype
00000000   SWI_ADC_In_Ping$swi
00000000   SWI_ADC_In_Pong$sts$unittype
00000000   SWI_ADC_In_Pong$swi
00000000   SWI_ADC_Out_Ping$sts$unittype
00000000   SWI_ADC_Out_Ping$swi
00000000   SWI_ADC_Out_Pong$sts$unittype
00000000   SWI_ADC_Out_Pong$swi
00000000   SWI_BSPLink_In_Ping$sts$unittype
00000000   SWI_BSPLink_In_Ping$swi
00000000   SWI_BSPLink_In_Pong$sts$unittype
00000000   SWI_BSPLink_In_Pong$swi
00000000   SWI_BSPLink_Out_Ping$sts$unittype
00000000   SWI_BSPLink_Out_Ping$swi
00000000   SWI_BSPLink_Out_Pong$sts$unittype
00000000   SWI_BSPLink_Out_Pong$swi
00000000   SWI_Decode_Buffer$sts$unittype
00000000   SWI_Decode_Buffer$swi
00000000   SWI_EHOOKFXN
00000000   SWI_IHOOKFXN
00000000   TSK_LEDTOGGLE$sts$unittype
00000000   TSK_LEDTOGGLE$tsk
00000000   TSK_NUM_HOOKS
00000000   TSK_READYFXN
00000000   TSK_STACKSEG
00000000   TSK_SWITCHFXN
00000000   TSK_idle$pri
00000000   TSK_idle$sts$unittype
00000000   TSK_idle$tsk
00000000   UDEV$
00000000   _CLK_TDDR
00000000   _CLK_TIMERNUM
00000000   _GBL_CACHE
00000000   _HWI_RESET
00000000   _RTDX_interrupt_mask
00000000   ___data__
00000000   ___edata__
00000000   edata
00000000   hwi0
00000001   BUF_ENABLED
00000001   CLK$
00000001   CLK_CALDIV
00000001   CLK_HTIMEDIV
00000001   CLK_LTIMEDIV
00000001   CLK_USETIMER
00000001   GBL$
00000001   GBL_CALLCSLCFGINIT
00000001   GBL_ENABLEINST
00000001   GBL_L2CONFIGURE
00000001   GBL_L2MARMASK
00000001   GBL_USERINIT
00000001   GBL_boot
00000001   HST$
00000001   HST_RTDX
00000001   HWI$
00000001   HWI_NMI
00000001   HWI_ZEROTAB
00000001   IDL$
00000001   IDL_USECLKIDLTIME
00000001   IDL_busyObj$filter
00000001   IDL_busyObj$iA
00000001   IDL_busyObj$iC
00000001   ISRC$
00000001   KNL_swi$dorta
00000001   KNL_swi$sts$filtmaxmult
00000001   KNL_swi$sts$filtsummult
00000001   LCK$
00000001   LOG$
00000001   LOG_A_TABLEN
00000001   LOG_ENABLED
00000001   MEM$
00000001   MEM_gNumHeap
00000001   PRD$
00000001   PRD_A_TABLEN
00000001   PRD_Sek$ord
00000001   PRD_swi$dorta
00000001   PRD_swi$ord
00000001   PRD_swi$pri
00000001   PRD_swi$sts$filtmaxmult
00000001   PRD_swi$sts$filtsummult
00000001   QUE$
00000001   RTA_fromHost$id
00000001   RTA_toHost$mode
00000001   RTDX$
00000001   RTDX_NORMALIZED_HDR
00000001   RTDX_USERTDX
00000001   SEM$
00000001   STS$
00000001   SWI$
00000001   SWI_ADC_In_Ping$dorta
00000001   SWI_ADC_In_Ping$sts$filtmaxmult
00000001   SWI_ADC_In_Ping$sts$filtsummult
00000001   SWI_ADC_In_Pong$dorta
00000001   SWI_ADC_In_Pong$sts$filtmaxmult
00000001   SWI_ADC_In_Pong$sts$filtsummult
00000001   SWI_ADC_Out_Ping$dorta
00000001   SWI_ADC_Out_Ping$sts$filtmaxmult
00000001   SWI_ADC_Out_Ping$sts$filtsummult
00000001   SWI_ADC_Out_Pong$dorta
00000001   SWI_ADC_Out_Pong$sts$filtmaxmult
00000001   SWI_ADC_Out_Pong$sts$filtsummult
00000001   SWI_BSPLink_In_Ping$dorta
00000001   SWI_BSPLink_In_Ping$sts$filtmaxmult
00000001   SWI_BSPLink_In_Ping$sts$filtsummult
00000001   SWI_BSPLink_In_Pong$dorta
00000001   SWI_BSPLink_In_Pong$sts$filtmaxmult
00000001   SWI_BSPLink_In_Pong$sts$filtsummult
00000001   SWI_BSPLink_Out_Ping$dorta
00000001   SWI_BSPLink_Out_Ping$sts$filtmaxmult
00000001   SWI_BSPLink_Out_Ping$sts$filtsummult
00000001   SWI_BSPLink_Out_Pong$dorta
00000001   SWI_BSPLink_Out_Pong$sts$filtmaxmult
00000001   SWI_BSPLink_Out_Pong$sts$filtsummult
00000001   SWI_Decode_Buffer$dorta
00000001   SWI_Decode_Buffer$sts$filtmaxmult
00000001   SWI_Decode_Buffer$sts$filtsummult
00000001   SYS$
00000001   TSK$
00000001   TSK_LEDTOGGLE$sts$filtmaxmult
00000001   TSK_LEDTOGGLE$sts$filtsummult
00000001   TSK_PRIORITY
00000001   TSK_idle$ord
00000001   TSK_idle$sts$filtmaxmult
00000001   TSK_idle$sts$filtsummult
00000001   _CLK_USETIMER
00000001   _HWI_NMI
00000001   _LOG_A_TABLEN
00000002   HWI_RESERVED0
00000002   IDL_busyObj$unittype
00000002   KNL_swi$ord
00000002   KNL_swi$sts$filter
00000002   PIP_A_TABLEN
00000002   PIP_gNumEmbed
00000002   PRD_Sek$sts$unittype
00000002   PRD_swi$sts$filter
00000002   SWI_ADC_In_Ping$sts$filter
00000002   SWI_ADC_In_Pong$sts$filter
00000002   SWI_ADC_Out_Ping$sts$filter
00000002   SWI_ADC_Out_Pong$sts$filter
00000002   SWI_BSPLink_In_Ping$sts$filter
00000002   SWI_BSPLink_In_Pong$sts$filter
00000002   SWI_BSPLink_Out_Ping$sts$filter
00000002   SWI_BSPLink_Out_Pong$sts$filter
00000002   SWI_Decode_Buffer$sts$filter
00000002   TSK_LEDTOGGLE$pri
00000002   TSK_LEDTOGGLE$sts$filter
00000002   TSK_idle$sts$filter
00000002   _HWI_RESERVED0
00000002   _RTDX_JTAGONLY
00000003   HWI_RESERVED1
00000003   SWI_BSPLink_In_Ping$ord
00000003   SWI_Decode_Buffer$pri
00000003   TSK_LEDTOGGLE$ord
00000003   _HWI_RESERVED1
00000004   CLK_CALMULT
00000004   CLK_HTIMEMULT
00000004   HWI_INT4
00000004   RTA_fromHost$framesize
00000004   SWI_ADC_In_Ping$pri
00000004   SWI_ADC_In_Pong$pri
00000004   SWI_ADC_Out_Ping$pri
00000004   SWI_ADC_Out_Pong$pri
00000004   SWI_BSPLink_In_Pong$ord
00000004   _HWI_INT4
00000005   HWI_INT5
00000005   SWI_ADC_Out_Ping$ord
00000005   _HWI_INT5
00000006   HWI_INT6
00000006   IDL_CALIBRERROR
00000006   SWI_ADC_Out_Pong$ord
00000006   _HWI_INT6
00000007   HWI_INT7
00000007   SWI_ADC_In_Ping$ord
00000007   SWI_BSPLink_In_Pong$pri
00000007   SWI_BSPLink_Out_Pong$pri
00000007   _HWI_INT7
00000008   HWI_INT8
00000008   PRD_SCALAR
00000008   SWI_ADC_In_Pong$ord
00000008   SWI_BSPLink_In_Ping$pri
00000008   SWI_BSPLink_Out_Ping$pri
00000008   _HWI_INT8
00000009   HWI_INT9
00000009   SWI_BSPLink_Out_Ping$ord
00000009   _HWI_INT9
0000000a   HWI_INT10
0000000a   SWI_BSPLink_Out_Pong$ord
0000000a   _HWI_INT10
0000000b   HWI_INT11
0000000b   SWI_A_TABLEN
0000000b   SWI_Decode_Buffer$ord
0000000b   _HWI_INT11
0000000c   HWI_INT12
0000000c   _HWI_INT12
0000000d   HWI_INT13
0000000d   _HWI_INT13
0000000e   HWI_INT14
0000000e   _HWI_INT14
0000000f   HWI_INT15
0000000f   _HWI_INT15
00000020   CLK_TCR
00000020   hwi1
0000003e   GBL_DSPTYPE
00000040   HST_MAXFRAMESET
00000040   LOG_system$size
00000040   RTA_toHost$framesize
00000040   hwi2
00000042   GBL_FOOTPRINT
00000060   hwi3
00000064   PIP_OBJSIZE
00000080   hwi4
000000a0   hwi5
000000c0   hwi6
000000e0   hwi7
000000ff   HST_MAXFRAMEALLOWED
00000100   hwi8
00000120   hwi9
00000140   hwi10
00000160   hwi11
00000180   hwi12
000001a0   hwi13
000001c0   hwi14
000001e0   hwi15
00000200   _datainterface_config
00000220   _configEDMARcv
00000238   _configEDMAXmt
00000250   _y_enc
00000268   _e_enc
000003e8   CLK_MICROSECS
000003e8   PRD_Sek$period
00000400   HST_DSMMEMSIZE
00000400   TSK_STACKSIZE
00000408   RTDX_BUFMEMSIZE
00001770   GBL_CLKTYPE
00001a39   GBL_DSPSUBTYPE
00001dc0   _b_enc
00002226   GBL_L2ALLOC
00003918   _y_dec
00003930   _e_dec
00004000   CLK_INTBIT
00004000   __STACK_SIZE
00004e20   GBL_CLKIN
00005205   GBL_A_VERSION
00005308   HWI_CFGDISPATCHED
00005308   _HWI_CFGDISPATCHED
00005488   _b_dec
00006fe0   ___atexit_func_id__
00007190   __IRQ_eventTable
00007214   __IRQ_intTable
00007254   __IRQ_dispatchTable
0000725c   _KNL_queues
000072fc   _KNL_dummy
00007334   _TSK_ATTRS
00007350   _TSK_config
00007370   _TSK_timerSem
00007390   _OBJ_table
000073c8   _OBJ_segtab
000073f8   _tccAllocTable
00007438   __TSK_mutex
00007460   __MEM_mutex
00007488   _BSPLink_interface_config
000074a8   _configEDMABSPLinkRcv
000074c0   _configEDMABSPLinkXmt
00007508   __MCBSP_hDev0
0000750c   __MCBSP_hDev1
0000756c   __TIMER_deviceTable
00007584   __TIMER_hDev0
00007588   __TIMER_hDev1
0000758c   __TIMER_hBios
00007590   _SYS_exitStack
000075cc   __cleanup_ptr
000075d0   __dtors_ptr
000075d4   ___TI_enable_exit_profile_output
000075d8   __lock
000075dc   __unlock
000075e0   _dtors
000075e4   _DSK6713_version
000075e8   _AIC_Buffer_in_ping
00007db8   _AIC_Buffer_in_pong
00008000   SDRAM$L
00008000   _SDRAM_length
00008588   _AIC_Buffer_out_ping
00008d58   _AIC_Buffer_out_pong
00009528   _Ringbuffer_Audio_out
0000c408   _Decoding_Buffer
0000c7f0   _Encoding_Buffer
0000cbd8   _BSPLinkBuffer_in_ping
0000d024   _BSPLinkBuffer_in_pong
0000d470   _BSPLinkBuffer_out_ping
0000d8bc   _BSPLinkBuffer_out_pong
0000dbba   CLK_COUNTSPMS
0000dbba   CLK_HTIMEPERLTIME
0000dbba   CLK_PRD
0000dbba   _CLK_COUNTSPMS
0000dbba   _CLK_PRD
0000dbef   GBL_TRCMASKVALUE
0000dd08   LOG_A_TABBEG
0000dd08   LOG_system
0000dd08   _LOG_A_TABBEG
0000dd08   _LOG_system
0000dd20   .text
0000dd20   LOG_A_TABEND
0000dd20   _LOG_A_TABEND
0000dd20   ___text__
0000dd68   _main
0000df68   _config_AIC23_EDMA
0000e510   _config_interrupts
0000e5a4   _EDMA_ISR
0000ea00   _ADC_Out_Ping
0000ea40   _ADC_Out_Pong
0000ea80   _ADC_In_Ping
0000eac0   _ADC_In_Pong
0000eb00   _BSPLink_In_Ping
0000eb54   _BSPLink_In_Pong
0000eba8   _BSPLink_Out_Ping
0000ec54   _BSPLink_Out_Pong
0000ed00   _decode_buffer
0000f2ec   _encode_audio_data
0000fc2c   _framing_link_data
0000fd78   _write_decoding_buffer
0000fed8   _read_buffer_audio_out
0000ff90   _SWI_LEDToggle
0000ffbc   _tsk_led_toggle
000100a0   _config_BSPLink
00010218   _config_BSPLink_EDMA
000107ec   _DSK6713_init
00010b08   _DSK6713_rget
00010b1c   _DSK6713_rset
00010b30   _DSK6713_wait
00010b88   _DSK6713_waitusec
00010bb4   _DSK6713_getVersion
00010c20   __divf
00010f20   _EDMA_open
000111a0   _memcpy
000113e0   _Config_DSK6713_AIC23
00011620   __CSL_init
00011840   _DSK6713_LED_init
00011880   _DSK6713_LED_off
000118f0   _DSK6713_LED_on
00011960   _DSK6713_LED_toggle
00011a20   _IRQ_map
00011da0   _EDMA_allocTable
00011f40   _MCBSP_reset
000120e0   _wait500nS
00012108   GBL_USERINITFXN
00012108   _GBL_setPLLto225MHz
00012260   _call_dtors
000123c0   _EDMA_reset
00012500   _TIMER_open
00012640   _TIMER_reset
00012760   _EDMA_intAlloc
00012860   _MCBSP_open
00012960   _MCBSP_start
00012a60   _EDMA_config
00012b40   __nround
00012c20   __strasg
00012d00   _atexit
00012de0   _modf
00012f80   _MCBSP_close
00013020   _MCBSP_config
000130c0   __IRQ_init
00013160   __fltlif
000132a0   _DSK6713_DIP_init
000132a8   _DSK6713_DIP_get
00013320   _EDMA_disableChannel
00013380   _EDMA_enableChannel
000133e0   _EDMA_intEnable
00013440   _EDMA_qdmaConfig
000134a0   __fltulf
00013500   _EDMA_link
00013540   _IRQ_enable
00013580   ___add_dtor
000135c0   _CSL6713_LIB_
000135e0   _EDMA_intClear
00013600   _EDMA_intTest
00013620   _IRQ_clear
00013640   _IRQ_globalEnable
00013660   _MCBSP_getRcvAddr
00013680   _MCBSP_getXmtAddr
000136a0   _MCBSP_write
000136c0   _MCBSP_xrdy
000136e0   __nop
00013700   __register_lock
00013720   __register_unlock
00013740   __IRQ_hookFetchPacket
00013760   LNK_F_checkBufferCall
00013760   ___etext__
00013760   etext
00013780   LNK_F_getChanPtr
000137d8   LNK_F_init
000137e0   LNK_F_dataPump
000137f4   LNK_rcloop
000138c0   LNK_rdrtry
000138d0   LNK_rrloop
00013994   LNK_wrrtry
000139a4   LNK_wrloop
00013a80   LNK_newin
00013bc0   LNK_newout
00013d24   LNK_F_readCallBack
00014194   __GBL_setL2CacheMode
00014340   SWI_F_enable
00014340   __SWI_lat3beg
000143ac   __SWI_lat3end
000143b0   SWI_F_post
000143b0   _SWI_post
000144ec   __SWI_lat1beg
0001455c   SWI_EXECFXN
0001455c   SWI_F_exec
00014588   SWI_F_iexec
000145a0   __SWI_lat1end
000145a4   __SWI_lat2beg
00014614   __SWI_lat2end
00014618   SWI_F_run
00014618   SWI_RUNFXN
00014880   CLK_HOOKFXN
00014880   HWI_F_dispatch
00014880   _HWI_F_dispatch
00014880   __HWI_lat1beg
00014a00   __HWI_lat1end
00014a00   __HWI_lat2beg
00014b2c   __HWI_lat2end2
00014b5c   __HWI_lat3end2
00014ba0   __HWI_lat2end1
00014bc0   __HWI_lat3beg
00014cc0   __HWI_lat3end1
00014ce0   PRD_F_swi
00014fa0   PRD_F_tick
00015080   _KNL_run
00015340   RTA_F_getlog
00015384   RTA_F_getsts
000153cc   RTA_F_readblk
000153ec   RTA_F_writeword
000153f8   RTA_F_resetmem
000153f8   __RTA_lat1beg
00015430   __RTA_lat1end
00015438   RTA_F_dispatch
00015488   RTA_execute
00015600   _SEM_pendEnterKnl
00015b00   PRD_THOOKFXN
00015b00   _KNL_tick
00015b20   PIP_F_take
00015bb4   PIP_F_give
00015bb4   PIP_F_probe
00015c88   PIP_F_start
00015d60   __SEM_dopost
00015f80   _TSK_setup
00016180   _KNL_saveIsrFrame
0001624c   _KNL_switch
00016300   KNL_glue
00016340   CLK_F_getltime
00016354   CLK_F_isr
000164b4   CLK_F_itime
000164b4   _CLK_F_itime
000164b4   _CLK_itime
000164d0   __CLK_lat1beg
000164fc   __CLK_lat1end
00016500   _TSK_exit
000166a0   __auto_init
000168e0   _TSK_startup
000169a0   _KNL_check
000169f0   __KNL_lat1beg
00016a78   _KNL_idle
00016a78   __KNL_lat1end
00016a9c   _KNL_max
00016ae0   _GBL_cslCacheInit
00016bc0   _KNL_exit
00016c14   _KNL_enter
00016ca0   _SEM_postEnterKnl
00016d80   _SEM_post
00016d80   _SEM_postBinary
00016e60   _CLK_measure
00016f40   _KNL_ipost
00017000   _KNL_post
000170c0   _LCK_post
000170f0   _LCK_pend
00017180   _SYS_exit
00017240   CLK_F_getfhtime
00017260   CLK_F_gethtime
00017260   CLK_F_getshtime
00017260   CLK_TIMEFXN
00017300   FXN_F_nop
00017308   FXN_F_run
00017308   _FXN_F_run
00017358   FXN_F_zero
00017358   _FXN_F_zero
00017380   IDL_F_busy
00017380   __IDL_lat1beg
000173d0   __IDL_lat1end
00017400   LOG_F_event
00017400   _LOG_event
00017400   __LOG_lat1beg
00017480   STS_F_delta
00017480   _STS_delta
000174b8   STS_F_add
000174b8   _STS_add
000174e4   STS_F_reset
000174e4   _STS_reset
00017500   IDL_F_calibrate
00017580   _HWI_disable
00017598   _HWI_enable
000175ac   _HWI_restore
000175e0   _SEM_pendBinary
00017640   _SEM_pend
000176a0   _SWI_disable
000176c8   _SWI_enable
00017700   _SYS_abort
00017760   SYS_PUTCFXN
00017760   _UTL_doPutc
000177c0   _CLK_start
00017820   IDL_CALIBRFXN
00017820   IDL_F_stub
00017860   RTA_F_andn
00017880   RTA_F_or
000178a0   SYS_ABORTFXN
000178a0   _UTL_doAbort
000178e0   _CLK_stop
00017920   GIO_CREATEFXN
00017920   GIO_DELETEFXN
00017920   GIO_PENDFXN
00017920   GIO_POSTFXN
00017920   TSK_VCREATEFXN
00017920   TSK_VDELETEFXN
00017920   TSK_VEXITFXN
00017920   _FXN_F_nop
00017940   _GBL_getVersion
00017960   IDL_F_loop
00017960   _IDL_loop
00017980   _STS_set
000179a0   SYS_ERRORFXN
000179a0   _UTL_doError
000179c0   SYS_EXITFXN
000179c0   _UTL_halt
000179e0   GBL_stackbeg
000179e0   _HWI_STKTOP
000179e0   __stack
0001b9d8   _HWI_STKBOTTOM
0001b9df   GBL_stackend
0001b9e0   __STACK_END
0001b9e0   ___cinit__
0001b9e0   cinit
0001ec64   RTA_fromHost$buf
0001ec74   ___pinit__
0001ec74   pinit
0001ec80   _RTDX_Poll
0001f080   _RTDX_Buffer_WriteCB
0001f6c0   _RTDX_Mon_Queue
0001f8e0   _RTDX_Init_RT_Monitor
0001f960   _RTDX_Buffer_Initialize
0001f9c0   _RTDX_Buffer_ReadCB
0001fa20   _RTDX_Buffer_Size
0001fa60   _RTDX_Final_RT_Monitor
0001faa0   _RTDX_Buffer_Read
0001fac0   _RTDX_Buffer_Write
0001fb00   _RTDX_Mask_IER
0001fb20   BIOS_init
0001fb20   _BIOS_init
0001fc9c   BIOS$$CLKON
0001fcdc   BIOS$$CLKOFF
0001fd44   BIOS_start
0001fd44   _BIOS_start
0001fe00   _MEM_init
0001fee0   _c_int00
0001ffa0   _TSK_init
00020020   _OBJ_init
00020040   _RTDX_Buffer
00020448   _RTDX_Buffer_Start
0002044c   _RTDX_Buffer_End
00020450   _rtdx_buffer_state
0002045c   _RTDX_writing
00020470   _rtdx_mon_state
00020490   TSK_LEDTOGGLE$stack
00020828   TSK_LEDTOGGLE$stkptr
00020890   TSK_idle$stack
00020c28   TSK_idle$stkptr
00020c90   $bss
00020c90   .bss
00020c90   _HWI_dispatchTab
00020c90   ___bss__
00020d90   IDL_D_tabbeg
00020d94   IDL_D_calibrate
00020d98   IDL_D_calbeg
00020d9c   LOG_D_system
00020d9c   _LOG_D_system
00020da0   PIP_D_tabbeg
00020da4   PIP_D_tablen
00020da8   CLK_R_time
00020dac   CLK_D_timefxn
00020db0   CLK_D_tabbeg
00020db4   CLK_D_isrhook
00020db8   CLK_D_idletime
00020dbc   _CLK_htimeDiv
00020dc0   _CLK_htimeMult
00020dc4   _CLK_ltimeDiv
00020dc8   _CLK_ltimeMult
00020dcc   _CLK_D_dirty
00020dd0   _CLK_D_prd
00020dd4   _CLK_D_tddr
00020dd8   _CLK_D_countspms
00020ddc   PRD_D_tick
00020ddc   _PRD_D_tick
00020de0   PRD_D_cur
00020de4   PRD_D_elapsed
00020de8   PRD_D_prevtim
00020dec   PRD_D_scalar
00020df0   PRD_D_swihandle
00020df4   PRD_D_tabbeg
00020df8   PRD_D_tablen
00020dfc   PRD_D_thook
00020e00   RTA_D_fromHost
00020e04   RTA_D_toHost
00020e08   RTA_D_logval
00020e18   RTA_D_stsval
00020e24   HST_D_chanmask
00020e28   HST_D_tabbeg
00020e2c   HST_D_tabend
00020e30   _GBL_procId
00020e34   _GBL_clkIn
00020e38   _GBL_freq
00020e3c   _MEM_D_NUMSEGMENTS
00020e40   _MEM_D_memtab
00020e44   _MEM_D_freelist
00020e48   _MEM_D_lockaddr
00020e4c   _MEM_D_unlockaddr
00020e50   _SYS
00020e54   __HOOK_knlId
00020e58   __HOOK_NUMHOOKS
00020e5c   SWI_D_runaddr
00020e5c   _SWI_D_runaddr
00020e5c   _SWI_data
00020e60   SWI_D_execaddr
00020e60   _SWI_D_execaddr
00020e64   SWI_D_curmask
00020e64   _SWI_D_curmask
00020e68   SWI_D_curset
00020e68   _SWI_D_curset
00020e6c   SWI_D_lock
00020e6c   _SWI_D_lock
00020e70   SWI_D_curmbox
00020e74   SWI_D_curfxn
00020e74   _SWI_D_curfxn
00020e78   SWI_D_rdybeg
00020e78   _SWI_D_rdybeg
00020e7c   SWI_D_inswi
00020e7c   _SWI_D_inswi
00020e80   SWI_D_rdytab
00020ef8   _debug_buff_i
00020efc   _hMcbsp_AIC23
00020f00   _hEdmaRcv
00020f04   _hEdmaRcvRelPing
00020f08   _hEdmaRcvRelPong
00020f0c   _hEdmaXmt
00020f10   _hEdmaXmtRelPing
00020f14   _hEdmaXmtRelPong
00020f18   _tccRcvPing
00020f1c   _tccRcvPong
00020f20   _tccXmtPing
00020f24   _tccXmtPong
00020f28   _time_cnt
00020f2c   _configComplete
00020f30   _t_reg
00020f34   _ENCODER
00020f38   _DECODER
00020f3c   _den_f
00020f40   _num_f
00020f44   _Encoding_Buffer_i
00020f48   _encoding_buff_valid
00020f4c   _Decoding_Buffer_i
00020f50   _decoding_buff_valid
00020f51   _dataDetected
00020f54   _ringbuff_audio_out_read_i
00020f58   _ringbuff_audio_out_write_i
00020f7c   _KNL_wFlag
00020f80   _KNL_wList
00020f84   _KNL_alarm
00020f88   _KNL_setpri
00020f8c   _KNL_inactive
00020f90   _KNL_priority
00020f94   _KNL_set
00020f98   _KNL_curtask
00020f9c   _KNL_prevtask
00020fa0   _KNL_curtime
00020fa4   _KNL_swiptr
00020fa8   _KNL_curqueue
00020fac   _KNL_maxqueue
00020fb0   _KNL_tswitchfxn
00020fb4   _KNL_tcreatefxn
00020fb8   _KNL_tdeletefxn
00020fbc   _KNL_treadyfxn
00020fc0   _KNL_idlefxn
00020fc4   _hMcbsp_Link
00020fc8   _hEdmaBSPLinkRcv
00020fcc   _hEdmaBSPLinkRcvRelPing
00020fd0   _hEdmaBSPLinkRcvRelPong
00020fd4   _hEdmaBSPLinkXmt
00020fd8   _hEdmaBSPLinkXmtRelPing
00020fdc   _hEdmaBSPLinkXmtRelPong
00020fe0   _tccBSPLinkRcvPing
00020fe4   _tccBSPLinkRcvPong
00020fe8   _tccBSPLinkXmtPing
00020fec   _tccBSPLinkXmtPong
00020ff0   _MEM_memtab
00020ffc   MEM_MALLOCSEG
00020ffc   MEM_SEGZERO
00020ffc   SDRAM
00020ffc   _SDRAM
00021000   RTA_fromHost$pipe$dtab
0002100c   RTA_toHost$pipe$dtab
00021018   HWI_D_spsave
00021018   _HWI_D_spsave
00021018   _HWI_data
00021024   _HWI_D_inhwi
00021028   HWI_D_bss
0002102c   HWI_D_ccmask
00021030   LNK_dspFrameRequestMask
00021030   _LNK_dspFrameRequestMask
00021034   LNK_dspFrameReadyMask
00021034   _LNK_dspFrameReadyMask
00021038   LNK_readPend
00021038   _LNK_readPend
0002103c   LNK_readDone
0002103c   _LNK_readDone
00021040   LNK_readFail
00021040   _LNK_readFail
00021044   LNK_writeFail
00021044   _LNK_writeFail
00021050   _rtdxNullChanCnt
00021054   _rtdxNullFuncCnt
00021058   _TSK_nTasks
0002105c   _TSK_pid
00021060   _TSK
00021064   _CLK_DFLTMICROSECS
00021068   _CLK_D_microseconds
0002106c   _SYS_exitStackPtr
00021070   _SYS_exitStackTop
00021074   _CLK_htimePerLtime
0002107c   IDL_D_busyObj
00021080   _MEM
00021084   _hMcbsp_AIC23_Config
00021088   _SYS_PUTCBEG
00021088   ___end__
00021088   end
00021287   _SYS_PUTCEND
00021288   PRD_SWIHANDLE
00021288   PRD_swi
00021288   SWI_A_TABBEG
00021288   _PRD_swi
000212b4   KNL_swi
000212b4   _KNL_swi
000212e0   SWI_BSPLink_In_Ping
000212e0   _SWI_BSPLink_In_Ping
0002130c   SWI_BSPLink_In_Pong
0002130c   _SWI_BSPLink_In_Pong
00021338   SWI_ADC_Out_Ping
00021338   _SWI_ADC_Out_Ping
00021364   SWI_ADC_Out_Pong
00021364   _SWI_ADC_Out_Pong
00021390   SWI_ADC_In_Ping
00021390   _SWI_ADC_In_Ping
000213bc   SWI_ADC_In_Pong
000213bc   _SWI_ADC_In_Pong
000213e8   SWI_BSPLink_Out_Ping
000213e8   _SWI_BSPLink_Out_Ping
00021414   SWI_BSPLink_Out_Pong
00021414   _SWI_BSPLink_Out_Pong
00021440   SWI_Decode_Buffer
00021440   _SWI_Decode_Buffer
0002146c   SWI_A_TABEND
000214b8   HST_A_TABBEG
000214b8   _HST_A_TABBEG
000214bc   RTA_fromHost
000214bc   _RTA_fromHost
000214c4   RTA_fromHost$rtdx
000214d8   RTA_toHost
000214d8   _RTA_toHost
000214e0   RTA_toHost$rtdx
000214f4   HST_A_TABEND
000214f4   TRC_cinit
000214f4   _HST_A_TABEND
000214f8   TRC_R_mask
000214f8   _TRC_R_mask
000214fc   GBL_initdone
00021500   LOG_system$buf
00021600   RTA_toHost$buf
00021700   PRD_Sek$sts$stsobj
00021700   STS_A_TABBEG
00021700   _STS_A_TABBEG
00021704   PRD_Sek$sts
00021710   PRD_swi$sts$stsobj
00021714   PRD_swi$sts
00021720   KNL_swi$sts$stsobj
00021724   KNL_swi$sts
00021730   SWI_BSPLink_In_Ping$sts$stsobj
00021734   SWI_BSPLink_In_Ping$sts
00021740   SWI_BSPLink_In_Pong$sts$stsobj
00021744   SWI_BSPLink_In_Pong$sts
00021750   SWI_ADC_Out_Ping$sts$stsobj
00021754   SWI_ADC_Out_Ping$sts
00021760   SWI_ADC_Out_Pong$sts$stsobj
00021764   SWI_ADC_Out_Pong$sts
00021770   SWI_ADC_In_Ping$sts$stsobj
00021774   SWI_ADC_In_Ping$sts
00021780   SWI_ADC_In_Pong$sts$stsobj
00021784   SWI_ADC_In_Pong$sts
00021790   SWI_BSPLink_Out_Ping$sts$stsobj
00021794   SWI_BSPLink_Out_Ping$sts
000217a0   SWI_BSPLink_Out_Pong$sts$stsobj
000217a4   SWI_BSPLink_Out_Pong$sts
000217b0   SWI_Decode_Buffer$sts$stsobj
000217b4   SWI_Decode_Buffer$sts
000217c0   TSK_idle$sts$stsobj
000217c4   TSK_idle$sts
000217d0   TSK_LEDTOGGLE$sts$stsobj
000217d4   TSK_LEDTOGGLE$sts
000217e0   IDL_busyObj$stsobj
000217e4   IDL_busyObj
000217e4   _IDL_busyObj
000217f0   PIP_A_TABBEG
000217f0   RTA_fromHost$pipe
000217f0   STS_A_TABEND
000217f0   _PIP_A_TABBEG
000217f0   _STS_A_TABEND
000217f4   RTA_fromHost$pipe$rd
00021820   RTA_fromHost$pipe$aaa
00021824   RTA_fromHost$pipe$wr
00021850   RTA_fromHost$pipe$bbb
00021854   RTA_toHost$pipe
00021858   RTA_toHost$pipe$rd
00021884   RTA_toHost$pipe$aaa
00021888   RTA_toHost$pipe$wr
000218b4   RTA_toHost$pipe$bbb
000218b8   PIP_A_TABEND
000218b8   _PIP_A_TABEND
000218c4   TSK_idle
000218c4   _TSK_idle
00021924   TSK_LEDTOGGLE
00021924   _TSK_LEDTOGGLE
00021a2d   PRD_Sek$sts$maxfmt
00021a36   PRD_Sek$sts$sumfmt
00021a3c   SEM_LEDToggle
00021a3c   _SEM_LEDToggle
00021a3f   PRD_Sek$sts$avgfmt
00021a4a   PRD_swi$sts$maxfmt
00021a52   PRD_swi$sts$sumfmt
00021a5a   PRD_swi$sts$avgfmt
00021a64   KNL_swi$sts$maxfmt
00021a6c   KNL_swi$sts$sumfmt
00021a74   KNL_swi$sts$avgfmt
00021a7e   SWI_BSPLink_In_Ping$sts$maxfmt
00021a84   PRD_A_TABBEG
00021a84   PRD_Sek
00021a84   _PRD_Sek
00021a86   SWI_BSPLink_In_Ping$sts$sumfmt
00021a8e   SWI_BSPLink_In_Ping$sts$avgfmt
00021a98   SWI_BSPLink_In_Pong$sts$maxfmt
00021aa0   PRD_Sek$aaa
00021aa0   SWI_BSPLink_In_Pong$sts$sumfmt
00021aa4   IDL_A_TABBEG
00021aa4   IDL_cpuLoad
00021aa4   PRD_A_TABEND
00021aa4   _IDL_cpuLoad
00021aa8   LNK_dataPump
00021aa8   SWI_BSPLink_In_Pong$sts$avgfmt
00021aa8   _LNK_dataPump
00021aac   RTA_dispatcher
00021aac   _RTA_dispatcher
00021ab0   IDL_END
00021ab2   SWI_ADC_Out_Ping$sts$maxfmt
00021ab4   IDL_A_CALBEG
00021ab4   IDL_cpuLoad$
00021ab8   LNK_dataPump$
00021aba   SWI_ADC_Out_Ping$sts$sumfmt
00021abc   RTA_dispatcher$
00021ac0   IDL_END$
00021ac2   SWI_ADC_Out_Ping$sts$avgfmt
00021ac4   SYS$config
00021acc   SWI_ADC_Out_Pong$sts$maxfmt
00021ad4   CLK_A_TABBEG
00021ad4   PRD_clock
00021ad4   SWI_ADC_Out_Pong$sts$sumfmt
00021ad4   _PRD_clock
00021ad8   CLK_null
00021adc   SWI_ADC_Out_Pong$sts$avgfmt
00021ae6   SWI_ADC_In_Ping$sts$maxfmt
00021aee   SWI_ADC_In_Ping$sts$sumfmt
00021af6   SWI_ADC_In_Ping$sts$avgfmt
00021b00   SWI_ADC_In_Pong$sts$maxfmt
00021b08   SWI_ADC_In_Pong$sts$sumfmt
00021b10   SWI_ADC_In_Pong$sts$avgfmt
00021b1a   SWI_BSPLink_Out_Ping$sts$maxfmt
00021b22   SWI_BSPLink_Out_Ping$sts$sumfmt
00021b2a   SWI_BSPLink_Out_Ping$sts$avgfmt
00021b34   SWI_BSPLink_Out_Pong$sts$maxfmt
00021b3c   SWI_BSPLink_Out_Pong$sts$sumfmt
00021b44   SWI_BSPLink_Out_Pong$sts$avgfmt
00021b4e   SWI_Decode_Buffer$sts$maxfmt
00021b56   SWI_Decode_Buffer$sts$sumfmt
00021b5e   SWI_Decode_Buffer$sts$avgfmt
00021b68   TSK_idle$sts$maxfmt
00021b70   TSK_idle$sts$sumfmt
00021b78   TSK_idle$sts$avgfmt
00021b82   TSK_LEDTOGGLE$sts$maxfmt
00021b8a   TSK_LEDTOGGLE$sts$sumfmt
00021b92   TSK_LEDTOGGLE$sts$avgfmt
00021b9c   IDL_busyObj$maxfmt
00021b9f   IDL_busyObj$sumfmt
00021ba2   IDL_busyObj$avgfmt
00036ee8   CLK_LTIMEMULT
00036ee8   GBL_FREQ
01940000   CLK_REGS
01940000   _CLK_REGS
082039a3   HWI_INTRMULTHIGH
250718a4   HWI_INTRMULTLOW
80000000   SDRAM$B
80000000   _SDRAM_base
80008000   _MySinus
800080dc   _MySound
ffffffff   HST_DSMBUFSEG
ffffffff   IRAM
ffffffff   RTDX_DATAMEMSEG
ffffffff   _IRAM
ffffffff   ___TI_pprof_out_hndl
ffffffff   ___TI_prof_data_size
ffffffff   ___TI_prof_data_start
ffffffff   ___binit__
ffffffff   ___c_args__
ffffffff   binit

[1011 symbols]
