******************************************************************************
               TMS320C6x Linker PC v7.4.16                     
******************************************************************************
>> Linked Thu Jul 07 13:10:05 2016

OUTPUT FILE NAME:   <my_dsp_project.out>
ENTRY POINT SYMBOL: "_c_int00"  address: 0001fe60


MEMORY CONFIGURATION

         name            origin    length      used     unused   attr    fill
----------------------  --------  ---------  --------  --------  ----  --------
  IRAM                  00000000   00080000  00021a5d  0005e5a3  RWIX
  SDRAM                 80000000   00800000  000099de  007f6622  RWIX


SECTION ALLOCATION MAP

 output                                  attributes/
section   page    origin      length       input sections
--------  ----  ----------  ----------   ----------------
.data      0    00000000    00000000     UNINITIALIZED

.vers      0    00000000    00000044     COPY SECTION
                  00000000    00000044     my_dsp_projectcfg.obj (.vers)

.hwi_vec   0    00000000    00000200     
                  00000000    00000200     my_dsp_projectcfg.obj (.hwi_vec)

.far       0    00000200    000073e8     UNINITIALIZED
                  00000200    00006de0     skeleton.obj (.far)
                  00006fe0    00000188     rts6700.lib : atexit.obj (.far)
                  00007168    000000f4     csl6713.lib : csl_irq.obj (.far)
                  0000725c    000000d8     bios.a67 : knl.o67 (.far)
                  00007334    0000005c              : tsk.o67 (.far)
                  00007390    00000054              : obj_init.o67 (.far)
                  000073e4    00000054     csl6713.lib : csl_edma.obj (.far)
                  00007438    00000050     bios.a67 : tsk_stup.o67 (.far)
                  00007488    00000050     config_BSPLink.obj (.far)
                  000074d8    00000038     csl6713.lib : csl_mcbsp.obj (.far)
                  00007510    00000034     config_AIC23.obj (.far)
                  00007544    00000028     csl6713.lib : csl.obj (.far)
                  0000756c    00000024                 : csl_timer.obj (.far)
                  00007590    00000020     bios.a67 : sys.o67 (.far)
                  000075b0    00000010              : knl_tick.o67 (.far)
                  000075c0    0000000c              : utl_putc.o67 (.far)
                  000075cc    0000000c     rts6700.lib : exit.obj (.far)
                  000075d8    00000008                 : _lock.obj (.far)
                  000075e0    00000004                 : sinit.obj (.far)
                  000075e4    00000002     dsk6713bsl.lib : dsk6713.obj (.far)
                  000075e6    00000002                    : dsk6713_led.obj (.far)

.datenpuffer 
*          0    000075e8    00006720     UNINITIALIZED
                  000075e8    000055f0     skeleton.obj (.datenpuffer)
                  0000cbd8    00001130     config_BSPLink.obj (.datenpuffer)

.log       0    0000dd08    00000018     
                  0000dd08    00000018     my_dsp_projectcfg.obj (.log)

.text      0    0000dd20    000059c0     
                  0000dd20    00002300     skeleton.obj (.text)
                  00010020    00000700     config_BSPLink.obj (.text)
                  00010720    00000480     dsk6713bsl.lib : dsk6713.obj (.text)
                  00010ba0    00000300     rts6700.lib : divf.obj (.text:__divf)
                  00010ea0    00000280     csl6713.lib : csl_edma.obj (.text:_EDMA_open)
                  00011120    00000240     rts6700.lib : memcpy62.obj (.text:_memcpy)
                  00011360    00000240     config_AIC23.obj (.text)
                  000115a0    00000220     csl6713.lib : csl.obj (.text:__CSL_init)
                  000117c0    000001e0     dsk6713bsl.lib : dsk6713_led.obj (.text)
                  000119a0    000001c0     csl6713.lib : csl_irq.obj (.text:_IRQ_map)
                  00011b60    000001c0                 : csl_irq.obj (.text:_mux2Tables)
                  00011d20    000001a0                 : csl_edma.obj (.text:_EDMA_allocTable)
                  00011ec0    000001a0                 : csl_mcbsp.obj (.text:_MCBSP_reset)
                  00012060    00000180     bios.a67 : gbl_cslpllinit62.o67 (.text)
                  000121e0    00000160     rts6700.lib : sinit.obj (.text:_call_dtors)
                  00012340    00000140     csl6713.lib : csl_edma.obj (.text:_EDMA_reset)
                  00012480    00000140                 : csl_timer.obj (.text:_TIMER_open)
                  000125c0    00000120                 : csl_timer.obj (.text:_TIMER_reset)
                  000126e0    00000100                 : csl_edma.obj (.text:_EDMA_intAlloc)
                  000127e0    00000100                 : csl_mcbsp.obj (.text:_MCBSP_open)
                  000128e0    00000100                 : csl_mcbsp.obj (.text:_MCBSP_start)
                  000129e0    000000e0                 : csl_edma.obj (.text:_EDMA_config)
                  00012ac0    000000e0     rts6700.lib : round.obj (.text:__nround)
                  00012ba0    000000e0                 : strasg.obj (.text:__strasg)
                  00012c80    000000e0                 : atexit.obj (.text:_atexit)
                  00012d60    000000e0                 : modf.obj (.text:_modf)
                  00012e40    000000c0     bios.a67 : tsk_stup.o67 (.text)
                  00012f00    000000a0     csl6713.lib : csl_mcbsp.obj (.text:_MCBSP_close)
                  00012fa0    000000a0                 : csl_mcbsp.obj (.text:_MCBSP_config)
                  00013040    000000a0                 : csl_irq.obj (.text:__IRQ_init)
                  000130e0    000000a0     rts6700.lib : fltlif.obj (.text:__fltlif)
                  00013180    000000a0     csl6713.lib : csl_irq.obj (.text:_setMux)
                  00013220    00000080     dsk6713bsl.lib : dsk6713_dip.obj (.text)
                  000132a0    00000060     csl6713.lib : csl_edma.obj (.text:_EDMA_disableChannel)
                  00013300    00000060                 : csl_edma.obj (.text:_EDMA_enableChannel)
                  00013360    00000060                 : csl_edma.obj (.text:_EDMA_intEnable)
                  000133c0    00000060                 : csl_edma.obj (.text:_EDMA_qdmaConfig)
                  00013420    00000060     rts6700.lib : fltulf.obj (.text:__fltulf)
                  00013480    00000040     csl6713.lib : csl_edma.obj (.text:_EDMA_link)
                  000134c0    00000040                 : csl_irq.obj (.text:_IRQ_enable)
                  00013500    00000040     rts6700.lib : sinit.obj (.text:___add_dtor)
                  00013540    00000020     csl6713.lib : csl.obj (.text:_CSL6713_LIB_)
                  00013560    00000020                 : csl_edma.obj (.text:_EDMA_intClear)
                  00013580    00000020                 : csl_edma.obj (.text:_EDMA_intTest)
                  000135a0    00000020                 : csl_irq.obj (.text:_IRQ_clear)
                  000135c0    00000020                 : csl_irq.obj (.text:_IRQ_globalEnable)
                  000135e0    00000020                 : csl_mcbsp.obj (.text:_MCBSP_getRcvAddr)
                  00013600    00000020                 : csl_mcbsp.obj (.text:_MCBSP_getXmtAddr)
                  00013620    00000020                 : csl_mcbsp.obj (.text:_MCBSP_write)
                  00013640    00000020                 : csl_mcbsp.obj (.text:_MCBSP_xrdy)
                  00013660    00000020     rts6700.lib : _lock.obj (.text:__nop)
                  00013680    00000020                 : _lock.obj (.text:__register_lock)
                  000136a0    00000020                 : _lock.obj (.text:__register_unlock)
                  000136c0    00000020     csl6713.lib : csl_irq.obj (.text)

.bios      0    000136e0    00004280     
                  000136e0    00000600     lnkrtdx.a67 : rtdx.o67 (.bios)
                  00013ce0    000005e0     bios.a67 : gbl_setL2CacheMode.o67 (.bios)
                  000142c0    00000540              : swi.o67 (.bios)
                  00014800    00000460              : hwi_disp_asm.o67 (.bios)
                  00014c60    000003a0              : prd.o67 (.bios)
                  00015000    000002c0              : knl_run.o67 (.bios)
                  000152c0    000002c0              : rta.o67 (.bios)
                  00015580    000002c0              : sem_pend.o67 (.bios)
                  00015840    00000260              : knl_tick.o67 (.bios)
                  00015aa0    00000240              : pip.o67 (.bios)
                  00015ce0    00000220              : sem_dopo.o67 (.bios)
                  00015f00    00000200              : tsk_setu.o67 (.bios)
                  00016100    000001c0              : knl_swit.o67 (.bios)
                  000162c0    000001c0     biosC6000.a67 : clk.o67 (.bios)
                  00016480    000001a0     bios.a67 : tsk_exit.o67 (.bios)
                  00016620    00000180              : autoinit.o67 (.bios)
                  000167a0    00000180              : tsk_stup.o67 (.bios)
                  00016920    00000140              : knl_chec.o67 (.bios)
                  00016a60    000000e0              : gbl_cslcacheinit.o67 (.bios)
                  00016b40    000000e0              : knl_exit.o67 (.bios)
                  00016c20    000000e0              : sem_post.o67 (.bios)
                  00016d00    000000e0              : sem_post_asm.o67 (.bios)
                  00016de0    000000e0     biosC6000.a67 : clk_meas.o67 (.bios)
                  00016ec0    000000c0     bios.a67 : knl_ipos.o67 (.bios)
                  00016f80    000000c0              : knl_post.o67 (.bios)
                  00017040    000000c0              : lck.o67 (.bios)
                  00017100    000000c0              : sys_exit.o67 (.bios)
                  000171c0    000000c0     biosC6000.a67 : clk_htime.o67 (.bios)
                  00017280    00000080     bios.a67 : fxn.o67 (.bios)
                  00017300    00000080              : idl_busy.o67 (.bios)
                  00017380    00000080              : log.o67 (.bios)
                  00017400    00000080              : sts.o67 (.bios)
                  00017480    00000080     biosC6000.a67 : idl_cal.o67 (.bios)
                  00017500    00000060     bios.a67 : hwi_c.o67 (.bios)
                  00017560    00000060              : sem_pend_binary.o67 (.bios)
                  000175c0    00000060              : sem_pend_counting.o67 (.bios)
                  00017620    00000060              : swi_disable.o67 (.bios)
                  00017680    00000060              : sys_abor.o67 (.bios)
                  000176e0    00000060              : utl_putc.o67 (.bios)
                  00017740    00000060     biosC6000.a67 : clk_start.o67 (.bios)
                  000177a0    00000040     bios.a67 : idl_stub.o67 (.bios)
                  000177e0    00000040              : rta_andn.o67 (.bios)
                  00017820    00000040              : utl_doab.o67 (.bios)
                  00017860    00000040     biosC6000.a67 : clk_stop.o67 (.bios)
                  000178a0    00000020     bios.a67 : fxn_c.o67 (.bios)
                  000178c0    00000020              : gbl_vers.o67 (.bios)
                  000178e0    00000020              : idl.o67 (.bios)
                  00017900    00000020              : sts_set.o67 (.bios)
                  00017920    00000020              : utl_doer.o67 (.bios)
                  00017940    00000020              : utl_halt.o67 (.bios)

.stack     0    00017960    00004000     UNINITIALIZED
                  00017960    00004000     --HOLE--

.cinit     0    0001b960    00003284     
                  0001b960    00001bfc     skeleton.obj (.cinit)
                  0001d55c    00000004     --HOLE-- [fill = 0]
                  0001d560    00000b14     my_dsp_projectcfg.obj (.cinit)
                  0001e074    00000004     --HOLE-- [fill = 0]
                  0001e078    0000026c     bios.a67 : biosdata.o67 (.cinit)
                  0001e2e4    00000004     --HOLE-- [fill = 0]
                  0001e2e8    000001a4              : knl.o67 (.cinit)
                  0001e48c    00000004     --HOLE-- [fill = 0]
                  0001e490    0000012c     csl6713.lib : csl_irq.obj (.cinit)
                  0001e5bc    00000004     --HOLE-- [fill = 0]
                  0001e5c0    000000b0     bios.a67 : swi.o67 (.cinit)
                  0001e670    00000080              : tsk.o67 (.cinit)
                  0001e6f0    00000078     config_BSPLink.obj (.cinit)
                  0001e768    00000070     csl6713.lib : csl_edma.obj (.cinit)
                  0001e7d8    00000060     bios.a67 : tsk_stup.o67 (.cinit)
                  0001e838    0000005c     lnkrtdx.a67 : rtdx.o67 (.cinit)
                  0001e894    00000004     --HOLE-- [fill = 0]
                  0001e898    00000054     csl6713.lib : csl_mcbsp.obj (.cinit)
                  0001e8ec    00000004     --HOLE-- [fill = 0]
                  0001e8f0    0000004c     bios.a67 : rta.o67 (.cinit)
                  0001e93c    00000004     --HOLE-- [fill = 0]
                  0001e940    0000004c     csl6713.lib : csl_timer.obj (.cinit)
                  0001e98c    00000004     --HOLE-- [fill = 0]
                  0001e990    0000004c     rtdx.lib : buffer1.o62 (.cinit)
                  0001e9dc    00000004     --HOLE-- [fill = 0]
                  0001e9e0    00000048     config_AIC23.obj (.cinit)
                  0001ea28    0000003c     csl6713.lib : csl.obj (.cinit)
                  0001ea64    00000004     --HOLE-- [fill = 0]
                  0001ea68    00000034     bios.a67 : hwi.o67 (.cinit)
                  0001ea9c    00000004     --HOLE-- [fill = 0]
                  0001eaa0    0000002c              : utl_putc.o67 (.cinit)
                  0001eacc    00000004     --HOLE-- [fill = 0]
                  0001ead0    0000002c     rts6700.lib : exit.obj (.cinit)
                  0001eafc    00000004     --HOLE-- [fill = 0]
                  0001eb00    00000024     bios.a67 : obj_init.o67 (.cinit)
                  0001eb24    00000004     --HOLE-- [fill = 0]
                  0001eb28    0000001c              : sys.o67 (.cinit)
                  0001eb44    00000004     --HOLE-- [fill = 0]
                  0001eb48    0000001c     rts6700.lib : _lock.obj (.cinit)
                  0001eb64    00000004     --HOLE-- [fill = 0]
                  0001eb68    0000001c                 : atexit.obj (.cinit)
                  0001eb84    00000004     --HOLE-- [fill = 0]
                  0001eb88    00000018     bios.a67 : knl_tick.o67 (.cinit)
                  0001eba0    0000000c              : gbl_setL2CacheMode.o67 (.cinit)
                  0001ebac    00000004     --HOLE-- [fill = 0]
                  0001ebb0    0000000c              : idl_busy.o67 (.cinit)
                  0001ebbc    00000004     --HOLE-- [fill = 0]
                  0001ebc0    0000000c              : knl_swit.o67 (.cinit)
                  0001ebcc    00000004     --HOLE-- [fill = 0]
                  0001ebd0    0000000c     rts6700.lib : sinit.obj (.cinit)
                  0001ebdc    00000004     --HOLE-- [fill = 0]
                  0001ebe0    00000004     (.pad.cinit) [fill = 0]

.hst1      0    0001ebe4    00000010     UNINITIALIZED
                  0001ebe4    00000010     my_dsp_projectcfg.obj (.hst1)

.pinit     0    0001ebf4    0000000c     
                  0001ebf4    00000004     rtdx.lib : buffer1.o62 (.pinit)
                  0001ebf8    00000004              : rtdx_mon.o62 (.pinit)
                  0001ebfc    00000004     --HOLE-- [fill = 0]

.rtdx_text 
*          0    0001ec00    00000ea0     
                  0001ec00    00000400     rtdx.lib : rtdx_mon.o62 (.rtdx_text:_RTDX_Poll)
                  0001f000    00000340              : buffer1.o62 (.rtdx_text:_RTDX_Buffer_WriteCB)
                  0001f340    00000300              : buffer1.o62 (.rtdx_text:_RTDX_write_next)
                  0001f640    00000140              : rtdx_mon.o62 (.rtdx_text:_RTDX_Mon_Queue)
                  0001f780    000000e0              : buffer1.o62 (.rtdx_text:_claim)
                  0001f860    00000080              : rtdx_mon.o62 (.rtdx_text:_RTDX_Init_RT_Monitor)
                  0001f8e0    00000060              : buffer1.o62 (.rtdx_text:_RTDX_Buffer_Initialize)
                  0001f940    00000060              : buffer2.o62 (.rtdx_text:_RTDX_Buffer_ReadCB)
                  0001f9a0    00000040              : buffer1.o62 (.rtdx_text:_RTDX_Buffer_Size)
                  0001f9e0    00000040              : rtdx_mon.o62 (.rtdx_text:_RTDX_Final_RT_Monitor)
                  0001fa20    00000020              : buffer2.o62 (.rtdx_text:_RTDX_Buffer_Read)
                  0001fa40    00000020              : buffer1.o62 (.rtdx_text:_RTDX_Buffer_Write)
                  0001fa60    00000020              : rtdx_mon.o62 (.rtdx_text:_RTDX_checksum)
                  0001fa80    00000020              : intr_tgt.o62 (.rtdx_text)

.sysinit   0    0001faa0    00000520     
                  0001faa0    000002e0     my_dsp_projectcfg.obj (.sysinit)
                  0001fd80    000000e0     bios.a67 : mem_init.o67 (.sysinit)
                  0001fe60    000000c0              : boot.o67 (.sysinit)
                  0001ff20    00000080              : tsk_init.o67 (.sysinit)
                  0001ffa0    00000020              : obj_init.o67 (.sysinit)

.rtdx_data 
*          0    0001ffc0    0000044c     UNINITIALIZED
                  0001ffc0    00000410     my_dsp_projectcfg.obj (.rtdx_data)
                  000203d0    00000020     rtdx.lib : buffer1.o62 (.rtdx_data)
                  000203f0    0000001c              : rtdx_mon.o62 (.rtdx_data)

.args      0    0002040c    00000004     
                  0002040c    00000004     --HOLE-- [fill = 0]

.TSK_LEDTOGGLE$stk 
*          0    00020410    00000400     UNINITIALIZED
                  00020410    00000400     my_dsp_projectcfg.obj (.TSK_LEDTOGGLE$stk)

.TSK_idle$stk 
*          0    00020810    00000400     UNINITIALIZED
                  00020810    00000400     my_dsp_projectcfg.obj (.TSK_idle$stk)

.bss       0    00020c10    000003f8     UNINITIALIZED
                  00020c10    00000100     bios.a67 : hwi_disp_asm.o67 (.bss)
                  00020d10    000000cc              : biosdata.o67 (.bss)
                  00020ddc    0000009c              : swi.o67 (.bss)
                  00020e78    00000084     skeleton.obj (.bss)
                  00020efc    00000048     bios.a67 : knl.o67 (.bss)
                  00020f44    0000002c     config_BSPLink.obj (.bss)
                  00020f70    00000028     my_dsp_projectcfg.obj (.bss)
                  00020f98    00000018     bios.a67 : hwi.o67 (.bss)
                  00020fb0    00000018     lnkrtdx.a67 : rtdx.o67 (.bss)
                  00020fc8    00000010     rtdx.lib : buffer1.o62 (.bss)
                  00020fd8    0000000c     bios.a67 : tsk.o67 (.bss)
                  00020fe4    00000008              : clk_data.o67 (.bss)
                  00020fec    00000008              : sys.o67 (.bss)
                  00020ff4    00000004              : clk_data2.o67 (.bss)
                  00020ff8    00000004              : gbl_setL2CacheMode.o67 (.bss)
                  00020ffc    00000004              : idl_busy.o67 (.bss)
                  00021000    00000004              : mem_asm.o67 (.bss)
                  00021004    00000004     config_AIC23.obj (.bss)

.trace     0    00021008    00000200     
                  00021008    00000200     --HOLE-- [fill = 00000000]

.swi       0    00021208    000001e4     UNINITIALIZED
                  00021208    000001e4     my_dsp_projectcfg.obj (.swi)

.idl       0    000213ec    00000010     UNINITIALIZED
                  000213ec    00000010     my_dsp_projectcfg.obj (.idl)

.mem       0    000213fc    00000004     UNINITIALIZED
                  000213fc    00000004     my_dsp_projectcfg.obj (.mem)

.LOG_system$buf 
*          0    00021400    00000100     UNINITIALIZED
                  00021400    00000100     my_dsp_projectcfg.obj (.LOG_system$buf)

.hst0      0    00021500    00000100     UNINITIALIZED
                  00021500    00000100     my_dsp_projectcfg.obj (.hst0)

.sts       0    00021600    000000f0     
                  00021600    000000f0     my_dsp_projectcfg.obj (.sts)

.pip       0    000216f0    000000c8     UNINITIALIZED
                  000216f0    000000c8     my_dsp_projectcfg.obj (.pip)

.tsk       0    000217b8    000000c0     UNINITIALIZED
                  000217b8    000000c0     my_dsp_projectcfg.obj (.tsk)

.const     0    00021878    000000b5     
                  00021878    0000004e     bios.a67 : tsk_stup.o67 (.const)
                  000218c6    00000023              : utl_doab.o67 (.const)
                  000218e9    00000022              : utl_doer.o67 (.const)
                  0002190b    00000001     --HOLE-- [fill = 0]
                  0002190c    00000020     dsk6713bsl.lib : dsk6713.obj (.const)
                  0002192c    00000001     bios.a67 : tsk.o67 (.const)

.printf    0    0002192d    0000017a     COPY SECTION
                  0002192d    0000017a     my_dsp_projectcfg.obj (.printf)

.gblinit   0    00021930    0000004c     
                  00021930    0000004c     my_dsp_projectcfg.obj (.gblinit)

.hst       0    0002197c    0000003c     UNINITIALIZED
                  0002197c    0000003c     my_dsp_projectcfg.obj (.hst)

.sem       0    000219b8    0000002c     UNINITIALIZED
                  000219b8    0000002c     my_dsp_projectcfg.obj (.sem)

.switch    0    000219e4    00000028     
                  000219e4    00000028     rtdx.lib : rtdx_mon.o62 (.switch)

.prd       0    00021a0c    00000020     UNINITIALIZED
                  00021a0c    00000020     my_dsp_projectcfg.obj (.prd)

.idlcal    0    00021a2c    00000010     UNINITIALIZED
                  00021a2c    00000010     my_dsp_projectcfg.obj (.idlcal)

.sys       0    00021a3c    00000010     UNINITIALIZED
                  00021a3c    00000010     my_dsp_projectcfg.obj (.sys)

.trcdata   0    00021a4c    0000000c     
                  00021a4c    0000000c     bios.a67 : trc.o67 (.trcdata)

.clk       0    00021a58    00000008     UNINITIALIZED
                  00021a58    00000008     my_dsp_projectcfg.obj (.clk)

.SDRAM$heap 
*          0    80000000    00008000     UNINITIALIZED
                  80000000    00008000     --HOLE--

.sounds    0    80008000    000019de     UNINITIALIZED
                  80008000    000019de     skeleton.obj (.sounds)


GLOBAL SYMBOLS: SORTED ALPHABETICALLY BY Name 

address    name
--------   ----
00020c10   $bss
00020c10   .bss
00000000   .data
0000dd20   .text
0001fc5c   BIOS$$CLKOFF
0001fc1c   BIOS$$CLKON
0001faa0   BIOS_init
0001fcc4   BIOS_start
00000000   BUF$
00000001   BUF_ENABLED
00000001   CLK$
00021a58   CLK_A_TABBEG
00000001   CLK_CALDIV
00000004   CLK_CALMULT
0000dbba   CLK_COUNTSPMS
00000000   CLK_COUNTSPMSHIGH
00020d38   CLK_D_idletime
00020d34   CLK_D_isrhook
00020d30   CLK_D_tabbeg
00020d2c   CLK_D_timefxn
000171c0   CLK_F_getfhtime
000171e0   CLK_F_gethtime
000162c0   CLK_F_getltime
000171e0   CLK_F_getshtime
000162d4   CLK_F_isr
00016434   CLK_F_itime
00014800   CLK_HOOKFXN
00000001   CLK_HTIMEDIV
00000004   CLK_HTIMEMULT
0000dbba   CLK_HTIMEPERLTIME
00004000   CLK_INTBIT
00000001   CLK_LTIMEDIV
00036ee8   CLK_LTIMEMULT
000003e8   CLK_MICROSECS
0000dbba   CLK_PRD
00000000   CLK_PRDHIGH
01940000   CLK_REGS
00020d28   CLK_R_time
00000020   CLK_TCR
00000000   CLK_TDDR
00000000   CLK_TDDRHIGH
000171e0   CLK_TIMEFXN
00000000   CLK_TIMERNUM
00000001   CLK_USETIMER
00021a5c   CLK_null
00000000   DEV$
00000000   DGN$
00000000   DHL$
00000000   DHL_gChannelsAvailable
00000000   DIO$
00000000   DIO_NUMSWIBASE
00000000   DIO_NUMTSKBASE
00000000   DIO_STATIC
00000000   DPI$
00017280   FXN_F_nop
00017288   FXN_F_run
000172d8   FXN_F_zero
00000001   GBL$
00005205   GBL_A_VERSION
00000000   GBL_BIGENDIAN
00000000   GBL_C641XL2PRIORITY
00000000   GBL_CACHE
00000001   GBL_CALLCSLCFGINIT
00004e20   GBL_CLKIN
00001770   GBL_CLKTYPE
00001a39   GBL_DSPSUBTYPE
0000003e   GBL_DSPTYPE
00000001   GBL_ENABLEINST
00000042   GBL_FOOTPRINT
00036ee8   GBL_FREQ
00002226   GBL_L2ALLOC
00000000   GBL_L2CONFIGALLOC
00000001   GBL_L2CONFIGURE
00000001   GBL_L2MARMASK
00000000   GBL_L2MARMASK1
00000000   GBL_L2MARMASK2
00000000   GBL_L2MARMASK3
00000000   GBL_L2MARMASK4
00000000   GBL_L2MARMASK5
00000000   GBL_L2MODE
00000000   GBL_L2PRIORITY
00000000   GBL_NULL
00000000   GBL_PROCID
00000000   GBL_ROM
00000000   GBL_SUPPORTCSL
0000dbef   GBL_TRCMASKVALUE
00000001   GBL_USERINIT
00012088   GBL_USERINITFXN
00000001   GBL_boot
00021a54   GBL_initdone
00017960   GBL_stackbeg
0001b95f   GBL_stackend
00000000   GIO$
000178a0   GIO_CREATEFXN
000178a0   GIO_DELETEFXN
000178a0   GIO_PENDFXN
000178a0   GIO_POSTFXN
00000000   HOOK$
00000000   HOOK_KNLID
00000001   HST$
0002197c   HST_A_TABBEG
000219b8   HST_A_TABEND
00000000   HST_DSM
ffffffff   HST_DSMBUFSEG
00000400   HST_DSMMEMSIZE
00020da4   HST_D_chanmask
00020da8   HST_D_tabbeg
00020dac   HST_D_tabend
000000ff   HST_MAXFRAMEALLOWED
00000040   HST_MAXFRAMESET
00000000   HST_NONE
00000001   HST_RTDX
00000001   HWI$
00000000   HWI_A_VECS
00005308   HWI_CFGDISPATCHED
00020fa8   HWI_D_bss
00020fac   HWI_D_ccmask
00020f98   HWI_D_spsave
00014800   HWI_F_dispatch
00000000   HWI_GENERATE_RESET_VEC
0000000a   HWI_INT10
00000000   HWI_INT10$hwi
0000000b   HWI_INT11
00000000   HWI_INT11$hwi
0000000c   HWI_INT12
00000000   HWI_INT12$hwi
0000000d   HWI_INT13
00000000   HWI_INT13$hwi
0000000e   HWI_INT14
00000000   HWI_INT14$hwi
0000000f   HWI_INT15
00000000   HWI_INT15$hwi
00000004   HWI_INT4
00000000   HWI_INT4$hwi
00000005   HWI_INT5
00000000   HWI_INT5$hwi
00000006   HWI_INT6
00000000   HWI_INT6$hwi
00000007   HWI_INT7
00000000   HWI_INT7$hwi
00000008   HWI_INT8
00000000   HWI_INT8$hwi
00000009   HWI_INT9
00000000   HWI_INT9$hwi
082039a3   HWI_INTRMULTHIGH
250718a4   HWI_INTRMULTLOW
00000001   HWI_NMI
00000000   HWI_NMI$hwi
00000000   HWI_POLARITYMASK
00000002   HWI_RESERVED0
00000000   HWI_RESERVED0$hwi
00000003   HWI_RESERVED1
00000000   HWI_RESERVED1$hwi
00000000   HWI_RESET
00000000   HWI_RESET$hwi
00000001   HWI_ZEROTAB
00000001   IDL$
00021a2c   IDL_A_CALBEG
000213ec   IDL_A_TABBEG
00000006   IDL_CALIBRERROR
000177a0   IDL_CALIBRFXN
00020ffc   IDL_D_busyObj
00020d18   IDL_D_calbeg
00020d14   IDL_D_calibrate
00020d10   IDL_D_tabbeg
000213f8   IDL_END
00021a38   IDL_END$
00017300   IDL_F_busy
00017480   IDL_F_calibrate
000178e0   IDL_F_loop
000177a0   IDL_F_stub
00000001   IDL_USECLKIDLTIME
000216e4   IDL_busyObj
00021aa2   IDL_busyObj$avgfmt
00000001   IDL_busyObj$filter
00000001   IDL_busyObj$iA
00000000   IDL_busyObj$iB
00000001   IDL_busyObj$iC
00021a9c   IDL_busyObj$maxfmt
00000000   IDL_busyObj$operation
000216e0   IDL_busyObj$stsobj
00021a9f   IDL_busyObj$sumfmt
00000002   IDL_busyObj$unittype
000213ec   IDL_cpuLoad
00021a2c   IDL_cpuLoad$
ffffffff   IRAM
00000001   ISRC$
00016280   KNL_glue
00021234   KNL_swi
00000001   KNL_swi$dorta
00000002   KNL_swi$ord
00000000   KNL_swi$pri
00021624   KNL_swi$sts
00021974   KNL_swi$sts$avgfmt
00000002   KNL_swi$sts$filter
00000001   KNL_swi$sts$filtmaxmult
00000001   KNL_swi$sts$filtsummult
00021964   KNL_swi$sts$maxfmt
00021620   KNL_swi$sts$stsobj
0002196c   KNL_swi$sts$sumfmt
00000000   KNL_swi$sts$unittype
00000000   KNL_swi$swi
00000001   LCK$
000136e0   LNK_F_checkBufferCall
00013760   LNK_F_dataPump
00013700   LNK_F_getChanPtr
00013758   LNK_F_init
00013ca4   LNK_F_readCallBack
000213f0   LNK_dataPump
00021a30   LNK_dataPump$
00020fb4   LNK_dspFrameReadyMask
00020fb0   LNK_dspFrameRequestMask
00013a00   LNK_newin
00013b40   LNK_newout
00013774   LNK_rcloop
00013840   LNK_rdrtry
00020fbc   LNK_readDone
00020fc0   LNK_readFail
00020fb8   LNK_readPend
00013850   LNK_rrloop
00020fc4   LNK_writeFail
00013924   LNK_wrloop
00013914   LNK_wrrtry
00000001   LOG$
0000dd08   LOG_A_TABBEG
0000dd20   LOG_A_TABEND
00000001   LOG_A_TABLEN
00020d1c   LOG_D_system
00000001   LOG_ENABLED
00017380   LOG_F_event
0000dd08   LOG_system
00021400   LOG_system$buf
00000000   LOG_system$datatype
00000000   LOG_system$log
00000040   LOG_system$size
00000000   MBX$
00000001   MEM$
00020f7c   MEM_MALLOCSEG
00000000   MEM_NULL
00020f7c   MEM_SEGZERO
00000000   MEM_USEMPC
00000001   MEM_gNumHeap
00000000   MSGQ$
00000000   MSGQ_USEMSGQ
00000000   OBJ$
00000000   PIP$
000216f0   PIP_A_TABBEG
000217b8   PIP_A_TABEND
00000002   PIP_A_TABLEN
00020d20   PIP_D_tabbeg
00020d24   PIP_D_tablen
00015b34   PIP_F_give
00015b34   PIP_F_probe
00015c08   PIP_F_start
00015aa0   PIP_F_take
00000064   PIP_OBJSIZE
00000000   PIP_gNextId
00000002   PIP_gNumEmbed
00000000   POOL$
00000000   POOL_USEPOOL
00000001   PRD$
00021a0c   PRD_A_TABBEG
00021a2c   PRD_A_TABEND
00000001   PRD_A_TABLEN
00020d60   PRD_D_cur
00020d64   PRD_D_elapsed
00020d68   PRD_D_prevtim
00020d6c   PRD_D_scalar
00020d70   PRD_D_swihandle
00020d74   PRD_D_tabbeg
00020d78   PRD_D_tablen
00020d7c   PRD_D_thook
00020d5c   PRD_D_tick
00014c60   PRD_F_swi
00014f20   PRD_F_tick
00000008   PRD_SCALAR
00021208   PRD_SWIHANDLE
00021a0c   PRD_Sek
00021a28   PRD_Sek$aaa
00000000   PRD_Sek$mode
00000001   PRD_Sek$ord
000003e8   PRD_Sek$period
00000000   PRD_Sek$prd
00021604   PRD_Sek$sts
0002193f   PRD_Sek$sts$avgfmt
00000000   PRD_Sek$sts$filter
0002192d   PRD_Sek$sts$maxfmt
00021600   PRD_Sek$sts$stsobj
00021936   PRD_Sek$sts$sumfmt
00000002   PRD_Sek$sts$unittype
00015a80   PRD_THOOKFXN
00021a58   PRD_clock
00021208   PRD_swi
00000001   PRD_swi$dorta
00000001   PRD_swi$ord
00000001   PRD_swi$pri
00021614   PRD_swi$sts
0002195a   PRD_swi$sts$avgfmt
00000002   PRD_swi$sts$filter
00000001   PRD_swi$sts$filtmaxmult
00000001   PRD_swi$sts$filtsummult
0002194a   PRD_swi$sts$maxfmt
00021610   PRD_swi$sts$stsobj
00021952   PRD_swi$sts$sumfmt
00000000   PRD_swi$sts$unittype
00000000   PRD_swi$swi
00000001   QUE$
00020d80   RTA_D_fromHost
00020d88   RTA_D_logval
00020d98   RTA_D_stsval
00020d84   RTA_D_toHost
000177e0   RTA_F_andn
000153b8   RTA_F_dispatch
000152c0   RTA_F_getlog
00015304   RTA_F_getsts
00017800   RTA_F_or
0001534c   RTA_F_readblk
00015378   RTA_F_resetmem
0001536c   RTA_F_writeword
000213f4   RTA_dispatcher
00021a34   RTA_dispatcher$
00015408   RTA_execute
00021980   RTA_fromHost
0001ebe4   RTA_fromHost$buf
00000004   RTA_fromHost$framesize
00000000   RTA_fromHost$hst
00000001   RTA_fromHost$id
00000000   RTA_fromHost$mode
000216f0   RTA_fromHost$pipe
00021720   RTA_fromHost$pipe$aaa
00021750   RTA_fromHost$pipe$bbb
00020f80   RTA_fromHost$pipe$dtab
000216f4   RTA_fromHost$pipe$rd
00021724   RTA_fromHost$pipe$wr
00021988   RTA_fromHost$rtdx
0002199c   RTA_toHost
00021500   RTA_toHost$buf
00000040   RTA_toHost$framesize
00000000   RTA_toHost$hst
00000000   RTA_toHost$id
00000001   RTA_toHost$mode
00021754   RTA_toHost$pipe
00021784   RTA_toHost$pipe$aaa
000217b4   RTA_toHost$pipe$bbb
00020f8c   RTA_toHost$pipe$dtab
00021758   RTA_toHost$pipe$rd
00021788   RTA_toHost$pipe$wr
000219a4   RTA_toHost$rtdx
00000001   RTDX$
00000408   RTDX_BUFMEMSIZE
ffffffff   RTDX_DATAMEMSEG
00000000   RTDX_MODE
00000001   RTDX_NORMALIZED_HDR
00000001   RTDX_USERTDX
00000000   RTDX_USERTEXECUTION
00020f7c   SDRAM
80000000   SDRAM$B
00008000   SDRAM$L
00000001   SEM$
000219c4   SEM_LEDToggle
00000000   SIO$
00000001   STS$
00021600   STS_A_TABBEG
000216f0   STS_A_TABEND
00017438   STS_F_add
00017400   STS_F_delta
00017464   STS_F_reset
00000001   SWI$
00021310   SWI_ADC_In_Ping
00000001   SWI_ADC_In_Ping$dorta
00000007   SWI_ADC_In_Ping$ord
00000002   SWI_ADC_In_Ping$pri
00021674   SWI_ADC_In_Ping$sts
000219f6   SWI_ADC_In_Ping$sts$avgfmt
00000002   SWI_ADC_In_Ping$sts$filter
00000001   SWI_ADC_In_Ping$sts$filtmaxmult
00000001   SWI_ADC_In_Ping$sts$filtsummult
000219e6   SWI_ADC_In_Ping$sts$maxfmt
00021670   SWI_ADC_In_Ping$sts$stsobj
000219ee   SWI_ADC_In_Ping$sts$sumfmt
00000000   SWI_ADC_In_Ping$sts$unittype
00000000   SWI_ADC_In_Ping$swi
0002133c   SWI_ADC_In_Pong
00000001   SWI_ADC_In_Pong$dorta
00000008   SWI_ADC_In_Pong$ord
00000002   SWI_ADC_In_Pong$pri
00021684   SWI_ADC_In_Pong$sts
00021a10   SWI_ADC_In_Pong$sts$avgfmt
00000002   SWI_ADC_In_Pong$sts$filter
00000001   SWI_ADC_In_Pong$sts$filtmaxmult
00000001   SWI_ADC_In_Pong$sts$filtsummult
00021a00   SWI_ADC_In_Pong$sts$maxfmt
00021680   SWI_ADC_In_Pong$sts$stsobj
00021a08   SWI_ADC_In_Pong$sts$sumfmt
00000000   SWI_ADC_In_Pong$sts$unittype
00000000   SWI_ADC_In_Pong$swi
000212b8   SWI_ADC_Out_Ping
00000001   SWI_ADC_Out_Ping$dorta
00000005   SWI_ADC_Out_Ping$ord
00000002   SWI_ADC_Out_Ping$pri
00021654   SWI_ADC_Out_Ping$sts
000219c2   SWI_ADC_Out_Ping$sts$avgfmt
00000002   SWI_ADC_Out_Ping$sts$filter
00000001   SWI_ADC_Out_Ping$sts$filtmaxmult
00000001   SWI_ADC_Out_Ping$sts$filtsummult
000219b2   SWI_ADC_Out_Ping$sts$maxfmt
00021650   SWI_ADC_Out_Ping$sts$stsobj
000219ba   SWI_ADC_Out_Ping$sts$sumfmt
00000000   SWI_ADC_Out_Ping$sts$unittype
00000000   SWI_ADC_Out_Ping$swi
000212e4   SWI_ADC_Out_Pong
00000001   SWI_ADC_Out_Pong$dorta
00000006   SWI_ADC_Out_Pong$ord
00000002   SWI_ADC_Out_Pong$pri
00021664   SWI_ADC_Out_Pong$sts
000219dc   SWI_ADC_Out_Pong$sts$avgfmt
00000002   SWI_ADC_Out_Pong$sts$filter
00000001   SWI_ADC_Out_Pong$sts$filtmaxmult
00000001   SWI_ADC_Out_Pong$sts$filtsummult
000219cc   SWI_ADC_Out_Pong$sts$maxfmt
00021660   SWI_ADC_Out_Pong$sts$stsobj
000219d4   SWI_ADC_Out_Pong$sts$sumfmt
00000000   SWI_ADC_Out_Pong$sts$unittype
00000000   SWI_ADC_Out_Pong$swi
00021208   SWI_A_TABBEG
000213ec   SWI_A_TABEND
0000000b   SWI_A_TABLEN
00021260   SWI_BSPLink_In_Ping
00000001   SWI_BSPLink_In_Ping$dorta
00000003   SWI_BSPLink_In_Ping$ord
00000003   SWI_BSPLink_In_Ping$pri
00021634   SWI_BSPLink_In_Ping$sts
0002198e   SWI_BSPLink_In_Ping$sts$avgfmt
00000002   SWI_BSPLink_In_Ping$sts$filter
00000001   SWI_BSPLink_In_Ping$sts$filtmaxmult
00000001   SWI_BSPLink_In_Ping$sts$filtsummult
0002197e   SWI_BSPLink_In_Ping$sts$maxfmt
00021630   SWI_BSPLink_In_Ping$sts$stsobj
00021986   SWI_BSPLink_In_Ping$sts$sumfmt
00000000   SWI_BSPLink_In_Ping$sts$unittype
00000000   SWI_BSPLink_In_Ping$swi
0002128c   SWI_BSPLink_In_Pong
00000001   SWI_BSPLink_In_Pong$dorta
00000004   SWI_BSPLink_In_Pong$ord
00000003   SWI_BSPLink_In_Pong$pri
00021644   SWI_BSPLink_In_Pong$sts
000219a8   SWI_BSPLink_In_Pong$sts$avgfmt
00000002   SWI_BSPLink_In_Pong$sts$filter
00000001   SWI_BSPLink_In_Pong$sts$filtmaxmult
00000001   SWI_BSPLink_In_Pong$sts$filtsummult
00021998   SWI_BSPLink_In_Pong$sts$maxfmt
00021640   SWI_BSPLink_In_Pong$sts$stsobj
000219a0   SWI_BSPLink_In_Pong$sts$sumfmt
00000000   SWI_BSPLink_In_Pong$sts$unittype
00000000   SWI_BSPLink_In_Pong$swi
00021368   SWI_BSPLink_Out_Ping
00000001   SWI_BSPLink_Out_Ping$dorta
00000009   SWI_BSPLink_Out_Ping$ord
00000002   SWI_BSPLink_Out_Ping$pri
00021694   SWI_BSPLink_Out_Ping$sts
00021a2a   SWI_BSPLink_Out_Ping$sts$avgfmt
00000002   SWI_BSPLink_Out_Ping$sts$filter
00000001   SWI_BSPLink_Out_Ping$sts$filtmaxmult
00000001   SWI_BSPLink_Out_Ping$sts$filtsummult
00021a1a   SWI_BSPLink_Out_Ping$sts$maxfmt
00021690   SWI_BSPLink_Out_Ping$sts$stsobj
00021a22   SWI_BSPLink_Out_Ping$sts$sumfmt
00000000   SWI_BSPLink_Out_Ping$sts$unittype
00000000   SWI_BSPLink_Out_Ping$swi
00021394   SWI_BSPLink_Out_Pong
00000001   SWI_BSPLink_Out_Pong$dorta
0000000a   SWI_BSPLink_Out_Pong$ord
00000002   SWI_BSPLink_Out_Pong$pri
000216a4   SWI_BSPLink_Out_Pong$sts
00021a44   SWI_BSPLink_Out_Pong$sts$avgfmt
00000002   SWI_BSPLink_Out_Pong$sts$filter
00000001   SWI_BSPLink_Out_Pong$sts$filtmaxmult
00000001   SWI_BSPLink_Out_Pong$sts$filtsummult
00021a34   SWI_BSPLink_Out_Pong$sts$maxfmt
000216a0   SWI_BSPLink_Out_Pong$sts$stsobj
00021a3c   SWI_BSPLink_Out_Pong$sts$sumfmt
00000000   SWI_BSPLink_Out_Pong$sts$unittype
00000000   SWI_BSPLink_Out_Pong$swi
00020df4   SWI_D_curfxn
00020de4   SWI_D_curmask
00020df0   SWI_D_curmbox
00020de8   SWI_D_curset
00020de0   SWI_D_execaddr
00020dfc   SWI_D_inswi
00020dec   SWI_D_lock
00020df8   SWI_D_rdybeg
00020e00   SWI_D_rdytab
00020ddc   SWI_D_runaddr
000213c0   SWI_Decode_Buffer
00000001   SWI_Decode_Buffer$dorta
0000000b   SWI_Decode_Buffer$ord
00000001   SWI_Decode_Buffer$pri
000216b4   SWI_Decode_Buffer$sts
00021a5e   SWI_Decode_Buffer$sts$avgfmt
00000002   SWI_Decode_Buffer$sts$filter
00000001   SWI_Decode_Buffer$sts$filtmaxmult
00000001   SWI_Decode_Buffer$sts$filtsummult
00021a4e   SWI_Decode_Buffer$sts$maxfmt
000216b0   SWI_Decode_Buffer$sts$stsobj
00021a56   SWI_Decode_Buffer$sts$sumfmt
00000000   SWI_Decode_Buffer$sts$unittype
00000000   SWI_Decode_Buffer$swi
00000000   SWI_EHOOKFXN
000144dc   SWI_EXECFXN
000142c0   SWI_F_enable
000144dc   SWI_F_exec
00014508   SWI_F_iexec
00014330   SWI_F_post
00014598   SWI_F_run
00000000   SWI_IHOOKFXN
00014598   SWI_RUNFXN
00000001   SYS$
00021a3c   SYS$config
00017820   SYS_ABORTFXN
00017920   SYS_ERRORFXN
00017940   SYS_EXITFXN
000176e0   SYS_PUTCFXN
00021a50   TRC_R_mask
00021a4c   TRC_cinit
00000001   TSK$
00021824   TSK_LEDTOGGLE
00000003   TSK_LEDTOGGLE$ord
00000002   TSK_LEDTOGGLE$pri
00020410   TSK_LEDTOGGLE$stack
000207a8   TSK_LEDTOGGLE$stkptr
000216d4   TSK_LEDTOGGLE$sts
00021a92   TSK_LEDTOGGLE$sts$avgfmt
00000002   TSK_LEDTOGGLE$sts$filter
00000001   TSK_LEDTOGGLE$sts$filtmaxmult
00000001   TSK_LEDTOGGLE$sts$filtsummult
00021a82   TSK_LEDTOGGLE$sts$maxfmt
000216d0   TSK_LEDTOGGLE$sts$stsobj
00021a8a   TSK_LEDTOGGLE$sts$sumfmt
00000000   TSK_LEDTOGGLE$sts$unittype
00000000   TSK_LEDTOGGLE$tsk
00000000   TSK_NUM_HOOKS
00000001   TSK_PRIORITY
00000000   TSK_READYFXN
00000000   TSK_STACKSEG
00000400   TSK_STACKSIZE
00000000   TSK_SWITCHFXN
000178a0   TSK_VCREATEFXN
000178a0   TSK_VDELETEFXN
000178a0   TSK_VEXITFXN
000217c4   TSK_idle
00000001   TSK_idle$ord
00000000   TSK_idle$pri
00020810   TSK_idle$stack
00020ba8   TSK_idle$stkptr
000216c4   TSK_idle$sts
00021a78   TSK_idle$sts$avgfmt
00000002   TSK_idle$sts$filter
00000001   TSK_idle$sts$filtmaxmult
00000001   TSK_idle$sts$filtsummult
00021a68   TSK_idle$sts$maxfmt
000216c0   TSK_idle$sts$stsobj
00021a70   TSK_idle$sts$sumfmt
00000000   TSK_idle$sts$unittype
00000000   TSK_idle$tsk
00000000   UDEV$
0000ea80   _ADC_In_Ping
0000eaac   _ADC_In_Pong
0000ea00   _ADC_Out_Ping
0000ea40   _ADC_Out_Pong
000075e8   _AIC_Buffer_in_ping
00007db8   _AIC_Buffer_in_pong
00008588   _AIC_Buffer_out_ping
00008d58   _AIC_Buffer_out_pong
0001faa0   _BIOS_init
0001fcc4   _BIOS_start
0000cbd8   _BSPLinkBuffer_in_ping
0000d024   _BSPLinkBuffer_in_pong
0000d470   _BSPLinkBuffer_out_ping
0000d8bc   _BSPLinkBuffer_out_pong
0000ead8   _BSPLink_In_Ping
0000eb2c   _BSPLink_In_Pong
0000eb80   _BSPLink_Out_Ping
0000ec2c   _BSPLink_Out_Pong
00007488   _BSPLink_interface_config
0000dbba   _CLK_COUNTSPMS
00020fe4   _CLK_DFLTMICROSECS
00020d58   _CLK_D_countspms
00020d4c   _CLK_D_dirty
00020fe8   _CLK_D_microseconds
00020d50   _CLK_D_prd
00020d54   _CLK_D_tddr
00016434   _CLK_F_itime
0000dbba   _CLK_PRD
01940000   _CLK_REGS
00000000   _CLK_TDDR
00000000   _CLK_TIMERNUM
00000001   _CLK_USETIMER
00020d3c   _CLK_htimeDiv
00020d40   _CLK_htimeMult
00020ff4   _CLK_htimePerLtime
00016434   _CLK_itime
00020d44   _CLK_ltimeDiv
00020d48   _CLK_ltimeMult
00016de0   _CLK_measure
00017740   _CLK_start
00017860   _CLK_stop
00013540   _CSL6713_LIB_
00011360   _Config_DSK6713_AIC23
00020eb8   _DECODER
00013228   _DSK6713_DIP_get
00013220   _DSK6713_DIP_init
000117c0   _DSK6713_LED_init
00011800   _DSK6713_LED_off
00011870   _DSK6713_LED_on
000118e0   _DSK6713_LED_toggle
00010b34   _DSK6713_getVersion
0001076c   _DSK6713_init
00010a88   _DSK6713_rget
00010a9c   _DSK6713_rset
000075e4   _DSK6713_version
00010ab0   _DSK6713_wait
00010b08   _DSK6713_waitusec
0000c408   _Decoding_Buffer
00020ecc   _Decoding_Buffer_i
0000e5a4   _EDMA_ISR
00011d20   _EDMA_allocTable
000129e0   _EDMA_config
000132a0   _EDMA_disableChannel
00013300   _EDMA_enableChannel
000126e0   _EDMA_intAlloc
00013560   _EDMA_intClear
00013360   _EDMA_intEnable
00013580   _EDMA_intTest
00013480   _EDMA_link
00010ea0   _EDMA_open
000133c0   _EDMA_qdmaConfig
00012340   _EDMA_reset
00020eb4   _ENCODER
0000c7f0   _Encoding_Buffer
00020ec4   _Encoding_Buffer_i
000178a0   _FXN_F_nop
00017288   _FXN_F_run
000172d8   _FXN_F_zero
00000000   _GBL_CACHE
00020db4   _GBL_clkIn
00016a60   _GBL_cslCacheInit
00020db8   _GBL_freq
000178c0   _GBL_getVersion
00020db0   _GBL_procId
00012088   _GBL_setPLLto225MHz
0002197c   _HST_A_TABBEG
000219b8   _HST_A_TABEND
00005308   _HWI_CFGDISPATCHED
00020fa4   _HWI_D_inhwi
00020f98   _HWI_D_spsave
00014800   _HWI_F_dispatch
0000000a   _HWI_INT10
0000000b   _HWI_INT11
0000000c   _HWI_INT12
0000000d   _HWI_INT13
0000000e   _HWI_INT14
0000000f   _HWI_INT15
00000004   _HWI_INT4
00000005   _HWI_INT5
00000006   _HWI_INT6
00000007   _HWI_INT7
00000008   _HWI_INT8
00000009   _HWI_INT9
00000001   _HWI_NMI
00000002   _HWI_RESERVED0
00000003   _HWI_RESERVED1
00000000   _HWI_RESET
0001b958   _HWI_STKBOTTOM
00017960   _HWI_STKTOP
00020f98   _HWI_data
00017500   _HWI_disable
00020c10   _HWI_dispatchTab
00017518   _HWI_enable
0001752c   _HWI_restore
000216e4   _IDL_busyObj
000213ec   _IDL_cpuLoad
000178e0   _IDL_loop
ffffffff   _IRAM
000135a0   _IRQ_clear
000134c0   _IRQ_enable
000135c0   _IRQ_globalEnable
000119a0   _IRQ_map
00020f04   _KNL_alarm
00016920   _KNL_check
00020f28   _KNL_curqueue
00020f18   _KNL_curtask
00020f20   _KNL_curtime
000072fc   _KNL_dummy
00016b94   _KNL_enter
00016b40   _KNL_exit
000169f8   _KNL_idle
00020f40   _KNL_idlefxn
00020f0c   _KNL_inactive
00016ec0   _KNL_ipost
00016a1c   _KNL_max
00020f2c   _KNL_maxqueue
00016f80   _KNL_post
00020f1c   _KNL_prevtask
00020f10   _KNL_priority
0000725c   _KNL_queues
00015000   _KNL_run
00016100   _KNL_saveIsrFrame
00020f14   _KNL_set
00020f08   _KNL_setpri
00021234   _KNL_swi
00020f24   _KNL_swiptr
000161cc   _KNL_switch
00020f34   _KNL_tcreatefxn
00020f38   _KNL_tdeletefxn
00015a80   _KNL_tick
00020f3c   _KNL_treadyfxn
00020f30   _KNL_tswitchfxn
00020efc   _KNL_wFlag
00020f00   _KNL_wList
00017070   _LCK_pend
00017040   _LCK_post
000213f0   _LNK_dataPump
00020fb4   _LNK_dspFrameReadyMask
00020fb0   _LNK_dspFrameRequestMask
00020fbc   _LNK_readDone
00020fc0   _LNK_readFail
00020fb8   _LNK_readPend
00020fc4   _LNK_writeFail
0000dd08   _LOG_A_TABBEG
0000dd20   _LOG_A_TABEND
00000001   _LOG_A_TABLEN
00020d1c   _LOG_D_system
00017380   _LOG_event
0000dd08   _LOG_system
00012f00   _MCBSP_close
00012fa0   _MCBSP_config
000135e0   _MCBSP_getRcvAddr
00013600   _MCBSP_getXmtAddr
000127e0   _MCBSP_open
00011ec0   _MCBSP_reset
000128e0   _MCBSP_start
00013620   _MCBSP_write
00013640   _MCBSP_xrdy
00021000   _MEM
00020dbc   _MEM_D_NUMSEGMENTS
00020dc4   _MEM_D_freelist
00020dc8   _MEM_D_lockaddr
00020dc0   _MEM_D_memtab
00020dcc   _MEM_D_unlockaddr
0001fd80   _MEM_init
00020f70   _MEM_memtab
80008000   _MySinus
800080dc   _MySound
0001ffa0   _OBJ_init
000073c8   _OBJ_segtab
00007390   _OBJ_table
000216f0   _PIP_A_TABBEG
000217b8   _PIP_A_TABEND
00020d5c   _PRD_D_tick
00021a0c   _PRD_Sek
00021a58   _PRD_clock
00021208   _PRD_swi
000213f4   _RTA_dispatcher
00021980   _RTA_fromHost
0002199c   _RTA_toHost
0001ffc0   _RTDX_Buffer
000203cc   _RTDX_Buffer_End
0001f8e0   _RTDX_Buffer_Initialize
0001fa20   _RTDX_Buffer_Read
0001f940   _RTDX_Buffer_ReadCB
0001f9a0   _RTDX_Buffer_Size
000203c8   _RTDX_Buffer_Start
0001fa40   _RTDX_Buffer_Write
0001f000   _RTDX_Buffer_WriteCB
0001f9e0   _RTDX_Final_RT_Monitor
0001f860   _RTDX_Init_RT_Monitor
00000002   _RTDX_JTAGONLY
0001fa80   _RTDX_Mask_IER
0001f640   _RTDX_Mon_Queue
0001ec00   _RTDX_Poll
00000000   _RTDX_interrupt_mask
000203dc   _RTDX_writing
00009528   _Ringbuffer_Audio_out
00020f7c   _SDRAM
80000000   _SDRAM_base
00008000   _SDRAM_length
000219c4   _SEM_LEDToggle
000175c0   _SEM_pend
00017560   _SEM_pendBinary
00015580   _SEM_pendEnterKnl
00016d00   _SEM_post
00016d00   _SEM_postBinary
00016c20   _SEM_postEnterKnl
00021600   _STS_A_TABBEG
000216f0   _STS_A_TABEND
00017438   _STS_add
00017400   _STS_delta
00017464   _STS_reset
00017900   _STS_set
00021310   _SWI_ADC_In_Ping
0002133c   _SWI_ADC_In_Pong
000212b8   _SWI_ADC_Out_Ping
000212e4   _SWI_ADC_Out_Pong
00021260   _SWI_BSPLink_In_Ping
0002128c   _SWI_BSPLink_In_Pong
00021368   _SWI_BSPLink_Out_Ping
00021394   _SWI_BSPLink_Out_Pong
00020df4   _SWI_D_curfxn
00020de4   _SWI_D_curmask
00020de8   _SWI_D_curset
00020de0   _SWI_D_execaddr
00020dfc   _SWI_D_inswi
00020dec   _SWI_D_lock
00020df8   _SWI_D_rdybeg
00020ddc   _SWI_D_runaddr
000213c0   _SWI_Decode_Buffer
0000ff3c   _SWI_LEDToggle
00020ddc   _SWI_data
00017620   _SWI_disable
00017648   _SWI_enable
00014330   _SWI_post
00020dd0   _SYS
00021008   _SYS_PUTCBEG
00021207   _SYS_PUTCEND
00017680   _SYS_abort
00017100   _SYS_exit
00007590   _SYS_exitStack
00020fec   _SYS_exitStackPtr
00020ff0   _SYS_exitStackTop
00012480   _TIMER_open
000125c0   _TIMER_reset
00021a50   _TRC_R_mask
00020fe0   _TSK
00007334   _TSK_ATTRS
00021824   _TSK_LEDTOGGLE
00007350   _TSK_config
00016480   _TSK_exit
000217c4   _TSK_idle
0001ff20   _TSK_init
00020fd8   _TSK_nTasks
00020fdc   _TSK_pid
00015f00   _TSK_setup
00016860   _TSK_startup
00007370   _TSK_timerSem
00017820   _UTL_doAbort
00017920   _UTL_doError
000176e0   _UTL_doPutc
00017940   _UTL_halt
00016450   __CLK_lat1beg
0001647c   __CLK_lat1end
000115a0   __CSL_init
00014114   __GBL_setL2CacheMode
00020dd8   __HOOK_NUMHOOKS
00020dd4   __HOOK_knlId
00014800   __HWI_lat1beg
00014980   __HWI_lat1end
00014980   __HWI_lat2beg
00014b20   __HWI_lat2end1
00014aac   __HWI_lat2end2
00014b40   __HWI_lat3beg
00014c40   __HWI_lat3end1
00014adc   __HWI_lat3end2
00017300   __IDL_lat1beg
00017350   __IDL_lat1end
00007254   __IRQ_dispatchTable
00007190   __IRQ_eventTable
000136c0   __IRQ_hookFetchPacket
00013040   __IRQ_init
00007214   __IRQ_intTable
00016970   __KNL_lat1beg
000169f8   __KNL_lat1end
00017380   __LOG_lat1beg
00007508   __MCBSP_hDev0
0000750c   __MCBSP_hDev1
00007460   __MEM_mutex
00015378   __RTA_lat1beg
000153b0   __RTA_lat1end
00015ce0   __SEM_dopost
0001b960   __STACK_END
00004000   __STACK_SIZE
0001446c   __SWI_lat1beg
00014520   __SWI_lat1end
00014524   __SWI_lat2beg
00014594   __SWI_lat2end
000142c0   __SWI_lat3beg
0001432c   __SWI_lat3end
0000756c   __TIMER_deviceTable
0000758c   __TIMER_hBios
00007584   __TIMER_hDev0
00007588   __TIMER_hDev1
00007438   __TSK_mutex
000075d4   ___TI_enable_exit_profile_output
ffffffff   ___TI_pprof_out_hndl
ffffffff   ___TI_prof_data_size
ffffffff   ___TI_prof_data_start
00013500   ___add_dtor
00006fe0   ___atexit_func_id__
ffffffff   ___binit__
00020c10   ___bss__
ffffffff   ___c_args__
0001b960   ___cinit__
00000000   ___data__
00000000   ___edata__
00021008   ___end__
000136e0   ___etext__
0001ebf4   ___pinit__
0000dd20   ___text__
00016620   __auto_init
000075cc   __cleanup_ptr
00010ba0   __divf
000075d0   __dtors_ptr
000130e0   __fltlif
00013420   __fltulf
000075d8   __lock
00013660   __nop
00012ac0   __nround
00013680   __register_lock
000136a0   __register_unlock
00017960   __stack
00012ba0   __strasg
000075dc   __unlock
00012c80   _atexit
00005488   _b_dec
00001dc0   _b_enc
0001fe60   _c_int00
000121e0   _call_dtors
00020eac   _configComplete
000074a8   _configEDMABSPLinkRcv
000074c0   _configEDMABSPLinkXmt
00000220   _configEDMARcv
00000238   _configEDMAXmt
0000df60   _config_AIC23_EDMA
00010020   _config_BSPLink
00010198   _config_BSPLink_EDMA
0000e510   _config_interrupts
00020ed1   _dataDetected
00000200   _datainterface_config
00020e78   _debug_buff_i
0000ecd8   _decode_buffer
00020ed0   _decoding_buff_valid
00020ebc   _den_f
000075e0   _dtors
00003930   _e_dec
00000268   _e_enc
0000f2cc   _encode_audio_data
00020ec8   _encoding_buff_valid
0000fbd8   _framing_link_data
00020f48   _hEdmaBSPLinkRcv
00020f4c   _hEdmaBSPLinkRcvRelPing
00020f50   _hEdmaBSPLinkRcvRelPong
00020f54   _hEdmaBSPLinkXmt
00020f58   _hEdmaBSPLinkXmtRelPing
00020f5c   _hEdmaBSPLinkXmtRelPong
00020e80   _hEdmaRcv
00020e84   _hEdmaRcvRelPing
00020e88   _hEdmaRcvRelPong
00020e8c   _hEdmaXmt
00020e90   _hEdmaXmtRelPing
00020e94   _hEdmaXmtRelPong
00020e7c   _hMcbsp_AIC23
00021004   _hMcbsp_AIC23_Config
00020f44   _hMcbsp_Link
0000dd68   _main
00011120   _memcpy
00012d60   _modf
00020ec0   _num_f
0000fe84   _read_buffer_audio_out
00020ed4   _ringbuff_audio_out_read_i
00020ed8   _ringbuff_audio_out_write_i
00020fd0   _rtdxNullChanCnt
00020fd4   _rtdxNullFuncCnt
000203d0   _rtdx_buffer_state
000203f0   _rtdx_mon_state
00020eb0   _t_reg
000073f8   _tccAllocTable
00020f60   _tccBSPLinkRcvPing
00020f64   _tccBSPLinkRcvPong
00020f68   _tccBSPLinkXmtPing
00020f6c   _tccBSPLinkXmtPong
00020e98   _tccRcvPing
00020e9c   _tccRcvPong
00020ea0   _tccXmtPing
00020ea4   _tccXmtPong
00020ea8   _time_cnt
0000ff68   _tsk_led_toggle
00012060   _wait500nS
0000fd24   _write_decoding_buffer
00003918   _y_dec
00000250   _y_enc
ffffffff   binit
0001b960   cinit
00000000   edata
00021008   end
000136e0   etext
00000000   hwi0
00000020   hwi1
00000140   hwi10
00000160   hwi11
00000180   hwi12
000001a0   hwi13
000001c0   hwi14
000001e0   hwi15
00000040   hwi2
00000060   hwi3
00000080   hwi4
000000a0   hwi5
000000c0   hwi6
000000e0   hwi7
00000100   hwi8
00000120   hwi9
0001ebf4   pinit


GLOBAL SYMBOLS: SORTED BY Symbol Address 

address    name
--------   ----
00000000   .data
00000000   BUF$
00000000   CLK_COUNTSPMSHIGH
00000000   CLK_PRDHIGH
00000000   CLK_TDDR
00000000   CLK_TDDRHIGH
00000000   CLK_TIMERNUM
00000000   DEV$
00000000   DGN$
00000000   DHL$
00000000   DHL_gChannelsAvailable
00000000   DIO$
00000000   DIO_NUMSWIBASE
00000000   DIO_NUMTSKBASE
00000000   DIO_STATIC
00000000   DPI$
00000000   GBL_BIGENDIAN
00000000   GBL_C641XL2PRIORITY
00000000   GBL_CACHE
00000000   GBL_L2CONFIGALLOC
00000000   GBL_L2MARMASK1
00000000   GBL_L2MARMASK2
00000000   GBL_L2MARMASK3
00000000   GBL_L2MARMASK4
00000000   GBL_L2MARMASK5
00000000   GBL_L2MODE
00000000   GBL_L2PRIORITY
00000000   GBL_NULL
00000000   GBL_PROCID
00000000   GBL_ROM
00000000   GBL_SUPPORTCSL
00000000   GIO$
00000000   HOOK$
00000000   HOOK_KNLID
00000000   HST_DSM
00000000   HST_NONE
00000000   HWI_A_VECS
00000000   HWI_GENERATE_RESET_VEC
00000000   HWI_INT10$hwi
00000000   HWI_INT11$hwi
00000000   HWI_INT12$hwi
00000000   HWI_INT13$hwi
00000000   HWI_INT14$hwi
00000000   HWI_INT15$hwi
00000000   HWI_INT4$hwi
00000000   HWI_INT5$hwi
00000000   HWI_INT6$hwi
00000000   HWI_INT7$hwi
00000000   HWI_INT8$hwi
00000000   HWI_INT9$hwi
00000000   HWI_NMI$hwi
00000000   HWI_POLARITYMASK
00000000   HWI_RESERVED0$hwi
00000000   HWI_RESERVED1$hwi
00000000   HWI_RESET
00000000   HWI_RESET$hwi
00000000   IDL_busyObj$iB
00000000   IDL_busyObj$operation
00000000   KNL_swi$pri
00000000   KNL_swi$sts$unittype
00000000   KNL_swi$swi
00000000   LOG_system$datatype
00000000   LOG_system$log
00000000   MBX$
00000000   MEM_NULL
00000000   MEM_USEMPC
00000000   MSGQ$
00000000   MSGQ_USEMSGQ
00000000   OBJ$
00000000   PIP$
00000000   PIP_gNextId
00000000   POOL$
00000000   POOL_USEPOOL
00000000   PRD_Sek$mode
00000000   PRD_Sek$prd
00000000   PRD_Sek$sts$filter
00000000   PRD_swi$sts$unittype
00000000   PRD_swi$swi
00000000   RTA_fromHost$hst
00000000   RTA_fromHost$mode
00000000   RTA_toHost$hst
00000000   RTA_toHost$id
00000000   RTDX_MODE
00000000   RTDX_USERTEXECUTION
00000000   SIO$
00000000   SWI_ADC_In_Ping$sts$unittype
00000000   SWI_ADC_In_Ping$swi
00000000   SWI_ADC_In_Pong$sts$unittype
00000000   SWI_ADC_In_Pong$swi
00000000   SWI_ADC_Out_Ping$sts$unittype
00000000   SWI_ADC_Out_Ping$swi
00000000   SWI_ADC_Out_Pong$sts$unittype
00000000   SWI_ADC_Out_Pong$swi
00000000   SWI_BSPLink_In_Ping$sts$unittype
00000000   SWI_BSPLink_In_Ping$swi
00000000   SWI_BSPLink_In_Pong$sts$unittype
00000000   SWI_BSPLink_In_Pong$swi
00000000   SWI_BSPLink_Out_Ping$sts$unittype
00000000   SWI_BSPLink_Out_Ping$swi
00000000   SWI_BSPLink_Out_Pong$sts$unittype
00000000   SWI_BSPLink_Out_Pong$swi
00000000   SWI_Decode_Buffer$sts$unittype
00000000   SWI_Decode_Buffer$swi
00000000   SWI_EHOOKFXN
00000000   SWI_IHOOKFXN
00000000   TSK_LEDTOGGLE$sts$unittype
00000000   TSK_LEDTOGGLE$tsk
00000000   TSK_NUM_HOOKS
00000000   TSK_READYFXN
00000000   TSK_STACKSEG
00000000   TSK_SWITCHFXN
00000000   TSK_idle$pri
00000000   TSK_idle$sts$unittype
00000000   TSK_idle$tsk
00000000   UDEV$
00000000   _CLK_TDDR
00000000   _CLK_TIMERNUM
00000000   _GBL_CACHE
00000000   _HWI_RESET
00000000   _RTDX_interrupt_mask
00000000   ___data__
00000000   ___edata__
00000000   edata
00000000   hwi0
00000001   BUF_ENABLED
00000001   CLK$
00000001   CLK_CALDIV
00000001   CLK_HTIMEDIV
00000001   CLK_LTIMEDIV
00000001   CLK_USETIMER
00000001   GBL$
00000001   GBL_CALLCSLCFGINIT
00000001   GBL_ENABLEINST
00000001   GBL_L2CONFIGURE
00000001   GBL_L2MARMASK
00000001   GBL_USERINIT
00000001   GBL_boot
00000001   HST$
00000001   HST_RTDX
00000001   HWI$
00000001   HWI_NMI
00000001   HWI_ZEROTAB
00000001   IDL$
00000001   IDL_USECLKIDLTIME
00000001   IDL_busyObj$filter
00000001   IDL_busyObj$iA
00000001   IDL_busyObj$iC
00000001   ISRC$
00000001   KNL_swi$dorta
00000001   KNL_swi$sts$filtmaxmult
00000001   KNL_swi$sts$filtsummult
00000001   LCK$
00000001   LOG$
00000001   LOG_A_TABLEN
00000001   LOG_ENABLED
00000001   MEM$
00000001   MEM_gNumHeap
00000001   PRD$
00000001   PRD_A_TABLEN
00000001   PRD_Sek$ord
00000001   PRD_swi$dorta
00000001   PRD_swi$ord
00000001   PRD_swi$pri
00000001   PRD_swi$sts$filtmaxmult
00000001   PRD_swi$sts$filtsummult
00000001   QUE$
00000001   RTA_fromHost$id
00000001   RTA_toHost$mode
00000001   RTDX$
00000001   RTDX_NORMALIZED_HDR
00000001   RTDX_USERTDX
00000001   SEM$
00000001   STS$
00000001   SWI$
00000001   SWI_ADC_In_Ping$dorta
00000001   SWI_ADC_In_Ping$sts$filtmaxmult
00000001   SWI_ADC_In_Ping$sts$filtsummult
00000001   SWI_ADC_In_Pong$dorta
00000001   SWI_ADC_In_Pong$sts$filtmaxmult
00000001   SWI_ADC_In_Pong$sts$filtsummult
00000001   SWI_ADC_Out_Ping$dorta
00000001   SWI_ADC_Out_Ping$sts$filtmaxmult
00000001   SWI_ADC_Out_Ping$sts$filtsummult
00000001   SWI_ADC_Out_Pong$dorta
00000001   SWI_ADC_Out_Pong$sts$filtmaxmult
00000001   SWI_ADC_Out_Pong$sts$filtsummult
00000001   SWI_BSPLink_In_Ping$dorta
00000001   SWI_BSPLink_In_Ping$sts$filtmaxmult
00000001   SWI_BSPLink_In_Ping$sts$filtsummult
00000001   SWI_BSPLink_In_Pong$dorta
00000001   SWI_BSPLink_In_Pong$sts$filtmaxmult
00000001   SWI_BSPLink_In_Pong$sts$filtsummult
00000001   SWI_BSPLink_Out_Ping$dorta
00000001   SWI_BSPLink_Out_Ping$sts$filtmaxmult
00000001   SWI_BSPLink_Out_Ping$sts$filtsummult
00000001   SWI_BSPLink_Out_Pong$dorta
00000001   SWI_BSPLink_Out_Pong$sts$filtmaxmult
00000001   SWI_BSPLink_Out_Pong$sts$filtsummult
00000001   SWI_Decode_Buffer$dorta
00000001   SWI_Decode_Buffer$pri
00000001   SWI_Decode_Buffer$sts$filtmaxmult
00000001   SWI_Decode_Buffer$sts$filtsummult
00000001   SYS$
00000001   TSK$
00000001   TSK_LEDTOGGLE$sts$filtmaxmult
00000001   TSK_LEDTOGGLE$sts$filtsummult
00000001   TSK_PRIORITY
00000001   TSK_idle$ord
00000001   TSK_idle$sts$filtmaxmult
00000001   TSK_idle$sts$filtsummult
00000001   _CLK_USETIMER
00000001   _HWI_NMI
00000001   _LOG_A_TABLEN
00000002   HWI_RESERVED0
00000002   IDL_busyObj$unittype
00000002   KNL_swi$ord
00000002   KNL_swi$sts$filter
00000002   PIP_A_TABLEN
00000002   PIP_gNumEmbed
00000002   PRD_Sek$sts$unittype
00000002   PRD_swi$sts$filter
00000002   SWI_ADC_In_Ping$pri
00000002   SWI_ADC_In_Ping$sts$filter
00000002   SWI_ADC_In_Pong$pri
00000002   SWI_ADC_In_Pong$sts$filter
00000002   SWI_ADC_Out_Ping$pri
00000002   SWI_ADC_Out_Ping$sts$filter
00000002   SWI_ADC_Out_Pong$pri
00000002   SWI_ADC_Out_Pong$sts$filter
00000002   SWI_BSPLink_In_Ping$sts$filter
00000002   SWI_BSPLink_In_Pong$sts$filter
00000002   SWI_BSPLink_Out_Ping$pri
00000002   SWI_BSPLink_Out_Ping$sts$filter
00000002   SWI_BSPLink_Out_Pong$pri
00000002   SWI_BSPLink_Out_Pong$sts$filter
00000002   SWI_Decode_Buffer$sts$filter
00000002   TSK_LEDTOGGLE$pri
00000002   TSK_LEDTOGGLE$sts$filter
00000002   TSK_idle$sts$filter
00000002   _HWI_RESERVED0
00000002   _RTDX_JTAGONLY
00000003   HWI_RESERVED1
00000003   SWI_BSPLink_In_Ping$ord
00000003   SWI_BSPLink_In_Ping$pri
00000003   SWI_BSPLink_In_Pong$pri
00000003   TSK_LEDTOGGLE$ord
00000003   _HWI_RESERVED1
00000004   CLK_CALMULT
00000004   CLK_HTIMEMULT
00000004   HWI_INT4
00000004   RTA_fromHost$framesize
00000004   SWI_BSPLink_In_Pong$ord
00000004   _HWI_INT4
00000005   HWI_INT5
00000005   SWI_ADC_Out_Ping$ord
00000005   _HWI_INT5
00000006   HWI_INT6
00000006   IDL_CALIBRERROR
00000006   SWI_ADC_Out_Pong$ord
00000006   _HWI_INT6
00000007   HWI_INT7
00000007   SWI_ADC_In_Ping$ord
00000007   _HWI_INT7
00000008   HWI_INT8
00000008   PRD_SCALAR
00000008   SWI_ADC_In_Pong$ord
00000008   _HWI_INT8
00000009   HWI_INT9
00000009   SWI_BSPLink_Out_Ping$ord
00000009   _HWI_INT9
0000000a   HWI_INT10
0000000a   SWI_BSPLink_Out_Pong$ord
0000000a   _HWI_INT10
0000000b   HWI_INT11
0000000b   SWI_A_TABLEN
0000000b   SWI_Decode_Buffer$ord
0000000b   _HWI_INT11
0000000c   HWI_INT12
0000000c   _HWI_INT12
0000000d   HWI_INT13
0000000d   _HWI_INT13
0000000e   HWI_INT14
0000000e   _HWI_INT14
0000000f   HWI_INT15
0000000f   _HWI_INT15
00000020   CLK_TCR
00000020   hwi1
0000003e   GBL_DSPTYPE
00000040   HST_MAXFRAMESET
00000040   LOG_system$size
00000040   RTA_toHost$framesize
00000040   hwi2
00000042   GBL_FOOTPRINT
00000060   hwi3
00000064   PIP_OBJSIZE
00000080   hwi4
000000a0   hwi5
000000c0   hwi6
000000e0   hwi7
000000ff   HST_MAXFRAMEALLOWED
00000100   hwi8
00000120   hwi9
00000140   hwi10
00000160   hwi11
00000180   hwi12
000001a0   hwi13
000001c0   hwi14
000001e0   hwi15
00000200   _datainterface_config
00000220   _configEDMARcv
00000238   _configEDMAXmt
00000250   _y_enc
00000268   _e_enc
000003e8   CLK_MICROSECS
000003e8   PRD_Sek$period
00000400   HST_DSMMEMSIZE
00000400   TSK_STACKSIZE
00000408   RTDX_BUFMEMSIZE
00001770   GBL_CLKTYPE
00001a39   GBL_DSPSUBTYPE
00001dc0   _b_enc
00002226   GBL_L2ALLOC
00003918   _y_dec
00003930   _e_dec
00004000   CLK_INTBIT
00004000   __STACK_SIZE
00004e20   GBL_CLKIN
00005205   GBL_A_VERSION
00005308   HWI_CFGDISPATCHED
00005308   _HWI_CFGDISPATCHED
00005488   _b_dec
00006fe0   ___atexit_func_id__
00007190   __IRQ_eventTable
00007214   __IRQ_intTable
00007254   __IRQ_dispatchTable
0000725c   _KNL_queues
000072fc   _KNL_dummy
00007334   _TSK_ATTRS
00007350   _TSK_config
00007370   _TSK_timerSem
00007390   _OBJ_table
000073c8   _OBJ_segtab
000073f8   _tccAllocTable
00007438   __TSK_mutex
00007460   __MEM_mutex
00007488   _BSPLink_interface_config
000074a8   _configEDMABSPLinkRcv
000074c0   _configEDMABSPLinkXmt
00007508   __MCBSP_hDev0
0000750c   __MCBSP_hDev1
0000756c   __TIMER_deviceTable
00007584   __TIMER_hDev0
00007588   __TIMER_hDev1
0000758c   __TIMER_hBios
00007590   _SYS_exitStack
000075cc   __cleanup_ptr
000075d0   __dtors_ptr
000075d4   ___TI_enable_exit_profile_output
000075d8   __lock
000075dc   __unlock
000075e0   _dtors
000075e4   _DSK6713_version
000075e8   _AIC_Buffer_in_ping
00007db8   _AIC_Buffer_in_pong
00008000   SDRAM$L
00008000   _SDRAM_length
00008588   _AIC_Buffer_out_ping
00008d58   _AIC_Buffer_out_pong
00009528   _Ringbuffer_Audio_out
0000c408   _Decoding_Buffer
0000c7f0   _Encoding_Buffer
0000cbd8   _BSPLinkBuffer_in_ping
0000d024   _BSPLinkBuffer_in_pong
0000d470   _BSPLinkBuffer_out_ping
0000d8bc   _BSPLinkBuffer_out_pong
0000dbba   CLK_COUNTSPMS
0000dbba   CLK_HTIMEPERLTIME
0000dbba   CLK_PRD
0000dbba   _CLK_COUNTSPMS
0000dbba   _CLK_PRD
0000dbef   GBL_TRCMASKVALUE
0000dd08   LOG_A_TABBEG
0000dd08   LOG_system
0000dd08   _LOG_A_TABBEG
0000dd08   _LOG_system
0000dd20   .text
0000dd20   LOG_A_TABEND
0000dd20   _LOG_A_TABEND
0000dd20   ___text__
0000dd68   _main
0000df60   _config_AIC23_EDMA
0000e510   _config_interrupts
0000e5a4   _EDMA_ISR
0000ea00   _ADC_Out_Ping
0000ea40   _ADC_Out_Pong
0000ea80   _ADC_In_Ping
0000eaac   _ADC_In_Pong
0000ead8   _BSPLink_In_Ping
0000eb2c   _BSPLink_In_Pong
0000eb80   _BSPLink_Out_Ping
0000ec2c   _BSPLink_Out_Pong
0000ecd8   _decode_buffer
0000f2cc   _encode_audio_data
0000fbd8   _framing_link_data
0000fd24   _write_decoding_buffer
0000fe84   _read_buffer_audio_out
0000ff3c   _SWI_LEDToggle
0000ff68   _tsk_led_toggle
00010020   _config_BSPLink
00010198   _config_BSPLink_EDMA
0001076c   _DSK6713_init
00010a88   _DSK6713_rget
00010a9c   _DSK6713_rset
00010ab0   _DSK6713_wait
00010b08   _DSK6713_waitusec
00010b34   _DSK6713_getVersion
00010ba0   __divf
00010ea0   _EDMA_open
00011120   _memcpy
00011360   _Config_DSK6713_AIC23
000115a0   __CSL_init
000117c0   _DSK6713_LED_init
00011800   _DSK6713_LED_off
00011870   _DSK6713_LED_on
000118e0   _DSK6713_LED_toggle
000119a0   _IRQ_map
00011d20   _EDMA_allocTable
00011ec0   _MCBSP_reset
00012060   _wait500nS
00012088   GBL_USERINITFXN
00012088   _GBL_setPLLto225MHz
000121e0   _call_dtors
00012340   _EDMA_reset
00012480   _TIMER_open
000125c0   _TIMER_reset
000126e0   _EDMA_intAlloc
000127e0   _MCBSP_open
000128e0   _MCBSP_start
000129e0   _EDMA_config
00012ac0   __nround
00012ba0   __strasg
00012c80   _atexit
00012d60   _modf
00012f00   _MCBSP_close
00012fa0   _MCBSP_config
00013040   __IRQ_init
000130e0   __fltlif
00013220   _DSK6713_DIP_init
00013228   _DSK6713_DIP_get
000132a0   _EDMA_disableChannel
00013300   _EDMA_enableChannel
00013360   _EDMA_intEnable
000133c0   _EDMA_qdmaConfig
00013420   __fltulf
00013480   _EDMA_link
000134c0   _IRQ_enable
00013500   ___add_dtor
00013540   _CSL6713_LIB_
00013560   _EDMA_intClear
00013580   _EDMA_intTest
000135a0   _IRQ_clear
000135c0   _IRQ_globalEnable
000135e0   _MCBSP_getRcvAddr
00013600   _MCBSP_getXmtAddr
00013620   _MCBSP_write
00013640   _MCBSP_xrdy
00013660   __nop
00013680   __register_lock
000136a0   __register_unlock
000136c0   __IRQ_hookFetchPacket
000136e0   LNK_F_checkBufferCall
000136e0   ___etext__
000136e0   etext
00013700   LNK_F_getChanPtr
00013758   LNK_F_init
00013760   LNK_F_dataPump
00013774   LNK_rcloop
00013840   LNK_rdrtry
00013850   LNK_rrloop
00013914   LNK_wrrtry
00013924   LNK_wrloop
00013a00   LNK_newin
00013b40   LNK_newout
00013ca4   LNK_F_readCallBack
00014114   __GBL_setL2CacheMode
000142c0   SWI_F_enable
000142c0   __SWI_lat3beg
0001432c   __SWI_lat3end
00014330   SWI_F_post
00014330   _SWI_post
0001446c   __SWI_lat1beg
000144dc   SWI_EXECFXN
000144dc   SWI_F_exec
00014508   SWI_F_iexec
00014520   __SWI_lat1end
00014524   __SWI_lat2beg
00014594   __SWI_lat2end
00014598   SWI_F_run
00014598   SWI_RUNFXN
00014800   CLK_HOOKFXN
00014800   HWI_F_dispatch
00014800   _HWI_F_dispatch
00014800   __HWI_lat1beg
00014980   __HWI_lat1end
00014980   __HWI_lat2beg
00014aac   __HWI_lat2end2
00014adc   __HWI_lat3end2
00014b20   __HWI_lat2end1
00014b40   __HWI_lat3beg
00014c40   __HWI_lat3end1
00014c60   PRD_F_swi
00014f20   PRD_F_tick
00015000   _KNL_run
000152c0   RTA_F_getlog
00015304   RTA_F_getsts
0001534c   RTA_F_readblk
0001536c   RTA_F_writeword
00015378   RTA_F_resetmem
00015378   __RTA_lat1beg
000153b0   __RTA_lat1end
000153b8   RTA_F_dispatch
00015408   RTA_execute
00015580   _SEM_pendEnterKnl
00015a80   PRD_THOOKFXN
00015a80   _KNL_tick
00015aa0   PIP_F_take
00015b34   PIP_F_give
00015b34   PIP_F_probe
00015c08   PIP_F_start
00015ce0   __SEM_dopost
00015f00   _TSK_setup
00016100   _KNL_saveIsrFrame
000161cc   _KNL_switch
00016280   KNL_glue
000162c0   CLK_F_getltime
000162d4   CLK_F_isr
00016434   CLK_F_itime
00016434   _CLK_F_itime
00016434   _CLK_itime
00016450   __CLK_lat1beg
0001647c   __CLK_lat1end
00016480   _TSK_exit
00016620   __auto_init
00016860   _TSK_startup
00016920   _KNL_check
00016970   __KNL_lat1beg
000169f8   _KNL_idle
000169f8   __KNL_lat1end
00016a1c   _KNL_max
00016a60   _GBL_cslCacheInit
00016b40   _KNL_exit
00016b94   _KNL_enter
00016c20   _SEM_postEnterKnl
00016d00   _SEM_post
00016d00   _SEM_postBinary
00016de0   _CLK_measure
00016ec0   _KNL_ipost
00016f80   _KNL_post
00017040   _LCK_post
00017070   _LCK_pend
00017100   _SYS_exit
000171c0   CLK_F_getfhtime
000171e0   CLK_F_gethtime
000171e0   CLK_F_getshtime
000171e0   CLK_TIMEFXN
00017280   FXN_F_nop
00017288   FXN_F_run
00017288   _FXN_F_run
000172d8   FXN_F_zero
000172d8   _FXN_F_zero
00017300   IDL_F_busy
00017300   __IDL_lat1beg
00017350   __IDL_lat1end
00017380   LOG_F_event
00017380   _LOG_event
00017380   __LOG_lat1beg
00017400   STS_F_delta
00017400   _STS_delta
00017438   STS_F_add
00017438   _STS_add
00017464   STS_F_reset
00017464   _STS_reset
00017480   IDL_F_calibrate
00017500   _HWI_disable
00017518   _HWI_enable
0001752c   _HWI_restore
00017560   _SEM_pendBinary
000175c0   _SEM_pend
00017620   _SWI_disable
00017648   _SWI_enable
00017680   _SYS_abort
000176e0   SYS_PUTCFXN
000176e0   _UTL_doPutc
00017740   _CLK_start
000177a0   IDL_CALIBRFXN
000177a0   IDL_F_stub
000177e0   RTA_F_andn
00017800   RTA_F_or
00017820   SYS_ABORTFXN
00017820   _UTL_doAbort
00017860   _CLK_stop
000178a0   GIO_CREATEFXN
000178a0   GIO_DELETEFXN
000178a0   GIO_PENDFXN
000178a0   GIO_POSTFXN
000178a0   TSK_VCREATEFXN
000178a0   TSK_VDELETEFXN
000178a0   TSK_VEXITFXN
000178a0   _FXN_F_nop
000178c0   _GBL_getVersion
000178e0   IDL_F_loop
000178e0   _IDL_loop
00017900   _STS_set
00017920   SYS_ERRORFXN
00017920   _UTL_doError
00017940   SYS_EXITFXN
00017940   _UTL_halt
00017960   GBL_stackbeg
00017960   _HWI_STKTOP
00017960   __stack
0001b958   _HWI_STKBOTTOM
0001b95f   GBL_stackend
0001b960   __STACK_END
0001b960   ___cinit__
0001b960   cinit
0001ebe4   RTA_fromHost$buf
0001ebf4   ___pinit__
0001ebf4   pinit
0001ec00   _RTDX_Poll
0001f000   _RTDX_Buffer_WriteCB
0001f640   _RTDX_Mon_Queue
0001f860   _RTDX_Init_RT_Monitor
0001f8e0   _RTDX_Buffer_Initialize
0001f940   _RTDX_Buffer_ReadCB
0001f9a0   _RTDX_Buffer_Size
0001f9e0   _RTDX_Final_RT_Monitor
0001fa20   _RTDX_Buffer_Read
0001fa40   _RTDX_Buffer_Write
0001fa80   _RTDX_Mask_IER
0001faa0   BIOS_init
0001faa0   _BIOS_init
0001fc1c   BIOS$$CLKON
0001fc5c   BIOS$$CLKOFF
0001fcc4   BIOS_start
0001fcc4   _BIOS_start
0001fd80   _MEM_init
0001fe60   _c_int00
0001ff20   _TSK_init
0001ffa0   _OBJ_init
0001ffc0   _RTDX_Buffer
000203c8   _RTDX_Buffer_Start
000203cc   _RTDX_Buffer_End
000203d0   _rtdx_buffer_state
000203dc   _RTDX_writing
000203f0   _rtdx_mon_state
00020410   TSK_LEDTOGGLE$stack
000207a8   TSK_LEDTOGGLE$stkptr
00020810   TSK_idle$stack
00020ba8   TSK_idle$stkptr
00020c10   $bss
00020c10   .bss
00020c10   _HWI_dispatchTab
00020c10   ___bss__
00020d10   IDL_D_tabbeg
00020d14   IDL_D_calibrate
00020d18   IDL_D_calbeg
00020d1c   LOG_D_system
00020d1c   _LOG_D_system
00020d20   PIP_D_tabbeg
00020d24   PIP_D_tablen
00020d28   CLK_R_time
00020d2c   CLK_D_timefxn
00020d30   CLK_D_tabbeg
00020d34   CLK_D_isrhook
00020d38   CLK_D_idletime
00020d3c   _CLK_htimeDiv
00020d40   _CLK_htimeMult
00020d44   _CLK_ltimeDiv
00020d48   _CLK_ltimeMult
00020d4c   _CLK_D_dirty
00020d50   _CLK_D_prd
00020d54   _CLK_D_tddr
00020d58   _CLK_D_countspms
00020d5c   PRD_D_tick
00020d5c   _PRD_D_tick
00020d60   PRD_D_cur
00020d64   PRD_D_elapsed
00020d68   PRD_D_prevtim
00020d6c   PRD_D_scalar
00020d70   PRD_D_swihandle
00020d74   PRD_D_tabbeg
00020d78   PRD_D_tablen
00020d7c   PRD_D_thook
00020d80   RTA_D_fromHost
00020d84   RTA_D_toHost
00020d88   RTA_D_logval
00020d98   RTA_D_stsval
00020da4   HST_D_chanmask
00020da8   HST_D_tabbeg
00020dac   HST_D_tabend
00020db0   _GBL_procId
00020db4   _GBL_clkIn
00020db8   _GBL_freq
00020dbc   _MEM_D_NUMSEGMENTS
00020dc0   _MEM_D_memtab
00020dc4   _MEM_D_freelist
00020dc8   _MEM_D_lockaddr
00020dcc   _MEM_D_unlockaddr
00020dd0   _SYS
00020dd4   __HOOK_knlId
00020dd8   __HOOK_NUMHOOKS
00020ddc   SWI_D_runaddr
00020ddc   _SWI_D_runaddr
00020ddc   _SWI_data
00020de0   SWI_D_execaddr
00020de0   _SWI_D_execaddr
00020de4   SWI_D_curmask
00020de4   _SWI_D_curmask
00020de8   SWI_D_curset
00020de8   _SWI_D_curset
00020dec   SWI_D_lock
00020dec   _SWI_D_lock
00020df0   SWI_D_curmbox
00020df4   SWI_D_curfxn
00020df4   _SWI_D_curfxn
00020df8   SWI_D_rdybeg
00020df8   _SWI_D_rdybeg
00020dfc   SWI_D_inswi
00020dfc   _SWI_D_inswi
00020e00   SWI_D_rdytab
00020e78   _debug_buff_i
00020e7c   _hMcbsp_AIC23
00020e80   _hEdmaRcv
00020e84   _hEdmaRcvRelPing
00020e88   _hEdmaRcvRelPong
00020e8c   _hEdmaXmt
00020e90   _hEdmaXmtRelPing
00020e94   _hEdmaXmtRelPong
00020e98   _tccRcvPing
00020e9c   _tccRcvPong
00020ea0   _tccXmtPing
00020ea4   _tccXmtPong
00020ea8   _time_cnt
00020eac   _configComplete
00020eb0   _t_reg
00020eb4   _ENCODER
00020eb8   _DECODER
00020ebc   _den_f
00020ec0   _num_f
00020ec4   _Encoding_Buffer_i
00020ec8   _encoding_buff_valid
00020ecc   _Decoding_Buffer_i
00020ed0   _decoding_buff_valid
00020ed1   _dataDetected
00020ed4   _ringbuff_audio_out_read_i
00020ed8   _ringbuff_audio_out_write_i
00020efc   _KNL_wFlag
00020f00   _KNL_wList
00020f04   _KNL_alarm
00020f08   _KNL_setpri
00020f0c   _KNL_inactive
00020f10   _KNL_priority
00020f14   _KNL_set
00020f18   _KNL_curtask
00020f1c   _KNL_prevtask
00020f20   _KNL_curtime
00020f24   _KNL_swiptr
00020f28   _KNL_curqueue
00020f2c   _KNL_maxqueue
00020f30   _KNL_tswitchfxn
00020f34   _KNL_tcreatefxn
00020f38   _KNL_tdeletefxn
00020f3c   _KNL_treadyfxn
00020f40   _KNL_idlefxn
00020f44   _hMcbsp_Link
00020f48   _hEdmaBSPLinkRcv
00020f4c   _hEdmaBSPLinkRcvRelPing
00020f50   _hEdmaBSPLinkRcvRelPong
00020f54   _hEdmaBSPLinkXmt
00020f58   _hEdmaBSPLinkXmtRelPing
00020f5c   _hEdmaBSPLinkXmtRelPong
00020f60   _tccBSPLinkRcvPing
00020f64   _tccBSPLinkRcvPong
00020f68   _tccBSPLinkXmtPing
00020f6c   _tccBSPLinkXmtPong
00020f70   _MEM_memtab
00020f7c   MEM_MALLOCSEG
00020f7c   MEM_SEGZERO
00020f7c   SDRAM
00020f7c   _SDRAM
00020f80   RTA_fromHost$pipe$dtab
00020f8c   RTA_toHost$pipe$dtab
00020f98   HWI_D_spsave
00020f98   _HWI_D_spsave
00020f98   _HWI_data
00020fa4   _HWI_D_inhwi
00020fa8   HWI_D_bss
00020fac   HWI_D_ccmask
00020fb0   LNK_dspFrameRequestMask
00020fb0   _LNK_dspFrameRequestMask
00020fb4   LNK_dspFrameReadyMask
00020fb4   _LNK_dspFrameReadyMask
00020fb8   LNK_readPend
00020fb8   _LNK_readPend
00020fbc   LNK_readDone
00020fbc   _LNK_readDone
00020fc0   LNK_readFail
00020fc0   _LNK_readFail
00020fc4   LNK_writeFail
00020fc4   _LNK_writeFail
00020fd0   _rtdxNullChanCnt
00020fd4   _rtdxNullFuncCnt
00020fd8   _TSK_nTasks
00020fdc   _TSK_pid
00020fe0   _TSK
00020fe4   _CLK_DFLTMICROSECS
00020fe8   _CLK_D_microseconds
00020fec   _SYS_exitStackPtr
00020ff0   _SYS_exitStackTop
00020ff4   _CLK_htimePerLtime
00020ffc   IDL_D_busyObj
00021000   _MEM
00021004   _hMcbsp_AIC23_Config
00021008   _SYS_PUTCBEG
00021008   ___end__
00021008   end
00021207   _SYS_PUTCEND
00021208   PRD_SWIHANDLE
00021208   PRD_swi
00021208   SWI_A_TABBEG
00021208   _PRD_swi
00021234   KNL_swi
00021234   _KNL_swi
00021260   SWI_BSPLink_In_Ping
00021260   _SWI_BSPLink_In_Ping
0002128c   SWI_BSPLink_In_Pong
0002128c   _SWI_BSPLink_In_Pong
000212b8   SWI_ADC_Out_Ping
000212b8   _SWI_ADC_Out_Ping
000212e4   SWI_ADC_Out_Pong
000212e4   _SWI_ADC_Out_Pong
00021310   SWI_ADC_In_Ping
00021310   _SWI_ADC_In_Ping
0002133c   SWI_ADC_In_Pong
0002133c   _SWI_ADC_In_Pong
00021368   SWI_BSPLink_Out_Ping
00021368   _SWI_BSPLink_Out_Ping
00021394   SWI_BSPLink_Out_Pong
00021394   _SWI_BSPLink_Out_Pong
000213c0   SWI_Decode_Buffer
000213c0   _SWI_Decode_Buffer
000213ec   IDL_A_TABBEG
000213ec   IDL_cpuLoad
000213ec   SWI_A_TABEND
000213ec   _IDL_cpuLoad
000213f0   LNK_dataPump
000213f0   _LNK_dataPump
000213f4   RTA_dispatcher
000213f4   _RTA_dispatcher
000213f8   IDL_END
00021400   LOG_system$buf
00021500   RTA_toHost$buf
00021600   PRD_Sek$sts$stsobj
00021600   STS_A_TABBEG
00021600   _STS_A_TABBEG
00021604   PRD_Sek$sts
00021610   PRD_swi$sts$stsobj
00021614   PRD_swi$sts
00021620   KNL_swi$sts$stsobj
00021624   KNL_swi$sts
00021630   SWI_BSPLink_In_Ping$sts$stsobj
00021634   SWI_BSPLink_In_Ping$sts
00021640   SWI_BSPLink_In_Pong$sts$stsobj
00021644   SWI_BSPLink_In_Pong$sts
00021650   SWI_ADC_Out_Ping$sts$stsobj
00021654   SWI_ADC_Out_Ping$sts
00021660   SWI_ADC_Out_Pong$sts$stsobj
00021664   SWI_ADC_Out_Pong$sts
00021670   SWI_ADC_In_Ping$sts$stsobj
00021674   SWI_ADC_In_Ping$sts
00021680   SWI_ADC_In_Pong$sts$stsobj
00021684   SWI_ADC_In_Pong$sts
00021690   SWI_BSPLink_Out_Ping$sts$stsobj
00021694   SWI_BSPLink_Out_Ping$sts
000216a0   SWI_BSPLink_Out_Pong$sts$stsobj
000216a4   SWI_BSPLink_Out_Pong$sts
000216b0   SWI_Decode_Buffer$sts$stsobj
000216b4   SWI_Decode_Buffer$sts
000216c0   TSK_idle$sts$stsobj
000216c4   TSK_idle$sts
000216d0   TSK_LEDTOGGLE$sts$stsobj
000216d4   TSK_LEDTOGGLE$sts
000216e0   IDL_busyObj$stsobj
000216e4   IDL_busyObj
000216e4   _IDL_busyObj
000216f0   PIP_A_TABBEG
000216f0   RTA_fromHost$pipe
000216f0   STS_A_TABEND
000216f0   _PIP_A_TABBEG
000216f0   _STS_A_TABEND
000216f4   RTA_fromHost$pipe$rd
00021720   RTA_fromHost$pipe$aaa
00021724   RTA_fromHost$pipe$wr
00021750   RTA_fromHost$pipe$bbb
00021754   RTA_toHost$pipe
00021758   RTA_toHost$pipe$rd
00021784   RTA_toHost$pipe$aaa
00021788   RTA_toHost$pipe$wr
000217b4   RTA_toHost$pipe$bbb
000217b8   PIP_A_TABEND
000217b8   _PIP_A_TABEND
000217c4   TSK_idle
000217c4   _TSK_idle
00021824   TSK_LEDTOGGLE
00021824   _TSK_LEDTOGGLE
0002192d   PRD_Sek$sts$maxfmt
00021936   PRD_Sek$sts$sumfmt
0002193f   PRD_Sek$sts$avgfmt
0002194a   PRD_swi$sts$maxfmt
00021952   PRD_swi$sts$sumfmt
0002195a   PRD_swi$sts$avgfmt
00021964   KNL_swi$sts$maxfmt
0002196c   KNL_swi$sts$sumfmt
00021974   KNL_swi$sts$avgfmt
0002197c   HST_A_TABBEG
0002197c   _HST_A_TABBEG
0002197e   SWI_BSPLink_In_Ping$sts$maxfmt
00021980   RTA_fromHost
00021980   _RTA_fromHost
00021986   SWI_BSPLink_In_Ping$sts$sumfmt
00021988   RTA_fromHost$rtdx
0002198e   SWI_BSPLink_In_Ping$sts$avgfmt
00021998   SWI_BSPLink_In_Pong$sts$maxfmt
0002199c   RTA_toHost
0002199c   _RTA_toHost
000219a0   SWI_BSPLink_In_Pong$sts$sumfmt
000219a4   RTA_toHost$rtdx
000219a8   SWI_BSPLink_In_Pong$sts$avgfmt
000219b2   SWI_ADC_Out_Ping$sts$maxfmt
000219b8   HST_A_TABEND
000219b8   _HST_A_TABEND
000219ba   SWI_ADC_Out_Ping$sts$sumfmt
000219c2   SWI_ADC_Out_Ping$sts$avgfmt
000219c4   SEM_LEDToggle
000219c4   _SEM_LEDToggle
000219cc   SWI_ADC_Out_Pong$sts$maxfmt
000219d4   SWI_ADC_Out_Pong$sts$sumfmt
000219dc   SWI_ADC_Out_Pong$sts$avgfmt
000219e6   SWI_ADC_In_Ping$sts$maxfmt
000219ee   SWI_ADC_In_Ping$sts$sumfmt
000219f6   SWI_ADC_In_Ping$sts$avgfmt
00021a00   SWI_ADC_In_Pong$sts$maxfmt
00021a08   SWI_ADC_In_Pong$sts$sumfmt
00021a0c   PRD_A_TABBEG
00021a0c   PRD_Sek
00021a0c   _PRD_Sek
00021a10   SWI_ADC_In_Pong$sts$avgfmt
00021a1a   SWI_BSPLink_Out_Ping$sts$maxfmt
00021a22   SWI_BSPLink_Out_Ping$sts$sumfmt
00021a28   PRD_Sek$aaa
00021a2a   SWI_BSPLink_Out_Ping$sts$avgfmt
00021a2c   IDL_A_CALBEG
00021a2c   IDL_cpuLoad$
00021a2c   PRD_A_TABEND
00021a30   LNK_dataPump$
00021a34   RTA_dispatcher$
00021a34   SWI_BSPLink_Out_Pong$sts$maxfmt
00021a38   IDL_END$
00021a3c   SWI_BSPLink_Out_Pong$sts$sumfmt
00021a3c   SYS$config
00021a44   SWI_BSPLink_Out_Pong$sts$avgfmt
00021a4c   TRC_cinit
00021a4e   SWI_Decode_Buffer$sts$maxfmt
00021a50   TRC_R_mask
00021a50   _TRC_R_mask
00021a54   GBL_initdone
00021a56   SWI_Decode_Buffer$sts$sumfmt
00021a58   CLK_A_TABBEG
00021a58   PRD_clock
00021a58   _PRD_clock
00021a5c   CLK_null
00021a5e   SWI_Decode_Buffer$sts$avgfmt
00021a68   TSK_idle$sts$maxfmt
00021a70   TSK_idle$sts$sumfmt
00021a78   TSK_idle$sts$avgfmt
00021a82   TSK_LEDTOGGLE$sts$maxfmt
00021a8a   TSK_LEDTOGGLE$sts$sumfmt
00021a92   TSK_LEDTOGGLE$sts$avgfmt
00021a9c   IDL_busyObj$maxfmt
00021a9f   IDL_busyObj$sumfmt
00021aa2   IDL_busyObj$avgfmt
00036ee8   CLK_LTIMEMULT
00036ee8   GBL_FREQ
01940000   CLK_REGS
01940000   _CLK_REGS
082039a3   HWI_INTRMULTHIGH
250718a4   HWI_INTRMULTLOW
80000000   SDRAM$B
80000000   _SDRAM_base
80008000   _MySinus
800080dc   _MySound
ffffffff   HST_DSMBUFSEG
ffffffff   IRAM
ffffffff   RTDX_DATAMEMSEG
ffffffff   _IRAM
ffffffff   ___TI_pprof_out_hndl
ffffffff   ___TI_prof_data_size
ffffffff   ___TI_prof_data_start
ffffffff   ___binit__
ffffffff   ___c_args__
ffffffff   binit

[1011 symbols]
