******************************************************************************
               TMS320C6x Linker PC v7.4.14                     
******************************************************************************
>> Linked Wed Jun 22 11:32:41 2016

OUTPUT FILE NAME:   <my_dsp_project.out>
ENTRY POINT SYMBOL: "_c_int00"  address: 0001e660


MEMORY CONFIGURATION

         name            origin    length      used     unused   attr    fill
----------------------  --------  ---------  --------  --------  ----  --------
  IRAM                  00000000   00080000  0002024d  0005fdb3  RWIX
  SDRAM                 80000000   00800000  000099de  007f6622  RWIX


SECTION ALLOCATION MAP

 output                                  attributes/
section   page    origin      length       input sections
--------  ----  ----------  ----------   ----------------
.data      0    00000000    00000000     UNINITIALIZED

.vers      0    00000000    00000044     COPY SECTION
                  00000000    00000044     my_dsp_projectcfg.obj (.vers)

.hwi_vec   0    00000000    00000200     
                  00000000    00000200     my_dsp_projectcfg.obj (.hwi_vec)

.far       0    00000200    000073e8     UNINITIALIZED
                  00000200    00006de0     skeleton.obj (.far)
                  00006fe0    00000188     rts6700.lib : atexit.obj (.far)
                  00007168    000000f4     csl6713.lib : csl_irq.obj (.far)
                  0000725c    000000d8     bios.a67 : knl.o67 (.far)
                  00007334    0000005c              : tsk.o67 (.far)
                  00007390    00000054              : obj_init.o67 (.far)
                  000073e4    00000054     csl6713.lib : csl_edma.obj (.far)
                  00007438    00000050     bios.a67 : tsk_stup.o67 (.far)
                  00007488    00000050     config_BSPLink.obj (.far)
                  000074d8    00000038     csl6713.lib : csl_mcbsp.obj (.far)
                  00007510    00000034     config_AIC23.obj (.far)
                  00007544    00000028     csl6713.lib : csl.obj (.far)
                  0000756c    00000024                 : csl_timer.obj (.far)
                  00007590    00000020     bios.a67 : sys.o67 (.far)
                  000075b0    00000010              : knl_tick.o67 (.far)
                  000075c0    0000000c              : utl_putc.o67 (.far)
                  000075cc    0000000c     rts6700.lib : exit.obj (.far)
                  000075d8    00000008                 : _lock.obj (.far)
                  000075e0    00000004                 : sinit.obj (.far)
                  000075e4    00000002     dsk6713bsl.lib : dsk6713.obj (.far)
                  000075e6    00000002                    : dsk6713_led.obj (.far)

.log       0    000075e8    00000018     
                  000075e8    00000018     my_dsp_projectcfg.obj (.log)

.text      0    00007600    00005920     
                  00007600    00002260     skeleton.obj (.text)
                  00009860    00000700     config_BSPLink.obj (.text)
                  00009f60    00000480     dsk6713bsl.lib : dsk6713.obj (.text)
                  0000a3e0    00000300     rts6700.lib : divf.obj (.text:__divf)
                  0000a6e0    00000280     csl6713.lib : csl_edma.obj (.text:_EDMA_open)
                  0000a960    00000240     rts6700.lib : memcpy62.obj (.text:_memcpy)
                  0000aba0    00000240     config_AIC23.obj (.text)
                  0000ade0    00000220     csl6713.lib : csl.obj (.text:__CSL_init)
                  0000b000    000001e0     dsk6713bsl.lib : dsk6713_led.obj (.text)
                  0000b1e0    000001c0     csl6713.lib : csl_irq.obj (.text:_IRQ_map)
                  0000b3a0    000001c0                 : csl_irq.obj (.text:_mux2Tables)
                  0000b560    000001a0                 : csl_edma.obj (.text:_EDMA_allocTable)
                  0000b700    000001a0                 : csl_mcbsp.obj (.text:_MCBSP_reset)
                  0000b8a0    00000180     bios.a67 : gbl_cslpllinit62.o67 (.text)
                  0000ba20    00000160     rts6700.lib : sinit.obj (.text:_call_dtors)
                  0000bb80    00000140     csl6713.lib : csl_edma.obj (.text:_EDMA_reset)
                  0000bcc0    00000140                 : csl_timer.obj (.text:_TIMER_open)
                  0000be00    00000120                 : csl_timer.obj (.text:_TIMER_reset)
                  0000bf20    00000100                 : csl_edma.obj (.text:_EDMA_intAlloc)
                  0000c020    00000100                 : csl_mcbsp.obj (.text:_MCBSP_open)
                  0000c120    00000100                 : csl_mcbsp.obj (.text:_MCBSP_start)
                  0000c220    000000e0                 : csl_edma.obj (.text:_EDMA_config)
                  0000c300    000000e0     rts6700.lib : round.obj (.text:__nround)
                  0000c3e0    000000e0                 : strasg.obj (.text:__strasg)
                  0000c4c0    000000e0                 : atexit.obj (.text:_atexit)
                  0000c5a0    000000e0                 : modf.obj (.text:_modf)
                  0000c680    000000c0     bios.a67 : tsk_stup.o67 (.text)
                  0000c740    000000a0     csl6713.lib : csl_mcbsp.obj (.text:_MCBSP_close)
                  0000c7e0    000000a0                 : csl_mcbsp.obj (.text:_MCBSP_config)
                  0000c880    000000a0                 : csl_irq.obj (.text:__IRQ_init)
                  0000c920    000000a0     rts6700.lib : fltlif.obj (.text:__fltlif)
                  0000c9c0    000000a0     csl6713.lib : csl_irq.obj (.text:_setMux)
                  0000ca60    00000080     dsk6713bsl.lib : dsk6713_dip.obj (.text)
                  0000cae0    00000060     csl6713.lib : csl_edma.obj (.text:_EDMA_disableChannel)
                  0000cb40    00000060                 : csl_edma.obj (.text:_EDMA_enableChannel)
                  0000cba0    00000060                 : csl_edma.obj (.text:_EDMA_intEnable)
                  0000cc00    00000060                 : csl_edma.obj (.text:_EDMA_qdmaConfig)
                  0000cc60    00000060     rts6700.lib : fltulf.obj (.text:__fltulf)
                  0000ccc0    00000040     csl6713.lib : csl_edma.obj (.text:_EDMA_link)
                  0000cd00    00000040                 : csl_irq.obj (.text:_IRQ_enable)
                  0000cd40    00000040     rts6700.lib : sinit.obj (.text:___add_dtor)
                  0000cd80    00000020     csl6713.lib : csl.obj (.text:_CSL6713_LIB_)
                  0000cda0    00000020                 : csl_edma.obj (.text:_EDMA_intClear)
                  0000cdc0    00000020                 : csl_edma.obj (.text:_EDMA_intTest)
                  0000cde0    00000020                 : csl_irq.obj (.text:_IRQ_clear)
                  0000ce00    00000020                 : csl_irq.obj (.text:_IRQ_globalEnable)
                  0000ce20    00000020                 : csl_mcbsp.obj (.text:_MCBSP_getRcvAddr)
                  0000ce40    00000020                 : csl_mcbsp.obj (.text:_MCBSP_getXmtAddr)
                  0000ce60    00000020                 : csl_mcbsp.obj (.text:_MCBSP_write)
                  0000ce80    00000020                 : csl_mcbsp.obj (.text:_MCBSP_xrdy)
                  0000cea0    00000020     rts6700.lib : _lock.obj (.text:__nop)
                  0000cec0    00000020                 : _lock.obj (.text:__register_lock)
                  0000cee0    00000020                 : _lock.obj (.text:__register_unlock)
                  0000cf00    00000020     csl6713.lib : csl_irq.obj (.text)

.datenpuffer 
*          0    0000cf20    00004fb0     UNINITIALIZED
                  0000cf20    00003e80     skeleton.obj (.datenpuffer)
                  00010da0    00001130     config_BSPLink.obj (.datenpuffer)

.hst1      0    00011ed0    00000010     UNINITIALIZED
                  00011ed0    00000010     my_dsp_projectcfg.obj (.hst1)

.bios      0    00011ee0    00004280     
                  00011ee0    00000600     lnkrtdx.a67 : rtdx.o67 (.bios)
                  000124e0    000005e0     bios.a67 : gbl_setL2CacheMode.o67 (.bios)
                  00012ac0    00000540              : swi.o67 (.bios)
                  00013000    00000460              : hwi_disp_asm.o67 (.bios)
                  00013460    000003a0              : prd.o67 (.bios)
                  00013800    000002c0              : knl_run.o67 (.bios)
                  00013ac0    000002c0              : rta.o67 (.bios)
                  00013d80    000002c0              : sem_pend.o67 (.bios)
                  00014040    00000260              : knl_tick.o67 (.bios)
                  000142a0    00000240              : pip.o67 (.bios)
                  000144e0    00000220              : sem_dopo.o67 (.bios)
                  00014700    00000200              : tsk_setu.o67 (.bios)
                  00014900    000001c0              : knl_swit.o67 (.bios)
                  00014ac0    000001c0     biosC6000.a67 : clk.o67 (.bios)
                  00014c80    000001a0     bios.a67 : tsk_exit.o67 (.bios)
                  00014e20    00000180              : autoinit.o67 (.bios)
                  00014fa0    00000180              : tsk_stup.o67 (.bios)
                  00015120    00000140              : knl_chec.o67 (.bios)
                  00015260    000000e0              : gbl_cslcacheinit.o67 (.bios)
                  00015340    000000e0              : knl_exit.o67 (.bios)
                  00015420    000000e0              : sem_post.o67 (.bios)
                  00015500    000000e0              : sem_post_asm.o67 (.bios)
                  000155e0    000000e0     biosC6000.a67 : clk_meas.o67 (.bios)
                  000156c0    000000c0     bios.a67 : knl_ipos.o67 (.bios)
                  00015780    000000c0              : knl_post.o67 (.bios)
                  00015840    000000c0              : lck.o67 (.bios)
                  00015900    000000c0              : sys_exit.o67 (.bios)
                  000159c0    000000c0     biosC6000.a67 : clk_htime.o67 (.bios)
                  00015a80    00000080     bios.a67 : fxn.o67 (.bios)
                  00015b00    00000080              : idl_busy.o67 (.bios)
                  00015b80    00000080              : log.o67 (.bios)
                  00015c00    00000080              : sts.o67 (.bios)
                  00015c80    00000080     biosC6000.a67 : idl_cal.o67 (.bios)
                  00015d00    00000060     bios.a67 : hwi_c.o67 (.bios)
                  00015d60    00000060              : sem_pend_binary.o67 (.bios)
                  00015dc0    00000060              : sem_pend_counting.o67 (.bios)
                  00015e20    00000060              : swi_disable.o67 (.bios)
                  00015e80    00000060              : sys_abor.o67 (.bios)
                  00015ee0    00000060              : utl_putc.o67 (.bios)
                  00015f40    00000060     biosC6000.a67 : clk_start.o67 (.bios)
                  00015fa0    00000040     bios.a67 : idl_stub.o67 (.bios)
                  00015fe0    00000040              : rta_andn.o67 (.bios)
                  00016020    00000040              : utl_doab.o67 (.bios)
                  00016060    00000040     biosC6000.a67 : clk_stop.o67 (.bios)
                  000160a0    00000020     bios.a67 : fxn_c.o67 (.bios)
                  000160c0    00000020              : gbl_vers.o67 (.bios)
                  000160e0    00000020              : idl.o67 (.bios)
                  00016100    00000020              : sts_set.o67 (.bios)
                  00016120    00000020              : utl_doer.o67 (.bios)
                  00016140    00000020              : utl_halt.o67 (.bios)

.stack     0    00016160    00004000     UNINITIALIZED
                  00016160    00004000     --HOLE--

.cinit     0    0001a160    00003284     
                  0001a160    00001bfc     skeleton.obj (.cinit)
                  0001bd5c    00000004     --HOLE-- [fill = 0]
                  0001bd60    00000b14     my_dsp_projectcfg.obj (.cinit)
                  0001c874    00000004     --HOLE-- [fill = 0]
                  0001c878    0000026c     bios.a67 : biosdata.o67 (.cinit)
                  0001cae4    00000004     --HOLE-- [fill = 0]
                  0001cae8    000001a4              : knl.o67 (.cinit)
                  0001cc8c    00000004     --HOLE-- [fill = 0]
                  0001cc90    0000012c     csl6713.lib : csl_irq.obj (.cinit)
                  0001cdbc    00000004     --HOLE-- [fill = 0]
                  0001cdc0    000000b0     bios.a67 : swi.o67 (.cinit)
                  0001ce70    00000080              : tsk.o67 (.cinit)
                  0001cef0    00000078     config_BSPLink.obj (.cinit)
                  0001cf68    00000070     csl6713.lib : csl_edma.obj (.cinit)
                  0001cfd8    00000060     bios.a67 : tsk_stup.o67 (.cinit)
                  0001d038    0000005c     lnkrtdx.a67 : rtdx.o67 (.cinit)
                  0001d094    00000004     --HOLE-- [fill = 0]
                  0001d098    00000054     csl6713.lib : csl_mcbsp.obj (.cinit)
                  0001d0ec    00000004     --HOLE-- [fill = 0]
                  0001d0f0    0000004c     bios.a67 : rta.o67 (.cinit)
                  0001d13c    00000004     --HOLE-- [fill = 0]
                  0001d140    0000004c     csl6713.lib : csl_timer.obj (.cinit)
                  0001d18c    00000004     --HOLE-- [fill = 0]
                  0001d190    0000004c     rtdx.lib : buffer1.o62 (.cinit)
                  0001d1dc    00000004     --HOLE-- [fill = 0]
                  0001d1e0    00000048     config_AIC23.obj (.cinit)
                  0001d228    0000003c     csl6713.lib : csl.obj (.cinit)
                  0001d264    00000004     --HOLE-- [fill = 0]
                  0001d268    00000034     bios.a67 : hwi.o67 (.cinit)
                  0001d29c    00000004     --HOLE-- [fill = 0]
                  0001d2a0    0000002c              : utl_putc.o67 (.cinit)
                  0001d2cc    00000004     --HOLE-- [fill = 0]
                  0001d2d0    0000002c     rts6700.lib : exit.obj (.cinit)
                  0001d2fc    00000004     --HOLE-- [fill = 0]
                  0001d300    00000024     bios.a67 : obj_init.o67 (.cinit)
                  0001d324    00000004     --HOLE-- [fill = 0]
                  0001d328    0000001c              : sys.o67 (.cinit)
                  0001d344    00000004     --HOLE-- [fill = 0]
                  0001d348    0000001c     rts6700.lib : _lock.obj (.cinit)
                  0001d364    00000004     --HOLE-- [fill = 0]
                  0001d368    0000001c                 : atexit.obj (.cinit)
                  0001d384    00000004     --HOLE-- [fill = 0]
                  0001d388    00000018     bios.a67 : knl_tick.o67 (.cinit)
                  0001d3a0    0000000c              : gbl_setL2CacheMode.o67 (.cinit)
                  0001d3ac    00000004     --HOLE-- [fill = 0]
                  0001d3b0    0000000c              : idl_busy.o67 (.cinit)
                  0001d3bc    00000004     --HOLE-- [fill = 0]
                  0001d3c0    0000000c              : knl_swit.o67 (.cinit)
                  0001d3cc    00000004     --HOLE-- [fill = 0]
                  0001d3d0    0000000c     rts6700.lib : sinit.obj (.cinit)
                  0001d3dc    00000004     --HOLE-- [fill = 0]
                  0001d3e0    00000004     (.pad.cinit) [fill = 0]

.idl       0    0001d3e4    00000010     UNINITIALIZED
                  0001d3e4    00000010     my_dsp_projectcfg.obj (.idl)

.pinit     0    0001d3f4    0000000c     
                  0001d3f4    00000004     rtdx.lib : buffer1.o62 (.pinit)
                  0001d3f8    00000004              : rtdx_mon.o62 (.pinit)
                  0001d3fc    00000004     --HOLE-- [fill = 0]

.rtdx_text 
*          0    0001d400    00000ea0     
                  0001d400    00000400     rtdx.lib : rtdx_mon.o62 (.rtdx_text:_RTDX_Poll)
                  0001d800    00000340              : buffer1.o62 (.rtdx_text:_RTDX_Buffer_WriteCB)
                  0001db40    00000300              : buffer1.o62 (.rtdx_text:_RTDX_write_next)
                  0001de40    00000140              : rtdx_mon.o62 (.rtdx_text:_RTDX_Mon_Queue)
                  0001df80    000000e0              : buffer1.o62 (.rtdx_text:_claim)
                  0001e060    00000080              : rtdx_mon.o62 (.rtdx_text:_RTDX_Init_RT_Monitor)
                  0001e0e0    00000060              : buffer1.o62 (.rtdx_text:_RTDX_Buffer_Initialize)
                  0001e140    00000060              : buffer2.o62 (.rtdx_text:_RTDX_Buffer_ReadCB)
                  0001e1a0    00000040              : buffer1.o62 (.rtdx_text:_RTDX_Buffer_Size)
                  0001e1e0    00000040              : rtdx_mon.o62 (.rtdx_text:_RTDX_Final_RT_Monitor)
                  0001e220    00000020              : buffer2.o62 (.rtdx_text:_RTDX_Buffer_Read)
                  0001e240    00000020              : buffer1.o62 (.rtdx_text:_RTDX_Buffer_Write)
                  0001e260    00000020              : rtdx_mon.o62 (.rtdx_text:_RTDX_checksum)
                  0001e280    00000020              : intr_tgt.o62 (.rtdx_text)

.sysinit   0    0001e2a0    00000520     
                  0001e2a0    000002e0     my_dsp_projectcfg.obj (.sysinit)
                  0001e580    000000e0     bios.a67 : mem_init.o67 (.sysinit)
                  0001e660    000000c0              : boot.o67 (.sysinit)
                  0001e720    00000080              : tsk_init.o67 (.sysinit)
                  0001e7a0    00000020              : obj_init.o67 (.sysinit)

.rtdx_data 
*          0    0001e7c0    0000044c     UNINITIALIZED
                  0001e7c0    00000410     my_dsp_projectcfg.obj (.rtdx_data)
                  0001ebd0    00000020     rtdx.lib : buffer1.o62 (.rtdx_data)
                  0001ebf0    0000001c              : rtdx_mon.o62 (.rtdx_data)

.args      0    0001ec0c    00000004     
                  0001ec0c    00000004     --HOLE-- [fill = 0]

.TSK_LEDTOGGLE$stk 
*          0    0001ec10    00000400     UNINITIALIZED
                  0001ec10    00000400     my_dsp_projectcfg.obj (.TSK_LEDTOGGLE$stk)

.TSK_idle$stk 
*          0    0001f010    00000400     UNINITIALIZED
                  0001f010    00000400     my_dsp_projectcfg.obj (.TSK_idle$stk)

.bss       0    0001f410    000003f8     UNINITIALIZED
                  0001f410    00000100     bios.a67 : hwi_disp_asm.o67 (.bss)
                  0001f510    000000cc              : biosdata.o67 (.bss)
                  0001f5dc    0000009c              : swi.o67 (.bss)
                  0001f678    00000084     skeleton.obj (.bss)
                  0001f6fc    00000048     bios.a67 : knl.o67 (.bss)
                  0001f744    0000002c     config_BSPLink.obj (.bss)
                  0001f770    00000028     my_dsp_projectcfg.obj (.bss)
                  0001f798    00000018     bios.a67 : hwi.o67 (.bss)
                  0001f7b0    00000018     lnkrtdx.a67 : rtdx.o67 (.bss)
                  0001f7c8    00000010     rtdx.lib : buffer1.o62 (.bss)
                  0001f7d8    0000000c     bios.a67 : tsk.o67 (.bss)
                  0001f7e4    00000008              : clk_data.o67 (.bss)
                  0001f7ec    00000008              : sys.o67 (.bss)
                  0001f7f4    00000004              : clk_data2.o67 (.bss)
                  0001f7f8    00000004              : gbl_setL2CacheMode.o67 (.bss)
                  0001f7fc    00000004              : idl_busy.o67 (.bss)
                  0001f800    00000004              : mem_asm.o67 (.bss)
                  0001f804    00000004     config_AIC23.obj (.bss)

.trace     0    0001f808    00000200     
                  0001f808    00000200     --HOLE-- [fill = 00000000]

.swi       0    0001fa08    000001e4     UNINITIALIZED
                  0001fa08    000001e4     my_dsp_projectcfg.obj (.swi)

.idlcal    0    0001fbec    00000010     UNINITIALIZED
                  0001fbec    00000010     my_dsp_projectcfg.obj (.idlcal)

.mem       0    0001fbfc    00000004     UNINITIALIZED
                  0001fbfc    00000004     my_dsp_projectcfg.obj (.mem)

.LOG_system$buf 
*          0    0001fc00    00000100     UNINITIALIZED
                  0001fc00    00000100     my_dsp_projectcfg.obj (.LOG_system$buf)

.hst0      0    0001fd00    00000100     UNINITIALIZED
                  0001fd00    00000100     my_dsp_projectcfg.obj (.hst0)

.sts       0    0001fe00    000000f0     
                  0001fe00    000000f0     my_dsp_projectcfg.obj (.sts)

.pip       0    0001fef0    000000c8     UNINITIALIZED
                  0001fef0    000000c8     my_dsp_projectcfg.obj (.pip)

.tsk       0    0001ffb8    000000c0     UNINITIALIZED
                  0001ffb8    000000c0     my_dsp_projectcfg.obj (.tsk)

.const     0    00020078    000000b5     
                  00020078    0000004e     bios.a67 : tsk_stup.o67 (.const)
                  000200c6    00000023              : utl_doab.o67 (.const)
                  000200e9    00000022              : utl_doer.o67 (.const)
                  0002010b    00000001     --HOLE-- [fill = 0]
                  0002010c    00000020     dsk6713bsl.lib : dsk6713.obj (.const)
                  0002012c    00000001     bios.a67 : tsk.o67 (.const)

.printf    0    0002012d    0000017a     COPY SECTION
                  0002012d    0000017a     my_dsp_projectcfg.obj (.printf)

.gblinit   0    00020130    0000004c     
                  00020130    0000004c     my_dsp_projectcfg.obj (.gblinit)

.hst       0    0002017c    0000003c     UNINITIALIZED
                  0002017c    0000003c     my_dsp_projectcfg.obj (.hst)

.sem       0    000201b8    0000002c     UNINITIALIZED
                  000201b8    0000002c     my_dsp_projectcfg.obj (.sem)

.switch    0    000201e4    00000028     
                  000201e4    00000028     rtdx.lib : rtdx_mon.o62 (.switch)

.prd       0    0002020c    00000020     UNINITIALIZED
                  0002020c    00000020     my_dsp_projectcfg.obj (.prd)

.sys       0    0002022c    00000010     UNINITIALIZED
                  0002022c    00000010     my_dsp_projectcfg.obj (.sys)

.trcdata   0    0002023c    0000000c     
                  0002023c    0000000c     bios.a67 : trc.o67 (.trcdata)

.clk       0    00020248    00000008     UNINITIALIZED
                  00020248    00000008     my_dsp_projectcfg.obj (.clk)

.SDRAM$heap 
*          0    80000000    00008000     UNINITIALIZED
                  80000000    00008000     --HOLE--

.sounds    0    80008000    000019de     UNINITIALIZED
                  80008000    000019de     skeleton.obj (.sounds)


GLOBAL SYMBOLS: SORTED ALPHABETICALLY BY Name 

address    name
--------   ----
0001f410   $bss
0001f410   .bss
00000000   .data
00007600   .text
0001e45c   BIOS$$CLKOFF
0001e41c   BIOS$$CLKON
0001e2a0   BIOS_init
0001e4c4   BIOS_start
00000000   BUF$
00000001   BUF_ENABLED
00000001   CLK$
00020248   CLK_A_TABBEG
00000001   CLK_CALDIV
00000004   CLK_CALMULT
0000dbba   CLK_COUNTSPMS
00000000   CLK_COUNTSPMSHIGH
0001f538   CLK_D_idletime
0001f534   CLK_D_isrhook
0001f530   CLK_D_tabbeg
0001f52c   CLK_D_timefxn
000159c0   CLK_F_getfhtime
000159e0   CLK_F_gethtime
00014ac0   CLK_F_getltime
000159e0   CLK_F_getshtime
00014ad4   CLK_F_isr
00014c34   CLK_F_itime
00013000   CLK_HOOKFXN
00000001   CLK_HTIMEDIV
00000004   CLK_HTIMEMULT
0000dbba   CLK_HTIMEPERLTIME
00004000   CLK_INTBIT
00000001   CLK_LTIMEDIV
00036ee8   CLK_LTIMEMULT
000003e8   CLK_MICROSECS
0000dbba   CLK_PRD
00000000   CLK_PRDHIGH
01940000   CLK_REGS
0001f528   CLK_R_time
00000020   CLK_TCR
00000000   CLK_TDDR
00000000   CLK_TDDRHIGH
000159e0   CLK_TIMEFXN
00000000   CLK_TIMERNUM
00000001   CLK_USETIMER
0002024c   CLK_null
00000000   DEV$
00000000   DGN$
00000000   DHL$
00000000   DHL_gChannelsAvailable
00000000   DIO$
00000000   DIO_NUMSWIBASE
00000000   DIO_NUMTSKBASE
00000000   DIO_STATIC
00000000   DPI$
00015a80   FXN_F_nop
00015a88   FXN_F_run
00015ad8   FXN_F_zero
00000001   GBL$
00005205   GBL_A_VERSION
00000000   GBL_BIGENDIAN
00000000   GBL_C641XL2PRIORITY
00000000   GBL_CACHE
00000001   GBL_CALLCSLCFGINIT
00004e20   GBL_CLKIN
00001770   GBL_CLKTYPE
00001a39   GBL_DSPSUBTYPE
0000003e   GBL_DSPTYPE
00000001   GBL_ENABLEINST
00000042   GBL_FOOTPRINT
00036ee8   GBL_FREQ
00002226   GBL_L2ALLOC
00000000   GBL_L2CONFIGALLOC
00000001   GBL_L2CONFIGURE
00000001   GBL_L2MARMASK
00000000   GBL_L2MARMASK1
00000000   GBL_L2MARMASK2
00000000   GBL_L2MARMASK3
00000000   GBL_L2MARMASK4
00000000   GBL_L2MARMASK5
00000000   GBL_L2MODE
00000000   GBL_L2PRIORITY
00000000   GBL_NULL
00000000   GBL_PROCID
00000000   GBL_ROM
00000000   GBL_SUPPORTCSL
0000dbef   GBL_TRCMASKVALUE
00000001   GBL_USERINIT
0000b8c8   GBL_USERINITFXN
00000001   GBL_boot
00020244   GBL_initdone
00016160   GBL_stackbeg
0001a15f   GBL_stackend
00000000   GIO$
000160a0   GIO_CREATEFXN
000160a0   GIO_DELETEFXN
000160a0   GIO_PENDFXN
000160a0   GIO_POSTFXN
00000000   HOOK$
00000000   HOOK_KNLID
00000001   HST$
0002017c   HST_A_TABBEG
000201b8   HST_A_TABEND
00000000   HST_DSM
ffffffff   HST_DSMBUFSEG
00000400   HST_DSMMEMSIZE
0001f5a4   HST_D_chanmask
0001f5a8   HST_D_tabbeg
0001f5ac   HST_D_tabend
000000ff   HST_MAXFRAMEALLOWED
00000040   HST_MAXFRAMESET
00000000   HST_NONE
00000001   HST_RTDX
00000001   HWI$
00000000   HWI_A_VECS
00005308   HWI_CFGDISPATCHED
0001f7a8   HWI_D_bss
0001f7ac   HWI_D_ccmask
0001f798   HWI_D_spsave
00013000   HWI_F_dispatch
00000000   HWI_GENERATE_RESET_VEC
0000000a   HWI_INT10
00000000   HWI_INT10$hwi
0000000b   HWI_INT11
00000000   HWI_INT11$hwi
0000000c   HWI_INT12
00000000   HWI_INT12$hwi
0000000d   HWI_INT13
00000000   HWI_INT13$hwi
0000000e   HWI_INT14
00000000   HWI_INT14$hwi
0000000f   HWI_INT15
00000000   HWI_INT15$hwi
00000004   HWI_INT4
00000000   HWI_INT4$hwi
00000005   HWI_INT5
00000000   HWI_INT5$hwi
00000006   HWI_INT6
00000000   HWI_INT6$hwi
00000007   HWI_INT7
00000000   HWI_INT7$hwi
00000008   HWI_INT8
00000000   HWI_INT8$hwi
00000009   HWI_INT9
00000000   HWI_INT9$hwi
082039a3   HWI_INTRMULTHIGH
250718a4   HWI_INTRMULTLOW
00000001   HWI_NMI
00000000   HWI_NMI$hwi
00000000   HWI_POLARITYMASK
00000002   HWI_RESERVED0
00000000   HWI_RESERVED0$hwi
00000003   HWI_RESERVED1
00000000   HWI_RESERVED1$hwi
00000000   HWI_RESET
00000000   HWI_RESET$hwi
00000001   HWI_ZEROTAB
00000001   IDL$
0001fbec   IDL_A_CALBEG
0001d3e4   IDL_A_TABBEG
00000006   IDL_CALIBRERROR
00015fa0   IDL_CALIBRFXN
0001f7fc   IDL_D_busyObj
0001f518   IDL_D_calbeg
0001f514   IDL_D_calibrate
0001f510   IDL_D_tabbeg
0001d3f0   IDL_END
0001fbf8   IDL_END$
00015b00   IDL_F_busy
00015c80   IDL_F_calibrate
000160e0   IDL_F_loop
00015fa0   IDL_F_stub
00000001   IDL_USECLKIDLTIME
0001fee4   IDL_busyObj
000202a2   IDL_busyObj$avgfmt
00000001   IDL_busyObj$filter
00000001   IDL_busyObj$iA
00000000   IDL_busyObj$iB
00000001   IDL_busyObj$iC
0002029c   IDL_busyObj$maxfmt
00000000   IDL_busyObj$operation
0001fee0   IDL_busyObj$stsobj
0002029f   IDL_busyObj$sumfmt
00000002   IDL_busyObj$unittype
0001d3e4   IDL_cpuLoad
0001fbec   IDL_cpuLoad$
ffffffff   IRAM
00000001   ISRC$
00014a80   KNL_glue
0001fa34   KNL_swi
00000001   KNL_swi$dorta
00000002   KNL_swi$ord
00000000   KNL_swi$pri
0001fe24   KNL_swi$sts
00020174   KNL_swi$sts$avgfmt
00000002   KNL_swi$sts$filter
00000001   KNL_swi$sts$filtmaxmult
00000001   KNL_swi$sts$filtsummult
00020164   KNL_swi$sts$maxfmt
0001fe20   KNL_swi$sts$stsobj
0002016c   KNL_swi$sts$sumfmt
00000000   KNL_swi$sts$unittype
00000000   KNL_swi$swi
00000001   LCK$
00011ee0   LNK_F_checkBufferCall
00011f60   LNK_F_dataPump
00011f00   LNK_F_getChanPtr
00011f58   LNK_F_init
000124a4   LNK_F_readCallBack
0001d3e8   LNK_dataPump
0001fbf0   LNK_dataPump$
0001f7b4   LNK_dspFrameReadyMask
0001f7b0   LNK_dspFrameRequestMask
00012200   LNK_newin
00012340   LNK_newout
00011f74   LNK_rcloop
00012040   LNK_rdrtry
0001f7bc   LNK_readDone
0001f7c0   LNK_readFail
0001f7b8   LNK_readPend
00012050   LNK_rrloop
0001f7c4   LNK_writeFail
00012124   LNK_wrloop
00012114   LNK_wrrtry
00000001   LOG$
000075e8   LOG_A_TABBEG
00007600   LOG_A_TABEND
00000001   LOG_A_TABLEN
0001f51c   LOG_D_system
00000001   LOG_ENABLED
00015b80   LOG_F_event
000075e8   LOG_system
0001fc00   LOG_system$buf
00000000   LOG_system$datatype
00000000   LOG_system$log
00000040   LOG_system$size
00000000   MBX$
00000001   MEM$
0001f77c   MEM_MALLOCSEG
00000000   MEM_NULL
0001f77c   MEM_SEGZERO
00000000   MEM_USEMPC
00000001   MEM_gNumHeap
00000000   MSGQ$
00000000   MSGQ_USEMSGQ
00000000   OBJ$
00000000   PIP$
0001fef0   PIP_A_TABBEG
0001ffb8   PIP_A_TABEND
00000002   PIP_A_TABLEN
0001f520   PIP_D_tabbeg
0001f524   PIP_D_tablen
00014334   PIP_F_give
00014334   PIP_F_probe
00014408   PIP_F_start
000142a0   PIP_F_take
00000064   PIP_OBJSIZE
00000000   PIP_gNextId
00000002   PIP_gNumEmbed
00000000   POOL$
00000000   POOL_USEPOOL
00000001   PRD$
0002020c   PRD_A_TABBEG
0002022c   PRD_A_TABEND
00000001   PRD_A_TABLEN
0001f560   PRD_D_cur
0001f564   PRD_D_elapsed
0001f568   PRD_D_prevtim
0001f56c   PRD_D_scalar
0001f570   PRD_D_swihandle
0001f574   PRD_D_tabbeg
0001f578   PRD_D_tablen
0001f57c   PRD_D_thook
0001f55c   PRD_D_tick
00013460   PRD_F_swi
00013720   PRD_F_tick
00000008   PRD_SCALAR
0001fa08   PRD_SWIHANDLE
0002020c   PRD_Sek
00020228   PRD_Sek$aaa
00000000   PRD_Sek$mode
00000001   PRD_Sek$ord
000003e8   PRD_Sek$period
00000000   PRD_Sek$prd
0001fe04   PRD_Sek$sts
0002013f   PRD_Sek$sts$avgfmt
00000000   PRD_Sek$sts$filter
0002012d   PRD_Sek$sts$maxfmt
0001fe00   PRD_Sek$sts$stsobj
00020136   PRD_Sek$sts$sumfmt
00000002   PRD_Sek$sts$unittype
00014280   PRD_THOOKFXN
00020248   PRD_clock
0001fa08   PRD_swi
00000001   PRD_swi$dorta
00000001   PRD_swi$ord
00000001   PRD_swi$pri
0001fe14   PRD_swi$sts
0002015a   PRD_swi$sts$avgfmt
00000002   PRD_swi$sts$filter
00000001   PRD_swi$sts$filtmaxmult
00000001   PRD_swi$sts$filtsummult
0002014a   PRD_swi$sts$maxfmt
0001fe10   PRD_swi$sts$stsobj
00020152   PRD_swi$sts$sumfmt
00000000   PRD_swi$sts$unittype
00000000   PRD_swi$swi
00000001   QUE$
0001f580   RTA_D_fromHost
0001f588   RTA_D_logval
0001f598   RTA_D_stsval
0001f584   RTA_D_toHost
00015fe0   RTA_F_andn
00013bb8   RTA_F_dispatch
00013ac0   RTA_F_getlog
00013b04   RTA_F_getsts
00016000   RTA_F_or
00013b4c   RTA_F_readblk
00013b78   RTA_F_resetmem
00013b6c   RTA_F_writeword
0001d3ec   RTA_dispatcher
0001fbf4   RTA_dispatcher$
00013c08   RTA_execute
00020180   RTA_fromHost
00011ed0   RTA_fromHost$buf
00000004   RTA_fromHost$framesize
00000000   RTA_fromHost$hst
00000001   RTA_fromHost$id
00000000   RTA_fromHost$mode
0001fef0   RTA_fromHost$pipe
0001ff20   RTA_fromHost$pipe$aaa
0001ff50   RTA_fromHost$pipe$bbb
0001f780   RTA_fromHost$pipe$dtab
0001fef4   RTA_fromHost$pipe$rd
0001ff24   RTA_fromHost$pipe$wr
00020188   RTA_fromHost$rtdx
0002019c   RTA_toHost
0001fd00   RTA_toHost$buf
00000040   RTA_toHost$framesize
00000000   RTA_toHost$hst
00000000   RTA_toHost$id
00000001   RTA_toHost$mode
0001ff54   RTA_toHost$pipe
0001ff84   RTA_toHost$pipe$aaa
0001ffb4   RTA_toHost$pipe$bbb
0001f78c   RTA_toHost$pipe$dtab
0001ff58   RTA_toHost$pipe$rd
0001ff88   RTA_toHost$pipe$wr
000201a4   RTA_toHost$rtdx
00000001   RTDX$
00000408   RTDX_BUFMEMSIZE
ffffffff   RTDX_DATAMEMSEG
00000000   RTDX_MODE
00000001   RTDX_NORMALIZED_HDR
00000001   RTDX_USERTDX
00000000   RTDX_USERTEXECUTION
0001f77c   SDRAM
80000000   SDRAM$B
00008000   SDRAM$L
00000001   SEM$
000201c4   SEM_LEDToggle
00000000   SIO$
00000001   STS$
0001fe00   STS_A_TABBEG
0001fef0   STS_A_TABEND
00015c38   STS_F_add
00015c00   STS_F_delta
00015c64   STS_F_reset
00000001   SWI$
0001fb10   SWI_ADC_In_Ping
00000001   SWI_ADC_In_Ping$dorta
00000007   SWI_ADC_In_Ping$ord
00000002   SWI_ADC_In_Ping$pri
0001fe74   SWI_ADC_In_Ping$sts
000201f6   SWI_ADC_In_Ping$sts$avgfmt
00000002   SWI_ADC_In_Ping$sts$filter
00000001   SWI_ADC_In_Ping$sts$filtmaxmult
00000001   SWI_ADC_In_Ping$sts$filtsummult
000201e6   SWI_ADC_In_Ping$sts$maxfmt
0001fe70   SWI_ADC_In_Ping$sts$stsobj
000201ee   SWI_ADC_In_Ping$sts$sumfmt
00000000   SWI_ADC_In_Ping$sts$unittype
00000000   SWI_ADC_In_Ping$swi
0001fb3c   SWI_ADC_In_Pong
00000001   SWI_ADC_In_Pong$dorta
00000008   SWI_ADC_In_Pong$ord
00000002   SWI_ADC_In_Pong$pri
0001fe84   SWI_ADC_In_Pong$sts
00020210   SWI_ADC_In_Pong$sts$avgfmt
00000002   SWI_ADC_In_Pong$sts$filter
00000001   SWI_ADC_In_Pong$sts$filtmaxmult
00000001   SWI_ADC_In_Pong$sts$filtsummult
00020200   SWI_ADC_In_Pong$sts$maxfmt
0001fe80   SWI_ADC_In_Pong$sts$stsobj
00020208   SWI_ADC_In_Pong$sts$sumfmt
00000000   SWI_ADC_In_Pong$sts$unittype
00000000   SWI_ADC_In_Pong$swi
0001fab8   SWI_ADC_Out_Ping
00000001   SWI_ADC_Out_Ping$dorta
00000005   SWI_ADC_Out_Ping$ord
00000002   SWI_ADC_Out_Ping$pri
0001fe54   SWI_ADC_Out_Ping$sts
000201c2   SWI_ADC_Out_Ping$sts$avgfmt
00000002   SWI_ADC_Out_Ping$sts$filter
00000001   SWI_ADC_Out_Ping$sts$filtmaxmult
00000001   SWI_ADC_Out_Ping$sts$filtsummult
000201b2   SWI_ADC_Out_Ping$sts$maxfmt
0001fe50   SWI_ADC_Out_Ping$sts$stsobj
000201ba   SWI_ADC_Out_Ping$sts$sumfmt
00000000   SWI_ADC_Out_Ping$sts$unittype
00000000   SWI_ADC_Out_Ping$swi
0001fae4   SWI_ADC_Out_Pong
00000001   SWI_ADC_Out_Pong$dorta
00000006   SWI_ADC_Out_Pong$ord
00000002   SWI_ADC_Out_Pong$pri
0001fe64   SWI_ADC_Out_Pong$sts
000201dc   SWI_ADC_Out_Pong$sts$avgfmt
00000002   SWI_ADC_Out_Pong$sts$filter
00000001   SWI_ADC_Out_Pong$sts$filtmaxmult
00000001   SWI_ADC_Out_Pong$sts$filtsummult
000201cc   SWI_ADC_Out_Pong$sts$maxfmt
0001fe60   SWI_ADC_Out_Pong$sts$stsobj
000201d4   SWI_ADC_Out_Pong$sts$sumfmt
00000000   SWI_ADC_Out_Pong$sts$unittype
00000000   SWI_ADC_Out_Pong$swi
0001fa08   SWI_A_TABBEG
0001fbec   SWI_A_TABEND
0000000b   SWI_A_TABLEN
0001fa60   SWI_BSPLink_In_Ping
00000001   SWI_BSPLink_In_Ping$dorta
00000003   SWI_BSPLink_In_Ping$ord
00000003   SWI_BSPLink_In_Ping$pri
0001fe34   SWI_BSPLink_In_Ping$sts
0002018e   SWI_BSPLink_In_Ping$sts$avgfmt
00000002   SWI_BSPLink_In_Ping$sts$filter
00000001   SWI_BSPLink_In_Ping$sts$filtmaxmult
00000001   SWI_BSPLink_In_Ping$sts$filtsummult
0002017e   SWI_BSPLink_In_Ping$sts$maxfmt
0001fe30   SWI_BSPLink_In_Ping$sts$stsobj
00020186   SWI_BSPLink_In_Ping$sts$sumfmt
00000000   SWI_BSPLink_In_Ping$sts$unittype
00000000   SWI_BSPLink_In_Ping$swi
0001fa8c   SWI_BSPLink_In_Pong
00000001   SWI_BSPLink_In_Pong$dorta
00000004   SWI_BSPLink_In_Pong$ord
00000003   SWI_BSPLink_In_Pong$pri
0001fe44   SWI_BSPLink_In_Pong$sts
000201a8   SWI_BSPLink_In_Pong$sts$avgfmt
00000002   SWI_BSPLink_In_Pong$sts$filter
00000001   SWI_BSPLink_In_Pong$sts$filtmaxmult
00000001   SWI_BSPLink_In_Pong$sts$filtsummult
00020198   SWI_BSPLink_In_Pong$sts$maxfmt
0001fe40   SWI_BSPLink_In_Pong$sts$stsobj
000201a0   SWI_BSPLink_In_Pong$sts$sumfmt
00000000   SWI_BSPLink_In_Pong$sts$unittype
00000000   SWI_BSPLink_In_Pong$swi
0001fb68   SWI_BSPLink_Out_Ping
00000001   SWI_BSPLink_Out_Ping$dorta
00000009   SWI_BSPLink_Out_Ping$ord
00000002   SWI_BSPLink_Out_Ping$pri
0001fe94   SWI_BSPLink_Out_Ping$sts
0002022a   SWI_BSPLink_Out_Ping$sts$avgfmt
00000002   SWI_BSPLink_Out_Ping$sts$filter
00000001   SWI_BSPLink_Out_Ping$sts$filtmaxmult
00000001   SWI_BSPLink_Out_Ping$sts$filtsummult
0002021a   SWI_BSPLink_Out_Ping$sts$maxfmt
0001fe90   SWI_BSPLink_Out_Ping$sts$stsobj
00020222   SWI_BSPLink_Out_Ping$sts$sumfmt
00000000   SWI_BSPLink_Out_Ping$sts$unittype
00000000   SWI_BSPLink_Out_Ping$swi
0001fb94   SWI_BSPLink_Out_Pong
00000001   SWI_BSPLink_Out_Pong$dorta
0000000a   SWI_BSPLink_Out_Pong$ord
00000002   SWI_BSPLink_Out_Pong$pri
0001fea4   SWI_BSPLink_Out_Pong$sts
00020244   SWI_BSPLink_Out_Pong$sts$avgfmt
00000002   SWI_BSPLink_Out_Pong$sts$filter
00000001   SWI_BSPLink_Out_Pong$sts$filtmaxmult
00000001   SWI_BSPLink_Out_Pong$sts$filtsummult
00020234   SWI_BSPLink_Out_Pong$sts$maxfmt
0001fea0   SWI_BSPLink_Out_Pong$sts$stsobj
0002023c   SWI_BSPLink_Out_Pong$sts$sumfmt
00000000   SWI_BSPLink_Out_Pong$sts$unittype
00000000   SWI_BSPLink_Out_Pong$swi
0001f5f4   SWI_D_curfxn
0001f5e4   SWI_D_curmask
0001f5f0   SWI_D_curmbox
0001f5e8   SWI_D_curset
0001f5e0   SWI_D_execaddr
0001f5fc   SWI_D_inswi
0001f5ec   SWI_D_lock
0001f5f8   SWI_D_rdybeg
0001f600   SWI_D_rdytab
0001f5dc   SWI_D_runaddr
0001fbc0   SWI_Decode_Buffer
00000001   SWI_Decode_Buffer$dorta
0000000b   SWI_Decode_Buffer$ord
00000001   SWI_Decode_Buffer$pri
0001feb4   SWI_Decode_Buffer$sts
0002025e   SWI_Decode_Buffer$sts$avgfmt
00000002   SWI_Decode_Buffer$sts$filter
00000001   SWI_Decode_Buffer$sts$filtmaxmult
00000001   SWI_Decode_Buffer$sts$filtsummult
0002024e   SWI_Decode_Buffer$sts$maxfmt
0001feb0   SWI_Decode_Buffer$sts$stsobj
00020256   SWI_Decode_Buffer$sts$sumfmt
00000000   SWI_Decode_Buffer$sts$unittype
00000000   SWI_Decode_Buffer$swi
00000000   SWI_EHOOKFXN
00012cdc   SWI_EXECFXN
00012ac0   SWI_F_enable
00012cdc   SWI_F_exec
00012d08   SWI_F_iexec
00012b30   SWI_F_post
00012d98   SWI_F_run
00000000   SWI_IHOOKFXN
00012d98   SWI_RUNFXN
00000001   SYS$
0002022c   SYS$config
00016020   SYS_ABORTFXN
00016120   SYS_ERRORFXN
00016140   SYS_EXITFXN
00015ee0   SYS_PUTCFXN
00020240   TRC_R_mask
0002023c   TRC_cinit
00000001   TSK$
00020024   TSK_LEDTOGGLE
00000003   TSK_LEDTOGGLE$ord
00000002   TSK_LEDTOGGLE$pri
0001ec10   TSK_LEDTOGGLE$stack
0001efa8   TSK_LEDTOGGLE$stkptr
0001fed4   TSK_LEDTOGGLE$sts
00020292   TSK_LEDTOGGLE$sts$avgfmt
00000002   TSK_LEDTOGGLE$sts$filter
00000001   TSK_LEDTOGGLE$sts$filtmaxmult
00000001   TSK_LEDTOGGLE$sts$filtsummult
00020282   TSK_LEDTOGGLE$sts$maxfmt
0001fed0   TSK_LEDTOGGLE$sts$stsobj
0002028a   TSK_LEDTOGGLE$sts$sumfmt
00000000   TSK_LEDTOGGLE$sts$unittype
00000000   TSK_LEDTOGGLE$tsk
00000000   TSK_NUM_HOOKS
00000001   TSK_PRIORITY
00000000   TSK_READYFXN
00000000   TSK_STACKSEG
00000400   TSK_STACKSIZE
00000000   TSK_SWITCHFXN
000160a0   TSK_VCREATEFXN
000160a0   TSK_VDELETEFXN
000160a0   TSK_VEXITFXN
0001ffc4   TSK_idle
00000001   TSK_idle$ord
00000000   TSK_idle$pri
0001f010   TSK_idle$stack
0001f3a8   TSK_idle$stkptr
0001fec4   TSK_idle$sts
00020278   TSK_idle$sts$avgfmt
00000002   TSK_idle$sts$filter
00000001   TSK_idle$sts$filtmaxmult
00000001   TSK_idle$sts$filtsummult
00020268   TSK_idle$sts$maxfmt
0001fec0   TSK_idle$sts$stsobj
00020270   TSK_idle$sts$sumfmt
00000000   TSK_idle$sts$unittype
00000000   TSK_idle$tsk
00000000   UDEV$
00008310   _ADC_In_Ping
0000833c   _ADC_In_Pong
000082b8   _ADC_Out_Ping
000082e4   _ADC_Out_Pong
0000cf20   _AIC_Buffer_in_ping
0000d6f0   _AIC_Buffer_in_pong
0000dec0   _AIC_Buffer_out_ping
0000e690   _AIC_Buffer_out_pong
0001e2a0   _BIOS_init
0001e4c4   _BIOS_start
00010da0   _BSPLinkBuffer_in_ping
000111ec   _BSPLinkBuffer_in_pong
00011638   _BSPLinkBuffer_out_ping
00011a84   _BSPLinkBuffer_out_pong
00008368   _BSPLink_In_Ping
00008394   _BSPLink_In_Pong
000083c0   _BSPLink_Out_Ping
0000846c   _BSPLink_Out_Pong
00007488   _BSPLink_interface_config
0000dbba   _CLK_COUNTSPMS
0001f7e4   _CLK_DFLTMICROSECS
0001f558   _CLK_D_countspms
0001f54c   _CLK_D_dirty
0001f7e8   _CLK_D_microseconds
0001f550   _CLK_D_prd
0001f554   _CLK_D_tddr
00014c34   _CLK_F_itime
0000dbba   _CLK_PRD
01940000   _CLK_REGS
00000000   _CLK_TDDR
00000000   _CLK_TIMERNUM
00000001   _CLK_USETIMER
0001f53c   _CLK_htimeDiv
0001f540   _CLK_htimeMult
0001f7f4   _CLK_htimePerLtime
00014c34   _CLK_itime
0001f544   _CLK_ltimeDiv
0001f548   _CLK_ltimeMult
000155e0   _CLK_measure
00015f40   _CLK_start
00016060   _CLK_stop
0000cd80   _CSL6713_LIB_
0000aba0   _Config_DSK6713_AIC23
0001f6b8   _DECODER
0000ca68   _DSK6713_DIP_get
0000ca60   _DSK6713_DIP_init
0000b000   _DSK6713_LED_init
0000b040   _DSK6713_LED_off
0000b0b0   _DSK6713_LED_on
0000b120   _DSK6713_LED_toggle
0000a374   _DSK6713_getVersion
00009fac   _DSK6713_init
0000a2c8   _DSK6713_rget
0000a2dc   _DSK6713_rset
000075e4   _DSK6713_version
0000a2f0   _DSK6713_wait
0000a348   _DSK6713_waitusec
000105d0   _Decoding_Buffer
0001f6cc   _Decoding_Buffer_i
00007e84   _EDMA_ISR
0000b560   _EDMA_allocTable
0000c220   _EDMA_config
0000cae0   _EDMA_disableChannel
0000cb40   _EDMA_enableChannel
0000bf20   _EDMA_intAlloc
0000cda0   _EDMA_intClear
0000cba0   _EDMA_intEnable
0000cdc0   _EDMA_intTest
0000ccc0   _EDMA_link
0000a6e0   _EDMA_open
0000cc00   _EDMA_qdmaConfig
0000bb80   _EDMA_reset
0001f6b4   _ENCODER
000109b8   _Encoding_Buffer
0001f6c4   _Encoding_Buffer_i
000160a0   _FXN_F_nop
00015a88   _FXN_F_run
00015ad8   _FXN_F_zero
00000000   _GBL_CACHE
0001f5b4   _GBL_clkIn
00015260   _GBL_cslCacheInit
0001f5b8   _GBL_freq
000160c0   _GBL_getVersion
0001f5b0   _GBL_procId
0000b8c8   _GBL_setPLLto225MHz
0002017c   _HST_A_TABBEG
000201b8   _HST_A_TABEND
00005308   _HWI_CFGDISPATCHED
0001f7a4   _HWI_D_inhwi
0001f798   _HWI_D_spsave
00013000   _HWI_F_dispatch
0000000a   _HWI_INT10
0000000b   _HWI_INT11
0000000c   _HWI_INT12
0000000d   _HWI_INT13
0000000e   _HWI_INT14
0000000f   _HWI_INT15
00000004   _HWI_INT4
00000005   _HWI_INT5
00000006   _HWI_INT6
00000007   _HWI_INT7
00000008   _HWI_INT8
00000009   _HWI_INT9
00000001   _HWI_NMI
00000002   _HWI_RESERVED0
00000003   _HWI_RESERVED1
00000000   _HWI_RESET
0001a158   _HWI_STKBOTTOM
00016160   _HWI_STKTOP
0001f798   _HWI_data
00015d00   _HWI_disable
0001f410   _HWI_dispatchTab
00015d18   _HWI_enable
00015d2c   _HWI_restore
0001fee4   _IDL_busyObj
0001d3e4   _IDL_cpuLoad
000160e0   _IDL_loop
ffffffff   _IRAM
0000cde0   _IRQ_clear
0000cd00   _IRQ_enable
0000ce00   _IRQ_globalEnable
0000b1e0   _IRQ_map
0001f704   _KNL_alarm
00015120   _KNL_check
0001f728   _KNL_curqueue
0001f718   _KNL_curtask
0001f720   _KNL_curtime
000072fc   _KNL_dummy
00015394   _KNL_enter
00015340   _KNL_exit
000151f8   _KNL_idle
0001f740   _KNL_idlefxn
0001f70c   _KNL_inactive
000156c0   _KNL_ipost
0001521c   _KNL_max
0001f72c   _KNL_maxqueue
00015780   _KNL_post
0001f71c   _KNL_prevtask
0001f710   _KNL_priority
0000725c   _KNL_queues
00013800   _KNL_run
00014900   _KNL_saveIsrFrame
0001f714   _KNL_set
0001f708   _KNL_setpri
0001fa34   _KNL_swi
0001f724   _KNL_swiptr
000149cc   _KNL_switch
0001f734   _KNL_tcreatefxn
0001f738   _KNL_tdeletefxn
00014280   _KNL_tick
0001f73c   _KNL_treadyfxn
0001f730   _KNL_tswitchfxn
0001f6fc   _KNL_wFlag
0001f700   _KNL_wList
00015870   _LCK_pend
00015840   _LCK_post
0001d3e8   _LNK_dataPump
0001f7b4   _LNK_dspFrameReadyMask
0001f7b0   _LNK_dspFrameRequestMask
0001f7bc   _LNK_readDone
0001f7c0   _LNK_readFail
0001f7b8   _LNK_readPend
0001f7c4   _LNK_writeFail
000075e8   _LOG_A_TABBEG
00007600   _LOG_A_TABEND
00000001   _LOG_A_TABLEN
0001f51c   _LOG_D_system
00015b80   _LOG_event
000075e8   _LOG_system
0000c740   _MCBSP_close
0000c7e0   _MCBSP_config
0000ce20   _MCBSP_getRcvAddr
0000ce40   _MCBSP_getXmtAddr
0000c020   _MCBSP_open
0000b700   _MCBSP_reset
0000c120   _MCBSP_start
0000ce60   _MCBSP_write
0000ce80   _MCBSP_xrdy
0001f800   _MEM
0001f5bc   _MEM_D_NUMSEGMENTS
0001f5c4   _MEM_D_freelist
0001f5c8   _MEM_D_lockaddr
0001f5c0   _MEM_D_memtab
0001f5cc   _MEM_D_unlockaddr
0001e580   _MEM_init
0001f770   _MEM_memtab
80008000   _MySinus
800080dc   _MySound
0001e7a0   _OBJ_init
000073c8   _OBJ_segtab
00007390   _OBJ_table
0001fef0   _PIP_A_TABBEG
0001ffb8   _PIP_A_TABEND
0001f55c   _PRD_D_tick
0002020c   _PRD_Sek
00020248   _PRD_clock
0001fa08   _PRD_swi
0001d3ec   _RTA_dispatcher
00020180   _RTA_fromHost
0002019c   _RTA_toHost
0001e7c0   _RTDX_Buffer
0001ebcc   _RTDX_Buffer_End
0001e0e0   _RTDX_Buffer_Initialize
0001e220   _RTDX_Buffer_Read
0001e140   _RTDX_Buffer_ReadCB
0001e1a0   _RTDX_Buffer_Size
0001ebc8   _RTDX_Buffer_Start
0001e240   _RTDX_Buffer_Write
0001d800   _RTDX_Buffer_WriteCB
0001e1e0   _RTDX_Final_RT_Monitor
0001e060   _RTDX_Init_RT_Monitor
00000002   _RTDX_JTAGONLY
0001e280   _RTDX_Mask_IER
0001de40   _RTDX_Mon_Queue
0001d400   _RTDX_Poll
00000000   _RTDX_interrupt_mask
0001ebdc   _RTDX_writing
0000ee60   _Ringbuffer_Audio_out
0001f77c   _SDRAM
80000000   _SDRAM_base
00008000   _SDRAM_length
000201c4   _SEM_LEDToggle
00015dc0   _SEM_pend
00015d60   _SEM_pendBinary
00013d80   _SEM_pendEnterKnl
00015500   _SEM_post
00015500   _SEM_postBinary
00015420   _SEM_postEnterKnl
0001fe00   _STS_A_TABBEG
0001fef0   _STS_A_TABEND
00015c38   _STS_add
00015c00   _STS_delta
00015c64   _STS_reset
00016100   _STS_set
0001fb10   _SWI_ADC_In_Ping
0001fb3c   _SWI_ADC_In_Pong
0001fab8   _SWI_ADC_Out_Ping
0001fae4   _SWI_ADC_Out_Pong
0001fa60   _SWI_BSPLink_In_Ping
0001fa8c   _SWI_BSPLink_In_Pong
0001fb68   _SWI_BSPLink_Out_Ping
0001fb94   _SWI_BSPLink_Out_Pong
0001f5f4   _SWI_D_curfxn
0001f5e4   _SWI_D_curmask
0001f5e8   _SWI_D_curset
0001f5e0   _SWI_D_execaddr
0001f5fc   _SWI_D_inswi
0001f5ec   _SWI_D_lock
0001f5f8   _SWI_D_rdybeg
0001f5dc   _SWI_D_runaddr
0001fbc0   _SWI_Decode_Buffer
0000975c   _SWI_LEDToggle
0001f5dc   _SWI_data
00015e20   _SWI_disable
00015e48   _SWI_enable
00012b30   _SWI_post
0001f5d0   _SYS
0001f808   _SYS_PUTCBEG
0001fa07   _SYS_PUTCEND
00015e80   _SYS_abort
00015900   _SYS_exit
00007590   _SYS_exitStack
0001f7ec   _SYS_exitStackPtr
0001f7f0   _SYS_exitStackTop
0000bcc0   _TIMER_open
0000be00   _TIMER_reset
00020240   _TRC_R_mask
0001f7e0   _TSK
00007334   _TSK_ATTRS
00020024   _TSK_LEDTOGGLE
00007350   _TSK_config
00014c80   _TSK_exit
0001ffc4   _TSK_idle
0001e720   _TSK_init
0001f7d8   _TSK_nTasks
0001f7dc   _TSK_pid
00014700   _TSK_setup
00015060   _TSK_startup
00007370   _TSK_timerSem
00016020   _UTL_doAbort
00016120   _UTL_doError
00015ee0   _UTL_doPutc
00016140   _UTL_halt
00014c50   __CLK_lat1beg
00014c7c   __CLK_lat1end
0000ade0   __CSL_init
00012914   __GBL_setL2CacheMode
0001f5d8   __HOOK_NUMHOOKS
0001f5d4   __HOOK_knlId
00013000   __HWI_lat1beg
00013180   __HWI_lat1end
00013180   __HWI_lat2beg
00013320   __HWI_lat2end1
000132ac   __HWI_lat2end2
00013340   __HWI_lat3beg
00013440   __HWI_lat3end1
000132dc   __HWI_lat3end2
00015b00   __IDL_lat1beg
00015b50   __IDL_lat1end
00007254   __IRQ_dispatchTable
00007190   __IRQ_eventTable
0000cf00   __IRQ_hookFetchPacket
0000c880   __IRQ_init
00007214   __IRQ_intTable
00015170   __KNL_lat1beg
000151f8   __KNL_lat1end
00015b80   __LOG_lat1beg
00007508   __MCBSP_hDev0
0000750c   __MCBSP_hDev1
00007460   __MEM_mutex
00013b78   __RTA_lat1beg
00013bb0   __RTA_lat1end
000144e0   __SEM_dopost
0001a160   __STACK_END
00004000   __STACK_SIZE
00012c6c   __SWI_lat1beg
00012d20   __SWI_lat1end
00012d24   __SWI_lat2beg
00012d94   __SWI_lat2end
00012ac0   __SWI_lat3beg
00012b2c   __SWI_lat3end
0000756c   __TIMER_deviceTable
0000758c   __TIMER_hBios
00007584   __TIMER_hDev0
00007588   __TIMER_hDev1
00007438   __TSK_mutex
000075d4   ___TI_enable_exit_profile_output
ffffffff   ___TI_pprof_out_hndl
ffffffff   ___TI_prof_data_size
ffffffff   ___TI_prof_data_start
0000cd40   ___add_dtor
00006fe0   ___atexit_func_id__
ffffffff   ___binit__
0001f410   ___bss__
ffffffff   ___c_args__
0001a160   ___cinit__
00000000   ___data__
00000000   ___edata__
0001f808   ___end__
0000cf20   ___etext__
0001d3f4   ___pinit__
00007600   ___text__
00014e20   __auto_init
000075cc   __cleanup_ptr
0000a3e0   __divf
000075d0   __dtors_ptr
0000c920   __fltlif
0000cc60   __fltulf
000075d8   __lock
0000cea0   __nop
0000c300   __nround
0000cec0   __register_lock
0000cee0   __register_unlock
00016160   __stack
0000c3e0   __strasg
000075dc   __unlock
0000c4c0   _atexit
00005488   _b_dec
00001dc0   _b_enc
0001e660   _c_int00
0000ba20   _call_dtors
0001f6ac   _configComplete
000074a8   _configEDMABSPLinkRcv
000074c0   _configEDMABSPLinkXmt
00000220   _configEDMARcv
00000238   _configEDMAXmt
00007848   _config_AIC23_EDMA
00009860   _config_BSPLink
000099d8   _config_BSPLink_EDMA
00007df0   _config_interrupts
0001f6d1   _dataDetected
00000200   _datainterface_config
0001f678   _debug_buff_i
00008518   _decode_buffer
0001f6d0   _decoding_buff_valid
0001f6bc   _den_f
000075e0   _dtors
00003930   _e_dec
00000268   _e_enc
00008af4   _encode_audio_data
0001f6c8   _encoding_buff_valid
000093f8   _framing_link_data
0001f748   _hEdmaBSPLinkRcv
0001f74c   _hEdmaBSPLinkRcvRelPing
0001f750   _hEdmaBSPLinkRcvRelPong
0001f754   _hEdmaBSPLinkXmt
0001f758   _hEdmaBSPLinkXmtRelPing
0001f75c   _hEdmaBSPLinkXmtRelPong
0001f680   _hEdmaRcv
0001f684   _hEdmaRcvRelPing
0001f688   _hEdmaRcvRelPong
0001f68c   _hEdmaXmt
0001f690   _hEdmaXmtRelPing
0001f694   _hEdmaXmtRelPong
0001f67c   _hMcbsp_AIC23
0001f804   _hMcbsp_AIC23_Config
0001f744   _hMcbsp_Link
00007648   _main
0000a960   _memcpy
0000c5a0   _modf
0001f6c0   _num_f
000096a4   _read_buffer_audio_out
0001f6d4   _ringbuff_audio_out_read_i
0001f6d8   _ringbuff_audio_out_write_i
0001f7d0   _rtdxNullChanCnt
0001f7d4   _rtdxNullFuncCnt
0001ebd0   _rtdx_buffer_state
0001ebf0   _rtdx_mon_state
0001f6b0   _t_reg
000073f8   _tccAllocTable
0001f760   _tccBSPLinkRcvPing
0001f764   _tccBSPLinkRcvPong
0001f768   _tccBSPLinkXmtPing
0001f76c   _tccBSPLinkXmtPong
0001f698   _tccRcvPing
0001f69c   _tccRcvPong
0001f6a0   _tccXmtPing
0001f6a4   _tccXmtPong
0001f6a8   _time_cnt
00009788   _tsk_led_toggle
0000b8a0   _wait500nS
00009544   _write_decoding_buffer
00003918   _y_dec
00000250   _y_enc
ffffffff   binit
0001a160   cinit
00000000   edata
0001f808   end
0000cf20   etext
00000000   hwi0
00000020   hwi1
00000140   hwi10
00000160   hwi11
00000180   hwi12
000001a0   hwi13
000001c0   hwi14
000001e0   hwi15
00000040   hwi2
00000060   hwi3
00000080   hwi4
000000a0   hwi5
000000c0   hwi6
000000e0   hwi7
00000100   hwi8
00000120   hwi9
0001d3f4   pinit


GLOBAL SYMBOLS: SORTED BY Symbol Address 

address    name
--------   ----
00000000   .data
00000000   BUF$
00000000   CLK_COUNTSPMSHIGH
00000000   CLK_PRDHIGH
00000000   CLK_TDDR
00000000   CLK_TDDRHIGH
00000000   CLK_TIMERNUM
00000000   DEV$
00000000   DGN$
00000000   DHL$
00000000   DHL_gChannelsAvailable
00000000   DIO$
00000000   DIO_NUMSWIBASE
00000000   DIO_NUMTSKBASE
00000000   DIO_STATIC
00000000   DPI$
00000000   GBL_BIGENDIAN
00000000   GBL_C641XL2PRIORITY
00000000   GBL_CACHE
00000000   GBL_L2CONFIGALLOC
00000000   GBL_L2MARMASK1
00000000   GBL_L2MARMASK2
00000000   GBL_L2MARMASK3
00000000   GBL_L2MARMASK4
00000000   GBL_L2MARMASK5
00000000   GBL_L2MODE
00000000   GBL_L2PRIORITY
00000000   GBL_NULL
00000000   GBL_PROCID
00000000   GBL_ROM
00000000   GBL_SUPPORTCSL
00000000   GIO$
00000000   HOOK$
00000000   HOOK_KNLID
00000000   HST_DSM
00000000   HST_NONE
00000000   HWI_A_VECS
00000000   HWI_GENERATE_RESET_VEC
00000000   HWI_INT10$hwi
00000000   HWI_INT11$hwi
00000000   HWI_INT12$hwi
00000000   HWI_INT13$hwi
00000000   HWI_INT14$hwi
00000000   HWI_INT15$hwi
00000000   HWI_INT4$hwi
00000000   HWI_INT5$hwi
00000000   HWI_INT6$hwi
00000000   HWI_INT7$hwi
00000000   HWI_INT8$hwi
00000000   HWI_INT9$hwi
00000000   HWI_NMI$hwi
00000000   HWI_POLARITYMASK
00000000   HWI_RESERVED0$hwi
00000000   HWI_RESERVED1$hwi
00000000   HWI_RESET
00000000   HWI_RESET$hwi
00000000   IDL_busyObj$iB
00000000   IDL_busyObj$operation
00000000   KNL_swi$pri
00000000   KNL_swi$sts$unittype
00000000   KNL_swi$swi
00000000   LOG_system$datatype
00000000   LOG_system$log
00000000   MBX$
00000000   MEM_NULL
00000000   MEM_USEMPC
00000000   MSGQ$
00000000   MSGQ_USEMSGQ
00000000   OBJ$
00000000   PIP$
00000000   PIP_gNextId
00000000   POOL$
00000000   POOL_USEPOOL
00000000   PRD_Sek$mode
00000000   PRD_Sek$prd
00000000   PRD_Sek$sts$filter
00000000   PRD_swi$sts$unittype
00000000   PRD_swi$swi
00000000   RTA_fromHost$hst
00000000   RTA_fromHost$mode
00000000   RTA_toHost$hst
00000000   RTA_toHost$id
00000000   RTDX_MODE
00000000   RTDX_USERTEXECUTION
00000000   SIO$
00000000   SWI_ADC_In_Ping$sts$unittype
00000000   SWI_ADC_In_Ping$swi
00000000   SWI_ADC_In_Pong$sts$unittype
00000000   SWI_ADC_In_Pong$swi
00000000   SWI_ADC_Out_Ping$sts$unittype
00000000   SWI_ADC_Out_Ping$swi
00000000   SWI_ADC_Out_Pong$sts$unittype
00000000   SWI_ADC_Out_Pong$swi
00000000   SWI_BSPLink_In_Ping$sts$unittype
00000000   SWI_BSPLink_In_Ping$swi
00000000   SWI_BSPLink_In_Pong$sts$unittype
00000000   SWI_BSPLink_In_Pong$swi
00000000   SWI_BSPLink_Out_Ping$sts$unittype
00000000   SWI_BSPLink_Out_Ping$swi
00000000   SWI_BSPLink_Out_Pong$sts$unittype
00000000   SWI_BSPLink_Out_Pong$swi
00000000   SWI_Decode_Buffer$sts$unittype
00000000   SWI_Decode_Buffer$swi
00000000   SWI_EHOOKFXN
00000000   SWI_IHOOKFXN
00000000   TSK_LEDTOGGLE$sts$unittype
00000000   TSK_LEDTOGGLE$tsk
00000000   TSK_NUM_HOOKS
00000000   TSK_READYFXN
00000000   TSK_STACKSEG
00000000   TSK_SWITCHFXN
00000000   TSK_idle$pri
00000000   TSK_idle$sts$unittype
00000000   TSK_idle$tsk
00000000   UDEV$
00000000   _CLK_TDDR
00000000   _CLK_TIMERNUM
00000000   _GBL_CACHE
00000000   _HWI_RESET
00000000   _RTDX_interrupt_mask
00000000   ___data__
00000000   ___edata__
00000000   edata
00000000   hwi0
00000001   BUF_ENABLED
00000001   CLK$
00000001   CLK_CALDIV
00000001   CLK_HTIMEDIV
00000001   CLK_LTIMEDIV
00000001   CLK_USETIMER
00000001   GBL$
00000001   GBL_CALLCSLCFGINIT
00000001   GBL_ENABLEINST
00000001   GBL_L2CONFIGURE
00000001   GBL_L2MARMASK
00000001   GBL_USERINIT
00000001   GBL_boot
00000001   HST$
00000001   HST_RTDX
00000001   HWI$
00000001   HWI_NMI
00000001   HWI_ZEROTAB
00000001   IDL$
00000001   IDL_USECLKIDLTIME
00000001   IDL_busyObj$filter
00000001   IDL_busyObj$iA
00000001   IDL_busyObj$iC
00000001   ISRC$
00000001   KNL_swi$dorta
00000001   KNL_swi$sts$filtmaxmult
00000001   KNL_swi$sts$filtsummult
00000001   LCK$
00000001   LOG$
00000001   LOG_A_TABLEN
00000001   LOG_ENABLED
00000001   MEM$
00000001   MEM_gNumHeap
00000001   PRD$
00000001   PRD_A_TABLEN
00000001   PRD_Sek$ord
00000001   PRD_swi$dorta
00000001   PRD_swi$ord
00000001   PRD_swi$pri
00000001   PRD_swi$sts$filtmaxmult
00000001   PRD_swi$sts$filtsummult
00000001   QUE$
00000001   RTA_fromHost$id
00000001   RTA_toHost$mode
00000001   RTDX$
00000001   RTDX_NORMALIZED_HDR
00000001   RTDX_USERTDX
00000001   SEM$
00000001   STS$
00000001   SWI$
00000001   SWI_ADC_In_Ping$dorta
00000001   SWI_ADC_In_Ping$sts$filtmaxmult
00000001   SWI_ADC_In_Ping$sts$filtsummult
00000001   SWI_ADC_In_Pong$dorta
00000001   SWI_ADC_In_Pong$sts$filtmaxmult
00000001   SWI_ADC_In_Pong$sts$filtsummult
00000001   SWI_ADC_Out_Ping$dorta
00000001   SWI_ADC_Out_Ping$sts$filtmaxmult
00000001   SWI_ADC_Out_Ping$sts$filtsummult
00000001   SWI_ADC_Out_Pong$dorta
00000001   SWI_ADC_Out_Pong$sts$filtmaxmult
00000001   SWI_ADC_Out_Pong$sts$filtsummult
00000001   SWI_BSPLink_In_Ping$dorta
00000001   SWI_BSPLink_In_Ping$sts$filtmaxmult
00000001   SWI_BSPLink_In_Ping$sts$filtsummult
00000001   SWI_BSPLink_In_Pong$dorta
00000001   SWI_BSPLink_In_Pong$sts$filtmaxmult
00000001   SWI_BSPLink_In_Pong$sts$filtsummult
00000001   SWI_BSPLink_Out_Ping$dorta
00000001   SWI_BSPLink_Out_Ping$sts$filtmaxmult
00000001   SWI_BSPLink_Out_Ping$sts$filtsummult
00000001   SWI_BSPLink_Out_Pong$dorta
00000001   SWI_BSPLink_Out_Pong$sts$filtmaxmult
00000001   SWI_BSPLink_Out_Pong$sts$filtsummult
00000001   SWI_Decode_Buffer$dorta
00000001   SWI_Decode_Buffer$pri
00000001   SWI_Decode_Buffer$sts$filtmaxmult
00000001   SWI_Decode_Buffer$sts$filtsummult
00000001   SYS$
00000001   TSK$
00000001   TSK_LEDTOGGLE$sts$filtmaxmult
00000001   TSK_LEDTOGGLE$sts$filtsummult
00000001   TSK_PRIORITY
00000001   TSK_idle$ord
00000001   TSK_idle$sts$filtmaxmult
00000001   TSK_idle$sts$filtsummult
00000001   _CLK_USETIMER
00000001   _HWI_NMI
00000001   _LOG_A_TABLEN
00000002   HWI_RESERVED0
00000002   IDL_busyObj$unittype
00000002   KNL_swi$ord
00000002   KNL_swi$sts$filter
00000002   PIP_A_TABLEN
00000002   PIP_gNumEmbed
00000002   PRD_Sek$sts$unittype
00000002   PRD_swi$sts$filter
00000002   SWI_ADC_In_Ping$pri
00000002   SWI_ADC_In_Ping$sts$filter
00000002   SWI_ADC_In_Pong$pri
00000002   SWI_ADC_In_Pong$sts$filter
00000002   SWI_ADC_Out_Ping$pri
00000002   SWI_ADC_Out_Ping$sts$filter
00000002   SWI_ADC_Out_Pong$pri
00000002   SWI_ADC_Out_Pong$sts$filter
00000002   SWI_BSPLink_In_Ping$sts$filter
00000002   SWI_BSPLink_In_Pong$sts$filter
00000002   SWI_BSPLink_Out_Ping$pri
00000002   SWI_BSPLink_Out_Ping$sts$filter
00000002   SWI_BSPLink_Out_Pong$pri
00000002   SWI_BSPLink_Out_Pong$sts$filter
00000002   SWI_Decode_Buffer$sts$filter
00000002   TSK_LEDTOGGLE$pri
00000002   TSK_LEDTOGGLE$sts$filter
00000002   TSK_idle$sts$filter
00000002   _HWI_RESERVED0
00000002   _RTDX_JTAGONLY
00000003   HWI_RESERVED1
00000003   SWI_BSPLink_In_Ping$ord
00000003   SWI_BSPLink_In_Ping$pri
00000003   SWI_BSPLink_In_Pong$pri
00000003   TSK_LEDTOGGLE$ord
00000003   _HWI_RESERVED1
00000004   CLK_CALMULT
00000004   CLK_HTIMEMULT
00000004   HWI_INT4
00000004   RTA_fromHost$framesize
00000004   SWI_BSPLink_In_Pong$ord
00000004   _HWI_INT4
00000005   HWI_INT5
00000005   SWI_ADC_Out_Ping$ord
00000005   _HWI_INT5
00000006   HWI_INT6
00000006   IDL_CALIBRERROR
00000006   SWI_ADC_Out_Pong$ord
00000006   _HWI_INT6
00000007   HWI_INT7
00000007   SWI_ADC_In_Ping$ord
00000007   _HWI_INT7
00000008   HWI_INT8
00000008   PRD_SCALAR
00000008   SWI_ADC_In_Pong$ord
00000008   _HWI_INT8
00000009   HWI_INT9
00000009   SWI_BSPLink_Out_Ping$ord
00000009   _HWI_INT9
0000000a   HWI_INT10
0000000a   SWI_BSPLink_Out_Pong$ord
0000000a   _HWI_INT10
0000000b   HWI_INT11
0000000b   SWI_A_TABLEN
0000000b   SWI_Decode_Buffer$ord
0000000b   _HWI_INT11
0000000c   HWI_INT12
0000000c   _HWI_INT12
0000000d   HWI_INT13
0000000d   _HWI_INT13
0000000e   HWI_INT14
0000000e   _HWI_INT14
0000000f   HWI_INT15
0000000f   _HWI_INT15
00000020   CLK_TCR
00000020   hwi1
0000003e   GBL_DSPTYPE
00000040   HST_MAXFRAMESET
00000040   LOG_system$size
00000040   RTA_toHost$framesize
00000040   hwi2
00000042   GBL_FOOTPRINT
00000060   hwi3
00000064   PIP_OBJSIZE
00000080   hwi4
000000a0   hwi5
000000c0   hwi6
000000e0   hwi7
000000ff   HST_MAXFRAMEALLOWED
00000100   hwi8
00000120   hwi9
00000140   hwi10
00000160   hwi11
00000180   hwi12
000001a0   hwi13
000001c0   hwi14
000001e0   hwi15
00000200   _datainterface_config
00000220   _configEDMARcv
00000238   _configEDMAXmt
00000250   _y_enc
00000268   _e_enc
000003e8   CLK_MICROSECS
000003e8   PRD_Sek$period
00000400   HST_DSMMEMSIZE
00000400   TSK_STACKSIZE
00000408   RTDX_BUFMEMSIZE
00001770   GBL_CLKTYPE
00001a39   GBL_DSPSUBTYPE
00001dc0   _b_enc
00002226   GBL_L2ALLOC
00003918   _y_dec
00003930   _e_dec
00004000   CLK_INTBIT
00004000   __STACK_SIZE
00004e20   GBL_CLKIN
00005205   GBL_A_VERSION
00005308   HWI_CFGDISPATCHED
00005308   _HWI_CFGDISPATCHED
00005488   _b_dec
00006fe0   ___atexit_func_id__
00007190   __IRQ_eventTable
00007214   __IRQ_intTable
00007254   __IRQ_dispatchTable
0000725c   _KNL_queues
000072fc   _KNL_dummy
00007334   _TSK_ATTRS
00007350   _TSK_config
00007370   _TSK_timerSem
00007390   _OBJ_table
000073c8   _OBJ_segtab
000073f8   _tccAllocTable
00007438   __TSK_mutex
00007460   __MEM_mutex
00007488   _BSPLink_interface_config
000074a8   _configEDMABSPLinkRcv
000074c0   _configEDMABSPLinkXmt
00007508   __MCBSP_hDev0
0000750c   __MCBSP_hDev1
0000756c   __TIMER_deviceTable
00007584   __TIMER_hDev0
00007588   __TIMER_hDev1
0000758c   __TIMER_hBios
00007590   _SYS_exitStack
000075cc   __cleanup_ptr
000075d0   __dtors_ptr
000075d4   ___TI_enable_exit_profile_output
000075d8   __lock
000075dc   __unlock
000075e0   _dtors
000075e4   _DSK6713_version
000075e8   LOG_A_TABBEG
000075e8   LOG_system
000075e8   _LOG_A_TABBEG
000075e8   _LOG_system
00007600   .text
00007600   LOG_A_TABEND
00007600   _LOG_A_TABEND
00007600   ___text__
00007648   _main
00007848   _config_AIC23_EDMA
00007df0   _config_interrupts
00007e84   _EDMA_ISR
00008000   SDRAM$L
00008000   _SDRAM_length
000082b8   _ADC_Out_Ping
000082e4   _ADC_Out_Pong
00008310   _ADC_In_Ping
0000833c   _ADC_In_Pong
00008368   _BSPLink_In_Ping
00008394   _BSPLink_In_Pong
000083c0   _BSPLink_Out_Ping
0000846c   _BSPLink_Out_Pong
00008518   _decode_buffer
00008af4   _encode_audio_data
000093f8   _framing_link_data
00009544   _write_decoding_buffer
000096a4   _read_buffer_audio_out
0000975c   _SWI_LEDToggle
00009788   _tsk_led_toggle
00009860   _config_BSPLink
000099d8   _config_BSPLink_EDMA
00009fac   _DSK6713_init
0000a2c8   _DSK6713_rget
0000a2dc   _DSK6713_rset
0000a2f0   _DSK6713_wait
0000a348   _DSK6713_waitusec
0000a374   _DSK6713_getVersion
0000a3e0   __divf
0000a6e0   _EDMA_open
0000a960   _memcpy
0000aba0   _Config_DSK6713_AIC23
0000ade0   __CSL_init
0000b000   _DSK6713_LED_init
0000b040   _DSK6713_LED_off
0000b0b0   _DSK6713_LED_on
0000b120   _DSK6713_LED_toggle
0000b1e0   _IRQ_map
0000b560   _EDMA_allocTable
0000b700   _MCBSP_reset
0000b8a0   _wait500nS
0000b8c8   GBL_USERINITFXN
0000b8c8   _GBL_setPLLto225MHz
0000ba20   _call_dtors
0000bb80   _EDMA_reset
0000bcc0   _TIMER_open
0000be00   _TIMER_reset
0000bf20   _EDMA_intAlloc
0000c020   _MCBSP_open
0000c120   _MCBSP_start
0000c220   _EDMA_config
0000c300   __nround
0000c3e0   __strasg
0000c4c0   _atexit
0000c5a0   _modf
0000c740   _MCBSP_close
0000c7e0   _MCBSP_config
0000c880   __IRQ_init
0000c920   __fltlif
0000ca60   _DSK6713_DIP_init
0000ca68   _DSK6713_DIP_get
0000cae0   _EDMA_disableChannel
0000cb40   _EDMA_enableChannel
0000cba0   _EDMA_intEnable
0000cc00   _EDMA_qdmaConfig
0000cc60   __fltulf
0000ccc0   _EDMA_link
0000cd00   _IRQ_enable
0000cd40   ___add_dtor
0000cd80   _CSL6713_LIB_
0000cda0   _EDMA_intClear
0000cdc0   _EDMA_intTest
0000cde0   _IRQ_clear
0000ce00   _IRQ_globalEnable
0000ce20   _MCBSP_getRcvAddr
0000ce40   _MCBSP_getXmtAddr
0000ce60   _MCBSP_write
0000ce80   _MCBSP_xrdy
0000cea0   __nop
0000cec0   __register_lock
0000cee0   __register_unlock
0000cf00   __IRQ_hookFetchPacket
0000cf20   _AIC_Buffer_in_ping
0000cf20   ___etext__
0000cf20   etext
0000d6f0   _AIC_Buffer_in_pong
0000dbba   CLK_COUNTSPMS
0000dbba   CLK_HTIMEPERLTIME
0000dbba   CLK_PRD
0000dbba   _CLK_COUNTSPMS
0000dbba   _CLK_PRD
0000dbef   GBL_TRCMASKVALUE
0000dec0   _AIC_Buffer_out_ping
0000e690   _AIC_Buffer_out_pong
0000ee60   _Ringbuffer_Audio_out
000105d0   _Decoding_Buffer
000109b8   _Encoding_Buffer
00010da0   _BSPLinkBuffer_in_ping
000111ec   _BSPLinkBuffer_in_pong
00011638   _BSPLinkBuffer_out_ping
00011a84   _BSPLinkBuffer_out_pong
00011ed0   RTA_fromHost$buf
00011ee0   LNK_F_checkBufferCall
00011f00   LNK_F_getChanPtr
00011f58   LNK_F_init
00011f60   LNK_F_dataPump
00011f74   LNK_rcloop
00012040   LNK_rdrtry
00012050   LNK_rrloop
00012114   LNK_wrrtry
00012124   LNK_wrloop
00012200   LNK_newin
00012340   LNK_newout
000124a4   LNK_F_readCallBack
00012914   __GBL_setL2CacheMode
00012ac0   SWI_F_enable
00012ac0   __SWI_lat3beg
00012b2c   __SWI_lat3end
00012b30   SWI_F_post
00012b30   _SWI_post
00012c6c   __SWI_lat1beg
00012cdc   SWI_EXECFXN
00012cdc   SWI_F_exec
00012d08   SWI_F_iexec
00012d20   __SWI_lat1end
00012d24   __SWI_lat2beg
00012d94   __SWI_lat2end
00012d98   SWI_F_run
00012d98   SWI_RUNFXN
00013000   CLK_HOOKFXN
00013000   HWI_F_dispatch
00013000   _HWI_F_dispatch
00013000   __HWI_lat1beg
00013180   __HWI_lat1end
00013180   __HWI_lat2beg
000132ac   __HWI_lat2end2
000132dc   __HWI_lat3end2
00013320   __HWI_lat2end1
00013340   __HWI_lat3beg
00013440   __HWI_lat3end1
00013460   PRD_F_swi
00013720   PRD_F_tick
00013800   _KNL_run
00013ac0   RTA_F_getlog
00013b04   RTA_F_getsts
00013b4c   RTA_F_readblk
00013b6c   RTA_F_writeword
00013b78   RTA_F_resetmem
00013b78   __RTA_lat1beg
00013bb0   __RTA_lat1end
00013bb8   RTA_F_dispatch
00013c08   RTA_execute
00013d80   _SEM_pendEnterKnl
00014280   PRD_THOOKFXN
00014280   _KNL_tick
000142a0   PIP_F_take
00014334   PIP_F_give
00014334   PIP_F_probe
00014408   PIP_F_start
000144e0   __SEM_dopost
00014700   _TSK_setup
00014900   _KNL_saveIsrFrame
000149cc   _KNL_switch
00014a80   KNL_glue
00014ac0   CLK_F_getltime
00014ad4   CLK_F_isr
00014c34   CLK_F_itime
00014c34   _CLK_F_itime
00014c34   _CLK_itime
00014c50   __CLK_lat1beg
00014c7c   __CLK_lat1end
00014c80   _TSK_exit
00014e20   __auto_init
00015060   _TSK_startup
00015120   _KNL_check
00015170   __KNL_lat1beg
000151f8   _KNL_idle
000151f8   __KNL_lat1end
0001521c   _KNL_max
00015260   _GBL_cslCacheInit
00015340   _KNL_exit
00015394   _KNL_enter
00015420   _SEM_postEnterKnl
00015500   _SEM_post
00015500   _SEM_postBinary
000155e0   _CLK_measure
000156c0   _KNL_ipost
00015780   _KNL_post
00015840   _LCK_post
00015870   _LCK_pend
00015900   _SYS_exit
000159c0   CLK_F_getfhtime
000159e0   CLK_F_gethtime
000159e0   CLK_F_getshtime
000159e0   CLK_TIMEFXN
00015a80   FXN_F_nop
00015a88   FXN_F_run
00015a88   _FXN_F_run
00015ad8   FXN_F_zero
00015ad8   _FXN_F_zero
00015b00   IDL_F_busy
00015b00   __IDL_lat1beg
00015b50   __IDL_lat1end
00015b80   LOG_F_event
00015b80   _LOG_event
00015b80   __LOG_lat1beg
00015c00   STS_F_delta
00015c00   _STS_delta
00015c38   STS_F_add
00015c38   _STS_add
00015c64   STS_F_reset
00015c64   _STS_reset
00015c80   IDL_F_calibrate
00015d00   _HWI_disable
00015d18   _HWI_enable
00015d2c   _HWI_restore
00015d60   _SEM_pendBinary
00015dc0   _SEM_pend
00015e20   _SWI_disable
00015e48   _SWI_enable
00015e80   _SYS_abort
00015ee0   SYS_PUTCFXN
00015ee0   _UTL_doPutc
00015f40   _CLK_start
00015fa0   IDL_CALIBRFXN
00015fa0   IDL_F_stub
00015fe0   RTA_F_andn
00016000   RTA_F_or
00016020   SYS_ABORTFXN
00016020   _UTL_doAbort
00016060   _CLK_stop
000160a0   GIO_CREATEFXN
000160a0   GIO_DELETEFXN
000160a0   GIO_PENDFXN
000160a0   GIO_POSTFXN
000160a0   TSK_VCREATEFXN
000160a0   TSK_VDELETEFXN
000160a0   TSK_VEXITFXN
000160a0   _FXN_F_nop
000160c0   _GBL_getVersion
000160e0   IDL_F_loop
000160e0   _IDL_loop
00016100   _STS_set
00016120   SYS_ERRORFXN
00016120   _UTL_doError
00016140   SYS_EXITFXN
00016140   _UTL_halt
00016160   GBL_stackbeg
00016160   _HWI_STKTOP
00016160   __stack
0001a158   _HWI_STKBOTTOM
0001a15f   GBL_stackend
0001a160   __STACK_END
0001a160   ___cinit__
0001a160   cinit
0001d3e4   IDL_A_TABBEG
0001d3e4   IDL_cpuLoad
0001d3e4   _IDL_cpuLoad
0001d3e8   LNK_dataPump
0001d3e8   _LNK_dataPump
0001d3ec   RTA_dispatcher
0001d3ec   _RTA_dispatcher
0001d3f0   IDL_END
0001d3f4   ___pinit__
0001d3f4   pinit
0001d400   _RTDX_Poll
0001d800   _RTDX_Buffer_WriteCB
0001de40   _RTDX_Mon_Queue
0001e060   _RTDX_Init_RT_Monitor
0001e0e0   _RTDX_Buffer_Initialize
0001e140   _RTDX_Buffer_ReadCB
0001e1a0   _RTDX_Buffer_Size
0001e1e0   _RTDX_Final_RT_Monitor
0001e220   _RTDX_Buffer_Read
0001e240   _RTDX_Buffer_Write
0001e280   _RTDX_Mask_IER
0001e2a0   BIOS_init
0001e2a0   _BIOS_init
0001e41c   BIOS$$CLKON
0001e45c   BIOS$$CLKOFF
0001e4c4   BIOS_start
0001e4c4   _BIOS_start
0001e580   _MEM_init
0001e660   _c_int00
0001e720   _TSK_init
0001e7a0   _OBJ_init
0001e7c0   _RTDX_Buffer
0001ebc8   _RTDX_Buffer_Start
0001ebcc   _RTDX_Buffer_End
0001ebd0   _rtdx_buffer_state
0001ebdc   _RTDX_writing
0001ebf0   _rtdx_mon_state
0001ec10   TSK_LEDTOGGLE$stack
0001efa8   TSK_LEDTOGGLE$stkptr
0001f010   TSK_idle$stack
0001f3a8   TSK_idle$stkptr
0001f410   $bss
0001f410   .bss
0001f410   _HWI_dispatchTab
0001f410   ___bss__
0001f510   IDL_D_tabbeg
0001f514   IDL_D_calibrate
0001f518   IDL_D_calbeg
0001f51c   LOG_D_system
0001f51c   _LOG_D_system
0001f520   PIP_D_tabbeg
0001f524   PIP_D_tablen
0001f528   CLK_R_time
0001f52c   CLK_D_timefxn
0001f530   CLK_D_tabbeg
0001f534   CLK_D_isrhook
0001f538   CLK_D_idletime
0001f53c   _CLK_htimeDiv
0001f540   _CLK_htimeMult
0001f544   _CLK_ltimeDiv
0001f548   _CLK_ltimeMult
0001f54c   _CLK_D_dirty
0001f550   _CLK_D_prd
0001f554   _CLK_D_tddr
0001f558   _CLK_D_countspms
0001f55c   PRD_D_tick
0001f55c   _PRD_D_tick
0001f560   PRD_D_cur
0001f564   PRD_D_elapsed
0001f568   PRD_D_prevtim
0001f56c   PRD_D_scalar
0001f570   PRD_D_swihandle
0001f574   PRD_D_tabbeg
0001f578   PRD_D_tablen
0001f57c   PRD_D_thook
0001f580   RTA_D_fromHost
0001f584   RTA_D_toHost
0001f588   RTA_D_logval
0001f598   RTA_D_stsval
0001f5a4   HST_D_chanmask
0001f5a8   HST_D_tabbeg
0001f5ac   HST_D_tabend
0001f5b0   _GBL_procId
0001f5b4   _GBL_clkIn
0001f5b8   _GBL_freq
0001f5bc   _MEM_D_NUMSEGMENTS
0001f5c0   _MEM_D_memtab
0001f5c4   _MEM_D_freelist
0001f5c8   _MEM_D_lockaddr
0001f5cc   _MEM_D_unlockaddr
0001f5d0   _SYS
0001f5d4   __HOOK_knlId
0001f5d8   __HOOK_NUMHOOKS
0001f5dc   SWI_D_runaddr
0001f5dc   _SWI_D_runaddr
0001f5dc   _SWI_data
0001f5e0   SWI_D_execaddr
0001f5e0   _SWI_D_execaddr
0001f5e4   SWI_D_curmask
0001f5e4   _SWI_D_curmask
0001f5e8   SWI_D_curset
0001f5e8   _SWI_D_curset
0001f5ec   SWI_D_lock
0001f5ec   _SWI_D_lock
0001f5f0   SWI_D_curmbox
0001f5f4   SWI_D_curfxn
0001f5f4   _SWI_D_curfxn
0001f5f8   SWI_D_rdybeg
0001f5f8   _SWI_D_rdybeg
0001f5fc   SWI_D_inswi
0001f5fc   _SWI_D_inswi
0001f600   SWI_D_rdytab
0001f678   _debug_buff_i
0001f67c   _hMcbsp_AIC23
0001f680   _hEdmaRcv
0001f684   _hEdmaRcvRelPing
0001f688   _hEdmaRcvRelPong
0001f68c   _hEdmaXmt
0001f690   _hEdmaXmtRelPing
0001f694   _hEdmaXmtRelPong
0001f698   _tccRcvPing
0001f69c   _tccRcvPong
0001f6a0   _tccXmtPing
0001f6a4   _tccXmtPong
0001f6a8   _time_cnt
0001f6ac   _configComplete
0001f6b0   _t_reg
0001f6b4   _ENCODER
0001f6b8   _DECODER
0001f6bc   _den_f
0001f6c0   _num_f
0001f6c4   _Encoding_Buffer_i
0001f6c8   _encoding_buff_valid
0001f6cc   _Decoding_Buffer_i
0001f6d0   _decoding_buff_valid
0001f6d1   _dataDetected
0001f6d4   _ringbuff_audio_out_read_i
0001f6d8   _ringbuff_audio_out_write_i
0001f6fc   _KNL_wFlag
0001f700   _KNL_wList
0001f704   _KNL_alarm
0001f708   _KNL_setpri
0001f70c   _KNL_inactive
0001f710   _KNL_priority
0001f714   _KNL_set
0001f718   _KNL_curtask
0001f71c   _KNL_prevtask
0001f720   _KNL_curtime
0001f724   _KNL_swiptr
0001f728   _KNL_curqueue
0001f72c   _KNL_maxqueue
0001f730   _KNL_tswitchfxn
0001f734   _KNL_tcreatefxn
0001f738   _KNL_tdeletefxn
0001f73c   _KNL_treadyfxn
0001f740   _KNL_idlefxn
0001f744   _hMcbsp_Link
0001f748   _hEdmaBSPLinkRcv
0001f74c   _hEdmaBSPLinkRcvRelPing
0001f750   _hEdmaBSPLinkRcvRelPong
0001f754   _hEdmaBSPLinkXmt
0001f758   _hEdmaBSPLinkXmtRelPing
0001f75c   _hEdmaBSPLinkXmtRelPong
0001f760   _tccBSPLinkRcvPing
0001f764   _tccBSPLinkRcvPong
0001f768   _tccBSPLinkXmtPing
0001f76c   _tccBSPLinkXmtPong
0001f770   _MEM_memtab
0001f77c   MEM_MALLOCSEG
0001f77c   MEM_SEGZERO
0001f77c   SDRAM
0001f77c   _SDRAM
0001f780   RTA_fromHost$pipe$dtab
0001f78c   RTA_toHost$pipe$dtab
0001f798   HWI_D_spsave
0001f798   _HWI_D_spsave
0001f798   _HWI_data
0001f7a4   _HWI_D_inhwi
0001f7a8   HWI_D_bss
0001f7ac   HWI_D_ccmask
0001f7b0   LNK_dspFrameRequestMask
0001f7b0   _LNK_dspFrameRequestMask
0001f7b4   LNK_dspFrameReadyMask
0001f7b4   _LNK_dspFrameReadyMask
0001f7b8   LNK_readPend
0001f7b8   _LNK_readPend
0001f7bc   LNK_readDone
0001f7bc   _LNK_readDone
0001f7c0   LNK_readFail
0001f7c0   _LNK_readFail
0001f7c4   LNK_writeFail
0001f7c4   _LNK_writeFail
0001f7d0   _rtdxNullChanCnt
0001f7d4   _rtdxNullFuncCnt
0001f7d8   _TSK_nTasks
0001f7dc   _TSK_pid
0001f7e0   _TSK
0001f7e4   _CLK_DFLTMICROSECS
0001f7e8   _CLK_D_microseconds
0001f7ec   _SYS_exitStackPtr
0001f7f0   _SYS_exitStackTop
0001f7f4   _CLK_htimePerLtime
0001f7fc   IDL_D_busyObj
0001f800   _MEM
0001f804   _hMcbsp_AIC23_Config
0001f808   _SYS_PUTCBEG
0001f808   ___end__
0001f808   end
0001fa07   _SYS_PUTCEND
0001fa08   PRD_SWIHANDLE
0001fa08   PRD_swi
0001fa08   SWI_A_TABBEG
0001fa08   _PRD_swi
0001fa34   KNL_swi
0001fa34   _KNL_swi
0001fa60   SWI_BSPLink_In_Ping
0001fa60   _SWI_BSPLink_In_Ping
0001fa8c   SWI_BSPLink_In_Pong
0001fa8c   _SWI_BSPLink_In_Pong
0001fab8   SWI_ADC_Out_Ping
0001fab8   _SWI_ADC_Out_Ping
0001fae4   SWI_ADC_Out_Pong
0001fae4   _SWI_ADC_Out_Pong
0001fb10   SWI_ADC_In_Ping
0001fb10   _SWI_ADC_In_Ping
0001fb3c   SWI_ADC_In_Pong
0001fb3c   _SWI_ADC_In_Pong
0001fb68   SWI_BSPLink_Out_Ping
0001fb68   _SWI_BSPLink_Out_Ping
0001fb94   SWI_BSPLink_Out_Pong
0001fb94   _SWI_BSPLink_Out_Pong
0001fbc0   SWI_Decode_Buffer
0001fbc0   _SWI_Decode_Buffer
0001fbec   IDL_A_CALBEG
0001fbec   IDL_cpuLoad$
0001fbec   SWI_A_TABEND
0001fbf0   LNK_dataPump$
0001fbf4   RTA_dispatcher$
0001fbf8   IDL_END$
0001fc00   LOG_system$buf
0001fd00   RTA_toHost$buf
0001fe00   PRD_Sek$sts$stsobj
0001fe00   STS_A_TABBEG
0001fe00   _STS_A_TABBEG
0001fe04   PRD_Sek$sts
0001fe10   PRD_swi$sts$stsobj
0001fe14   PRD_swi$sts
0001fe20   KNL_swi$sts$stsobj
0001fe24   KNL_swi$sts
0001fe30   SWI_BSPLink_In_Ping$sts$stsobj
0001fe34   SWI_BSPLink_In_Ping$sts
0001fe40   SWI_BSPLink_In_Pong$sts$stsobj
0001fe44   SWI_BSPLink_In_Pong$sts
0001fe50   SWI_ADC_Out_Ping$sts$stsobj
0001fe54   SWI_ADC_Out_Ping$sts
0001fe60   SWI_ADC_Out_Pong$sts$stsobj
0001fe64   SWI_ADC_Out_Pong$sts
0001fe70   SWI_ADC_In_Ping$sts$stsobj
0001fe74   SWI_ADC_In_Ping$sts
0001fe80   SWI_ADC_In_Pong$sts$stsobj
0001fe84   SWI_ADC_In_Pong$sts
0001fe90   SWI_BSPLink_Out_Ping$sts$stsobj
0001fe94   SWI_BSPLink_Out_Ping$sts
0001fea0   SWI_BSPLink_Out_Pong$sts$stsobj
0001fea4   SWI_BSPLink_Out_Pong$sts
0001feb0   SWI_Decode_Buffer$sts$stsobj
0001feb4   SWI_Decode_Buffer$sts
0001fec0   TSK_idle$sts$stsobj
0001fec4   TSK_idle$sts
0001fed0   TSK_LEDTOGGLE$sts$stsobj
0001fed4   TSK_LEDTOGGLE$sts
0001fee0   IDL_busyObj$stsobj
0001fee4   IDL_busyObj
0001fee4   _IDL_busyObj
0001fef0   PIP_A_TABBEG
0001fef0   RTA_fromHost$pipe
0001fef0   STS_A_TABEND
0001fef0   _PIP_A_TABBEG
0001fef0   _STS_A_TABEND
0001fef4   RTA_fromHost$pipe$rd
0001ff20   RTA_fromHost$pipe$aaa
0001ff24   RTA_fromHost$pipe$wr
0001ff50   RTA_fromHost$pipe$bbb
0001ff54   RTA_toHost$pipe
0001ff58   RTA_toHost$pipe$rd
0001ff84   RTA_toHost$pipe$aaa
0001ff88   RTA_toHost$pipe$wr
0001ffb4   RTA_toHost$pipe$bbb
0001ffb8   PIP_A_TABEND
0001ffb8   _PIP_A_TABEND
0001ffc4   TSK_idle
0001ffc4   _TSK_idle
00020024   TSK_LEDTOGGLE
00020024   _TSK_LEDTOGGLE
0002012d   PRD_Sek$sts$maxfmt
00020136   PRD_Sek$sts$sumfmt
0002013f   PRD_Sek$sts$avgfmt
0002014a   PRD_swi$sts$maxfmt
00020152   PRD_swi$sts$sumfmt
0002015a   PRD_swi$sts$avgfmt
00020164   KNL_swi$sts$maxfmt
0002016c   KNL_swi$sts$sumfmt
00020174   KNL_swi$sts$avgfmt
0002017c   HST_A_TABBEG
0002017c   _HST_A_TABBEG
0002017e   SWI_BSPLink_In_Ping$sts$maxfmt
00020180   RTA_fromHost
00020180   _RTA_fromHost
00020186   SWI_BSPLink_In_Ping$sts$sumfmt
00020188   RTA_fromHost$rtdx
0002018e   SWI_BSPLink_In_Ping$sts$avgfmt
00020198   SWI_BSPLink_In_Pong$sts$maxfmt
0002019c   RTA_toHost
0002019c   _RTA_toHost
000201a0   SWI_BSPLink_In_Pong$sts$sumfmt
000201a4   RTA_toHost$rtdx
000201a8   SWI_BSPLink_In_Pong$sts$avgfmt
000201b2   SWI_ADC_Out_Ping$sts$maxfmt
000201b8   HST_A_TABEND
000201b8   _HST_A_TABEND
000201ba   SWI_ADC_Out_Ping$sts$sumfmt
000201c2   SWI_ADC_Out_Ping$sts$avgfmt
000201c4   SEM_LEDToggle
000201c4   _SEM_LEDToggle
000201cc   SWI_ADC_Out_Pong$sts$maxfmt
000201d4   SWI_ADC_Out_Pong$sts$sumfmt
000201dc   SWI_ADC_Out_Pong$sts$avgfmt
000201e6   SWI_ADC_In_Ping$sts$maxfmt
000201ee   SWI_ADC_In_Ping$sts$sumfmt
000201f6   SWI_ADC_In_Ping$sts$avgfmt
00020200   SWI_ADC_In_Pong$sts$maxfmt
00020208   SWI_ADC_In_Pong$sts$sumfmt
0002020c   PRD_A_TABBEG
0002020c   PRD_Sek
0002020c   _PRD_Sek
00020210   SWI_ADC_In_Pong$sts$avgfmt
0002021a   SWI_BSPLink_Out_Ping$sts$maxfmt
00020222   SWI_BSPLink_Out_Ping$sts$sumfmt
00020228   PRD_Sek$aaa
0002022a   SWI_BSPLink_Out_Ping$sts$avgfmt
0002022c   PRD_A_TABEND
0002022c   SYS$config
00020234   SWI_BSPLink_Out_Pong$sts$maxfmt
0002023c   SWI_BSPLink_Out_Pong$sts$sumfmt
0002023c   TRC_cinit
00020240   TRC_R_mask
00020240   _TRC_R_mask
00020244   GBL_initdone
00020244   SWI_BSPLink_Out_Pong$sts$avgfmt
00020248   CLK_A_TABBEG
00020248   PRD_clock
00020248   _PRD_clock
0002024c   CLK_null
0002024e   SWI_Decode_Buffer$sts$maxfmt
00020256   SWI_Decode_Buffer$sts$sumfmt
0002025e   SWI_Decode_Buffer$sts$avgfmt
00020268   TSK_idle$sts$maxfmt
00020270   TSK_idle$sts$sumfmt
00020278   TSK_idle$sts$avgfmt
00020282   TSK_LEDTOGGLE$sts$maxfmt
0002028a   TSK_LEDTOGGLE$sts$sumfmt
00020292   TSK_LEDTOGGLE$sts$avgfmt
0002029c   IDL_busyObj$maxfmt
0002029f   IDL_busyObj$sumfmt
000202a2   IDL_busyObj$avgfmt
00036ee8   CLK_LTIMEMULT
00036ee8   GBL_FREQ
01940000   CLK_REGS
01940000   _CLK_REGS
082039a3   HWI_INTRMULTHIGH
250718a4   HWI_INTRMULTLOW
80000000   SDRAM$B
80000000   _SDRAM_base
80008000   _MySinus
800080dc   _MySound
ffffffff   HST_DSMBUFSEG
ffffffff   IRAM
ffffffff   RTDX_DATAMEMSEG
ffffffff   _IRAM
ffffffff   ___TI_pprof_out_hndl
ffffffff   ___TI_prof_data_size
ffffffff   ___TI_prof_data_start
ffffffff   ___binit__
ffffffff   ___c_args__
ffffffff   binit

[1011 symbols]
