******************************************************************************
               TMS320C6x Linker PC v7.4.14                     
******************************************************************************
>> Linked Wed Jul 06 14:34:41 2016

OUTPUT FILE NAME:   <my_dsp_project.out>
ENTRY POINT SYMBOL: "_c_int00"  address: 0001e700


MEMORY CONFIGURATION

         name            origin    length      used     unused   attr    fill
----------------------  --------  ---------  --------  --------  ----  --------
  IRAM                  00000000   00080000  000202ed  0005fd13  RWIX
  SDRAM                 80000000   00800000  000099de  007f6622  RWIX


SECTION ALLOCATION MAP

 output                                  attributes/
section   page    origin      length       input sections
--------  ----  ----------  ----------   ----------------
.data      0    00000000    00000000     UNINITIALIZED

.vers      0    00000000    00000044     COPY SECTION
                  00000000    00000044     my_dsp_projectcfg.obj (.vers)

.hwi_vec   0    00000000    00000200     
                  00000000    00000200     my_dsp_projectcfg.obj (.hwi_vec)

.far       0    00000200    000073e8     UNINITIALIZED
                  00000200    00006de0     skeleton.obj (.far)
                  00006fe0    00000188     rts6700.lib : atexit.obj (.far)
                  00007168    000000f4     csl6713.lib : csl_irq.obj (.far)
                  0000725c    000000d8     bios.a67 : knl.o67 (.far)
                  00007334    0000005c              : tsk.o67 (.far)
                  00007390    00000054              : obj_init.o67 (.far)
                  000073e4    00000054     csl6713.lib : csl_edma.obj (.far)
                  00007438    00000050     bios.a67 : tsk_stup.o67 (.far)
                  00007488    00000050     config_BSPLink.obj (.far)
                  000074d8    00000038     csl6713.lib : csl_mcbsp.obj (.far)
                  00007510    00000034     config_AIC23.obj (.far)
                  00007544    00000028     csl6713.lib : csl.obj (.far)
                  0000756c    00000024                 : csl_timer.obj (.far)
                  00007590    00000020     bios.a67 : sys.o67 (.far)
                  000075b0    00000010              : knl_tick.o67 (.far)
                  000075c0    0000000c              : utl_putc.o67 (.far)
                  000075cc    0000000c     rts6700.lib : exit.obj (.far)
                  000075d8    00000008                 : _lock.obj (.far)
                  000075e0    00000004                 : sinit.obj (.far)
                  000075e4    00000002     dsk6713bsl.lib : dsk6713.obj (.far)
                  000075e6    00000002                    : dsk6713_led.obj (.far)

.log       0    000075e8    00000018     
                  000075e8    00000018     my_dsp_projectcfg.obj (.log)

.text      0    00007600    000059c0     
                  00007600    00002300     skeleton.obj (.text)
                  00009900    00000700     config_BSPLink.obj (.text)
                  0000a000    00000480     dsk6713bsl.lib : dsk6713.obj (.text)
                  0000a480    00000300     rts6700.lib : divf.obj (.text:__divf)
                  0000a780    00000280     csl6713.lib : csl_edma.obj (.text:_EDMA_open)
                  0000aa00    00000240     rts6700.lib : memcpy62.obj (.text:_memcpy)
                  0000ac40    00000240     config_AIC23.obj (.text)
                  0000ae80    00000220     csl6713.lib : csl.obj (.text:__CSL_init)
                  0000b0a0    000001e0     dsk6713bsl.lib : dsk6713_led.obj (.text)
                  0000b280    000001c0     csl6713.lib : csl_irq.obj (.text:_IRQ_map)
                  0000b440    000001c0                 : csl_irq.obj (.text:_mux2Tables)
                  0000b600    000001a0                 : csl_edma.obj (.text:_EDMA_allocTable)
                  0000b7a0    000001a0                 : csl_mcbsp.obj (.text:_MCBSP_reset)
                  0000b940    00000180     bios.a67 : gbl_cslpllinit62.o67 (.text)
                  0000bac0    00000160     rts6700.lib : sinit.obj (.text:_call_dtors)
                  0000bc20    00000140     csl6713.lib : csl_edma.obj (.text:_EDMA_reset)
                  0000bd60    00000140                 : csl_timer.obj (.text:_TIMER_open)
                  0000bea0    00000120                 : csl_timer.obj (.text:_TIMER_reset)
                  0000bfc0    00000100                 : csl_edma.obj (.text:_EDMA_intAlloc)
                  0000c0c0    00000100                 : csl_mcbsp.obj (.text:_MCBSP_open)
                  0000c1c0    00000100                 : csl_mcbsp.obj (.text:_MCBSP_start)
                  0000c2c0    000000e0                 : csl_edma.obj (.text:_EDMA_config)
                  0000c3a0    000000e0     rts6700.lib : round.obj (.text:__nround)
                  0000c480    000000e0                 : strasg.obj (.text:__strasg)
                  0000c560    000000e0                 : atexit.obj (.text:_atexit)
                  0000c640    000000e0                 : modf.obj (.text:_modf)
                  0000c720    000000c0     bios.a67 : tsk_stup.o67 (.text)
                  0000c7e0    000000a0     csl6713.lib : csl_mcbsp.obj (.text:_MCBSP_close)
                  0000c880    000000a0                 : csl_mcbsp.obj (.text:_MCBSP_config)
                  0000c920    000000a0                 : csl_irq.obj (.text:__IRQ_init)
                  0000c9c0    000000a0     rts6700.lib : fltlif.obj (.text:__fltlif)
                  0000ca60    000000a0     csl6713.lib : csl_irq.obj (.text:_setMux)
                  0000cb00    00000080     dsk6713bsl.lib : dsk6713_dip.obj (.text)
                  0000cb80    00000060     csl6713.lib : csl_edma.obj (.text:_EDMA_disableChannel)
                  0000cbe0    00000060                 : csl_edma.obj (.text:_EDMA_enableChannel)
                  0000cc40    00000060                 : csl_edma.obj (.text:_EDMA_intEnable)
                  0000cca0    00000060                 : csl_edma.obj (.text:_EDMA_qdmaConfig)
                  0000cd00    00000060     rts6700.lib : fltulf.obj (.text:__fltulf)
                  0000cd60    00000040     csl6713.lib : csl_edma.obj (.text:_EDMA_link)
                  0000cda0    00000040                 : csl_irq.obj (.text:_IRQ_enable)
                  0000cde0    00000040     rts6700.lib : sinit.obj (.text:___add_dtor)
                  0000ce20    00000020     csl6713.lib : csl.obj (.text:_CSL6713_LIB_)
                  0000ce40    00000020                 : csl_edma.obj (.text:_EDMA_intClear)
                  0000ce60    00000020                 : csl_edma.obj (.text:_EDMA_intTest)
                  0000ce80    00000020                 : csl_irq.obj (.text:_IRQ_clear)
                  0000cea0    00000020                 : csl_irq.obj (.text:_IRQ_globalEnable)
                  0000cec0    00000020                 : csl_mcbsp.obj (.text:_MCBSP_getRcvAddr)
                  0000cee0    00000020                 : csl_mcbsp.obj (.text:_MCBSP_getXmtAddr)
                  0000cf00    00000020                 : csl_mcbsp.obj (.text:_MCBSP_write)
                  0000cf20    00000020                 : csl_mcbsp.obj (.text:_MCBSP_xrdy)
                  0000cf40    00000020     rts6700.lib : _lock.obj (.text:__nop)
                  0000cf60    00000020                 : _lock.obj (.text:__register_lock)
                  0000cf80    00000020                 : _lock.obj (.text:__register_unlock)
                  0000cfa0    00000020     csl6713.lib : csl_irq.obj (.text)

.datenpuffer 
*          0    0000cfc0    00004fb0     UNINITIALIZED
                  0000cfc0    00003e80     skeleton.obj (.datenpuffer)
                  00010e40    00001130     config_BSPLink.obj (.datenpuffer)

.hst1      0    00011f70    00000010     UNINITIALIZED
                  00011f70    00000010     my_dsp_projectcfg.obj (.hst1)

.bios      0    00011f80    00004280     
                  00011f80    00000600     lnkrtdx.a67 : rtdx.o67 (.bios)
                  00012580    000005e0     bios.a67 : gbl_setL2CacheMode.o67 (.bios)
                  00012b60    00000540              : swi.o67 (.bios)
                  000130a0    00000460              : hwi_disp_asm.o67 (.bios)
                  00013500    000003a0              : prd.o67 (.bios)
                  000138a0    000002c0              : knl_run.o67 (.bios)
                  00013b60    000002c0              : rta.o67 (.bios)
                  00013e20    000002c0              : sem_pend.o67 (.bios)
                  000140e0    00000260              : knl_tick.o67 (.bios)
                  00014340    00000240              : pip.o67 (.bios)
                  00014580    00000220              : sem_dopo.o67 (.bios)
                  000147a0    00000200              : tsk_setu.o67 (.bios)
                  000149a0    000001c0              : knl_swit.o67 (.bios)
                  00014b60    000001c0     biosC6000.a67 : clk.o67 (.bios)
                  00014d20    000001a0     bios.a67 : tsk_exit.o67 (.bios)
                  00014ec0    00000180              : autoinit.o67 (.bios)
                  00015040    00000180              : tsk_stup.o67 (.bios)
                  000151c0    00000140              : knl_chec.o67 (.bios)
                  00015300    000000e0              : gbl_cslcacheinit.o67 (.bios)
                  000153e0    000000e0              : knl_exit.o67 (.bios)
                  000154c0    000000e0              : sem_post.o67 (.bios)
                  000155a0    000000e0              : sem_post_asm.o67 (.bios)
                  00015680    000000e0     biosC6000.a67 : clk_meas.o67 (.bios)
                  00015760    000000c0     bios.a67 : knl_ipos.o67 (.bios)
                  00015820    000000c0              : knl_post.o67 (.bios)
                  000158e0    000000c0              : lck.o67 (.bios)
                  000159a0    000000c0              : sys_exit.o67 (.bios)
                  00015a60    000000c0     biosC6000.a67 : clk_htime.o67 (.bios)
                  00015b20    00000080     bios.a67 : fxn.o67 (.bios)
                  00015ba0    00000080              : idl_busy.o67 (.bios)
                  00015c20    00000080              : log.o67 (.bios)
                  00015ca0    00000080              : sts.o67 (.bios)
                  00015d20    00000080     biosC6000.a67 : idl_cal.o67 (.bios)
                  00015da0    00000060     bios.a67 : hwi_c.o67 (.bios)
                  00015e00    00000060              : sem_pend_binary.o67 (.bios)
                  00015e60    00000060              : sem_pend_counting.o67 (.bios)
                  00015ec0    00000060              : swi_disable.o67 (.bios)
                  00015f20    00000060              : sys_abor.o67 (.bios)
                  00015f80    00000060              : utl_putc.o67 (.bios)
                  00015fe0    00000060     biosC6000.a67 : clk_start.o67 (.bios)
                  00016040    00000040     bios.a67 : idl_stub.o67 (.bios)
                  00016080    00000040              : rta_andn.o67 (.bios)
                  000160c0    00000040              : utl_doab.o67 (.bios)
                  00016100    00000040     biosC6000.a67 : clk_stop.o67 (.bios)
                  00016140    00000020     bios.a67 : fxn_c.o67 (.bios)
                  00016160    00000020              : gbl_vers.o67 (.bios)
                  00016180    00000020              : idl.o67 (.bios)
                  000161a0    00000020              : sts_set.o67 (.bios)
                  000161c0    00000020              : utl_doer.o67 (.bios)
                  000161e0    00000020              : utl_halt.o67 (.bios)

.stack     0    00016200    00004000     UNINITIALIZED
                  00016200    00004000     --HOLE--

.cinit     0    0001a200    00003284     
                  0001a200    00001bfc     skeleton.obj (.cinit)
                  0001bdfc    00000004     --HOLE-- [fill = 0]
                  0001be00    00000b14     my_dsp_projectcfg.obj (.cinit)
                  0001c914    00000004     --HOLE-- [fill = 0]
                  0001c918    0000026c     bios.a67 : biosdata.o67 (.cinit)
                  0001cb84    00000004     --HOLE-- [fill = 0]
                  0001cb88    000001a4              : knl.o67 (.cinit)
                  0001cd2c    00000004     --HOLE-- [fill = 0]
                  0001cd30    0000012c     csl6713.lib : csl_irq.obj (.cinit)
                  0001ce5c    00000004     --HOLE-- [fill = 0]
                  0001ce60    000000b0     bios.a67 : swi.o67 (.cinit)
                  0001cf10    00000080              : tsk.o67 (.cinit)
                  0001cf90    00000078     config_BSPLink.obj (.cinit)
                  0001d008    00000070     csl6713.lib : csl_edma.obj (.cinit)
                  0001d078    00000060     bios.a67 : tsk_stup.o67 (.cinit)
                  0001d0d8    0000005c     lnkrtdx.a67 : rtdx.o67 (.cinit)
                  0001d134    00000004     --HOLE-- [fill = 0]
                  0001d138    00000054     csl6713.lib : csl_mcbsp.obj (.cinit)
                  0001d18c    00000004     --HOLE-- [fill = 0]
                  0001d190    0000004c     bios.a67 : rta.o67 (.cinit)
                  0001d1dc    00000004     --HOLE-- [fill = 0]
                  0001d1e0    0000004c     csl6713.lib : csl_timer.obj (.cinit)
                  0001d22c    00000004     --HOLE-- [fill = 0]
                  0001d230    0000004c     rtdx.lib : buffer1.o62 (.cinit)
                  0001d27c    00000004     --HOLE-- [fill = 0]
                  0001d280    00000048     config_AIC23.obj (.cinit)
                  0001d2c8    0000003c     csl6713.lib : csl.obj (.cinit)
                  0001d304    00000004     --HOLE-- [fill = 0]
                  0001d308    00000034     bios.a67 : hwi.o67 (.cinit)
                  0001d33c    00000004     --HOLE-- [fill = 0]
                  0001d340    0000002c              : utl_putc.o67 (.cinit)
                  0001d36c    00000004     --HOLE-- [fill = 0]
                  0001d370    0000002c     rts6700.lib : exit.obj (.cinit)
                  0001d39c    00000004     --HOLE-- [fill = 0]
                  0001d3a0    00000024     bios.a67 : obj_init.o67 (.cinit)
                  0001d3c4    00000004     --HOLE-- [fill = 0]
                  0001d3c8    0000001c              : sys.o67 (.cinit)
                  0001d3e4    00000004     --HOLE-- [fill = 0]
                  0001d3e8    0000001c     rts6700.lib : _lock.obj (.cinit)
                  0001d404    00000004     --HOLE-- [fill = 0]
                  0001d408    0000001c                 : atexit.obj (.cinit)
                  0001d424    00000004     --HOLE-- [fill = 0]
                  0001d428    00000018     bios.a67 : knl_tick.o67 (.cinit)
                  0001d440    0000000c              : gbl_setL2CacheMode.o67 (.cinit)
                  0001d44c    00000004     --HOLE-- [fill = 0]
                  0001d450    0000000c              : idl_busy.o67 (.cinit)
                  0001d45c    00000004     --HOLE-- [fill = 0]
                  0001d460    0000000c              : knl_swit.o67 (.cinit)
                  0001d46c    00000004     --HOLE-- [fill = 0]
                  0001d470    0000000c     rts6700.lib : sinit.obj (.cinit)
                  0001d47c    00000004     --HOLE-- [fill = 0]
                  0001d480    00000004     (.pad.cinit) [fill = 0]

.idl       0    0001d484    00000010     UNINITIALIZED
                  0001d484    00000010     my_dsp_projectcfg.obj (.idl)

.pinit     0    0001d494    0000000c     
                  0001d494    00000004     rtdx.lib : buffer1.o62 (.pinit)
                  0001d498    00000004              : rtdx_mon.o62 (.pinit)
                  0001d49c    00000004     --HOLE-- [fill = 0]

.rtdx_text 
*          0    0001d4a0    00000ea0     
                  0001d4a0    00000400     rtdx.lib : rtdx_mon.o62 (.rtdx_text:_RTDX_Poll)
                  0001d8a0    00000340              : buffer1.o62 (.rtdx_text:_RTDX_Buffer_WriteCB)
                  0001dbe0    00000300              : buffer1.o62 (.rtdx_text:_RTDX_write_next)
                  0001dee0    00000140              : rtdx_mon.o62 (.rtdx_text:_RTDX_Mon_Queue)
                  0001e020    000000e0              : buffer1.o62 (.rtdx_text:_claim)
                  0001e100    00000080              : rtdx_mon.o62 (.rtdx_text:_RTDX_Init_RT_Monitor)
                  0001e180    00000060              : buffer1.o62 (.rtdx_text:_RTDX_Buffer_Initialize)
                  0001e1e0    00000060              : buffer2.o62 (.rtdx_text:_RTDX_Buffer_ReadCB)
                  0001e240    00000040              : buffer1.o62 (.rtdx_text:_RTDX_Buffer_Size)
                  0001e280    00000040              : rtdx_mon.o62 (.rtdx_text:_RTDX_Final_RT_Monitor)
                  0001e2c0    00000020              : buffer2.o62 (.rtdx_text:_RTDX_Buffer_Read)
                  0001e2e0    00000020              : buffer1.o62 (.rtdx_text:_RTDX_Buffer_Write)
                  0001e300    00000020              : rtdx_mon.o62 (.rtdx_text:_RTDX_checksum)
                  0001e320    00000020              : intr_tgt.o62 (.rtdx_text)

.sysinit   0    0001e340    00000520     
                  0001e340    000002e0     my_dsp_projectcfg.obj (.sysinit)
                  0001e620    000000e0     bios.a67 : mem_init.o67 (.sysinit)
                  0001e700    000000c0              : boot.o67 (.sysinit)
                  0001e7c0    00000080              : tsk_init.o67 (.sysinit)
                  0001e840    00000020              : obj_init.o67 (.sysinit)

.rtdx_data 
*          0    0001e860    0000044c     UNINITIALIZED
                  0001e860    00000410     my_dsp_projectcfg.obj (.rtdx_data)
                  0001ec70    00000020     rtdx.lib : buffer1.o62 (.rtdx_data)
                  0001ec90    0000001c              : rtdx_mon.o62 (.rtdx_data)

.args      0    0001ecac    00000004     
                  0001ecac    00000004     --HOLE-- [fill = 0]

.TSK_LEDTOGGLE$stk 
*          0    0001ecb0    00000400     UNINITIALIZED
                  0001ecb0    00000400     my_dsp_projectcfg.obj (.TSK_LEDTOGGLE$stk)

.TSK_idle$stk 
*          0    0001f0b0    00000400     UNINITIALIZED
                  0001f0b0    00000400     my_dsp_projectcfg.obj (.TSK_idle$stk)

.bss       0    0001f4b0    000003f8     UNINITIALIZED
                  0001f4b0    00000100     bios.a67 : hwi_disp_asm.o67 (.bss)
                  0001f5b0    000000cc              : biosdata.o67 (.bss)
                  0001f67c    0000009c              : swi.o67 (.bss)
                  0001f718    00000084     skeleton.obj (.bss)
                  0001f79c    00000048     bios.a67 : knl.o67 (.bss)
                  0001f7e4    0000002c     config_BSPLink.obj (.bss)
                  0001f810    00000028     my_dsp_projectcfg.obj (.bss)
                  0001f838    00000018     bios.a67 : hwi.o67 (.bss)
                  0001f850    00000018     lnkrtdx.a67 : rtdx.o67 (.bss)
                  0001f868    00000010     rtdx.lib : buffer1.o62 (.bss)
                  0001f878    0000000c     bios.a67 : tsk.o67 (.bss)
                  0001f884    00000008              : clk_data.o67 (.bss)
                  0001f88c    00000008              : sys.o67 (.bss)
                  0001f894    00000004              : clk_data2.o67 (.bss)
                  0001f898    00000004              : gbl_setL2CacheMode.o67 (.bss)
                  0001f89c    00000004              : idl_busy.o67 (.bss)
                  0001f8a0    00000004              : mem_asm.o67 (.bss)
                  0001f8a4    00000004     config_AIC23.obj (.bss)

.trace     0    0001f8a8    00000200     
                  0001f8a8    00000200     --HOLE-- [fill = 00000000]

.swi       0    0001faa8    000001e4     UNINITIALIZED
                  0001faa8    000001e4     my_dsp_projectcfg.obj (.swi)

.gblinit   0    0001fc8c    0000004c     
                  0001fc8c    0000004c     my_dsp_projectcfg.obj (.gblinit)

.switch    0    0001fcd8    00000028     
                  0001fcd8    00000028     rtdx.lib : rtdx_mon.o62 (.switch)

.LOG_system$buf 
*          0    0001fd00    00000100     UNINITIALIZED
                  0001fd00    00000100     my_dsp_projectcfg.obj (.LOG_system$buf)

.hst0      0    0001fe00    00000100     UNINITIALIZED
                  0001fe00    00000100     my_dsp_projectcfg.obj (.hst0)

.sts       0    0001ff00    000000f0     
                  0001ff00    000000f0     my_dsp_projectcfg.obj (.sts)

.pip       0    0001fff0    000000c8     UNINITIALIZED
                  0001fff0    000000c8     my_dsp_projectcfg.obj (.pip)

.tsk       0    000200b8    000000c0     UNINITIALIZED
                  000200b8    000000c0     my_dsp_projectcfg.obj (.tsk)

.const     0    00020178    000000b5     
                  00020178    0000004e     bios.a67 : tsk_stup.o67 (.const)
                  000201c6    00000023              : utl_doab.o67 (.const)
                  000201e9    00000022              : utl_doer.o67 (.const)
                  0002020b    00000001     --HOLE-- [fill = 0]
                  0002020c    00000020     dsk6713bsl.lib : dsk6713.obj (.const)
                  0002022c    00000001     bios.a67 : tsk.o67 (.const)

.printf    0    0002022d    0000017a     COPY SECTION
                  0002022d    0000017a     my_dsp_projectcfg.obj (.printf)

.hst       0    00020230    0000003c     UNINITIALIZED
                  00020230    0000003c     my_dsp_projectcfg.obj (.hst)

.sem       0    0002026c    0000002c     UNINITIALIZED
                  0002026c    0000002c     my_dsp_projectcfg.obj (.sem)

.prd       0    00020298    00000020     UNINITIALIZED
                  00020298    00000020     my_dsp_projectcfg.obj (.prd)

.idlcal    0    000202b8    00000010     UNINITIALIZED
                  000202b8    00000010     my_dsp_projectcfg.obj (.idlcal)

.sys       0    000202c8    00000010     UNINITIALIZED
                  000202c8    00000010     my_dsp_projectcfg.obj (.sys)

.trcdata   0    000202d8    0000000c     
                  000202d8    0000000c     bios.a67 : trc.o67 (.trcdata)

.clk       0    000202e4    00000008     UNINITIALIZED
                  000202e4    00000008     my_dsp_projectcfg.obj (.clk)

.mem       0    000202ec    00000004     UNINITIALIZED
                  000202ec    00000004     my_dsp_projectcfg.obj (.mem)

.SDRAM$heap 
*          0    80000000    00008000     UNINITIALIZED
                  80000000    00008000     --HOLE--

.sounds    0    80008000    000019de     UNINITIALIZED
                  80008000    000019de     skeleton.obj (.sounds)


GLOBAL SYMBOLS: SORTED ALPHABETICALLY BY Name 

address    name
--------   ----
0001f4b0   $bss
0001f4b0   .bss
00000000   .data
00007600   .text
0001e4fc   BIOS$$CLKOFF
0001e4bc   BIOS$$CLKON
0001e340   BIOS_init
0001e564   BIOS_start
00000000   BUF$
00000001   BUF_ENABLED
00000001   CLK$
000202e4   CLK_A_TABBEG
00000001   CLK_CALDIV
00000004   CLK_CALMULT
0000dbba   CLK_COUNTSPMS
00000000   CLK_COUNTSPMSHIGH
0001f5d8   CLK_D_idletime
0001f5d4   CLK_D_isrhook
0001f5d0   CLK_D_tabbeg
0001f5cc   CLK_D_timefxn
00015a60   CLK_F_getfhtime
00015a80   CLK_F_gethtime
00014b60   CLK_F_getltime
00015a80   CLK_F_getshtime
00014b74   CLK_F_isr
00014cd4   CLK_F_itime
000130a0   CLK_HOOKFXN
00000001   CLK_HTIMEDIV
00000004   CLK_HTIMEMULT
0000dbba   CLK_HTIMEPERLTIME
00004000   CLK_INTBIT
00000001   CLK_LTIMEDIV
00036ee8   CLK_LTIMEMULT
000003e8   CLK_MICROSECS
0000dbba   CLK_PRD
00000000   CLK_PRDHIGH
01940000   CLK_REGS
0001f5c8   CLK_R_time
00000020   CLK_TCR
00000000   CLK_TDDR
00000000   CLK_TDDRHIGH
00015a80   CLK_TIMEFXN
00000000   CLK_TIMERNUM
00000001   CLK_USETIMER
000202e8   CLK_null
00000000   DEV$
00000000   DGN$
00000000   DHL$
00000000   DHL_gChannelsAvailable
00000000   DIO$
00000000   DIO_NUMSWIBASE
00000000   DIO_NUMTSKBASE
00000000   DIO_STATIC
00000000   DPI$
00015b20   FXN_F_nop
00015b28   FXN_F_run
00015b78   FXN_F_zero
00000001   GBL$
00005205   GBL_A_VERSION
00000000   GBL_BIGENDIAN
00000000   GBL_C641XL2PRIORITY
00000000   GBL_CACHE
00000001   GBL_CALLCSLCFGINIT
00004e20   GBL_CLKIN
00001770   GBL_CLKTYPE
00001a39   GBL_DSPSUBTYPE
0000003e   GBL_DSPTYPE
00000001   GBL_ENABLEINST
00000042   GBL_FOOTPRINT
00036ee8   GBL_FREQ
00002226   GBL_L2ALLOC
00000000   GBL_L2CONFIGALLOC
00000001   GBL_L2CONFIGURE
00000001   GBL_L2MARMASK
00000000   GBL_L2MARMASK1
00000000   GBL_L2MARMASK2
00000000   GBL_L2MARMASK3
00000000   GBL_L2MARMASK4
00000000   GBL_L2MARMASK5
00000000   GBL_L2MODE
00000000   GBL_L2PRIORITY
00000000   GBL_NULL
00000000   GBL_PROCID
00000000   GBL_ROM
00000000   GBL_SUPPORTCSL
0000dbef   GBL_TRCMASKVALUE
00000001   GBL_USERINIT
0000b968   GBL_USERINITFXN
00000001   GBL_boot
000202e0   GBL_initdone
00016200   GBL_stackbeg
0001a1ff   GBL_stackend
00000000   GIO$
00016140   GIO_CREATEFXN
00016140   GIO_DELETEFXN
00016140   GIO_PENDFXN
00016140   GIO_POSTFXN
00000000   HOOK$
00000000   HOOK_KNLID
00000001   HST$
00020230   HST_A_TABBEG
0002026c   HST_A_TABEND
00000000   HST_DSM
ffffffff   HST_DSMBUFSEG
00000400   HST_DSMMEMSIZE
0001f644   HST_D_chanmask
0001f648   HST_D_tabbeg
0001f64c   HST_D_tabend
000000ff   HST_MAXFRAMEALLOWED
00000040   HST_MAXFRAMESET
00000000   HST_NONE
00000001   HST_RTDX
00000001   HWI$
00000000   HWI_A_VECS
00005308   HWI_CFGDISPATCHED
0001f848   HWI_D_bss
0001f84c   HWI_D_ccmask
0001f838   HWI_D_spsave
000130a0   HWI_F_dispatch
00000000   HWI_GENERATE_RESET_VEC
0000000a   HWI_INT10
00000000   HWI_INT10$hwi
0000000b   HWI_INT11
00000000   HWI_INT11$hwi
0000000c   HWI_INT12
00000000   HWI_INT12$hwi
0000000d   HWI_INT13
00000000   HWI_INT13$hwi
0000000e   HWI_INT14
00000000   HWI_INT14$hwi
0000000f   HWI_INT15
00000000   HWI_INT15$hwi
00000004   HWI_INT4
00000000   HWI_INT4$hwi
00000005   HWI_INT5
00000000   HWI_INT5$hwi
00000006   HWI_INT6
00000000   HWI_INT6$hwi
00000007   HWI_INT7
00000000   HWI_INT7$hwi
00000008   HWI_INT8
00000000   HWI_INT8$hwi
00000009   HWI_INT9
00000000   HWI_INT9$hwi
082039a3   HWI_INTRMULTHIGH
250718a4   HWI_INTRMULTLOW
00000001   HWI_NMI
00000000   HWI_NMI$hwi
00000000   HWI_POLARITYMASK
00000002   HWI_RESERVED0
00000000   HWI_RESERVED0$hwi
00000003   HWI_RESERVED1
00000000   HWI_RESERVED1$hwi
00000000   HWI_RESET
00000000   HWI_RESET$hwi
00000001   HWI_ZEROTAB
00000001   IDL$
000202b8   IDL_A_CALBEG
0001d484   IDL_A_TABBEG
00000006   IDL_CALIBRERROR
00016040   IDL_CALIBRFXN
0001f89c   IDL_D_busyObj
0001f5b8   IDL_D_calbeg
0001f5b4   IDL_D_calibrate
0001f5b0   IDL_D_tabbeg
0001d490   IDL_END
000202c4   IDL_END$
00015ba0   IDL_F_busy
00015d20   IDL_F_calibrate
00016180   IDL_F_loop
00016040   IDL_F_stub
00000001   IDL_USECLKIDLTIME
0001ffe4   IDL_busyObj
000203a2   IDL_busyObj$avgfmt
00000001   IDL_busyObj$filter
00000001   IDL_busyObj$iA
00000000   IDL_busyObj$iB
00000001   IDL_busyObj$iC
0002039c   IDL_busyObj$maxfmt
00000000   IDL_busyObj$operation
0001ffe0   IDL_busyObj$stsobj
0002039f   IDL_busyObj$sumfmt
00000002   IDL_busyObj$unittype
0001d484   IDL_cpuLoad
000202b8   IDL_cpuLoad$
ffffffff   IRAM
00000001   ISRC$
00014b20   KNL_glue
0001fad4   KNL_swi
00000001   KNL_swi$dorta
00000002   KNL_swi$ord
00000000   KNL_swi$pri
0001ff24   KNL_swi$sts
00020274   KNL_swi$sts$avgfmt
00000002   KNL_swi$sts$filter
00000001   KNL_swi$sts$filtmaxmult
00000001   KNL_swi$sts$filtsummult
00020264   KNL_swi$sts$maxfmt
0001ff20   KNL_swi$sts$stsobj
0002026c   KNL_swi$sts$sumfmt
00000000   KNL_swi$sts$unittype
00000000   KNL_swi$swi
00000001   LCK$
00011f80   LNK_F_checkBufferCall
00012000   LNK_F_dataPump
00011fa0   LNK_F_getChanPtr
00011ff8   LNK_F_init
00012544   LNK_F_readCallBack
0001d488   LNK_dataPump
000202bc   LNK_dataPump$
0001f854   LNK_dspFrameReadyMask
0001f850   LNK_dspFrameRequestMask
000122a0   LNK_newin
000123e0   LNK_newout
00012014   LNK_rcloop
000120e0   LNK_rdrtry
0001f85c   LNK_readDone
0001f860   LNK_readFail
0001f858   LNK_readPend
000120f0   LNK_rrloop
0001f864   LNK_writeFail
000121c4   LNK_wrloop
000121b4   LNK_wrrtry
00000001   LOG$
000075e8   LOG_A_TABBEG
00007600   LOG_A_TABEND
00000001   LOG_A_TABLEN
0001f5bc   LOG_D_system
00000001   LOG_ENABLED
00015c20   LOG_F_event
000075e8   LOG_system
0001fd00   LOG_system$buf
00000000   LOG_system$datatype
00000000   LOG_system$log
00000040   LOG_system$size
00000000   MBX$
00000001   MEM$
0001f81c   MEM_MALLOCSEG
00000000   MEM_NULL
0001f81c   MEM_SEGZERO
00000000   MEM_USEMPC
00000001   MEM_gNumHeap
00000000   MSGQ$
00000000   MSGQ_USEMSGQ
00000000   OBJ$
00000000   PIP$
0001fff0   PIP_A_TABBEG
000200b8   PIP_A_TABEND
00000002   PIP_A_TABLEN
0001f5c0   PIP_D_tabbeg
0001f5c4   PIP_D_tablen
000143d4   PIP_F_give
000143d4   PIP_F_probe
000144a8   PIP_F_start
00014340   PIP_F_take
00000064   PIP_OBJSIZE
00000000   PIP_gNextId
00000002   PIP_gNumEmbed
00000000   POOL$
00000000   POOL_USEPOOL
00000001   PRD$
00020298   PRD_A_TABBEG
000202b8   PRD_A_TABEND
00000001   PRD_A_TABLEN
0001f600   PRD_D_cur
0001f604   PRD_D_elapsed
0001f608   PRD_D_prevtim
0001f60c   PRD_D_scalar
0001f610   PRD_D_swihandle
0001f614   PRD_D_tabbeg
0001f618   PRD_D_tablen
0001f61c   PRD_D_thook
0001f5fc   PRD_D_tick
00013500   PRD_F_swi
000137c0   PRD_F_tick
00000008   PRD_SCALAR
0001faa8   PRD_SWIHANDLE
00020298   PRD_Sek
000202b4   PRD_Sek$aaa
00000000   PRD_Sek$mode
00000001   PRD_Sek$ord
000003e8   PRD_Sek$period
00000000   PRD_Sek$prd
0001ff04   PRD_Sek$sts
0002023f   PRD_Sek$sts$avgfmt
00000000   PRD_Sek$sts$filter
0002022d   PRD_Sek$sts$maxfmt
0001ff00   PRD_Sek$sts$stsobj
00020236   PRD_Sek$sts$sumfmt
00000002   PRD_Sek$sts$unittype
00014320   PRD_THOOKFXN
000202e4   PRD_clock
0001faa8   PRD_swi
00000001   PRD_swi$dorta
00000001   PRD_swi$ord
00000001   PRD_swi$pri
0001ff14   PRD_swi$sts
0002025a   PRD_swi$sts$avgfmt
00000002   PRD_swi$sts$filter
00000001   PRD_swi$sts$filtmaxmult
00000001   PRD_swi$sts$filtsummult
0002024a   PRD_swi$sts$maxfmt
0001ff10   PRD_swi$sts$stsobj
00020252   PRD_swi$sts$sumfmt
00000000   PRD_swi$sts$unittype
00000000   PRD_swi$swi
00000001   QUE$
0001f620   RTA_D_fromHost
0001f628   RTA_D_logval
0001f638   RTA_D_stsval
0001f624   RTA_D_toHost
00016080   RTA_F_andn
00013c58   RTA_F_dispatch
00013b60   RTA_F_getlog
00013ba4   RTA_F_getsts
000160a0   RTA_F_or
00013bec   RTA_F_readblk
00013c18   RTA_F_resetmem
00013c0c   RTA_F_writeword
0001d48c   RTA_dispatcher
000202c0   RTA_dispatcher$
00013ca8   RTA_execute
00020234   RTA_fromHost
00011f70   RTA_fromHost$buf
00000004   RTA_fromHost$framesize
00000000   RTA_fromHost$hst
00000001   RTA_fromHost$id
00000000   RTA_fromHost$mode
0001fff0   RTA_fromHost$pipe
00020020   RTA_fromHost$pipe$aaa
00020050   RTA_fromHost$pipe$bbb
0001f820   RTA_fromHost$pipe$dtab
0001fff4   RTA_fromHost$pipe$rd
00020024   RTA_fromHost$pipe$wr
0002023c   RTA_fromHost$rtdx
00020250   RTA_toHost
0001fe00   RTA_toHost$buf
00000040   RTA_toHost$framesize
00000000   RTA_toHost$hst
00000000   RTA_toHost$id
00000001   RTA_toHost$mode
00020054   RTA_toHost$pipe
00020084   RTA_toHost$pipe$aaa
000200b4   RTA_toHost$pipe$bbb
0001f82c   RTA_toHost$pipe$dtab
00020058   RTA_toHost$pipe$rd
00020088   RTA_toHost$pipe$wr
00020258   RTA_toHost$rtdx
00000001   RTDX$
00000408   RTDX_BUFMEMSIZE
ffffffff   RTDX_DATAMEMSEG
00000000   RTDX_MODE
00000001   RTDX_NORMALIZED_HDR
00000001   RTDX_USERTDX
00000000   RTDX_USERTEXECUTION
0001f81c   SDRAM
80000000   SDRAM$B
00008000   SDRAM$L
00000001   SEM$
00020278   SEM_LEDToggle
00000000   SIO$
00000001   STS$
0001ff00   STS_A_TABBEG
0001fff0   STS_A_TABEND
00015cd8   STS_F_add
00015ca0   STS_F_delta
00015d04   STS_F_reset
00000001   SWI$
0001fbb0   SWI_ADC_In_Ping
00000001   SWI_ADC_In_Ping$dorta
00000007   SWI_ADC_In_Ping$ord
00000002   SWI_ADC_In_Ping$pri
0001ff74   SWI_ADC_In_Ping$sts
000202f6   SWI_ADC_In_Ping$sts$avgfmt
00000002   SWI_ADC_In_Ping$sts$filter
00000001   SWI_ADC_In_Ping$sts$filtmaxmult
00000001   SWI_ADC_In_Ping$sts$filtsummult
000202e6   SWI_ADC_In_Ping$sts$maxfmt
0001ff70   SWI_ADC_In_Ping$sts$stsobj
000202ee   SWI_ADC_In_Ping$sts$sumfmt
00000000   SWI_ADC_In_Ping$sts$unittype
00000000   SWI_ADC_In_Ping$swi
0001fbdc   SWI_ADC_In_Pong
00000001   SWI_ADC_In_Pong$dorta
00000008   SWI_ADC_In_Pong$ord
00000002   SWI_ADC_In_Pong$pri
0001ff84   SWI_ADC_In_Pong$sts
00020310   SWI_ADC_In_Pong$sts$avgfmt
00000002   SWI_ADC_In_Pong$sts$filter
00000001   SWI_ADC_In_Pong$sts$filtmaxmult
00000001   SWI_ADC_In_Pong$sts$filtsummult
00020300   SWI_ADC_In_Pong$sts$maxfmt
0001ff80   SWI_ADC_In_Pong$sts$stsobj
00020308   SWI_ADC_In_Pong$sts$sumfmt
00000000   SWI_ADC_In_Pong$sts$unittype
00000000   SWI_ADC_In_Pong$swi
0001fb58   SWI_ADC_Out_Ping
00000001   SWI_ADC_Out_Ping$dorta
00000005   SWI_ADC_Out_Ping$ord
00000002   SWI_ADC_Out_Ping$pri
0001ff54   SWI_ADC_Out_Ping$sts
000202c2   SWI_ADC_Out_Ping$sts$avgfmt
00000002   SWI_ADC_Out_Ping$sts$filter
00000001   SWI_ADC_Out_Ping$sts$filtmaxmult
00000001   SWI_ADC_Out_Ping$sts$filtsummult
000202b2   SWI_ADC_Out_Ping$sts$maxfmt
0001ff50   SWI_ADC_Out_Ping$sts$stsobj
000202ba   SWI_ADC_Out_Ping$sts$sumfmt
00000000   SWI_ADC_Out_Ping$sts$unittype
00000000   SWI_ADC_Out_Ping$swi
0001fb84   SWI_ADC_Out_Pong
00000001   SWI_ADC_Out_Pong$dorta
00000006   SWI_ADC_Out_Pong$ord
00000002   SWI_ADC_Out_Pong$pri
0001ff64   SWI_ADC_Out_Pong$sts
000202dc   SWI_ADC_Out_Pong$sts$avgfmt
00000002   SWI_ADC_Out_Pong$sts$filter
00000001   SWI_ADC_Out_Pong$sts$filtmaxmult
00000001   SWI_ADC_Out_Pong$sts$filtsummult
000202cc   SWI_ADC_Out_Pong$sts$maxfmt
0001ff60   SWI_ADC_Out_Pong$sts$stsobj
000202d4   SWI_ADC_Out_Pong$sts$sumfmt
00000000   SWI_ADC_Out_Pong$sts$unittype
00000000   SWI_ADC_Out_Pong$swi
0001faa8   SWI_A_TABBEG
0001fc8c   SWI_A_TABEND
0000000b   SWI_A_TABLEN
0001fb00   SWI_BSPLink_In_Ping
00000001   SWI_BSPLink_In_Ping$dorta
00000003   SWI_BSPLink_In_Ping$ord
00000003   SWI_BSPLink_In_Ping$pri
0001ff34   SWI_BSPLink_In_Ping$sts
0002028e   SWI_BSPLink_In_Ping$sts$avgfmt
00000002   SWI_BSPLink_In_Ping$sts$filter
00000001   SWI_BSPLink_In_Ping$sts$filtmaxmult
00000001   SWI_BSPLink_In_Ping$sts$filtsummult
0002027e   SWI_BSPLink_In_Ping$sts$maxfmt
0001ff30   SWI_BSPLink_In_Ping$sts$stsobj
00020286   SWI_BSPLink_In_Ping$sts$sumfmt
00000000   SWI_BSPLink_In_Ping$sts$unittype
00000000   SWI_BSPLink_In_Ping$swi
0001fb2c   SWI_BSPLink_In_Pong
00000001   SWI_BSPLink_In_Pong$dorta
00000004   SWI_BSPLink_In_Pong$ord
00000003   SWI_BSPLink_In_Pong$pri
0001ff44   SWI_BSPLink_In_Pong$sts
000202a8   SWI_BSPLink_In_Pong$sts$avgfmt
00000002   SWI_BSPLink_In_Pong$sts$filter
00000001   SWI_BSPLink_In_Pong$sts$filtmaxmult
00000001   SWI_BSPLink_In_Pong$sts$filtsummult
00020298   SWI_BSPLink_In_Pong$sts$maxfmt
0001ff40   SWI_BSPLink_In_Pong$sts$stsobj
000202a0   SWI_BSPLink_In_Pong$sts$sumfmt
00000000   SWI_BSPLink_In_Pong$sts$unittype
00000000   SWI_BSPLink_In_Pong$swi
0001fc08   SWI_BSPLink_Out_Ping
00000001   SWI_BSPLink_Out_Ping$dorta
00000009   SWI_BSPLink_Out_Ping$ord
00000002   SWI_BSPLink_Out_Ping$pri
0001ff94   SWI_BSPLink_Out_Ping$sts
0002032a   SWI_BSPLink_Out_Ping$sts$avgfmt
00000002   SWI_BSPLink_Out_Ping$sts$filter
00000001   SWI_BSPLink_Out_Ping$sts$filtmaxmult
00000001   SWI_BSPLink_Out_Ping$sts$filtsummult
0002031a   SWI_BSPLink_Out_Ping$sts$maxfmt
0001ff90   SWI_BSPLink_Out_Ping$sts$stsobj
00020322   SWI_BSPLink_Out_Ping$sts$sumfmt
00000000   SWI_BSPLink_Out_Ping$sts$unittype
00000000   SWI_BSPLink_Out_Ping$swi
0001fc34   SWI_BSPLink_Out_Pong
00000001   SWI_BSPLink_Out_Pong$dorta
0000000a   SWI_BSPLink_Out_Pong$ord
00000002   SWI_BSPLink_Out_Pong$pri
0001ffa4   SWI_BSPLink_Out_Pong$sts
00020344   SWI_BSPLink_Out_Pong$sts$avgfmt
00000002   SWI_BSPLink_Out_Pong$sts$filter
00000001   SWI_BSPLink_Out_Pong$sts$filtmaxmult
00000001   SWI_BSPLink_Out_Pong$sts$filtsummult
00020334   SWI_BSPLink_Out_Pong$sts$maxfmt
0001ffa0   SWI_BSPLink_Out_Pong$sts$stsobj
0002033c   SWI_BSPLink_Out_Pong$sts$sumfmt
00000000   SWI_BSPLink_Out_Pong$sts$unittype
00000000   SWI_BSPLink_Out_Pong$swi
0001f694   SWI_D_curfxn
0001f684   SWI_D_curmask
0001f690   SWI_D_curmbox
0001f688   SWI_D_curset
0001f680   SWI_D_execaddr
0001f69c   SWI_D_inswi
0001f68c   SWI_D_lock
0001f698   SWI_D_rdybeg
0001f6a0   SWI_D_rdytab
0001f67c   SWI_D_runaddr
0001fc60   SWI_Decode_Buffer
00000001   SWI_Decode_Buffer$dorta
0000000b   SWI_Decode_Buffer$ord
00000001   SWI_Decode_Buffer$pri
0001ffb4   SWI_Decode_Buffer$sts
0002035e   SWI_Decode_Buffer$sts$avgfmt
00000002   SWI_Decode_Buffer$sts$filter
00000001   SWI_Decode_Buffer$sts$filtmaxmult
00000001   SWI_Decode_Buffer$sts$filtsummult
0002034e   SWI_Decode_Buffer$sts$maxfmt
0001ffb0   SWI_Decode_Buffer$sts$stsobj
00020356   SWI_Decode_Buffer$sts$sumfmt
00000000   SWI_Decode_Buffer$sts$unittype
00000000   SWI_Decode_Buffer$swi
00000000   SWI_EHOOKFXN
00012d7c   SWI_EXECFXN
00012b60   SWI_F_enable
00012d7c   SWI_F_exec
00012da8   SWI_F_iexec
00012bd0   SWI_F_post
00012e38   SWI_F_run
00000000   SWI_IHOOKFXN
00012e38   SWI_RUNFXN
00000001   SYS$
000202c8   SYS$config
000160c0   SYS_ABORTFXN
000161c0   SYS_ERRORFXN
000161e0   SYS_EXITFXN
00015f80   SYS_PUTCFXN
000202dc   TRC_R_mask
000202d8   TRC_cinit
00000001   TSK$
00020124   TSK_LEDTOGGLE
00000003   TSK_LEDTOGGLE$ord
00000002   TSK_LEDTOGGLE$pri
0001ecb0   TSK_LEDTOGGLE$stack
0001f048   TSK_LEDTOGGLE$stkptr
0001ffd4   TSK_LEDTOGGLE$sts
00020392   TSK_LEDTOGGLE$sts$avgfmt
00000002   TSK_LEDTOGGLE$sts$filter
00000001   TSK_LEDTOGGLE$sts$filtmaxmult
00000001   TSK_LEDTOGGLE$sts$filtsummult
00020382   TSK_LEDTOGGLE$sts$maxfmt
0001ffd0   TSK_LEDTOGGLE$sts$stsobj
0002038a   TSK_LEDTOGGLE$sts$sumfmt
00000000   TSK_LEDTOGGLE$sts$unittype
00000000   TSK_LEDTOGGLE$tsk
00000000   TSK_NUM_HOOKS
00000001   TSK_PRIORITY
00000000   TSK_READYFXN
00000000   TSK_STACKSEG
00000400   TSK_STACKSIZE
00000000   TSK_SWITCHFXN
00016140   TSK_VCREATEFXN
00016140   TSK_VDELETEFXN
00016140   TSK_VEXITFXN
000200c4   TSK_idle
00000001   TSK_idle$ord
00000000   TSK_idle$pri
0001f0b0   TSK_idle$stack
0001f448   TSK_idle$stkptr
0001ffc4   TSK_idle$sts
00020378   TSK_idle$sts$avgfmt
00000002   TSK_idle$sts$filter
00000001   TSK_idle$sts$filtmaxmult
00000001   TSK_idle$sts$filtsummult
00020368   TSK_idle$sts$maxfmt
0001ffc0   TSK_idle$sts$stsobj
00020370   TSK_idle$sts$sumfmt
00000000   TSK_idle$sts$unittype
00000000   TSK_idle$tsk
00000000   UDEV$
00008360   _ADC_In_Ping
0000838c   _ADC_In_Pong
000082e0   _ADC_Out_Ping
00008320   _ADC_Out_Pong
0000cfc0   _AIC_Buffer_in_ping
0000d790   _AIC_Buffer_in_pong
0000df60   _AIC_Buffer_out_ping
0000e730   _AIC_Buffer_out_pong
0001e340   _BIOS_init
0001e564   _BIOS_start
00010e40   _BSPLinkBuffer_in_ping
0001128c   _BSPLinkBuffer_in_pong
000116d8   _BSPLinkBuffer_out_ping
00011b24   _BSPLinkBuffer_out_pong
000083b8   _BSPLink_In_Ping
0000840c   _BSPLink_In_Pong
00008460   _BSPLink_Out_Ping
0000850c   _BSPLink_Out_Pong
00007488   _BSPLink_interface_config
0000dbba   _CLK_COUNTSPMS
0001f884   _CLK_DFLTMICROSECS
0001f5f8   _CLK_D_countspms
0001f5ec   _CLK_D_dirty
0001f888   _CLK_D_microseconds
0001f5f0   _CLK_D_prd
0001f5f4   _CLK_D_tddr
00014cd4   _CLK_F_itime
0000dbba   _CLK_PRD
01940000   _CLK_REGS
00000000   _CLK_TDDR
00000000   _CLK_TIMERNUM
00000001   _CLK_USETIMER
0001f5dc   _CLK_htimeDiv
0001f5e0   _CLK_htimeMult
0001f894   _CLK_htimePerLtime
00014cd4   _CLK_itime
0001f5e4   _CLK_ltimeDiv
0001f5e8   _CLK_ltimeMult
00015680   _CLK_measure
00015fe0   _CLK_start
00016100   _CLK_stop
0000ce20   _CSL6713_LIB_
0000ac40   _Config_DSK6713_AIC23
0001f758   _DECODER
0000cb08   _DSK6713_DIP_get
0000cb00   _DSK6713_DIP_init
0000b0a0   _DSK6713_LED_init
0000b0e0   _DSK6713_LED_off
0000b150   _DSK6713_LED_on
0000b1c0   _DSK6713_LED_toggle
0000a414   _DSK6713_getVersion
0000a04c   _DSK6713_init
0000a368   _DSK6713_rget
0000a37c   _DSK6713_rset
000075e4   _DSK6713_version
0000a390   _DSK6713_wait
0000a3e8   _DSK6713_waitusec
00010670   _Decoding_Buffer
0001f76c   _Decoding_Buffer_i
00007e84   _EDMA_ISR
0000b600   _EDMA_allocTable
0000c2c0   _EDMA_config
0000cb80   _EDMA_disableChannel
0000cbe0   _EDMA_enableChannel
0000bfc0   _EDMA_intAlloc
0000ce40   _EDMA_intClear
0000cc40   _EDMA_intEnable
0000ce60   _EDMA_intTest
0000cd60   _EDMA_link
0000a780   _EDMA_open
0000cca0   _EDMA_qdmaConfig
0000bc20   _EDMA_reset
0001f754   _ENCODER
00010a58   _Encoding_Buffer
0001f764   _Encoding_Buffer_i
00016140   _FXN_F_nop
00015b28   _FXN_F_run
00015b78   _FXN_F_zero
00000000   _GBL_CACHE
0001f654   _GBL_clkIn
00015300   _GBL_cslCacheInit
0001f658   _GBL_freq
00016160   _GBL_getVersion
0001f650   _GBL_procId
0000b968   _GBL_setPLLto225MHz
00020230   _HST_A_TABBEG
0002026c   _HST_A_TABEND
00005308   _HWI_CFGDISPATCHED
0001f844   _HWI_D_inhwi
0001f838   _HWI_D_spsave
000130a0   _HWI_F_dispatch
0000000a   _HWI_INT10
0000000b   _HWI_INT11
0000000c   _HWI_INT12
0000000d   _HWI_INT13
0000000e   _HWI_INT14
0000000f   _HWI_INT15
00000004   _HWI_INT4
00000005   _HWI_INT5
00000006   _HWI_INT6
00000007   _HWI_INT7
00000008   _HWI_INT8
00000009   _HWI_INT9
00000001   _HWI_NMI
00000002   _HWI_RESERVED0
00000003   _HWI_RESERVED1
00000000   _HWI_RESET
0001a1f8   _HWI_STKBOTTOM
00016200   _HWI_STKTOP
0001f838   _HWI_data
00015da0   _HWI_disable
0001f4b0   _HWI_dispatchTab
00015db8   _HWI_enable
00015dcc   _HWI_restore
0001ffe4   _IDL_busyObj
0001d484   _IDL_cpuLoad
00016180   _IDL_loop
ffffffff   _IRAM
0000ce80   _IRQ_clear
0000cda0   _IRQ_enable
0000cea0   _IRQ_globalEnable
0000b280   _IRQ_map
0001f7a4   _KNL_alarm
000151c0   _KNL_check
0001f7c8   _KNL_curqueue
0001f7b8   _KNL_curtask
0001f7c0   _KNL_curtime
000072fc   _KNL_dummy
00015434   _KNL_enter
000153e0   _KNL_exit
00015298   _KNL_idle
0001f7e0   _KNL_idlefxn
0001f7ac   _KNL_inactive
00015760   _KNL_ipost
000152bc   _KNL_max
0001f7cc   _KNL_maxqueue
00015820   _KNL_post
0001f7bc   _KNL_prevtask
0001f7b0   _KNL_priority
0000725c   _KNL_queues
000138a0   _KNL_run
000149a0   _KNL_saveIsrFrame
0001f7b4   _KNL_set
0001f7a8   _KNL_setpri
0001fad4   _KNL_swi
0001f7c4   _KNL_swiptr
00014a6c   _KNL_switch
0001f7d4   _KNL_tcreatefxn
0001f7d8   _KNL_tdeletefxn
00014320   _KNL_tick
0001f7dc   _KNL_treadyfxn
0001f7d0   _KNL_tswitchfxn
0001f79c   _KNL_wFlag
0001f7a0   _KNL_wList
00015910   _LCK_pend
000158e0   _LCK_post
0001d488   _LNK_dataPump
0001f854   _LNK_dspFrameReadyMask
0001f850   _LNK_dspFrameRequestMask
0001f85c   _LNK_readDone
0001f860   _LNK_readFail
0001f858   _LNK_readPend
0001f864   _LNK_writeFail
000075e8   _LOG_A_TABBEG
00007600   _LOG_A_TABEND
00000001   _LOG_A_TABLEN
0001f5bc   _LOG_D_system
00015c20   _LOG_event
000075e8   _LOG_system
0000c7e0   _MCBSP_close
0000c880   _MCBSP_config
0000cec0   _MCBSP_getRcvAddr
0000cee0   _MCBSP_getXmtAddr
0000c0c0   _MCBSP_open
0000b7a0   _MCBSP_reset
0000c1c0   _MCBSP_start
0000cf00   _MCBSP_write
0000cf20   _MCBSP_xrdy
0001f8a0   _MEM
0001f65c   _MEM_D_NUMSEGMENTS
0001f664   _MEM_D_freelist
0001f668   _MEM_D_lockaddr
0001f660   _MEM_D_memtab
0001f66c   _MEM_D_unlockaddr
0001e620   _MEM_init
0001f810   _MEM_memtab
80008000   _MySinus
800080dc   _MySound
0001e840   _OBJ_init
000073c8   _OBJ_segtab
00007390   _OBJ_table
0001fff0   _PIP_A_TABBEG
000200b8   _PIP_A_TABEND
0001f5fc   _PRD_D_tick
00020298   _PRD_Sek
000202e4   _PRD_clock
0001faa8   _PRD_swi
0001d48c   _RTA_dispatcher
00020234   _RTA_fromHost
00020250   _RTA_toHost
0001e860   _RTDX_Buffer
0001ec6c   _RTDX_Buffer_End
0001e180   _RTDX_Buffer_Initialize
0001e2c0   _RTDX_Buffer_Read
0001e1e0   _RTDX_Buffer_ReadCB
0001e240   _RTDX_Buffer_Size
0001ec68   _RTDX_Buffer_Start
0001e2e0   _RTDX_Buffer_Write
0001d8a0   _RTDX_Buffer_WriteCB
0001e280   _RTDX_Final_RT_Monitor
0001e100   _RTDX_Init_RT_Monitor
00000002   _RTDX_JTAGONLY
0001e320   _RTDX_Mask_IER
0001dee0   _RTDX_Mon_Queue
0001d4a0   _RTDX_Poll
00000000   _RTDX_interrupt_mask
0001ec7c   _RTDX_writing
0000ef00   _Ringbuffer_Audio_out
0001f81c   _SDRAM
80000000   _SDRAM_base
00008000   _SDRAM_length
00020278   _SEM_LEDToggle
00015e60   _SEM_pend
00015e00   _SEM_pendBinary
00013e20   _SEM_pendEnterKnl
000155a0   _SEM_post
000155a0   _SEM_postBinary
000154c0   _SEM_postEnterKnl
0001ff00   _STS_A_TABBEG
0001fff0   _STS_A_TABEND
00015cd8   _STS_add
00015ca0   _STS_delta
00015d04   _STS_reset
000161a0   _STS_set
0001fbb0   _SWI_ADC_In_Ping
0001fbdc   _SWI_ADC_In_Pong
0001fb58   _SWI_ADC_Out_Ping
0001fb84   _SWI_ADC_Out_Pong
0001fb00   _SWI_BSPLink_In_Ping
0001fb2c   _SWI_BSPLink_In_Pong
0001fc08   _SWI_BSPLink_Out_Ping
0001fc34   _SWI_BSPLink_Out_Pong
0001f694   _SWI_D_curfxn
0001f684   _SWI_D_curmask
0001f688   _SWI_D_curset
0001f680   _SWI_D_execaddr
0001f69c   _SWI_D_inswi
0001f68c   _SWI_D_lock
0001f698   _SWI_D_rdybeg
0001f67c   _SWI_D_runaddr
0001fc60   _SWI_Decode_Buffer
0000981c   _SWI_LEDToggle
0001f67c   _SWI_data
00015ec0   _SWI_disable
00015ee8   _SWI_enable
00012bd0   _SWI_post
0001f670   _SYS
0001f8a8   _SYS_PUTCBEG
0001faa7   _SYS_PUTCEND
00015f20   _SYS_abort
000159a0   _SYS_exit
00007590   _SYS_exitStack
0001f88c   _SYS_exitStackPtr
0001f890   _SYS_exitStackTop
0000bd60   _TIMER_open
0000bea0   _TIMER_reset
000202dc   _TRC_R_mask
0001f880   _TSK
00007334   _TSK_ATTRS
00020124   _TSK_LEDTOGGLE
00007350   _TSK_config
00014d20   _TSK_exit
000200c4   _TSK_idle
0001e7c0   _TSK_init
0001f878   _TSK_nTasks
0001f87c   _TSK_pid
000147a0   _TSK_setup
00015100   _TSK_startup
00007370   _TSK_timerSem
000160c0   _UTL_doAbort
000161c0   _UTL_doError
00015f80   _UTL_doPutc
000161e0   _UTL_halt
00014cf0   __CLK_lat1beg
00014d1c   __CLK_lat1end
0000ae80   __CSL_init
000129b4   __GBL_setL2CacheMode
0001f678   __HOOK_NUMHOOKS
0001f674   __HOOK_knlId
000130a0   __HWI_lat1beg
00013220   __HWI_lat1end
00013220   __HWI_lat2beg
000133c0   __HWI_lat2end1
0001334c   __HWI_lat2end2
000133e0   __HWI_lat3beg
000134e0   __HWI_lat3end1
0001337c   __HWI_lat3end2
00015ba0   __IDL_lat1beg
00015bf0   __IDL_lat1end
00007254   __IRQ_dispatchTable
00007190   __IRQ_eventTable
0000cfa0   __IRQ_hookFetchPacket
0000c920   __IRQ_init
00007214   __IRQ_intTable
00015210   __KNL_lat1beg
00015298   __KNL_lat1end
00015c20   __LOG_lat1beg
00007508   __MCBSP_hDev0
0000750c   __MCBSP_hDev1
00007460   __MEM_mutex
00013c18   __RTA_lat1beg
00013c50   __RTA_lat1end
00014580   __SEM_dopost
0001a200   __STACK_END
00004000   __STACK_SIZE
00012d0c   __SWI_lat1beg
00012dc0   __SWI_lat1end
00012dc4   __SWI_lat2beg
00012e34   __SWI_lat2end
00012b60   __SWI_lat3beg
00012bcc   __SWI_lat3end
0000756c   __TIMER_deviceTable
0000758c   __TIMER_hBios
00007584   __TIMER_hDev0
00007588   __TIMER_hDev1
00007438   __TSK_mutex
000075d4   ___TI_enable_exit_profile_output
ffffffff   ___TI_pprof_out_hndl
ffffffff   ___TI_prof_data_size
ffffffff   ___TI_prof_data_start
0000cde0   ___add_dtor
00006fe0   ___atexit_func_id__
ffffffff   ___binit__
0001f4b0   ___bss__
ffffffff   ___c_args__
0001a200   ___cinit__
00000000   ___data__
00000000   ___edata__
0001f8a8   ___end__
0000cfc0   ___etext__
0001d494   ___pinit__
00007600   ___text__
00014ec0   __auto_init
000075cc   __cleanup_ptr
0000a480   __divf
000075d0   __dtors_ptr
0000c9c0   __fltlif
0000cd00   __fltulf
000075d8   __lock
0000cf40   __nop
0000c3a0   __nround
0000cf60   __register_lock
0000cf80   __register_unlock
00016200   __stack
0000c480   __strasg
000075dc   __unlock
0000c560   _atexit
00005488   _b_dec
00001dc0   _b_enc
0001e700   _c_int00
0000bac0   _call_dtors
0001f74c   _configComplete
000074a8   _configEDMABSPLinkRcv
000074c0   _configEDMABSPLinkXmt
00000220   _configEDMARcv
00000238   _configEDMAXmt
00007840   _config_AIC23_EDMA
00009900   _config_BSPLink
00009a78   _config_BSPLink_EDMA
00007df0   _config_interrupts
0001f771   _dataDetected
00000200   _datainterface_config
0001f718   _debug_buff_i
000085b8   _decode_buffer
0001f770   _decoding_buff_valid
0001f75c   _den_f
000075e0   _dtors
00003930   _e_dec
00000268   _e_enc
00008bac   _encode_audio_data
0001f768   _encoding_buff_valid
000094b8   _framing_link_data
0001f7e8   _hEdmaBSPLinkRcv
0001f7ec   _hEdmaBSPLinkRcvRelPing
0001f7f0   _hEdmaBSPLinkRcvRelPong
0001f7f4   _hEdmaBSPLinkXmt
0001f7f8   _hEdmaBSPLinkXmtRelPing
0001f7fc   _hEdmaBSPLinkXmtRelPong
0001f720   _hEdmaRcv
0001f724   _hEdmaRcvRelPing
0001f728   _hEdmaRcvRelPong
0001f72c   _hEdmaXmt
0001f730   _hEdmaXmtRelPing
0001f734   _hEdmaXmtRelPong
0001f71c   _hMcbsp_AIC23
0001f8a4   _hMcbsp_AIC23_Config
0001f7e4   _hMcbsp_Link
00007648   _main
0000aa00   _memcpy
0000c640   _modf
0001f760   _num_f
00009764   _read_buffer_audio_out
0001f774   _ringbuff_audio_out_read_i
0001f778   _ringbuff_audio_out_write_i
0001f870   _rtdxNullChanCnt
0001f874   _rtdxNullFuncCnt
0001ec70   _rtdx_buffer_state
0001ec90   _rtdx_mon_state
0001f750   _t_reg
000073f8   _tccAllocTable
0001f800   _tccBSPLinkRcvPing
0001f804   _tccBSPLinkRcvPong
0001f808   _tccBSPLinkXmtPing
0001f80c   _tccBSPLinkXmtPong
0001f738   _tccRcvPing
0001f73c   _tccRcvPong
0001f740   _tccXmtPing
0001f744   _tccXmtPong
0001f748   _time_cnt
00009848   _tsk_led_toggle
0000b940   _wait500nS
00009604   _write_decoding_buffer
00003918   _y_dec
00000250   _y_enc
ffffffff   binit
0001a200   cinit
00000000   edata
0001f8a8   end
0000cfc0   etext
00000000   hwi0
00000020   hwi1
00000140   hwi10
00000160   hwi11
00000180   hwi12
000001a0   hwi13
000001c0   hwi14
000001e0   hwi15
00000040   hwi2
00000060   hwi3
00000080   hwi4
000000a0   hwi5
000000c0   hwi6
000000e0   hwi7
00000100   hwi8
00000120   hwi9
0001d494   pinit


GLOBAL SYMBOLS: SORTED BY Symbol Address 

address    name
--------   ----
00000000   .data
00000000   BUF$
00000000   CLK_COUNTSPMSHIGH
00000000   CLK_PRDHIGH
00000000   CLK_TDDR
00000000   CLK_TDDRHIGH
00000000   CLK_TIMERNUM
00000000   DEV$
00000000   DGN$
00000000   DHL$
00000000   DHL_gChannelsAvailable
00000000   DIO$
00000000   DIO_NUMSWIBASE
00000000   DIO_NUMTSKBASE
00000000   DIO_STATIC
00000000   DPI$
00000000   GBL_BIGENDIAN
00000000   GBL_C641XL2PRIORITY
00000000   GBL_CACHE
00000000   GBL_L2CONFIGALLOC
00000000   GBL_L2MARMASK1
00000000   GBL_L2MARMASK2
00000000   GBL_L2MARMASK3
00000000   GBL_L2MARMASK4
00000000   GBL_L2MARMASK5
00000000   GBL_L2MODE
00000000   GBL_L2PRIORITY
00000000   GBL_NULL
00000000   GBL_PROCID
00000000   GBL_ROM
00000000   GBL_SUPPORTCSL
00000000   GIO$
00000000   HOOK$
00000000   HOOK_KNLID
00000000   HST_DSM
00000000   HST_NONE
00000000   HWI_A_VECS
00000000   HWI_GENERATE_RESET_VEC
00000000   HWI_INT10$hwi
00000000   HWI_INT11$hwi
00000000   HWI_INT12$hwi
00000000   HWI_INT13$hwi
00000000   HWI_INT14$hwi
00000000   HWI_INT15$hwi
00000000   HWI_INT4$hwi
00000000   HWI_INT5$hwi
00000000   HWI_INT6$hwi
00000000   HWI_INT7$hwi
00000000   HWI_INT8$hwi
00000000   HWI_INT9$hwi
00000000   HWI_NMI$hwi
00000000   HWI_POLARITYMASK
00000000   HWI_RESERVED0$hwi
00000000   HWI_RESERVED1$hwi
00000000   HWI_RESET
00000000   HWI_RESET$hwi
00000000   IDL_busyObj$iB
00000000   IDL_busyObj$operation
00000000   KNL_swi$pri
00000000   KNL_swi$sts$unittype
00000000   KNL_swi$swi
00000000   LOG_system$datatype
00000000   LOG_system$log
00000000   MBX$
00000000   MEM_NULL
00000000   MEM_USEMPC
00000000   MSGQ$
00000000   MSGQ_USEMSGQ
00000000   OBJ$
00000000   PIP$
00000000   PIP_gNextId
00000000   POOL$
00000000   POOL_USEPOOL
00000000   PRD_Sek$mode
00000000   PRD_Sek$prd
00000000   PRD_Sek$sts$filter
00000000   PRD_swi$sts$unittype
00000000   PRD_swi$swi
00000000   RTA_fromHost$hst
00000000   RTA_fromHost$mode
00000000   RTA_toHost$hst
00000000   RTA_toHost$id
00000000   RTDX_MODE
00000000   RTDX_USERTEXECUTION
00000000   SIO$
00000000   SWI_ADC_In_Ping$sts$unittype
00000000   SWI_ADC_In_Ping$swi
00000000   SWI_ADC_In_Pong$sts$unittype
00000000   SWI_ADC_In_Pong$swi
00000000   SWI_ADC_Out_Ping$sts$unittype
00000000   SWI_ADC_Out_Ping$swi
00000000   SWI_ADC_Out_Pong$sts$unittype
00000000   SWI_ADC_Out_Pong$swi
00000000   SWI_BSPLink_In_Ping$sts$unittype
00000000   SWI_BSPLink_In_Ping$swi
00000000   SWI_BSPLink_In_Pong$sts$unittype
00000000   SWI_BSPLink_In_Pong$swi
00000000   SWI_BSPLink_Out_Ping$sts$unittype
00000000   SWI_BSPLink_Out_Ping$swi
00000000   SWI_BSPLink_Out_Pong$sts$unittype
00000000   SWI_BSPLink_Out_Pong$swi
00000000   SWI_Decode_Buffer$sts$unittype
00000000   SWI_Decode_Buffer$swi
00000000   SWI_EHOOKFXN
00000000   SWI_IHOOKFXN
00000000   TSK_LEDTOGGLE$sts$unittype
00000000   TSK_LEDTOGGLE$tsk
00000000   TSK_NUM_HOOKS
00000000   TSK_READYFXN
00000000   TSK_STACKSEG
00000000   TSK_SWITCHFXN
00000000   TSK_idle$pri
00000000   TSK_idle$sts$unittype
00000000   TSK_idle$tsk
00000000   UDEV$
00000000   _CLK_TDDR
00000000   _CLK_TIMERNUM
00000000   _GBL_CACHE
00000000   _HWI_RESET
00000000   _RTDX_interrupt_mask
00000000   ___data__
00000000   ___edata__
00000000   edata
00000000   hwi0
00000001   BUF_ENABLED
00000001   CLK$
00000001   CLK_CALDIV
00000001   CLK_HTIMEDIV
00000001   CLK_LTIMEDIV
00000001   CLK_USETIMER
00000001   GBL$
00000001   GBL_CALLCSLCFGINIT
00000001   GBL_ENABLEINST
00000001   GBL_L2CONFIGURE
00000001   GBL_L2MARMASK
00000001   GBL_USERINIT
00000001   GBL_boot
00000001   HST$
00000001   HST_RTDX
00000001   HWI$
00000001   HWI_NMI
00000001   HWI_ZEROTAB
00000001   IDL$
00000001   IDL_USECLKIDLTIME
00000001   IDL_busyObj$filter
00000001   IDL_busyObj$iA
00000001   IDL_busyObj$iC
00000001   ISRC$
00000001   KNL_swi$dorta
00000001   KNL_swi$sts$filtmaxmult
00000001   KNL_swi$sts$filtsummult
00000001   LCK$
00000001   LOG$
00000001   LOG_A_TABLEN
00000001   LOG_ENABLED
00000001   MEM$
00000001   MEM_gNumHeap
00000001   PRD$
00000001   PRD_A_TABLEN
00000001   PRD_Sek$ord
00000001   PRD_swi$dorta
00000001   PRD_swi$ord
00000001   PRD_swi$pri
00000001   PRD_swi$sts$filtmaxmult
00000001   PRD_swi$sts$filtsummult
00000001   QUE$
00000001   RTA_fromHost$id
00000001   RTA_toHost$mode
00000001   RTDX$
00000001   RTDX_NORMALIZED_HDR
00000001   RTDX_USERTDX
00000001   SEM$
00000001   STS$
00000001   SWI$
00000001   SWI_ADC_In_Ping$dorta
00000001   SWI_ADC_In_Ping$sts$filtmaxmult
00000001   SWI_ADC_In_Ping$sts$filtsummult
00000001   SWI_ADC_In_Pong$dorta
00000001   SWI_ADC_In_Pong$sts$filtmaxmult
00000001   SWI_ADC_In_Pong$sts$filtsummult
00000001   SWI_ADC_Out_Ping$dorta
00000001   SWI_ADC_Out_Ping$sts$filtmaxmult
00000001   SWI_ADC_Out_Ping$sts$filtsummult
00000001   SWI_ADC_Out_Pong$dorta
00000001   SWI_ADC_Out_Pong$sts$filtmaxmult
00000001   SWI_ADC_Out_Pong$sts$filtsummult
00000001   SWI_BSPLink_In_Ping$dorta
00000001   SWI_BSPLink_In_Ping$sts$filtmaxmult
00000001   SWI_BSPLink_In_Ping$sts$filtsummult
00000001   SWI_BSPLink_In_Pong$dorta
00000001   SWI_BSPLink_In_Pong$sts$filtmaxmult
00000001   SWI_BSPLink_In_Pong$sts$filtsummult
00000001   SWI_BSPLink_Out_Ping$dorta
00000001   SWI_BSPLink_Out_Ping$sts$filtmaxmult
00000001   SWI_BSPLink_Out_Ping$sts$filtsummult
00000001   SWI_BSPLink_Out_Pong$dorta
00000001   SWI_BSPLink_Out_Pong$sts$filtmaxmult
00000001   SWI_BSPLink_Out_Pong$sts$filtsummult
00000001   SWI_Decode_Buffer$dorta
00000001   SWI_Decode_Buffer$pri
00000001   SWI_Decode_Buffer$sts$filtmaxmult
00000001   SWI_Decode_Buffer$sts$filtsummult
00000001   SYS$
00000001   TSK$
00000001   TSK_LEDTOGGLE$sts$filtmaxmult
00000001   TSK_LEDTOGGLE$sts$filtsummult
00000001   TSK_PRIORITY
00000001   TSK_idle$ord
00000001   TSK_idle$sts$filtmaxmult
00000001   TSK_idle$sts$filtsummult
00000001   _CLK_USETIMER
00000001   _HWI_NMI
00000001   _LOG_A_TABLEN
00000002   HWI_RESERVED0
00000002   IDL_busyObj$unittype
00000002   KNL_swi$ord
00000002   KNL_swi$sts$filter
00000002   PIP_A_TABLEN
00000002   PIP_gNumEmbed
00000002   PRD_Sek$sts$unittype
00000002   PRD_swi$sts$filter
00000002   SWI_ADC_In_Ping$pri
00000002   SWI_ADC_In_Ping$sts$filter
00000002   SWI_ADC_In_Pong$pri
00000002   SWI_ADC_In_Pong$sts$filter
00000002   SWI_ADC_Out_Ping$pri
00000002   SWI_ADC_Out_Ping$sts$filter
00000002   SWI_ADC_Out_Pong$pri
00000002   SWI_ADC_Out_Pong$sts$filter
00000002   SWI_BSPLink_In_Ping$sts$filter
00000002   SWI_BSPLink_In_Pong$sts$filter
00000002   SWI_BSPLink_Out_Ping$pri
00000002   SWI_BSPLink_Out_Ping$sts$filter
00000002   SWI_BSPLink_Out_Pong$pri
00000002   SWI_BSPLink_Out_Pong$sts$filter
00000002   SWI_Decode_Buffer$sts$filter
00000002   TSK_LEDTOGGLE$pri
00000002   TSK_LEDTOGGLE$sts$filter
00000002   TSK_idle$sts$filter
00000002   _HWI_RESERVED0
00000002   _RTDX_JTAGONLY
00000003   HWI_RESERVED1
00000003   SWI_BSPLink_In_Ping$ord
00000003   SWI_BSPLink_In_Ping$pri
00000003   SWI_BSPLink_In_Pong$pri
00000003   TSK_LEDTOGGLE$ord
00000003   _HWI_RESERVED1
00000004   CLK_CALMULT
00000004   CLK_HTIMEMULT
00000004   HWI_INT4
00000004   RTA_fromHost$framesize
00000004   SWI_BSPLink_In_Pong$ord
00000004   _HWI_INT4
00000005   HWI_INT5
00000005   SWI_ADC_Out_Ping$ord
00000005   _HWI_INT5
00000006   HWI_INT6
00000006   IDL_CALIBRERROR
00000006   SWI_ADC_Out_Pong$ord
00000006   _HWI_INT6
00000007   HWI_INT7
00000007   SWI_ADC_In_Ping$ord
00000007   _HWI_INT7
00000008   HWI_INT8
00000008   PRD_SCALAR
00000008   SWI_ADC_In_Pong$ord
00000008   _HWI_INT8
00000009   HWI_INT9
00000009   SWI_BSPLink_Out_Ping$ord
00000009   _HWI_INT9
0000000a   HWI_INT10
0000000a   SWI_BSPLink_Out_Pong$ord
0000000a   _HWI_INT10
0000000b   HWI_INT11
0000000b   SWI_A_TABLEN
0000000b   SWI_Decode_Buffer$ord
0000000b   _HWI_INT11
0000000c   HWI_INT12
0000000c   _HWI_INT12
0000000d   HWI_INT13
0000000d   _HWI_INT13
0000000e   HWI_INT14
0000000e   _HWI_INT14
0000000f   HWI_INT15
0000000f   _HWI_INT15
00000020   CLK_TCR
00000020   hwi1
0000003e   GBL_DSPTYPE
00000040   HST_MAXFRAMESET
00000040   LOG_system$size
00000040   RTA_toHost$framesize
00000040   hwi2
00000042   GBL_FOOTPRINT
00000060   hwi3
00000064   PIP_OBJSIZE
00000080   hwi4
000000a0   hwi5
000000c0   hwi6
000000e0   hwi7
000000ff   HST_MAXFRAMEALLOWED
00000100   hwi8
00000120   hwi9
00000140   hwi10
00000160   hwi11
00000180   hwi12
000001a0   hwi13
000001c0   hwi14
000001e0   hwi15
00000200   _datainterface_config
00000220   _configEDMARcv
00000238   _configEDMAXmt
00000250   _y_enc
00000268   _e_enc
000003e8   CLK_MICROSECS
000003e8   PRD_Sek$period
00000400   HST_DSMMEMSIZE
00000400   TSK_STACKSIZE
00000408   RTDX_BUFMEMSIZE
00001770   GBL_CLKTYPE
00001a39   GBL_DSPSUBTYPE
00001dc0   _b_enc
00002226   GBL_L2ALLOC
00003918   _y_dec
00003930   _e_dec
00004000   CLK_INTBIT
00004000   __STACK_SIZE
00004e20   GBL_CLKIN
00005205   GBL_A_VERSION
00005308   HWI_CFGDISPATCHED
00005308   _HWI_CFGDISPATCHED
00005488   _b_dec
00006fe0   ___atexit_func_id__
00007190   __IRQ_eventTable
00007214   __IRQ_intTable
00007254   __IRQ_dispatchTable
0000725c   _KNL_queues
000072fc   _KNL_dummy
00007334   _TSK_ATTRS
00007350   _TSK_config
00007370   _TSK_timerSem
00007390   _OBJ_table
000073c8   _OBJ_segtab
000073f8   _tccAllocTable
00007438   __TSK_mutex
00007460   __MEM_mutex
00007488   _BSPLink_interface_config
000074a8   _configEDMABSPLinkRcv
000074c0   _configEDMABSPLinkXmt
00007508   __MCBSP_hDev0
0000750c   __MCBSP_hDev1
0000756c   __TIMER_deviceTable
00007584   __TIMER_hDev0
00007588   __TIMER_hDev1
0000758c   __TIMER_hBios
00007590   _SYS_exitStack
000075cc   __cleanup_ptr
000075d0   __dtors_ptr
000075d4   ___TI_enable_exit_profile_output
000075d8   __lock
000075dc   __unlock
000075e0   _dtors
000075e4   _DSK6713_version
000075e8   LOG_A_TABBEG
000075e8   LOG_system
000075e8   _LOG_A_TABBEG
000075e8   _LOG_system
00007600   .text
00007600   LOG_A_TABEND
00007600   _LOG_A_TABEND
00007600   ___text__
00007648   _main
00007840   _config_AIC23_EDMA
00007df0   _config_interrupts
00007e84   _EDMA_ISR
00008000   SDRAM$L
00008000   _SDRAM_length
000082e0   _ADC_Out_Ping
00008320   _ADC_Out_Pong
00008360   _ADC_In_Ping
0000838c   _ADC_In_Pong
000083b8   _BSPLink_In_Ping
0000840c   _BSPLink_In_Pong
00008460   _BSPLink_Out_Ping
0000850c   _BSPLink_Out_Pong
000085b8   _decode_buffer
00008bac   _encode_audio_data
000094b8   _framing_link_data
00009604   _write_decoding_buffer
00009764   _read_buffer_audio_out
0000981c   _SWI_LEDToggle
00009848   _tsk_led_toggle
00009900   _config_BSPLink
00009a78   _config_BSPLink_EDMA
0000a04c   _DSK6713_init
0000a368   _DSK6713_rget
0000a37c   _DSK6713_rset
0000a390   _DSK6713_wait
0000a3e8   _DSK6713_waitusec
0000a414   _DSK6713_getVersion
0000a480   __divf
0000a780   _EDMA_open
0000aa00   _memcpy
0000ac40   _Config_DSK6713_AIC23
0000ae80   __CSL_init
0000b0a0   _DSK6713_LED_init
0000b0e0   _DSK6713_LED_off
0000b150   _DSK6713_LED_on
0000b1c0   _DSK6713_LED_toggle
0000b280   _IRQ_map
0000b600   _EDMA_allocTable
0000b7a0   _MCBSP_reset
0000b940   _wait500nS
0000b968   GBL_USERINITFXN
0000b968   _GBL_setPLLto225MHz
0000bac0   _call_dtors
0000bc20   _EDMA_reset
0000bd60   _TIMER_open
0000bea0   _TIMER_reset
0000bfc0   _EDMA_intAlloc
0000c0c0   _MCBSP_open
0000c1c0   _MCBSP_start
0000c2c0   _EDMA_config
0000c3a0   __nround
0000c480   __strasg
0000c560   _atexit
0000c640   _modf
0000c7e0   _MCBSP_close
0000c880   _MCBSP_config
0000c920   __IRQ_init
0000c9c0   __fltlif
0000cb00   _DSK6713_DIP_init
0000cb08   _DSK6713_DIP_get
0000cb80   _EDMA_disableChannel
0000cbe0   _EDMA_enableChannel
0000cc40   _EDMA_intEnable
0000cca0   _EDMA_qdmaConfig
0000cd00   __fltulf
0000cd60   _EDMA_link
0000cda0   _IRQ_enable
0000cde0   ___add_dtor
0000ce20   _CSL6713_LIB_
0000ce40   _EDMA_intClear
0000ce60   _EDMA_intTest
0000ce80   _IRQ_clear
0000cea0   _IRQ_globalEnable
0000cec0   _MCBSP_getRcvAddr
0000cee0   _MCBSP_getXmtAddr
0000cf00   _MCBSP_write
0000cf20   _MCBSP_xrdy
0000cf40   __nop
0000cf60   __register_lock
0000cf80   __register_unlock
0000cfa0   __IRQ_hookFetchPacket
0000cfc0   _AIC_Buffer_in_ping
0000cfc0   ___etext__
0000cfc0   etext
0000d790   _AIC_Buffer_in_pong
0000dbba   CLK_COUNTSPMS
0000dbba   CLK_HTIMEPERLTIME
0000dbba   CLK_PRD
0000dbba   _CLK_COUNTSPMS
0000dbba   _CLK_PRD
0000dbef   GBL_TRCMASKVALUE
0000df60   _AIC_Buffer_out_ping
0000e730   _AIC_Buffer_out_pong
0000ef00   _Ringbuffer_Audio_out
00010670   _Decoding_Buffer
00010a58   _Encoding_Buffer
00010e40   _BSPLinkBuffer_in_ping
0001128c   _BSPLinkBuffer_in_pong
000116d8   _BSPLinkBuffer_out_ping
00011b24   _BSPLinkBuffer_out_pong
00011f70   RTA_fromHost$buf
00011f80   LNK_F_checkBufferCall
00011fa0   LNK_F_getChanPtr
00011ff8   LNK_F_init
00012000   LNK_F_dataPump
00012014   LNK_rcloop
000120e0   LNK_rdrtry
000120f0   LNK_rrloop
000121b4   LNK_wrrtry
000121c4   LNK_wrloop
000122a0   LNK_newin
000123e0   LNK_newout
00012544   LNK_F_readCallBack
000129b4   __GBL_setL2CacheMode
00012b60   SWI_F_enable
00012b60   __SWI_lat3beg
00012bcc   __SWI_lat3end
00012bd0   SWI_F_post
00012bd0   _SWI_post
00012d0c   __SWI_lat1beg
00012d7c   SWI_EXECFXN
00012d7c   SWI_F_exec
00012da8   SWI_F_iexec
00012dc0   __SWI_lat1end
00012dc4   __SWI_lat2beg
00012e34   __SWI_lat2end
00012e38   SWI_F_run
00012e38   SWI_RUNFXN
000130a0   CLK_HOOKFXN
000130a0   HWI_F_dispatch
000130a0   _HWI_F_dispatch
000130a0   __HWI_lat1beg
00013220   __HWI_lat1end
00013220   __HWI_lat2beg
0001334c   __HWI_lat2end2
0001337c   __HWI_lat3end2
000133c0   __HWI_lat2end1
000133e0   __HWI_lat3beg
000134e0   __HWI_lat3end1
00013500   PRD_F_swi
000137c0   PRD_F_tick
000138a0   _KNL_run
00013b60   RTA_F_getlog
00013ba4   RTA_F_getsts
00013bec   RTA_F_readblk
00013c0c   RTA_F_writeword
00013c18   RTA_F_resetmem
00013c18   __RTA_lat1beg
00013c50   __RTA_lat1end
00013c58   RTA_F_dispatch
00013ca8   RTA_execute
00013e20   _SEM_pendEnterKnl
00014320   PRD_THOOKFXN
00014320   _KNL_tick
00014340   PIP_F_take
000143d4   PIP_F_give
000143d4   PIP_F_probe
000144a8   PIP_F_start
00014580   __SEM_dopost
000147a0   _TSK_setup
000149a0   _KNL_saveIsrFrame
00014a6c   _KNL_switch
00014b20   KNL_glue
00014b60   CLK_F_getltime
00014b74   CLK_F_isr
00014cd4   CLK_F_itime
00014cd4   _CLK_F_itime
00014cd4   _CLK_itime
00014cf0   __CLK_lat1beg
00014d1c   __CLK_lat1end
00014d20   _TSK_exit
00014ec0   __auto_init
00015100   _TSK_startup
000151c0   _KNL_check
00015210   __KNL_lat1beg
00015298   _KNL_idle
00015298   __KNL_lat1end
000152bc   _KNL_max
00015300   _GBL_cslCacheInit
000153e0   _KNL_exit
00015434   _KNL_enter
000154c0   _SEM_postEnterKnl
000155a0   _SEM_post
000155a0   _SEM_postBinary
00015680   _CLK_measure
00015760   _KNL_ipost
00015820   _KNL_post
000158e0   _LCK_post
00015910   _LCK_pend
000159a0   _SYS_exit
00015a60   CLK_F_getfhtime
00015a80   CLK_F_gethtime
00015a80   CLK_F_getshtime
00015a80   CLK_TIMEFXN
00015b20   FXN_F_nop
00015b28   FXN_F_run
00015b28   _FXN_F_run
00015b78   FXN_F_zero
00015b78   _FXN_F_zero
00015ba0   IDL_F_busy
00015ba0   __IDL_lat1beg
00015bf0   __IDL_lat1end
00015c20   LOG_F_event
00015c20   _LOG_event
00015c20   __LOG_lat1beg
00015ca0   STS_F_delta
00015ca0   _STS_delta
00015cd8   STS_F_add
00015cd8   _STS_add
00015d04   STS_F_reset
00015d04   _STS_reset
00015d20   IDL_F_calibrate
00015da0   _HWI_disable
00015db8   _HWI_enable
00015dcc   _HWI_restore
00015e00   _SEM_pendBinary
00015e60   _SEM_pend
00015ec0   _SWI_disable
00015ee8   _SWI_enable
00015f20   _SYS_abort
00015f80   SYS_PUTCFXN
00015f80   _UTL_doPutc
00015fe0   _CLK_start
00016040   IDL_CALIBRFXN
00016040   IDL_F_stub
00016080   RTA_F_andn
000160a0   RTA_F_or
000160c0   SYS_ABORTFXN
000160c0   _UTL_doAbort
00016100   _CLK_stop
00016140   GIO_CREATEFXN
00016140   GIO_DELETEFXN
00016140   GIO_PENDFXN
00016140   GIO_POSTFXN
00016140   TSK_VCREATEFXN
00016140   TSK_VDELETEFXN
00016140   TSK_VEXITFXN
00016140   _FXN_F_nop
00016160   _GBL_getVersion
00016180   IDL_F_loop
00016180   _IDL_loop
000161a0   _STS_set
000161c0   SYS_ERRORFXN
000161c0   _UTL_doError
000161e0   SYS_EXITFXN
000161e0   _UTL_halt
00016200   GBL_stackbeg
00016200   _HWI_STKTOP
00016200   __stack
0001a1f8   _HWI_STKBOTTOM
0001a1ff   GBL_stackend
0001a200   __STACK_END
0001a200   ___cinit__
0001a200   cinit
0001d484   IDL_A_TABBEG
0001d484   IDL_cpuLoad
0001d484   _IDL_cpuLoad
0001d488   LNK_dataPump
0001d488   _LNK_dataPump
0001d48c   RTA_dispatcher
0001d48c   _RTA_dispatcher
0001d490   IDL_END
0001d494   ___pinit__
0001d494   pinit
0001d4a0   _RTDX_Poll
0001d8a0   _RTDX_Buffer_WriteCB
0001dee0   _RTDX_Mon_Queue
0001e100   _RTDX_Init_RT_Monitor
0001e180   _RTDX_Buffer_Initialize
0001e1e0   _RTDX_Buffer_ReadCB
0001e240   _RTDX_Buffer_Size
0001e280   _RTDX_Final_RT_Monitor
0001e2c0   _RTDX_Buffer_Read
0001e2e0   _RTDX_Buffer_Write
0001e320   _RTDX_Mask_IER
0001e340   BIOS_init
0001e340   _BIOS_init
0001e4bc   BIOS$$CLKON
0001e4fc   BIOS$$CLKOFF
0001e564   BIOS_start
0001e564   _BIOS_start
0001e620   _MEM_init
0001e700   _c_int00
0001e7c0   _TSK_init
0001e840   _OBJ_init
0001e860   _RTDX_Buffer
0001ec68   _RTDX_Buffer_Start
0001ec6c   _RTDX_Buffer_End
0001ec70   _rtdx_buffer_state
0001ec7c   _RTDX_writing
0001ec90   _rtdx_mon_state
0001ecb0   TSK_LEDTOGGLE$stack
0001f048   TSK_LEDTOGGLE$stkptr
0001f0b0   TSK_idle$stack
0001f448   TSK_idle$stkptr
0001f4b0   $bss
0001f4b0   .bss
0001f4b0   _HWI_dispatchTab
0001f4b0   ___bss__
0001f5b0   IDL_D_tabbeg
0001f5b4   IDL_D_calibrate
0001f5b8   IDL_D_calbeg
0001f5bc   LOG_D_system
0001f5bc   _LOG_D_system
0001f5c0   PIP_D_tabbeg
0001f5c4   PIP_D_tablen
0001f5c8   CLK_R_time
0001f5cc   CLK_D_timefxn
0001f5d0   CLK_D_tabbeg
0001f5d4   CLK_D_isrhook
0001f5d8   CLK_D_idletime
0001f5dc   _CLK_htimeDiv
0001f5e0   _CLK_htimeMult
0001f5e4   _CLK_ltimeDiv
0001f5e8   _CLK_ltimeMult
0001f5ec   _CLK_D_dirty
0001f5f0   _CLK_D_prd
0001f5f4   _CLK_D_tddr
0001f5f8   _CLK_D_countspms
0001f5fc   PRD_D_tick
0001f5fc   _PRD_D_tick
0001f600   PRD_D_cur
0001f604   PRD_D_elapsed
0001f608   PRD_D_prevtim
0001f60c   PRD_D_scalar
0001f610   PRD_D_swihandle
0001f614   PRD_D_tabbeg
0001f618   PRD_D_tablen
0001f61c   PRD_D_thook
0001f620   RTA_D_fromHost
0001f624   RTA_D_toHost
0001f628   RTA_D_logval
0001f638   RTA_D_stsval
0001f644   HST_D_chanmask
0001f648   HST_D_tabbeg
0001f64c   HST_D_tabend
0001f650   _GBL_procId
0001f654   _GBL_clkIn
0001f658   _GBL_freq
0001f65c   _MEM_D_NUMSEGMENTS
0001f660   _MEM_D_memtab
0001f664   _MEM_D_freelist
0001f668   _MEM_D_lockaddr
0001f66c   _MEM_D_unlockaddr
0001f670   _SYS
0001f674   __HOOK_knlId
0001f678   __HOOK_NUMHOOKS
0001f67c   SWI_D_runaddr
0001f67c   _SWI_D_runaddr
0001f67c   _SWI_data
0001f680   SWI_D_execaddr
0001f680   _SWI_D_execaddr
0001f684   SWI_D_curmask
0001f684   _SWI_D_curmask
0001f688   SWI_D_curset
0001f688   _SWI_D_curset
0001f68c   SWI_D_lock
0001f68c   _SWI_D_lock
0001f690   SWI_D_curmbox
0001f694   SWI_D_curfxn
0001f694   _SWI_D_curfxn
0001f698   SWI_D_rdybeg
0001f698   _SWI_D_rdybeg
0001f69c   SWI_D_inswi
0001f69c   _SWI_D_inswi
0001f6a0   SWI_D_rdytab
0001f718   _debug_buff_i
0001f71c   _hMcbsp_AIC23
0001f720   _hEdmaRcv
0001f724   _hEdmaRcvRelPing
0001f728   _hEdmaRcvRelPong
0001f72c   _hEdmaXmt
0001f730   _hEdmaXmtRelPing
0001f734   _hEdmaXmtRelPong
0001f738   _tccRcvPing
0001f73c   _tccRcvPong
0001f740   _tccXmtPing
0001f744   _tccXmtPong
0001f748   _time_cnt
0001f74c   _configComplete
0001f750   _t_reg
0001f754   _ENCODER
0001f758   _DECODER
0001f75c   _den_f
0001f760   _num_f
0001f764   _Encoding_Buffer_i
0001f768   _encoding_buff_valid
0001f76c   _Decoding_Buffer_i
0001f770   _decoding_buff_valid
0001f771   _dataDetected
0001f774   _ringbuff_audio_out_read_i
0001f778   _ringbuff_audio_out_write_i
0001f79c   _KNL_wFlag
0001f7a0   _KNL_wList
0001f7a4   _KNL_alarm
0001f7a8   _KNL_setpri
0001f7ac   _KNL_inactive
0001f7b0   _KNL_priority
0001f7b4   _KNL_set
0001f7b8   _KNL_curtask
0001f7bc   _KNL_prevtask
0001f7c0   _KNL_curtime
0001f7c4   _KNL_swiptr
0001f7c8   _KNL_curqueue
0001f7cc   _KNL_maxqueue
0001f7d0   _KNL_tswitchfxn
0001f7d4   _KNL_tcreatefxn
0001f7d8   _KNL_tdeletefxn
0001f7dc   _KNL_treadyfxn
0001f7e0   _KNL_idlefxn
0001f7e4   _hMcbsp_Link
0001f7e8   _hEdmaBSPLinkRcv
0001f7ec   _hEdmaBSPLinkRcvRelPing
0001f7f0   _hEdmaBSPLinkRcvRelPong
0001f7f4   _hEdmaBSPLinkXmt
0001f7f8   _hEdmaBSPLinkXmtRelPing
0001f7fc   _hEdmaBSPLinkXmtRelPong
0001f800   _tccBSPLinkRcvPing
0001f804   _tccBSPLinkRcvPong
0001f808   _tccBSPLinkXmtPing
0001f80c   _tccBSPLinkXmtPong
0001f810   _MEM_memtab
0001f81c   MEM_MALLOCSEG
0001f81c   MEM_SEGZERO
0001f81c   SDRAM
0001f81c   _SDRAM
0001f820   RTA_fromHost$pipe$dtab
0001f82c   RTA_toHost$pipe$dtab
0001f838   HWI_D_spsave
0001f838   _HWI_D_spsave
0001f838   _HWI_data
0001f844   _HWI_D_inhwi
0001f848   HWI_D_bss
0001f84c   HWI_D_ccmask
0001f850   LNK_dspFrameRequestMask
0001f850   _LNK_dspFrameRequestMask
0001f854   LNK_dspFrameReadyMask
0001f854   _LNK_dspFrameReadyMask
0001f858   LNK_readPend
0001f858   _LNK_readPend
0001f85c   LNK_readDone
0001f85c   _LNK_readDone
0001f860   LNK_readFail
0001f860   _LNK_readFail
0001f864   LNK_writeFail
0001f864   _LNK_writeFail
0001f870   _rtdxNullChanCnt
0001f874   _rtdxNullFuncCnt
0001f878   _TSK_nTasks
0001f87c   _TSK_pid
0001f880   _TSK
0001f884   _CLK_DFLTMICROSECS
0001f888   _CLK_D_microseconds
0001f88c   _SYS_exitStackPtr
0001f890   _SYS_exitStackTop
0001f894   _CLK_htimePerLtime
0001f89c   IDL_D_busyObj
0001f8a0   _MEM
0001f8a4   _hMcbsp_AIC23_Config
0001f8a8   _SYS_PUTCBEG
0001f8a8   ___end__
0001f8a8   end
0001faa7   _SYS_PUTCEND
0001faa8   PRD_SWIHANDLE
0001faa8   PRD_swi
0001faa8   SWI_A_TABBEG
0001faa8   _PRD_swi
0001fad4   KNL_swi
0001fad4   _KNL_swi
0001fb00   SWI_BSPLink_In_Ping
0001fb00   _SWI_BSPLink_In_Ping
0001fb2c   SWI_BSPLink_In_Pong
0001fb2c   _SWI_BSPLink_In_Pong
0001fb58   SWI_ADC_Out_Ping
0001fb58   _SWI_ADC_Out_Ping
0001fb84   SWI_ADC_Out_Pong
0001fb84   _SWI_ADC_Out_Pong
0001fbb0   SWI_ADC_In_Ping
0001fbb0   _SWI_ADC_In_Ping
0001fbdc   SWI_ADC_In_Pong
0001fbdc   _SWI_ADC_In_Pong
0001fc08   SWI_BSPLink_Out_Ping
0001fc08   _SWI_BSPLink_Out_Ping
0001fc34   SWI_BSPLink_Out_Pong
0001fc34   _SWI_BSPLink_Out_Pong
0001fc60   SWI_Decode_Buffer
0001fc60   _SWI_Decode_Buffer
0001fc8c   SWI_A_TABEND
0001fd00   LOG_system$buf
0001fe00   RTA_toHost$buf
0001ff00   PRD_Sek$sts$stsobj
0001ff00   STS_A_TABBEG
0001ff00   _STS_A_TABBEG
0001ff04   PRD_Sek$sts
0001ff10   PRD_swi$sts$stsobj
0001ff14   PRD_swi$sts
0001ff20   KNL_swi$sts$stsobj
0001ff24   KNL_swi$sts
0001ff30   SWI_BSPLink_In_Ping$sts$stsobj
0001ff34   SWI_BSPLink_In_Ping$sts
0001ff40   SWI_BSPLink_In_Pong$sts$stsobj
0001ff44   SWI_BSPLink_In_Pong$sts
0001ff50   SWI_ADC_Out_Ping$sts$stsobj
0001ff54   SWI_ADC_Out_Ping$sts
0001ff60   SWI_ADC_Out_Pong$sts$stsobj
0001ff64   SWI_ADC_Out_Pong$sts
0001ff70   SWI_ADC_In_Ping$sts$stsobj
0001ff74   SWI_ADC_In_Ping$sts
0001ff80   SWI_ADC_In_Pong$sts$stsobj
0001ff84   SWI_ADC_In_Pong$sts
0001ff90   SWI_BSPLink_Out_Ping$sts$stsobj
0001ff94   SWI_BSPLink_Out_Ping$sts
0001ffa0   SWI_BSPLink_Out_Pong$sts$stsobj
0001ffa4   SWI_BSPLink_Out_Pong$sts
0001ffb0   SWI_Decode_Buffer$sts$stsobj
0001ffb4   SWI_Decode_Buffer$sts
0001ffc0   TSK_idle$sts$stsobj
0001ffc4   TSK_idle$sts
0001ffd0   TSK_LEDTOGGLE$sts$stsobj
0001ffd4   TSK_LEDTOGGLE$sts
0001ffe0   IDL_busyObj$stsobj
0001ffe4   IDL_busyObj
0001ffe4   _IDL_busyObj
0001fff0   PIP_A_TABBEG
0001fff0   RTA_fromHost$pipe
0001fff0   STS_A_TABEND
0001fff0   _PIP_A_TABBEG
0001fff0   _STS_A_TABEND
0001fff4   RTA_fromHost$pipe$rd
00020020   RTA_fromHost$pipe$aaa
00020024   RTA_fromHost$pipe$wr
00020050   RTA_fromHost$pipe$bbb
00020054   RTA_toHost$pipe
00020058   RTA_toHost$pipe$rd
00020084   RTA_toHost$pipe$aaa
00020088   RTA_toHost$pipe$wr
000200b4   RTA_toHost$pipe$bbb
000200b8   PIP_A_TABEND
000200b8   _PIP_A_TABEND
000200c4   TSK_idle
000200c4   _TSK_idle
00020124   TSK_LEDTOGGLE
00020124   _TSK_LEDTOGGLE
0002022d   PRD_Sek$sts$maxfmt
00020230   HST_A_TABBEG
00020230   _HST_A_TABBEG
00020234   RTA_fromHost
00020234   _RTA_fromHost
00020236   PRD_Sek$sts$sumfmt
0002023c   RTA_fromHost$rtdx
0002023f   PRD_Sek$sts$avgfmt
0002024a   PRD_swi$sts$maxfmt
00020250   RTA_toHost
00020250   _RTA_toHost
00020252   PRD_swi$sts$sumfmt
00020258   RTA_toHost$rtdx
0002025a   PRD_swi$sts$avgfmt
00020264   KNL_swi$sts$maxfmt
0002026c   HST_A_TABEND
0002026c   KNL_swi$sts$sumfmt
0002026c   _HST_A_TABEND
00020274   KNL_swi$sts$avgfmt
00020278   SEM_LEDToggle
00020278   _SEM_LEDToggle
0002027e   SWI_BSPLink_In_Ping$sts$maxfmt
00020286   SWI_BSPLink_In_Ping$sts$sumfmt
0002028e   SWI_BSPLink_In_Ping$sts$avgfmt
00020298   PRD_A_TABBEG
00020298   PRD_Sek
00020298   SWI_BSPLink_In_Pong$sts$maxfmt
00020298   _PRD_Sek
000202a0   SWI_BSPLink_In_Pong$sts$sumfmt
000202a8   SWI_BSPLink_In_Pong$sts$avgfmt
000202b2   SWI_ADC_Out_Ping$sts$maxfmt
000202b4   PRD_Sek$aaa
000202b8   IDL_A_CALBEG
000202b8   IDL_cpuLoad$
000202b8   PRD_A_TABEND
000202ba   SWI_ADC_Out_Ping$sts$sumfmt
000202bc   LNK_dataPump$
000202c0   RTA_dispatcher$
000202c2   SWI_ADC_Out_Ping$sts$avgfmt
000202c4   IDL_END$
000202c8   SYS$config
000202cc   SWI_ADC_Out_Pong$sts$maxfmt
000202d4   SWI_ADC_Out_Pong$sts$sumfmt
000202d8   TRC_cinit
000202dc   SWI_ADC_Out_Pong$sts$avgfmt
000202dc   TRC_R_mask
000202dc   _TRC_R_mask
000202e0   GBL_initdone
000202e4   CLK_A_TABBEG
000202e4   PRD_clock
000202e4   _PRD_clock
000202e6   SWI_ADC_In_Ping$sts$maxfmt
000202e8   CLK_null
000202ee   SWI_ADC_In_Ping$sts$sumfmt
000202f6   SWI_ADC_In_Ping$sts$avgfmt
00020300   SWI_ADC_In_Pong$sts$maxfmt
00020308   SWI_ADC_In_Pong$sts$sumfmt
00020310   SWI_ADC_In_Pong$sts$avgfmt
0002031a   SWI_BSPLink_Out_Ping$sts$maxfmt
00020322   SWI_BSPLink_Out_Ping$sts$sumfmt
0002032a   SWI_BSPLink_Out_Ping$sts$avgfmt
00020334   SWI_BSPLink_Out_Pong$sts$maxfmt
0002033c   SWI_BSPLink_Out_Pong$sts$sumfmt
00020344   SWI_BSPLink_Out_Pong$sts$avgfmt
0002034e   SWI_Decode_Buffer$sts$maxfmt
00020356   SWI_Decode_Buffer$sts$sumfmt
0002035e   SWI_Decode_Buffer$sts$avgfmt
00020368   TSK_idle$sts$maxfmt
00020370   TSK_idle$sts$sumfmt
00020378   TSK_idle$sts$avgfmt
00020382   TSK_LEDTOGGLE$sts$maxfmt
0002038a   TSK_LEDTOGGLE$sts$sumfmt
00020392   TSK_LEDTOGGLE$sts$avgfmt
0002039c   IDL_busyObj$maxfmt
0002039f   IDL_busyObj$sumfmt
000203a2   IDL_busyObj$avgfmt
00036ee8   CLK_LTIMEMULT
00036ee8   GBL_FREQ
01940000   CLK_REGS
01940000   _CLK_REGS
082039a3   HWI_INTRMULTHIGH
250718a4   HWI_INTRMULTLOW
80000000   SDRAM$B
80000000   _SDRAM_base
80008000   _MySinus
800080dc   _MySound
ffffffff   HST_DSMBUFSEG
ffffffff   IRAM
ffffffff   RTDX_DATAMEMSEG
ffffffff   _IRAM
ffffffff   ___TI_pprof_out_hndl
ffffffff   ___TI_prof_data_size
ffffffff   ___TI_prof_data_start
ffffffff   ___binit__
ffffffff   ___c_args__
ffffffff   binit

[1011 symbols]
