<?xml version="1.0"?>
<link_info>
   <banner>TMS320C6x Linker PC v7.4.14</banner>
   <copyright>Copyright (c) 1996-2015 Texas Instruments Incorporated</copyright>
   <link_time>0x574e9fb0</link_time>
   <output_file>my_dsp_project.out</output_file>
   <entry_point>
      <name>_c_int00</name>
      <address>0x29f80</address>
   </entry_point>
   <input_file_list>
      <input_file id="fl-2">
         <path>.\</path>
         <kind>object</kind>
         <file>config_AIC23.obj</file>
         <name>config_AIC23.obj</name>
      </input_file>
      <input_file id="fl-3">
         <path>.\</path>
         <kind>object</kind>
         <file>config_BSPLink.obj</file>
         <name>config_BSPLink.obj</name>
      </input_file>
      <input_file id="fl-4">
         <path>.\</path>
         <kind>object</kind>
         <file>my_dsp_projectcfg.obj</file>
         <name>my_dsp_projectcfg.obj</name>
      </input_file>
      <input_file id="fl-5">
         <path>.\</path>
         <kind>object</kind>
         <file>my_dsp_projectcfg_c.obj</file>
         <name>my_dsp_projectcfg_c.obj</name>
      </input_file>
      <input_file id="fl-6">
         <path>.\</path>
         <kind>object</kind>
         <file>skeleton.obj</file>
         <name>skeleton.obj</name>
      </input_file>
      <input_file id="fl-8c">
         <path>C:\ti\bios_5_42_01_09\packages\ti\bios\lib\</path>
         <kind>archive</kind>
         <file>biosC6000.a67</file>
         <name>clk_htime.o67</name>
      </input_file>
      <input_file id="fl-8d">
         <path>C:\ti\bios_5_42_01_09\packages\ti\bios\lib\</path>
         <kind>archive</kind>
         <file>bios.a67</file>
         <name>biosdata.o67</name>
      </input_file>
      <input_file id="fl-8e">
         <path>C:\ti\bios_5_42_01_09\packages\ti\bios\lib\</path>
         <kind>archive</kind>
         <file>bios.a67</file>
         <name>hwi_disp_asm.o67</name>
      </input_file>
      <input_file id="fl-8f">
         <path>C:\ti\bios_5_42_01_09\packages\ti\bios\lib\</path>
         <kind>archive</kind>
         <file>bios.a67</file>
         <name>idl_stub.o67</name>
      </input_file>
      <input_file id="fl-90">
         <path>C:\ti\bios_5_42_01_09\packages\ti\bios\lib\</path>
         <kind>archive</kind>
         <file>lnkrtdx.a67</file>
         <name>rtdx.o67</name>
      </input_file>
      <input_file id="fl-91">
         <path>C:\ti\bios_5_42_01_09\packages\ti\bios\lib\</path>
         <kind>archive</kind>
         <file>bios.a67</file>
         <name>swi.o67</name>
      </input_file>
      <input_file id="fl-92">
         <path>C:\ti\bios_5_42_01_09\packages\ti\bios\lib\</path>
         <kind>archive</kind>
         <file>bios.a67</file>
         <name>fxn_c.o67</name>
      </input_file>
      <input_file id="fl-93">
         <path>C:\ti\bios_5_42_01_09\packages\ti\bios\lib\</path>
         <kind>archive</kind>
         <file>bios.a67</file>
         <name>gbl_cslpllinit62.o67</name>
      </input_file>
      <input_file id="fl-94">
         <path>C:\ti\bios_5_42_01_09\packages\ti\bios\lib\</path>
         <kind>archive</kind>
         <file>bios.a67</file>
         <name>knl_tick.o67</name>
      </input_file>
      <input_file id="fl-95">
         <path>C:\ti\bios_5_42_01_09\packages\ti\bios\lib\</path>
         <kind>archive</kind>
         <file>bios.a67</file>
         <name>utl_doab.o67</name>
      </input_file>
      <input_file id="fl-96">
         <path>C:\ti\bios_5_42_01_09\packages\ti\bios\lib\</path>
         <kind>archive</kind>
         <file>bios.a67</file>
         <name>utl_doer.o67</name>
      </input_file>
      <input_file id="fl-97">
         <path>C:\ti\bios_5_42_01_09\packages\ti\bios\lib\</path>
         <kind>archive</kind>
         <file>bios.a67</file>
         <name>utl_putc.o67</name>
      </input_file>
      <input_file id="fl-98">
         <path>C:\ti\bios_5_42_01_09\packages\ti\bios\lib\</path>
         <kind>archive</kind>
         <file>bios.a67</file>
         <name>utl_halt.o67</name>
      </input_file>
      <input_file id="fl-99">
         <path>C:\ti\bios_5_42_01_09\packages\ti\bios\lib\</path>
         <kind>archive</kind>
         <file>biosC6000.a67</file>
         <name>clk.o67</name>
      </input_file>
      <input_file id="fl-9a">
         <path>C:\ti\bios_5_42_01_09\packages\ti\bios\lib\</path>
         <kind>archive</kind>
         <file>bios.a67</file>
         <name>fxn.o67</name>
      </input_file>
      <input_file id="fl-9b">
         <path>C:\ti\bios_5_42_01_09\packages\ti\bios\lib\</path>
         <kind>archive</kind>
         <file>bios.a67</file>
         <name>boot.o67</name>
      </input_file>
      <input_file id="fl-9c">
         <path>C:\ti\bios_5_42_01_09\packages\ti\bios\lib\</path>
         <kind>archive</kind>
         <file>bios.a67</file>
         <name>trc.o67</name>
      </input_file>
      <input_file id="fl-9d">
         <path>C:\ti\bios_5_42_01_09\packages\ti\bios\lib\</path>
         <kind>archive</kind>
         <file>bios.a67</file>
         <name>hwi.o67</name>
      </input_file>
      <input_file id="fl-9e">
         <path>C:\ti\bios_5_42_01_09\packages\ti\bios\lib\</path>
         <kind>archive</kind>
         <file>bios.a67</file>
         <name>idl_busy.o67</name>
      </input_file>
      <input_file id="fl-9f">
         <path>C:\ti\bios_5_42_01_09\packages\ti\bios\lib\</path>
         <kind>archive</kind>
         <file>biosC6000.a67</file>
         <name>idl_cal.o67</name>
      </input_file>
      <input_file id="fl-a0">
         <path>C:\ti\bios_5_42_01_09\packages\ti\bios\lib\</path>
         <kind>archive</kind>
         <file>bios.a67</file>
         <name>idl.o67</name>
      </input_file>
      <input_file id="fl-a1">
         <path>C:\ti\bios_5_42_01_09\packages\ti\bios\lib\</path>
         <kind>archive</kind>
         <file>bios.a67</file>
         <name>knl_swit.o67</name>
      </input_file>
      <input_file id="fl-a2">
         <path>C:\ti\bios_5_42_01_09\packages\ti\bios\lib\</path>
         <kind>archive</kind>
         <file>bios.a67</file>
         <name>log.o67</name>
      </input_file>
      <input_file id="fl-a3">
         <path>C:\ti\bios_5_42_01_09\packages\ti\bios\lib\</path>
         <kind>archive</kind>
         <file>bios.a67</file>
         <name>pip.o67</name>
      </input_file>
      <input_file id="fl-a4">
         <path>C:\ti\bios_5_42_01_09\packages\ti\bios\lib\</path>
         <kind>archive</kind>
         <file>bios.a67</file>
         <name>prd.o67</name>
      </input_file>
      <input_file id="fl-a5">
         <path>C:\ti\bios_5_42_01_09\packages\ti\bios\lib\</path>
         <kind>archive</kind>
         <file>bios.a67</file>
         <name>rta.o67</name>
      </input_file>
      <input_file id="fl-a6">
         <path>C:\ti\bios_5_42_01_09\packages\ti\bios\lib\</path>
         <kind>archive</kind>
         <file>bios.a67</file>
         <name>rta_andn.o67</name>
      </input_file>
      <input_file id="fl-a7">
         <path>C:\ti\bios_5_42_01_09\packages\ti\bios\lib\</path>
         <kind>archive</kind>
         <file>bios.a67</file>
         <name>sts.o67</name>
      </input_file>
      <input_file id="fl-a8">
         <path>C:\ti\bios_5_42_01_09\packages\ti\bios\lib\</path>
         <kind>archive</kind>
         <file>bios.a67</file>
         <name>clk_data.o67</name>
      </input_file>
      <input_file id="fl-a9">
         <path>C:\ti\bios_5_42_01_09\packages\ti\bios\lib\</path>
         <kind>archive</kind>
         <file>bios.a67</file>
         <name>clk_data2.o67</name>
      </input_file>
      <input_file id="fl-aa">
         <path>C:\ti\bios_5_42_01_09\packages\ti\bios\lib\</path>
         <kind>archive</kind>
         <file>biosC6000.a67</file>
         <name>clk_meas.o67</name>
      </input_file>
      <input_file id="fl-ab">
         <path>C:\ti\bios_5_42_01_09\packages\ti\bios\lib\</path>
         <kind>archive</kind>
         <file>biosC6000.a67</file>
         <name>clk_start.o67</name>
      </input_file>
      <input_file id="fl-ac">
         <path>C:\ti\bios_5_42_01_09\packages\ti\bios\lib\</path>
         <kind>archive</kind>
         <file>biosC6000.a67</file>
         <name>clk_stop.o67</name>
      </input_file>
      <input_file id="fl-ad">
         <path>C:\ti\C6xCSL\lib_3x\</path>
         <kind>archive</kind>
         <file>csl6713.lib</file>
         <name>csl.obj</name>
      </input_file>
      <input_file id="fl-ae">
         <path>C:\ti\DSK6713\c6000\dsk6713\lib\</path>
         <kind>archive</kind>
         <file>dsk6713bsl.lib</file>
         <name>dsk6713_led.obj</name>
      </input_file>
      <input_file id="fl-af">
         <path>C:\ti\DSK6713\c6000\dsk6713\lib\</path>
         <kind>archive</kind>
         <file>dsk6713bsl.lib</file>
         <name>dsk6713.obj</name>
      </input_file>
      <input_file id="fl-b0">
         <path>C:\ti\C6xCSL\lib_3x\</path>
         <kind>archive</kind>
         <file>csl6713.lib</file>
         <name>csl_edma.obj</name>
      </input_file>
      <input_file id="fl-b1">
         <path>C:\ti\bios_5_42_01_09\packages\ti\bios\lib\</path>
         <kind>archive</kind>
         <file>bios.a67</file>
         <name>gbl_cslcacheinit.o67</name>
      </input_file>
      <input_file id="fl-b2">
         <path>C:\ti\bios_5_42_01_09\packages\ti\bios\lib\</path>
         <kind>archive</kind>
         <file>bios.a67</file>
         <name>gbl_vers.o67</name>
      </input_file>
      <input_file id="fl-b3">
         <path>C:\ti\bios_5_42_01_09\packages\ti\bios\lib\</path>
         <kind>archive</kind>
         <file>bios.a67</file>
         <name>hwi_c.o67</name>
      </input_file>
      <input_file id="fl-b4">
         <path>C:\ti\C6xCSL\lib_3x\</path>
         <kind>archive</kind>
         <file>csl6713.lib</file>
         <name>csl_irq.obj</name>
      </input_file>
      <input_file id="fl-b5">
         <path>C:\ti\bios_5_42_01_09\packages\ti\bios\lib\</path>
         <kind>archive</kind>
         <file>bios.a67</file>
         <name>knl.o67</name>
      </input_file>
      <input_file id="fl-b6">
         <path>C:\ti\bios_5_42_01_09\packages\ti\bios\lib\</path>
         <kind>archive</kind>
         <file>bios.a67</file>
         <name>knl_exit.o67</name>
      </input_file>
      <input_file id="fl-b7">
         <path>C:\ti\bios_5_42_01_09\packages\ti\bios\lib\</path>
         <kind>archive</kind>
         <file>bios.a67</file>
         <name>knl_chec.o67</name>
      </input_file>
      <input_file id="fl-b8">
         <path>C:\ti\bios_5_42_01_09\packages\ti\bios\lib\</path>
         <kind>archive</kind>
         <file>bios.a67</file>
         <name>knl_post.o67</name>
      </input_file>
      <input_file id="fl-b9">
         <path>C:\ti\bios_5_42_01_09\packages\ti\bios\lib\</path>
         <kind>archive</kind>
         <file>bios.a67</file>
         <name>knl_ipos.o67</name>
      </input_file>
      <input_file id="fl-ba">
         <path>C:\ti\bios_5_42_01_09\packages\ti\bios\lib\</path>
         <kind>archive</kind>
         <file>bios.a67</file>
         <name>knl_run.o67</name>
      </input_file>
      <input_file id="fl-bb">
         <path>C:\ti\C6xCSL\lib_3x\</path>
         <kind>archive</kind>
         <file>csl6713.lib</file>
         <name>csl_mcbsp.obj</name>
      </input_file>
      <input_file id="fl-bc">
         <path>C:\ti\bios_5_42_01_09\packages\ti\bios\lib\</path>
         <kind>archive</kind>
         <file>bios.a67</file>
         <name>mem_asm.o67</name>
      </input_file>
      <input_file id="fl-bd">
         <path>C:\ti\bios_5_42_01_09\packages\ti\bios\lib\</path>
         <kind>archive</kind>
         <file>bios.a67</file>
         <name>mem_init.o67</name>
      </input_file>
      <input_file id="fl-be">
         <path>C:\ti\bios_5_42_01_09\packages\ti\bios\lib\</path>
         <kind>archive</kind>
         <file>bios.a67</file>
         <name>obj_init.o67</name>
      </input_file>
      <input_file id="fl-bf">
         <path>C:\ti\bios_5_42_01_09\packages\ti\rtdx\lib\c6000\</path>
         <kind>archive</kind>
         <file>rtdx.lib</file>
         <name>buffer2.o62</name>
      </input_file>
      <input_file id="fl-c0">
         <path>C:\ti\bios_5_42_01_09\packages\ti\rtdx\lib\c6000\</path>
         <kind>archive</kind>
         <file>rtdx.lib</file>
         <name>buffer1.o62</name>
      </input_file>
      <input_file id="fl-c1">
         <path>C:\ti\bios_5_42_01_09\packages\ti\rtdx\lib\c6000\</path>
         <kind>archive</kind>
         <file>rtdx.lib</file>
         <name>intr_tgt.o62</name>
      </input_file>
      <input_file id="fl-c2">
         <path>C:\ti\bios_5_42_01_09\packages\ti\rtdx\lib\c6000\</path>
         <kind>archive</kind>
         <file>rtdx.lib</file>
         <name>rtdx_mon.o62</name>
      </input_file>
      <input_file id="fl-c3">
         <path>C:\ti\bios_5_42_01_09\packages\ti\bios\lib\</path>
         <kind>archive</kind>
         <file>bios.a67</file>
         <name>sem_pend_binary.o67</name>
      </input_file>
      <input_file id="fl-c4">
         <path>C:\ti\bios_5_42_01_09\packages\ti\bios\lib\</path>
         <kind>archive</kind>
         <file>bios.a67</file>
         <name>sem_pend.o67</name>
      </input_file>
      <input_file id="fl-c5">
         <path>C:\ti\bios_5_42_01_09\packages\ti\bios\lib\</path>
         <kind>archive</kind>
         <file>bios.a67</file>
         <name>sem_post_asm.o67</name>
      </input_file>
      <input_file id="fl-c6">
         <path>C:\ti\bios_5_42_01_09\packages\ti\bios\lib\</path>
         <kind>archive</kind>
         <file>bios.a67</file>
         <name>sem_post.o67</name>
      </input_file>
      <input_file id="fl-c7">
         <path>C:\ti\bios_5_42_01_09\packages\ti\bios\lib\</path>
         <kind>archive</kind>
         <file>bios.a67</file>
         <name>sts_set.o67</name>
      </input_file>
      <input_file id="fl-c8">
         <path>C:\ti\bios_5_42_01_09\packages\ti\bios\lib\</path>
         <kind>archive</kind>
         <file>bios.a67</file>
         <name>swi_disable.o67</name>
      </input_file>
      <input_file id="fl-c9">
         <path>C:\ti\C6xCSL\lib_3x\</path>
         <kind>archive</kind>
         <file>csl6713.lib</file>
         <name>csl_timer.obj</name>
      </input_file>
      <input_file id="fl-ca">
         <path>C:\ti\bios_5_42_01_09\packages\ti\bios\lib\</path>
         <kind>archive</kind>
         <file>bios.a67</file>
         <name>tsk.o67</name>
      </input_file>
      <input_file id="fl-cb">
         <path>C:\ti\bios_5_42_01_09\packages\ti\bios\lib\</path>
         <kind>archive</kind>
         <file>bios.a67</file>
         <name>tsk_exit.o67</name>
      </input_file>
      <input_file id="fl-cc">
         <path>C:\ti\bios_5_42_01_09\packages\ti\bios\lib\</path>
         <kind>archive</kind>
         <file>bios.a67</file>
         <name>sys_exit.o67</name>
      </input_file>
      <input_file id="fl-cd">
         <path>C:\ti\bios_5_42_01_09\packages\ti\bios\lib\</path>
         <kind>archive</kind>
         <file>bios.a67</file>
         <name>sys.o67</name>
      </input_file>
      <input_file id="fl-ce">
         <path>C:\ti\bios_5_42_01_09\packages\ti\bios\lib\</path>
         <kind>archive</kind>
         <file>bios.a67</file>
         <name>tsk_init.o67</name>
      </input_file>
      <input_file id="fl-cf">
         <path>C:\ti\bios_5_42_01_09\packages\ti\bios\lib\</path>
         <kind>archive</kind>
         <file>bios.a67</file>
         <name>tsk_setu.o67</name>
      </input_file>
      <input_file id="fl-d0">
         <path>C:\ti\bios_5_42_01_09\packages\ti\bios\lib\</path>
         <kind>archive</kind>
         <file>bios.a67</file>
         <name>tsk_stup.o67</name>
      </input_file>
      <input_file id="fl-d1">
         <path>C:\ti\bios_5_42_01_09\packages\ti\bios\lib\</path>
         <kind>archive</kind>
         <file>bios.a67</file>
         <name>lck.o67</name>
      </input_file>
      <input_file id="fl-d2">
         <path>C:\ti\bios_5_42_01_09\packages\ti\bios\lib\</path>
         <kind>archive</kind>
         <file>bios.a67</file>
         <name>sem_pend_counting.o67</name>
      </input_file>
      <input_file id="fl-d3">
         <path>C:\ti\bios_5_42_01_09\packages\ti\bios\lib\</path>
         <kind>archive</kind>
         <file>bios.a67</file>
         <name>sys_abor.o67</name>
      </input_file>
      <input_file id="fl-d4">
         <path>C:\ti\bios_5_42_01_09\packages\ti\bios\lib\</path>
         <kind>archive</kind>
         <file>bios.a67</file>
         <name>gbl_setL2CacheMode.o67</name>
      </input_file>
      <input_file id="fl-d5">
         <path>C:\ti\bios_5_42_01_09\packages\ti\bios\lib\</path>
         <kind>archive</kind>
         <file>bios.a67</file>
         <name>sem_dopo.o67</name>
      </input_file>
      <input_file id="fl-d6">
         <path>C:\ti\bios_5_42_01_09\packages\ti\bios\lib\</path>
         <kind>archive</kind>
         <file>bios.a67</file>
         <name>autoinit.o67</name>
      </input_file>
      <input_file id="fl-d7">
         <path>C:\ti\ccsv6\tools\compiler\c6000_7.4.14\lib\</path>
         <kind>archive</kind>
         <file>rts6700.lib</file>
         <name>_lock.obj</name>
      </input_file>
      <input_file id="fl-d8">
         <path>C:\ti\ccsv6\tools\compiler\c6000_7.4.14\lib\</path>
         <kind>archive</kind>
         <file>rts6700.lib</file>
         <name>strasg.obj</name>
      </input_file>
      <input_file id="fl-d9">
         <path>C:\ti\ccsv6\tools\compiler\c6000_7.4.14\lib\</path>
         <kind>archive</kind>
         <file>rts6700.lib</file>
         <name>atexit.obj</name>
      </input_file>
      <input_file id="fl-da">
         <path>C:\ti\ccsv6\tools\compiler\c6000_7.4.14\lib\</path>
         <kind>archive</kind>
         <file>rts6700.lib</file>
         <name>sinit.obj</name>
      </input_file>
      <input_file id="fl-db">
         <path>C:\ti\ccsv6\tools\compiler\c6000_7.4.14\lib\</path>
         <kind>archive</kind>
         <file>rts6700.lib</file>
         <name>exit.obj</name>
      </input_file>
      <input_file id="fl-dc">
         <path>C:\ti\ccsv6\tools\compiler\c6000_7.4.14\lib\</path>
         <kind>archive</kind>
         <file>rts6700.lib</file>
         <name>memcpy62.obj</name>
      </input_file>
   </input_file_list>
   <object_component_list>
      <object_component id="oc-5a">
         <name>.datenpuffer</name>
         <uninitialized>true</uninitialized>
         <run_address>0x80024aec</run_address>
         <size>0x4e20</size>
         <input_file_ref idref="fl-3"/>
      </object_component>
      <object_component id="oc-81">
         <name>.datenpuffer</name>
         <uninitialized>true</uninitialized>
         <run_address>0x8001aeac</run_address>
         <size>0x9c40</size>
         <input_file_ref idref="fl-6"/>
      </object_component>
      <object_component id="oc-80">
         <name>.sounds</name>
         <uninitialized>true</uninitialized>
         <run_address>0x80000000</run_address>
         <size>0x1aeac</size>
         <input_file_ref idref="fl-6"/>
      </object_component>
      <object_component id="oc-77">
         <name>.vers</name>
         <load_address>0x0</load_address>
         <run_address>0x0</run_address>
         <size>0x44</size>
         <input_file_ref idref="fl-4"/>
      </object_component>
      <object_component id="oc-64">
         <name>.clk</name>
         <uninitialized>true</uninitialized>
         <run_address>0x29bb8</run_address>
         <size>0x8</size>
         <input_file_ref idref="fl-4"/>
      </object_component>
      <object_component id="oc-65">
         <name>.prd</name>
         <uninitialized>true</uninitialized>
         <run_address>0x2b94c</run_address>
         <size>0x20</size>
         <input_file_ref idref="fl-4"/>
      </object_component>
      <object_component id="oc-9">
         <name>HWI_A_VECS</name>
         <load_address>0x0</load_address>
         <run_address>0x0</run_address>
         <size>0x0</size>
      </object_component>
      <object_component id="oc-6c">
         <name>.hwi_vec</name>
         <load_address>0x0</load_address>
         <run_address>0x0</run_address>
         <size>0x200</size>
         <input_file_ref idref="fl-4"/>
      </object_component>
      <object_component id="oc-6d">
         <name>.swi</name>
         <uninitialized>true</uninitialized>
         <run_address>0x2b740</run_address>
         <size>0xb0</size>
         <input_file_ref idref="fl-4"/>
      </object_component>
      <object_component id="oc-6e">
         <name>.tsk</name>
         <uninitialized>true</uninitialized>
         <run_address>0x2b5c8</run_address>
         <size>0xc0</size>
         <input_file_ref idref="fl-4"/>
      </object_component>
      <object_component id="oc-72">
         <name>.idl</name>
         <uninitialized>true</uninitialized>
         <run_address>0x2b994</run_address>
         <size>0x10</size>
         <input_file_ref idref="fl-4"/>
      </object_component>
      <object_component id="oc-71">
         <name>.idlcal</name>
         <uninitialized>true</uninitialized>
         <run_address>0x2b9a4</run_address>
         <size>0x10</size>
         <input_file_ref idref="fl-4"/>
      </object_component>
      <object_component id="oc-4a">
         <name>.bss</name>
         <uninitialized>true</uninitialized>
         <run_address>0x2b064</run_address>
         <size>0x28</size>
         <input_file_ref idref="fl-4"/>
      </object_component>
      <object_component id="oc-50">
         <name>.bss</name>
         <uninitialized>true</uninitialized>
         <run_address>0x2b0f8</run_address>
         <size>0x4</size>
         <input_file_ref idref="fl-2"/>
      </object_component>
      <object_component id="oc-57">
         <name>.bss</name>
         <uninitialized>true</uninitialized>
         <run_address>0x2b038</run_address>
         <size>0x2c</size>
         <input_file_ref idref="fl-3"/>
      </object_component>
      <object_component id="oc-7d">
         <name>.bss</name>
         <uninitialized>true</uninitialized>
         <run_address>0x2af98</run_address>
         <size>0x58</size>
         <input_file_ref idref="fl-6"/>
      </object_component>
      <object_component id="oc-89">
         <name>.bss</name>
         <uninitialized>true</uninitialized>
         <run_address>0x2ae30</run_address>
         <size>0xcc</size>
         <input_file_ref idref="fl-8d"/>
      </object_component>
      <object_component id="oc-8b">
         <name>.bss</name>
         <uninitialized>true</uninitialized>
         <run_address>0x2ad30</run_address>
         <size>0x100</size>
         <input_file_ref idref="fl-8e"/>
      </object_component>
      <object_component id="oc-92">
         <name>.bss</name>
         <uninitialized>true</uninitialized>
         <run_address>0x2b0a4</run_address>
         <size>0x18</size>
         <input_file_ref idref="fl-90"/>
      </object_component>
      <object_component id="oc-98">
         <name>.bss</name>
         <uninitialized>true</uninitialized>
         <run_address>0x2aefc</run_address>
         <size>0x9c</size>
         <input_file_ref idref="fl-91"/>
      </object_component>
      <object_component id="oc-c6">
         <name>.bss</name>
         <uninitialized>true</uninitialized>
         <run_address>0x2b08c</run_address>
         <size>0x18</size>
         <input_file_ref idref="fl-9d"/>
      </object_component>
      <object_component id="oc-c8">
         <name>.bss</name>
         <uninitialized>true</uninitialized>
         <run_address>0x2b0f0</run_address>
         <size>0x4</size>
         <input_file_ref idref="fl-9e"/>
      </object_component>
      <object_component id="oc-f4">
         <name>.bss</name>
         <uninitialized>true</uninitialized>
         <run_address>0x2b0d8</run_address>
         <size>0x8</size>
         <input_file_ref idref="fl-a8"/>
      </object_component>
      <object_component id="oc-f7">
         <name>.bss</name>
         <uninitialized>true</uninitialized>
         <run_address>0x2b0e8</run_address>
         <size>0x4</size>
         <input_file_ref idref="fl-a9"/>
      </object_component>
      <object_component id="oc-12d">
         <name>.bss</name>
         <uninitialized>true</uninitialized>
         <run_address>0x2aff0</run_address>
         <size>0x48</size>
         <input_file_ref idref="fl-b5"/>
      </object_component>
      <object_component id="oc-14b">
         <name>.bss</name>
         <uninitialized>true</uninitialized>
         <run_address>0x2b0f4</run_address>
         <size>0x4</size>
         <input_file_ref idref="fl-bc"/>
      </object_component>
      <object_component id="oc-159">
         <name>.bss</name>
         <uninitialized>true</uninitialized>
         <run_address>0x2b0bc</run_address>
         <size>0x10</size>
         <input_file_ref idref="fl-c0"/>
      </object_component>
      <object_component id="oc-186">
         <name>.bss</name>
         <uninitialized>true</uninitialized>
         <run_address>0x2b0cc</run_address>
         <size>0xc</size>
         <input_file_ref idref="fl-ca"/>
      </object_component>
      <object_component id="oc-194">
         <name>.bss</name>
         <uninitialized>true</uninitialized>
         <run_address>0x2b0e0</run_address>
         <size>0x8</size>
         <input_file_ref idref="fl-cd"/>
      </object_component>
      <object_component id="oc-1b5">
         <name>.bss</name>
         <uninitialized>true</uninitialized>
         <run_address>0x2b0ec</run_address>
         <size>0x4</size>
         <input_file_ref idref="fl-d4"/>
      </object_component>
      <object_component id="oc-53">
         <name>.far</name>
         <uninitialized>true</uninitialized>
         <run_address>0x29ae0</run_address>
         <size>0x34</size>
         <input_file_ref idref="fl-2"/>
      </object_component>
      <object_component id="oc-5b">
         <name>.far</name>
         <uninitialized>true</uninitialized>
         <run_address>0x29a08</run_address>
         <size>0x50</size>
         <input_file_ref idref="fl-3"/>
      </object_component>
      <object_component id="oc-82">
         <name>.far</name>
         <uninitialized>true</uninitialized>
         <run_address>0x29a58</run_address>
         <size>0x50</size>
         <input_file_ref idref="fl-6"/>
      </object_component>
      <object_component id="oc-a5">
         <name>.far</name>
         <uninitialized>true</uninitialized>
         <run_address>0x29b80</run_address>
         <size>0x10</size>
         <input_file_ref idref="fl-94"/>
      </object_component>
      <object_component id="oc-b2">
         <name>.far</name>
         <uninitialized>true</uninitialized>
         <run_address>0x29b90</run_address>
         <size>0xc</size>
         <input_file_ref idref="fl-97"/>
      </object_component>
      <object_component id="oc-107">
         <name>.far</name>
         <uninitialized>true</uninitialized>
         <run_address>0x29b14</run_address>
         <size>0x28</size>
         <input_file_ref idref="fl-ad"/>
      </object_component>
      <object_component id="oc-10c">
         <name>.far</name>
         <uninitialized>true</uninitialized>
         <run_address>0x29bb6</run_address>
         <size>0x2</size>
         <input_file_ref idref="fl-ae"/>
      </object_component>
      <object_component id="oc-111">
         <name>.far</name>
         <uninitialized>true</uninitialized>
         <run_address>0x29bb4</run_address>
         <size>0x2</size>
         <input_file_ref idref="fl-af"/>
      </object_component>
      <object_component id="oc-117">
         <name>.far</name>
         <uninitialized>true</uninitialized>
         <run_address>0x29964</run_address>
         <size>0x54</size>
         <input_file_ref idref="fl-b0"/>
      </object_component>
      <object_component id="oc-129">
         <name>.far</name>
         <uninitialized>true</uninitialized>
         <run_address>0x296e8</run_address>
         <size>0xf4</size>
         <input_file_ref idref="fl-b4"/>
      </object_component>
      <object_component id="oc-130">
         <name>.far</name>
         <uninitialized>true</uninitialized>
         <run_address>0x297dc</run_address>
         <size>0xd8</size>
         <input_file_ref idref="fl-b5"/>
      </object_component>
      <object_component id="oc-147">
         <name>.far</name>
         <uninitialized>true</uninitialized>
         <run_address>0x29aa8</run_address>
         <size>0x38</size>
         <input_file_ref idref="fl-bb"/>
      </object_component>
      <object_component id="oc-152">
         <name>.far</name>
         <uninitialized>true</uninitialized>
         <run_address>0x29910</run_address>
         <size>0x54</size>
         <input_file_ref idref="fl-be"/>
      </object_component>
      <object_component id="oc-182">
         <name>.far</name>
         <uninitialized>true</uninitialized>
         <run_address>0x29b3c</run_address>
         <size>0x24</size>
         <input_file_ref idref="fl-c9"/>
      </object_component>
      <object_component id="oc-189">
         <name>.far</name>
         <uninitialized>true</uninitialized>
         <run_address>0x298b4</run_address>
         <size>0x5c</size>
         <input_file_ref idref="fl-ca"/>
      </object_component>
      <object_component id="oc-197">
         <name>.far</name>
         <uninitialized>true</uninitialized>
         <run_address>0x29b60</run_address>
         <size>0x20</size>
         <input_file_ref idref="fl-cd"/>
      </object_component>
      <object_component id="oc-1a4">
         <name>.far</name>
         <uninitialized>true</uninitialized>
         <run_address>0x299b8</run_address>
         <size>0x50</size>
         <input_file_ref idref="fl-d0"/>
      </object_component>
      <object_component id="oc-1c5">
         <name>.far</name>
         <uninitialized>true</uninitialized>
         <run_address>0x29ba8</run_address>
         <size>0x8</size>
         <input_file_ref idref="fl-d7"/>
      </object_component>
      <object_component id="oc-1cd">
         <name>.far</name>
         <uninitialized>true</uninitialized>
         <run_address>0x29560</run_address>
         <size>0x188</size>
         <input_file_ref idref="fl-d9"/>
      </object_component>
      <object_component id="oc-1d2">
         <name>.far</name>
         <uninitialized>true</uninitialized>
         <run_address>0x29bb0</run_address>
         <size>0x4</size>
         <input_file_ref idref="fl-da"/>
      </object_component>
      <object_component id="oc-1d7">
         <name>.far</name>
         <uninitialized>true</uninitialized>
         <run_address>0x29b9c</run_address>
         <size>0xc</size>
         <input_file_ref idref="fl-db"/>
      </object_component>
      <object_component id="oc-75">
         <name>.sem</name>
         <uninitialized>true</uninitialized>
         <run_address>0x2b8f8</run_address>
         <size>0x2c</size>
         <input_file_ref idref="fl-4"/>
      </object_component>
      <object_component id="oc-60">
         <name>.mem</name>
         <uninitialized>true</uninitialized>
         <run_address>0x2b2fc</run_address>
         <size>0x4</size>
         <input_file_ref idref="fl-4"/>
      </object_component>
      <object_component id="oc-94">
         <name>.bios</name>
         <load_address>0x1c580</load_address>
         <run_address>0x1c580</run_address>
         <size>0x600</size>
         <input_file_ref idref="fl-90"/>
      </object_component>
      <object_component id="oc-1b8">
         <name>.bios</name>
         <load_address>0x1cb80</load_address>
         <run_address>0x1cb80</run_address>
         <size>0x5e0</size>
         <input_file_ref idref="fl-d4"/>
      </object_component>
      <object_component id="oc-47">
         <name>.bios</name>
         <load_address>0x1d160</load_address>
         <run_address>0x1d160</run_address>
         <size>0x540</size>
         <input_file_ref idref="fl-91"/>
      </object_component>
      <object_component id="oc-48">
         <name>.bios</name>
         <load_address>0x1d6a0</load_address>
         <run_address>0x1d6a0</run_address>
         <size>0x460</size>
         <input_file_ref idref="fl-8e"/>
      </object_component>
      <object_component id="oc-e3">
         <name>.bios</name>
         <load_address>0x1db00</load_address>
         <run_address>0x1db00</run_address>
         <size>0x3a0</size>
         <input_file_ref idref="fl-a4"/>
      </object_component>
      <object_component id="oc-143">
         <name>.bios</name>
         <load_address>0x1dea0</load_address>
         <run_address>0x1dea0</run_address>
         <size>0x2c0</size>
         <input_file_ref idref="fl-ba"/>
      </object_component>
      <object_component id="oc-e8">
         <name>.bios</name>
         <load_address>0x1e160</load_address>
         <run_address>0x1e160</run_address>
         <size>0x2c0</size>
         <input_file_ref idref="fl-a5"/>
      </object_component>
      <object_component id="oc-16e">
         <name>.bios</name>
         <load_address>0x1e420</load_address>
         <run_address>0x1e420</run_address>
         <size>0x2c0</size>
         <input_file_ref idref="fl-c4"/>
      </object_component>
      <object_component id="oc-4c">
         <name>.bios</name>
         <load_address>0x1e6e0</load_address>
         <run_address>0x1e6e0</run_address>
         <size>0x260</size>
         <input_file_ref idref="fl-94"/>
      </object_component>
      <object_component id="oc-df">
         <name>.bios</name>
         <load_address>0x1e940</load_address>
         <run_address>0x1e940</run_address>
         <size>0x240</size>
         <input_file_ref idref="fl-a3"/>
      </object_component>
      <object_component id="oc-1bc">
         <name>.bios</name>
         <load_address>0x1eb80</load_address>
         <run_address>0x1eb80</run_address>
         <size>0x220</size>
         <input_file_ref idref="fl-d5"/>
      </object_component>
      <object_component id="oc-19e">
         <name>.bios</name>
         <load_address>0x1eda0</load_address>
         <run_address>0x1eda0</run_address>
         <size>0x200</size>
         <input_file_ref idref="fl-cf"/>
      </object_component>
      <object_component id="oc-d7">
         <name>.bios</name>
         <load_address>0x1efa0</load_address>
         <run_address>0x1efa0</run_address>
         <size>0x1c0</size>
         <input_file_ref idref="fl-a1"/>
      </object_component>
      <object_component id="oc-b8">
         <name>.bios</name>
         <load_address>0x1f160</load_address>
         <run_address>0x1f160</run_address>
         <size>0x1c0</size>
         <input_file_ref idref="fl-99"/>
      </object_component>
      <object_component id="oc-18d">
         <name>.bios</name>
         <load_address>0x1f320</load_address>
         <run_address>0x1f320</run_address>
         <size>0x1a0</size>
         <input_file_ref idref="fl-cb"/>
      </object_component>
      <object_component id="oc-1c0">
         <name>.bios</name>
         <load_address>0x1f4c0</load_address>
         <run_address>0x1f4c0</run_address>
         <size>0x180</size>
         <input_file_ref idref="fl-d6"/>
      </object_component>
      <object_component id="oc-1a5">
         <name>.bios</name>
         <load_address>0x1f640</load_address>
         <run_address>0x1f640</run_address>
         <size>0x180</size>
         <input_file_ref idref="fl-d0"/>
      </object_component>
      <object_component id="oc-136">
         <name>.bios</name>
         <load_address>0x1f7c0</load_address>
         <run_address>0x1f7c0</run_address>
         <size>0x140</size>
         <input_file_ref idref="fl-b7"/>
      </object_component>
      <object_component id="oc-11c">
         <name>.bios</name>
         <load_address>0x1f900</load_address>
         <run_address>0x1f900</run_address>
         <size>0xe0</size>
         <input_file_ref idref="fl-b1"/>
      </object_component>
      <object_component id="oc-133">
         <name>.bios</name>
         <load_address>0x1f9e0</load_address>
         <run_address>0x1f9e0</run_address>
         <size>0xe0</size>
         <input_file_ref idref="fl-b6"/>
      </object_component>
      <object_component id="oc-176">
         <name>.bios</name>
         <load_address>0x1fac0</load_address>
         <run_address>0x1fac0</run_address>
         <size>0xe0</size>
         <input_file_ref idref="fl-c6"/>
      </object_component>
      <object_component id="oc-171">
         <name>.bios</name>
         <load_address>0x1fba0</load_address>
         <run_address>0x1fba0</run_address>
         <size>0xe0</size>
         <input_file_ref idref="fl-c5"/>
      </object_component>
      <object_component id="oc-fa">
         <name>.bios</name>
         <load_address>0x1fc80</load_address>
         <run_address>0x1fc80</run_address>
         <size>0xe0</size>
         <input_file_ref idref="fl-aa"/>
      </object_component>
      <object_component id="oc-13f">
         <name>.bios</name>
         <load_address>0x1fd60</load_address>
         <run_address>0x1fd60</run_address>
         <size>0xc0</size>
         <input_file_ref idref="fl-b9"/>
      </object_component>
      <object_component id="oc-13b">
         <name>.bios</name>
         <load_address>0x1fe20</load_address>
         <run_address>0x1fe20</run_address>
         <size>0xc0</size>
         <input_file_ref idref="fl-b8"/>
      </object_component>
      <object_component id="oc-1aa">
         <name>.bios</name>
         <load_address>0x1fee0</load_address>
         <run_address>0x1fee0</run_address>
         <size>0xc0</size>
         <input_file_ref idref="fl-d1"/>
      </object_component>
      <object_component id="oc-191">
         <name>.bios</name>
         <load_address>0x1ffa0</load_address>
         <run_address>0x1ffa0</run_address>
         <size>0xc0</size>
         <input_file_ref idref="fl-cc"/>
      </object_component>
      <object_component id="oc-49">
         <name>.bios</name>
         <load_address>0x20060</load_address>
         <run_address>0x20060</run_address>
         <size>0xc0</size>
         <input_file_ref idref="fl-8c"/>
      </object_component>
      <object_component id="oc-bc">
         <name>.bios</name>
         <load_address>0x20120</load_address>
         <run_address>0x20120</run_address>
         <size>0x80</size>
         <input_file_ref idref="fl-9a"/>
      </object_component>
      <object_component id="oc-ca">
         <name>.bios</name>
         <load_address>0x201a0</load_address>
         <run_address>0x201a0</run_address>
         <size>0x80</size>
         <input_file_ref idref="fl-9e"/>
      </object_component>
      <object_component id="oc-db">
         <name>.bios</name>
         <load_address>0x20220</load_address>
         <run_address>0x20220</run_address>
         <size>0x80</size>
         <input_file_ref idref="fl-a2"/>
      </object_component>
      <object_component id="oc-f0">
         <name>.bios</name>
         <load_address>0x202a0</load_address>
         <run_address>0x202a0</run_address>
         <size>0x80</size>
         <input_file_ref idref="fl-a7"/>
      </object_component>
      <object_component id="oc-ce">
         <name>.bios</name>
         <load_address>0x20320</load_address>
         <run_address>0x20320</run_address>
         <size>0x80</size>
         <input_file_ref idref="fl-9f"/>
      </object_component>
      <object_component id="oc-123">
         <name>.bios</name>
         <load_address>0x203a0</load_address>
         <run_address>0x203a0</run_address>
         <size>0x60</size>
         <input_file_ref idref="fl-b3"/>
      </object_component>
      <object_component id="oc-169">
         <name>.bios</name>
         <load_address>0x20400</load_address>
         <run_address>0x20400</run_address>
         <size>0x60</size>
         <input_file_ref idref="fl-c3"/>
      </object_component>
      <object_component id="oc-1ad">
         <name>.bios</name>
         <load_address>0x20460</load_address>
         <run_address>0x20460</run_address>
         <size>0x60</size>
         <input_file_ref idref="fl-d2"/>
      </object_component>
      <object_component id="oc-17d">
         <name>.bios</name>
         <load_address>0x204c0</load_address>
         <run_address>0x204c0</run_address>
         <size>0x60</size>
         <input_file_ref idref="fl-c8"/>
      </object_component>
      <object_component id="oc-1b2">
         <name>.bios</name>
         <load_address>0x20520</load_address>
         <run_address>0x20520</run_address>
         <size>0x60</size>
         <input_file_ref idref="fl-d3"/>
      </object_component>
      <object_component id="oc-4b">
         <name>.bios</name>
         <load_address>0x20580</load_address>
         <run_address>0x20580</run_address>
         <size>0x60</size>
         <input_file_ref idref="fl-97"/>
      </object_component>
      <object_component id="oc-fe">
         <name>.bios</name>
         <load_address>0x205e0</load_address>
         <run_address>0x205e0</run_address>
         <size>0x60</size>
         <input_file_ref idref="fl-ab"/>
      </object_component>
      <object_component id="oc-44">
         <name>.bios</name>
         <load_address>0x20640</load_address>
         <run_address>0x20640</run_address>
         <size>0x40</size>
         <input_file_ref idref="fl-8f"/>
      </object_component>
      <object_component id="oc-ec">
         <name>.bios</name>
         <load_address>0x20680</load_address>
         <run_address>0x20680</run_address>
         <size>0x40</size>
         <input_file_ref idref="fl-a6"/>
      </object_component>
      <object_component id="oc-43">
         <name>.bios</name>
         <load_address>0x206c0</load_address>
         <run_address>0x206c0</run_address>
         <size>0x40</size>
         <input_file_ref idref="fl-95"/>
      </object_component>
      <object_component id="oc-102">
         <name>.bios</name>
         <load_address>0x20700</load_address>
         <run_address>0x20700</run_address>
         <size>0x40</size>
         <input_file_ref idref="fl-ac"/>
      </object_component>
      <object_component id="oc-4f">
         <name>.bios</name>
         <load_address>0x20740</load_address>
         <run_address>0x20740</run_address>
         <size>0x20</size>
         <input_file_ref idref="fl-92"/>
      </object_component>
      <object_component id="oc-11f">
         <name>.bios</name>
         <load_address>0x20760</load_address>
         <run_address>0x20760</run_address>
         <size>0x20</size>
         <input_file_ref idref="fl-b2"/>
      </object_component>
      <object_component id="oc-d2">
         <name>.bios</name>
         <load_address>0x20780</load_address>
         <run_address>0x20780</run_address>
         <size>0x20</size>
         <input_file_ref idref="fl-a0"/>
      </object_component>
      <object_component id="oc-179">
         <name>.bios</name>
         <load_address>0x207a0</load_address>
         <run_address>0x207a0</run_address>
         <size>0x20</size>
         <input_file_ref idref="fl-c7"/>
      </object_component>
      <object_component id="oc-4e">
         <name>.bios</name>
         <load_address>0x207c0</load_address>
         <run_address>0x207c0</run_address>
         <size>0x20</size>
         <input_file_ref idref="fl-96"/>
      </object_component>
      <object_component id="oc-4d">
         <name>.bios</name>
         <load_address>0x207e0</load_address>
         <run_address>0x207e0</run_address>
         <size>0x20</size>
         <input_file_ref idref="fl-98"/>
      </object_component>
      <object_component id="oc-15d">
         <name>.pinit</name>
         <load_address>0x1c574</load_address>
         <run_address>0x1c574</run_address>
         <size>0x4</size>
         <input_file_ref idref="fl-c0"/>
      </object_component>
      <object_component id="oc-166">
         <name>.pinit</name>
         <load_address>0x1c578</load_address>
         <run_address>0x1c578</run_address>
         <size>0x4</size>
         <input_file_ref idref="fl-c2"/>
      </object_component>
      <object_component id="oc-63">
         <name>.sys</name>
         <uninitialized>true</uninitialized>
         <run_address>0x2b9b4</run_address>
         <size>0x10</size>
         <input_file_ref idref="fl-4"/>
      </object_component>
      <object_component id="oc-1dd">
         <name>.text</name>
         <load_address>0x24800</load_address>
         <run_address>0x24800</run_address>
         <size>0xd60</size>
         <input_file_ref idref="fl-6"/>
      </object_component>
      <object_component id="oc-1fe">
         <name>.text</name>
         <load_address>0x25560</load_address>
         <run_address>0x25560</run_address>
         <size>0x7e0</size>
         <input_file_ref idref="fl-3"/>
      </object_component>
      <object_component id="oc-110">
         <name>.text</name>
         <load_address>0x25d40</load_address>
         <run_address>0x25d40</run_address>
         <size>0x480</size>
         <input_file_ref idref="fl-af"/>
      </object_component>
      <object_component id="oc-1ef">
         <name>.text:_EDMA_open</name>
         <load_address>0x261c0</load_address>
         <run_address>0x261c0</run_address>
         <size>0x280</size>
         <input_file_ref idref="fl-b0"/>
      </object_component>
      <object_component id="oc-1e6">
         <name>.text:_memcpy</name>
         <load_address>0x26440</load_address>
         <run_address>0x26440</run_address>
         <size>0x240</size>
         <input_file_ref idref="fl-dc"/>
      </object_component>
      <object_component id="oc-1ea">
         <name>.text</name>
         <load_address>0x26680</load_address>
         <run_address>0x26680</run_address>
         <size>0x240</size>
         <input_file_ref idref="fl-2"/>
      </object_component>
      <object_component id="oc-1e9">
         <name>.text:__CSL_init</name>
         <load_address>0x268c0</load_address>
         <run_address>0x268c0</run_address>
         <size>0x220</size>
         <input_file_ref idref="fl-ad"/>
      </object_component>
      <object_component id="oc-10b">
         <name>.text</name>
         <load_address>0x26ae0</load_address>
         <run_address>0x26ae0</run_address>
         <size>0x1e0</size>
         <input_file_ref idref="fl-ae"/>
      </object_component>
      <object_component id="oc-1f9">
         <name>.text:_IRQ_map</name>
         <load_address>0x26cc0</load_address>
         <run_address>0x26cc0</run_address>
         <size>0x1c0</size>
         <input_file_ref idref="fl-b4"/>
      </object_component>
      <object_component id="oc-213">
         <name>.text:_mux2Tables</name>
         <load_address>0x26e80</load_address>
         <run_address>0x26e80</run_address>
         <size>0x1c0</size>
         <input_file_ref idref="fl-b4"/>
      </object_component>
      <object_component id="oc-1f0">
         <name>.text:_EDMA_allocTable</name>
         <load_address>0x27040</load_address>
         <run_address>0x27040</run_address>
         <size>0x1a0</size>
         <input_file_ref idref="fl-b0"/>
      </object_component>
      <object_component id="oc-209">
         <name>.text:_MCBSP_reset</name>
         <load_address>0x271e0</load_address>
         <run_address>0x271e0</run_address>
         <size>0x1a0</size>
         <input_file_ref idref="fl-bb"/>
      </object_component>
      <object_component id="oc-45">
         <name>.text</name>
         <load_address>0x27380</load_address>
         <run_address>0x27380</run_address>
         <size>0x180</size>
         <input_file_ref idref="fl-93"/>
      </object_component>
      <object_component id="oc-215">
         <name>.text:_call_dtors</name>
         <load_address>0x27500</load_address>
         <run_address>0x27500</run_address>
         <size>0x160</size>
         <input_file_ref idref="fl-da"/>
      </object_component>
      <object_component id="oc-20a">
         <name>.text:_EDMA_reset</name>
         <load_address>0x27660</load_address>
         <run_address>0x27660</run_address>
         <size>0x140</size>
         <input_file_ref idref="fl-b0"/>
      </object_component>
      <object_component id="oc-207">
         <name>.text:_TIMER_open</name>
         <load_address>0x277a0</load_address>
         <run_address>0x277a0</run_address>
         <size>0x140</size>
         <input_file_ref idref="fl-c9"/>
      </object_component>
      <object_component id="oc-214">
         <name>.text:_TIMER_reset</name>
         <load_address>0x278e0</load_address>
         <run_address>0x278e0</run_address>
         <size>0x120</size>
         <input_file_ref idref="fl-c9"/>
      </object_component>
      <object_component id="oc-1f2">
         <name>.text:_EDMA_intAlloc</name>
         <load_address>0x27a00</load_address>
         <run_address>0x27a00</run_address>
         <size>0x100</size>
         <input_file_ref idref="fl-b0"/>
      </object_component>
      <object_component id="oc-1eb">
         <name>.text:_MCBSP_open</name>
         <load_address>0x27b00</load_address>
         <run_address>0x27b00</run_address>
         <size>0x100</size>
         <input_file_ref idref="fl-bb"/>
      </object_component>
      <object_component id="oc-1ed">
         <name>.text:_MCBSP_start</name>
         <load_address>0x27c00</load_address>
         <run_address>0x27c00</run_address>
         <size>0x100</size>
         <input_file_ref idref="fl-bb"/>
      </object_component>
      <object_component id="oc-1f3">
         <name>.text:_EDMA_config</name>
         <load_address>0x27d00</load_address>
         <run_address>0x27d00</run_address>
         <size>0xe0</size>
         <input_file_ref idref="fl-b0"/>
      </object_component>
      <object_component id="oc-1e1">
         <name>.text:__strasg</name>
         <load_address>0x27de0</load_address>
         <run_address>0x27de0</run_address>
         <size>0xe0</size>
         <input_file_ref idref="fl-d8"/>
      </object_component>
      <object_component id="oc-204">
         <name>.text:_atexit</name>
         <load_address>0x27ec0</load_address>
         <run_address>0x27ec0</run_address>
         <size>0xe0</size>
         <input_file_ref idref="fl-d9"/>
      </object_component>
      <object_component id="oc-1a1">
         <name>.text</name>
         <load_address>0x27fa0</load_address>
         <run_address>0x27fa0</run_address>
         <size>0xc0</size>
         <input_file_ref idref="fl-d0"/>
      </object_component>
      <object_component id="oc-1ff">
         <name>.text:_MCBSP_close</name>
         <load_address>0x28060</load_address>
         <run_address>0x28060</run_address>
         <size>0xa0</size>
         <input_file_ref idref="fl-bb"/>
      </object_component>
      <object_component id="oc-1ec">
         <name>.text:_MCBSP_config</name>
         <load_address>0x28100</load_address>
         <run_address>0x28100</run_address>
         <size>0xa0</size>
         <input_file_ref idref="fl-bb"/>
      </object_component>
      <object_component id="oc-206">
         <name>.text:__IRQ_init</name>
         <load_address>0x281a0</load_address>
         <run_address>0x281a0</run_address>
         <size>0xa0</size>
         <input_file_ref idref="fl-b4"/>
      </object_component>
      <object_component id="oc-20c">
         <name>.text:_setMux</name>
         <load_address>0x28240</load_address>
         <run_address>0x28240</run_address>
         <size>0xa0</size>
         <input_file_ref idref="fl-b4"/>
      </object_component>
      <object_component id="oc-20d">
         <name>.text:_EDMA_disableChannel</name>
         <load_address>0x282e0</load_address>
         <run_address>0x282e0</run_address>
         <size>0x60</size>
         <input_file_ref idref="fl-b0"/>
      </object_component>
      <object_component id="oc-1f8">
         <name>.text:_EDMA_enableChannel</name>
         <load_address>0x28340</load_address>
         <run_address>0x28340</run_address>
         <size>0x60</size>
         <input_file_ref idref="fl-b0"/>
      </object_component>
      <object_component id="oc-1f7">
         <name>.text:_EDMA_intEnable</name>
         <load_address>0x283a0</load_address>
         <run_address>0x283a0</run_address>
         <size>0x60</size>
         <input_file_ref idref="fl-b0"/>
      </object_component>
      <object_component id="oc-20b">
         <name>.text:_EDMA_qdmaConfig</name>
         <load_address>0x28400</load_address>
         <run_address>0x28400</run_address>
         <size>0x60</size>
         <input_file_ref idref="fl-b0"/>
      </object_component>
      <object_component id="oc-1f4">
         <name>.text:_EDMA_link</name>
         <load_address>0x28460</load_address>
         <run_address>0x28460</run_address>
         <size>0x40</size>
         <input_file_ref idref="fl-b0"/>
      </object_component>
      <object_component id="oc-1fb">
         <name>.text:_IRQ_enable</name>
         <load_address>0x284a0</load_address>
         <run_address>0x284a0</run_address>
         <size>0x40</size>
         <input_file_ref idref="fl-b4"/>
      </object_component>
      <object_component id="oc-212">
         <name>.text:___add_dtor</name>
         <load_address>0x284e0</load_address>
         <run_address>0x284e0</run_address>
         <size>0x40</size>
         <input_file_ref idref="fl-da"/>
      </object_component>
      <object_component id="oc-1e8">
         <name>.text:_CSL6713_LIB_</name>
         <load_address>0x28520</load_address>
         <run_address>0x28520</run_address>
         <size>0x20</size>
         <input_file_ref idref="fl-ad"/>
      </object_component>
      <object_component id="oc-1f6">
         <name>.text:_EDMA_intClear</name>
         <load_address>0x28540</load_address>
         <run_address>0x28540</run_address>
         <size>0x20</size>
         <input_file_ref idref="fl-b0"/>
      </object_component>
      <object_component id="oc-1fd">
         <name>.text:_EDMA_intTest</name>
         <load_address>0x28560</load_address>
         <run_address>0x28560</run_address>
         <size>0x20</size>
         <input_file_ref idref="fl-b0"/>
      </object_component>
      <object_component id="oc-1fa">
         <name>.text:_IRQ_clear</name>
         <load_address>0x28580</load_address>
         <run_address>0x28580</run_address>
         <size>0x20</size>
         <input_file_ref idref="fl-b4"/>
      </object_component>
      <object_component id="oc-1fc">
         <name>.text:_IRQ_globalEnable</name>
         <load_address>0x285a0</load_address>
         <run_address>0x285a0</run_address>
         <size>0x20</size>
         <input_file_ref idref="fl-b4"/>
      </object_component>
      <object_component id="oc-1f1">
         <name>.text:_MCBSP_getRcvAddr</name>
         <load_address>0x285c0</load_address>
         <run_address>0x285c0</run_address>
         <size>0x20</size>
         <input_file_ref idref="fl-bb"/>
      </object_component>
      <object_component id="oc-1f5">
         <name>.text:_MCBSP_getXmtAddr</name>
         <load_address>0x285e0</load_address>
         <run_address>0x285e0</run_address>
         <size>0x20</size>
         <input_file_ref idref="fl-bb"/>
      </object_component>
      <object_component id="oc-1ee">
         <name>.text:_MCBSP_write</name>
         <load_address>0x28600</load_address>
         <run_address>0x28600</run_address>
         <size>0x20</size>
         <input_file_ref idref="fl-bb"/>
      </object_component>
      <object_component id="oc-208">
         <name>.text:_MCBSP_xrdy</name>
         <load_address>0x28620</load_address>
         <run_address>0x28620</run_address>
         <size>0x20</size>
         <input_file_ref idref="fl-bb"/>
      </object_component>
      <object_component id="oc-1e7">
         <name>.text:__nop</name>
         <load_address>0x28640</load_address>
         <run_address>0x28640</run_address>
         <size>0x20</size>
         <input_file_ref idref="fl-d7"/>
      </object_component>
      <object_component id="oc-1e4">
         <name>.text:__register_lock</name>
         <load_address>0x28660</load_address>
         <run_address>0x28660</run_address>
         <size>0x20</size>
         <input_file_ref idref="fl-d7"/>
      </object_component>
      <object_component id="oc-1e5">
         <name>.text:__register_unlock</name>
         <load_address>0x28680</load_address>
         <run_address>0x28680</run_address>
         <size>0x20</size>
         <input_file_ref idref="fl-d7"/>
      </object_component>
      <object_component id="oc-127">
         <name>.text</name>
         <load_address>0x286a0</load_address>
         <run_address>0x286a0</run_address>
         <size>0x20</size>
         <input_file_ref idref="fl-b4"/>
      </object_component>
      <object_component id="oc-7f">
         <name>.cinit</name>
         <load_address>0x200</load_address>
         <run_address>0x200</run_address>
         <size>0x1afa4</size>
         <input_file_ref idref="fl-6"/>
      </object_component>
      <object_component id="oc-61">
         <name>.cinit</name>
         <load_address>0x1b1a8</load_address>
         <run_address>0x1b1a8</run_address>
         <size>0x85c</size>
         <input_file_ref idref="fl-4"/>
      </object_component>
      <object_component id="oc-8a">
         <name>.cinit</name>
         <load_address>0x1ba08</load_address>
         <run_address>0x1ba08</run_address>
         <size>0x26c</size>
         <input_file_ref idref="fl-8d"/>
      </object_component>
      <object_component id="oc-12f">
         <name>.cinit</name>
         <load_address>0x1bc78</load_address>
         <run_address>0x1bc78</run_address>
         <size>0x1a4</size>
         <input_file_ref idref="fl-b5"/>
      </object_component>
      <object_component id="oc-128">
         <name>.cinit</name>
         <load_address>0x1be20</load_address>
         <run_address>0x1be20</run_address>
         <size>0x12c</size>
         <input_file_ref idref="fl-b4"/>
      </object_component>
      <object_component id="oc-99">
         <name>.cinit</name>
         <load_address>0x1bf50</load_address>
         <run_address>0x1bf50</run_address>
         <size>0xb0</size>
         <input_file_ref idref="fl-91"/>
      </object_component>
      <object_component id="oc-188">
         <name>.cinit</name>
         <load_address>0x1c000</load_address>
         <run_address>0x1c000</run_address>
         <size>0x80</size>
         <input_file_ref idref="fl-ca"/>
      </object_component>
      <object_component id="oc-59">
         <name>.cinit</name>
         <load_address>0x1c080</load_address>
         <run_address>0x1c080</run_address>
         <size>0x78</size>
         <input_file_ref idref="fl-3"/>
      </object_component>
      <object_component id="oc-116">
         <name>.cinit</name>
         <load_address>0x1c0f8</load_address>
         <run_address>0x1c0f8</run_address>
         <size>0x70</size>
         <input_file_ref idref="fl-b0"/>
      </object_component>
      <object_component id="oc-1a3">
         <name>.cinit</name>
         <load_address>0x1c168</load_address>
         <run_address>0x1c168</run_address>
         <size>0x60</size>
         <input_file_ref idref="fl-d0"/>
      </object_component>
      <object_component id="oc-93">
         <name>.cinit</name>
         <load_address>0x1c1c8</load_address>
         <run_address>0x1c1c8</run_address>
         <size>0x5c</size>
         <input_file_ref idref="fl-90"/>
      </object_component>
      <object_component id="oc-146">
         <name>.cinit</name>
         <load_address>0x1c228</load_address>
         <run_address>0x1c228</run_address>
         <size>0x54</size>
         <input_file_ref idref="fl-bb"/>
      </object_component>
      <object_component id="oc-e7">
         <name>.cinit</name>
         <load_address>0x1c280</load_address>
         <run_address>0x1c280</run_address>
         <size>0x4c</size>
         <input_file_ref idref="fl-a5"/>
      </object_component>
      <object_component id="oc-181">
         <name>.cinit</name>
         <load_address>0x1c2d0</load_address>
         <run_address>0x1c2d0</run_address>
         <size>0x4c</size>
         <input_file_ref idref="fl-c9"/>
      </object_component>
      <object_component id="oc-15b">
         <name>.cinit</name>
         <load_address>0x1c320</load_address>
         <run_address>0x1c320</run_address>
         <size>0x4c</size>
         <input_file_ref idref="fl-c0"/>
      </object_component>
      <object_component id="oc-52">
         <name>.cinit</name>
         <load_address>0x1c370</load_address>
         <run_address>0x1c370</run_address>
         <size>0x48</size>
         <input_file_ref idref="fl-2"/>
      </object_component>
      <object_component id="oc-106">
         <name>.cinit</name>
         <load_address>0x1c3b8</load_address>
         <run_address>0x1c3b8</run_address>
         <size>0x3c</size>
         <input_file_ref idref="fl-ad"/>
      </object_component>
      <object_component id="oc-c7">
         <name>.cinit</name>
         <load_address>0x1c3f8</load_address>
         <run_address>0x1c3f8</run_address>
         <size>0x34</size>
         <input_file_ref idref="fl-9d"/>
      </object_component>
      <object_component id="oc-b1">
         <name>.cinit</name>
         <load_address>0x1c430</load_address>
         <run_address>0x1c430</run_address>
         <size>0x2c</size>
         <input_file_ref idref="fl-97"/>
      </object_component>
      <object_component id="oc-1d6">
         <name>.cinit</name>
         <load_address>0x1c460</load_address>
         <run_address>0x1c460</run_address>
         <size>0x2c</size>
         <input_file_ref idref="fl-db"/>
      </object_component>
      <object_component id="oc-151">
         <name>.cinit</name>
         <load_address>0x1c490</load_address>
         <run_address>0x1c490</run_address>
         <size>0x24</size>
         <input_file_ref idref="fl-be"/>
      </object_component>
      <object_component id="oc-196">
         <name>.cinit</name>
         <load_address>0x1c4b8</load_address>
         <run_address>0x1c4b8</run_address>
         <size>0x1c</size>
         <input_file_ref idref="fl-cd"/>
      </object_component>
      <object_component id="oc-1c4">
         <name>.cinit</name>
         <load_address>0x1c4d8</load_address>
         <run_address>0x1c4d8</run_address>
         <size>0x1c</size>
         <input_file_ref idref="fl-d7"/>
      </object_component>
      <object_component id="oc-1cc">
         <name>.cinit</name>
         <load_address>0x1c4f8</load_address>
         <run_address>0x1c4f8</run_address>
         <size>0x1c</size>
         <input_file_ref idref="fl-d9"/>
      </object_component>
      <object_component id="oc-a4">
         <name>.cinit</name>
         <load_address>0x1c518</load_address>
         <run_address>0x1c518</run_address>
         <size>0x18</size>
         <input_file_ref idref="fl-94"/>
      </object_component>
      <object_component id="oc-1b7">
         <name>.cinit</name>
         <load_address>0x1c530</load_address>
         <run_address>0x1c530</run_address>
         <size>0xc</size>
         <input_file_ref idref="fl-d4"/>
      </object_component>
      <object_component id="oc-c9">
         <name>.cinit</name>
         <load_address>0x1c540</load_address>
         <run_address>0x1c540</run_address>
         <size>0xc</size>
         <input_file_ref idref="fl-9e"/>
      </object_component>
      <object_component id="oc-d6">
         <name>.cinit</name>
         <load_address>0x1c550</load_address>
         <run_address>0x1c550</run_address>
         <size>0xc</size>
         <input_file_ref idref="fl-a1"/>
      </object_component>
      <object_component id="oc-1d1">
         <name>.cinit</name>
         <load_address>0x1c560</load_address>
         <run_address>0x1c560</run_address>
         <size>0xc</size>
         <input_file_ref idref="fl-da"/>
      </object_component>
      <object_component id="oc-201">
         <name>.switch</name>
         <load_address>0x2b924</load_address>
         <run_address>0x2b924</run_address>
         <size>0x28</size>
         <input_file_ref idref="fl-c2"/>
      </object_component>
      <object_component id="oc-5f">
         <name>.gblinit</name>
         <load_address>0x2b870</load_address>
         <run_address>0x2b870</run_address>
         <size>0x4c</size>
         <input_file_ref idref="fl-4"/>
      </object_component>
      <object_component id="oc-76">
         <name>.sysinit</name>
         <load_address>0x29bc0</load_address>
         <run_address>0x29bc0</run_address>
         <size>0x2e0</size>
         <input_file_ref idref="fl-4"/>
      </object_component>
      <object_component id="oc-14d">
         <name>.sysinit</name>
         <load_address>0x29ea0</load_address>
         <run_address>0x29ea0</run_address>
         <size>0xe0</size>
         <input_file_ref idref="fl-bd"/>
      </object_component>
      <object_component id="oc-46">
         <name>.sysinit</name>
         <load_address>0x29f80</load_address>
         <run_address>0x29f80</run_address>
         <size>0xc0</size>
         <input_file_ref idref="fl-9b"/>
      </object_component>
      <object_component id="oc-19a">
         <name>.sysinit</name>
         <load_address>0x2a040</load_address>
         <run_address>0x2a040</run_address>
         <size>0x80</size>
         <input_file_ref idref="fl-ce"/>
      </object_component>
      <object_component id="oc-153">
         <name>.sysinit</name>
         <load_address>0x2a0c0</load_address>
         <run_address>0x2a0c0</run_address>
         <size>0x20</size>
         <input_file_ref idref="fl-be"/>
      </object_component>
      <object_component id="oc-c5">
         <name>.trcdata</name>
         <load_address>0x2b9c4</load_address>
         <run_address>0x2b9c4</run_address>
         <size>0xc</size>
         <input_file_ref idref="fl-9c"/>
      </object_component>
      <object_component id="oc-62">
         <name>.rtdx_data</name>
         <uninitialized>true</uninitialized>
         <run_address>0x2a0e0</run_address>
         <size>0x410</size>
         <input_file_ref idref="fl-4"/>
      </object_component>
      <object_component id="oc-15c">
         <name>.rtdx_data</name>
         <uninitialized>true</uninitialized>
         <run_address>0x2a4f0</run_address>
         <size>0x20</size>
         <input_file_ref idref="fl-c0"/>
      </object_component>
      <object_component id="oc-165">
         <name>.rtdx_data</name>
         <uninitialized>true</uninitialized>
         <run_address>0x2a510</run_address>
         <size>0x1c</size>
         <input_file_ref idref="fl-c2"/>
      </object_component>
      <object_component id="oc-1de">
         <name>.rtdx_text:_RTDX_Poll</name>
         <load_address>0x286c0</load_address>
         <run_address>0x286c0</run_address>
         <size>0x400</size>
         <input_file_ref idref="fl-c2"/>
      </object_component>
      <object_component id="oc-203">
         <name>.rtdx_text:_RTDX_Buffer_WriteCB</name>
         <load_address>0x28ac0</load_address>
         <run_address>0x28ac0</run_address>
         <size>0x340</size>
         <input_file_ref idref="fl-c0"/>
      </object_component>
      <object_component id="oc-210">
         <name>.rtdx_text:_RTDX_write_next</name>
         <load_address>0x28e00</load_address>
         <run_address>0x28e00</run_address>
         <size>0x300</size>
         <input_file_ref idref="fl-c0"/>
      </object_component>
      <object_component id="oc-211">
         <name>.rtdx_text:_RTDX_Mon_Queue</name>
         <load_address>0x29100</load_address>
         <run_address>0x29100</run_address>
         <size>0x140</size>
         <input_file_ref idref="fl-c2"/>
      </object_component>
      <object_component id="oc-20f">
         <name>.rtdx_text:_claim</name>
         <load_address>0x29240</load_address>
         <run_address>0x29240</run_address>
         <size>0xe0</size>
         <input_file_ref idref="fl-c0"/>
      </object_component>
      <object_component id="oc-1e3">
         <name>.rtdx_text:_RTDX_Init_RT_Monitor</name>
         <load_address>0x29320</load_address>
         <run_address>0x29320</run_address>
         <size>0x80</size>
         <input_file_ref idref="fl-c2"/>
      </object_component>
      <object_component id="oc-1e2">
         <name>.rtdx_text:_RTDX_Buffer_Initialize</name>
         <load_address>0x293a0</load_address>
         <run_address>0x293a0</run_address>
         <size>0x60</size>
         <input_file_ref idref="fl-c0"/>
      </object_component>
      <object_component id="oc-202">
         <name>.rtdx_text:_RTDX_Buffer_ReadCB</name>
         <load_address>0x29400</load_address>
         <run_address>0x29400</run_address>
         <size>0x60</size>
         <input_file_ref idref="fl-bf"/>
      </object_component>
      <object_component id="oc-20e">
         <name>.rtdx_text:_RTDX_Buffer_Size</name>
         <load_address>0x29460</load_address>
         <run_address>0x29460</run_address>
         <size>0x40</size>
         <input_file_ref idref="fl-c0"/>
      </object_component>
      <object_component id="oc-205">
         <name>.rtdx_text:_RTDX_Final_RT_Monitor</name>
         <load_address>0x294a0</load_address>
         <run_address>0x294a0</run_address>
         <size>0x40</size>
         <input_file_ref idref="fl-c2"/>
      </object_component>
      <object_component id="oc-1df">
         <name>.rtdx_text:_RTDX_Buffer_Read</name>
         <load_address>0x294e0</load_address>
         <run_address>0x294e0</run_address>
         <size>0x20</size>
         <input_file_ref idref="fl-bf"/>
      </object_component>
      <object_component id="oc-1e0">
         <name>.rtdx_text:_RTDX_Buffer_Write</name>
         <load_address>0x29500</load_address>
         <run_address>0x29500</run_address>
         <size>0x20</size>
         <input_file_ref idref="fl-c0"/>
      </object_component>
      <object_component id="oc-200">
         <name>.rtdx_text:_RTDX_checksum</name>
         <load_address>0x29520</load_address>
         <run_address>0x29520</run_address>
         <size>0x20</size>
         <input_file_ref idref="fl-c2"/>
      </object_component>
      <object_component id="oc-161">
         <name>.rtdx_text</name>
         <load_address>0x29540</load_address>
         <run_address>0x29540</run_address>
         <size>0x20</size>
         <input_file_ref idref="fl-c1"/>
      </object_component>
      <object_component id="oc-6f">
         <name>.TSK_idle$stk</name>
         <uninitialized>true</uninitialized>
         <run_address>0x2a930</run_address>
         <size>0x400</size>
         <input_file_ref idref="fl-4"/>
      </object_component>
      <object_component id="oc-70">
         <name>.TSK_LEDTOGGLE$stk</name>
         <uninitialized>true</uninitialized>
         <run_address>0x2a530</run_address>
         <size>0x400</size>
         <input_file_ref idref="fl-4"/>
      </object_component>
      <object_component id="oc-73">
         <name>.LOG_system$buf</name>
         <uninitialized>true</uninitialized>
         <run_address>0x2b300</run_address>
         <size>0x100</size>
         <input_file_ref idref="fl-4"/>
      </object_component>
      <object_component id="oc-68">
         <name>.hst1</name>
         <uninitialized>true</uninitialized>
         <run_address>0x2b984</run_address>
         <size>0x10</size>
         <input_file_ref idref="fl-4"/>
      </object_component>
      <object_component id="oc-6b">
         <name>.hst0</name>
         <uninitialized>true</uninitialized>
         <run_address>0x2b400</run_address>
         <size>0x100</size>
         <input_file_ref idref="fl-4"/>
      </object_component>
      <object_component id="oc-1a6">
         <name>.const</name>
         <load_address>0x2b688</load_address>
         <run_address>0x2b688</run_address>
         <size>0x4e</size>
         <input_file_ref idref="fl-d0"/>
      </object_component>
      <object_component id="oc-a9">
         <name>.const</name>
         <load_address>0x2b6d6</load_address>
         <run_address>0x2b6d6</run_address>
         <size>0x23</size>
         <input_file_ref idref="fl-95"/>
      </object_component>
      <object_component id="oc-ad">
         <name>.const</name>
         <load_address>0x2b6f9</load_address>
         <run_address>0x2b6f9</run_address>
         <size>0x22</size>
         <input_file_ref idref="fl-96"/>
      </object_component>
      <object_component id="oc-112">
         <name>.const</name>
         <load_address>0x2b71c</load_address>
         <run_address>0x2b71c</run_address>
         <size>0x20</size>
         <input_file_ref idref="fl-af"/>
      </object_component>
      <object_component id="oc-18a">
         <name>.const</name>
         <load_address>0x2b73c</load_address>
         <run_address>0x2b73c</run_address>
         <size>0x1</size>
         <input_file_ref idref="fl-ca"/>
      </object_component>
      <object_component id="oc-66">
         <name>.printf</name>
         <load_address>0x2b73d</load_address>
         <run_address>0x2b73d</run_address>
         <size>0xc4</size>
         <input_file_ref idref="fl-4"/>
      </object_component>
      <object_component id="oc-c1">
         <name>.args</name>
         <load_address>0x2a52c</load_address>
         <run_address>0x2a52c</run_address>
         <size>0x0</size>
         <input_file_ref idref="fl-9b"/>
      </object_component>
      <object_component id="oc-37">
         <name>_SYS_PUTCBEG</name>
         <load_address>0x2b0fc</load_address>
         <run_address>0x2b0fc</run_address>
         <size>0x0</size>
      </object_component>
      <object_component id="oc-39">
         <name>_SYS_PUTCEND</name>
         <load_address>0x2b2fc</load_address>
         <run_address>0x2b2fc</run_address>
         <size>0x0</size>
      </object_component>
      <object_component id="oc-69">
         <name>.hst</name>
         <uninitialized>true</uninitialized>
         <run_address>0x2b8bc</run_address>
         <size>0x3c</size>
         <input_file_ref idref="fl-4"/>
      </object_component>
      <object_component id="oc-74">
         <name>.log</name>
         <load_address>0x2b96c</load_address>
         <run_address>0x2b96c</run_address>
         <size>0x18</size>
         <input_file_ref idref="fl-4"/>
      </object_component>
      <object_component id="oc-6a">
         <name>.pip</name>
         <uninitialized>true</uninitialized>
         <run_address>0x2b500</run_address>
         <size>0xc8</size>
         <input_file_ref idref="fl-4"/>
      </object_component>
      <object_component id="oc-67">
         <name>.sts</name>
         <load_address>0x2b7f0</load_address>
         <run_address>0x2b7f0</run_address>
         <size>0x80</size>
         <input_file_ref idref="fl-4"/>
      </object_component>
      <object_component id="oc-3f">
         <name>GBL_stackbeg</name>
         <uninitialized>true</uninitialized>
         <run_address>0x20800</run_address>
         <size>0x0</size>
      </object_component>
      <object_component id="oc-c2">
         <name>.stack</name>
         <uninitialized>true</uninitialized>
         <run_address>0x20800</run_address>
         <size>0x0</size>
         <input_file_ref idref="fl-9b"/>
      </object_component>
      <object_component id="oc-250">
         <name>.stack</name>
         <uninitialized>true</uninitialized>
         <run_address>0x20800</run_address>
         <size>0x0</size>
      </object_component>
      <object_component id="oc-51">
         <name>.debug_info</name>
         <load_address>0x0</load_address>
         <run_address>0x0</run_address>
         <size>0xc28</size>
         <input_file_ref idref="fl-2"/>
      </object_component>
      <object_component id="oc-58">
         <name>.debug_info</name>
         <load_address>0xc28</load_address>
         <run_address>0xc28</run_address>
         <size>0x15bf</size>
         <input_file_ref idref="fl-3"/>
      </object_component>
      <object_component id="oc-78">
         <name>.debug_info</name>
         <load_address>0x21e7</load_address>
         <run_address>0x21e7</run_address>
         <size>0x3a2</size>
         <input_file_ref idref="fl-4"/>
      </object_component>
      <object_component id="oc-7b">
         <name>.debug_info</name>
         <load_address>0x2589</load_address>
         <run_address>0x2589</run_address>
         <size>0x5d4</size>
         <input_file_ref idref="fl-5"/>
      </object_component>
      <object_component id="oc-7e">
         <name>.debug_info</name>
         <load_address>0x2b5d</load_address>
         <run_address>0x2b5d</run_address>
         <size>0x2573</size>
         <input_file_ref idref="fl-6"/>
      </object_component>
      <object_component id="oc-86">
         <name>.debug_info</name>
         <load_address>0x50d0</load_address>
         <run_address>0x50d0</run_address>
         <size>0xf8</size>
         <input_file_ref idref="fl-8c"/>
      </object_component>
      <object_component id="oc-8c">
         <name>.debug_info</name>
         <load_address>0x51c8</load_address>
         <run_address>0x51c8</run_address>
         <size>0xb9</size>
         <input_file_ref idref="fl-8e"/>
      </object_component>
      <object_component id="oc-8f">
         <name>.debug_info</name>
         <load_address>0x5281</load_address>
         <run_address>0x5281</run_address>
         <size>0xaf</size>
         <input_file_ref idref="fl-8f"/>
      </object_component>
      <object_component id="oc-95">
         <name>.debug_info</name>
         <load_address>0x5330</load_address>
         <run_address>0x5330</run_address>
         <size>0x1a5</size>
         <input_file_ref idref="fl-90"/>
      </object_component>
      <object_component id="oc-9a">
         <name>.debug_info</name>
         <load_address>0x54d5</load_address>
         <run_address>0x54d5</run_address>
         <size>0x13c</size>
         <input_file_ref idref="fl-91"/>
      </object_component>
      <object_component id="oc-9d">
         <name>.debug_info</name>
         <load_address>0x5611</load_address>
         <run_address>0x5611</run_address>
         <size>0x607</size>
         <input_file_ref idref="fl-92"/>
      </object_component>
      <object_component id="oc-a0">
         <name>.debug_info</name>
         <load_address>0x5c18</load_address>
         <run_address>0x5c18</run_address>
         <size>0x6f0</size>
         <input_file_ref idref="fl-93"/>
      </object_component>
      <object_component id="oc-a3">
         <name>.debug_info</name>
         <load_address>0x6308</load_address>
         <run_address>0x6308</run_address>
         <size>0xf1f</size>
         <input_file_ref idref="fl-94"/>
      </object_component>
      <object_component id="oc-a8">
         <name>.debug_info</name>
         <load_address>0x7227</load_address>
         <run_address>0x7227</run_address>
         <size>0x7fd</size>
         <input_file_ref idref="fl-95"/>
      </object_component>
      <object_component id="oc-ac">
         <name>.debug_info</name>
         <load_address>0x7a24</load_address>
         <run_address>0x7a24</run_address>
         <size>0x7ea</size>
         <input_file_ref idref="fl-96"/>
      </object_component>
      <object_component id="oc-b0">
         <name>.debug_info</name>
         <load_address>0x820e</load_address>
         <run_address>0x820e</run_address>
         <size>0x6d9</size>
[...]
         <object_component_ref idref="oc-123"/>
      </symbol>
      <symbol id="sm-62e">
         <name>_HWI_disable</name>
         <value>0x203a0</value>
         <object_component_ref idref="oc-123"/>
      </symbol>
      <symbol id="sm-64a">
         <name>_IRQ_clear</name>
         <value>0x28580</value>
         <object_component_ref idref="oc-1fa"/>
      </symbol>
      <symbol id="sm-64b">
         <name>__IRQ_eventTable</name>
         <value>0x29710</value>
         <object_component_ref idref="oc-129"/>
      </symbol>
      <symbol id="sm-64c">
         <name>__IRQ_intTable</name>
         <value>0x29794</value>
         <object_component_ref idref="oc-129"/>
      </symbol>
      <symbol id="sm-64d">
         <name>_IRQ_globalEnable</name>
         <value>0x285a0</value>
         <object_component_ref idref="oc-1fc"/>
      </symbol>
      <symbol id="sm-64e">
         <name>_IRQ_map</name>
         <value>0x26cc0</value>
         <object_component_ref idref="oc-1f9"/>
      </symbol>
      <symbol id="sm-64f">
         <name>__IRQ_init</name>
         <value>0x281a0</value>
         <object_component_ref idref="oc-206"/>
      </symbol>
      <symbol id="sm-650">
         <name>_IRQ_enable</name>
         <value>0x284a0</value>
         <object_component_ref idref="oc-1fb"/>
      </symbol>
      <symbol id="sm-651">
         <name>__IRQ_dispatchTable</name>
         <value>0x297d4</value>
         <object_component_ref idref="oc-129"/>
      </symbol>
      <symbol id="sm-652">
         <name>__IRQ_hookFetchPacket</name>
         <value>0x286a0</value>
         <object_component_ref idref="oc-127"/>
      </symbol>
      <symbol id="sm-65e">
         <name>_KNL_maxqueue</name>
         <value>0x2b020</value>
         <object_component_ref idref="oc-12d"/>
      </symbol>
      <symbol id="sm-65f">
         <name>_KNL_inactive</name>
         <value>0x2b000</value>
         <object_component_ref idref="oc-12d"/>
      </symbol>
      <symbol id="sm-660">
         <name>_KNL_tswitchfxn</name>
         <value>0x2b024</value>
         <object_component_ref idref="oc-12d"/>
      </symbol>
      <symbol id="sm-661">
         <name>_KNL_setpri</name>
         <value>0x2affc</value>
         <object_component_ref idref="oc-12d"/>
      </symbol>
      <symbol id="sm-662">
         <name>_KNL_swiptr</name>
         <value>0x2b018</value>
         <object_component_ref idref="oc-12d"/>
      </symbol>
      <symbol id="sm-663">
         <name>_KNL_dummy</name>
         <value>0x2987c</value>
         <object_component_ref idref="oc-130"/>
      </symbol>
      <symbol id="sm-664">
         <name>_KNL_curtask</name>
         <value>0x2b00c</value>
         <object_component_ref idref="oc-12d"/>
      </symbol>
      <symbol id="sm-665">
         <name>_KNL_curqueue</name>
         <value>0x2b01c</value>
         <object_component_ref idref="oc-12d"/>
      </symbol>
      <symbol id="sm-666">
         <name>_KNL_wList</name>
         <value>0x2aff4</value>
         <object_component_ref idref="oc-12d"/>
      </symbol>
      <symbol id="sm-667">
         <name>_KNL_curtime</name>
         <value>0x2b014</value>
         <object_component_ref idref="oc-12d"/>
      </symbol>
      <symbol id="sm-668">
         <name>_KNL_set</name>
         <value>0x2b008</value>
         <object_component_ref idref="oc-12d"/>
      </symbol>
      <symbol id="sm-669">
         <name>_KNL_alarm</name>
         <value>0x2aff8</value>
         <object_component_ref idref="oc-12d"/>
      </symbol>
      <symbol id="sm-66a">
         <name>_KNL_prevtask</name>
         <value>0x2b010</value>
         <object_component_ref idref="oc-12d"/>
      </symbol>
      <symbol id="sm-66b">
         <name>_KNL_queues</name>
         <value>0x297dc</value>
         <object_component_ref idref="oc-130"/>
      </symbol>
      <symbol id="sm-66c">
         <name>_KNL_idlefxn</name>
         <value>0x2b034</value>
         <object_component_ref idref="oc-12d"/>
      </symbol>
      <symbol id="sm-66d">
         <name>_KNL_priority</name>
         <value>0x2b004</value>
         <object_component_ref idref="oc-12d"/>
      </symbol>
      <symbol id="sm-66e">
         <name>_KNL_treadyfxn</name>
         <value>0x2b030</value>
         <object_component_ref idref="oc-12d"/>
      </symbol>
      <symbol id="sm-66f">
         <name>_KNL_tcreatefxn</name>
         <value>0x2b028</value>
         <object_component_ref idref="oc-12d"/>
      </symbol>
      <symbol id="sm-670">
         <name>_KNL_wFlag</name>
         <value>0x2aff0</value>
         <object_component_ref idref="oc-12d"/>
      </symbol>
      <symbol id="sm-671">
         <name>_KNL_tdeletefxn</name>
         <value>0x2b02c</value>
         <object_component_ref idref="oc-12d"/>
      </symbol>
      <symbol id="sm-67b">
         <name>_KNL_exit</name>
         <value>0x1f9e0</value>
         <object_component_ref idref="oc-133"/>
      </symbol>
      <symbol id="sm-67c">
         <name>_KNL_enter</name>
         <value>0x1fa34</value>
         <object_component_ref idref="oc-133"/>
      </symbol>
      <symbol id="sm-684">
         <name>__KNL_lat1beg</name>
         <value>0x1f810</value>
         <object_component_ref idref="oc-136"/>
      </symbol>
      <symbol id="sm-685">
         <name>__KNL_lat1end</name>
         <value>0x1f898</value>
         <object_component_ref idref="oc-136"/>
      </symbol>
      <symbol id="sm-686">
         <name>_KNL_max</name>
         <value>0x1f8bc</value>
         <object_component_ref idref="oc-136"/>
      </symbol>
      <symbol id="sm-687">
         <name>_KNL_check</name>
         <value>0x1f7c0</value>
         <object_component_ref idref="oc-136"/>
      </symbol>
      <symbol id="sm-688">
         <name>_KNL_idle</name>
         <value>0x1f898</value>
         <object_component_ref idref="oc-136"/>
      </symbol>
      <symbol id="sm-692">
         <name>_KNL_post</name>
         <value>0x1fe20</value>
         <object_component_ref idref="oc-13b"/>
      </symbol>
      <symbol id="sm-69c">
         <name>_KNL_ipost</name>
         <value>0x1fd60</value>
         <object_component_ref idref="oc-13f"/>
      </symbol>
      <symbol id="sm-6a6">
         <name>_KNL_run</name>
         <value>0x1dea0</value>
         <object_component_ref idref="oc-143"/>
      </symbol>
      <symbol id="sm-6c4">
         <name>_MCBSP_reset</name>
         <value>0x271e0</value>
         <object_component_ref idref="oc-209"/>
      </symbol>
      <symbol id="sm-6c5">
         <name>_MCBSP_getRcvAddr</name>
         <value>0x285c0</value>
         <object_component_ref idref="oc-1f1"/>
      </symbol>
      <symbol id="sm-6c6">
         <name>_MCBSP_close</name>
         <value>0x28060</value>
         <object_component_ref idref="oc-1ff"/>
      </symbol>
      <symbol id="sm-6c7">
         <name>_MCBSP_open</name>
         <value>0x27b00</value>
         <object_component_ref idref="oc-1eb"/>
      </symbol>
      <symbol id="sm-6c8">
         <name>_MCBSP_getXmtAddr</name>
         <value>0x285e0</value>
         <object_component_ref idref="oc-1f5"/>
      </symbol>
      <symbol id="sm-6c9">
         <name>__MCBSP_hDev0</name>
         <value>0x29ad8</value>
         <object_component_ref idref="oc-147"/>
      </symbol>
      <symbol id="sm-6ca">
         <name>__MCBSP_hDev1</name>
         <value>0x29adc</value>
         <object_component_ref idref="oc-147"/>
      </symbol>
      <symbol id="sm-6cb">
         <name>_MCBSP_start</name>
         <value>0x27c00</value>
         <object_component_ref idref="oc-1ed"/>
      </symbol>
      <symbol id="sm-6cc">
         <name>_MCBSP_config</name>
         <value>0x28100</value>
         <object_component_ref idref="oc-1ec"/>
      </symbol>
      <symbol id="sm-6cd">
         <name>_MCBSP_xrdy</name>
         <value>0x28620</value>
         <object_component_ref idref="oc-208"/>
      </symbol>
      <symbol id="sm-6ce">
         <name>_MCBSP_write</name>
         <value>0x28600</value>
         <object_component_ref idref="oc-1ee"/>
      </symbol>
      <symbol id="sm-6d2">
         <name>_MEM</name>
         <value>0x2b0f4</value>
         <object_component_ref idref="oc-14b"/>
      </symbol>
      <symbol id="sm-6dc">
         <name>_MEM_init</name>
         <value>0x29ea0</value>
         <object_component_ref idref="oc-14d"/>
      </symbol>
      <symbol id="sm-6ea">
         <name>_OBJ_table</name>
         <value>0x29910</value>
         <object_component_ref idref="oc-152"/>
      </symbol>
      <symbol id="sm-6eb">
         <name>_OBJ_init</name>
         <value>0x2a0c0</value>
         <object_component_ref idref="oc-153"/>
      </symbol>
      <symbol id="sm-6ec">
         <name>_OBJ_segtab</name>
         <value>0x29948</value>
         <object_component_ref idref="oc-152"/>
      </symbol>
      <symbol id="sm-6f8">
         <name>_RTDX_Buffer_ReadCB</name>
         <value>0x29400</value>
         <object_component_ref idref="oc-202"/>
      </symbol>
      <symbol id="sm-6f9">
         <name>RTDX_NORMALIZED_HDR</name>
         <value>0x1</value>
      </symbol>
      <symbol id="sm-6fa">
         <name>_RTDX_Buffer_Read</name>
         <value>0x294e0</value>
         <object_component_ref idref="oc-1df"/>
      </symbol>
      <symbol id="sm-716">
         <name>_rtdx_buffer_state</name>
         <value>0x2a4f0</value>
         <object_component_ref idref="oc-15c"/>
      </symbol>
      <symbol id="sm-717">
         <name>_RTDX_Buffer_WriteCB</name>
         <value>0x28ac0</value>
         <object_component_ref idref="oc-203"/>
      </symbol>
      <symbol id="sm-718">
         <name>_rtdxNullChanCnt</name>
         <value>0x2b0c4</value>
         <object_component_ref idref="oc-159"/>
      </symbol>
      <symbol id="sm-719">
         <name>_RTDX_writing</name>
         <value>0x2a4fc</value>
         <object_component_ref idref="oc-15c"/>
      </symbol>
      <symbol id="sm-71a">
         <name>_RTDX_Buffer_Initialize</name>
         <value>0x293a0</value>
         <object_component_ref idref="oc-1e2"/>
      </symbol>
      <symbol id="sm-71b">
         <name>_RTDX_Buffer_Write</name>
         <value>0x29500</value>
         <object_component_ref idref="oc-1e0"/>
      </symbol>
      <symbol id="sm-71c">
         <name>_rtdxNullFuncCnt</name>
         <value>0x2b0c8</value>
         <object_component_ref idref="oc-159"/>
      </symbol>
      <symbol id="sm-71d">
         <name>_RTDX_Buffer_Size</name>
         <value>0x29460</value>
         <object_component_ref idref="oc-20e"/>
      </symbol>
      <symbol id="sm-727">
         <name>_RTDX_Mask_IER</name>
         <value>0x29540</value>
         <object_component_ref idref="oc-161"/>
      </symbol>
      <symbol id="sm-73f">
         <name>_RTDX_Mon_Queue</name>
         <value>0x29100</value>
         <object_component_ref idref="oc-211"/>
      </symbol>
      <symbol id="sm-740">
         <name>_rtdx_mon_state</name>
         <value>0x2a510</value>
         <object_component_ref idref="oc-165"/>
      </symbol>
      <symbol id="sm-741">
         <name>_RTDX_JTAGONLY</name>
         <value>0x2</value>
      </symbol>
      <symbol id="sm-742">
         <name>_RTDX_Final_RT_Monitor</name>
         <value>0x294a0</value>
         <object_component_ref idref="oc-205"/>
      </symbol>
      <symbol id="sm-743">
         <name>_RTDX_Poll</name>
         <value>0x286c0</value>
         <object_component_ref idref="oc-1de"/>
      </symbol>
      <symbol id="sm-744">
         <name>_RTDX_Init_RT_Monitor</name>
         <value>0x29320</value>
         <object_component_ref idref="oc-1e3"/>
      </symbol>
      <symbol id="sm-74c">
         <name>_SEM_pendBinary</name>
         <value>0x20400</value>
         <object_component_ref idref="oc-169"/>
      </symbol>
      <symbol id="sm-756">
         <name>_SEM_pendEnterKnl</name>
         <value>0x1e420</value>
         <object_component_ref idref="oc-16e"/>
      </symbol>
      <symbol id="sm-75e">
         <name>_SEM_postBinary</name>
         <value>0x1fba0</value>
         <object_component_ref idref="oc-171"/>
      </symbol>
      <symbol id="sm-75f">
         <name>_SEM_post</name>
         <value>0x1fba0</value>
         <object_component_ref idref="oc-171"/>
      </symbol>
      <symbol id="sm-769">
         <name>_SEM_postEnterKnl</name>
         <value>0x1fac0</value>
         <object_component_ref idref="oc-176"/>
      </symbol>
      <symbol id="sm-771">
         <name>_STS_set</name>
         <value>0x207a0</value>
         <object_component_ref idref="oc-179"/>
      </symbol>
      <symbol id="sm-779">
         <name>_SWI_disable</name>
         <value>0x204c0</value>
         <object_component_ref idref="oc-17d"/>
      </symbol>
      <symbol id="sm-77a">
         <name>_SWI_enable</name>
         <value>0x204e8</value>
         <object_component_ref idref="oc-17d"/>
      </symbol>
      <symbol id="sm-78a">
         <name>_TIMER_reset</name>
         <value>0x278e0</value>
         <object_component_ref idref="oc-214"/>
      </symbol>
      <symbol id="sm-78b">
         <name>_TIMER_open</name>
         <value>0x277a0</value>
         <object_component_ref idref="oc-207"/>
      </symbol>
      <symbol id="sm-78c">
         <name>__TIMER_hDev0</name>
         <value>0x29b54</value>
         <object_component_ref idref="oc-182"/>
      </symbol>
      <symbol id="sm-78d">
         <name>__TIMER_hDev1</name>
         <value>0x29b58</value>
         <object_component_ref idref="oc-182"/>
      </symbol>
      <symbol id="sm-78e">
         <name>__TIMER_hBios</name>
         <value>0x29b5c</value>
         <object_component_ref idref="oc-182"/>
      </symbol>
      <symbol id="sm-78f">
         <name>__TIMER_deviceTable</name>
         <value>0x29b3c</value>
         <object_component_ref idref="oc-182"/>
      </symbol>
      <symbol id="sm-79d">
         <name>_TSK_nTasks</name>
         <value>0x2b0cc</value>
         <object_component_ref idref="oc-186"/>
      </symbol>
      <symbol id="sm-79e">
         <name>_TSK_config</name>
         <value>0x298d0</value>
         <object_component_ref idref="oc-189"/>
      </symbol>
      <symbol id="sm-79f">
         <name>_TSK</name>
         <value>0x2b0d4</value>
         <object_component_ref idref="oc-186"/>
      </symbol>
      <symbol id="sm-7a0">
         <name>_TSK_timerSem</name>
         <value>0x298f0</value>
         <object_component_ref idref="oc-189"/>
      </symbol>
      <symbol id="sm-7a1">
         <name>_TSK_pid</name>
         <value>0x2b0d0</value>
         <object_component_ref idref="oc-186"/>
      </symbol>
      <symbol id="sm-7a2">
         <name>_TSK_ATTRS</name>
         <value>0x298b4</value>
         <object_component_ref idref="oc-189"/>
      </symbol>
      <symbol id="sm-7ac">
         <name>_TSK_exit</name>
         <value>0x1f320</value>
         <object_component_ref idref="oc-18d"/>
      </symbol>
      <symbol id="sm-7b6">
         <name>_SYS_exit</name>
         <value>0x1ffa0</value>
         <object_component_ref idref="oc-191"/>
      </symbol>
      <symbol id="sm-7c2">
         <name>_SYS_exitStack</name>
         <value>0x29b60</value>
         <object_component_ref idref="oc-197"/>
      </symbol>
      <symbol id="sm-7c3">
         <name>_SYS_exitStackPtr</name>
         <value>0x2b0e0</value>
         <object_component_ref idref="oc-194"/>
      </symbol>
      <symbol id="sm-7c4">
         <name>_SYS_exitStackTop</name>
         <value>0x2b0e4</value>
         <object_component_ref idref="oc-194"/>
      </symbol>
      <symbol id="sm-7ce">
         <name>_TSK_init</name>
         <value>0x2a040</value>
         <object_component_ref idref="oc-19a"/>
      </symbol>
      <symbol id="sm-7d8">
         <name>_TSK_setup</name>
         <value>0x1eda0</value>
         <object_component_ref idref="oc-19e"/>
      </symbol>
      <symbol id="sm-7ea">
         <name>__MEM_mutex</name>
         <value>0x299e0</value>
         <object_component_ref idref="oc-1a4"/>
      </symbol>
      <symbol id="sm-7eb">
         <name>_TSK_startup</name>
         <value>0x1f700</value>
         <object_component_ref idref="oc-1a5"/>
      </symbol>
      <symbol id="sm-7ec">
         <name>__TSK_mutex</name>
         <value>0x299b8</value>
         <object_component_ref idref="oc-1a4"/>
      </symbol>
      <symbol id="sm-7f6">
         <name>_LCK_pend</name>
         <value>0x1ff10</value>
         <object_component_ref idref="oc-1aa"/>
      </symbol>
      <symbol id="sm-7f7">
         <name>_LCK_post</name>
         <value>0x1fee0</value>
         <object_component_ref idref="oc-1aa"/>
      </symbol>
      <symbol id="sm-7ff">
         <name>_SEM_pend</name>
         <value>0x20460</value>
         <object_component_ref idref="oc-1ad"/>
      </symbol>
      <symbol id="sm-809">
         <name>_SYS_abort</name>
         <value>0x20520</value>
         <object_component_ref idref="oc-1b2"/>
      </symbol>
      <symbol id="sm-817">
         <name>__GBL_setL2CacheMode</name>
         <value>0x1cfb4</value>
         <object_component_ref idref="oc-1b8"/>
      </symbol>
      <symbol id="sm-821">
         <name>__SEM_dopost</name>
         <value>0x1eb80</value>
         <object_component_ref idref="oc-1bc"/>
      </symbol>
      <symbol id="sm-82b">
         <name>__auto_init</name>
         <value>0x1f4c0</value>
         <object_component_ref idref="oc-1c0"/>
      </symbol>
      <symbol id="sm-83d">
         <name>__unlock</name>
         <value>0x29bac</value>
         <object_component_ref idref="oc-1c5"/>
      </symbol>
      <symbol id="sm-83e">
         <name>__lock</name>
         <value>0x29ba8</value>
         <object_component_ref idref="oc-1c5"/>
      </symbol>
      <symbol id="sm-83f">
         <name>__register_lock</name>
         <value>0x28660</value>
         <object_component_ref idref="oc-1e4"/>
      </symbol>
      <symbol id="sm-840">
         <name>__nop</name>
         <value>0x28640</value>
         <object_component_ref idref="oc-1e7"/>
      </symbol>
      <symbol id="sm-841">
         <name>__register_unlock</name>
         <value>0x28680</value>
         <object_component_ref idref="oc-1e5"/>
      </symbol>
      <symbol id="sm-849">
         <name>__strasg</name>
         <value>0x27de0</value>
         <object_component_ref idref="oc-1e1"/>
      </symbol>
      <symbol id="sm-857">
         <name>_atexit</name>
         <value>0x27ec0</value>
         <object_component_ref idref="oc-204"/>
      </symbol>
      <symbol id="sm-858">
         <name>___atexit_func_id__</name>
         <value>0x29560</value>
         <object_component_ref idref="oc-1cd"/>
      </symbol>
      <symbol id="sm-868">
         <name>_dtors</name>
         <value>0x29bb0</value>
         <object_component_ref idref="oc-1d2"/>
      </symbol>
      <symbol id="sm-869">
         <name>_call_dtors</name>
         <value>0x27500</value>
         <object_component_ref idref="oc-215"/>
      </symbol>
      <symbol id="sm-86a">
         <name>___add_dtor</name>
         <value>0x284e0</value>
         <object_component_ref idref="oc-212"/>
      </symbol>
      <symbol id="sm-876">
         <name>___TI_enable_exit_profile_output</name>
         <value>0x29ba4</value>
         <object_component_ref idref="oc-1d7"/>
      </symbol>
      <symbol id="sm-877">
         <name>__cleanup_ptr</name>
         <value>0x29b9c</value>
         <object_component_ref idref="oc-1d7"/>
      </symbol>
      <symbol id="sm-878">
         <name>__dtors_ptr</name>
         <value>0x29ba0</value>
         <object_component_ref idref="oc-1d7"/>
      </symbol>
      <symbol id="sm-882">
         <name>_memcpy</name>
         <value>0x26440</value>
         <object_component_ref idref="oc-1e6"/>
      </symbol>
   </symbol_table>
</link_info>
