******************************************************************************
               TMS320C6x Linker PC v7.4.14                     
******************************************************************************
>> Linked Sun Jun 12 01:42:21 2016

OUTPUT FILE NAME:   <my_dsp_project.out>
ENTRY POINT SYMBOL: "_c_int00"  address: 0000faa0


MEMORY CONFIGURATION

         name            origin    length      used     unused   attr    fill
----------------------  --------  ---------  --------  --------  ----  --------
  IRAM                  00000000   0003e000  000115c9  0002ca37  RWIX
  SDRAM                 80000000   00800000  0001baea  007e4516  RWIX


SECTION ALLOCATION MAP

 output                                  attributes/
section   page    origin      length       input sections
--------  ----  ----------  ----------   ----------------
.data      0    00000000    00000000     UNINITIALIZED

.vers      0    00000000    00000044     COPY SECTION
                  00000000    00000044     my_dsp_projectcfg.obj (.vers)

.hwi_vec   0    00000000    00000200     
                  00000000    00000200     my_dsp_projectcfg.obj (.hwi_vec)

.text      0    00000200    00004560     
                  00000200    000014e0     skeleton.obj (.text)
                  000016e0    00000700     config_BSPLink.obj (.text)
                  00001de0    00000480     dsk6713bsl.lib : dsk6713.obj (.text)
                  00002260    00000280     csl6713.lib : csl_edma.obj (.text:_EDMA_open)
                  000024e0    00000240     rts6700.lib : memcpy62.obj (.text:_memcpy)
                  00002720    00000240     config_AIC23.obj (.text)
                  00002960    00000220     csl6713.lib : csl.obj (.text:__CSL_init)
                  00002b80    000001e0     dsk6713bsl.lib : dsk6713_led.obj (.text)
                  00002d60    000001c0     csl6713.lib : csl_irq.obj (.text:_IRQ_map)
                  00002f20    000001c0                 : csl_irq.obj (.text:_mux2Tables)
                  000030e0    000001a0                 : csl_edma.obj (.text:_EDMA_allocTable)
                  00003280    000001a0                 : csl_mcbsp.obj (.text:_MCBSP_reset)
                  00003420    00000180     bios.a67 : gbl_cslpllinit62.o67 (.text)
                  000035a0    00000160     rts6700.lib : sinit.obj (.text:_call_dtors)
                  00003700    00000140     csl6713.lib : csl_edma.obj (.text:_EDMA_reset)
                  00003840    00000140                 : csl_timer.obj (.text:_TIMER_open)
                  00003980    00000120                 : csl_timer.obj (.text:_TIMER_reset)
                  00003aa0    00000100                 : csl_edma.obj (.text:_EDMA_intAlloc)
                  00003ba0    00000100                 : csl_mcbsp.obj (.text:_MCBSP_open)
                  00003ca0    00000100                 : csl_mcbsp.obj (.text:_MCBSP_start)
                  00003da0    000000e0                 : csl_edma.obj (.text:_EDMA_config)
                  00003e80    000000e0     rts6700.lib : strasg.obj (.text:__strasg)
                  00003f60    000000e0                 : atexit.obj (.text:_atexit)
                  00004040    000000c0     bios.a67 : tsk_stup.o67 (.text)
                  00004100    000000a0     csl6713.lib : csl_mcbsp.obj (.text:_MCBSP_close)
                  000041a0    000000a0                 : csl_mcbsp.obj (.text:_MCBSP_config)
                  00004240    000000a0                 : csl_irq.obj (.text:__IRQ_init)
                  000042e0    000000a0                 : csl_irq.obj (.text:_setMux)
                  00004380    00000060                 : csl_edma.obj (.text:_EDMA_disableChannel)
                  000043e0    00000060                 : csl_edma.obj (.text:_EDMA_enableChannel)
                  00004440    00000060                 : csl_edma.obj (.text:_EDMA_intEnable)
                  000044a0    00000060                 : csl_edma.obj (.text:_EDMA_qdmaConfig)
                  00004500    00000040                 : csl_edma.obj (.text:_EDMA_link)
                  00004540    00000040                 : csl_irq.obj (.text:_IRQ_enable)
                  00004580    00000040     rts6700.lib : sinit.obj (.text:___add_dtor)
                  000045c0    00000020     csl6713.lib : csl.obj (.text:_CSL6713_LIB_)
                  000045e0    00000020                 : csl_edma.obj (.text:_EDMA_intClear)
                  00004600    00000020                 : csl_edma.obj (.text:_EDMA_intTest)
                  00004620    00000020                 : csl_irq.obj (.text:_IRQ_clear)
                  00004640    00000020                 : csl_irq.obj (.text:_IRQ_globalEnable)
                  00004660    00000020                 : csl_mcbsp.obj (.text:_MCBSP_getRcvAddr)
                  00004680    00000020                 : csl_mcbsp.obj (.text:_MCBSP_getXmtAddr)
                  000046a0    00000020                 : csl_mcbsp.obj (.text:_MCBSP_write)
                  000046c0    00000020                 : csl_mcbsp.obj (.text:_MCBSP_xrdy)
                  000046e0    00000020     rts6700.lib : _lock.obj (.text:__nop)
                  00004700    00000020                 : _lock.obj (.text:__register_lock)
                  00004720    00000020                 : _lock.obj (.text:__register_unlock)
                  00004740    00000020     csl6713.lib : csl_irq.obj (.text)

.bios      0    00004760    00004280     
                  00004760    00000600     lnkrtdx.a67 : rtdx.o67 (.bios)
                  00004d60    000005e0     bios.a67 : gbl_setL2CacheMode.o67 (.bios)
                  00005340    00000540              : swi.o67 (.bios)
                  00005880    00000460              : hwi_disp_asm.o67 (.bios)
                  00005ce0    000003a0              : prd.o67 (.bios)
                  00006080    000002c0              : knl_run.o67 (.bios)
                  00006340    000002c0              : rta.o67 (.bios)
                  00006600    000002c0              : sem_pend.o67 (.bios)
                  000068c0    00000260              : knl_tick.o67 (.bios)
                  00006b20    00000240              : pip.o67 (.bios)
                  00006d60    00000220              : sem_dopo.o67 (.bios)
                  00006f80    00000200              : tsk_setu.o67 (.bios)
                  00007180    000001c0              : knl_swit.o67 (.bios)
                  00007340    000001c0     biosC6000.a67 : clk.o67 (.bios)
                  00007500    000001a0     bios.a67 : tsk_exit.o67 (.bios)
                  000076a0    00000180              : autoinit.o67 (.bios)
                  00007820    00000180              : tsk_stup.o67 (.bios)
                  000079a0    00000140              : knl_chec.o67 (.bios)
                  00007ae0    000000e0              : gbl_cslcacheinit.o67 (.bios)
                  00007bc0    000000e0              : knl_exit.o67 (.bios)
                  00007ca0    000000e0              : sem_post.o67 (.bios)
                  00007d80    000000e0              : sem_post_asm.o67 (.bios)
                  00007e60    000000e0     biosC6000.a67 : clk_meas.o67 (.bios)
                  00007f40    000000c0     bios.a67 : knl_ipos.o67 (.bios)
                  00008000    000000c0              : knl_post.o67 (.bios)
                  000080c0    000000c0              : lck.o67 (.bios)
                  00008180    000000c0              : sys_exit.o67 (.bios)
                  00008240    000000c0     biosC6000.a67 : clk_htime.o67 (.bios)
                  00008300    00000080     bios.a67 : fxn.o67 (.bios)
                  00008380    00000080              : idl_busy.o67 (.bios)
                  00008400    00000080              : log.o67 (.bios)
                  00008480    00000080              : sts.o67 (.bios)
                  00008500    00000080     biosC6000.a67 : idl_cal.o67 (.bios)
                  00008580    00000060     bios.a67 : hwi_c.o67 (.bios)
                  000085e0    00000060              : sem_pend_binary.o67 (.bios)
                  00008640    00000060              : sem_pend_counting.o67 (.bios)
                  000086a0    00000060              : swi_disable.o67 (.bios)
                  00008700    00000060              : sys_abor.o67 (.bios)
                  00008760    00000060              : utl_putc.o67 (.bios)
                  000087c0    00000060     biosC6000.a67 : clk_start.o67 (.bios)
                  00008820    00000040     bios.a67 : idl_stub.o67 (.bios)
                  00008860    00000040              : rta_andn.o67 (.bios)
                  000088a0    00000040              : utl_doab.o67 (.bios)
                  000088e0    00000040     biosC6000.a67 : clk_stop.o67 (.bios)
                  00008920    00000020     bios.a67 : fxn_c.o67 (.bios)
                  00008940    00000020              : gbl_vers.o67 (.bios)
                  00008960    00000020              : idl.o67 (.bios)
                  00008980    00000020              : sts_set.o67 (.bios)
                  000089a0    00000020              : utl_doer.o67 (.bios)
                  000089c0    00000020              : utl_halt.o67 (.bios)

.stack     0    000089e0    00004000     UNINITIALIZED
                  000089e0    00004000     --HOLE--

.cinit     0    0000c9e0    000017c4     
                  0000c9e0    000009f4     my_dsp_projectcfg.obj (.cinit)
                  0000d3d4    00000004     --HOLE-- [fill = 0]
                  0000d3d8    0000026c     bios.a67 : biosdata.o67 (.cinit)
                  0000d644    00000004     --HOLE-- [fill = 0]
                  0000d648    0000023c     skeleton.obj (.cinit)
                  0000d884    00000004     --HOLE-- [fill = 0]
                  0000d888    000001a4     bios.a67 : knl.o67 (.cinit)
                  0000da2c    00000004     --HOLE-- [fill = 0]
                  0000da30    0000012c     csl6713.lib : csl_irq.obj (.cinit)
                  0000db5c    00000004     --HOLE-- [fill = 0]
                  0000db60    000000b0     bios.a67 : swi.o67 (.cinit)
                  0000dc10    00000098     config_BSPLink.obj (.cinit)
                  0000dca8    00000080     bios.a67 : tsk.o67 (.cinit)
                  0000dd28    00000070     csl6713.lib : csl_edma.obj (.cinit)
                  0000dd98    00000060     bios.a67 : tsk_stup.o67 (.cinit)
                  0000ddf8    0000005c     lnkrtdx.a67 : rtdx.o67 (.cinit)
                  0000de54    00000004     --HOLE-- [fill = 0]
                  0000de58    00000054     csl6713.lib : csl_mcbsp.obj (.cinit)
                  0000deac    00000004     --HOLE-- [fill = 0]
                  0000deb0    0000004c     bios.a67 : rta.o67 (.cinit)
                  0000defc    00000004     --HOLE-- [fill = 0]
                  0000df00    0000004c     csl6713.lib : csl_timer.obj (.cinit)
                  0000df4c    00000004     --HOLE-- [fill = 0]
                  0000df50    0000004c     rtdx.lib : buffer1.o62 (.cinit)
                  0000df9c    00000004     --HOLE-- [fill = 0]
                  0000dfa0    00000048     config_AIC23.obj (.cinit)
                  0000dfe8    0000003c     csl6713.lib : csl.obj (.cinit)
                  0000e024    00000004     --HOLE-- [fill = 0]
                  0000e028    00000034     bios.a67 : hwi.o67 (.cinit)
                  0000e05c    00000004     --HOLE-- [fill = 0]
                  0000e060    0000002c              : utl_putc.o67 (.cinit)
                  0000e08c    00000004     --HOLE-- [fill = 0]
                  0000e090    0000002c     rts6700.lib : exit.obj (.cinit)
                  0000e0bc    00000004     --HOLE-- [fill = 0]
                  0000e0c0    00000024     bios.a67 : obj_init.o67 (.cinit)
                  0000e0e4    00000004     --HOLE-- [fill = 0]
                  0000e0e8    0000001c              : sys.o67 (.cinit)
                  0000e104    00000004     --HOLE-- [fill = 0]
                  0000e108    0000001c     rts6700.lib : _lock.obj (.cinit)
                  0000e124    00000004     --HOLE-- [fill = 0]
                  0000e128    0000001c                 : atexit.obj (.cinit)
                  0000e144    00000004     --HOLE-- [fill = 0]
                  0000e148    00000018     bios.a67 : knl_tick.o67 (.cinit)
                  0000e160    0000000c              : gbl_setL2CacheMode.o67 (.cinit)
                  0000e16c    00000004     --HOLE-- [fill = 0]
                  0000e170    0000000c              : idl_busy.o67 (.cinit)
                  0000e17c    00000004     --HOLE-- [fill = 0]
                  0000e180    0000000c              : knl_swit.o67 (.cinit)
                  0000e18c    00000004     --HOLE-- [fill = 0]
                  0000e190    0000000c     rts6700.lib : sinit.obj (.cinit)
                  0000e19c    00000004     --HOLE-- [fill = 0]
                  0000e1a0    00000004     (.pad.cinit) [fill = 0]

.log       0    0000e1a4    00000018     
                  0000e1a4    00000018     my_dsp_projectcfg.obj (.log)

.args      0    0000e1bc    00000004     
                  0000e1bc    00000004     --HOLE-- [fill = 0]

.rtdx_text 
*          0    0000e1c0    00000ea0     
                  0000e1c0    00000400     rtdx.lib : rtdx_mon.o62 (.rtdx_text:_RTDX_Poll)
                  0000e5c0    00000340              : buffer1.o62 (.rtdx_text:_RTDX_Buffer_WriteCB)
                  0000e900    00000300              : buffer1.o62 (.rtdx_text:_RTDX_write_next)
                  0000ec00    00000140              : rtdx_mon.o62 (.rtdx_text:_RTDX_Mon_Queue)
                  0000ed40    000000e0              : buffer1.o62 (.rtdx_text:_claim)
                  0000ee20    00000080              : rtdx_mon.o62 (.rtdx_text:_RTDX_Init_RT_Monitor)
                  0000eea0    00000060              : buffer1.o62 (.rtdx_text:_RTDX_Buffer_Initialize)
                  0000ef00    00000060              : buffer2.o62 (.rtdx_text:_RTDX_Buffer_ReadCB)
                  0000ef60    00000040              : buffer1.o62 (.rtdx_text:_RTDX_Buffer_Size)
                  0000efa0    00000040              : rtdx_mon.o62 (.rtdx_text:_RTDX_Final_RT_Monitor)
                  0000efe0    00000020              : buffer2.o62 (.rtdx_text:_RTDX_Buffer_Read)
                  0000f000    00000020              : buffer1.o62 (.rtdx_text:_RTDX_Buffer_Write)
                  0000f020    00000020              : rtdx_mon.o62 (.rtdx_text:_RTDX_checksum)
                  0000f040    00000020              : intr_tgt.o62 (.rtdx_text)

.far       0    0000f060    00000670     UNINITIALIZED
                  0000f060    00000188     rts6700.lib : atexit.obj (.far)
                  0000f1e8    000000f4     csl6713.lib : csl_irq.obj (.far)
                  0000f2dc    000000d8     bios.a67 : knl.o67 (.far)
                  0000f3b4    00000068     config_BSPLink.obj (.far)
                  0000f41c    0000005c     bios.a67 : tsk.o67 (.far)
                  0000f478    00000054              : obj_init.o67 (.far)
                  0000f4cc    00000054     csl6713.lib : csl_edma.obj (.far)
                  0000f520    00000050     bios.a67 : tsk_stup.o67 (.far)
                  0000f570    00000050     skeleton.obj (.far)
                  0000f5c0    00000038     csl6713.lib : csl_mcbsp.obj (.far)
                  0000f5f8    00000034     config_AIC23.obj (.far)
                  0000f62c    00000028     csl6713.lib : csl.obj (.far)
                  0000f654    00000024                 : csl_timer.obj (.far)
                  0000f678    00000020     bios.a67 : sys.o67 (.far)
                  0000f698    00000010              : knl_tick.o67 (.far)
                  0000f6a8    0000000c              : utl_putc.o67 (.far)
                  0000f6b4    0000000c     rts6700.lib : exit.obj (.far)
                  0000f6c0    00000008                 : _lock.obj (.far)
                  0000f6c8    00000004                 : sinit.obj (.far)
                  0000f6cc    00000002     dsk6713bsl.lib : dsk6713.obj (.far)
                  0000f6ce    00000002                    : dsk6713_led.obj (.far)

.hst1      0    0000f6d0    00000010     UNINITIALIZED
                  0000f6d0    00000010     my_dsp_projectcfg.obj (.hst1)

.sysinit   0    0000f6e0    00000520     
                  0000f6e0    000002e0     my_dsp_projectcfg.obj (.sysinit)
                  0000f9c0    000000e0     bios.a67 : mem_init.o67 (.sysinit)
                  0000faa0    000000c0              : boot.o67 (.sysinit)
                  0000fb60    00000080              : tsk_init.o67 (.sysinit)
                  0000fbe0    00000020              : obj_init.o67 (.sysinit)

.rtdx_data 
*          0    0000fc00    0000044c     UNINITIALIZED
                  0000fc00    00000410     my_dsp_projectcfg.obj (.rtdx_data)
                  00010010    00000020     rtdx.lib : buffer1.o62 (.rtdx_data)
                  00010030    0000001c              : rtdx_mon.o62 (.rtdx_data)

.mem       0    0001004c    00000004     UNINITIALIZED
                  0001004c    00000004     my_dsp_projectcfg.obj (.mem)

.TSK_LEDTOGGLE$stk 
*          0    00010050    00000400     UNINITIALIZED
                  00010050    00000400     my_dsp_projectcfg.obj (.TSK_LEDTOGGLE$stk)

.TSK_idle$stk 
*          0    00010450    00000400     UNINITIALIZED
                  00010450    00000400     my_dsp_projectcfg.obj (.TSK_idle$stk)

.bss       0    00010850    000003d0     UNINITIALIZED
                  00010850    00000100     bios.a67 : hwi_disp_asm.o67 (.bss)
                  00010950    000000cc              : biosdata.o67 (.bss)
                  00010a1c    0000009c              : swi.o67 (.bss)
                  00010ab8    00000064     skeleton.obj (.bss)
                  00010b1c    00000048     bios.a67 : knl.o67 (.bss)
                  00010b64    00000028     my_dsp_projectcfg.obj (.bss)
                  00010b8c    00000024     config_BSPLink.obj (.bss)
                  00010bb0    00000018     bios.a67 : hwi.o67 (.bss)
                  00010bc8    00000018     lnkrtdx.a67 : rtdx.o67 (.bss)
                  00010be0    00000010     rtdx.lib : buffer1.o62 (.bss)
                  00010bf0    0000000c     bios.a67 : tsk.o67 (.bss)
                  00010bfc    00000008              : clk_data.o67 (.bss)
                  00010c04    00000008              : sys.o67 (.bss)
                  00010c0c    00000004              : clk_data2.o67 (.bss)
                  00010c10    00000004              : gbl_setL2CacheMode.o67 (.bss)
                  00010c14    00000004              : idl_busy.o67 (.bss)
                  00010c18    00000004              : mem_asm.o67 (.bss)
                  00010c1c    00000004     config_AIC23.obj (.bss)

.trace     0    00010c20    00000200     
                  00010c20    00000200     --HOLE-- [fill = 00000000]

.swi       0    00010e20    00000160     UNINITIALIZED
                  00010e20    00000160     my_dsp_projectcfg.obj (.swi)

.gblinit   0    00010f80    0000004c     
                  00010f80    0000004c     my_dsp_projectcfg.obj (.gblinit)

.sem       0    00010fcc    0000002c     UNINITIALIZED
                  00010fcc    0000002c     my_dsp_projectcfg.obj (.sem)

.clk       0    00010ff8    00000008     UNINITIALIZED
                  00010ff8    00000008     my_dsp_projectcfg.obj (.clk)

.LOG_system$buf 
*          0    00011000    00000100     UNINITIALIZED
                  00011000    00000100     my_dsp_projectcfg.obj (.LOG_system$buf)

.hst0      0    00011100    00000100     UNINITIALIZED
                  00011100    00000100     my_dsp_projectcfg.obj (.hst0)

.pip       0    00011200    000000c8     UNINITIALIZED
                  00011200    000000c8     my_dsp_projectcfg.obj (.pip)

.sts       0    000112c8    000000c0     
                  000112c8    000000c0     my_dsp_projectcfg.obj (.sts)

.tsk       0    00011388    000000c0     UNINITIALIZED
                  00011388    000000c0     my_dsp_projectcfg.obj (.tsk)

.const     0    00011448    000000b5     
                  00011448    0000004e     bios.a67 : tsk_stup.o67 (.const)
                  00011496    00000023              : utl_doab.o67 (.const)
                  000114b9    00000022              : utl_doer.o67 (.const)
                  000114db    00000001     --HOLE-- [fill = 0]
                  000114dc    00000020     dsk6713bsl.lib : dsk6713.obj (.const)
                  000114fc    00000001     bios.a67 : tsk.o67 (.const)

.printf    0    000114fd    0000012c     COPY SECTION
                  000114fd    0000012c     my_dsp_projectcfg.obj (.printf)

.hst       0    00011500    0000003c     UNINITIALIZED
                  00011500    0000003c     my_dsp_projectcfg.obj (.hst)

.switch    0    0001153c    00000028     
                  0001153c    00000028     rtdx.lib : rtdx_mon.o62 (.switch)

.prd       0    00011564    00000020     UNINITIALIZED
                  00011564    00000020     my_dsp_projectcfg.obj (.prd)

.idl       0    00011584    00000010     UNINITIALIZED
                  00011584    00000010     my_dsp_projectcfg.obj (.idl)

.idlcal    0    00011594    00000010     UNINITIALIZED
                  00011594    00000010     my_dsp_projectcfg.obj (.idlcal)

.sys       0    000115a4    00000010     UNINITIALIZED
                  000115a4    00000010     my_dsp_projectcfg.obj (.sys)

.pinit     0    000115b4    0000000c     
                  000115b4    00000004     rtdx.lib : buffer1.o62 (.pinit)
                  000115b8    00000004              : rtdx_mon.o62 (.pinit)
                  000115bc    00000004     --HOLE-- [fill = 0]

.trcdata   0    000115c0    0000000c     
                  000115c0    0000000c     bios.a67 : trc.o67 (.trcdata)

.datenpuffer 
*          0    80000000    00013a10     UNINITIALIZED
                  80000000    00011940     skeleton.obj (.datenpuffer)
                  80011940    000020d0     config_BSPLink.obj (.datenpuffer)

.SDRAM$heap 
*          0    80013a10    00008000     UNINITIALIZED
                  80013a10    00008000     --HOLE--

.sounds    0    8001ba10    000000da     UNINITIALIZED
                  8001ba10    000000da     skeleton.obj (.sounds)


GLOBAL SYMBOLS: SORTED ALPHABETICALLY BY Name 

address    name
--------   ----
00010850   $bss
00010850   .bss
00000000   .data
00000200   .text
0000f89c   BIOS$$CLKOFF
0000f85c   BIOS$$CLKON
0000f6e0   BIOS_init
0000f904   BIOS_start
00000000   BUF$
00000001   BUF_ENABLED
00000001   CLK$
00010ff8   CLK_A_TABBEG
00000001   CLK_CALDIV
00000004   CLK_CALMULT
0000dbba   CLK_COUNTSPMS
00000000   CLK_COUNTSPMSHIGH
00010978   CLK_D_idletime
00010974   CLK_D_isrhook
00010970   CLK_D_tabbeg
0001096c   CLK_D_timefxn
00008240   CLK_F_getfhtime
00008260   CLK_F_gethtime
00007340   CLK_F_getltime
00008260   CLK_F_getshtime
00007354   CLK_F_isr
000074b4   CLK_F_itime
00005880   CLK_HOOKFXN
00000001   CLK_HTIMEDIV
00000004   CLK_HTIMEMULT
0000dbba   CLK_HTIMEPERLTIME
00004000   CLK_INTBIT
00000001   CLK_LTIMEDIV
00036ee8   CLK_LTIMEMULT
000003e8   CLK_MICROSECS
0000dbba   CLK_PRD
00000000   CLK_PRDHIGH
01940000   CLK_REGS
00010968   CLK_R_time
00000020   CLK_TCR
00000000   CLK_TDDR
00000000   CLK_TDDRHIGH
00008260   CLK_TIMEFXN
00000000   CLK_TIMERNUM
00000001   CLK_USETIMER
00010ffc   CLK_null
00000000   DEV$
00000000   DGN$
00000000   DHL$
00000000   DHL_gChannelsAvailable
00000000   DIO$
00000000   DIO_NUMSWIBASE
00000000   DIO_NUMTSKBASE
00000000   DIO_STATIC
00000000   DPI$
00008300   FXN_F_nop
00008308   FXN_F_run
00008358   FXN_F_zero
00000001   GBL$
00005205   GBL_A_VERSION
00000000   GBL_BIGENDIAN
00000000   GBL_C641XL2PRIORITY
00000000   GBL_CACHE
00000001   GBL_CALLCSLCFGINIT
00004e20   GBL_CLKIN
00001770   GBL_CLKTYPE
00001a39   GBL_DSPSUBTYPE
0000003e   GBL_DSPTYPE
00000001   GBL_ENABLEINST
00000042   GBL_FOOTPRINT
00036ee8   GBL_FREQ
00002226   GBL_L2ALLOC
00000000   GBL_L2CONFIGALLOC
00000001   GBL_L2CONFIGURE
00000001   GBL_L2MARMASK
00000000   GBL_L2MARMASK1
00000000   GBL_L2MARMASK2
00000000   GBL_L2MARMASK3
00000000   GBL_L2MARMASK4
00000000   GBL_L2MARMASK5
00000000   GBL_L2MODE
00000000   GBL_L2PRIORITY
00000000   GBL_NULL
00000000   GBL_PROCID
00000000   GBL_ROM
00000000   GBL_SUPPORTCSL
0000dbef   GBL_TRCMASKVALUE
00000001   GBL_USERINIT
00003448   GBL_USERINITFXN
00000001   GBL_boot
000115c8   GBL_initdone
000089e0   GBL_stackbeg
0000c9df   GBL_stackend
00000000   GIO$
00008920   GIO_CREATEFXN
00008920   GIO_DELETEFXN
00008920   GIO_PENDFXN
00008920   GIO_POSTFXN
00000000   HOOK$
00000000   HOOK_KNLID
00000001   HST$
00011500   HST_A_TABBEG
0001153c   HST_A_TABEND
00000000   HST_DSM
ffffffff   HST_DSMBUFSEG
00000400   HST_DSMMEMSIZE
000109e4   HST_D_chanmask
000109e8   HST_D_tabbeg
000109ec   HST_D_tabend
000000ff   HST_MAXFRAMEALLOWED
00000040   HST_MAXFRAMESET
00000000   HST_NONE
00000001   HST_RTDX
00000001   HWI$
00000000   HWI_A_VECS
00005308   HWI_CFGDISPATCHED
00010bc0   HWI_D_bss
00010bc4   HWI_D_ccmask
00010bb0   HWI_D_spsave
00005880   HWI_F_dispatch
00000000   HWI_GENERATE_RESET_VEC
0000000a   HWI_INT10
00000000   HWI_INT10$hwi
0000000b   HWI_INT11
00000000   HWI_INT11$hwi
0000000c   HWI_INT12
00000000   HWI_INT12$hwi
0000000d   HWI_INT13
00000000   HWI_INT13$hwi
0000000e   HWI_INT14
00000000   HWI_INT14$hwi
0000000f   HWI_INT15
00000000   HWI_INT15$hwi
00000004   HWI_INT4
00000000   HWI_INT4$hwi
00000005   HWI_INT5
00000000   HWI_INT5$hwi
00000006   HWI_INT6
00000000   HWI_INT6$hwi
00000007   HWI_INT7
00000000   HWI_INT7$hwi
00000008   HWI_INT8
00000000   HWI_INT8$hwi
00000009   HWI_INT9
00000000   HWI_INT9$hwi
082039a3   HWI_INTRMULTHIGH
250718a4   HWI_INTRMULTLOW
00000001   HWI_NMI
00000000   HWI_NMI$hwi
00000000   HWI_POLARITYMASK
00000002   HWI_RESERVED0
00000000   HWI_RESERVED0$hwi
00000003   HWI_RESERVED1
00000000   HWI_RESERVED1$hwi
00000000   HWI_RESET
00000000   HWI_RESET$hwi
00000001   HWI_ZEROTAB
00000001   IDL$
00011594   IDL_A_CALBEG
00011584   IDL_A_TABBEG
00000006   IDL_CALIBRERROR
00008820   IDL_CALIBRFXN
00010c14   IDL_D_busyObj
00010958   IDL_D_calbeg
00010954   IDL_D_calibrate
00010950   IDL_D_tabbeg
00011590   IDL_END
000115a0   IDL_END$
00008380   IDL_F_busy
00008500   IDL_F_calibrate
00008960   IDL_F_loop
00008820   IDL_F_stub
00000001   IDL_USECLKIDLTIME
0001137c   IDL_busyObj
00011624   IDL_busyObj$avgfmt
00000001   IDL_busyObj$filter
00000001   IDL_busyObj$iA
00000000   IDL_busyObj$iB
00000001   IDL_busyObj$iC
0001161e   IDL_busyObj$maxfmt
00000000   IDL_busyObj$operation
00011378   IDL_busyObj$stsobj
00011621   IDL_busyObj$sumfmt
00000002   IDL_busyObj$unittype
00011584   IDL_cpuLoad
00011594   IDL_cpuLoad$
ffffffff   IRAM
00000001   ISRC$
00007300   KNL_glue
00010e4c   KNL_swi
00000001   KNL_swi$dorta
00000002   KNL_swi$ord
00000000   KNL_swi$pri
000112ec   KNL_swi$sts
00011544   KNL_swi$sts$avgfmt
00000002   KNL_swi$sts$filter
00000001   KNL_swi$sts$filtmaxmult
00000001   KNL_swi$sts$filtsummult
00011534   KNL_swi$sts$maxfmt
000112e8   KNL_swi$sts$stsobj
0001153c   KNL_swi$sts$sumfmt
00000000   KNL_swi$sts$unittype
00000000   KNL_swi$swi
00000001   LCK$
00004760   LNK_F_checkBufferCall
000047e0   LNK_F_dataPump
00004780   LNK_F_getChanPtr
000047d8   LNK_F_init
00004d24   LNK_F_readCallBack
00011588   LNK_dataPump
00011598   LNK_dataPump$
00010bcc   LNK_dspFrameReadyMask
00010bc8   LNK_dspFrameRequestMask
00004a80   LNK_newin
00004bc0   LNK_newout
000047f4   LNK_rcloop
000048c0   LNK_rdrtry
00010bd4   LNK_readDone
00010bd8   LNK_readFail
00010bd0   LNK_readPend
000048d0   LNK_rrloop
00010bdc   LNK_writeFail
000049a4   LNK_wrloop
00004994   LNK_wrrtry
00000001   LOG$
0000e1a4   LOG_A_TABBEG
0000e1bc   LOG_A_TABEND
00000001   LOG_A_TABLEN
0001095c   LOG_D_system
00000001   LOG_ENABLED
00008400   LOG_F_event
0000e1a4   LOG_system
00011000   LOG_system$buf
00000000   LOG_system$datatype
00000000   LOG_system$log
00000040   LOG_system$size
00000000   MBX$
00000001   MEM$
00010b70   MEM_MALLOCSEG
00000000   MEM_NULL
00010b70   MEM_SEGZERO
00000000   MEM_USEMPC
00000001   MEM_gNumHeap
00000000   MSGQ$
00000000   MSGQ_USEMSGQ
00000000   OBJ$
00000000   PIP$
00011200   PIP_A_TABBEG
000112c8   PIP_A_TABEND
00000002   PIP_A_TABLEN
00010960   PIP_D_tabbeg
00010964   PIP_D_tablen
00006bb4   PIP_F_give
00006bb4   PIP_F_probe
00006c88   PIP_F_start
00006b20   PIP_F_take
00000064   PIP_OBJSIZE
00000000   PIP_gNextId
00000002   PIP_gNumEmbed
00000000   POOL$
00000000   POOL_USEPOOL
00000001   PRD$
00011564   PRD_A_TABBEG
00011584   PRD_A_TABEND
00000001   PRD_A_TABLEN
000109a0   PRD_D_cur
000109a4   PRD_D_elapsed
000109a8   PRD_D_prevtim
000109ac   PRD_D_scalar
000109b0   PRD_D_swihandle
000109b4   PRD_D_tabbeg
000109b8   PRD_D_tablen
000109bc   PRD_D_thook
0001099c   PRD_D_tick
00005ce0   PRD_F_swi
00005fa0   PRD_F_tick
00000008   PRD_SCALAR
00010e20   PRD_SWIHANDLE
00011564   PRD_Sek
00011580   PRD_Sek$aaa
00000000   PRD_Sek$mode
00000001   PRD_Sek$ord
000003e8   PRD_Sek$period
00000000   PRD_Sek$prd
000112cc   PRD_Sek$sts
0001150f   PRD_Sek$sts$avgfmt
00000000   PRD_Sek$sts$filter
000114fd   PRD_Sek$sts$maxfmt
000112c8   PRD_Sek$sts$stsobj
00011506   PRD_Sek$sts$sumfmt
00000002   PRD_Sek$sts$unittype
00006b00   PRD_THOOKFXN
00010ff8   PRD_clock
00010e20   PRD_swi
00000001   PRD_swi$dorta
00000001   PRD_swi$ord
00000001   PRD_swi$pri
000112dc   PRD_swi$sts
0001152a   PRD_swi$sts$avgfmt
00000002   PRD_swi$sts$filter
00000001   PRD_swi$sts$filtmaxmult
00000001   PRD_swi$sts$filtsummult
0001151a   PRD_swi$sts$maxfmt
000112d8   PRD_swi$sts$stsobj
00011522   PRD_swi$sts$sumfmt
00000000   PRD_swi$sts$unittype
00000000   PRD_swi$swi
00000001   QUE$
000109c0   RTA_D_fromHost
000109c8   RTA_D_logval
000109d8   RTA_D_stsval
000109c4   RTA_D_toHost
00008860   RTA_F_andn
00006438   RTA_F_dispatch
00006340   RTA_F_getlog
00006384   RTA_F_getsts
00008880   RTA_F_or
000063cc   RTA_F_readblk
000063f8   RTA_F_resetmem
000063ec   RTA_F_writeword
0001158c   RTA_dispatcher
0001159c   RTA_dispatcher$
00006488   RTA_execute
00011504   RTA_fromHost
0000f6d0   RTA_fromHost$buf
00000004   RTA_fromHost$framesize
00000000   RTA_fromHost$hst
00000001   RTA_fromHost$id
00000000   RTA_fromHost$mode
00011200   RTA_fromHost$pipe
00011230   RTA_fromHost$pipe$aaa
00011260   RTA_fromHost$pipe$bbb
00010b74   RTA_fromHost$pipe$dtab
00011204   RTA_fromHost$pipe$rd
00011234   RTA_fromHost$pipe$wr
0001150c   RTA_fromHost$rtdx
00011520   RTA_toHost
00011100   RTA_toHost$buf
00000040   RTA_toHost$framesize
00000000   RTA_toHost$hst
00000000   RTA_toHost$id
00000001   RTA_toHost$mode
00011264   RTA_toHost$pipe
00011294   RTA_toHost$pipe$aaa
000112c4   RTA_toHost$pipe$bbb
00010b80   RTA_toHost$pipe$dtab
00011268   RTA_toHost$pipe$rd
00011298   RTA_toHost$pipe$wr
00011528   RTA_toHost$rtdx
00000001   RTDX$
00000408   RTDX_BUFMEMSIZE
ffffffff   RTDX_DATAMEMSEG
00000000   RTDX_MODE
00000001   RTDX_NORMALIZED_HDR
00000001   RTDX_USERTDX
00000000   RTDX_USERTEXECUTION
00010b70   SDRAM
80013a10   SDRAM$B
00008000   SDRAM$L
00000001   SEM$
00010fd8   SEM_LEDToggle
00000000   SIO$
00000001   STS$
000112c8   STS_A_TABBEG
00011388   STS_A_TABEND
000084b8   STS_F_add
00008480   STS_F_delta
000084e4   STS_F_reset
00000001   SWI$
00010f28   SWI_ADC_In_Ping
00000001   SWI_ADC_In_Ping$dorta
00000007   SWI_ADC_In_Ping$ord
00000002   SWI_ADC_In_Ping$pri
0001133c   SWI_ADC_In_Ping$sts
000115c6   SWI_ADC_In_Ping$sts$avgfmt
00000002   SWI_ADC_In_Ping$sts$filter
00000001   SWI_ADC_In_Ping$sts$filtmaxmult
00000001   SWI_ADC_In_Ping$sts$filtsummult
000115b6   SWI_ADC_In_Ping$sts$maxfmt
00011338   SWI_ADC_In_Ping$sts$stsobj
000115be   SWI_ADC_In_Ping$sts$sumfmt
00000000   SWI_ADC_In_Ping$sts$unittype
00000000   SWI_ADC_In_Ping$swi
00010f54   SWI_ADC_In_Pong
00000001   SWI_ADC_In_Pong$dorta
00000008   SWI_ADC_In_Pong$ord
00000002   SWI_ADC_In_Pong$pri
0001134c   SWI_ADC_In_Pong$sts
000115e0   SWI_ADC_In_Pong$sts$avgfmt
00000002   SWI_ADC_In_Pong$sts$filter
00000001   SWI_ADC_In_Pong$sts$filtmaxmult
00000001   SWI_ADC_In_Pong$sts$filtsummult
000115d0   SWI_ADC_In_Pong$sts$maxfmt
00011348   SWI_ADC_In_Pong$sts$stsobj
000115d8   SWI_ADC_In_Pong$sts$sumfmt
00000000   SWI_ADC_In_Pong$sts$unittype
00000000   SWI_ADC_In_Pong$swi
00010ed0   SWI_ADC_Out_Ping
00000001   SWI_ADC_Out_Ping$dorta
00000005   SWI_ADC_Out_Ping$ord
00000002   SWI_ADC_Out_Ping$pri
0001131c   SWI_ADC_Out_Ping$sts
00011592   SWI_ADC_Out_Ping$sts$avgfmt
00000002   SWI_ADC_Out_Ping$sts$filter
00000001   SWI_ADC_Out_Ping$sts$filtmaxmult
00000001   SWI_ADC_Out_Ping$sts$filtsummult
00011582   SWI_ADC_Out_Ping$sts$maxfmt
00011318   SWI_ADC_Out_Ping$sts$stsobj
0001158a   SWI_ADC_Out_Ping$sts$sumfmt
00000000   SWI_ADC_Out_Ping$sts$unittype
00000000   SWI_ADC_Out_Ping$swi
00010efc   SWI_ADC_Out_Pong
00000001   SWI_ADC_Out_Pong$dorta
00000006   SWI_ADC_Out_Pong$ord
00000002   SWI_ADC_Out_Pong$pri
0001132c   SWI_ADC_Out_Pong$sts
000115ac   SWI_ADC_Out_Pong$sts$avgfmt
00000002   SWI_ADC_Out_Pong$sts$filter
00000001   SWI_ADC_Out_Pong$sts$filtmaxmult
00000001   SWI_ADC_Out_Pong$sts$filtsummult
0001159c   SWI_ADC_Out_Pong$sts$maxfmt
00011328   SWI_ADC_Out_Pong$sts$stsobj
000115a4   SWI_ADC_Out_Pong$sts$sumfmt
00000000   SWI_ADC_Out_Pong$sts$unittype
00000000   SWI_ADC_Out_Pong$swi
00010e20   SWI_A_TABBEG
00010f80   SWI_A_TABEND
00000008   SWI_A_TABLEN
00010e78   SWI_BSPLink_In_Ping
00000001   SWI_BSPLink_In_Ping$dorta
00000003   SWI_BSPLink_In_Ping$ord
00000003   SWI_BSPLink_In_Ping$pri
000112fc   SWI_BSPLink_In_Ping$sts
0001155e   SWI_BSPLink_In_Ping$sts$avgfmt
00000002   SWI_BSPLink_In_Ping$sts$filter
00000001   SWI_BSPLink_In_Ping$sts$filtmaxmult
00000001   SWI_BSPLink_In_Ping$sts$filtsummult
0001154e   SWI_BSPLink_In_Ping$sts$maxfmt
000112f8   SWI_BSPLink_In_Ping$sts$stsobj
00011556   SWI_BSPLink_In_Ping$sts$sumfmt
00000000   SWI_BSPLink_In_Ping$sts$unittype
00000000   SWI_BSPLink_In_Ping$swi
00010ea4   SWI_BSPLink_In_Pong
00000001   SWI_BSPLink_In_Pong$dorta
00000004   SWI_BSPLink_In_Pong$ord
00000003   SWI_BSPLink_In_Pong$pri
0001130c   SWI_BSPLink_In_Pong$sts
00011578   SWI_BSPLink_In_Pong$sts$avgfmt
00000002   SWI_BSPLink_In_Pong$sts$filter
00000001   SWI_BSPLink_In_Pong$sts$filtmaxmult
00000001   SWI_BSPLink_In_Pong$sts$filtsummult
00011568   SWI_BSPLink_In_Pong$sts$maxfmt
00011308   SWI_BSPLink_In_Pong$sts$stsobj
00011570   SWI_BSPLink_In_Pong$sts$sumfmt
00000000   SWI_BSPLink_In_Pong$sts$unittype
00000000   SWI_BSPLink_In_Pong$swi
00010a34   SWI_D_curfxn
00010a24   SWI_D_curmask
00010a30   SWI_D_curmbox
00010a28   SWI_D_curset
00010a20   SWI_D_execaddr
00010a3c   SWI_D_inswi
00010a2c   SWI_D_lock
00010a38   SWI_D_rdybeg
00010a40   SWI_D_rdytab
00010a1c   SWI_D_runaddr
00000000   SWI_EHOOKFXN
0000555c   SWI_EXECFXN
00005340   SWI_F_enable
0000555c   SWI_F_exec
00005588   SWI_F_iexec
000053b0   SWI_F_post
00005618   SWI_F_run
00000000   SWI_IHOOKFXN
00005618   SWI_RUNFXN
00000001   SYS$
000115a4   SYS$config
000088a0   SYS_ABORTFXN
000089a0   SYS_ERRORFXN
000089c0   SYS_EXITFXN
00008760   SYS_PUTCFXN
000115c4   TRC_R_mask
000115c0   TRC_cinit
00000001   TSK$
000113f4   TSK_LEDTOGGLE
00000003   TSK_LEDTOGGLE$ord
00000002   TSK_LEDTOGGLE$pri
00010050   TSK_LEDTOGGLE$stack
000103e8   TSK_LEDTOGGLE$stkptr
0001136c   TSK_LEDTOGGLE$sts
00011614   TSK_LEDTOGGLE$sts$avgfmt
00000002   TSK_LEDTOGGLE$sts$filter
00000001   TSK_LEDTOGGLE$sts$filtmaxmult
00000001   TSK_LEDTOGGLE$sts$filtsummult
00011604   TSK_LEDTOGGLE$sts$maxfmt
00011368   TSK_LEDTOGGLE$sts$stsobj
0001160c   TSK_LEDTOGGLE$sts$sumfmt
00000000   TSK_LEDTOGGLE$sts$unittype
00000000   TSK_LEDTOGGLE$tsk
00000000   TSK_NUM_HOOKS
00000001   TSK_PRIORITY
00000000   TSK_READYFXN
00000000   TSK_STACKSEG
00000400   TSK_STACKSIZE
00000000   TSK_SWITCHFXN
00008920   TSK_VCREATEFXN
00008920   TSK_VDELETEFXN
00008920   TSK_VEXITFXN
00011394   TSK_idle
00000001   TSK_idle$ord
00000000   TSK_idle$pri
00010450   TSK_idle$stack
000107e8   TSK_idle$stkptr
0001135c   TSK_idle$sts
000115fa   TSK_idle$sts$avgfmt
00000002   TSK_idle$sts$filter
00000001   TSK_idle$sts$filtmaxmult
00000001   TSK_idle$sts$filtsummult
000115ea   TSK_idle$sts$maxfmt
00011358   TSK_idle$sts$stsobj
000115f2   TSK_idle$sts$sumfmt
00000000   TSK_idle$sts$unittype
00000000   TSK_idle$tsk
00000000   UDEV$
00000fec   _ADC_In_Ping
00001154   _ADC_In_Pong
00000f6c   _ADC_Out_Ping
00000fac   _ADC_Out_Pong
80000000   _AIC_Buffer_in_ping
800007d0   _AIC_Buffer_in_pong
80000fa0   _AIC_Buffer_out_ping
80001770   _AIC_Buffer_out_pong
0000f6e0   _BIOS_init
0000f904   _BIOS_start
80011940   _BSPLinkBuffer_in_ping
80012174   _BSPLinkBuffer_in_pong
800129a8   _BSPLinkBuffer_out_ping
800131dc   _BSPLinkBuffer_out_pong
000018a0   _BSPLink_EDMA_Start_Ping
000017c8   _BSPLink_EDMA_Start_Pong
0000178c   _BSPLink_EDMA_Stop
000012bc   _BSPLink_In_Ping
000012fc   _BSPLink_In_Pong
0000f3b4   _BSPLink_interface_config
0000dbba   _CLK_COUNTSPMS
00010bfc   _CLK_DFLTMICROSECS
00010998   _CLK_D_countspms
0001098c   _CLK_D_dirty
00010c00   _CLK_D_microseconds
00010990   _CLK_D_prd
00010994   _CLK_D_tddr
000074b4   _CLK_F_itime
0000dbba   _CLK_PRD
01940000   _CLK_REGS
00000000   _CLK_TDDR
00000000   _CLK_TIMERNUM
00000001   _CLK_USETIMER
0001097c   _CLK_htimeDiv
00010980   _CLK_htimeMult
00010c0c   _CLK_htimePerLtime
000074b4   _CLK_itime
00010984   _CLK_ltimeDiv
00010988   _CLK_ltimeMult
00007e60   _CLK_measure
000087c0   _CLK_start
000088e0   _CLK_stop
000045c0   _CSL6713_LIB_
00002720   _Config_DSK6713_AIC23
00002b80   _DSK6713_LED_init
00002bc0   _DSK6713_LED_off
00002c30   _DSK6713_LED_on
00002ca0   _DSK6713_LED_toggle
000021f4   _DSK6713_getVersion
00001e2c   _DSK6713_init
00002148   _DSK6713_rget
0000215c   _DSK6713_rset
0000f6cc   _DSK6713_version
00002170   _DSK6713_wait
000021c8   _DSK6713_waitusec
800109a0   _Debug_Buff_ping
80011170   _Debug_Buff_pong
00000a58   _EDMA_ISR
000030e0   _EDMA_allocTable
00003da0   _EDMA_config
00004380   _EDMA_disableChannel
000043e0   _EDMA_enableChannel
00003aa0   _EDMA_intAlloc
000045e0   _EDMA_intClear
00004440   _EDMA_intEnable
00004600   _EDMA_intTest
00004500   _EDMA_link
00002260   _EDMA_open
000044a0   _EDMA_qdmaConfig
00003700   _EDMA_reset
00008920   _FXN_F_nop
00008308   _FXN_F_run
00008358   _FXN_F_zero
00000000   _GBL_CACHE
000109f4   _GBL_clkIn
00007ae0   _GBL_cslCacheInit
000109f8   _GBL_freq
00008940   _GBL_getVersion
000109f0   _GBL_procId
00003448   _GBL_setPLLto225MHz
00011500   _HST_A_TABBEG
0001153c   _HST_A_TABEND
00005308   _HWI_CFGDISPATCHED
00010bbc   _HWI_D_inhwi
00010bb0   _HWI_D_spsave
00005880   _HWI_F_dispatch
0000000a   _HWI_INT10
0000000b   _HWI_INT11
0000000c   _HWI_INT12
0000000d   _HWI_INT13
0000000e   _HWI_INT14
0000000f   _HWI_INT15
00000004   _HWI_INT4
00000005   _HWI_INT5
00000006   _HWI_INT6
00000007   _HWI_INT7
00000008   _HWI_INT8
00000009   _HWI_INT9
00000001   _HWI_NMI
00000002   _HWI_RESERVED0
00000003   _HWI_RESERVED1
00000000   _HWI_RESET
0000c9d8   _HWI_STKBOTTOM
000089e0   _HWI_STKTOP
00010bb0   _HWI_data
00008580   _HWI_disable
00010850   _HWI_dispatchTab
00008598   _HWI_enable
000085ac   _HWI_restore
0001137c   _IDL_busyObj
00011584   _IDL_cpuLoad
00008960   _IDL_loop
ffffffff   _IRAM
00004620   _IRQ_clear
00004540   _IRQ_enable
00004640   _IRQ_globalEnable
00002d60   _IRQ_map
00010b24   _KNL_alarm
000079a0   _KNL_check
00010b48   _KNL_curqueue
00010b38   _KNL_curtask
00010b40   _KNL_curtime
0000f37c   _KNL_dummy
00007c14   _KNL_enter
00007bc0   _KNL_exit
00007a78   _KNL_idle
00010b60   _KNL_idlefxn
00010b2c   _KNL_inactive
00007f40   _KNL_ipost
00007a9c   _KNL_max
00010b4c   _KNL_maxqueue
00008000   _KNL_post
00010b3c   _KNL_prevtask
00010b30   _KNL_priority
0000f2dc   _KNL_queues
00006080   _KNL_run
00007180   _KNL_saveIsrFrame
00010b34   _KNL_set
00010b28   _KNL_setpri
00010e4c   _KNL_swi
00010b44   _KNL_swiptr
0000724c   _KNL_switch
00010b54   _KNL_tcreatefxn
00010b58   _KNL_tdeletefxn
00006b00   _KNL_tick
00010b5c   _KNL_treadyfxn
00010b50   _KNL_tswitchfxn
00010b1c   _KNL_wFlag
00010b20   _KNL_wList
000080f0   _LCK_pend
000080c0   _LCK_post
00011588   _LNK_dataPump
00010bcc   _LNK_dspFrameReadyMask
00010bc8   _LNK_dspFrameRequestMask
00010bd4   _LNK_readDone
00010bd8   _LNK_readFail
00010bd0   _LNK_readPend
00010bdc   _LNK_writeFail
0000e1a4   _LOG_A_TABBEG
0000e1bc   _LOG_A_TABEND
00000001   _LOG_A_TABLEN
0001095c   _LOG_D_system
00008400   _LOG_event
0000e1a4   _LOG_system
00004100   _MCBSP_close
000041a0   _MCBSP_config
00004660   _MCBSP_getRcvAddr
00004680   _MCBSP_getXmtAddr
00003ba0   _MCBSP_open
00003280   _MCBSP_reset
00003ca0   _MCBSP_start
000046a0   _MCBSP_write
000046c0   _MCBSP_xrdy
00010c18   _MEM
000109fc   _MEM_D_NUMSEGMENTS
00010a04   _MEM_D_freelist
00010a08   _MEM_D_lockaddr
00010a00   _MEM_D_memtab
00010a0c   _MEM_D_unlockaddr
0000f9c0   _MEM_init
00010b64   _MEM_memtab
8001ba10   _MySinus
0000fbe0   _OBJ_init
0000f4b0   _OBJ_segtab
0000f478   _OBJ_table
00011200   _PIP_A_TABBEG
000112c8   _PIP_A_TABEND
0001099c   _PRD_D_tick
00011564   _PRD_Sek
00010ff8   _PRD_clock
00010e20   _PRD_swi
0001158c   _RTA_dispatcher
00011504   _RTA_fromHost
00011520   _RTA_toHost
0000fc00   _RTDX_Buffer
0001000c   _RTDX_Buffer_End
0000eea0   _RTDX_Buffer_Initialize
0000efe0   _RTDX_Buffer_Read
0000ef00   _RTDX_Buffer_ReadCB
0000ef60   _RTDX_Buffer_Size
00010008   _RTDX_Buffer_Start
0000f000   _RTDX_Buffer_Write
0000e5c0   _RTDX_Buffer_WriteCB
0000efa0   _RTDX_Final_RT_Monitor
0000ee20   _RTDX_Init_RT_Monitor
00000002   _RTDX_JTAGONLY
0000f040   _RTDX_Mask_IER
0000ec00   _RTDX_Mon_Queue
0000e1c0   _RTDX_Poll
00000000   _RTDX_interrupt_mask
0001001c   _RTDX_writing
80001f40   _Ringbuffer_in
00010b70   _SDRAM
80013a10   _SDRAM_base
00008000   _SDRAM_length
00010fd8   _SEM_LEDToggle
00008640   _SEM_pend
000085e0   _SEM_pendBinary
00006600   _SEM_pendEnterKnl
00007d80   _SEM_post
00007d80   _SEM_postBinary
00007ca0   _SEM_postEnterKnl
000112c8   _STS_A_TABBEG
00011388   _STS_A_TABEND
000084b8   _STS_add
00008480   _STS_delta
000084e4   _STS_reset
00008980   _STS_set
00010f28   _SWI_ADC_In_Ping
00010f54   _SWI_ADC_In_Pong
00010ed0   _SWI_ADC_Out_Ping
00010efc   _SWI_ADC_Out_Pong
00010e78   _SWI_BSPLink_In_Ping
00010ea4   _SWI_BSPLink_In_Pong
00010a34   _SWI_D_curfxn
00010a24   _SWI_D_curmask
00010a28   _SWI_D_curset
00010a20   _SWI_D_execaddr
00010a3c   _SWI_D_inswi
00010a2c   _SWI_D_lock
00010a38   _SWI_D_rdybeg
00010a1c   _SWI_D_runaddr
000015b0   _SWI_LEDToggle
00010a1c   _SWI_data
000086a0   _SWI_disable
000086c8   _SWI_enable
000053b0   _SWI_post
00010a10   _SYS
00010c20   _SYS_PUTCBEG
00010e1f   _SYS_PUTCEND
00008700   _SYS_abort
00008180   _SYS_exit
0000f678   _SYS_exitStack
00010c04   _SYS_exitStackPtr
00010c08   _SYS_exitStackTop
00003840   _TIMER_open
00003980   _TIMER_reset
000115c4   _TRC_R_mask
00010bf8   _TSK
0000f41c   _TSK_ATTRS
000113f4   _TSK_LEDTOGGLE
0000f438   _TSK_config
00007500   _TSK_exit
00011394   _TSK_idle
0000fb60   _TSK_init
00010bf0   _TSK_nTasks
00010bf4   _TSK_pid
00006f80   _TSK_setup
000078e0   _TSK_startup
0000f458   _TSK_timerSem
000088a0   _UTL_doAbort
000089a0   _UTL_doError
00008760   _UTL_doPutc
000089c0   _UTL_halt
000074d0   __CLK_lat1beg
000074fc   __CLK_lat1end
00002960   __CSL_init
00005194   __GBL_setL2CacheMode
00010a18   __HOOK_NUMHOOKS
00010a14   __HOOK_knlId
00005880   __HWI_lat1beg
00005a00   __HWI_lat1end
00005a00   __HWI_lat2beg
00005ba0   __HWI_lat2end1
00005b2c   __HWI_lat2end2
00005bc0   __HWI_lat3beg
00005cc0   __HWI_lat3end1
00005b5c   __HWI_lat3end2
00008380   __IDL_lat1beg
000083d0   __IDL_lat1end
0000f2d4   __IRQ_dispatchTable
0000f210   __IRQ_eventTable
00004740   __IRQ_hookFetchPacket
00004240   __IRQ_init
0000f294   __IRQ_intTable
000079f0   __KNL_lat1beg
00007a78   __KNL_lat1end
00008400   __LOG_lat1beg
0000f5f0   __MCBSP_hDev0
0000f5f4   __MCBSP_hDev1
0000f548   __MEM_mutex
000063f8   __RTA_lat1beg
00006430   __RTA_lat1end
00006d60   __SEM_dopost
0000c9e0   __STACK_END
00004000   __STACK_SIZE
000054ec   __SWI_lat1beg
000055a0   __SWI_lat1end
000055a4   __SWI_lat2beg
00005614   __SWI_lat2end
00005340   __SWI_lat3beg
000053ac   __SWI_lat3end
0000f654   __TIMER_deviceTable
0000f674   __TIMER_hBios
0000f66c   __TIMER_hDev0
0000f670   __TIMER_hDev1
0000f520   __TSK_mutex
0000f6bc   ___TI_enable_exit_profile_output
ffffffff   ___TI_pprof_out_hndl
ffffffff   ___TI_prof_data_size
ffffffff   ___TI_prof_data_start
00004580   ___add_dtor
0000f060   ___atexit_func_id__
ffffffff   ___binit__
00010850   ___bss__
ffffffff   ___c_args__
0000c9e0   ___cinit__
00000000   ___data__
00000000   ___edata__
00010c20   ___end__
00004760   ___etext__
000115b4   ___pinit__
00000200   ___text__
000076a0   __auto_init
0000f6b4   __cleanup_ptr
0000f6b8   __dtors_ptr
0000f6c0   __lock
000046e0   __nop
00004700   __register_lock
00004720   __register_unlock
000089e0   __stack
00003e80   __strasg
0000f6c4   __unlock
00003f60   _atexit
0000faa0   _c_int00
000035a0   _call_dtors
00010af4   _configComplete
0000f3d4   _configEDMABSPLinkRcv
0000f3ec   _configEDMABSPLinkXmt_Ping
0000f404   _configEDMABSPLinkXmt_Pong
0000f590   _configEDMARcv
0000f5a8   _configEDMAXmt
00000458   _config_AIC23_EDMA
000016e0   _config_BSPLink
00001950   _config_BSPLink_EDMA
000009c4   _config_interrupts
0000f570   _datainterface_config
0000f6c8   _dtors
00010b90   _hEdmaBSPLinkRcv
00010b94   _hEdmaBSPLinkRcvRelPing
00010b98   _hEdmaBSPLinkRcvRelPong
00010b9c   _hEdmaBSPLinkXmt
00010abc   _hEdmaRcv
00010ac0   _hEdmaRcvRelPing
00010ac4   _hEdmaRcvRelPong
00010ac8   _hEdmaXmt
00010acc   _hEdmaXmtRelPing
00010ad0   _hEdmaXmtRelPong
00010ab8   _hMcbsp_AIC23
00010c1c   _hMcbsp_AIC23_Config
00010b8c   _hMcbsp_Link
0000029c   _main
000024e0   _memcpy
000013c8   _read_ring_buffer_in
00010ae4   _ringbuff_in_read_i
00010ae8   _ringbuff_in_write_i
00010be8   _rtdxNullChanCnt
00010bec   _rtdxNullFuncCnt
00010010   _rtdx_buffer_state
00010030   _rtdx_mon_state
00010aec   _soundBuffer_i
00010af8   _t_reg
0000f4e0   _tccAllocTable
00010ba0   _tccBSPLinkRcvPing
00010ba4   _tccBSPLinkRcvPong
00010ba8   _tccBSPLinkXmtPing
00010bac   _tccBSPLinkXmtPong
00010ad4   _tccRcvPing
00010ad8   _tccRcvPong
00010adc   _tccXmtPing
00010ae0   _tccXmtPong
00010af0   _time_cnt
000015dc   _tsk_led_toggle
00003420   _wait500nS
0000133c   _write_ring_buffer_in
ffffffff   binit
0000c9e0   cinit
00000000   edata
00010c20   end
00004760   etext
00000000   hwi0
00000020   hwi1
00000140   hwi10
00000160   hwi11
00000180   hwi12
000001a0   hwi13
000001c0   hwi14
000001e0   hwi15
00000040   hwi2
00000060   hwi3
00000080   hwi4
000000a0   hwi5
000000c0   hwi6
000000e0   hwi7
00000100   hwi8
00000120   hwi9
000115b4   pinit


GLOBAL SYMBOLS: SORTED BY Symbol Address 

address    name
--------   ----
00000000   .data
00000000   BUF$
00000000   CLK_COUNTSPMSHIGH
00000000   CLK_PRDHIGH
00000000   CLK_TDDR
00000000   CLK_TDDRHIGH
00000000   CLK_TIMERNUM
00000000   DEV$
00000000   DGN$
00000000   DHL$
00000000   DHL_gChannelsAvailable
00000000   DIO$
00000000   DIO_NUMSWIBASE
00000000   DIO_NUMTSKBASE
00000000   DIO_STATIC
00000000   DPI$
00000000   GBL_BIGENDIAN
00000000   GBL_C641XL2PRIORITY
00000000   GBL_CACHE
00000000   GBL_L2CONFIGALLOC
00000000   GBL_L2MARMASK1
00000000   GBL_L2MARMASK2
00000000   GBL_L2MARMASK3
00000000   GBL_L2MARMASK4
00000000   GBL_L2MARMASK5
00000000   GBL_L2MODE
00000000   GBL_L2PRIORITY
00000000   GBL_NULL
00000000   GBL_PROCID
00000000   GBL_ROM
00000000   GBL_SUPPORTCSL
00000000   GIO$
00000000   HOOK$
00000000   HOOK_KNLID
00000000   HST_DSM
00000000   HST_NONE
00000000   HWI_A_VECS
00000000   HWI_GENERATE_RESET_VEC
00000000   HWI_INT10$hwi
00000000   HWI_INT11$hwi
00000000   HWI_INT12$hwi
00000000   HWI_INT13$hwi
00000000   HWI_INT14$hwi
00000000   HWI_INT15$hwi
00000000   HWI_INT4$hwi
00000000   HWI_INT5$hwi
00000000   HWI_INT6$hwi
00000000   HWI_INT7$hwi
00000000   HWI_INT8$hwi
00000000   HWI_INT9$hwi
00000000   HWI_NMI$hwi
00000000   HWI_POLARITYMASK
00000000   HWI_RESERVED0$hwi
00000000   HWI_RESERVED1$hwi
00000000   HWI_RESET
00000000   HWI_RESET$hwi
00000000   IDL_busyObj$iB
00000000   IDL_busyObj$operation
00000000   KNL_swi$pri
00000000   KNL_swi$sts$unittype
00000000   KNL_swi$swi
00000000   LOG_system$datatype
00000000   LOG_system$log
00000000   MBX$
00000000   MEM_NULL
00000000   MEM_USEMPC
00000000   MSGQ$
00000000   MSGQ_USEMSGQ
00000000   OBJ$
00000000   PIP$
00000000   PIP_gNextId
00000000   POOL$
00000000   POOL_USEPOOL
00000000   PRD_Sek$mode
00000000   PRD_Sek$prd
00000000   PRD_Sek$sts$filter
00000000   PRD_swi$sts$unittype
00000000   PRD_swi$swi
00000000   RTA_fromHost$hst
00000000   RTA_fromHost$mode
00000000   RTA_toHost$hst
00000000   RTA_toHost$id
00000000   RTDX_MODE
00000000   RTDX_USERTEXECUTION
00000000   SIO$
00000000   SWI_ADC_In_Ping$sts$unittype
00000000   SWI_ADC_In_Ping$swi
00000000   SWI_ADC_In_Pong$sts$unittype
00000000   SWI_ADC_In_Pong$swi
00000000   SWI_ADC_Out_Ping$sts$unittype
00000000   SWI_ADC_Out_Ping$swi
00000000   SWI_ADC_Out_Pong$sts$unittype
00000000   SWI_ADC_Out_Pong$swi
00000000   SWI_BSPLink_In_Ping$sts$unittype
00000000   SWI_BSPLink_In_Ping$swi
00000000   SWI_BSPLink_In_Pong$sts$unittype
00000000   SWI_BSPLink_In_Pong$swi
00000000   SWI_EHOOKFXN
00000000   SWI_IHOOKFXN
00000000   TSK_LEDTOGGLE$sts$unittype
00000000   TSK_LEDTOGGLE$tsk
00000000   TSK_NUM_HOOKS
00000000   TSK_READYFXN
00000000   TSK_STACKSEG
00000000   TSK_SWITCHFXN
00000000   TSK_idle$pri
00000000   TSK_idle$sts$unittype
00000000   TSK_idle$tsk
00000000   UDEV$
00000000   _CLK_TDDR
00000000   _CLK_TIMERNUM
00000000   _GBL_CACHE
00000000   _HWI_RESET
00000000   _RTDX_interrupt_mask
00000000   ___data__
00000000   ___edata__
00000000   edata
00000000   hwi0
00000001   BUF_ENABLED
00000001   CLK$
00000001   CLK_CALDIV
00000001   CLK_HTIMEDIV
00000001   CLK_LTIMEDIV
00000001   CLK_USETIMER
00000001   GBL$
00000001   GBL_CALLCSLCFGINIT
00000001   GBL_ENABLEINST
00000001   GBL_L2CONFIGURE
00000001   GBL_L2MARMASK
00000001   GBL_USERINIT
00000001   GBL_boot
00000001   HST$
00000001   HST_RTDX
00000001   HWI$
00000001   HWI_NMI
00000001   HWI_ZEROTAB
00000001   IDL$
00000001   IDL_USECLKIDLTIME
00000001   IDL_busyObj$filter
00000001   IDL_busyObj$iA
00000001   IDL_busyObj$iC
00000001   ISRC$
00000001   KNL_swi$dorta
00000001   KNL_swi$sts$filtmaxmult
00000001   KNL_swi$sts$filtsummult
00000001   LCK$
00000001   LOG$
00000001   LOG_A_TABLEN
00000001   LOG_ENABLED
00000001   MEM$
00000001   MEM_gNumHeap
00000001   PRD$
00000001   PRD_A_TABLEN
00000001   PRD_Sek$ord
00000001   PRD_swi$dorta
00000001   PRD_swi$ord
00000001   PRD_swi$pri
00000001   PRD_swi$sts$filtmaxmult
00000001   PRD_swi$sts$filtsummult
00000001   QUE$
00000001   RTA_fromHost$id
00000001   RTA_toHost$mode
00000001   RTDX$
00000001   RTDX_NORMALIZED_HDR
00000001   RTDX_USERTDX
00000001   SEM$
00000001   STS$
00000001   SWI$
00000001   SWI_ADC_In_Ping$dorta
00000001   SWI_ADC_In_Ping$sts$filtmaxmult
00000001   SWI_ADC_In_Ping$sts$filtsummult
00000001   SWI_ADC_In_Pong$dorta
00000001   SWI_ADC_In_Pong$sts$filtmaxmult
00000001   SWI_ADC_In_Pong$sts$filtsummult
00000001   SWI_ADC_Out_Ping$dorta
00000001   SWI_ADC_Out_Ping$sts$filtmaxmult
00000001   SWI_ADC_Out_Ping$sts$filtsummult
00000001   SWI_ADC_Out_Pong$dorta
00000001   SWI_ADC_Out_Pong$sts$filtmaxmult
00000001   SWI_ADC_Out_Pong$sts$filtsummult
00000001   SWI_BSPLink_In_Ping$dorta
00000001   SWI_BSPLink_In_Ping$sts$filtmaxmult
00000001   SWI_BSPLink_In_Ping$sts$filtsummult
00000001   SWI_BSPLink_In_Pong$dorta
00000001   SWI_BSPLink_In_Pong$sts$filtmaxmult
00000001   SWI_BSPLink_In_Pong$sts$filtsummult
00000001   SYS$
00000001   TSK$
00000001   TSK_LEDTOGGLE$sts$filtmaxmult
00000001   TSK_LEDTOGGLE$sts$filtsummult
00000001   TSK_PRIORITY
00000001   TSK_idle$ord
00000001   TSK_idle$sts$filtmaxmult
00000001   TSK_idle$sts$filtsummult
00000001   _CLK_USETIMER
00000001   _HWI_NMI
00000001   _LOG_A_TABLEN
00000002   HWI_RESERVED0
00000002   IDL_busyObj$unittype
00000002   KNL_swi$ord
00000002   KNL_swi$sts$filter
00000002   PIP_A_TABLEN
00000002   PIP_gNumEmbed
00000002   PRD_Sek$sts$unittype
00000002   PRD_swi$sts$filter
00000002   SWI_ADC_In_Ping$pri
00000002   SWI_ADC_In_Ping$sts$filter
00000002   SWI_ADC_In_Pong$pri
00000002   SWI_ADC_In_Pong$sts$filter
00000002   SWI_ADC_Out_Ping$pri
00000002   SWI_ADC_Out_Ping$sts$filter
00000002   SWI_ADC_Out_Pong$pri
00000002   SWI_ADC_Out_Pong$sts$filter
00000002   SWI_BSPLink_In_Ping$sts$filter
00000002   SWI_BSPLink_In_Pong$sts$filter
00000002   TSK_LEDTOGGLE$pri
00000002   TSK_LEDTOGGLE$sts$filter
00000002   TSK_idle$sts$filter
00000002   _HWI_RESERVED0
00000002   _RTDX_JTAGONLY
00000003   HWI_RESERVED1
00000003   SWI_BSPLink_In_Ping$ord
00000003   SWI_BSPLink_In_Ping$pri
00000003   SWI_BSPLink_In_Pong$pri
00000003   TSK_LEDTOGGLE$ord
00000003   _HWI_RESERVED1
00000004   CLK_CALMULT
00000004   CLK_HTIMEMULT
00000004   HWI_INT4
00000004   RTA_fromHost$framesize
00000004   SWI_BSPLink_In_Pong$ord
00000004   _HWI_INT4
00000005   HWI_INT5
00000005   SWI_ADC_Out_Ping$ord
00000005   _HWI_INT5
00000006   HWI_INT6
00000006   IDL_CALIBRERROR
00000006   SWI_ADC_Out_Pong$ord
00000006   _HWI_INT6
00000007   HWI_INT7
00000007   SWI_ADC_In_Ping$ord
00000007   _HWI_INT7
00000008   HWI_INT8
00000008   PRD_SCALAR
00000008   SWI_ADC_In_Pong$ord
00000008   SWI_A_TABLEN
00000008   _HWI_INT8
00000009   HWI_INT9
00000009   _HWI_INT9
0000000a   HWI_INT10
0000000a   _HWI_INT10
0000000b   HWI_INT11
0000000b   _HWI_INT11
0000000c   HWI_INT12
0000000c   _HWI_INT12
0000000d   HWI_INT13
0000000d   _HWI_INT13
0000000e   HWI_INT14
0000000e   _HWI_INT14
0000000f   HWI_INT15
0000000f   _HWI_INT15
00000020   CLK_TCR
00000020   hwi1
0000003e   GBL_DSPTYPE
00000040   HST_MAXFRAMESET
00000040   LOG_system$size
00000040   RTA_toHost$framesize
00000040   hwi2
00000042   GBL_FOOTPRINT
00000060   hwi3
00000064   PIP_OBJSIZE
00000080   hwi4
000000a0   hwi5
000000c0   hwi6
000000e0   hwi7
000000ff   HST_MAXFRAMEALLOWED
00000100   hwi8
00000120   hwi9
00000140   hwi10
00000160   hwi11
00000180   hwi12
000001a0   hwi13
000001c0   hwi14
000001e0   hwi15
00000200   .text
00000200   ___text__
0000029c   _main
000003e8   CLK_MICROSECS
000003e8   PRD_Sek$period
00000400   HST_DSMMEMSIZE
00000400   TSK_STACKSIZE
00000408   RTDX_BUFMEMSIZE
00000458   _config_AIC23_EDMA
000009c4   _config_interrupts
00000a58   _EDMA_ISR
00000f6c   _ADC_Out_Ping
00000fac   _ADC_Out_Pong
00000fec   _ADC_In_Ping
00001154   _ADC_In_Pong
000012bc   _BSPLink_In_Ping
000012fc   _BSPLink_In_Pong
0000133c   _write_ring_buffer_in
000013c8   _read_ring_buffer_in
000015b0   _SWI_LEDToggle
000015dc   _tsk_led_toggle
000016e0   _config_BSPLink
00001770   GBL_CLKTYPE
0000178c   _BSPLink_EDMA_Stop
000017c8   _BSPLink_EDMA_Start_Pong
000018a0   _BSPLink_EDMA_Start_Ping
00001950   _config_BSPLink_EDMA
00001a39   GBL_DSPSUBTYPE
00001e2c   _DSK6713_init
00002148   _DSK6713_rget
0000215c   _DSK6713_rset
00002170   _DSK6713_wait
000021c8   _DSK6713_waitusec
000021f4   _DSK6713_getVersion
00002226   GBL_L2ALLOC
00002260   _EDMA_open
000024e0   _memcpy
00002720   _Config_DSK6713_AIC23
00002960   __CSL_init
00002b80   _DSK6713_LED_init
00002bc0   _DSK6713_LED_off
00002c30   _DSK6713_LED_on
00002ca0   _DSK6713_LED_toggle
00002d60   _IRQ_map
000030e0   _EDMA_allocTable
00003280   _MCBSP_reset
00003420   _wait500nS
00003448   GBL_USERINITFXN
00003448   _GBL_setPLLto225MHz
000035a0   _call_dtors
00003700   _EDMA_reset
00003840   _TIMER_open
00003980   _TIMER_reset
00003aa0   _EDMA_intAlloc
00003ba0   _MCBSP_open
00003ca0   _MCBSP_start
00003da0   _EDMA_config
00003e80   __strasg
00003f60   _atexit
00004000   CLK_INTBIT
00004000   __STACK_SIZE
00004100   _MCBSP_close
000041a0   _MCBSP_config
00004240   __IRQ_init
00004380   _EDMA_disableChannel
000043e0   _EDMA_enableChannel
00004440   _EDMA_intEnable
000044a0   _EDMA_qdmaConfig
00004500   _EDMA_link
00004540   _IRQ_enable
00004580   ___add_dtor
000045c0   _CSL6713_LIB_
000045e0   _EDMA_intClear
00004600   _EDMA_intTest
00004620   _IRQ_clear
00004640   _IRQ_globalEnable
00004660   _MCBSP_getRcvAddr
00004680   _MCBSP_getXmtAddr
000046a0   _MCBSP_write
000046c0   _MCBSP_xrdy
000046e0   __nop
00004700   __register_lock
00004720   __register_unlock
00004740   __IRQ_hookFetchPacket
00004760   LNK_F_checkBufferCall
00004760   ___etext__
00004760   etext
00004780   LNK_F_getChanPtr
000047d8   LNK_F_init
000047e0   LNK_F_dataPump
000047f4   LNK_rcloop
000048c0   LNK_rdrtry
000048d0   LNK_rrloop
00004994   LNK_wrrtry
000049a4   LNK_wrloop
00004a80   LNK_newin
00004bc0   LNK_newout
00004d24   LNK_F_readCallBack
00004e20   GBL_CLKIN
00005194   __GBL_setL2CacheMode
00005205   GBL_A_VERSION
00005308   HWI_CFGDISPATCHED
00005308   _HWI_CFGDISPATCHED
00005340   SWI_F_enable
00005340   __SWI_lat3beg
000053ac   __SWI_lat3end
000053b0   SWI_F_post
000053b0   _SWI_post
000054ec   __SWI_lat1beg
0000555c   SWI_EXECFXN
0000555c   SWI_F_exec
00005588   SWI_F_iexec
000055a0   __SWI_lat1end
000055a4   __SWI_lat2beg
00005614   __SWI_lat2end
00005618   SWI_F_run
00005618   SWI_RUNFXN
00005880   CLK_HOOKFXN
00005880   HWI_F_dispatch
00005880   _HWI_F_dispatch
00005880   __HWI_lat1beg
00005a00   __HWI_lat1end
00005a00   __HWI_lat2beg
00005b2c   __HWI_lat2end2
00005b5c   __HWI_lat3end2
00005ba0   __HWI_lat2end1
00005bc0   __HWI_lat3beg
00005cc0   __HWI_lat3end1
00005ce0   PRD_F_swi
00005fa0   PRD_F_tick
00006080   _KNL_run
00006340   RTA_F_getlog
00006384   RTA_F_getsts
000063cc   RTA_F_readblk
000063ec   RTA_F_writeword
000063f8   RTA_F_resetmem
000063f8   __RTA_lat1beg
00006430   __RTA_lat1end
00006438   RTA_F_dispatch
00006488   RTA_execute
00006600   _SEM_pendEnterKnl
00006b00   PRD_THOOKFXN
00006b00   _KNL_tick
00006b20   PIP_F_take
00006bb4   PIP_F_give
00006bb4   PIP_F_probe
00006c88   PIP_F_start
00006d60   __SEM_dopost
00006f80   _TSK_setup
00007180   _KNL_saveIsrFrame
0000724c   _KNL_switch
00007300   KNL_glue
00007340   CLK_F_getltime
00007354   CLK_F_isr
000074b4   CLK_F_itime
000074b4   _CLK_F_itime
000074b4   _CLK_itime
000074d0   __CLK_lat1beg
000074fc   __CLK_lat1end
00007500   _TSK_exit
000076a0   __auto_init
000078e0   _TSK_startup
000079a0   _KNL_check
000079f0   __KNL_lat1beg
00007a78   _KNL_idle
00007a78   __KNL_lat1end
00007a9c   _KNL_max
00007ae0   _GBL_cslCacheInit
00007bc0   _KNL_exit
00007c14   _KNL_enter
00007ca0   _SEM_postEnterKnl
00007d80   _SEM_post
00007d80   _SEM_postBinary
00007e60   _CLK_measure
00007f40   _KNL_ipost
00008000   SDRAM$L
00008000   _KNL_post
00008000   _SDRAM_length
000080c0   _LCK_post
000080f0   _LCK_pend
00008180   _SYS_exit
00008240   CLK_F_getfhtime
00008260   CLK_F_gethtime
00008260   CLK_F_getshtime
00008260   CLK_TIMEFXN
00008300   FXN_F_nop
00008308   FXN_F_run
00008308   _FXN_F_run
00008358   FXN_F_zero
00008358   _FXN_F_zero
00008380   IDL_F_busy
00008380   __IDL_lat1beg
000083d0   __IDL_lat1end
00008400   LOG_F_event
00008400   _LOG_event
00008400   __LOG_lat1beg
00008480   STS_F_delta
00008480   _STS_delta
000084b8   STS_F_add
000084b8   _STS_add
000084e4   STS_F_reset
000084e4   _STS_reset
00008500   IDL_F_calibrate
00008580   _HWI_disable
00008598   _HWI_enable
000085ac   _HWI_restore
000085e0   _SEM_pendBinary
00008640   _SEM_pend
000086a0   _SWI_disable
000086c8   _SWI_enable
00008700   _SYS_abort
00008760   SYS_PUTCFXN
00008760   _UTL_doPutc
000087c0   _CLK_start
00008820   IDL_CALIBRFXN
00008820   IDL_F_stub
00008860   RTA_F_andn
00008880   RTA_F_or
000088a0   SYS_ABORTFXN
000088a0   _UTL_doAbort
000088e0   _CLK_stop
00008920   GIO_CREATEFXN
00008920   GIO_DELETEFXN
00008920   GIO_PENDFXN
00008920   GIO_POSTFXN
00008920   TSK_VCREATEFXN
00008920   TSK_VDELETEFXN
00008920   TSK_VEXITFXN
00008920   _FXN_F_nop
00008940   _GBL_getVersion
00008960   IDL_F_loop
00008960   _IDL_loop
00008980   _STS_set
000089a0   SYS_ERRORFXN
000089a0   _UTL_doError
000089c0   SYS_EXITFXN
000089c0   _UTL_halt
000089e0   GBL_stackbeg
000089e0   _HWI_STKTOP
000089e0   __stack
0000c9d8   _HWI_STKBOTTOM
0000c9df   GBL_stackend
0000c9e0   __STACK_END
0000c9e0   ___cinit__
0000c9e0   cinit
0000dbba   CLK_COUNTSPMS
0000dbba   CLK_HTIMEPERLTIME
0000dbba   CLK_PRD
0000dbba   _CLK_COUNTSPMS
0000dbba   _CLK_PRD
0000dbef   GBL_TRCMASKVALUE
0000e1a4   LOG_A_TABBEG
0000e1a4   LOG_system
0000e1a4   _LOG_A_TABBEG
0000e1a4   _LOG_system
0000e1bc   LOG_A_TABEND
0000e1bc   _LOG_A_TABEND
0000e1c0   _RTDX_Poll
0000e5c0   _RTDX_Buffer_WriteCB
0000ec00   _RTDX_Mon_Queue
0000ee20   _RTDX_Init_RT_Monitor
0000eea0   _RTDX_Buffer_Initialize
0000ef00   _RTDX_Buffer_ReadCB
0000ef60   _RTDX_Buffer_Size
0000efa0   _RTDX_Final_RT_Monitor
0000efe0   _RTDX_Buffer_Read
0000f000   _RTDX_Buffer_Write
0000f040   _RTDX_Mask_IER
0000f060   ___atexit_func_id__
0000f210   __IRQ_eventTable
0000f294   __IRQ_intTable
0000f2d4   __IRQ_dispatchTable
0000f2dc   _KNL_queues
0000f37c   _KNL_dummy
0000f3b4   _BSPLink_interface_config
0000f3d4   _configEDMABSPLinkRcv
0000f3ec   _configEDMABSPLinkXmt_Ping
0000f404   _configEDMABSPLinkXmt_Pong
0000f41c   _TSK_ATTRS
0000f438   _TSK_config
0000f458   _TSK_timerSem
0000f478   _OBJ_table
0000f4b0   _OBJ_segtab
0000f4e0   _tccAllocTable
0000f520   __TSK_mutex
0000f548   __MEM_mutex
0000f570   _datainterface_config
0000f590   _configEDMARcv
0000f5a8   _configEDMAXmt
0000f5f0   __MCBSP_hDev0
0000f5f4   __MCBSP_hDev1
0000f654   __TIMER_deviceTable
0000f66c   __TIMER_hDev0
0000f670   __TIMER_hDev1
0000f674   __TIMER_hBios
0000f678   _SYS_exitStack
0000f6b4   __cleanup_ptr
0000f6b8   __dtors_ptr
0000f6bc   ___TI_enable_exit_profile_output
0000f6c0   __lock
0000f6c4   __unlock
0000f6c8   _dtors
0000f6cc   _DSK6713_version
0000f6d0   RTA_fromHost$buf
0000f6e0   BIOS_init
0000f6e0   _BIOS_init
0000f85c   BIOS$$CLKON
0000f89c   BIOS$$CLKOFF
0000f904   BIOS_start
0000f904   _BIOS_start
0000f9c0   _MEM_init
0000faa0   _c_int00
0000fb60   _TSK_init
0000fbe0   _OBJ_init
0000fc00   _RTDX_Buffer
00010008   _RTDX_Buffer_Start
0001000c   _RTDX_Buffer_End
00010010   _rtdx_buffer_state
0001001c   _RTDX_writing
00010030   _rtdx_mon_state
00010050   TSK_LEDTOGGLE$stack
000103e8   TSK_LEDTOGGLE$stkptr
00010450   TSK_idle$stack
000107e8   TSK_idle$stkptr
00010850   $bss
00010850   .bss
00010850   _HWI_dispatchTab
00010850   ___bss__
00010950   IDL_D_tabbeg
00010954   IDL_D_calibrate
00010958   IDL_D_calbeg
0001095c   LOG_D_system
0001095c   _LOG_D_system
00010960   PIP_D_tabbeg
00010964   PIP_D_tablen
00010968   CLK_R_time
0001096c   CLK_D_timefxn
00010970   CLK_D_tabbeg
00010974   CLK_D_isrhook
00010978   CLK_D_idletime
0001097c   _CLK_htimeDiv
00010980   _CLK_htimeMult
00010984   _CLK_ltimeDiv
00010988   _CLK_ltimeMult
0001098c   _CLK_D_dirty
00010990   _CLK_D_prd
00010994   _CLK_D_tddr
00010998   _CLK_D_countspms
0001099c   PRD_D_tick
0001099c   _PRD_D_tick
000109a0   PRD_D_cur
000109a4   PRD_D_elapsed
000109a8   PRD_D_prevtim
000109ac   PRD_D_scalar
000109b0   PRD_D_swihandle
000109b4   PRD_D_tabbeg
000109b8   PRD_D_tablen
000109bc   PRD_D_thook
000109c0   RTA_D_fromHost
000109c4   RTA_D_toHost
000109c8   RTA_D_logval
000109d8   RTA_D_stsval
000109e4   HST_D_chanmask
000109e8   HST_D_tabbeg
000109ec   HST_D_tabend
000109f0   _GBL_procId
000109f4   _GBL_clkIn
000109f8   _GBL_freq
000109fc   _MEM_D_NUMSEGMENTS
00010a00   _MEM_D_memtab
00010a04   _MEM_D_freelist
00010a08   _MEM_D_lockaddr
00010a0c   _MEM_D_unlockaddr
00010a10   _SYS
00010a14   __HOOK_knlId
00010a18   __HOOK_NUMHOOKS
00010a1c   SWI_D_runaddr
00010a1c   _SWI_D_runaddr
00010a1c   _SWI_data
00010a20   SWI_D_execaddr
00010a20   _SWI_D_execaddr
00010a24   SWI_D_curmask
00010a24   _SWI_D_curmask
00010a28   SWI_D_curset
00010a28   _SWI_D_curset
00010a2c   SWI_D_lock
00010a2c   _SWI_D_lock
00010a30   SWI_D_curmbox
00010a34   SWI_D_curfxn
00010a34   _SWI_D_curfxn
00010a38   SWI_D_rdybeg
00010a38   _SWI_D_rdybeg
00010a3c   SWI_D_inswi
00010a3c   _SWI_D_inswi
00010a40   SWI_D_rdytab
00010ab8   _hMcbsp_AIC23
00010abc   _hEdmaRcv
00010ac0   _hEdmaRcvRelPing
00010ac4   _hEdmaRcvRelPong
00010ac8   _hEdmaXmt
00010acc   _hEdmaXmtRelPing
00010ad0   _hEdmaXmtRelPong
00010ad4   _tccRcvPing
00010ad8   _tccRcvPong
00010adc   _tccXmtPing
00010ae0   _tccXmtPong
00010ae4   _ringbuff_in_read_i
00010ae8   _ringbuff_in_write_i
00010aec   _soundBuffer_i
00010af0   _time_cnt
00010af4   _configComplete
00010af8   _t_reg
00010b1c   _KNL_wFlag
00010b20   _KNL_wList
00010b24   _KNL_alarm
00010b28   _KNL_setpri
00010b2c   _KNL_inactive
00010b30   _KNL_priority
00010b34   _KNL_set
00010b38   _KNL_curtask
00010b3c   _KNL_prevtask
00010b40   _KNL_curtime
00010b44   _KNL_swiptr
00010b48   _KNL_curqueue
00010b4c   _KNL_maxqueue
00010b50   _KNL_tswitchfxn
00010b54   _KNL_tcreatefxn
00010b58   _KNL_tdeletefxn
00010b5c   _KNL_treadyfxn
00010b60   _KNL_idlefxn
00010b64   _MEM_memtab
00010b70   MEM_MALLOCSEG
00010b70   MEM_SEGZERO
00010b70   SDRAM
00010b70   _SDRAM
00010b74   RTA_fromHost$pipe$dtab
00010b80   RTA_toHost$pipe$dtab
00010b8c   _hMcbsp_Link
00010b90   _hEdmaBSPLinkRcv
00010b94   _hEdmaBSPLinkRcvRelPing
00010b98   _hEdmaBSPLinkRcvRelPong
00010b9c   _hEdmaBSPLinkXmt
00010ba0   _tccBSPLinkRcvPing
00010ba4   _tccBSPLinkRcvPong
00010ba8   _tccBSPLinkXmtPing
00010bac   _tccBSPLinkXmtPong
00010bb0   HWI_D_spsave
00010bb0   _HWI_D_spsave
00010bb0   _HWI_data
00010bbc   _HWI_D_inhwi
00010bc0   HWI_D_bss
00010bc4   HWI_D_ccmask
00010bc8   LNK_dspFrameRequestMask
00010bc8   _LNK_dspFrameRequestMask
00010bcc   LNK_dspFrameReadyMask
00010bcc   _LNK_dspFrameReadyMask
00010bd0   LNK_readPend
00010bd0   _LNK_readPend
00010bd4   LNK_readDone
00010bd4   _LNK_readDone
00010bd8   LNK_readFail
00010bd8   _LNK_readFail
00010bdc   LNK_writeFail
00010bdc   _LNK_writeFail
00010be8   _rtdxNullChanCnt
00010bec   _rtdxNullFuncCnt
00010bf0   _TSK_nTasks
00010bf4   _TSK_pid
00010bf8   _TSK
00010bfc   _CLK_DFLTMICROSECS
00010c00   _CLK_D_microseconds
00010c04   _SYS_exitStackPtr
00010c08   _SYS_exitStackTop
00010c0c   _CLK_htimePerLtime
00010c14   IDL_D_busyObj
00010c18   _MEM
00010c1c   _hMcbsp_AIC23_Config
00010c20   _SYS_PUTCBEG
00010c20   ___end__
00010c20   end
00010e1f   _SYS_PUTCEND
00010e20   PRD_SWIHANDLE
00010e20   PRD_swi
00010e20   SWI_A_TABBEG
00010e20   _PRD_swi
00010e4c   KNL_swi
00010e4c   _KNL_swi
00010e78   SWI_BSPLink_In_Ping
00010e78   _SWI_BSPLink_In_Ping
00010ea4   SWI_BSPLink_In_Pong
00010ea4   _SWI_BSPLink_In_Pong
00010ed0   SWI_ADC_Out_Ping
00010ed0   _SWI_ADC_Out_Ping
00010efc   SWI_ADC_Out_Pong
00010efc   _SWI_ADC_Out_Pong
00010f28   SWI_ADC_In_Ping
00010f28   _SWI_ADC_In_Ping
00010f54   SWI_ADC_In_Pong
00010f54   _SWI_ADC_In_Pong
00010f80   SWI_A_TABEND
00010fd8   SEM_LEDToggle
00010fd8   _SEM_LEDToggle
00010ff8   CLK_A_TABBEG
00010ff8   PRD_clock
00010ff8   _PRD_clock
00010ffc   CLK_null
00011000   LOG_system$buf
00011100   RTA_toHost$buf
00011200   PIP_A_TABBEG
00011200   RTA_fromHost$pipe
00011200   _PIP_A_TABBEG
00011204   RTA_fromHost$pipe$rd
00011230   RTA_fromHost$pipe$aaa
00011234   RTA_fromHost$pipe$wr
00011260   RTA_fromHost$pipe$bbb
00011264   RTA_toHost$pipe
00011268   RTA_toHost$pipe$rd
00011294   RTA_toHost$pipe$aaa
00011298   RTA_toHost$pipe$wr
000112c4   RTA_toHost$pipe$bbb
000112c8   PIP_A_TABEND
000112c8   PRD_Sek$sts$stsobj
000112c8   STS_A_TABBEG
000112c8   _PIP_A_TABEND
000112c8   _STS_A_TABBEG
000112cc   PRD_Sek$sts
000112d8   PRD_swi$sts$stsobj
000112dc   PRD_swi$sts
000112e8   KNL_swi$sts$stsobj
000112ec   KNL_swi$sts
000112f8   SWI_BSPLink_In_Ping$sts$stsobj
000112fc   SWI_BSPLink_In_Ping$sts
00011308   SWI_BSPLink_In_Pong$sts$stsobj
0001130c   SWI_BSPLink_In_Pong$sts
00011318   SWI_ADC_Out_Ping$sts$stsobj
0001131c   SWI_ADC_Out_Ping$sts
00011328   SWI_ADC_Out_Pong$sts$stsobj
0001132c   SWI_ADC_Out_Pong$sts
00011338   SWI_ADC_In_Ping$sts$stsobj
0001133c   SWI_ADC_In_Ping$sts
00011348   SWI_ADC_In_Pong$sts$stsobj
0001134c   SWI_ADC_In_Pong$sts
00011358   TSK_idle$sts$stsobj
0001135c   TSK_idle$sts
00011368   TSK_LEDTOGGLE$sts$stsobj
0001136c   TSK_LEDTOGGLE$sts
00011378   IDL_busyObj$stsobj
0001137c   IDL_busyObj
0001137c   _IDL_busyObj
00011388   STS_A_TABEND
00011388   _STS_A_TABEND
00011394   TSK_idle
00011394   _TSK_idle
000113f4   TSK_LEDTOGGLE
000113f4   _TSK_LEDTOGGLE
000114fd   PRD_Sek$sts$maxfmt
00011500   HST_A_TABBEG
00011500   _HST_A_TABBEG
00011504   RTA_fromHost
00011504   _RTA_fromHost
00011506   PRD_Sek$sts$sumfmt
0001150c   RTA_fromHost$rtdx
0001150f   PRD_Sek$sts$avgfmt
0001151a   PRD_swi$sts$maxfmt
00011520   RTA_toHost
00011520   _RTA_toHost
00011522   PRD_swi$sts$sumfmt
00011528   RTA_toHost$rtdx
0001152a   PRD_swi$sts$avgfmt
00011534   KNL_swi$sts$maxfmt
0001153c   HST_A_TABEND
0001153c   KNL_swi$sts$sumfmt
0001153c   _HST_A_TABEND
00011544   KNL_swi$sts$avgfmt
0001154e   SWI_BSPLink_In_Ping$sts$maxfmt
00011556   SWI_BSPLink_In_Ping$sts$sumfmt
0001155e   SWI_BSPLink_In_Ping$sts$avgfmt
00011564   PRD_A_TABBEG
00011564   PRD_Sek
00011564   _PRD_Sek
00011568   SWI_BSPLink_In_Pong$sts$maxfmt
00011570   SWI_BSPLink_In_Pong$sts$sumfmt
00011578   SWI_BSPLink_In_Pong$sts$avgfmt
00011580   PRD_Sek$aaa
00011582   SWI_ADC_Out_Ping$sts$maxfmt
00011584   IDL_A_TABBEG
00011584   IDL_cpuLoad
00011584   PRD_A_TABEND
00011584   _IDL_cpuLoad
00011588   LNK_dataPump
00011588   _LNK_dataPump
0001158a   SWI_ADC_Out_Ping$sts$sumfmt
0001158c   RTA_dispatcher
0001158c   _RTA_dispatcher
00011590   IDL_END
00011592   SWI_ADC_Out_Ping$sts$avgfmt
00011594   IDL_A_CALBEG
00011594   IDL_cpuLoad$
00011598   LNK_dataPump$
0001159c   RTA_dispatcher$
0001159c   SWI_ADC_Out_Pong$sts$maxfmt
000115a0   IDL_END$
000115a4   SWI_ADC_Out_Pong$sts$sumfmt
000115a4   SYS$config
000115ac   SWI_ADC_Out_Pong$sts$avgfmt
000115b4   ___pinit__
000115b4   pinit
000115b6   SWI_ADC_In_Ping$sts$maxfmt
000115be   SWI_ADC_In_Ping$sts$sumfmt
000115c0   TRC_cinit
000115c4   TRC_R_mask
000115c4   _TRC_R_mask
000115c6   SWI_ADC_In_Ping$sts$avgfmt
000115c8   GBL_initdone
000115d0   SWI_ADC_In_Pong$sts$maxfmt
000115d8   SWI_ADC_In_Pong$sts$sumfmt
000115e0   SWI_ADC_In_Pong$sts$avgfmt
000115ea   TSK_idle$sts$maxfmt
000115f2   TSK_idle$sts$sumfmt
000115fa   TSK_idle$sts$avgfmt
00011604   TSK_LEDTOGGLE$sts$maxfmt
0001160c   TSK_LEDTOGGLE$sts$sumfmt
00011614   TSK_LEDTOGGLE$sts$avgfmt
0001161e   IDL_busyObj$maxfmt
00011621   IDL_busyObj$sumfmt
00011624   IDL_busyObj$avgfmt
00036ee8   CLK_LTIMEMULT
00036ee8   GBL_FREQ
01940000   CLK_REGS
01940000   _CLK_REGS
082039a3   HWI_INTRMULTHIGH
250718a4   HWI_INTRMULTLOW
80000000   _AIC_Buffer_in_ping
800007d0   _AIC_Buffer_in_pong
80000fa0   _AIC_Buffer_out_ping
80001770   _AIC_Buffer_out_pong
80001f40   _Ringbuffer_in
800109a0   _Debug_Buff_ping
80011170   _Debug_Buff_pong
80011940   _BSPLinkBuffer_in_ping
80012174   _BSPLinkBuffer_in_pong
800129a8   _BSPLinkBuffer_out_ping
800131dc   _BSPLinkBuffer_out_pong
80013a10   SDRAM$B
80013a10   _SDRAM_base
8001ba10   _MySinus
ffffffff   HST_DSMBUFSEG
ffffffff   IRAM
ffffffff   RTDX_DATAMEMSEG
ffffffff   _IRAM
ffffffff   ___TI_pprof_out_hndl
ffffffff   ___TI_prof_data_size
ffffffff   ___TI_prof_data_start
ffffffff   ___binit__
ffffffff   ___c_args__
ffffffff   binit

[940 symbols]
