******************************************************************************
               TMS320C6x Linker PC v7.4.14                     
******************************************************************************
>> Linked Fri Jun 10 01:53:00 2016

OUTPUT FILE NAME:   <my_dsp_project.out>
ENTRY POINT SYMBOL: "_c_int00"  address: 0000fb60


MEMORY CONFIGURATION

         name            origin    length      used     unused   attr    fill
----------------------  --------  ---------  --------  --------  ----  --------
  IRAM                  00000000   0003e000  00011705  0002c8fb  RWIX
  SDRAM                 80000000   00800000  000189a8  007e7658  RWIX


SECTION ALLOCATION MAP

 output                                  attributes/
section   page    origin      length       input sections
--------  ----  ----------  ----------   ----------------
.data      0    00000000    00000000     UNINITIALIZED

.vers      0    00000000    00000044     COPY SECTION
                  00000000    00000044     my_dsp_projectcfg.obj (.vers)

.hwi_vec   0    00000000    00000200     
                  00000000    00000200     my_dsp_projectcfg.obj (.hwi_vec)

.text      0    00000200    00004440     
                  00000200    00001360     skeleton.obj (.text)
                  00001560    00000760     config_BSPLink.obj (.text)
                  00001cc0    00000480     dsk6713bsl.lib : dsk6713.obj (.text)
                  00002140    00000280     csl6713.lib : csl_edma.obj (.text:_EDMA_open)
                  000023c0    00000240     rts6700.lib : memcpy62.obj (.text:_memcpy)
                  00002600    00000240     config_AIC23.obj (.text)
                  00002840    00000220     csl6713.lib : csl.obj (.text:__CSL_init)
                  00002a60    000001e0     dsk6713bsl.lib : dsk6713_led.obj (.text)
                  00002c40    000001c0     csl6713.lib : csl_irq.obj (.text:_IRQ_map)
                  00002e00    000001c0                 : csl_irq.obj (.text:_mux2Tables)
                  00002fc0    000001a0                 : csl_edma.obj (.text:_EDMA_allocTable)
                  00003160    000001a0                 : csl_mcbsp.obj (.text:_MCBSP_reset)
                  00003300    00000180     bios.a67 : gbl_cslpllinit62.o67 (.text)
                  00003480    00000160     rts6700.lib : sinit.obj (.text:_call_dtors)
                  000035e0    00000140     csl6713.lib : csl_edma.obj (.text:_EDMA_reset)
                  00003720    00000140                 : csl_timer.obj (.text:_TIMER_open)
                  00003860    00000120                 : csl_timer.obj (.text:_TIMER_reset)
                  00003980    00000100                 : csl_edma.obj (.text:_EDMA_intAlloc)
                  00003a80    00000100                 : csl_mcbsp.obj (.text:_MCBSP_open)
                  00003b80    00000100                 : csl_mcbsp.obj (.text:_MCBSP_start)
                  00003c80    000000e0                 : csl_edma.obj (.text:_EDMA_config)
                  00003d60    000000e0     rts6700.lib : strasg.obj (.text:__strasg)
                  00003e40    000000e0                 : atexit.obj (.text:_atexit)
                  00003f20    000000c0     bios.a67 : tsk_stup.o67 (.text)
                  00003fe0    000000a0     csl6713.lib : csl_mcbsp.obj (.text:_MCBSP_close)
                  00004080    000000a0                 : csl_mcbsp.obj (.text:_MCBSP_config)
                  00004120    000000a0                 : csl_irq.obj (.text:__IRQ_init)
                  000041c0    000000a0                 : csl_irq.obj (.text:_setMux)
                  00004260    00000060                 : csl_edma.obj (.text:_EDMA_disableChannel)
                  000042c0    00000060                 : csl_edma.obj (.text:_EDMA_enableChannel)
                  00004320    00000060                 : csl_edma.obj (.text:_EDMA_intEnable)
                  00004380    00000060                 : csl_edma.obj (.text:_EDMA_qdmaConfig)
                  000043e0    00000040                 : csl_edma.obj (.text:_EDMA_link)
                  00004420    00000040                 : csl_irq.obj (.text:_IRQ_enable)
                  00004460    00000040     rts6700.lib : sinit.obj (.text:___add_dtor)
                  000044a0    00000020     csl6713.lib : csl.obj (.text:_CSL6713_LIB_)
                  000044c0    00000020                 : csl_edma.obj (.text:_EDMA_intClear)
                  000044e0    00000020                 : csl_edma.obj (.text:_EDMA_intTest)
                  00004500    00000020                 : csl_irq.obj (.text:_IRQ_clear)
                  00004520    00000020                 : csl_irq.obj (.text:_IRQ_globalEnable)
                  00004540    00000020                 : csl_mcbsp.obj (.text:_MCBSP_getRcvAddr)
                  00004560    00000020                 : csl_mcbsp.obj (.text:_MCBSP_getXmtAddr)
                  00004580    00000020                 : csl_mcbsp.obj (.text:_MCBSP_write)
                  000045a0    00000020                 : csl_mcbsp.obj (.text:_MCBSP_xrdy)
                  000045c0    00000020     rts6700.lib : _lock.obj (.text:__nop)
                  000045e0    00000020                 : _lock.obj (.text:__register_lock)
                  00004600    00000020                 : _lock.obj (.text:__register_unlock)
                  00004620    00000020     csl6713.lib : csl_irq.obj (.text)

.bios      0    00004640    00004280     
                  00004640    00000600     lnkrtdx.a67 : rtdx.o67 (.bios)
                  00004c40    000005e0     bios.a67 : gbl_setL2CacheMode.o67 (.bios)
                  00005220    00000540              : swi.o67 (.bios)
                  00005760    00000460              : hwi_disp_asm.o67 (.bios)
                  00005bc0    000003a0              : prd.o67 (.bios)
                  00005f60    000002c0              : knl_run.o67 (.bios)
                  00006220    000002c0              : rta.o67 (.bios)
                  000064e0    000002c0              : sem_pend.o67 (.bios)
                  000067a0    00000260              : knl_tick.o67 (.bios)
                  00006a00    00000240              : pip.o67 (.bios)
                  00006c40    00000220              : sem_dopo.o67 (.bios)
                  00006e60    00000200              : tsk_setu.o67 (.bios)
                  00007060    000001c0              : knl_swit.o67 (.bios)
                  00007220    000001c0     biosC6000.a67 : clk.o67 (.bios)
                  000073e0    000001a0     bios.a67 : tsk_exit.o67 (.bios)
                  00007580    00000180              : autoinit.o67 (.bios)
                  00007700    00000180              : tsk_stup.o67 (.bios)
                  00007880    00000140              : knl_chec.o67 (.bios)
                  000079c0    000000e0              : gbl_cslcacheinit.o67 (.bios)
                  00007aa0    000000e0              : knl_exit.o67 (.bios)
                  00007b80    000000e0              : sem_post.o67 (.bios)
                  00007c60    000000e0              : sem_post_asm.o67 (.bios)
                  00007d40    000000e0     biosC6000.a67 : clk_meas.o67 (.bios)
                  00007e20    000000c0     bios.a67 : knl_ipos.o67 (.bios)
                  00007ee0    000000c0              : knl_post.o67 (.bios)
                  00007fa0    000000c0              : lck.o67 (.bios)
                  00008060    000000c0              : sys_exit.o67 (.bios)
                  00008120    000000c0     biosC6000.a67 : clk_htime.o67 (.bios)
                  000081e0    00000080     bios.a67 : fxn.o67 (.bios)
                  00008260    00000080              : idl_busy.o67 (.bios)
                  000082e0    00000080              : log.o67 (.bios)
                  00008360    00000080              : sts.o67 (.bios)
                  000083e0    00000080     biosC6000.a67 : idl_cal.o67 (.bios)
                  00008460    00000060     bios.a67 : hwi_c.o67 (.bios)
                  000084c0    00000060              : sem_pend_binary.o67 (.bios)
                  00008520    00000060              : sem_pend_counting.o67 (.bios)
                  00008580    00000060              : swi_disable.o67 (.bios)
                  000085e0    00000060              : sys_abor.o67 (.bios)
                  00008640    00000060              : utl_putc.o67 (.bios)
                  000086a0    00000060     biosC6000.a67 : clk_start.o67 (.bios)
                  00008700    00000040     bios.a67 : idl_stub.o67 (.bios)
                  00008740    00000040              : rta_andn.o67 (.bios)
                  00008780    00000040              : utl_doab.o67 (.bios)
                  000087c0    00000040     biosC6000.a67 : clk_stop.o67 (.bios)
                  00008800    00000020     bios.a67 : fxn_c.o67 (.bios)
                  00008820    00000020              : gbl_vers.o67 (.bios)
                  00008840    00000020              : idl.o67 (.bios)
                  00008860    00000020              : sts_set.o67 (.bios)
                  00008880    00000020              : utl_doer.o67 (.bios)
                  000088a0    00000020              : utl_halt.o67 (.bios)

.stack     0    000088c0    00004000     UNINITIALIZED
                  000088c0    00004000     --HOLE--

.cinit     0    0000c8c0    000018c4     
                  0000c8c0    00000ab4     my_dsp_projectcfg.obj (.cinit)
                  0000d374    00000004     --HOLE-- [fill = 0]
                  0000d378    0000027c     skeleton.obj (.cinit)
                  0000d5f4    00000004     --HOLE-- [fill = 0]
                  0000d5f8    0000026c     bios.a67 : biosdata.o67 (.cinit)
                  0000d864    00000004     --HOLE-- [fill = 0]
                  0000d868    000001a4              : knl.o67 (.cinit)
                  0000da0c    00000004     --HOLE-- [fill = 0]
                  0000da10    0000012c     csl6713.lib : csl_irq.obj (.cinit)
                  0000db3c    00000004     --HOLE-- [fill = 0]
                  0000db40    000000b0     bios.a67 : swi.o67 (.cinit)
                  0000dbf0    00000098     config_BSPLink.obj (.cinit)
                  0000dc88    00000080     bios.a67 : tsk.o67 (.cinit)
                  0000dd08    00000070     csl6713.lib : csl_edma.obj (.cinit)
                  0000dd78    00000060     bios.a67 : tsk_stup.o67 (.cinit)
                  0000ddd8    0000005c     lnkrtdx.a67 : rtdx.o67 (.cinit)
                  0000de34    00000004     --HOLE-- [fill = 0]
                  0000de38    00000054     csl6713.lib : csl_mcbsp.obj (.cinit)
                  0000de8c    00000004     --HOLE-- [fill = 0]
                  0000de90    0000004c     bios.a67 : rta.o67 (.cinit)
                  0000dedc    00000004     --HOLE-- [fill = 0]
                  0000dee0    0000004c     csl6713.lib : csl_timer.obj (.cinit)
                  0000df2c    00000004     --HOLE-- [fill = 0]
                  0000df30    0000004c     rtdx.lib : buffer1.o62 (.cinit)
                  0000df7c    00000004     --HOLE-- [fill = 0]
                  0000df80    00000048     config_AIC23.obj (.cinit)
                  0000dfc8    0000003c     csl6713.lib : csl.obj (.cinit)
                  0000e004    00000004     --HOLE-- [fill = 0]
                  0000e008    00000034     bios.a67 : hwi.o67 (.cinit)
                  0000e03c    00000004     --HOLE-- [fill = 0]
                  0000e040    0000002c              : utl_putc.o67 (.cinit)
                  0000e06c    00000004     --HOLE-- [fill = 0]
                  0000e070    0000002c     rts6700.lib : exit.obj (.cinit)
                  0000e09c    00000004     --HOLE-- [fill = 0]
                  0000e0a0    00000024     bios.a67 : obj_init.o67 (.cinit)
                  0000e0c4    00000004     --HOLE-- [fill = 0]
                  0000e0c8    0000001c              : sys.o67 (.cinit)
                  0000e0e4    00000004     --HOLE-- [fill = 0]
                  0000e0e8    0000001c     rts6700.lib : _lock.obj (.cinit)
                  0000e104    00000004     --HOLE-- [fill = 0]
                  0000e108    0000001c                 : atexit.obj (.cinit)
                  0000e124    00000004     --HOLE-- [fill = 0]
                  0000e128    00000018     bios.a67 : knl_tick.o67 (.cinit)
                  0000e140    0000000c              : gbl_setL2CacheMode.o67 (.cinit)
                  0000e14c    00000004     --HOLE-- [fill = 0]
                  0000e150    0000000c              : idl_busy.o67 (.cinit)
                  0000e15c    00000004     --HOLE-- [fill = 0]
                  0000e160    0000000c              : knl_swit.o67 (.cinit)
                  0000e16c    00000004     --HOLE-- [fill = 0]
                  0000e170    0000000c     rts6700.lib : sinit.obj (.cinit)
                  0000e17c    00000004     --HOLE-- [fill = 0]
                  0000e180    00000004     (.pad.cinit) [fill = 0]

.log       0    0000e184    00000018     
                  0000e184    00000018     my_dsp_projectcfg.obj (.log)

.args      0    0000e19c    00000004     
                  0000e19c    00000004     --HOLE-- [fill = 0]

.rtdx_text 
*          0    0000e1a0    00000ea0     
                  0000e1a0    00000400     rtdx.lib : rtdx_mon.o62 (.rtdx_text:_RTDX_Poll)
                  0000e5a0    00000340              : buffer1.o62 (.rtdx_text:_RTDX_Buffer_WriteCB)
                  0000e8e0    00000300              : buffer1.o62 (.rtdx_text:_RTDX_write_next)
                  0000ebe0    00000140              : rtdx_mon.o62 (.rtdx_text:_RTDX_Mon_Queue)
                  0000ed20    000000e0              : buffer1.o62 (.rtdx_text:_claim)
                  0000ee00    00000080              : rtdx_mon.o62 (.rtdx_text:_RTDX_Init_RT_Monitor)
                  0000ee80    00000060              : buffer1.o62 (.rtdx_text:_RTDX_Buffer_Initialize)
                  0000eee0    00000060              : buffer2.o62 (.rtdx_text:_RTDX_Buffer_ReadCB)
                  0000ef40    00000040              : buffer1.o62 (.rtdx_text:_RTDX_Buffer_Size)
                  0000ef80    00000040              : rtdx_mon.o62 (.rtdx_text:_RTDX_Final_RT_Monitor)
                  0000efc0    00000020              : buffer2.o62 (.rtdx_text:_RTDX_Buffer_Read)
                  0000efe0    00000020              : buffer1.o62 (.rtdx_text:_RTDX_Buffer_Write)
                  0000f000    00000020              : rtdx_mon.o62 (.rtdx_text:_RTDX_checksum)
                  0000f020    00000020              : intr_tgt.o62 (.rtdx_text)

.far       0    0000f040    0000074c     UNINITIALIZED
                  0000f040    00000188     rts6700.lib : atexit.obj (.far)
                  0000f1c8    0000012c     skeleton.obj (.far)
                  0000f2f4    000000f4     csl6713.lib : csl_irq.obj (.far)
                  0000f3e8    000000d8     bios.a67 : knl.o67 (.far)
                  0000f4c0    00000068     config_BSPLink.obj (.far)
                  0000f528    0000005c     bios.a67 : tsk.o67 (.far)
                  0000f584    00000054              : obj_init.o67 (.far)
                  0000f5d8    00000054     csl6713.lib : csl_edma.obj (.far)
                  0000f62c    00000050     bios.a67 : tsk_stup.o67 (.far)
                  0000f67c    00000038     csl6713.lib : csl_mcbsp.obj (.far)
                  0000f6b4    00000034     config_AIC23.obj (.far)
                  0000f6e8    00000028     csl6713.lib : csl.obj (.far)
                  0000f710    00000024                 : csl_timer.obj (.far)
                  0000f734    00000020     bios.a67 : sys.o67 (.far)
                  0000f754    00000010              : knl_tick.o67 (.far)
                  0000f764    0000000c              : utl_putc.o67 (.far)
                  0000f770    0000000c     rts6700.lib : exit.obj (.far)
                  0000f77c    00000008                 : _lock.obj (.far)
                  0000f784    00000004                 : sinit.obj (.far)
                  0000f788    00000002     dsk6713bsl.lib : dsk6713.obj (.far)
                  0000f78a    00000002                    : dsk6713_led.obj (.far)

.hst1      0    0000f78c    00000010     UNINITIALIZED
                  0000f78c    00000010     my_dsp_projectcfg.obj (.hst1)

.mem       0    0000f79c    00000004     UNINITIALIZED
                  0000f79c    00000004     my_dsp_projectcfg.obj (.mem)

.sysinit   0    0000f7a0    00000520     
                  0000f7a0    000002e0     my_dsp_projectcfg.obj (.sysinit)
                  0000fa80    000000e0     bios.a67 : mem_init.o67 (.sysinit)
                  0000fb60    000000c0              : boot.o67 (.sysinit)
                  0000fc20    00000080              : tsk_init.o67 (.sysinit)
                  0000fca0    00000020              : obj_init.o67 (.sysinit)

.rtdx_data 
*          0    0000fcc0    0000044c     UNINITIALIZED
                  0000fcc0    00000410     my_dsp_projectcfg.obj (.rtdx_data)
                  000100d0    00000020     rtdx.lib : buffer1.o62 (.rtdx_data)
                  000100f0    0000001c              : rtdx_mon.o62 (.rtdx_data)

.TSK_LEDTOGGLE$stk 
*          0    00010110    00000400     UNINITIALIZED
                  00010110    00000400     my_dsp_projectcfg.obj (.TSK_LEDTOGGLE$stk)

.TSK_idle$stk 
*          0    00010510    00000400     UNINITIALIZED
                  00010510    00000400     my_dsp_projectcfg.obj (.TSK_idle$stk)

.bss       0    00010910    000003d8     UNINITIALIZED
                  00010910    00000100     bios.a67 : hwi_disp_asm.o67 (.bss)
                  00010a10    000000cc              : biosdata.o67 (.bss)
                  00010adc    0000009c              : swi.o67 (.bss)
                  00010b78    0000006c     skeleton.obj (.bss)
                  00010be4    00000048     bios.a67 : knl.o67 (.bss)
                  00010c2c    00000028     my_dsp_projectcfg.obj (.bss)
                  00010c54    00000024     config_BSPLink.obj (.bss)
                  00010c78    00000018     bios.a67 : hwi.o67 (.bss)
                  00010c90    00000018     lnkrtdx.a67 : rtdx.o67 (.bss)
                  00010ca8    00000010     rtdx.lib : buffer1.o62 (.bss)
                  00010cb8    0000000c     bios.a67 : tsk.o67 (.bss)
                  00010cc4    00000008              : clk_data.o67 (.bss)
                  00010ccc    00000008              : sys.o67 (.bss)
                  00010cd4    00000004              : clk_data2.o67 (.bss)
                  00010cd8    00000004              : gbl_setL2CacheMode.o67 (.bss)
                  00010cdc    00000004              : idl_busy.o67 (.bss)
                  00010ce0    00000004              : mem_asm.o67 (.bss)
                  00010ce4    00000004     config_AIC23.obj (.bss)

.trace     0    00010ce8    00000200     
                  00010ce8    00000200     --HOLE-- [fill = 00000000]

.swi       0    00010ee8    000001b8     UNINITIALIZED
                  00010ee8    000001b8     my_dsp_projectcfg.obj (.swi)

.gblinit   0    000110a0    0000004c     
                  000110a0    0000004c     my_dsp_projectcfg.obj (.gblinit)

.idl       0    000110ec    00000010     UNINITIALIZED
                  000110ec    00000010     my_dsp_projectcfg.obj (.idl)

.LOG_system$buf 
*          0    00011100    00000100     UNINITIALIZED
                  00011100    00000100     my_dsp_projectcfg.obj (.LOG_system$buf)

.hst0      0    00011200    00000100     UNINITIALIZED
                  00011200    00000100     my_dsp_projectcfg.obj (.hst0)

.sts       0    00011300    000000e0     
                  00011300    000000e0     my_dsp_projectcfg.obj (.sts)

.pip       0    000113e0    000000c8     UNINITIALIZED
                  000113e0    000000c8     my_dsp_projectcfg.obj (.pip)

.tsk       0    000114a8    000000c0     UNINITIALIZED
                  000114a8    000000c0     my_dsp_projectcfg.obj (.tsk)

.const     0    00011568    000000b5     
                  00011568    0000004e     bios.a67 : tsk_stup.o67 (.const)
                  000115b6    00000023              : utl_doab.o67 (.const)
                  000115d9    00000022              : utl_doer.o67 (.const)
                  000115fb    00000001     --HOLE-- [fill = 0]
                  000115fc    00000020     dsk6713bsl.lib : dsk6713.obj (.const)
                  0001161c    00000001     bios.a67 : tsk.o67 (.const)

.printf    0    0001161d    00000160     COPY SECTION
                  0001161d    00000160     my_dsp_projectcfg.obj (.printf)

.hst       0    00011620    0000003c     UNINITIALIZED
                  00011620    0000003c     my_dsp_projectcfg.obj (.hst)

.sem       0    0001165c    0000002c     UNINITIALIZED
                  0001165c    0000002c     my_dsp_projectcfg.obj (.sem)

.switch    0    00011688    00000028     
                  00011688    00000028     rtdx.lib : rtdx_mon.o62 (.switch)

.prd       0    000116b0    00000020     UNINITIALIZED
                  000116b0    00000020     my_dsp_projectcfg.obj (.prd)

.idlcal    0    000116d0    00000010     UNINITIALIZED
                  000116d0    00000010     my_dsp_projectcfg.obj (.idlcal)

.sys       0    000116e0    00000010     UNINITIALIZED
                  000116e0    00000010     my_dsp_projectcfg.obj (.sys)

.pinit     0    000116f0    0000000c     
                  000116f0    00000004     rtdx.lib : buffer1.o62 (.pinit)
                  000116f4    00000004              : rtdx_mon.o62 (.pinit)
                  000116f8    00000004     --HOLE-- [fill = 0]

.trcdata   0    000116fc    0000000c     
                  000116fc    0000000c     bios.a67 : trc.o67 (.trcdata)

.clk       0    00011708    00000008     UNINITIALIZED
                  00011708    00000008     my_dsp_projectcfg.obj (.clk)

.datenpuffer 
*          0    80000000    000109a8     UNINITIALIZED
                  80000000    0000ea66     skeleton.obj (.datenpuffer)
                  8000ea66    00000002     --HOLE--
                  8000ea68    00001f40     config_BSPLink.obj (.datenpuffer)

.SDRAM$heap 
*          0    800109a8    00008000     UNINITIALIZED
                  800109a8    00008000     --HOLE--


GLOBAL SYMBOLS: SORTED ALPHABETICALLY BY Name 

address    name
--------   ----
00010910   $bss
00010910   .bss
00000000   .data
00000200   .text
0000f95c   BIOS$$CLKOFF
0000f91c   BIOS$$CLKON
0000f7a0   BIOS_init
0000f9c4   BIOS_start
00000000   BUF$
00000001   BUF_ENABLED
00000001   CLK$
00011708   CLK_A_TABBEG
00000001   CLK_CALDIV
00000004   CLK_CALMULT
0000dbba   CLK_COUNTSPMS
00000000   CLK_COUNTSPMSHIGH
00010a38   CLK_D_idletime
00010a34   CLK_D_isrhook
00010a30   CLK_D_tabbeg
00010a2c   CLK_D_timefxn
00008120   CLK_F_getfhtime
00008140   CLK_F_gethtime
00007220   CLK_F_getltime
00008140   CLK_F_getshtime
00007234   CLK_F_isr
00007394   CLK_F_itime
00005760   CLK_HOOKFXN
00000001   CLK_HTIMEDIV
00000004   CLK_HTIMEMULT
0000dbba   CLK_HTIMEPERLTIME
00004000   CLK_INTBIT
00000001   CLK_LTIMEDIV
00036ee8   CLK_LTIMEMULT
000003e8   CLK_MICROSECS
0000dbba   CLK_PRD
00000000   CLK_PRDHIGH
01940000   CLK_REGS
00010a28   CLK_R_time
00000020   CLK_TCR
00000000   CLK_TDDR
00000000   CLK_TDDRHIGH
00008140   CLK_TIMEFXN
00000000   CLK_TIMERNUM
00000001   CLK_USETIMER
0001170c   CLK_null
00000000   DEV$
00000000   DGN$
00000000   DHL$
00000000   DHL_gChannelsAvailable
00000000   DIO$
00000000   DIO_NUMSWIBASE
00000000   DIO_NUMTSKBASE
00000000   DIO_STATIC
00000000   DPI$
000081e0   FXN_F_nop
000081e8   FXN_F_run
00008238   FXN_F_zero
00000001   GBL$
00005205   GBL_A_VERSION
00000000   GBL_BIGENDIAN
00000000   GBL_C641XL2PRIORITY
00000000   GBL_CACHE
00000001   GBL_CALLCSLCFGINIT
00004e20   GBL_CLKIN
00001770   GBL_CLKTYPE
00001a39   GBL_DSPSUBTYPE
0000003e   GBL_DSPTYPE
00000001   GBL_ENABLEINST
00000042   GBL_FOOTPRINT
00036ee8   GBL_FREQ
00002226   GBL_L2ALLOC
00000000   GBL_L2CONFIGALLOC
00000001   GBL_L2CONFIGURE
00000001   GBL_L2MARMASK
00000000   GBL_L2MARMASK1
00000000   GBL_L2MARMASK2
00000000   GBL_L2MARMASK3
00000000   GBL_L2MARMASK4
00000000   GBL_L2MARMASK5
00000000   GBL_L2MODE
00000000   GBL_L2PRIORITY
00000000   GBL_NULL
00000000   GBL_PROCID
00000000   GBL_ROM
00000000   GBL_SUPPORTCSL
0000dbef   GBL_TRCMASKVALUE
00000001   GBL_USERINIT
00003328   GBL_USERINITFXN
00000001   GBL_boot
00011704   GBL_initdone
000088c0   GBL_stackbeg
0000c8bf   GBL_stackend
00000000   GIO$
00008800   GIO_CREATEFXN
00008800   GIO_DELETEFXN
00008800   GIO_PENDFXN
00008800   GIO_POSTFXN
00000000   HOOK$
00000000   HOOK_KNLID
00000001   HST$
00011620   HST_A_TABBEG
0001165c   HST_A_TABEND
00000000   HST_DSM
ffffffff   HST_DSMBUFSEG
00000400   HST_DSMMEMSIZE
00010aa4   HST_D_chanmask
00010aa8   HST_D_tabbeg
00010aac   HST_D_tabend
000000ff   HST_MAXFRAMEALLOWED
00000040   HST_MAXFRAMESET
00000000   HST_NONE
00000001   HST_RTDX
00000001   HWI$
00000000   HWI_A_VECS
00005308   HWI_CFGDISPATCHED
00010c88   HWI_D_bss
00010c8c   HWI_D_ccmask
00010c78   HWI_D_spsave
00005760   HWI_F_dispatch
00000000   HWI_GENERATE_RESET_VEC
0000000a   HWI_INT10
00000000   HWI_INT10$hwi
0000000b   HWI_INT11
00000000   HWI_INT11$hwi
0000000c   HWI_INT12
00000000   HWI_INT12$hwi
0000000d   HWI_INT13
00000000   HWI_INT13$hwi
0000000e   HWI_INT14
00000000   HWI_INT14$hwi
0000000f   HWI_INT15
00000000   HWI_INT15$hwi
00000004   HWI_INT4
00000000   HWI_INT4$hwi
00000005   HWI_INT5
00000000   HWI_INT5$hwi
00000006   HWI_INT6
00000000   HWI_INT6$hwi
00000007   HWI_INT7
00000000   HWI_INT7$hwi
00000008   HWI_INT8
00000000   HWI_INT8$hwi
00000009   HWI_INT9
00000000   HWI_INT9$hwi
082039a3   HWI_INTRMULTHIGH
250718a4   HWI_INTRMULTLOW
00000001   HWI_NMI
00000000   HWI_NMI$hwi
00000000   HWI_POLARITYMASK
00000002   HWI_RESERVED0
00000000   HWI_RESERVED0$hwi
00000003   HWI_RESERVED1
00000000   HWI_RESERVED1$hwi
00000000   HWI_RESET
00000000   HWI_RESET$hwi
00000001   HWI_ZEROTAB
00000001   IDL$
000116d0   IDL_A_CALBEG
000110ec   IDL_A_TABBEG
00000006   IDL_CALIBRERROR
00008700   IDL_CALIBRFXN
00010cdc   IDL_D_busyObj
00010a18   IDL_D_calbeg
00010a14   IDL_D_calibrate
00010a10   IDL_D_tabbeg
000110f8   IDL_END
000116dc   IDL_END$
00008260   IDL_F_busy
000083e0   IDL_F_calibrate
00008840   IDL_F_loop
00008700   IDL_F_stub
00000001   IDL_USECLKIDLTIME
000113d4   IDL_busyObj
00011778   IDL_busyObj$avgfmt
00000001   IDL_busyObj$filter
00000001   IDL_busyObj$iA
00000000   IDL_busyObj$iB
00000001   IDL_busyObj$iC
00011772   IDL_busyObj$maxfmt
00000000   IDL_busyObj$operation
000113d0   IDL_busyObj$stsobj
00011775   IDL_busyObj$sumfmt
00000002   IDL_busyObj$unittype
000110ec   IDL_cpuLoad
000116d0   IDL_cpuLoad$
ffffffff   IRAM
00000001   ISRC$
000071e0   KNL_glue
00010f14   KNL_swi
00000001   KNL_swi$dorta
00000002   KNL_swi$ord
00000000   KNL_swi$pri
00011324   KNL_swi$sts
00011664   KNL_swi$sts$avgfmt
00000002   KNL_swi$sts$filter
00000001   KNL_swi$sts$filtmaxmult
00000001   KNL_swi$sts$filtsummult
00011654   KNL_swi$sts$maxfmt
00011320   KNL_swi$sts$stsobj
0001165c   KNL_swi$sts$sumfmt
00000000   KNL_swi$sts$unittype
00000000   KNL_swi$swi
00000001   LCK$
00004640   LNK_F_checkBufferCall
000046c0   LNK_F_dataPump
00004660   LNK_F_getChanPtr
000046b8   LNK_F_init
00004c04   LNK_F_readCallBack
000110f0   LNK_dataPump
000116d4   LNK_dataPump$
00010c94   LNK_dspFrameReadyMask
00010c90   LNK_dspFrameRequestMask
00004960   LNK_newin
00004aa0   LNK_newout
000046d4   LNK_rcloop
000047a0   LNK_rdrtry
00010c9c   LNK_readDone
00010ca0   LNK_readFail
00010c98   LNK_readPend
000047b0   LNK_rrloop
00010ca4   LNK_writeFail
00004884   LNK_wrloop
00004874   LNK_wrrtry
00000001   LOG$
0000e184   LOG_A_TABBEG
0000e19c   LOG_A_TABEND
00000001   LOG_A_TABLEN
00010a1c   LOG_D_system
00000001   LOG_ENABLED
000082e0   LOG_F_event
0000e184   LOG_system
00011100   LOG_system$buf
00000000   LOG_system$datatype
00000000   LOG_system$log
00000040   LOG_system$size
00000000   MBX$
00000001   MEM$
00010c38   MEM_MALLOCSEG
00000000   MEM_NULL
00010c38   MEM_SEGZERO
00000000   MEM_USEMPC
00000001   MEM_gNumHeap
00000000   MSGQ$
00000000   MSGQ_USEMSGQ
00000000   OBJ$
00000000   PIP$
000113e0   PIP_A_TABBEG
000114a8   PIP_A_TABEND
00000002   PIP_A_TABLEN
00010a20   PIP_D_tabbeg
00010a24   PIP_D_tablen
00006a94   PIP_F_give
00006a94   PIP_F_probe
00006b68   PIP_F_start
00006a00   PIP_F_take
00000064   PIP_OBJSIZE
00000000   PIP_gNextId
00000002   PIP_gNumEmbed
00000000   POOL$
00000000   POOL_USEPOOL
00000001   PRD$
000116b0   PRD_A_TABBEG
000116d0   PRD_A_TABEND
00000001   PRD_A_TABLEN
00010a60   PRD_D_cur
00010a64   PRD_D_elapsed
00010a68   PRD_D_prevtim
00010a6c   PRD_D_scalar
00010a70   PRD_D_swihandle
00010a74   PRD_D_tabbeg
00010a78   PRD_D_tablen
00010a7c   PRD_D_thook
00010a5c   PRD_D_tick
00005bc0   PRD_F_swi
00005e80   PRD_F_tick
00000008   PRD_SCALAR
00010ee8   PRD_SWIHANDLE
000116b0   PRD_Sek
000116cc   PRD_Sek$aaa
00000000   PRD_Sek$mode
00000001   PRD_Sek$ord
000003e8   PRD_Sek$period
00000000   PRD_Sek$prd
00011304   PRD_Sek$sts
0001162f   PRD_Sek$sts$avgfmt
00000000   PRD_Sek$sts$filter
0001161d   PRD_Sek$sts$maxfmt
00011300   PRD_Sek$sts$stsobj
00011626   PRD_Sek$sts$sumfmt
00000002   PRD_Sek$sts$unittype
000069e0   PRD_THOOKFXN
00011708   PRD_clock
00010ee8   PRD_swi
00000001   PRD_swi$dorta
00000001   PRD_swi$ord
00000001   PRD_swi$pri
00011314   PRD_swi$sts
0001164a   PRD_swi$sts$avgfmt
00000002   PRD_swi$sts$filter
00000001   PRD_swi$sts$filtmaxmult
00000001   PRD_swi$sts$filtsummult
0001163a   PRD_swi$sts$maxfmt
00011310   PRD_swi$sts$stsobj
00011642   PRD_swi$sts$sumfmt
00000000   PRD_swi$sts$unittype
00000000   PRD_swi$swi
00000001   QUE$
00010a80   RTA_D_fromHost
00010a88   RTA_D_logval
00010a98   RTA_D_stsval
00010a84   RTA_D_toHost
00008740   RTA_F_andn
00006318   RTA_F_dispatch
00006220   RTA_F_getlog
00006264   RTA_F_getsts
00008760   RTA_F_or
000062ac   RTA_F_readblk
000062d8   RTA_F_resetmem
000062cc   RTA_F_writeword
000110f4   RTA_dispatcher
000116d8   RTA_dispatcher$
00006368   RTA_execute
00011624   RTA_fromHost
0000f78c   RTA_fromHost$buf
00000004   RTA_fromHost$framesize
00000000   RTA_fromHost$hst
00000001   RTA_fromHost$id
00000000   RTA_fromHost$mode
000113e0   RTA_fromHost$pipe
00011410   RTA_fromHost$pipe$aaa
00011440   RTA_fromHost$pipe$bbb
00010c3c   RTA_fromHost$pipe$dtab
000113e4   RTA_fromHost$pipe$rd
00011414   RTA_fromHost$pipe$wr
0001162c   RTA_fromHost$rtdx
00011640   RTA_toHost
00011200   RTA_toHost$buf
00000040   RTA_toHost$framesize
00000000   RTA_toHost$hst
00000000   RTA_toHost$id
00000001   RTA_toHost$mode
00011444   RTA_toHost$pipe
00011474   RTA_toHost$pipe$aaa
000114a4   RTA_toHost$pipe$bbb
00010c48   RTA_toHost$pipe$dtab
00011448   RTA_toHost$pipe$rd
00011478   RTA_toHost$pipe$wr
00011648   RTA_toHost$rtdx
00000001   RTDX$
00000408   RTDX_BUFMEMSIZE
ffffffff   RTDX_DATAMEMSEG
00000000   RTDX_MODE
00000001   RTDX_NORMALIZED_HDR
00000001   RTDX_USERTDX
00000000   RTDX_USERTEXECUTION
00010c38   SDRAM
800109a8   SDRAM$B
00008000   SDRAM$L
00000001   SEM$
00011668   SEM_LEDToggle
00000000   SIO$
00000001   STS$
00011300   STS_A_TABBEG
000113e0   STS_A_TABEND
00008398   STS_F_add
00008360   STS_F_delta
000083c4   STS_F_reset
00000001   SWI$
00010ff0   SWI_ADC_In_Ping
00000001   SWI_ADC_In_Ping$dorta
00000007   SWI_ADC_In_Ping$ord
00000001   SWI_ADC_In_Ping$pri
00011374   SWI_ADC_In_Ping$sts
000116e6   SWI_ADC_In_Ping$sts$avgfmt
00000002   SWI_ADC_In_Ping$sts$filter
00000001   SWI_ADC_In_Ping$sts$filtmaxmult
00000001   SWI_ADC_In_Ping$sts$filtsummult
000116d6   SWI_ADC_In_Ping$sts$maxfmt
00011370   SWI_ADC_In_Ping$sts$stsobj
000116de   SWI_ADC_In_Ping$sts$sumfmt
00000000   SWI_ADC_In_Ping$sts$unittype
00000000   SWI_ADC_In_Ping$swi
0001101c   SWI_ADC_In_Pong
00000001   SWI_ADC_In_Pong$dorta
00000008   SWI_ADC_In_Pong$ord
00000001   SWI_ADC_In_Pong$pri
00011384   SWI_ADC_In_Pong$sts
00011700   SWI_ADC_In_Pong$sts$avgfmt
00000002   SWI_ADC_In_Pong$sts$filter
00000001   SWI_ADC_In_Pong$sts$filtmaxmult
00000001   SWI_ADC_In_Pong$sts$filtsummult
000116f0   SWI_ADC_In_Pong$sts$maxfmt
00011380   SWI_ADC_In_Pong$sts$stsobj
000116f8   SWI_ADC_In_Pong$sts$sumfmt
00000000   SWI_ADC_In_Pong$sts$unittype
00000000   SWI_ADC_In_Pong$swi
00010f98   SWI_ADC_Out_Ping
00000001   SWI_ADC_Out_Ping$dorta
00000005   SWI_ADC_Out_Ping$ord
00000001   SWI_ADC_Out_Ping$pri
00011354   SWI_ADC_Out_Ping$sts
000116b2   SWI_ADC_Out_Ping$sts$avgfmt
00000002   SWI_ADC_Out_Ping$sts$filter
00000001   SWI_ADC_Out_Ping$sts$filtmaxmult
00000001   SWI_ADC_Out_Ping$sts$filtsummult
000116a2   SWI_ADC_Out_Ping$sts$maxfmt
00011350   SWI_ADC_Out_Ping$sts$stsobj
000116aa   SWI_ADC_Out_Ping$sts$sumfmt
00000000   SWI_ADC_Out_Ping$sts$unittype
00000000   SWI_ADC_Out_Ping$swi
00010fc4   SWI_ADC_Out_Pong
00000001   SWI_ADC_Out_Pong$dorta
00000006   SWI_ADC_Out_Pong$ord
00000001   SWI_ADC_Out_Pong$pri
00011364   SWI_ADC_Out_Pong$sts
000116cc   SWI_ADC_Out_Pong$sts$avgfmt
00000002   SWI_ADC_Out_Pong$sts$filter
00000001   SWI_ADC_Out_Pong$sts$filtmaxmult
00000001   SWI_ADC_Out_Pong$sts$filtsummult
000116bc   SWI_ADC_Out_Pong$sts$maxfmt
00011360   SWI_ADC_Out_Pong$sts$stsobj
000116c4   SWI_ADC_Out_Pong$sts$sumfmt
00000000   SWI_ADC_Out_Pong$sts$unittype
00000000   SWI_ADC_Out_Pong$swi
00010ee8   SWI_A_TABBEG
000110a0   SWI_A_TABEND
0000000a   SWI_A_TABLEN
00010f40   SWI_BSPLink_In_Ping
00000001   SWI_BSPLink_In_Ping$dorta
00000003   SWI_BSPLink_In_Ping$ord
00000001   SWI_BSPLink_In_Ping$pri
00011334   SWI_BSPLink_In_Ping$sts
0001167e   SWI_BSPLink_In_Ping$sts$avgfmt
00000002   SWI_BSPLink_In_Ping$sts$filter
00000001   SWI_BSPLink_In_Ping$sts$filtmaxmult
00000001   SWI_BSPLink_In_Ping$sts$filtsummult
0001166e   SWI_BSPLink_In_Ping$sts$maxfmt
00011330   SWI_BSPLink_In_Ping$sts$stsobj
00011676   SWI_BSPLink_In_Ping$sts$sumfmt
00000000   SWI_BSPLink_In_Ping$sts$unittype
00000000   SWI_BSPLink_In_Ping$swi
00010f6c   SWI_BSPLink_In_Pong
00000001   SWI_BSPLink_In_Pong$dorta
00000004   SWI_BSPLink_In_Pong$ord
00000001   SWI_BSPLink_In_Pong$pri
00011344   SWI_BSPLink_In_Pong$sts
00011698   SWI_BSPLink_In_Pong$sts$avgfmt
00000002   SWI_BSPLink_In_Pong$sts$filter
00000001   SWI_BSPLink_In_Pong$sts$filtmaxmult
00000001   SWI_BSPLink_In_Pong$sts$filtsummult
00011688   SWI_BSPLink_In_Pong$sts$maxfmt
00011340   SWI_BSPLink_In_Pong$sts$stsobj
00011690   SWI_BSPLink_In_Pong$sts$sumfmt
00000000   SWI_BSPLink_In_Pong$sts$unittype
00000000   SWI_BSPLink_In_Pong$swi
00011048   SWI_BSPLink_Out_Ping
00000001   SWI_BSPLink_Out_Ping$dorta
00000009   SWI_BSPLink_Out_Ping$ord
00000001   SWI_BSPLink_Out_Ping$pri
00011394   SWI_BSPLink_Out_Ping$sts
0001171a   SWI_BSPLink_Out_Ping$sts$avgfmt
00000002   SWI_BSPLink_Out_Ping$sts$filter
00000001   SWI_BSPLink_Out_Ping$sts$filtmaxmult
00000001   SWI_BSPLink_Out_Ping$sts$filtsummult
0001170a   SWI_BSPLink_Out_Ping$sts$maxfmt
00011390   SWI_BSPLink_Out_Ping$sts$stsobj
00011712   SWI_BSPLink_Out_Ping$sts$sumfmt
00000000   SWI_BSPLink_Out_Ping$sts$unittype
00000000   SWI_BSPLink_Out_Ping$swi
00011074   SWI_BSPLink_Out_Pong
00000001   SWI_BSPLink_Out_Pong$dorta
0000000b   SWI_BSPLink_Out_Pong$ord
00000001   SWI_BSPLink_Out_Pong$pri
000113a4   SWI_BSPLink_Out_Pong$sts
00011734   SWI_BSPLink_Out_Pong$sts$avgfmt
00000002   SWI_BSPLink_Out_Pong$sts$filter
00000001   SWI_BSPLink_Out_Pong$sts$filtmaxmult
00000001   SWI_BSPLink_Out_Pong$sts$filtsummult
00011724   SWI_BSPLink_Out_Pong$sts$maxfmt
000113a0   SWI_BSPLink_Out_Pong$sts$stsobj
0001172c   SWI_BSPLink_Out_Pong$sts$sumfmt
00000000   SWI_BSPLink_Out_Pong$sts$unittype
00000000   SWI_BSPLink_Out_Pong$swi
00010af4   SWI_D_curfxn
00010ae4   SWI_D_curmask
00010af0   SWI_D_curmbox
00010ae8   SWI_D_curset
00010ae0   SWI_D_execaddr
00010afc   SWI_D_inswi
00010aec   SWI_D_lock
00010af8   SWI_D_rdybeg
00010b00   SWI_D_rdytab
00010adc   SWI_D_runaddr
00000000   SWI_EHOOKFXN
0000543c   SWI_EXECFXN
00005220   SWI_F_enable
0000543c   SWI_F_exec
00005468   SWI_F_iexec
00005290   SWI_F_post
000054f8   SWI_F_run
00000000   SWI_IHOOKFXN
000054f8   SWI_RUNFXN
00000001   SYS$
000116e0   SYS$config
00008780   SYS_ABORTFXN
00008880   SYS_ERRORFXN
000088a0   SYS_EXITFXN
00008640   SYS_PUTCFXN
00011700   TRC_R_mask
000116fc   TRC_cinit
00000001   TSK$
00011514   TSK_LEDTOGGLE
00000003   TSK_LEDTOGGLE$ord
00000002   TSK_LEDTOGGLE$pri
00010110   TSK_LEDTOGGLE$stack
000104a8   TSK_LEDTOGGLE$stkptr
000113c4   TSK_LEDTOGGLE$sts
00011768   TSK_LEDTOGGLE$sts$avgfmt
00000002   TSK_LEDTOGGLE$sts$filter
00000001   TSK_LEDTOGGLE$sts$filtmaxmult
00000001   TSK_LEDTOGGLE$sts$filtsummult
00011758   TSK_LEDTOGGLE$sts$maxfmt
000113c0   TSK_LEDTOGGLE$sts$stsobj
00011760   TSK_LEDTOGGLE$sts$sumfmt
00000000   TSK_LEDTOGGLE$sts$unittype
00000000   TSK_LEDTOGGLE$tsk
00000000   TSK_NUM_HOOKS
00000001   TSK_PRIORITY
00000000   TSK_READYFXN
00000000   TSK_STACKSEG
00000400   TSK_STACKSIZE
00000000   TSK_SWITCHFXN
00008800   TSK_VCREATEFXN
00008800   TSK_VDELETEFXN
00008800   TSK_VEXITFXN
000114b4   TSK_idle
00000001   TSK_idle$ord
00000000   TSK_idle$pri
00010510   TSK_idle$stack
000108a8   TSK_idle$stkptr
000113b4   TSK_idle$sts
0001174e   TSK_idle$sts$avgfmt
00000002   TSK_idle$sts$filter
00000001   TSK_idle$sts$filtmaxmult
00000001   TSK_idle$sts$filtsummult
0001173e   TSK_idle$sts$maxfmt
000113b0   TSK_idle$sts$stsobj
00011746   TSK_idle$sts$sumfmt
00000000   TSK_idle$sts$unittype
00000000   TSK_idle$tsk
00000000   UDEV$
00001024   _ADC_In_Ping
00001078   _ADC_In_Pong
00000fcc   _ADC_Out_Ping
00000ff8   _ADC_Out_Pong
0000f7a0   _BIOS_init
0000f9c4   _BIOS_start
8000ea68   _BSPLinkBuffer_in_ping
8000f238   _BSPLinkBuffer_in_pong
8000fa08   _BSPLinkBuffer_out_ping
800101d8   _BSPLinkBuffer_out_pong
00001764   _BSPLink_EDMA_Start_Ping
00001698   _BSPLink_EDMA_Start_Pong
00001620   _BSPLink_EDMA_Stop
00000f74   _BSPLink_In_Ping
00000fa0   _BSPLink_In_Pong
000010cc   _BSPLink_Out_Ping
000010f8   _BSPLink_Out_Pong
0000f4c0   _BSPLink_interface_config
80000000   _Buffer_in_ping
800007d0   _Buffer_in_pong
80000fa0   _Buffer_out_ping
80001770   _Buffer_out_pong
0000dbba   _CLK_COUNTSPMS
00010cc4   _CLK_DFLTMICROSECS
00010a58   _CLK_D_countspms
00010a4c   _CLK_D_dirty
00010cc8   _CLK_D_microseconds
00010a50   _CLK_D_prd
00010a54   _CLK_D_tddr
00007394   _CLK_F_itime
0000dbba   _CLK_PRD
01940000   _CLK_REGS
00000000   _CLK_TDDR
00000000   _CLK_TIMERNUM
00000001   _CLK_USETIMER
00010a3c   _CLK_htimeDiv
00010a40   _CLK_htimeMult
00010cd4   _CLK_htimePerLtime
00007394   _CLK_itime
00010a44   _CLK_ltimeDiv
00010a48   _CLK_ltimeMult
00007d40   _CLK_measure
000086a0   _CLK_start
000087c0   _CLK_stop
000044a0   _CSL6713_LIB_
00002600   _Config_DSK6713_AIC23
00002a60   _DSK6713_LED_init
00002aa0   _DSK6713_LED_off
00002b10   _DSK6713_LED_on
00002b80   _DSK6713_LED_toggle
000020d4   _DSK6713_getVersion
00001d0c   _DSK6713_init
00002028   _DSK6713_rget
0000203c   _DSK6713_rset
0000f788   _DSK6713_version
00002050   _DSK6713_wait
000020a8   _DSK6713_waitusec
00000a38   _EDMA_ISR
00002fc0   _EDMA_allocTable
00003c80   _EDMA_config
00004260   _EDMA_disableChannel
000042c0   _EDMA_enableChannel
00003980   _EDMA_intAlloc
000044c0   _EDMA_intClear
00004320   _EDMA_intEnable
000044e0   _EDMA_intTest
000043e0   _EDMA_link
00002140   _EDMA_open
00004380   _EDMA_qdmaConfig
000035e0   _EDMA_reset
00008800   _FXN_F_nop
000081e8   _FXN_F_run
00008238   _FXN_F_zero
00000000   _GBL_CACHE
00010ab4   _GBL_clkIn
000079c0   _GBL_cslCacheInit
00010ab8   _GBL_freq
00008820   _GBL_getVersion
00010ab0   _GBL_procId
00003328   _GBL_setPLLto225MHz
00011620   _HST_A_TABBEG
0001165c   _HST_A_TABEND
00005308   _HWI_CFGDISPATCHED
00010c84   _HWI_D_inhwi
00010c78   _HWI_D_spsave
00005760   _HWI_F_dispatch
0000000a   _HWI_INT10
0000000b   _HWI_INT11
0000000c   _HWI_INT12
0000000d   _HWI_INT13
0000000e   _HWI_INT14
0000000f   _HWI_INT15
00000004   _HWI_INT4
00000005   _HWI_INT5
00000006   _HWI_INT6
00000007   _HWI_INT7
00000008   _HWI_INT8
00000009   _HWI_INT9
00000001   _HWI_NMI
00000002   _HWI_RESERVED0
00000003   _HWI_RESERVED1
00000000   _HWI_RESET
0000c8b8   _HWI_STKBOTTOM
000088c0   _HWI_STKTOP
00010c78   _HWI_data
00008460   _HWI_disable
00010910   _HWI_dispatchTab
00008478   _HWI_enable
0000848c   _HWI_restore
000113d4   _IDL_busyObj
000110ec   _IDL_cpuLoad
00008840   _IDL_loop
ffffffff   _IRAM
00004500   _IRQ_clear
00004420   _IRQ_enable
00004520   _IRQ_globalEnable
00002c40   _IRQ_map
00010bec   _KNL_alarm
00007880   _KNL_check
00010c10   _KNL_curqueue
00010c00   _KNL_curtask
00010c08   _KNL_curtime
0000f488   _KNL_dummy
00007af4   _KNL_enter
00007aa0   _KNL_exit
00007958   _KNL_idle
00010c28   _KNL_idlefxn
00010bf4   _KNL_inactive
00007e20   _KNL_ipost
0000797c   _KNL_max
00010c14   _KNL_maxqueue
00007ee0   _KNL_post
00010c04   _KNL_prevtask
00010bf8   _KNL_priority
0000f3e8   _KNL_queues
00005f60   _KNL_run
00007060   _KNL_saveIsrFrame
00010bfc   _KNL_set
00010bf0   _KNL_setpri
00010f14   _KNL_swi
00010c0c   _KNL_swiptr
0000712c   _KNL_switch
00010c1c   _KNL_tcreatefxn
00010c20   _KNL_tdeletefxn
000069e0   _KNL_tick
00010c24   _KNL_treadyfxn
00010c18   _KNL_tswitchfxn
00010be4   _KNL_wFlag
00010be8   _KNL_wList
00007fd0   _LCK_pend
00007fa0   _LCK_post
000110f0   _LNK_dataPump
00010c94   _LNK_dspFrameReadyMask
00010c90   _LNK_dspFrameRequestMask
00010c9c   _LNK_readDone
00010ca0   _LNK_readFail
00010c98   _LNK_readPend
00010ca4   _LNK_writeFail
0000e184   _LOG_A_TABBEG
0000e19c   _LOG_A_TABEND
00000001   _LOG_A_TABLEN
00010a1c   _LOG_D_system
000082e0   _LOG_event
0000e184   _LOG_system
00003fe0   _MCBSP_close
00004080   _MCBSP_config
00004540   _MCBSP_getRcvAddr
00004560   _MCBSP_getXmtAddr
00003a80   _MCBSP_open
00003160   _MCBSP_reset
00003b80   _MCBSP_start
00004580   _MCBSP_write
000045a0   _MCBSP_xrdy
00010ce0   _MEM
00010abc   _MEM_D_NUMSEGMENTS
00010ac4   _MEM_D_freelist
00010ac8   _MEM_D_lockaddr
00010ac0   _MEM_D_memtab
00010acc   _MEM_D_unlockaddr
0000fa80   _MEM_init
00010c2c   _MEM_memtab
0000f1c8   _MySinus
0000fca0   _OBJ_init
0000f5bc   _OBJ_segtab
0000f584   _OBJ_table
000113e0   _PIP_A_TABBEG
000114a8   _PIP_A_TABEND
00010a5c   _PRD_D_tick
000116b0   _PRD_Sek
00011708   _PRD_clock
00010ee8   _PRD_swi
000110f4   _RTA_dispatcher
00011624   _RTA_fromHost
00011640   _RTA_toHost
0000fcc0   _RTDX_Buffer
000100cc   _RTDX_Buffer_End
0000ee80   _RTDX_Buffer_Initialize
0000efc0   _RTDX_Buffer_Read
0000eee0   _RTDX_Buffer_ReadCB
0000ef40   _RTDX_Buffer_Size
000100c8   _RTDX_Buffer_Start
0000efe0   _RTDX_Buffer_Write
0000e5a0   _RTDX_Buffer_WriteCB
0000ef80   _RTDX_Final_RT_Monitor
0000ee00   _RTDX_Init_RT_Monitor
00000002   _RTDX_JTAGONLY
0000f020   _RTDX_Mask_IER
0000ebe0   _RTDX_Mon_Queue
0000e1a0   _RTDX_Poll
00000000   _RTDX_interrupt_mask
000100dc   _RTDX_writing
80008ca4   _Ringbuffer_in
80002ee0   _Ringbuffer_out
00010c38   _SDRAM
800109a8   _SDRAM_base
00008000   _SDRAM_length
00011668   _SEM_LEDToggle
00008520   _SEM_pend
000084c0   _SEM_pendBinary
000064e0   _SEM_pendEnterKnl
00007c60   _SEM_post
00007c60   _SEM_postBinary
00007b80   _SEM_postEnterKnl
00011300   _STS_A_TABBEG
000113e0   _STS_A_TABEND
00008398   _STS_add
00008360   _STS_delta
000083c4   _STS_reset
00008860   _STS_set
00010ff0   _SWI_ADC_In_Ping
0001101c   _SWI_ADC_In_Pong
00010f98   _SWI_ADC_Out_Ping
00010fc4   _SWI_ADC_Out_Pong
00010f40   _SWI_BSPLink_In_Ping
00010f6c   _SWI_BSPLink_In_Pong
00011048   _SWI_BSPLink_Out_Ping
00011074   _SWI_BSPLink_Out_Pong
00010af4   _SWI_D_curfxn
00010ae4   _SWI_D_curmask
00010ae8   _SWI_D_curset
00010ae0   _SWI_D_execaddr
00010afc   _SWI_D_inswi
00010aec   _SWI_D_lock
00010af8   _SWI_D_rdybeg
00010adc   _SWI_D_runaddr
00001458   _SWI_LEDToggle
00010adc   _SWI_data
00008580   _SWI_disable
000085a8   _SWI_enable
00005290   _SWI_post
00010ad0   _SYS
00010ce8   _SYS_PUTCBEG
00010ee7   _SYS_PUTCEND
000085e0   _SYS_abort
00008060   _SYS_exit
0000f734   _SYS_exitStack
00010ccc   _SYS_exitStackPtr
00010cd0   _SYS_exitStackTop
00003720   _TIMER_open
00003860   _TIMER_reset
00011700   _TRC_R_mask
00010cc0   _TSK
0000f528   _TSK_ATTRS
00011514   _TSK_LEDTOGGLE
0000f544   _TSK_config
000073e0   _TSK_exit
000114b4   _TSK_idle
0000fc20   _TSK_init
00010cb8   _TSK_nTasks
00010cbc   _TSK_pid
00006e60   _TSK_setup
000077c0   _TSK_startup
0000f564   _TSK_timerSem
80001f40   _Temp_Buffer_0
80002710   _Temp_Buffer_1
00008780   _UTL_doAbort
00008880   _UTL_doError
00008640   _UTL_doPutc
000088a0   _UTL_halt
000073b0   __CLK_lat1beg
000073dc   __CLK_lat1end
00002840   __CSL_init
00005074   __GBL_setL2CacheMode
00010ad8   __HOOK_NUMHOOKS
00010ad4   __HOOK_knlId
00005760   __HWI_lat1beg
000058e0   __HWI_lat1end
000058e0   __HWI_lat2beg
00005a80   __HWI_lat2end1
00005a0c   __HWI_lat2end2
00005aa0   __HWI_lat3beg
00005ba0   __HWI_lat3end1
00005a3c   __HWI_lat3end2
00008260   __IDL_lat1beg
000082b0   __IDL_lat1end
0000f3e0   __IRQ_dispatchTable
0000f31c   __IRQ_eventTable
00004620   __IRQ_hookFetchPacket
00004120   __IRQ_init
0000f3a0   __IRQ_intTable
000078d0   __KNL_lat1beg
00007958   __KNL_lat1end
000082e0   __LOG_lat1beg
0000f6ac   __MCBSP_hDev0
0000f6b0   __MCBSP_hDev1
0000f654   __MEM_mutex
000062d8   __RTA_lat1beg
00006310   __RTA_lat1end
00006c40   __SEM_dopost
0000c8c0   __STACK_END
00004000   __STACK_SIZE
000053cc   __SWI_lat1beg
00005480   __SWI_lat1end
00005484   __SWI_lat2beg
000054f4   __SWI_lat2end
00005220   __SWI_lat3beg
0000528c   __SWI_lat3end
0000f710   __TIMER_deviceTable
0000f730   __TIMER_hBios
0000f728   __TIMER_hDev0
0000f72c   __TIMER_hDev1
0000f62c   __TSK_mutex
0000f778   ___TI_enable_exit_profile_output
ffffffff   ___TI_pprof_out_hndl
ffffffff   ___TI_prof_data_size
ffffffff   ___TI_prof_data_start
00004460   ___add_dtor
0000f040   ___atexit_func_id__
ffffffff   ___binit__
00010910   ___bss__
ffffffff   ___c_args__
0000c8c0   ___cinit__
00000000   ___data__
00000000   ___edata__
00010ce8   ___end__
00004640   ___etext__
000116f0   ___pinit__
00000200   ___text__
00007580   __auto_init
0000f770   __cleanup_ptr
0000f774   __dtors_ptr
0000f77c   __lock
000045c0   __nop
000045e0   __register_lock
00004600   __register_unlock
000088c0   __stack
00003d60   __strasg
0000f780   __unlock
00003e40   _atexit
0000fb60   _c_int00
00003480   _call_dtors
00010bbc   _configComplete
0000f4e0   _configEDMABSPLinkRcv
0000f4f8   _configEDMABSPLinkXmt_Ping
0000f510   _configEDMABSPLinkXmt_Pong
0000f2c4   _configEDMARcv
0000f2dc   _configEDMAXmt
00001560   _config_BSPLink
00001830   _config_BSPLink_EDMA
0000042c   _config_EDMA
000009a4   _config_interrupts
00010bc2   _dat
0000f2a4   _datainterface_config
0000f784   _dtors
00010c58   _hEdmaBSPLinkRcv
00010c5c   _hEdmaBSPLinkRcvRelPing
00010c60   _hEdmaBSPLinkRcvRelPong
00010c64   _hEdmaBSPLinkXmt
00010b7c   _hEdmaRcv
00010b80   _hEdmaRcvRelPing
00010b84   _hEdmaRcvRelPong
00010b88   _hEdmaXmt
00010b8c   _hEdmaXmtRelPing
00010b90   _hEdmaXmtRelPong
00010b78   _hMcbsp
00010ce4   _hMcbsp_AIC23_Config
00010c54   _hMcbsp_Link
00000248   _main
000023c0   _memcpy
00010bc1   _mul
000011f0   _read_ring_buffer_in
0000138c   _read_ring_buffer_out
00010ba4   _ringbuff_in_read_i
00010ba8   _ringbuff_in_write_i
00010bac   _ringbuff_out_read_i
00010bb0   _ringbuff_out_write_i
00010cb0   _rtdxNullChanCnt
00010cb4   _rtdxNullFuncCnt
000100d0   _rtdx_buffer_state
000100f0   _rtdx_mon_state
00010bb4   _soundBuffer_i
00010bc0   _t_reg
0000f5ec   _tccAllocTable
00010c68   _tccBSPLinkRcvPing
00010c6c   _tccBSPLinkRcvPong
00010c70   _tccBSPLinkXmtPing
00010c74   _tccBSPLinkXmtPong
00010b94   _tccRcvPing
00010b98   _tccRcvPong
00010b9c   _tccXmtPing
00010ba0   _tccXmtPong
00010bb8   _time_cnt
00001484   _tsk_led_toggle
00003300   _wait500nS
00001124   _write_ring_buffer_in
000012bc   _write_ring_buffer_out
ffffffff   binit
0000c8c0   cinit
00000000   edata
00010ce8   end
00004640   etext
00000000   hwi0
00000020   hwi1
00000140   hwi10
00000160   hwi11
00000180   hwi12
000001a0   hwi13
000001c0   hwi14
000001e0   hwi15
00000040   hwi2
00000060   hwi3
00000080   hwi4
000000a0   hwi5
000000c0   hwi6
000000e0   hwi7
00000100   hwi8
00000120   hwi9
000116f0   pinit


GLOBAL SYMBOLS: SORTED BY Symbol Address 

address    name
--------   ----
00000000   .data
00000000   BUF$
00000000   CLK_COUNTSPMSHIGH
00000000   CLK_PRDHIGH
00000000   CLK_TDDR
00000000   CLK_TDDRHIGH
00000000   CLK_TIMERNUM
00000000   DEV$
00000000   DGN$
00000000   DHL$
00000000   DHL_gChannelsAvailable
00000000   DIO$
00000000   DIO_NUMSWIBASE
00000000   DIO_NUMTSKBASE
00000000   DIO_STATIC
00000000   DPI$
00000000   GBL_BIGENDIAN
00000000   GBL_C641XL2PRIORITY
00000000   GBL_CACHE
00000000   GBL_L2CONFIGALLOC
00000000   GBL_L2MARMASK1
00000000   GBL_L2MARMASK2
00000000   GBL_L2MARMASK3
00000000   GBL_L2MARMASK4
00000000   GBL_L2MARMASK5
00000000   GBL_L2MODE
00000000   GBL_L2PRIORITY
00000000   GBL_NULL
00000000   GBL_PROCID
00000000   GBL_ROM
00000000   GBL_SUPPORTCSL
00000000   GIO$
00000000   HOOK$
00000000   HOOK_KNLID
00000000   HST_DSM
00000000   HST_NONE
00000000   HWI_A_VECS
00000000   HWI_GENERATE_RESET_VEC
00000000   HWI_INT10$hwi
00000000   HWI_INT11$hwi
00000000   HWI_INT12$hwi
00000000   HWI_INT13$hwi
00000000   HWI_INT14$hwi
00000000   HWI_INT15$hwi
00000000   HWI_INT4$hwi
00000000   HWI_INT5$hwi
00000000   HWI_INT6$hwi
00000000   HWI_INT7$hwi
00000000   HWI_INT8$hwi
00000000   HWI_INT9$hwi
00000000   HWI_NMI$hwi
00000000   HWI_POLARITYMASK
00000000   HWI_RESERVED0$hwi
00000000   HWI_RESERVED1$hwi
00000000   HWI_RESET
00000000   HWI_RESET$hwi
00000000   IDL_busyObj$iB
00000000   IDL_busyObj$operation
00000000   KNL_swi$pri
00000000   KNL_swi$sts$unittype
00000000   KNL_swi$swi
00000000   LOG_system$datatype
00000000   LOG_system$log
00000000   MBX$
00000000   MEM_NULL
00000000   MEM_USEMPC
00000000   MSGQ$
00000000   MSGQ_USEMSGQ
00000000   OBJ$
00000000   PIP$
00000000   PIP_gNextId
00000000   POOL$
00000000   POOL_USEPOOL
00000000   PRD_Sek$mode
00000000   PRD_Sek$prd
00000000   PRD_Sek$sts$filter
00000000   PRD_swi$sts$unittype
00000000   PRD_swi$swi
00000000   RTA_fromHost$hst
00000000   RTA_fromHost$mode
00000000   RTA_toHost$hst
00000000   RTA_toHost$id
00000000   RTDX_MODE
00000000   RTDX_USERTEXECUTION
00000000   SIO$
00000000   SWI_ADC_In_Ping$sts$unittype
00000000   SWI_ADC_In_Ping$swi
00000000   SWI_ADC_In_Pong$sts$unittype
00000000   SWI_ADC_In_Pong$swi
00000000   SWI_ADC_Out_Ping$sts$unittype
00000000   SWI_ADC_Out_Ping$swi
00000000   SWI_ADC_Out_Pong$sts$unittype
00000000   SWI_ADC_Out_Pong$swi
00000000   SWI_BSPLink_In_Ping$sts$unittype
00000000   SWI_BSPLink_In_Ping$swi
00000000   SWI_BSPLink_In_Pong$sts$unittype
00000000   SWI_BSPLink_In_Pong$swi
00000000   SWI_BSPLink_Out_Ping$sts$unittype
00000000   SWI_BSPLink_Out_Ping$swi
00000000   SWI_BSPLink_Out_Pong$sts$unittype
00000000   SWI_BSPLink_Out_Pong$swi
00000000   SWI_EHOOKFXN
00000000   SWI_IHOOKFXN
00000000   TSK_LEDTOGGLE$sts$unittype
00000000   TSK_LEDTOGGLE$tsk
00000000   TSK_NUM_HOOKS
00000000   TSK_READYFXN
00000000   TSK_STACKSEG
00000000   TSK_SWITCHFXN
00000000   TSK_idle$pri
00000000   TSK_idle$sts$unittype
00000000   TSK_idle$tsk
00000000   UDEV$
00000000   _CLK_TDDR
00000000   _CLK_TIMERNUM
00000000   _GBL_CACHE
00000000   _HWI_RESET
00000000   _RTDX_interrupt_mask
00000000   ___data__
00000000   ___edata__
00000000   edata
00000000   hwi0
00000001   BUF_ENABLED
00000001   CLK$
00000001   CLK_CALDIV
00000001   CLK_HTIMEDIV
00000001   CLK_LTIMEDIV
00000001   CLK_USETIMER
00000001   GBL$
00000001   GBL_CALLCSLCFGINIT
00000001   GBL_ENABLEINST
00000001   GBL_L2CONFIGURE
00000001   GBL_L2MARMASK
00000001   GBL_USERINIT
00000001   GBL_boot
00000001   HST$
00000001   HST_RTDX
00000001   HWI$
00000001   HWI_NMI
00000001   HWI_ZEROTAB
00000001   IDL$
00000001   IDL_USECLKIDLTIME
00000001   IDL_busyObj$filter
00000001   IDL_busyObj$iA
00000001   IDL_busyObj$iC
00000001   ISRC$
00000001   KNL_swi$dorta
00000001   KNL_swi$sts$filtmaxmult
00000001   KNL_swi$sts$filtsummult
00000001   LCK$
00000001   LOG$
00000001   LOG_A_TABLEN
00000001   LOG_ENABLED
00000001   MEM$
00000001   MEM_gNumHeap
00000001   PRD$
00000001   PRD_A_TABLEN
00000001   PRD_Sek$ord
00000001   PRD_swi$dorta
00000001   PRD_swi$ord
00000001   PRD_swi$pri
00000001   PRD_swi$sts$filtmaxmult
00000001   PRD_swi$sts$filtsummult
00000001   QUE$
00000001   RTA_fromHost$id
00000001   RTA_toHost$mode
00000001   RTDX$
00000001   RTDX_NORMALIZED_HDR
00000001   RTDX_USERTDX
00000001   SEM$
00000001   STS$
00000001   SWI$
00000001   SWI_ADC_In_Ping$dorta
00000001   SWI_ADC_In_Ping$pri
00000001   SWI_ADC_In_Ping$sts$filtmaxmult
00000001   SWI_ADC_In_Ping$sts$filtsummult
00000001   SWI_ADC_In_Pong$dorta
00000001   SWI_ADC_In_Pong$pri
00000001   SWI_ADC_In_Pong$sts$filtmaxmult
00000001   SWI_ADC_In_Pong$sts$filtsummult
00000001   SWI_ADC_Out_Ping$dorta
00000001   SWI_ADC_Out_Ping$pri
00000001   SWI_ADC_Out_Ping$sts$filtmaxmult
00000001   SWI_ADC_Out_Ping$sts$filtsummult
00000001   SWI_ADC_Out_Pong$dorta
00000001   SWI_ADC_Out_Pong$pri
00000001   SWI_ADC_Out_Pong$sts$filtmaxmult
00000001   SWI_ADC_Out_Pong$sts$filtsummult
00000001   SWI_BSPLink_In_Ping$dorta
00000001   SWI_BSPLink_In_Ping$pri
00000001   SWI_BSPLink_In_Ping$sts$filtmaxmult
00000001   SWI_BSPLink_In_Ping$sts$filtsummult
00000001   SWI_BSPLink_In_Pong$dorta
00000001   SWI_BSPLink_In_Pong$pri
00000001   SWI_BSPLink_In_Pong$sts$filtmaxmult
00000001   SWI_BSPLink_In_Pong$sts$filtsummult
00000001   SWI_BSPLink_Out_Ping$dorta
00000001   SWI_BSPLink_Out_Ping$pri
00000001   SWI_BSPLink_Out_Ping$sts$filtmaxmult
00000001   SWI_BSPLink_Out_Ping$sts$filtsummult
00000001   SWI_BSPLink_Out_Pong$dorta
00000001   SWI_BSPLink_Out_Pong$pri
00000001   SWI_BSPLink_Out_Pong$sts$filtmaxmult
00000001   SWI_BSPLink_Out_Pong$sts$filtsummult
00000001   SYS$
00000001   TSK$
00000001   TSK_LEDTOGGLE$sts$filtmaxmult
00000001   TSK_LEDTOGGLE$sts$filtsummult
00000001   TSK_PRIORITY
00000001   TSK_idle$ord
00000001   TSK_idle$sts$filtmaxmult
00000001   TSK_idle$sts$filtsummult
00000001   _CLK_USETIMER
00000001   _HWI_NMI
00000001   _LOG_A_TABLEN
00000002   HWI_RESERVED0
00000002   IDL_busyObj$unittype
00000002   KNL_swi$ord
00000002   KNL_swi$sts$filter
00000002   PIP_A_TABLEN
00000002   PIP_gNumEmbed
00000002   PRD_Sek$sts$unittype
00000002   PRD_swi$sts$filter
00000002   SWI_ADC_In_Ping$sts$filter
00000002   SWI_ADC_In_Pong$sts$filter
00000002   SWI_ADC_Out_Ping$sts$filter
00000002   SWI_ADC_Out_Pong$sts$filter
00000002   SWI_BSPLink_In_Ping$sts$filter
00000002   SWI_BSPLink_In_Pong$sts$filter
00000002   SWI_BSPLink_Out_Ping$sts$filter
00000002   SWI_BSPLink_Out_Pong$sts$filter
00000002   TSK_LEDTOGGLE$pri
00000002   TSK_LEDTOGGLE$sts$filter
00000002   TSK_idle$sts$filter
00000002   _HWI_RESERVED0
00000002   _RTDX_JTAGONLY
00000003   HWI_RESERVED1
00000003   SWI_BSPLink_In_Ping$ord
00000003   TSK_LEDTOGGLE$ord
00000003   _HWI_RESERVED1
00000004   CLK_CALMULT
00000004   CLK_HTIMEMULT
00000004   HWI_INT4
00000004   RTA_fromHost$framesize
00000004   SWI_BSPLink_In_Pong$ord
00000004   _HWI_INT4
00000005   HWI_INT5
00000005   SWI_ADC_Out_Ping$ord
00000005   _HWI_INT5
00000006   HWI_INT6
00000006   IDL_CALIBRERROR
00000006   SWI_ADC_Out_Pong$ord
00000006   _HWI_INT6
00000007   HWI_INT7
00000007   SWI_ADC_In_Ping$ord
00000007   _HWI_INT7
00000008   HWI_INT8
00000008   PRD_SCALAR
00000008   SWI_ADC_In_Pong$ord
00000008   _HWI_INT8
00000009   HWI_INT9
00000009   SWI_BSPLink_Out_Ping$ord
00000009   _HWI_INT9
0000000a   HWI_INT10
0000000a   SWI_A_TABLEN
0000000a   _HWI_INT10
0000000b   HWI_INT11
0000000b   SWI_BSPLink_Out_Pong$ord
0000000b   _HWI_INT11
0000000c   HWI_INT12
0000000c   _HWI_INT12
0000000d   HWI_INT13
0000000d   _HWI_INT13
0000000e   HWI_INT14
0000000e   _HWI_INT14
0000000f   HWI_INT15
0000000f   _HWI_INT15
00000020   CLK_TCR
00000020   hwi1
0000003e   GBL_DSPTYPE
00000040   HST_MAXFRAMESET
00000040   LOG_system$size
00000040   RTA_toHost$framesize
00000040   hwi2
00000042   GBL_FOOTPRINT
00000060   hwi3
00000064   PIP_OBJSIZE
00000080   hwi4
000000a0   hwi5
000000c0   hwi6
000000e0   hwi7
000000ff   HST_MAXFRAMEALLOWED
00000100   hwi8
00000120   hwi9
00000140   hwi10
00000160   hwi11
00000180   hwi12
000001a0   hwi13
000001c0   hwi14
000001e0   hwi15
00000200   .text
00000200   ___text__
00000248   _main
000003e8   CLK_MICROSECS
000003e8   PRD_Sek$period
00000400   HST_DSMMEMSIZE
00000400   TSK_STACKSIZE
00000408   RTDX_BUFMEMSIZE
0000042c   _config_EDMA
000009a4   _config_interrupts
00000a38   _EDMA_ISR
00000f74   _BSPLink_In_Ping
00000fa0   _BSPLink_In_Pong
00000fcc   _ADC_Out_Ping
00000ff8   _ADC_Out_Pong
00001024   _ADC_In_Ping
00001078   _ADC_In_Pong
000010cc   _BSPLink_Out_Ping
000010f8   _BSPLink_Out_Pong
00001124   _write_ring_buffer_in
000011f0   _read_ring_buffer_in
000012bc   _write_ring_buffer_out
0000138c   _read_ring_buffer_out
00001458   _SWI_LEDToggle
00001484   _tsk_led_toggle
00001560   _config_BSPLink
00001620   _BSPLink_EDMA_Stop
00001698   _BSPLink_EDMA_Start_Pong
00001764   _BSPLink_EDMA_Start_Ping
00001770   GBL_CLKTYPE
00001830   _config_BSPLink_EDMA
00001a39   GBL_DSPSUBTYPE
00001d0c   _DSK6713_init
00002028   _DSK6713_rget
0000203c   _DSK6713_rset
00002050   _DSK6713_wait
000020a8   _DSK6713_waitusec
000020d4   _DSK6713_getVersion
00002140   _EDMA_open
00002226   GBL_L2ALLOC
000023c0   _memcpy
00002600   _Config_DSK6713_AIC23
00002840   __CSL_init
00002a60   _DSK6713_LED_init
00002aa0   _DSK6713_LED_off
00002b10   _DSK6713_LED_on
00002b80   _DSK6713_LED_toggle
00002c40   _IRQ_map
00002fc0   _EDMA_allocTable
00003160   _MCBSP_reset
00003300   _wait500nS
00003328   GBL_USERINITFXN
00003328   _GBL_setPLLto225MHz
00003480   _call_dtors
000035e0   _EDMA_reset
00003720   _TIMER_open
00003860   _TIMER_reset
00003980   _EDMA_intAlloc
00003a80   _MCBSP_open
00003b80   _MCBSP_start
00003c80   _EDMA_config
00003d60   __strasg
00003e40   _atexit
00003fe0   _MCBSP_close
00004000   CLK_INTBIT
00004000   __STACK_SIZE
00004080   _MCBSP_config
00004120   __IRQ_init
00004260   _EDMA_disableChannel
000042c0   _EDMA_enableChannel
00004320   _EDMA_intEnable
00004380   _EDMA_qdmaConfig
000043e0   _EDMA_link
00004420   _IRQ_enable
00004460   ___add_dtor
000044a0   _CSL6713_LIB_
000044c0   _EDMA_intClear
000044e0   _EDMA_intTest
00004500   _IRQ_clear
00004520   _IRQ_globalEnable
00004540   _MCBSP_getRcvAddr
00004560   _MCBSP_getXmtAddr
00004580   _MCBSP_write
000045a0   _MCBSP_xrdy
000045c0   __nop
000045e0   __register_lock
00004600   __register_unlock
00004620   __IRQ_hookFetchPacket
00004640   LNK_F_checkBufferCall
00004640   ___etext__
00004640   etext
00004660   LNK_F_getChanPtr
000046b8   LNK_F_init
000046c0   LNK_F_dataPump
000046d4   LNK_rcloop
000047a0   LNK_rdrtry
000047b0   LNK_rrloop
00004874   LNK_wrrtry
00004884   LNK_wrloop
00004960   LNK_newin
00004aa0   LNK_newout
00004c04   LNK_F_readCallBack
00004e20   GBL_CLKIN
00005074   __GBL_setL2CacheMode
00005205   GBL_A_VERSION
00005220   SWI_F_enable
00005220   __SWI_lat3beg
0000528c   __SWI_lat3end
00005290   SWI_F_post
00005290   _SWI_post
00005308   HWI_CFGDISPATCHED
00005308   _HWI_CFGDISPATCHED
000053cc   __SWI_lat1beg
0000543c   SWI_EXECFXN
0000543c   SWI_F_exec
00005468   SWI_F_iexec
00005480   __SWI_lat1end
00005484   __SWI_lat2beg
000054f4   __SWI_lat2end
000054f8   SWI_F_run
000054f8   SWI_RUNFXN
00005760   CLK_HOOKFXN
00005760   HWI_F_dispatch
00005760   _HWI_F_dispatch
00005760   __HWI_lat1beg
000058e0   __HWI_lat1end
000058e0   __HWI_lat2beg
00005a0c   __HWI_lat2end2
00005a3c   __HWI_lat3end2
00005a80   __HWI_lat2end1
00005aa0   __HWI_lat3beg
00005ba0   __HWI_lat3end1
00005bc0   PRD_F_swi
00005e80   PRD_F_tick
00005f60   _KNL_run
00006220   RTA_F_getlog
00006264   RTA_F_getsts
000062ac   RTA_F_readblk
000062cc   RTA_F_writeword
000062d8   RTA_F_resetmem
000062d8   __RTA_lat1beg
00006310   __RTA_lat1end
00006318   RTA_F_dispatch
00006368   RTA_execute
000064e0   _SEM_pendEnterKnl
000069e0   PRD_THOOKFXN
000069e0   _KNL_tick
00006a00   PIP_F_take
00006a94   PIP_F_give
00006a94   PIP_F_probe
00006b68   PIP_F_start
00006c40   __SEM_dopost
00006e60   _TSK_setup
00007060   _KNL_saveIsrFrame
0000712c   _KNL_switch
000071e0   KNL_glue
00007220   CLK_F_getltime
00007234   CLK_F_isr
00007394   CLK_F_itime
00007394   _CLK_F_itime
00007394   _CLK_itime
000073b0   __CLK_lat1beg
000073dc   __CLK_lat1end
000073e0   _TSK_exit
00007580   __auto_init
000077c0   _TSK_startup
00007880   _KNL_check
000078d0   __KNL_lat1beg
00007958   _KNL_idle
00007958   __KNL_lat1end
0000797c   _KNL_max
000079c0   _GBL_cslCacheInit
00007aa0   _KNL_exit
00007af4   _KNL_enter
00007b80   _SEM_postEnterKnl
00007c60   _SEM_post
00007c60   _SEM_postBinary
00007d40   _CLK_measure
00007e20   _KNL_ipost
00007ee0   _KNL_post
00007fa0   _LCK_post
00007fd0   _LCK_pend
00008000   SDRAM$L
00008000   _SDRAM_length
00008060   _SYS_exit
00008120   CLK_F_getfhtime
00008140   CLK_F_gethtime
00008140   CLK_F_getshtime
00008140   CLK_TIMEFXN
000081e0   FXN_F_nop
000081e8   FXN_F_run
000081e8   _FXN_F_run
00008238   FXN_F_zero
00008238   _FXN_F_zero
00008260   IDL_F_busy
00008260   __IDL_lat1beg
000082b0   __IDL_lat1end
000082e0   LOG_F_event
000082e0   _LOG_event
000082e0   __LOG_lat1beg
00008360   STS_F_delta
00008360   _STS_delta
00008398   STS_F_add
00008398   _STS_add
000083c4   STS_F_reset
000083c4   _STS_reset
000083e0   IDL_F_calibrate
00008460   _HWI_disable
00008478   _HWI_enable
0000848c   _HWI_restore
000084c0   _SEM_pendBinary
00008520   _SEM_pend
00008580   _SWI_disable
000085a8   _SWI_enable
000085e0   _SYS_abort
00008640   SYS_PUTCFXN
00008640   _UTL_doPutc
000086a0   _CLK_start
00008700   IDL_CALIBRFXN
00008700   IDL_F_stub
00008740   RTA_F_andn
00008760   RTA_F_or
00008780   SYS_ABORTFXN
00008780   _UTL_doAbort
000087c0   _CLK_stop
00008800   GIO_CREATEFXN
00008800   GIO_DELETEFXN
00008800   GIO_PENDFXN
00008800   GIO_POSTFXN
00008800   TSK_VCREATEFXN
00008800   TSK_VDELETEFXN
00008800   TSK_VEXITFXN
00008800   _FXN_F_nop
00008820   _GBL_getVersion
00008840   IDL_F_loop
00008840   _IDL_loop
00008860   _STS_set
00008880   SYS_ERRORFXN
00008880   _UTL_doError
000088a0   SYS_EXITFXN
000088a0   _UTL_halt
000088c0   GBL_stackbeg
000088c0   _HWI_STKTOP
000088c0   __stack
0000c8b8   _HWI_STKBOTTOM
0000c8bf   GBL_stackend
0000c8c0   __STACK_END
0000c8c0   ___cinit__
0000c8c0   cinit
0000dbba   CLK_COUNTSPMS
0000dbba   CLK_HTIMEPERLTIME
0000dbba   CLK_PRD
0000dbba   _CLK_COUNTSPMS
0000dbba   _CLK_PRD
0000dbef   GBL_TRCMASKVALUE
0000e184   LOG_A_TABBEG
0000e184   LOG_system
0000e184   _LOG_A_TABBEG
0000e184   _LOG_system
0000e19c   LOG_A_TABEND
0000e19c   _LOG_A_TABEND
0000e1a0   _RTDX_Poll
0000e5a0   _RTDX_Buffer_WriteCB
0000ebe0   _RTDX_Mon_Queue
0000ee00   _RTDX_Init_RT_Monitor
0000ee80   _RTDX_Buffer_Initialize
0000eee0   _RTDX_Buffer_ReadCB
0000ef40   _RTDX_Buffer_Size
0000ef80   _RTDX_Final_RT_Monitor
0000efc0   _RTDX_Buffer_Read
0000efe0   _RTDX_Buffer_Write
0000f020   _RTDX_Mask_IER
0000f040   ___atexit_func_id__
0000f1c8   _MySinus
0000f2a4   _datainterface_config
0000f2c4   _configEDMARcv
0000f2dc   _configEDMAXmt
0000f31c   __IRQ_eventTable
0000f3a0   __IRQ_intTable
0000f3e0   __IRQ_dispatchTable
0000f3e8   _KNL_queues
0000f488   _KNL_dummy
0000f4c0   _BSPLink_interface_config
0000f4e0   _configEDMABSPLinkRcv
0000f4f8   _configEDMABSPLinkXmt_Ping
0000f510   _configEDMABSPLinkXmt_Pong
0000f528   _TSK_ATTRS
0000f544   _TSK_config
0000f564   _TSK_timerSem
0000f584   _OBJ_table
0000f5bc   _OBJ_segtab
0000f5ec   _tccAllocTable
0000f62c   __TSK_mutex
0000f654   __MEM_mutex
0000f6ac   __MCBSP_hDev0
0000f6b0   __MCBSP_hDev1
0000f710   __TIMER_deviceTable
0000f728   __TIMER_hDev0
0000f72c   __TIMER_hDev1
0000f730   __TIMER_hBios
0000f734   _SYS_exitStack
0000f770   __cleanup_ptr
0000f774   __dtors_ptr
0000f778   ___TI_enable_exit_profile_output
0000f77c   __lock
0000f780   __unlock
0000f784   _dtors
0000f788   _DSK6713_version
0000f78c   RTA_fromHost$buf
0000f7a0   BIOS_init
0000f7a0   _BIOS_init
0000f91c   BIOS$$CLKON
0000f95c   BIOS$$CLKOFF
0000f9c4   BIOS_start
0000f9c4   _BIOS_start
0000fa80   _MEM_init
0000fb60   _c_int00
0000fc20   _TSK_init
0000fca0   _OBJ_init
0000fcc0   _RTDX_Buffer
000100c8   _RTDX_Buffer_Start
000100cc   _RTDX_Buffer_End
000100d0   _rtdx_buffer_state
000100dc   _RTDX_writing
000100f0   _rtdx_mon_state
00010110   TSK_LEDTOGGLE$stack
000104a8   TSK_LEDTOGGLE$stkptr
00010510   TSK_idle$stack
000108a8   TSK_idle$stkptr
00010910   $bss
00010910   .bss
00010910   _HWI_dispatchTab
00010910   ___bss__
00010a10   IDL_D_tabbeg
00010a14   IDL_D_calibrate
00010a18   IDL_D_calbeg
00010a1c   LOG_D_system
00010a1c   _LOG_D_system
00010a20   PIP_D_tabbeg
00010a24   PIP_D_tablen
00010a28   CLK_R_time
00010a2c   CLK_D_timefxn
00010a30   CLK_D_tabbeg
00010a34   CLK_D_isrhook
00010a38   CLK_D_idletime
00010a3c   _CLK_htimeDiv
00010a40   _CLK_htimeMult
00010a44   _CLK_ltimeDiv
00010a48   _CLK_ltimeMult
00010a4c   _CLK_D_dirty
00010a50   _CLK_D_prd
00010a54   _CLK_D_tddr
00010a58   _CLK_D_countspms
00010a5c   PRD_D_tick
00010a5c   _PRD_D_tick
00010a60   PRD_D_cur
00010a64   PRD_D_elapsed
00010a68   PRD_D_prevtim
00010a6c   PRD_D_scalar
00010a70   PRD_D_swihandle
00010a74   PRD_D_tabbeg
00010a78   PRD_D_tablen
00010a7c   PRD_D_thook
00010a80   RTA_D_fromHost
00010a84   RTA_D_toHost
00010a88   RTA_D_logval
00010a98   RTA_D_stsval
00010aa4   HST_D_chanmask
00010aa8   HST_D_tabbeg
00010aac   HST_D_tabend
00010ab0   _GBL_procId
00010ab4   _GBL_clkIn
00010ab8   _GBL_freq
00010abc   _MEM_D_NUMSEGMENTS
00010ac0   _MEM_D_memtab
00010ac4   _MEM_D_freelist
00010ac8   _MEM_D_lockaddr
00010acc   _MEM_D_unlockaddr
00010ad0   _SYS
00010ad4   __HOOK_knlId
00010ad8   __HOOK_NUMHOOKS
00010adc   SWI_D_runaddr
00010adc   _SWI_D_runaddr
00010adc   _SWI_data
00010ae0   SWI_D_execaddr
00010ae0   _SWI_D_execaddr
00010ae4   SWI_D_curmask
00010ae4   _SWI_D_curmask
00010ae8   SWI_D_curset
00010ae8   _SWI_D_curset
00010aec   SWI_D_lock
00010aec   _SWI_D_lock
00010af0   SWI_D_curmbox
00010af4   SWI_D_curfxn
00010af4   _SWI_D_curfxn
00010af8   SWI_D_rdybeg
00010af8   _SWI_D_rdybeg
00010afc   SWI_D_inswi
00010afc   _SWI_D_inswi
00010b00   SWI_D_rdytab
00010b78   _hMcbsp
00010b7c   _hEdmaRcv
00010b80   _hEdmaRcvRelPing
00010b84   _hEdmaRcvRelPong
00010b88   _hEdmaXmt
00010b8c   _hEdmaXmtRelPing
00010b90   _hEdmaXmtRelPong
00010b94   _tccRcvPing
00010b98   _tccRcvPong
00010b9c   _tccXmtPing
00010ba0   _tccXmtPong
00010ba4   _ringbuff_in_read_i
00010ba8   _ringbuff_in_write_i
00010bac   _ringbuff_out_read_i
00010bb0   _ringbuff_out_write_i
00010bb4   _soundBuffer_i
00010bb8   _time_cnt
00010bbc   _configComplete
00010bc0   _t_reg
00010bc1   _mul
00010bc2   _dat
00010be4   _KNL_wFlag
00010be8   _KNL_wList
00010bec   _KNL_alarm
00010bf0   _KNL_setpri
00010bf4   _KNL_inactive
00010bf8   _KNL_priority
00010bfc   _KNL_set
00010c00   _KNL_curtask
00010c04   _KNL_prevtask
00010c08   _KNL_curtime
00010c0c   _KNL_swiptr
00010c10   _KNL_curqueue
00010c14   _KNL_maxqueue
00010c18   _KNL_tswitchfxn
00010c1c   _KNL_tcreatefxn
00010c20   _KNL_tdeletefxn
00010c24   _KNL_treadyfxn
00010c28   _KNL_idlefxn
00010c2c   _MEM_memtab
00010c38   MEM_MALLOCSEG
00010c38   MEM_SEGZERO
00010c38   SDRAM
00010c38   _SDRAM
00010c3c   RTA_fromHost$pipe$dtab
00010c48   RTA_toHost$pipe$dtab
00010c54   _hMcbsp_Link
00010c58   _hEdmaBSPLinkRcv
00010c5c   _hEdmaBSPLinkRcvRelPing
00010c60   _hEdmaBSPLinkRcvRelPong
00010c64   _hEdmaBSPLinkXmt
00010c68   _tccBSPLinkRcvPing
00010c6c   _tccBSPLinkRcvPong
00010c70   _tccBSPLinkXmtPing
00010c74   _tccBSPLinkXmtPong
00010c78   HWI_D_spsave
00010c78   _HWI_D_spsave
00010c78   _HWI_data
00010c84   _HWI_D_inhwi
00010c88   HWI_D_bss
00010c8c   HWI_D_ccmask
00010c90   LNK_dspFrameRequestMask
00010c90   _LNK_dspFrameRequestMask
00010c94   LNK_dspFrameReadyMask
00010c94   _LNK_dspFrameReadyMask
00010c98   LNK_readPend
00010c98   _LNK_readPend
00010c9c   LNK_readDone
00010c9c   _LNK_readDone
00010ca0   LNK_readFail
00010ca0   _LNK_readFail
00010ca4   LNK_writeFail
00010ca4   _LNK_writeFail
00010cb0   _rtdxNullChanCnt
00010cb4   _rtdxNullFuncCnt
00010cb8   _TSK_nTasks
00010cbc   _TSK_pid
00010cc0   _TSK
00010cc4   _CLK_DFLTMICROSECS
00010cc8   _CLK_D_microseconds
00010ccc   _SYS_exitStackPtr
00010cd0   _SYS_exitStackTop
00010cd4   _CLK_htimePerLtime
00010cdc   IDL_D_busyObj
00010ce0   _MEM
00010ce4   _hMcbsp_AIC23_Config
00010ce8   _SYS_PUTCBEG
00010ce8   ___end__
00010ce8   end
00010ee7   _SYS_PUTCEND
00010ee8   PRD_SWIHANDLE
00010ee8   PRD_swi
00010ee8   SWI_A_TABBEG
00010ee8   _PRD_swi
00010f14   KNL_swi
00010f14   _KNL_swi
00010f40   SWI_BSPLink_In_Ping
00010f40   _SWI_BSPLink_In_Ping
00010f6c   SWI_BSPLink_In_Pong
00010f6c   _SWI_BSPLink_In_Pong
00010f98   SWI_ADC_Out_Ping
00010f98   _SWI_ADC_Out_Ping
00010fc4   SWI_ADC_Out_Pong
00010fc4   _SWI_ADC_Out_Pong
00010ff0   SWI_ADC_In_Ping
00010ff0   _SWI_ADC_In_Ping
0001101c   SWI_ADC_In_Pong
0001101c   _SWI_ADC_In_Pong
00011048   SWI_BSPLink_Out_Ping
00011048   _SWI_BSPLink_Out_Ping
00011074   SWI_BSPLink_Out_Pong
00011074   _SWI_BSPLink_Out_Pong
000110a0   SWI_A_TABEND
000110ec   IDL_A_TABBEG
000110ec   IDL_cpuLoad
000110ec   _IDL_cpuLoad
000110f0   LNK_dataPump
000110f0   _LNK_dataPump
000110f4   RTA_dispatcher
000110f4   _RTA_dispatcher
000110f8   IDL_END
00011100   LOG_system$buf
00011200   RTA_toHost$buf
00011300   PRD_Sek$sts$stsobj
00011300   STS_A_TABBEG
00011300   _STS_A_TABBEG
00011304   PRD_Sek$sts
00011310   PRD_swi$sts$stsobj
00011314   PRD_swi$sts
00011320   KNL_swi$sts$stsobj
00011324   KNL_swi$sts
00011330   SWI_BSPLink_In_Ping$sts$stsobj
00011334   SWI_BSPLink_In_Ping$sts
00011340   SWI_BSPLink_In_Pong$sts$stsobj
00011344   SWI_BSPLink_In_Pong$sts
00011350   SWI_ADC_Out_Ping$sts$stsobj
00011354   SWI_ADC_Out_Ping$sts
00011360   SWI_ADC_Out_Pong$sts$stsobj
00011364   SWI_ADC_Out_Pong$sts
00011370   SWI_ADC_In_Ping$sts$stsobj
00011374   SWI_ADC_In_Ping$sts
00011380   SWI_ADC_In_Pong$sts$stsobj
00011384   SWI_ADC_In_Pong$sts
00011390   SWI_BSPLink_Out_Ping$sts$stsobj
00011394   SWI_BSPLink_Out_Ping$sts
000113a0   SWI_BSPLink_Out_Pong$sts$stsobj
000113a4   SWI_BSPLink_Out_Pong$sts
000113b0   TSK_idle$sts$stsobj
000113b4   TSK_idle$sts
000113c0   TSK_LEDTOGGLE$sts$stsobj
000113c4   TSK_LEDTOGGLE$sts
000113d0   IDL_busyObj$stsobj
000113d4   IDL_busyObj
000113d4   _IDL_busyObj
000113e0   PIP_A_TABBEG
000113e0   RTA_fromHost$pipe
000113e0   STS_A_TABEND
000113e0   _PIP_A_TABBEG
000113e0   _STS_A_TABEND
000113e4   RTA_fromHost$pipe$rd
00011410   RTA_fromHost$pipe$aaa
00011414   RTA_fromHost$pipe$wr
00011440   RTA_fromHost$pipe$bbb
00011444   RTA_toHost$pipe
00011448   RTA_toHost$pipe$rd
00011474   RTA_toHost$pipe$aaa
00011478   RTA_toHost$pipe$wr
000114a4   RTA_toHost$pipe$bbb
000114a8   PIP_A_TABEND
000114a8   _PIP_A_TABEND
000114b4   TSK_idle
000114b4   _TSK_idle
00011514   TSK_LEDTOGGLE
00011514   _TSK_LEDTOGGLE
0001161d   PRD_Sek$sts$maxfmt
00011620   HST_A_TABBEG
00011620   _HST_A_TABBEG
00011624   RTA_fromHost
00011624   _RTA_fromHost
00011626   PRD_Sek$sts$sumfmt
0001162c   RTA_fromHost$rtdx
0001162f   PRD_Sek$sts$avgfmt
0001163a   PRD_swi$sts$maxfmt
00011640   RTA_toHost
00011640   _RTA_toHost
00011642   PRD_swi$sts$sumfmt
00011648   RTA_toHost$rtdx
0001164a   PRD_swi$sts$avgfmt
00011654   KNL_swi$sts$maxfmt
0001165c   HST_A_TABEND
0001165c   KNL_swi$sts$sumfmt
0001165c   _HST_A_TABEND
00011664   KNL_swi$sts$avgfmt
00011668   SEM_LEDToggle
00011668   _SEM_LEDToggle
0001166e   SWI_BSPLink_In_Ping$sts$maxfmt
00011676   SWI_BSPLink_In_Ping$sts$sumfmt
0001167e   SWI_BSPLink_In_Ping$sts$avgfmt
00011688   SWI_BSPLink_In_Pong$sts$maxfmt
00011690   SWI_BSPLink_In_Pong$sts$sumfmt
00011698   SWI_BSPLink_In_Pong$sts$avgfmt
000116a2   SWI_ADC_Out_Ping$sts$maxfmt
000116aa   SWI_ADC_Out_Ping$sts$sumfmt
000116b0   PRD_A_TABBEG
000116b0   PRD_Sek
000116b0   _PRD_Sek
000116b2   SWI_ADC_Out_Ping$sts$avgfmt
000116bc   SWI_ADC_Out_Pong$sts$maxfmt
000116c4   SWI_ADC_Out_Pong$sts$sumfmt
000116cc   PRD_Sek$aaa
000116cc   SWI_ADC_Out_Pong$sts$avgfmt
000116d0   IDL_A_CALBEG
000116d0   IDL_cpuLoad$
000116d0   PRD_A_TABEND
000116d4   LNK_dataPump$
000116d6   SWI_ADC_In_Ping$sts$maxfmt
000116d8   RTA_dispatcher$
000116dc   IDL_END$
000116de   SWI_ADC_In_Ping$sts$sumfmt
000116e0   SYS$config
000116e6   SWI_ADC_In_Ping$sts$avgfmt
000116f0   SWI_ADC_In_Pong$sts$maxfmt
000116f0   ___pinit__
000116f0   pinit
000116f8   SWI_ADC_In_Pong$sts$sumfmt
000116fc   TRC_cinit
00011700   SWI_ADC_In_Pong$sts$avgfmt
00011700   TRC_R_mask
00011700   _TRC_R_mask
00011704   GBL_initdone
00011708   CLK_A_TABBEG
00011708   PRD_clock
00011708   _PRD_clock
0001170a   SWI_BSPLink_Out_Ping$sts$maxfmt
0001170c   CLK_null
00011712   SWI_BSPLink_Out_Ping$sts$sumfmt
0001171a   SWI_BSPLink_Out_Ping$sts$avgfmt
00011724   SWI_BSPLink_Out_Pong$sts$maxfmt
0001172c   SWI_BSPLink_Out_Pong$sts$sumfmt
00011734   SWI_BSPLink_Out_Pong$sts$avgfmt
0001173e   TSK_idle$sts$maxfmt
00011746   TSK_idle$sts$sumfmt
0001174e   TSK_idle$sts$avgfmt
00011758   TSK_LEDTOGGLE$sts$maxfmt
00011760   TSK_LEDTOGGLE$sts$sumfmt
00011768   TSK_LEDTOGGLE$sts$avgfmt
00011772   IDL_busyObj$maxfmt
00011775   IDL_busyObj$sumfmt
00011778   IDL_busyObj$avgfmt
00036ee8   CLK_LTIMEMULT
00036ee8   GBL_FREQ
01940000   CLK_REGS
01940000   _CLK_REGS
082039a3   HWI_INTRMULTHIGH
250718a4   HWI_INTRMULTLOW
80000000   _Buffer_in_ping
800007d0   _Buffer_in_pong
80000fa0   _Buffer_out_ping
80001770   _Buffer_out_pong
80001f40   _Temp_Buffer_0
80002710   _Temp_Buffer_1
80002ee0   _Ringbuffer_out
80008ca4   _Ringbuffer_in
8000ea68   _BSPLinkBuffer_in_ping
8000f238   _BSPLinkBuffer_in_pong
8000fa08   _BSPLinkBuffer_out_ping
800101d8   _BSPLinkBuffer_out_pong
800109a8   SDRAM$B
800109a8   _SDRAM_base
ffffffff   HST_DSMBUFSEG
ffffffff   IRAM
ffffffff   RTDX_DATAMEMSEG
ffffffff   _IRAM
ffffffff   ___TI_pprof_out_hndl
ffffffff   ___TI_prof_data_size
ffffffff   ___TI_prof_data_start
ffffffff   ___binit__
ffffffff   ___c_args__
ffffffff   binit

[979 symbols]
