******************************************************************************
               TMS320C6x Linker PC v7.4.14                     
******************************************************************************
>> Linked Wed Jun 15 13:23:24 2016

OUTPUT FILE NAME:   <my_dsp_project.out>
ENTRY POINT SYMBOL: "_c_int00"  address: 00025e00


MEMORY CONFIGURATION

         name            origin    length      used     unused   attr    fill
----------------------  --------  ---------  --------  --------  ----  --------
  IRAM                  00000000   0003e000  00027a45  000165bb  RWIX
  SDRAM                 80000000   00800000  000080da  007f7f26  RWIX


SECTION ALLOCATION MAP

 output                                  attributes/
section   page    origin      length       input sections
--------  ----  ----------  ----------   ----------------
.data      0    00000000    00000000     UNINITIALIZED

.vers      0    00000000    00000044     COPY SECTION
                  00000000    00000044     my_dsp_projectcfg.obj (.vers)

.hwi_vec   0    00000000    00000200     
                  00000000    00000200     my_dsp_projectcfg.obj (.hwi_vec)

.datenpuffer 
*          0    00000200    00016120     UNINITIALIZED
                  00000200    00014ff0     skeleton.obj (.datenpuffer)
                  000151f0    00001130     config_BSPLink.obj (.datenpuffer)

.text      0    00016320    000045e0     
                  00016320    00001600     skeleton.obj (.text)
                  00017920    00000660     config_BSPLink.obj (.text)
                  00017f80    00000480     dsk6713bsl.lib : dsk6713.obj (.text)
                  00018400    00000280     csl6713.lib : csl_edma.obj (.text:_EDMA_open)
                  00018680    00000240     rts6700.lib : memcpy62.obj (.text:_memcpy)
                  000188c0    00000240     config_AIC23.obj (.text)
                  00018b00    00000220     csl6713.lib : csl.obj (.text:__CSL_init)
                  00018d20    000001e0     dsk6713bsl.lib : dsk6713_led.obj (.text)
                  00018f00    000001c0     csl6713.lib : csl_irq.obj (.text:_IRQ_map)
                  000190c0    000001c0                 : csl_irq.obj (.text:_mux2Tables)
                  00019280    000001a0                 : csl_edma.obj (.text:_EDMA_allocTable)
                  00019420    000001a0                 : csl_mcbsp.obj (.text:_MCBSP_reset)
                  000195c0    00000180     bios.a67 : gbl_cslpllinit62.o67 (.text)
                  00019740    00000160     rts6700.lib : sinit.obj (.text:_call_dtors)
                  000198a0    00000140     csl6713.lib : csl_edma.obj (.text:_EDMA_reset)
                  000199e0    00000140                 : csl_timer.obj (.text:_TIMER_open)
                  00019b20    00000120                 : csl_timer.obj (.text:_TIMER_reset)
                  00019c40    00000100                 : csl_edma.obj (.text:_EDMA_intAlloc)
                  00019d40    00000100                 : csl_mcbsp.obj (.text:_MCBSP_open)
                  00019e40    00000100                 : csl_mcbsp.obj (.text:_MCBSP_start)
                  00019f40    000000e0                 : csl_edma.obj (.text:_EDMA_config)
                  0001a020    000000e0     rts6700.lib : strasg.obj (.text:__strasg)
                  0001a100    000000e0                 : atexit.obj (.text:_atexit)
                  0001a1e0    000000c0     bios.a67 : tsk_stup.o67 (.text)
                  0001a2a0    000000a0     csl6713.lib : csl_mcbsp.obj (.text:_MCBSP_close)
                  0001a340    000000a0                 : csl_mcbsp.obj (.text:_MCBSP_config)
                  0001a3e0    000000a0                 : csl_irq.obj (.text:__IRQ_init)
                  0001a480    000000a0                 : csl_irq.obj (.text:_setMux)
                  0001a520    00000060                 : csl_edma.obj (.text:_EDMA_disableChannel)
                  0001a580    00000060                 : csl_edma.obj (.text:_EDMA_enableChannel)
                  0001a5e0    00000060                 : csl_edma.obj (.text:_EDMA_intEnable)
                  0001a640    00000060                 : csl_edma.obj (.text:_EDMA_qdmaConfig)
                  0001a6a0    00000040                 : csl_edma.obj (.text:_EDMA_link)
                  0001a6e0    00000040                 : csl_irq.obj (.text:_IRQ_enable)
                  0001a720    00000040     rts6700.lib : sinit.obj (.text:___add_dtor)
                  0001a760    00000020     csl6713.lib : csl.obj (.text:_CSL6713_LIB_)
                  0001a780    00000020                 : csl_edma.obj (.text:_EDMA_intClear)
                  0001a7a0    00000020                 : csl_edma.obj (.text:_EDMA_intTest)
                  0001a7c0    00000020                 : csl_irq.obj (.text:_IRQ_clear)
                  0001a7e0    00000020                 : csl_irq.obj (.text:_IRQ_globalEnable)
                  0001a800    00000020                 : csl_mcbsp.obj (.text:_MCBSP_getRcvAddr)
                  0001a820    00000020                 : csl_mcbsp.obj (.text:_MCBSP_getXmtAddr)
                  0001a840    00000020                 : csl_mcbsp.obj (.text:_MCBSP_write)
                  0001a860    00000020                 : csl_mcbsp.obj (.text:_MCBSP_xrdy)
                  0001a880    00000020     rts6700.lib : _lock.obj (.text:__nop)
                  0001a8a0    00000020                 : _lock.obj (.text:__register_lock)
                  0001a8c0    00000020                 : _lock.obj (.text:__register_unlock)
                  0001a8e0    00000020     csl6713.lib : csl_irq.obj (.text)

.bios      0    0001a900    00004280     
                  0001a900    00000600     lnkrtdx.a67 : rtdx.o67 (.bios)
                  0001af00    000005e0     bios.a67 : gbl_setL2CacheMode.o67 (.bios)
                  0001b4e0    00000540              : swi.o67 (.bios)
                  0001ba20    00000460              : hwi_disp_asm.o67 (.bios)
                  0001be80    000003a0              : prd.o67 (.bios)
                  0001c220    000002c0              : knl_run.o67 (.bios)
                  0001c4e0    000002c0              : rta.o67 (.bios)
                  0001c7a0    000002c0              : sem_pend.o67 (.bios)
                  0001ca60    00000260              : knl_tick.o67 (.bios)
                  0001ccc0    00000240              : pip.o67 (.bios)
                  0001cf00    00000220              : sem_dopo.o67 (.bios)
                  0001d120    00000200              : tsk_setu.o67 (.bios)
                  0001d320    000001c0              : knl_swit.o67 (.bios)
                  0001d4e0    000001c0     biosC6000.a67 : clk.o67 (.bios)
                  0001d6a0    000001a0     bios.a67 : tsk_exit.o67 (.bios)
                  0001d840    00000180              : autoinit.o67 (.bios)
                  0001d9c0    00000180              : tsk_stup.o67 (.bios)
                  0001db40    00000140              : knl_chec.o67 (.bios)
                  0001dc80    000000e0              : gbl_cslcacheinit.o67 (.bios)
                  0001dd60    000000e0              : knl_exit.o67 (.bios)
                  0001de40    000000e0              : sem_post.o67 (.bios)
                  0001df20    000000e0              : sem_post_asm.o67 (.bios)
                  0001e000    000000e0     biosC6000.a67 : clk_meas.o67 (.bios)
                  0001e0e0    000000c0     bios.a67 : knl_ipos.o67 (.bios)
                  0001e1a0    000000c0              : knl_post.o67 (.bios)
                  0001e260    000000c0              : lck.o67 (.bios)
                  0001e320    000000c0              : sys_exit.o67 (.bios)
                  0001e3e0    000000c0     biosC6000.a67 : clk_htime.o67 (.bios)
                  0001e4a0    00000080     bios.a67 : fxn.o67 (.bios)
                  0001e520    00000080              : idl_busy.o67 (.bios)
                  0001e5a0    00000080              : log.o67 (.bios)
                  0001e620    00000080              : sts.o67 (.bios)
                  0001e6a0    00000080     biosC6000.a67 : idl_cal.o67 (.bios)
                  0001e720    00000060     bios.a67 : hwi_c.o67 (.bios)
                  0001e780    00000060              : sem_pend_binary.o67 (.bios)
                  0001e7e0    00000060              : sem_pend_counting.o67 (.bios)
                  0001e840    00000060              : swi_disable.o67 (.bios)
                  0001e8a0    00000060              : sys_abor.o67 (.bios)
                  0001e900    00000060              : utl_putc.o67 (.bios)
                  0001e960    00000060     biosC6000.a67 : clk_start.o67 (.bios)
                  0001e9c0    00000040     bios.a67 : idl_stub.o67 (.bios)
                  0001ea00    00000040              : rta_andn.o67 (.bios)
                  0001ea40    00000040              : utl_doab.o67 (.bios)
                  0001ea80    00000040     biosC6000.a67 : clk_stop.o67 (.bios)
                  0001eac0    00000020     bios.a67 : fxn_c.o67 (.bios)
                  0001eae0    00000020              : gbl_vers.o67 (.bios)
                  0001eb00    00000020              : idl.o67 (.bios)
                  0001eb20    00000020              : sts_set.o67 (.bios)
                  0001eb40    00000020              : utl_doer.o67 (.bios)
                  0001eb60    00000020              : utl_halt.o67 (.bios)

.stack     0    0001eb80    00004000     UNINITIALIZED
                  0001eb80    00004000     --HOLE--

.cinit     0    00022b80    000019a4     
                  00022b80    00000b74     my_dsp_projectcfg.obj (.cinit)
                  000236f4    00000004     --HOLE-- [fill = 0]
                  000236f8    000002bc     skeleton.obj (.cinit)
                  000239b4    00000004     --HOLE-- [fill = 0]
                  000239b8    0000026c     bios.a67 : biosdata.o67 (.cinit)
                  00023c24    00000004     --HOLE-- [fill = 0]
                  00023c28    000001a4              : knl.o67 (.cinit)
                  00023dcc    00000004     --HOLE-- [fill = 0]
                  00023dd0    0000012c     csl6713.lib : csl_irq.obj (.cinit)
                  00023efc    00000004     --HOLE-- [fill = 0]
                  00023f00    000000b0     bios.a67 : swi.o67 (.cinit)
                  00023fb0    00000080              : tsk.o67 (.cinit)
                  00024030    00000078     config_BSPLink.obj (.cinit)
                  000240a8    00000070     csl6713.lib : csl_edma.obj (.cinit)
                  00024118    00000060     bios.a67 : tsk_stup.o67 (.cinit)
                  00024178    0000005c     lnkrtdx.a67 : rtdx.o67 (.cinit)
                  000241d4    00000004     --HOLE-- [fill = 0]
                  000241d8    00000054     csl6713.lib : csl_mcbsp.obj (.cinit)
                  0002422c    00000004     --HOLE-- [fill = 0]
                  00024230    0000004c     bios.a67 : rta.o67 (.cinit)
                  0002427c    00000004     --HOLE-- [fill = 0]
                  00024280    0000004c     csl6713.lib : csl_timer.obj (.cinit)
                  000242cc    00000004     --HOLE-- [fill = 0]
                  000242d0    0000004c     rtdx.lib : buffer1.o62 (.cinit)
                  0002431c    00000004     --HOLE-- [fill = 0]
                  00024320    00000048     config_AIC23.obj (.cinit)
                  00024368    0000003c     csl6713.lib : csl.obj (.cinit)
                  000243a4    00000004     --HOLE-- [fill = 0]
                  000243a8    00000034     bios.a67 : hwi.o67 (.cinit)
                  000243dc    00000004     --HOLE-- [fill = 0]
                  000243e0    0000002c              : utl_putc.o67 (.cinit)
                  0002440c    00000004     --HOLE-- [fill = 0]
                  00024410    0000002c     rts6700.lib : exit.obj (.cinit)
                  0002443c    00000004     --HOLE-- [fill = 0]
                  00024440    00000024     bios.a67 : obj_init.o67 (.cinit)
                  00024464    00000004     --HOLE-- [fill = 0]
                  00024468    0000001c              : sys.o67 (.cinit)
                  00024484    00000004     --HOLE-- [fill = 0]
                  00024488    0000001c     rts6700.lib : _lock.obj (.cinit)
                  000244a4    00000004     --HOLE-- [fill = 0]
                  000244a8    0000001c                 : atexit.obj (.cinit)
                  000244c4    00000004     --HOLE-- [fill = 0]
                  000244c8    00000018     bios.a67 : knl_tick.o67 (.cinit)
                  000244e0    0000000c              : gbl_setL2CacheMode.o67 (.cinit)
                  000244ec    00000004     --HOLE-- [fill = 0]
                  000244f0    0000000c              : idl_busy.o67 (.cinit)
                  000244fc    00000004     --HOLE-- [fill = 0]
                  00024500    0000000c              : knl_swit.o67 (.cinit)
                  0002450c    00000004     --HOLE-- [fill = 0]
                  00024510    0000000c     rts6700.lib : sinit.obj (.cinit)
                  0002451c    00000004     --HOLE-- [fill = 0]
                  00024520    00000004     (.pad.cinit) [fill = 0]

.log       0    00024524    00000018     
                  00024524    00000018     my_dsp_projectcfg.obj (.log)

.args      0    0002453c    00000004     
                  0002453c    00000004     --HOLE-- [fill = 0]

.rtdx_text 
*          0    00024540    00000ea0     
                  00024540    00000400     rtdx.lib : rtdx_mon.o62 (.rtdx_text:_RTDX_Poll)
                  00024940    00000340              : buffer1.o62 (.rtdx_text:_RTDX_Buffer_WriteCB)
                  00024c80    00000300              : buffer1.o62 (.rtdx_text:_RTDX_write_next)
                  00024f80    00000140              : rtdx_mon.o62 (.rtdx_text:_RTDX_Mon_Queue)
                  000250c0    000000e0              : buffer1.o62 (.rtdx_text:_claim)
                  000251a0    00000080              : rtdx_mon.o62 (.rtdx_text:_RTDX_Init_RT_Monitor)
                  00025220    00000060              : buffer1.o62 (.rtdx_text:_RTDX_Buffer_Initialize)
                  00025280    00000060              : buffer2.o62 (.rtdx_text:_RTDX_Buffer_ReadCB)
                  000252e0    00000040              : buffer1.o62 (.rtdx_text:_RTDX_Buffer_Size)
                  00025320    00000040              : rtdx_mon.o62 (.rtdx_text:_RTDX_Final_RT_Monitor)
                  00025360    00000020              : buffer2.o62 (.rtdx_text:_RTDX_Buffer_Read)
                  00025380    00000020              : buffer1.o62 (.rtdx_text:_RTDX_Buffer_Write)
                  000253a0    00000020              : rtdx_mon.o62 (.rtdx_text:_RTDX_checksum)
                  000253c0    00000020              : intr_tgt.o62 (.rtdx_text)

.far       0    000253e0    00000658     UNINITIALIZED
                  000253e0    00000188     rts6700.lib : atexit.obj (.far)
                  00025568    000000f4     csl6713.lib : csl_irq.obj (.far)
                  0002565c    000000d8     bios.a67 : knl.o67 (.far)
                  00025734    0000005c              : tsk.o67 (.far)
                  00025790    00000054              : obj_init.o67 (.far)
                  000257e4    00000054     csl6713.lib : csl_edma.obj (.far)
                  00025838    00000050     bios.a67 : tsk_stup.o67 (.far)
                  00025888    00000050     config_BSPLink.obj (.far)
                  000258d8    00000050     skeleton.obj (.far)
                  00025928    00000038     csl6713.lib : csl_mcbsp.obj (.far)
                  00025960    00000034     config_AIC23.obj (.far)
                  00025994    00000028     csl6713.lib : csl.obj (.far)
                  000259bc    00000024                 : csl_timer.obj (.far)
                  000259e0    00000020     bios.a67 : sys.o67 (.far)
                  00025a00    00000010              : knl_tick.o67 (.far)
                  00025a10    0000000c              : utl_putc.o67 (.far)
                  00025a1c    0000000c     rts6700.lib : exit.obj (.far)
                  00025a28    00000008                 : _lock.obj (.far)
                  00025a30    00000004                 : sinit.obj (.far)
                  00025a34    00000002     dsk6713bsl.lib : dsk6713.obj (.far)
                  00025a36    00000002                    : dsk6713_led.obj (.far)

.clk       0    00025a38    00000008     UNINITIALIZED
                  00025a38    00000008     my_dsp_projectcfg.obj (.clk)

.sysinit   0    00025a40    00000520     
                  00025a40    000002e0     my_dsp_projectcfg.obj (.sysinit)
                  00025d20    000000e0     bios.a67 : mem_init.o67 (.sysinit)
                  00025e00    000000c0              : boot.o67 (.sysinit)
                  00025ec0    00000080              : tsk_init.o67 (.sysinit)
                  00025f40    00000020              : obj_init.o67 (.sysinit)

.rtdx_data 
*          0    00025f60    0000044c     UNINITIALIZED
                  00025f60    00000410     my_dsp_projectcfg.obj (.rtdx_data)
                  00026370    00000020     rtdx.lib : buffer1.o62 (.rtdx_data)
                  00026390    0000001c              : rtdx_mon.o62 (.rtdx_data)

.mem       0    000263ac    00000004     UNINITIALIZED
                  000263ac    00000004     my_dsp_projectcfg.obj (.mem)

.TSK_LEDTOGGLE$stk 
*          0    000263b0    00000400     UNINITIALIZED
                  000263b0    00000400     my_dsp_projectcfg.obj (.TSK_LEDTOGGLE$stk)

.TSK_idle$stk 
*          0    000267b0    00000400     UNINITIALIZED
                  000267b0    00000400     my_dsp_projectcfg.obj (.TSK_idle$stk)

.bss       0    00026bb0    000003f4     UNINITIALIZED
                  00026bb0    00000100     bios.a67 : hwi_disp_asm.o67 (.bss)
                  00026cb0    000000cc              : biosdata.o67 (.bss)
                  00026d7c    0000009c              : swi.o67 (.bss)
                  00026e18    00000080     skeleton.obj (.bss)
                  00026e98    00000048     bios.a67 : knl.o67 (.bss)
                  00026ee0    0000002c     config_BSPLink.obj (.bss)
                  00026f0c    00000028     my_dsp_projectcfg.obj (.bss)
                  00026f34    00000018     bios.a67 : hwi.o67 (.bss)
                  00026f4c    00000018     lnkrtdx.a67 : rtdx.o67 (.bss)
                  00026f64    00000010     rtdx.lib : buffer1.o62 (.bss)
                  00026f74    0000000c     bios.a67 : tsk.o67 (.bss)
                  00026f80    00000008              : clk_data.o67 (.bss)
                  00026f88    00000008              : sys.o67 (.bss)
                  00026f90    00000004              : clk_data2.o67 (.bss)
                  00026f94    00000004              : gbl_setL2CacheMode.o67 (.bss)
                  00026f98    00000004              : idl_busy.o67 (.bss)
                  00026f9c    00000004              : mem_asm.o67 (.bss)
                  00026fa0    00000004     config_AIC23.obj (.bss)

.swi       0    00026fa4    00000210     UNINITIALIZED
                  00026fa4    00000210     my_dsp_projectcfg.obj (.swi)

.trace     0    000271b4    00000200     
                  000271b4    00000200     --HOLE-- [fill = 00000000]

.gblinit   0    000273b4    0000004c     
                  000273b4    0000004c     my_dsp_projectcfg.obj (.gblinit)

.LOG_system$buf 
*          0    00027400    00000100     UNINITIALIZED
                  00027400    00000100     my_dsp_projectcfg.obj (.LOG_system$buf)

.hst0      0    00027500    00000100     UNINITIALIZED
                  00027500    00000100     my_dsp_projectcfg.obj (.hst0)

.sts       0    00027600    00000100     
                  00027600    00000100     my_dsp_projectcfg.obj (.sts)

.pip       0    00027700    000000c8     UNINITIALIZED
                  00027700    000000c8     my_dsp_projectcfg.obj (.pip)

.tsk       0    000277c8    000000c0     UNINITIALIZED
                  000277c8    000000c0     my_dsp_projectcfg.obj (.tsk)

.const     0    00027888    000000b5     
                  00027888    0000004e     bios.a67 : tsk_stup.o67 (.const)
                  000278d6    00000023              : utl_doab.o67 (.const)
                  000278f9    00000022              : utl_doer.o67 (.const)
                  0002791b    00000001     --HOLE-- [fill = 0]
                  0002791c    00000020     dsk6713bsl.lib : dsk6713.obj (.const)
                  0002793c    00000001     bios.a67 : tsk.o67 (.const)

.printf    0    0002793d    00000194     COPY SECTION
                  0002793d    00000194     my_dsp_projectcfg.obj (.printf)

.hst       0    00027940    0000003c     UNINITIALIZED
                  00027940    0000003c     my_dsp_projectcfg.obj (.hst)

.sem       0    0002797c    0000002c     UNINITIALIZED
                  0002797c    0000002c     my_dsp_projectcfg.obj (.sem)

.switch    0    000279a8    00000028     
                  000279a8    00000028     rtdx.lib : rtdx_mon.o62 (.switch)

.prd       0    000279d0    00000020     UNINITIALIZED
                  000279d0    00000020     my_dsp_projectcfg.obj (.prd)

.hst1      0    000279f0    00000010     UNINITIALIZED
                  000279f0    00000010     my_dsp_projectcfg.obj (.hst1)

.idl       0    00027a00    00000010     UNINITIALIZED
                  00027a00    00000010     my_dsp_projectcfg.obj (.idl)

.idlcal    0    00027a10    00000010     UNINITIALIZED
                  00027a10    00000010     my_dsp_projectcfg.obj (.idlcal)

.sys       0    00027a20    00000010     UNINITIALIZED
                  00027a20    00000010     my_dsp_projectcfg.obj (.sys)

.pinit     0    00027a30    0000000c     
                  00027a30    00000004     rtdx.lib : buffer1.o62 (.pinit)
                  00027a34    00000004              : rtdx_mon.o62 (.pinit)
                  00027a38    00000004     --HOLE-- [fill = 0]

.trcdata   0    00027a3c    0000000c     
                  00027a3c    0000000c     bios.a67 : trc.o67 (.trcdata)

.SDRAM$heap 
*          0    80000000    00008000     UNINITIALIZED
                  80000000    00008000     --HOLE--

.sounds    0    80008000    000000da     UNINITIALIZED
                  80008000    000000da     skeleton.obj (.sounds)


GLOBAL SYMBOLS: SORTED ALPHABETICALLY BY Name 

address    name
--------   ----
00026bb0   $bss
00026bb0   .bss
00000000   .data
00016320   .text
00025bfc   BIOS$$CLKOFF
00025bbc   BIOS$$CLKON
00025a40   BIOS_init
00025c64   BIOS_start
00000000   BUF$
00000001   BUF_ENABLED
00000001   CLK$
00025a38   CLK_A_TABBEG
00000001   CLK_CALDIV
00000004   CLK_CALMULT
0000dbba   CLK_COUNTSPMS
00000000   CLK_COUNTSPMSHIGH
00026cd8   CLK_D_idletime
00026cd4   CLK_D_isrhook
00026cd0   CLK_D_tabbeg
00026ccc   CLK_D_timefxn
0001e3e0   CLK_F_getfhtime
0001e400   CLK_F_gethtime
0001d4e0   CLK_F_getltime
0001e400   CLK_F_getshtime
0001d4f4   CLK_F_isr
0001d654   CLK_F_itime
0001ba20   CLK_HOOKFXN
00000001   CLK_HTIMEDIV
00000004   CLK_HTIMEMULT
0000dbba   CLK_HTIMEPERLTIME
00004000   CLK_INTBIT
00000001   CLK_LTIMEDIV
00036ee8   CLK_LTIMEMULT
000003e8   CLK_MICROSECS
0000dbba   CLK_PRD
00000000   CLK_PRDHIGH
01940000   CLK_REGS
00026cc8   CLK_R_time
00000020   CLK_TCR
00000000   CLK_TDDR
00000000   CLK_TDDRHIGH
0001e400   CLK_TIMEFXN
00000000   CLK_TIMERNUM
00000001   CLK_USETIMER
00025a3c   CLK_null
00000000   DEV$
00000000   DGN$
00000000   DHL$
00000000   DHL_gChannelsAvailable
00000000   DIO$
00000000   DIO_NUMSWIBASE
00000000   DIO_NUMTSKBASE
00000000   DIO_STATIC
00000000   DPI$
0001e4a0   FXN_F_nop
0001e4a8   FXN_F_run
0001e4f8   FXN_F_zero
00000001   GBL$
00005205   GBL_A_VERSION
00000000   GBL_BIGENDIAN
00000000   GBL_C641XL2PRIORITY
00000000   GBL_CACHE
00000001   GBL_CALLCSLCFGINIT
00004e20   GBL_CLKIN
00001770   GBL_CLKTYPE
00001a39   GBL_DSPSUBTYPE
0000003e   GBL_DSPTYPE
00000001   GBL_ENABLEINST
00000042   GBL_FOOTPRINT
00036ee8   GBL_FREQ
00002226   GBL_L2ALLOC
00000000   GBL_L2CONFIGALLOC
00000001   GBL_L2CONFIGURE
00000001   GBL_L2MARMASK
00000000   GBL_L2MARMASK1
00000000   GBL_L2MARMASK2
00000000   GBL_L2MARMASK3
00000000   GBL_L2MARMASK4
00000000   GBL_L2MARMASK5
00000000   GBL_L2MODE
00000000   GBL_L2PRIORITY
00000000   GBL_NULL
00000000   GBL_PROCID
00000000   GBL_ROM
00000000   GBL_SUPPORTCSL
0000dbef   GBL_TRCMASKVALUE
00000001   GBL_USERINIT
000195e8   GBL_USERINITFXN
00000001   GBL_boot
00027a44   GBL_initdone
0001eb80   GBL_stackbeg
00022b7f   GBL_stackend
00000000   GIO$
0001eac0   GIO_CREATEFXN
0001eac0   GIO_DELETEFXN
0001eac0   GIO_PENDFXN
0001eac0   GIO_POSTFXN
00000000   HOOK$
00000000   HOOK_KNLID
00000001   HST$
00027940   HST_A_TABBEG
0002797c   HST_A_TABEND
00000000   HST_DSM
ffffffff   HST_DSMBUFSEG
00000400   HST_DSMMEMSIZE
00026d44   HST_D_chanmask
00026d48   HST_D_tabbeg
00026d4c   HST_D_tabend
000000ff   HST_MAXFRAMEALLOWED
00000040   HST_MAXFRAMESET
00000000   HST_NONE
00000001   HST_RTDX
00000001   HWI$
00000000   HWI_A_VECS
00005308   HWI_CFGDISPATCHED
00026f44   HWI_D_bss
00026f48   HWI_D_ccmask
00026f34   HWI_D_spsave
0001ba20   HWI_F_dispatch
00000000   HWI_GENERATE_RESET_VEC
0000000a   HWI_INT10
00000000   HWI_INT10$hwi
0000000b   HWI_INT11
00000000   HWI_INT11$hwi
0000000c   HWI_INT12
00000000   HWI_INT12$hwi
0000000d   HWI_INT13
00000000   HWI_INT13$hwi
0000000e   HWI_INT14
00000000   HWI_INT14$hwi
0000000f   HWI_INT15
00000000   HWI_INT15$hwi
00000004   HWI_INT4
00000000   HWI_INT4$hwi
00000005   HWI_INT5
00000000   HWI_INT5$hwi
00000006   HWI_INT6
00000000   HWI_INT6$hwi
00000007   HWI_INT7
00000000   HWI_INT7$hwi
00000008   HWI_INT8
00000000   HWI_INT8$hwi
00000009   HWI_INT9
00000000   HWI_INT9$hwi
082039a3   HWI_INTRMULTHIGH
250718a4   HWI_INTRMULTLOW
00000001   HWI_NMI
00000000   HWI_NMI$hwi
00000000   HWI_POLARITYMASK
00000002   HWI_RESERVED0
00000000   HWI_RESERVED0$hwi
00000003   HWI_RESERVED1
00000000   HWI_RESERVED1$hwi
00000000   HWI_RESET
00000000   HWI_RESET$hwi
00000001   HWI_ZEROTAB
00000001   IDL$
00027a10   IDL_A_CALBEG
00027a00   IDL_A_TABBEG
00000006   IDL_CALIBRERROR
0001e9c0   IDL_CALIBRFXN
00026f98   IDL_D_busyObj
00026cb8   IDL_D_calbeg
00026cb4   IDL_D_calibrate
00026cb0   IDL_D_tabbeg
00027a0c   IDL_END
00027a1c   IDL_END$
0001e520   IDL_F_busy
0001e6a0   IDL_F_calibrate
0001eb00   IDL_F_loop
0001e9c0   IDL_F_stub
00000001   IDL_USECLKIDLTIME
000276f4   IDL_busyObj
00027acc   IDL_busyObj$avgfmt
00000001   IDL_busyObj$filter
00000001   IDL_busyObj$iA
00000000   IDL_busyObj$iB
00000001   IDL_busyObj$iC
00027ac6   IDL_busyObj$maxfmt
00000000   IDL_busyObj$operation
000276f0   IDL_busyObj$stsobj
00027ac9   IDL_busyObj$sumfmt
00000002   IDL_busyObj$unittype
00027a00   IDL_cpuLoad
00027a10   IDL_cpuLoad$
ffffffff   IRAM
00000001   ISRC$
0001d4a0   KNL_glue
00026fd0   KNL_swi
00000001   KNL_swi$dorta
00000002   KNL_swi$ord
00000000   KNL_swi$pri
00027624   KNL_swi$sts
00027984   KNL_swi$sts$avgfmt
00000002   KNL_swi$sts$filter
00000001   KNL_swi$sts$filtmaxmult
00000001   KNL_swi$sts$filtsummult
00027974   KNL_swi$sts$maxfmt
00027620   KNL_swi$sts$stsobj
0002797c   KNL_swi$sts$sumfmt
00000000   KNL_swi$sts$unittype
00000000   KNL_swi$swi
00000001   LCK$
0001a900   LNK_F_checkBufferCall
0001a980   LNK_F_dataPump
0001a920   LNK_F_getChanPtr
0001a978   LNK_F_init
0001aec4   LNK_F_readCallBack
00027a04   LNK_dataPump
00027a14   LNK_dataPump$
00026f50   LNK_dspFrameReadyMask
00026f4c   LNK_dspFrameRequestMask
0001ac20   LNK_newin
0001ad60   LNK_newout
0001a994   LNK_rcloop
0001aa60   LNK_rdrtry
00026f58   LNK_readDone
00026f5c   LNK_readFail
00026f54   LNK_readPend
0001aa70   LNK_rrloop
00026f60   LNK_writeFail
0001ab44   LNK_wrloop
0001ab34   LNK_wrrtry
00000001   LOG$
00024524   LOG_A_TABBEG
0002453c   LOG_A_TABEND
00000001   LOG_A_TABLEN
00026cbc   LOG_D_system
00000001   LOG_ENABLED
0001e5a0   LOG_F_event
00024524   LOG_system
00027400   LOG_system$buf
00000000   LOG_system$datatype
00000000   LOG_system$log
00000040   LOG_system$size
00000000   MBX$
00000001   MEM$
00026f18   MEM_MALLOCSEG
00000000   MEM_NULL
00026f18   MEM_SEGZERO
00000000   MEM_USEMPC
00000001   MEM_gNumHeap
00000000   MSGQ$
00000000   MSGQ_USEMSGQ
00000000   OBJ$
00000000   PIP$
00027700   PIP_A_TABBEG
000277c8   PIP_A_TABEND
00000002   PIP_A_TABLEN
00026cc0   PIP_D_tabbeg
00026cc4   PIP_D_tablen
0001cd54   PIP_F_give
0001cd54   PIP_F_probe
0001ce28   PIP_F_start
0001ccc0   PIP_F_take
00000064   PIP_OBJSIZE
00000000   PIP_gNextId
00000002   PIP_gNumEmbed
00000000   POOL$
00000000   POOL_USEPOOL
00000001   PRD$
000279d0   PRD_A_TABBEG
000279f0   PRD_A_TABEND
00000001   PRD_A_TABLEN
00026d00   PRD_D_cur
00026d04   PRD_D_elapsed
00026d08   PRD_D_prevtim
00026d0c   PRD_D_scalar
00026d10   PRD_D_swihandle
00026d14   PRD_D_tabbeg
00026d18   PRD_D_tablen
00026d1c   PRD_D_thook
00026cfc   PRD_D_tick
0001be80   PRD_F_swi
0001c140   PRD_F_tick
00000008   PRD_SCALAR
00026fa4   PRD_SWIHANDLE
000279d0   PRD_Sek
000279ec   PRD_Sek$aaa
00000000   PRD_Sek$mode
00000001   PRD_Sek$ord
000003e8   PRD_Sek$period
00000000   PRD_Sek$prd
00027604   PRD_Sek$sts
0002794f   PRD_Sek$sts$avgfmt
00000000   PRD_Sek$sts$filter
0002793d   PRD_Sek$sts$maxfmt
00027600   PRD_Sek$sts$stsobj
00027946   PRD_Sek$sts$sumfmt
00000002   PRD_Sek$sts$unittype
0001cca0   PRD_THOOKFXN
00025a38   PRD_clock
00026fa4   PRD_swi
00000001   PRD_swi$dorta
00000001   PRD_swi$ord
00000001   PRD_swi$pri
00027614   PRD_swi$sts
0002796a   PRD_swi$sts$avgfmt
00000002   PRD_swi$sts$filter
00000001   PRD_swi$sts$filtmaxmult
00000001   PRD_swi$sts$filtsummult
0002795a   PRD_swi$sts$maxfmt
00027610   PRD_swi$sts$stsobj
00027962   PRD_swi$sts$sumfmt
00000000   PRD_swi$sts$unittype
00000000   PRD_swi$swi
00000001   QUE$
00026d20   RTA_D_fromHost
00026d28   RTA_D_logval
00026d38   RTA_D_stsval
00026d24   RTA_D_toHost
0001ea00   RTA_F_andn
0001c5d8   RTA_F_dispatch
0001c4e0   RTA_F_getlog
0001c524   RTA_F_getsts
0001ea20   RTA_F_or
0001c56c   RTA_F_readblk
0001c598   RTA_F_resetmem
0001c58c   RTA_F_writeword
00027a08   RTA_dispatcher
00027a18   RTA_dispatcher$
0001c628   RTA_execute
00027944   RTA_fromHost
000279f0   RTA_fromHost$buf
00000004   RTA_fromHost$framesize
00000000   RTA_fromHost$hst
00000001   RTA_fromHost$id
00000000   RTA_fromHost$mode
00027700   RTA_fromHost$pipe
00027730   RTA_fromHost$pipe$aaa
00027760   RTA_fromHost$pipe$bbb
00026f1c   RTA_fromHost$pipe$dtab
00027704   RTA_fromHost$pipe$rd
00027734   RTA_fromHost$pipe$wr
0002794c   RTA_fromHost$rtdx
00027960   RTA_toHost
00027500   RTA_toHost$buf
00000040   RTA_toHost$framesize
00000000   RTA_toHost$hst
00000000   RTA_toHost$id
00000001   RTA_toHost$mode
00027764   RTA_toHost$pipe
00027794   RTA_toHost$pipe$aaa
000277c4   RTA_toHost$pipe$bbb
00026f28   RTA_toHost$pipe$dtab
00027768   RTA_toHost$pipe$rd
00027798   RTA_toHost$pipe$wr
00027968   RTA_toHost$rtdx
00000001   RTDX$
00000408   RTDX_BUFMEMSIZE
ffffffff   RTDX_DATAMEMSEG
00000000   RTDX_MODE
00000001   RTDX_NORMALIZED_HDR
00000001   RTDX_USERTDX
00000000   RTDX_USERTEXECUTION
00026f18   SDRAM
80000000   SDRAM$B
00008000   SDRAM$L
00000001   SEM$
00027988   SEM_LEDToggle
00000000   SIO$
00000001   STS$
00027600   STS_A_TABBEG
00027700   STS_A_TABEND
0001e658   STS_F_add
0001e620   STS_F_delta
0001e684   STS_F_reset
00000001   SWI$
000270ac   SWI_ADC_In_Ping
00000001   SWI_ADC_In_Ping$dorta
00000007   SWI_ADC_In_Ping$ord
00000004   SWI_ADC_In_Ping$pri
00027674   SWI_ADC_In_Ping$sts
00027a06   SWI_ADC_In_Ping$sts$avgfmt
00000002   SWI_ADC_In_Ping$sts$filter
00000001   SWI_ADC_In_Ping$sts$filtmaxmult
00000001   SWI_ADC_In_Ping$sts$filtsummult
000279f6   SWI_ADC_In_Ping$sts$maxfmt
00027670   SWI_ADC_In_Ping$sts$stsobj
000279fe   SWI_ADC_In_Ping$sts$sumfmt
00000000   SWI_ADC_In_Ping$sts$unittype
00000000   SWI_ADC_In_Ping$swi
000270d8   SWI_ADC_In_Pong
00000001   SWI_ADC_In_Pong$dorta
00000008   SWI_ADC_In_Pong$ord
00000004   SWI_ADC_In_Pong$pri
00027684   SWI_ADC_In_Pong$sts
00027a20   SWI_ADC_In_Pong$sts$avgfmt
00000002   SWI_ADC_In_Pong$sts$filter
00000001   SWI_ADC_In_Pong$sts$filtmaxmult
00000001   SWI_ADC_In_Pong$sts$filtsummult
00027a10   SWI_ADC_In_Pong$sts$maxfmt
00027680   SWI_ADC_In_Pong$sts$stsobj
00027a18   SWI_ADC_In_Pong$sts$sumfmt
00000000   SWI_ADC_In_Pong$sts$unittype
00000000   SWI_ADC_In_Pong$swi
00027054   SWI_ADC_Out_Ping
00000001   SWI_ADC_Out_Ping$dorta
00000005   SWI_ADC_Out_Ping$ord
00000004   SWI_ADC_Out_Ping$pri
00027654   SWI_ADC_Out_Ping$sts
000279d2   SWI_ADC_Out_Ping$sts$avgfmt
00000002   SWI_ADC_Out_Ping$sts$filter
00000001   SWI_ADC_Out_Ping$sts$filtmaxmult
00000001   SWI_ADC_Out_Ping$sts$filtsummult
000279c2   SWI_ADC_Out_Ping$sts$maxfmt
00027650   SWI_ADC_Out_Ping$sts$stsobj
000279ca   SWI_ADC_Out_Ping$sts$sumfmt
00000000   SWI_ADC_Out_Ping$sts$unittype
00000000   SWI_ADC_Out_Ping$swi
00027080   SWI_ADC_Out_Pong
00000001   SWI_ADC_Out_Pong$dorta
00000006   SWI_ADC_Out_Pong$ord
00000004   SWI_ADC_Out_Pong$pri
00027664   SWI_ADC_Out_Pong$sts
000279ec   SWI_ADC_Out_Pong$sts$avgfmt
00000002   SWI_ADC_Out_Pong$sts$filter
00000001   SWI_ADC_Out_Pong$sts$filtmaxmult
00000001   SWI_ADC_Out_Pong$sts$filtsummult
000279dc   SWI_ADC_Out_Pong$sts$maxfmt
00027660   SWI_ADC_Out_Pong$sts$stsobj
000279e4   SWI_ADC_Out_Pong$sts$sumfmt
00000000   SWI_ADC_Out_Pong$sts$unittype
00000000   SWI_ADC_Out_Pong$swi
00026fa4   SWI_A_TABBEG
000271b4   SWI_A_TABEND
0000000c   SWI_A_TABLEN
00026ffc   SWI_BSPLink_In_Ping
00000001   SWI_BSPLink_In_Ping$dorta
00000003   SWI_BSPLink_In_Ping$ord
00000008   SWI_BSPLink_In_Ping$pri
00027634   SWI_BSPLink_In_Ping$sts
0002799e   SWI_BSPLink_In_Ping$sts$avgfmt
00000002   SWI_BSPLink_In_Ping$sts$filter
00000001   SWI_BSPLink_In_Ping$sts$filtmaxmult
00000001   SWI_BSPLink_In_Ping$sts$filtsummult
0002798e   SWI_BSPLink_In_Ping$sts$maxfmt
00027630   SWI_BSPLink_In_Ping$sts$stsobj
00027996   SWI_BSPLink_In_Ping$sts$sumfmt
00000000   SWI_BSPLink_In_Ping$sts$unittype
00000000   SWI_BSPLink_In_Ping$swi
00027028   SWI_BSPLink_In_Pong
00000001   SWI_BSPLink_In_Pong$dorta
00000004   SWI_BSPLink_In_Pong$ord
00000007   SWI_BSPLink_In_Pong$pri
00027644   SWI_BSPLink_In_Pong$sts
000279b8   SWI_BSPLink_In_Pong$sts$avgfmt
00000002   SWI_BSPLink_In_Pong$sts$filter
00000001   SWI_BSPLink_In_Pong$sts$filtmaxmult
00000001   SWI_BSPLink_In_Pong$sts$filtsummult
000279a8   SWI_BSPLink_In_Pong$sts$maxfmt
00027640   SWI_BSPLink_In_Pong$sts$stsobj
000279b0   SWI_BSPLink_In_Pong$sts$sumfmt
00000000   SWI_BSPLink_In_Pong$sts$unittype
00000000   SWI_BSPLink_In_Pong$swi
00027104   SWI_BSPLink_Out_Ping
00000001   SWI_BSPLink_Out_Ping$dorta
00000009   SWI_BSPLink_Out_Ping$ord
00000004   SWI_BSPLink_Out_Ping$pri
00027694   SWI_BSPLink_Out_Ping$sts
00027a3a   SWI_BSPLink_Out_Ping$sts$avgfmt
00000002   SWI_BSPLink_Out_Ping$sts$filter
00000001   SWI_BSPLink_Out_Ping$sts$filtmaxmult
00000001   SWI_BSPLink_Out_Ping$sts$filtsummult
00027a2a   SWI_BSPLink_Out_Ping$sts$maxfmt
00027690   SWI_BSPLink_Out_Ping$sts$stsobj
00027a32   SWI_BSPLink_Out_Ping$sts$sumfmt
00000000   SWI_BSPLink_Out_Ping$sts$unittype
00000000   SWI_BSPLink_Out_Ping$swi
00027130   SWI_BSPLink_Out_Pong
00000001   SWI_BSPLink_Out_Pong$dorta
0000000a   SWI_BSPLink_Out_Pong$ord
00000004   SWI_BSPLink_Out_Pong$pri
000276a4   SWI_BSPLink_Out_Pong$sts
00027a54   SWI_BSPLink_Out_Pong$sts$avgfmt
00000002   SWI_BSPLink_Out_Pong$sts$filter
00000001   SWI_BSPLink_Out_Pong$sts$filtmaxmult
00000001   SWI_BSPLink_Out_Pong$sts$filtsummult
00027a44   SWI_BSPLink_Out_Pong$sts$maxfmt
000276a0   SWI_BSPLink_Out_Pong$sts$stsobj
00027a4c   SWI_BSPLink_Out_Pong$sts$sumfmt
00000000   SWI_BSPLink_Out_Pong$sts$unittype
00000000   SWI_BSPLink_Out_Pong$swi
00026d94   SWI_D_curfxn
00026d84   SWI_D_curmask
00026d90   SWI_D_curmbox
00026d88   SWI_D_curset
00026d80   SWI_D_execaddr
00026d9c   SWI_D_inswi
00026d8c   SWI_D_lock
00026d98   SWI_D_rdybeg
00026da0   SWI_D_rdytab
00026d7c   SWI_D_runaddr
0002715c   SWI_Decode_Buffer
00000001   SWI_Decode_Buffer$dorta
0000000b   SWI_Decode_Buffer$ord
00000005   SWI_Decode_Buffer$pri
000276b4   SWI_Decode_Buffer$sts
00027a6e   SWI_Decode_Buffer$sts$avgfmt
00000002   SWI_Decode_Buffer$sts$filter
00000001   SWI_Decode_Buffer$sts$filtmaxmult
00000001   SWI_Decode_Buffer$sts$filtsummult
00027a5e   SWI_Decode_Buffer$sts$maxfmt
000276b0   SWI_Decode_Buffer$sts$stsobj
00027a66   SWI_Decode_Buffer$sts$sumfmt
00000000   SWI_Decode_Buffer$sts$unittype
00000000   SWI_Decode_Buffer$swi
00000000   SWI_EHOOKFXN
0001b6fc   SWI_EXECFXN
00027188   SWI_Encode_Buffer
00000001   SWI_Encode_Buffer$dorta
0000000c   SWI_Encode_Buffer$ord
00000004   SWI_Encode_Buffer$pri
000276c4   SWI_Encode_Buffer$sts
00027a88   SWI_Encode_Buffer$sts$avgfmt
00000002   SWI_Encode_Buffer$sts$filter
00000001   SWI_Encode_Buffer$sts$filtmaxmult
00000001   SWI_Encode_Buffer$sts$filtsummult
00027a78   SWI_Encode_Buffer$sts$maxfmt
000276c0   SWI_Encode_Buffer$sts$stsobj
00027a80   SWI_Encode_Buffer$sts$sumfmt
00000000   SWI_Encode_Buffer$sts$unittype
00000000   SWI_Encode_Buffer$swi
0001b4e0   SWI_F_enable
0001b6fc   SWI_F_exec
0001b728   SWI_F_iexec
0001b550   SWI_F_post
0001b7b8   SWI_F_run
00000000   SWI_IHOOKFXN
0001b7b8   SWI_RUNFXN
00000001   SYS$
00027a20   SYS$config
0001ea40   SYS_ABORTFXN
0001eb40   SYS_ERRORFXN
0001eb60   SYS_EXITFXN
0001e900   SYS_PUTCFXN
00027a40   TRC_R_mask
00027a3c   TRC_cinit
00000001   TSK$
00027834   TSK_LEDTOGGLE
00000003   TSK_LEDTOGGLE$ord
00000002   TSK_LEDTOGGLE$pri
000263b0   TSK_LEDTOGGLE$stack
00026748   TSK_LEDTOGGLE$stkptr
000276e4   TSK_LEDTOGGLE$sts
00027abc   TSK_LEDTOGGLE$sts$avgfmt
00000002   TSK_LEDTOGGLE$sts$filter
00000001   TSK_LEDTOGGLE$sts$filtmaxmult
00000001   TSK_LEDTOGGLE$sts$filtsummult
00027aac   TSK_LEDTOGGLE$sts$maxfmt
000276e0   TSK_LEDTOGGLE$sts$stsobj
00027ab4   TSK_LEDTOGGLE$sts$sumfmt
00000000   TSK_LEDTOGGLE$sts$unittype
00000000   TSK_LEDTOGGLE$tsk
00000000   TSK_NUM_HOOKS
00000001   TSK_PRIORITY
00000000   TSK_READYFXN
00000000   TSK_STACKSEG
00000400   TSK_STACKSIZE
00000000   TSK_SWITCHFXN
0001eac0   TSK_VCREATEFXN
0001eac0   TSK_VDELETEFXN
0001eac0   TSK_VEXITFXN
000277d4   TSK_idle
00000001   TSK_idle$ord
00000000   TSK_idle$pri
000267b0   TSK_idle$stack
00026b48   TSK_idle$stkptr
000276d4   TSK_idle$sts
00027aa2   TSK_idle$sts$avgfmt
00000002   TSK_idle$sts$filter
00000001   TSK_idle$sts$filtmaxmult
00000001   TSK_idle$sts$filtsummult
00027a92   TSK_idle$sts$maxfmt
000276d0   TSK_idle$sts$stsobj
00027a9a   TSK_idle$sts$sumfmt
00000000   TSK_idle$sts$unittype
00000000   TSK_idle$tsk
00000000   UDEV$
00016ffc   _ADC_In_Ping
00017040   _ADC_In_Pong
00016fa4   _ADC_Out_Ping
00016fd0   _ADC_Out_Pong
00000200   _AIC_Buffer_in_ping
000009d0   _AIC_Buffer_in_pong
000011a0   _AIC_Buffer_out_ping
00001970   _AIC_Buffer_out_pong
00025a40   _BIOS_init
00025c64   _BIOS_start
000151f0   _BSPLinkBuffer_in_ping
0001563c   _BSPLinkBuffer_in_pong
00015a88   _BSPLinkBuffer_out_ping
00015ed4   _BSPLinkBuffer_out_pong
00017084   _BSPLink_In_Ping
000170d8   _BSPLink_In_Pong
0001712c   _BSPLink_Out_Ping
000171d8   _BSPLink_Out_Pong
00025888   _BSPLink_interface_config
0000dbba   _CLK_COUNTSPMS
00026f80   _CLK_DFLTMICROSECS
00026cf8   _CLK_D_countspms
00026cec   _CLK_D_dirty
00026f84   _CLK_D_microseconds
00026cf0   _CLK_D_prd
00026cf4   _CLK_D_tddr
0001d654   _CLK_F_itime
0000dbba   _CLK_PRD
01940000   _CLK_REGS
00000000   _CLK_TDDR
00000000   _CLK_TIMERNUM
00000001   _CLK_USETIMER
00026cdc   _CLK_htimeDiv
00026ce0   _CLK_htimeMult
00026f90   _CLK_htimePerLtime
0001d654   _CLK_itime
00026ce4   _CLK_ltimeDiv
00026ce8   _CLK_ltimeMult
0001e000   _CLK_measure
0001e960   _CLK_start
0001ea80   _CLK_stop
0001a760   _CSL6713_LIB_
000188c0   _Config_DSK6713_AIC23
00018d20   _DSK6713_LED_init
00018d60   _DSK6713_LED_off
00018dd0   _DSK6713_LED_on
00018e40   _DSK6713_LED_toggle
00018394   _DSK6713_getVersion
00017fcc   _DSK6713_init
000182e8   _DSK6713_rget
000182fc   _DSK6713_rset
00025a34   _DSK6713_version
00018310   _DSK6713_wait
00018368   _DSK6713_waitusec
00006790   _Debug_Buff
000057f0   _Debug_Buff_ping
00005fc0   _Debug_Buff_pong
00005020   _Decoding_Buffer
00026e58   _Decoding_Buffer_i
00016af8   _EDMA_ISR
00019280   _EDMA_allocTable
00019f40   _EDMA_config
0001a520   _EDMA_disableChannel
0001a580   _EDMA_enableChannel
00019c40   _EDMA_intAlloc
0001a780   _EDMA_intClear
0001a5e0   _EDMA_intEnable
0001a7a0   _EDMA_intTest
0001a6a0   _EDMA_link
00018400   _EDMA_open
0001a640   _EDMA_qdmaConfig
000198a0   _EDMA_reset
00005408   _Encoding_Buffer
00026e60   _Encoding_Buffer_i
0001eac0   _FXN_F_nop
0001e4a8   _FXN_F_run
0001e4f8   _FXN_F_zero
00000000   _GBL_CACHE
00026d54   _GBL_clkIn
0001dc80   _GBL_cslCacheInit
00026d58   _GBL_freq
0001eae0   _GBL_getVersion
00026d50   _GBL_procId
000195e8   _GBL_setPLLto225MHz
00027940   _HST_A_TABBEG
0002797c   _HST_A_TABEND
00005308   _HWI_CFGDISPATCHED
00026f40   _HWI_D_inhwi
00026f34   _HWI_D_spsave
0001ba20   _HWI_F_dispatch
0000000a   _HWI_INT10
0000000b   _HWI_INT11
0000000c   _HWI_INT12
0000000d   _HWI_INT13
0000000e   _HWI_INT14
0000000f   _HWI_INT15
00000004   _HWI_INT4
00000005   _HWI_INT5
00000006   _HWI_INT6
00000007   _HWI_INT7
00000008   _HWI_INT8
00000009   _HWI_INT9
00000001   _HWI_NMI
00000002   _HWI_RESERVED0
00000003   _HWI_RESERVED1
00000000   _HWI_RESET
00022b78   _HWI_STKBOTTOM
0001eb80   _HWI_STKTOP
00026f34   _HWI_data
0001e720   _HWI_disable
00026bb0   _HWI_dispatchTab
0001e738   _HWI_enable
0001e74c   _HWI_restore
000276f4   _IDL_busyObj
00027a00   _IDL_cpuLoad
0001eb00   _IDL_loop
ffffffff   _IRAM
0001a7c0   _IRQ_clear
0001a6e0   _IRQ_enable
0001a7e0   _IRQ_globalEnable
00018f00   _IRQ_map
00026ea0   _KNL_alarm
0001db40   _KNL_check
00026ec4   _KNL_curqueue
00026eb4   _KNL_curtask
00026ebc   _KNL_curtime
000256fc   _KNL_dummy
0001ddb4   _KNL_enter
0001dd60   _KNL_exit
0001dc18   _KNL_idle
00026edc   _KNL_idlefxn
00026ea8   _KNL_inactive
0001e0e0   _KNL_ipost
0001dc3c   _KNL_max
00026ec8   _KNL_maxqueue
0001e1a0   _KNL_post
00026eb8   _KNL_prevtask
00026eac   _KNL_priority
0002565c   _KNL_queues
0001c220   _KNL_run
0001d320   _KNL_saveIsrFrame
00026eb0   _KNL_set
00026ea4   _KNL_setpri
00026fd0   _KNL_swi
00026ec0   _KNL_swiptr
0001d3ec   _KNL_switch
00026ed0   _KNL_tcreatefxn
00026ed4   _KNL_tdeletefxn
0001cca0   _KNL_tick
00026ed8   _KNL_treadyfxn
00026ecc   _KNL_tswitchfxn
00026e98   _KNL_wFlag
00026e9c   _KNL_wList
0001e290   _LCK_pend
0001e260   _LCK_post
00027a04   _LNK_dataPump
00026f50   _LNK_dspFrameReadyMask
00026f4c   _LNK_dspFrameRequestMask
00026f58   _LNK_readDone
00026f5c   _LNK_readFail
00026f54   _LNK_readPend
00026f60   _LNK_writeFail
00024524   _LOG_A_TABBEG
0002453c   _LOG_A_TABEND
00000001   _LOG_A_TABLEN
00026cbc   _LOG_D_system
0001e5a0   _LOG_event
00024524   _LOG_system
0001a2a0   _MCBSP_close
0001a340   _MCBSP_config
0001a800   _MCBSP_getRcvAddr
0001a820   _MCBSP_getXmtAddr
00019d40   _MCBSP_open
00019420   _MCBSP_reset
00019e40   _MCBSP_start
0001a840   _MCBSP_write
0001a860   _MCBSP_xrdy
00026f9c   _MEM
00026d5c   _MEM_D_NUMSEGMENTS
00026d64   _MEM_D_freelist
00026d68   _MEM_D_lockaddr
00026d60   _MEM_D_memtab
00026d6c   _MEM_D_unlockaddr
00025d20   _MEM_init
00026f0c   _MEM_memtab
80008000   _MySinus
00025f40   _OBJ_init
000257c8   _OBJ_segtab
00025790   _OBJ_table
00027700   _PIP_A_TABBEG
000277c8   _PIP_A_TABEND
00026cfc   _PRD_D_tick
000279d0   _PRD_Sek
00025a38   _PRD_clock
00026fa4   _PRD_swi
00027a08   _RTA_dispatcher
00027944   _RTA_fromHost
00027960   _RTA_toHost
00025f60   _RTDX_Buffer
0002636c   _RTDX_Buffer_End
00025220   _RTDX_Buffer_Initialize
00025360   _RTDX_Buffer_Read
00025280   _RTDX_Buffer_ReadCB
000252e0   _RTDX_Buffer_Size
00026368   _RTDX_Buffer_Start
00025380   _RTDX_Buffer_Write
00024940   _RTDX_Buffer_WriteCB
00025320   _RTDX_Final_RT_Monitor
000251a0   _RTDX_Init_RT_Monitor
00000002   _RTDX_JTAGONLY
000253c0   _RTDX_Mask_IER
00024f80   _RTDX_Mon_Queue
00024540   _RTDX_Poll
00000000   _RTDX_interrupt_mask
0002637c   _RTDX_writing
00002140   _Ringbuffer_Audio_in
000038b0   _Ringbuffer_Audio_out
00026f18   _SDRAM
80000000   _SDRAM_base
00008000   _SDRAM_length
00027988   _SEM_LEDToggle
0001e7e0   _SEM_pend
0001e780   _SEM_pendBinary
0001c7a0   _SEM_pendEnterKnl
0001df20   _SEM_post
0001df20   _SEM_postBinary
0001de40   _SEM_postEnterKnl
00027600   _STS_A_TABBEG
00027700   _STS_A_TABEND
0001e658   _STS_add
0001e620   _STS_delta
0001e684   _STS_reset
0001eb20   _STS_set
000270ac   _SWI_ADC_In_Ping
000270d8   _SWI_ADC_In_Pong
00027054   _SWI_ADC_Out_Ping
00027080   _SWI_ADC_Out_Pong
00026ffc   _SWI_BSPLink_In_Ping
00027028   _SWI_BSPLink_In_Pong
00027104   _SWI_BSPLink_Out_Ping
00027130   _SWI_BSPLink_Out_Pong
00026d94   _SWI_D_curfxn
00026d84   _SWI_D_curmask
00026d88   _SWI_D_curset
00026d80   _SWI_D_execaddr
00026d9c   _SWI_D_inswi
00026d8c   _SWI_D_lock
00026d98   _SWI_D_rdybeg
00026d7c   _SWI_D_runaddr
0002715c   _SWI_Decode_Buffer
00027188   _SWI_Encode_Buffer
00017824   _SWI_LEDToggle
00026d7c   _SWI_data
0001e840   _SWI_disable
0001e868   _SWI_enable
0001b550   _SWI_post
00026d70   _SYS
000271b4   _SYS_PUTCBEG
000273b3   _SYS_PUTCEND
0001e8a0   _SYS_abort
0001e320   _SYS_exit
000259e0   _SYS_exitStack
00026f88   _SYS_exitStackPtr
00026f8c   _SYS_exitStackTop
000199e0   _TIMER_open
00019b20   _TIMER_reset
00027a40   _TRC_R_mask
00026f7c   _TSK
00025734   _TSK_ATTRS
00027834   _TSK_LEDTOGGLE
00025750   _TSK_config
0001d6a0   _TSK_exit
000277d4   _TSK_idle
00025ec0   _TSK_init
00026f74   _TSK_nTasks
00026f78   _TSK_pid
0001d120   _TSK_setup
0001da80   _TSK_startup
00025770   _TSK_timerSem
0001ea40   _UTL_doAbort
0001eb40   _UTL_doError
0001e900   _UTL_doPutc
0001eb60   _UTL_halt
0001d670   __CLK_lat1beg
0001d69c   __CLK_lat1end
00018b00   __CSL_init
0001b334   __GBL_setL2CacheMode
00026d78   __HOOK_NUMHOOKS
00026d74   __HOOK_knlId
0001ba20   __HWI_lat1beg
0001bba0   __HWI_lat1end
0001bba0   __HWI_lat2beg
0001bd40   __HWI_lat2end1
0001bccc   __HWI_lat2end2
0001bd60   __HWI_lat3beg
0001be60   __HWI_lat3end1
0001bcfc   __HWI_lat3end2
0001e520   __IDL_lat1beg
0001e570   __IDL_lat1end
00025654   __IRQ_dispatchTable
00025590   __IRQ_eventTable
0001a8e0   __IRQ_hookFetchPacket
0001a3e0   __IRQ_init
00025614   __IRQ_intTable
0001db90   __KNL_lat1beg
0001dc18   __KNL_lat1end
0001e5a0   __LOG_lat1beg
00025958   __MCBSP_hDev0
0002595c   __MCBSP_hDev1
00025860   __MEM_mutex
0001c598   __RTA_lat1beg
0001c5d0   __RTA_lat1end
0001cf00   __SEM_dopost
00022b80   __STACK_END
00004000   __STACK_SIZE
0001b68c   __SWI_lat1beg
0001b740   __SWI_lat1end
0001b744   __SWI_lat2beg
0001b7b4   __SWI_lat2end
0001b4e0   __SWI_lat3beg
0001b54c   __SWI_lat3end
000259bc   __TIMER_deviceTable
000259dc   __TIMER_hBios
000259d4   __TIMER_hDev0
000259d8   __TIMER_hDev1
00025838   __TSK_mutex
00025a24   ___TI_enable_exit_profile_output
ffffffff   ___TI_pprof_out_hndl
ffffffff   ___TI_prof_data_size
ffffffff   ___TI_prof_data_start
0001a720   ___add_dtor
000253e0   ___atexit_func_id__
ffffffff   ___binit__
00026bb0   ___bss__
ffffffff   ___c_args__
00022b80   ___cinit__
00000000   ___data__
00000000   ___edata__
00026fa4   ___end__
0001a900   ___etext__
00027a30   ___pinit__
00016320   ___text__
0001d840   __auto_init
00025a1c   __cleanup_ptr
00025a20   __dtors_ptr
00025a28   __lock
0001a880   __nop
0001a8a0   __register_lock
0001a8c0   __register_unlock
0001eb80   __stack
0001a020   __strasg
00025a2c   __unlock
0001a100   _atexit
00025e00   _c_int00
00019740   _call_dtors
00026e70   _configComplete
000258a8   _configEDMABSPLinkRcv
000258c0   _configEDMABSPLinkXmt
000258f8   _configEDMARcv
00025910   _configEDMAXmt
000164f0   _config_AIC23_EDMA
00017920   _config_BSPLink
000179ec   _config_BSPLink_EDMA
00016a64   _config_interrupts
00026e65   _dataDetected
000258d8   _datainterface_config
00026e18   _debug_buff_i
00017284   _decode_buffer
00026e5c   _decoding_buff_valid
00025a30   _dtors
00017310   _encode_buffer
00026e64   _encoding_buff_valid
000173a4   _framing_link_data
00026ee4   _hEdmaBSPLinkRcv
00026ee8   _hEdmaBSPLinkRcvRelPing
00026eec   _hEdmaBSPLinkRcvRelPong
00026ef0   _hEdmaBSPLinkXmt
00026ef4   _hEdmaBSPLinkXmtRelPing
00026ef8   _hEdmaBSPLinkXmtRelPong
00026e20   _hEdmaRcv
00026e24   _hEdmaRcvRelPing
00026e28   _hEdmaRcvRelPong
00026e2c   _hEdmaXmt
00026e30   _hEdmaXmtRelPing
00026e34   _hEdmaXmtRelPong
00026e1c   _hMcbsp_AIC23
00026fa0   _hMcbsp_AIC23_Config
00026ee0   _hMcbsp_Link
00016368   _main
00018680   _memcpy
000176ac   _read_buffer_audio_out
00026e48   _ringbuff_audio_in_read_i
00026e4c   _ringbuff_audio_in_write_i
00026e50   _ringbuff_audio_out_read_i
00026e54   _ringbuff_audio_out_write_i
00026f6c   _rtdxNullChanCnt
00026f70   _rtdxNullFuncCnt
00026370   _rtdx_buffer_state
00026390   _rtdx_mon_state
00026e68   _soundBuffer_i
00026e74   _t_reg
000257f8   _tccAllocTable
00026efc   _tccBSPLinkRcvPing
00026f00   _tccBSPLinkRcvPong
00026f04   _tccBSPLinkXmtPing
00026f08   _tccBSPLinkXmtPong
00026e38   _tccRcvPing
00026e3c   _tccRcvPong
00026e40   _tccXmtPing
00026e44   _tccXmtPong
00026e6c   _time_cnt
00017850   _tsk_led_toggle
000195c0   _wait500nS
00017764   _write_buffer_audio_in
000174f0   _write_decoding_buffer
ffffffff   binit
00022b80   cinit
00000000   edata
00026fa4   end
0001a900   etext
00000000   hwi0
00000020   hwi1
00000140   hwi10
00000160   hwi11
00000180   hwi12
000001a0   hwi13
000001c0   hwi14
000001e0   hwi15
00000040   hwi2
00000060   hwi3
00000080   hwi4
000000a0   hwi5
000000c0   hwi6
000000e0   hwi7
00000100   hwi8
00000120   hwi9
00027a30   pinit


GLOBAL SYMBOLS: SORTED BY Symbol Address 

address    name
--------   ----
00000000   .data
00000000   BUF$
00000000   CLK_COUNTSPMSHIGH
00000000   CLK_PRDHIGH
00000000   CLK_TDDR
00000000   CLK_TDDRHIGH
00000000   CLK_TIMERNUM
00000000   DEV$
00000000   DGN$
00000000   DHL$
00000000   DHL_gChannelsAvailable
00000000   DIO$
00000000   DIO_NUMSWIBASE
00000000   DIO_NUMTSKBASE
00000000   DIO_STATIC
00000000   DPI$
00000000   GBL_BIGENDIAN
00000000   GBL_C641XL2PRIORITY
00000000   GBL_CACHE
00000000   GBL_L2CONFIGALLOC
00000000   GBL_L2MARMASK1
00000000   GBL_L2MARMASK2
00000000   GBL_L2MARMASK3
00000000   GBL_L2MARMASK4
00000000   GBL_L2MARMASK5
00000000   GBL_L2MODE
00000000   GBL_L2PRIORITY
00000000   GBL_NULL
00000000   GBL_PROCID
00000000   GBL_ROM
00000000   GBL_SUPPORTCSL
00000000   GIO$
00000000   HOOK$
00000000   HOOK_KNLID
00000000   HST_DSM
00000000   HST_NONE
00000000   HWI_A_VECS
00000000   HWI_GENERATE_RESET_VEC
00000000   HWI_INT10$hwi
00000000   HWI_INT11$hwi
00000000   HWI_INT12$hwi
00000000   HWI_INT13$hwi
00000000   HWI_INT14$hwi
00000000   HWI_INT15$hwi
00000000   HWI_INT4$hwi
00000000   HWI_INT5$hwi
00000000   HWI_INT6$hwi
00000000   HWI_INT7$hwi
00000000   HWI_INT8$hwi
00000000   HWI_INT9$hwi
00000000   HWI_NMI$hwi
00000000   HWI_POLARITYMASK
00000000   HWI_RESERVED0$hwi
00000000   HWI_RESERVED1$hwi
00000000   HWI_RESET
00000000   HWI_RESET$hwi
00000000   IDL_busyObj$iB
00000000   IDL_busyObj$operation
00000000   KNL_swi$pri
00000000   KNL_swi$sts$unittype
00000000   KNL_swi$swi
00000000   LOG_system$datatype
00000000   LOG_system$log
00000000   MBX$
00000000   MEM_NULL
00000000   MEM_USEMPC
00000000   MSGQ$
00000000   MSGQ_USEMSGQ
00000000   OBJ$
00000000   PIP$
00000000   PIP_gNextId
00000000   POOL$
00000000   POOL_USEPOOL
00000000   PRD_Sek$mode
00000000   PRD_Sek$prd
00000000   PRD_Sek$sts$filter
00000000   PRD_swi$sts$unittype
00000000   PRD_swi$swi
00000000   RTA_fromHost$hst
00000000   RTA_fromHost$mode
00000000   RTA_toHost$hst
00000000   RTA_toHost$id
00000000   RTDX_MODE
00000000   RTDX_USERTEXECUTION
00000000   SIO$
00000000   SWI_ADC_In_Ping$sts$unittype
00000000   SWI_ADC_In_Ping$swi
00000000   SWI_ADC_In_Pong$sts$unittype
00000000   SWI_ADC_In_Pong$swi
00000000   SWI_ADC_Out_Ping$sts$unittype
00000000   SWI_ADC_Out_Ping$swi
00000000   SWI_ADC_Out_Pong$sts$unittype
00000000   SWI_ADC_Out_Pong$swi
00000000   SWI_BSPLink_In_Ping$sts$unittype
00000000   SWI_BSPLink_In_Ping$swi
00000000   SWI_BSPLink_In_Pong$sts$unittype
00000000   SWI_BSPLink_In_Pong$swi
00000000   SWI_BSPLink_Out_Ping$sts$unittype
00000000   SWI_BSPLink_Out_Ping$swi
00000000   SWI_BSPLink_Out_Pong$sts$unittype
00000000   SWI_BSPLink_Out_Pong$swi
00000000   SWI_Decode_Buffer$sts$unittype
00000000   SWI_Decode_Buffer$swi
00000000   SWI_EHOOKFXN
00000000   SWI_Encode_Buffer$sts$unittype
00000000   SWI_Encode_Buffer$swi
00000000   SWI_IHOOKFXN
00000000   TSK_LEDTOGGLE$sts$unittype
00000000   TSK_LEDTOGGLE$tsk
00000000   TSK_NUM_HOOKS
00000000   TSK_READYFXN
00000000   TSK_STACKSEG
00000000   TSK_SWITCHFXN
00000000   TSK_idle$pri
00000000   TSK_idle$sts$unittype
00000000   TSK_idle$tsk
00000000   UDEV$
00000000   _CLK_TDDR
00000000   _CLK_TIMERNUM
00000000   _GBL_CACHE
00000000   _HWI_RESET
00000000   _RTDX_interrupt_mask
00000000   ___data__
00000000   ___edata__
00000000   edata
00000000   hwi0
00000001   BUF_ENABLED
00000001   CLK$
00000001   CLK_CALDIV
00000001   CLK_HTIMEDIV
00000001   CLK_LTIMEDIV
00000001   CLK_USETIMER
00000001   GBL$
00000001   GBL_CALLCSLCFGINIT
00000001   GBL_ENABLEINST
00000001   GBL_L2CONFIGURE
00000001   GBL_L2MARMASK
00000001   GBL_USERINIT
00000001   GBL_boot
00000001   HST$
00000001   HST_RTDX
00000001   HWI$
00000001   HWI_NMI
00000001   HWI_ZEROTAB
00000001   IDL$
00000001   IDL_USECLKIDLTIME
00000001   IDL_busyObj$filter
00000001   IDL_busyObj$iA
00000001   IDL_busyObj$iC
00000001   ISRC$
00000001   KNL_swi$dorta
00000001   KNL_swi$sts$filtmaxmult
00000001   KNL_swi$sts$filtsummult
00000001   LCK$
00000001   LOG$
00000001   LOG_A_TABLEN
00000001   LOG_ENABLED
00000001   MEM$
00000001   MEM_gNumHeap
00000001   PRD$
00000001   PRD_A_TABLEN
00000001   PRD_Sek$ord
00000001   PRD_swi$dorta
00000001   PRD_swi$ord
00000001   PRD_swi$pri
00000001   PRD_swi$sts$filtmaxmult
00000001   PRD_swi$sts$filtsummult
00000001   QUE$
00000001   RTA_fromHost$id
00000001   RTA_toHost$mode
00000001   RTDX$
00000001   RTDX_NORMALIZED_HDR
00000001   RTDX_USERTDX
00000001   SEM$
00000001   STS$
00000001   SWI$
00000001   SWI_ADC_In_Ping$dorta
00000001   SWI_ADC_In_Ping$sts$filtmaxmult
00000001   SWI_ADC_In_Ping$sts$filtsummult
00000001   SWI_ADC_In_Pong$dorta
00000001   SWI_ADC_In_Pong$sts$filtmaxmult
00000001   SWI_ADC_In_Pong$sts$filtsummult
00000001   SWI_ADC_Out_Ping$dorta
00000001   SWI_ADC_Out_Ping$sts$filtmaxmult
00000001   SWI_ADC_Out_Ping$sts$filtsummult
00000001   SWI_ADC_Out_Pong$dorta
00000001   SWI_ADC_Out_Pong$sts$filtmaxmult
00000001   SWI_ADC_Out_Pong$sts$filtsummult
00000001   SWI_BSPLink_In_Ping$dorta
00000001   SWI_BSPLink_In_Ping$sts$filtmaxmult
00000001   SWI_BSPLink_In_Ping$sts$filtsummult
00000001   SWI_BSPLink_In_Pong$dorta
00000001   SWI_BSPLink_In_Pong$sts$filtmaxmult
00000001   SWI_BSPLink_In_Pong$sts$filtsummult
00000001   SWI_BSPLink_Out_Ping$dorta
00000001   SWI_BSPLink_Out_Ping$sts$filtmaxmult
00000001   SWI_BSPLink_Out_Ping$sts$filtsummult
00000001   SWI_BSPLink_Out_Pong$dorta
00000001   SWI_BSPLink_Out_Pong$sts$filtmaxmult
00000001   SWI_BSPLink_Out_Pong$sts$filtsummult
00000001   SWI_Decode_Buffer$dorta
00000001   SWI_Decode_Buffer$sts$filtmaxmult
00000001   SWI_Decode_Buffer$sts$filtsummult
00000001   SWI_Encode_Buffer$dorta
00000001   SWI_Encode_Buffer$sts$filtmaxmult
00000001   SWI_Encode_Buffer$sts$filtsummult
00000001   SYS$
00000001   TSK$
00000001   TSK_LEDTOGGLE$sts$filtmaxmult
00000001   TSK_LEDTOGGLE$sts$filtsummult
00000001   TSK_PRIORITY
00000001   TSK_idle$ord
00000001   TSK_idle$sts$filtmaxmult
00000001   TSK_idle$sts$filtsummult
00000001   _CLK_USETIMER
00000001   _HWI_NMI
00000001   _LOG_A_TABLEN
00000002   HWI_RESERVED0
00000002   IDL_busyObj$unittype
00000002   KNL_swi$ord
00000002   KNL_swi$sts$filter
00000002   PIP_A_TABLEN
00000002   PIP_gNumEmbed
00000002   PRD_Sek$sts$unittype
00000002   PRD_swi$sts$filter
00000002   SWI_ADC_In_Ping$sts$filter
00000002   SWI_ADC_In_Pong$sts$filter
00000002   SWI_ADC_Out_Ping$sts$filter
00000002   SWI_ADC_Out_Pong$sts$filter
00000002   SWI_BSPLink_In_Ping$sts$filter
00000002   SWI_BSPLink_In_Pong$sts$filter
00000002   SWI_BSPLink_Out_Ping$sts$filter
00000002   SWI_BSPLink_Out_Pong$sts$filter
00000002   SWI_Decode_Buffer$sts$filter
00000002   SWI_Encode_Buffer$sts$filter
00000002   TSK_LEDTOGGLE$pri
00000002   TSK_LEDTOGGLE$sts$filter
00000002   TSK_idle$sts$filter
00000002   _HWI_RESERVED0
00000002   _RTDX_JTAGONLY
00000003   HWI_RESERVED1
00000003   SWI_BSPLink_In_Ping$ord
00000003   TSK_LEDTOGGLE$ord
00000003   _HWI_RESERVED1
00000004   CLK_CALMULT
00000004   CLK_HTIMEMULT
00000004   HWI_INT4
00000004   RTA_fromHost$framesize
00000004   SWI_ADC_In_Ping$pri
00000004   SWI_ADC_In_Pong$pri
00000004   SWI_ADC_Out_Ping$pri
00000004   SWI_ADC_Out_Pong$pri
00000004   SWI_BSPLink_In_Pong$ord
00000004   SWI_BSPLink_Out_Ping$pri
00000004   SWI_BSPLink_Out_Pong$pri
00000004   SWI_Encode_Buffer$pri
00000004   _HWI_INT4
00000005   HWI_INT5
00000005   SWI_ADC_Out_Ping$ord
00000005   SWI_Decode_Buffer$pri
00000005   _HWI_INT5
00000006   HWI_INT6
00000006   IDL_CALIBRERROR
00000006   SWI_ADC_Out_Pong$ord
00000006   _HWI_INT6
00000007   HWI_INT7
00000007   SWI_ADC_In_Ping$ord
00000007   SWI_BSPLink_In_Pong$pri
00000007   _HWI_INT7
00000008   HWI_INT8
00000008   PRD_SCALAR
00000008   SWI_ADC_In_Pong$ord
00000008   SWI_BSPLink_In_Ping$pri
00000008   _HWI_INT8
00000009   HWI_INT9
00000009   SWI_BSPLink_Out_Ping$ord
00000009   _HWI_INT9
0000000a   HWI_INT10
0000000a   SWI_BSPLink_Out_Pong$ord
0000000a   _HWI_INT10
0000000b   HWI_INT11
0000000b   SWI_Decode_Buffer$ord
0000000b   _HWI_INT11
0000000c   HWI_INT12
0000000c   SWI_A_TABLEN
0000000c   SWI_Encode_Buffer$ord
0000000c   _HWI_INT12
0000000d   HWI_INT13
0000000d   _HWI_INT13
0000000e   HWI_INT14
0000000e   _HWI_INT14
0000000f   HWI_INT15
0000000f   _HWI_INT15
00000020   CLK_TCR
00000020   hwi1
0000003e   GBL_DSPTYPE
00000040   HST_MAXFRAMESET
00000040   LOG_system$size
00000040   RTA_toHost$framesize
00000040   hwi2
00000042   GBL_FOOTPRINT
00000060   hwi3
00000064   PIP_OBJSIZE
00000080   hwi4
000000a0   hwi5
000000c0   hwi6
000000e0   hwi7
000000ff   HST_MAXFRAMEALLOWED
00000100   hwi8
00000120   hwi9
00000140   hwi10
00000160   hwi11
00000180   hwi12
000001a0   hwi13
000001c0   hwi14
000001e0   hwi15
00000200   _AIC_Buffer_in_ping
000003e8   CLK_MICROSECS
000003e8   PRD_Sek$period
00000400   HST_DSMMEMSIZE
00000400   TSK_STACKSIZE
00000408   RTDX_BUFMEMSIZE
000009d0   _AIC_Buffer_in_pong
000011a0   _AIC_Buffer_out_ping
00001770   GBL_CLKTYPE
00001970   _AIC_Buffer_out_pong
00001a39   GBL_DSPSUBTYPE
00002140   _Ringbuffer_Audio_in
00002226   GBL_L2ALLOC
000038b0   _Ringbuffer_Audio_out
00004000   CLK_INTBIT
00004000   __STACK_SIZE
00004e20   GBL_CLKIN
00005020   _Decoding_Buffer
00005205   GBL_A_VERSION
00005308   HWI_CFGDISPATCHED
00005308   _HWI_CFGDISPATCHED
00005408   _Encoding_Buffer
000057f0   _Debug_Buff_ping
00005fc0   _Debug_Buff_pong
00006790   _Debug_Buff
00008000   SDRAM$L
00008000   _SDRAM_length
0000dbba   CLK_COUNTSPMS
0000dbba   CLK_HTIMEPERLTIME
0000dbba   CLK_PRD
0000dbba   _CLK_COUNTSPMS
0000dbba   _CLK_PRD
0000dbef   GBL_TRCMASKVALUE
000151f0   _BSPLinkBuffer_in_ping
0001563c   _BSPLinkBuffer_in_pong
00015a88   _BSPLinkBuffer_out_ping
00015ed4   _BSPLinkBuffer_out_pong
00016320   .text
00016320   ___text__
00016368   _main
000164f0   _config_AIC23_EDMA
00016a64   _config_interrupts
00016af8   _EDMA_ISR
00016fa4   _ADC_Out_Ping
00016fd0   _ADC_Out_Pong
00016ffc   _ADC_In_Ping
00017040   _ADC_In_Pong
00017084   _BSPLink_In_Ping
000170d8   _BSPLink_In_Pong
0001712c   _BSPLink_Out_Ping
000171d8   _BSPLink_Out_Pong
00017284   _decode_buffer
00017310   _encode_buffer
000173a4   _framing_link_data
000174f0   _write_decoding_buffer
000176ac   _read_buffer_audio_out
00017764   _write_buffer_audio_in
00017824   _SWI_LEDToggle
00017850   _tsk_led_toggle
00017920   _config_BSPLink
000179ec   _config_BSPLink_EDMA
00017fcc   _DSK6713_init
000182e8   _DSK6713_rget
000182fc   _DSK6713_rset
00018310   _DSK6713_wait
00018368   _DSK6713_waitusec
00018394   _DSK6713_getVersion
00018400   _EDMA_open
00018680   _memcpy
000188c0   _Config_DSK6713_AIC23
00018b00   __CSL_init
00018d20   _DSK6713_LED_init
00018d60   _DSK6713_LED_off
00018dd0   _DSK6713_LED_on
00018e40   _DSK6713_LED_toggle
00018f00   _IRQ_map
00019280   _EDMA_allocTable
00019420   _MCBSP_reset
000195c0   _wait500nS
000195e8   GBL_USERINITFXN
000195e8   _GBL_setPLLto225MHz
00019740   _call_dtors
000198a0   _EDMA_reset
000199e0   _TIMER_open
00019b20   _TIMER_reset
00019c40   _EDMA_intAlloc
00019d40   _MCBSP_open
00019e40   _MCBSP_start
00019f40   _EDMA_config
0001a020   __strasg
0001a100   _atexit
0001a2a0   _MCBSP_close
0001a340   _MCBSP_config
0001a3e0   __IRQ_init
0001a520   _EDMA_disableChannel
0001a580   _EDMA_enableChannel
0001a5e0   _EDMA_intEnable
0001a640   _EDMA_qdmaConfig
0001a6a0   _EDMA_link
0001a6e0   _IRQ_enable
0001a720   ___add_dtor
0001a760   _CSL6713_LIB_
0001a780   _EDMA_intClear
0001a7a0   _EDMA_intTest
0001a7c0   _IRQ_clear
0001a7e0   _IRQ_globalEnable
0001a800   _MCBSP_getRcvAddr
0001a820   _MCBSP_getXmtAddr
0001a840   _MCBSP_write
0001a860   _MCBSP_xrdy
0001a880   __nop
0001a8a0   __register_lock
0001a8c0   __register_unlock
0001a8e0   __IRQ_hookFetchPacket
0001a900   LNK_F_checkBufferCall
0001a900   ___etext__
0001a900   etext
0001a920   LNK_F_getChanPtr
0001a978   LNK_F_init
0001a980   LNK_F_dataPump
0001a994   LNK_rcloop
0001aa60   LNK_rdrtry
0001aa70   LNK_rrloop
0001ab34   LNK_wrrtry
0001ab44   LNK_wrloop
0001ac20   LNK_newin
0001ad60   LNK_newout
0001aec4   LNK_F_readCallBack
0001b334   __GBL_setL2CacheMode
0001b4e0   SWI_F_enable
0001b4e0   __SWI_lat3beg
0001b54c   __SWI_lat3end
0001b550   SWI_F_post
0001b550   _SWI_post
0001b68c   __SWI_lat1beg
0001b6fc   SWI_EXECFXN
0001b6fc   SWI_F_exec
0001b728   SWI_F_iexec
0001b740   __SWI_lat1end
0001b744   __SWI_lat2beg
0001b7b4   __SWI_lat2end
0001b7b8   SWI_F_run
0001b7b8   SWI_RUNFXN
0001ba20   CLK_HOOKFXN
0001ba20   HWI_F_dispatch
0001ba20   _HWI_F_dispatch
0001ba20   __HWI_lat1beg
0001bba0   __HWI_lat1end
0001bba0   __HWI_lat2beg
0001bccc   __HWI_lat2end2
0001bcfc   __HWI_lat3end2
0001bd40   __HWI_lat2end1
0001bd60   __HWI_lat3beg
0001be60   __HWI_lat3end1
0001be80   PRD_F_swi
0001c140   PRD_F_tick
0001c220   _KNL_run
0001c4e0   RTA_F_getlog
0001c524   RTA_F_getsts
0001c56c   RTA_F_readblk
0001c58c   RTA_F_writeword
0001c598   RTA_F_resetmem
0001c598   __RTA_lat1beg
0001c5d0   __RTA_lat1end
0001c5d8   RTA_F_dispatch
0001c628   RTA_execute
0001c7a0   _SEM_pendEnterKnl
0001cca0   PRD_THOOKFXN
0001cca0   _KNL_tick
0001ccc0   PIP_F_take
0001cd54   PIP_F_give
0001cd54   PIP_F_probe
0001ce28   PIP_F_start
0001cf00   __SEM_dopost
0001d120   _TSK_setup
0001d320   _KNL_saveIsrFrame
0001d3ec   _KNL_switch
0001d4a0   KNL_glue
0001d4e0   CLK_F_getltime
0001d4f4   CLK_F_isr
0001d654   CLK_F_itime
0001d654   _CLK_F_itime
0001d654   _CLK_itime
0001d670   __CLK_lat1beg
0001d69c   __CLK_lat1end
0001d6a0   _TSK_exit
0001d840   __auto_init
0001da80   _TSK_startup
0001db40   _KNL_check
0001db90   __KNL_lat1beg
0001dc18   _KNL_idle
0001dc18   __KNL_lat1end
0001dc3c   _KNL_max
0001dc80   _GBL_cslCacheInit
0001dd60   _KNL_exit
0001ddb4   _KNL_enter
0001de40   _SEM_postEnterKnl
0001df20   _SEM_post
0001df20   _SEM_postBinary
0001e000   _CLK_measure
0001e0e0   _KNL_ipost
0001e1a0   _KNL_post
0001e260   _LCK_post
0001e290   _LCK_pend
0001e320   _SYS_exit
0001e3e0   CLK_F_getfhtime
0001e400   CLK_F_gethtime
0001e400   CLK_F_getshtime
0001e400   CLK_TIMEFXN
0001e4a0   FXN_F_nop
0001e4a8   FXN_F_run
0001e4a8   _FXN_F_run
0001e4f8   FXN_F_zero
0001e4f8   _FXN_F_zero
0001e520   IDL_F_busy
0001e520   __IDL_lat1beg
0001e570   __IDL_lat1end
0001e5a0   LOG_F_event
0001e5a0   _LOG_event
0001e5a0   __LOG_lat1beg
0001e620   STS_F_delta
0001e620   _STS_delta
0001e658   STS_F_add
0001e658   _STS_add
0001e684   STS_F_reset
0001e684   _STS_reset
0001e6a0   IDL_F_calibrate
0001e720   _HWI_disable
0001e738   _HWI_enable
0001e74c   _HWI_restore
0001e780   _SEM_pendBinary
0001e7e0   _SEM_pend
0001e840   _SWI_disable
0001e868   _SWI_enable
0001e8a0   _SYS_abort
0001e900   SYS_PUTCFXN
0001e900   _UTL_doPutc
0001e960   _CLK_start
0001e9c0   IDL_CALIBRFXN
0001e9c0   IDL_F_stub
0001ea00   RTA_F_andn
0001ea20   RTA_F_or
0001ea40   SYS_ABORTFXN
0001ea40   _UTL_doAbort
0001ea80   _CLK_stop
0001eac0   GIO_CREATEFXN
0001eac0   GIO_DELETEFXN
0001eac0   GIO_PENDFXN
0001eac0   GIO_POSTFXN
0001eac0   TSK_VCREATEFXN
0001eac0   TSK_VDELETEFXN
0001eac0   TSK_VEXITFXN
0001eac0   _FXN_F_nop
0001eae0   _GBL_getVersion
0001eb00   IDL_F_loop
0001eb00   _IDL_loop
0001eb20   _STS_set
0001eb40   SYS_ERRORFXN
0001eb40   _UTL_doError
0001eb60   SYS_EXITFXN
0001eb60   _UTL_halt
0001eb80   GBL_stackbeg
0001eb80   _HWI_STKTOP
0001eb80   __stack
00022b78   _HWI_STKBOTTOM
00022b7f   GBL_stackend
00022b80   __STACK_END
00022b80   ___cinit__
00022b80   cinit
00024524   LOG_A_TABBEG
00024524   LOG_system
00024524   _LOG_A_TABBEG
00024524   _LOG_system
0002453c   LOG_A_TABEND
0002453c   _LOG_A_TABEND
00024540   _RTDX_Poll
00024940   _RTDX_Buffer_WriteCB
00024f80   _RTDX_Mon_Queue
000251a0   _RTDX_Init_RT_Monitor
00025220   _RTDX_Buffer_Initialize
00025280   _RTDX_Buffer_ReadCB
000252e0   _RTDX_Buffer_Size
00025320   _RTDX_Final_RT_Monitor
00025360   _RTDX_Buffer_Read
00025380   _RTDX_Buffer_Write
000253c0   _RTDX_Mask_IER
000253e0   ___atexit_func_id__
00025590   __IRQ_eventTable
00025614   __IRQ_intTable
00025654   __IRQ_dispatchTable
0002565c   _KNL_queues
000256fc   _KNL_dummy
00025734   _TSK_ATTRS
00025750   _TSK_config
00025770   _TSK_timerSem
00025790   _OBJ_table
000257c8   _OBJ_segtab
000257f8   _tccAllocTable
00025838   __TSK_mutex
00025860   __MEM_mutex
00025888   _BSPLink_interface_config
000258a8   _configEDMABSPLinkRcv
000258c0   _configEDMABSPLinkXmt
000258d8   _datainterface_config
000258f8   _configEDMARcv
00025910   _configEDMAXmt
00025958   __MCBSP_hDev0
0002595c   __MCBSP_hDev1
000259bc   __TIMER_deviceTable
000259d4   __TIMER_hDev0
000259d8   __TIMER_hDev1
000259dc   __TIMER_hBios
000259e0   _SYS_exitStack
00025a1c   __cleanup_ptr
00025a20   __dtors_ptr
00025a24   ___TI_enable_exit_profile_output
00025a28   __lock
00025a2c   __unlock
00025a30   _dtors
00025a34   _DSK6713_version
00025a38   CLK_A_TABBEG
00025a38   PRD_clock
00025a38   _PRD_clock
00025a3c   CLK_null
00025a40   BIOS_init
00025a40   _BIOS_init
00025bbc   BIOS$$CLKON
00025bfc   BIOS$$CLKOFF
00025c64   BIOS_start
00025c64   _BIOS_start
00025d20   _MEM_init
00025e00   _c_int00
00025ec0   _TSK_init
00025f40   _OBJ_init
00025f60   _RTDX_Buffer
00026368   _RTDX_Buffer_Start
0002636c   _RTDX_Buffer_End
00026370   _rtdx_buffer_state
0002637c   _RTDX_writing
00026390   _rtdx_mon_state
000263b0   TSK_LEDTOGGLE$stack
00026748   TSK_LEDTOGGLE$stkptr
000267b0   TSK_idle$stack
00026b48   TSK_idle$stkptr
00026bb0   $bss
00026bb0   .bss
00026bb0   _HWI_dispatchTab
00026bb0   ___bss__
00026cb0   IDL_D_tabbeg
00026cb4   IDL_D_calibrate
00026cb8   IDL_D_calbeg
00026cbc   LOG_D_system
00026cbc   _LOG_D_system
00026cc0   PIP_D_tabbeg
00026cc4   PIP_D_tablen
00026cc8   CLK_R_time
00026ccc   CLK_D_timefxn
00026cd0   CLK_D_tabbeg
00026cd4   CLK_D_isrhook
00026cd8   CLK_D_idletime
00026cdc   _CLK_htimeDiv
00026ce0   _CLK_htimeMult
00026ce4   _CLK_ltimeDiv
00026ce8   _CLK_ltimeMult
00026cec   _CLK_D_dirty
00026cf0   _CLK_D_prd
00026cf4   _CLK_D_tddr
00026cf8   _CLK_D_countspms
00026cfc   PRD_D_tick
00026cfc   _PRD_D_tick
00026d00   PRD_D_cur
00026d04   PRD_D_elapsed
00026d08   PRD_D_prevtim
00026d0c   PRD_D_scalar
00026d10   PRD_D_swihandle
00026d14   PRD_D_tabbeg
00026d18   PRD_D_tablen
00026d1c   PRD_D_thook
00026d20   RTA_D_fromHost
00026d24   RTA_D_toHost
00026d28   RTA_D_logval
00026d38   RTA_D_stsval
00026d44   HST_D_chanmask
00026d48   HST_D_tabbeg
00026d4c   HST_D_tabend
00026d50   _GBL_procId
00026d54   _GBL_clkIn
00026d58   _GBL_freq
00026d5c   _MEM_D_NUMSEGMENTS
00026d60   _MEM_D_memtab
00026d64   _MEM_D_freelist
00026d68   _MEM_D_lockaddr
00026d6c   _MEM_D_unlockaddr
00026d70   _SYS
00026d74   __HOOK_knlId
00026d78   __HOOK_NUMHOOKS
00026d7c   SWI_D_runaddr
00026d7c   _SWI_D_runaddr
00026d7c   _SWI_data
00026d80   SWI_D_execaddr
00026d80   _SWI_D_execaddr
00026d84   SWI_D_curmask
00026d84   _SWI_D_curmask
00026d88   SWI_D_curset
00026d88   _SWI_D_curset
00026d8c   SWI_D_lock
00026d8c   _SWI_D_lock
00026d90   SWI_D_curmbox
00026d94   SWI_D_curfxn
00026d94   _SWI_D_curfxn
00026d98   SWI_D_rdybeg
00026d98   _SWI_D_rdybeg
00026d9c   SWI_D_inswi
00026d9c   _SWI_D_inswi
00026da0   SWI_D_rdytab
00026e18   _debug_buff_i
00026e1c   _hMcbsp_AIC23
00026e20   _hEdmaRcv
00026e24   _hEdmaRcvRelPing
00026e28   _hEdmaRcvRelPong
00026e2c   _hEdmaXmt
00026e30   _hEdmaXmtRelPing
00026e34   _hEdmaXmtRelPong
00026e38   _tccRcvPing
00026e3c   _tccRcvPong
00026e40   _tccXmtPing
00026e44   _tccXmtPong
00026e48   _ringbuff_audio_in_read_i
00026e4c   _ringbuff_audio_in_write_i
00026e50   _ringbuff_audio_out_read_i
00026e54   _ringbuff_audio_out_write_i
00026e58   _Decoding_Buffer_i
00026e5c   _decoding_buff_valid
00026e60   _Encoding_Buffer_i
00026e64   _encoding_buff_valid
00026e65   _dataDetected
00026e68   _soundBuffer_i
00026e6c   _time_cnt
00026e70   _configComplete
00026e74   _t_reg
00026e98   _KNL_wFlag
00026e9c   _KNL_wList
00026ea0   _KNL_alarm
00026ea4   _KNL_setpri
00026ea8   _KNL_inactive
00026eac   _KNL_priority
00026eb0   _KNL_set
00026eb4   _KNL_curtask
00026eb8   _KNL_prevtask
00026ebc   _KNL_curtime
00026ec0   _KNL_swiptr
00026ec4   _KNL_curqueue
00026ec8   _KNL_maxqueue
00026ecc   _KNL_tswitchfxn
00026ed0   _KNL_tcreatefxn
00026ed4   _KNL_tdeletefxn
00026ed8   _KNL_treadyfxn
00026edc   _KNL_idlefxn
00026ee0   _hMcbsp_Link
00026ee4   _hEdmaBSPLinkRcv
00026ee8   _hEdmaBSPLinkRcvRelPing
00026eec   _hEdmaBSPLinkRcvRelPong
00026ef0   _hEdmaBSPLinkXmt
00026ef4   _hEdmaBSPLinkXmtRelPing
00026ef8   _hEdmaBSPLinkXmtRelPong
00026efc   _tccBSPLinkRcvPing
00026f00   _tccBSPLinkRcvPong
00026f04   _tccBSPLinkXmtPing
00026f08   _tccBSPLinkXmtPong
00026f0c   _MEM_memtab
00026f18   MEM_MALLOCSEG
00026f18   MEM_SEGZERO
00026f18   SDRAM
00026f18   _SDRAM
00026f1c   RTA_fromHost$pipe$dtab
00026f28   RTA_toHost$pipe$dtab
00026f34   HWI_D_spsave
00026f34   _HWI_D_spsave
00026f34   _HWI_data
00026f40   _HWI_D_inhwi
00026f44   HWI_D_bss
00026f48   HWI_D_ccmask
00026f4c   LNK_dspFrameRequestMask
00026f4c   _LNK_dspFrameRequestMask
00026f50   LNK_dspFrameReadyMask
00026f50   _LNK_dspFrameReadyMask
00026f54   LNK_readPend
00026f54   _LNK_readPend
00026f58   LNK_readDone
00026f58   _LNK_readDone
00026f5c   LNK_readFail
00026f5c   _LNK_readFail
00026f60   LNK_writeFail
00026f60   _LNK_writeFail
00026f6c   _rtdxNullChanCnt
00026f70   _rtdxNullFuncCnt
00026f74   _TSK_nTasks
00026f78   _TSK_pid
00026f7c   _TSK
00026f80   _CLK_DFLTMICROSECS
00026f84   _CLK_D_microseconds
00026f88   _SYS_exitStackPtr
00026f8c   _SYS_exitStackTop
00026f90   _CLK_htimePerLtime
00026f98   IDL_D_busyObj
00026f9c   _MEM
00026fa0   _hMcbsp_AIC23_Config
00026fa4   PRD_SWIHANDLE
00026fa4   PRD_swi
00026fa4   SWI_A_TABBEG
00026fa4   _PRD_swi
00026fa4   ___end__
00026fa4   end
00026fd0   KNL_swi
00026fd0   _KNL_swi
00026ffc   SWI_BSPLink_In_Ping
00026ffc   _SWI_BSPLink_In_Ping
00027028   SWI_BSPLink_In_Pong
00027028   _SWI_BSPLink_In_Pong
00027054   SWI_ADC_Out_Ping
00027054   _SWI_ADC_Out_Ping
00027080   SWI_ADC_Out_Pong
00027080   _SWI_ADC_Out_Pong
000270ac   SWI_ADC_In_Ping
000270ac   _SWI_ADC_In_Ping
000270d8   SWI_ADC_In_Pong
000270d8   _SWI_ADC_In_Pong
00027104   SWI_BSPLink_Out_Ping
00027104   _SWI_BSPLink_Out_Ping
00027130   SWI_BSPLink_Out_Pong
00027130   _SWI_BSPLink_Out_Pong
0002715c   SWI_Decode_Buffer
0002715c   _SWI_Decode_Buffer
00027188   SWI_Encode_Buffer
00027188   _SWI_Encode_Buffer
000271b4   SWI_A_TABEND
000271b4   _SYS_PUTCBEG
000273b3   _SYS_PUTCEND
00027400   LOG_system$buf
00027500   RTA_toHost$buf
00027600   PRD_Sek$sts$stsobj
00027600   STS_A_TABBEG
00027600   _STS_A_TABBEG
00027604   PRD_Sek$sts
00027610   PRD_swi$sts$stsobj
00027614   PRD_swi$sts
00027620   KNL_swi$sts$stsobj
00027624   KNL_swi$sts
00027630   SWI_BSPLink_In_Ping$sts$stsobj
00027634   SWI_BSPLink_In_Ping$sts
00027640   SWI_BSPLink_In_Pong$sts$stsobj
00027644   SWI_BSPLink_In_Pong$sts
00027650   SWI_ADC_Out_Ping$sts$stsobj
00027654   SWI_ADC_Out_Ping$sts
00027660   SWI_ADC_Out_Pong$sts$stsobj
00027664   SWI_ADC_Out_Pong$sts
00027670   SWI_ADC_In_Ping$sts$stsobj
00027674   SWI_ADC_In_Ping$sts
00027680   SWI_ADC_In_Pong$sts$stsobj
00027684   SWI_ADC_In_Pong$sts
00027690   SWI_BSPLink_Out_Ping$sts$stsobj
00027694   SWI_BSPLink_Out_Ping$sts
000276a0   SWI_BSPLink_Out_Pong$sts$stsobj
000276a4   SWI_BSPLink_Out_Pong$sts
000276b0   SWI_Decode_Buffer$sts$stsobj
000276b4   SWI_Decode_Buffer$sts
000276c0   SWI_Encode_Buffer$sts$stsobj
000276c4   SWI_Encode_Buffer$sts
000276d0   TSK_idle$sts$stsobj
000276d4   TSK_idle$sts
000276e0   TSK_LEDTOGGLE$sts$stsobj
000276e4   TSK_LEDTOGGLE$sts
000276f0   IDL_busyObj$stsobj
000276f4   IDL_busyObj
000276f4   _IDL_busyObj
00027700   PIP_A_TABBEG
00027700   RTA_fromHost$pipe
00027700   STS_A_TABEND
00027700   _PIP_A_TABBEG
00027700   _STS_A_TABEND
00027704   RTA_fromHost$pipe$rd
00027730   RTA_fromHost$pipe$aaa
00027734   RTA_fromHost$pipe$wr
00027760   RTA_fromHost$pipe$bbb
00027764   RTA_toHost$pipe
00027768   RTA_toHost$pipe$rd
00027794   RTA_toHost$pipe$aaa
00027798   RTA_toHost$pipe$wr
000277c4   RTA_toHost$pipe$bbb
000277c8   PIP_A_TABEND
000277c8   _PIP_A_TABEND
000277d4   TSK_idle
000277d4   _TSK_idle
00027834   TSK_LEDTOGGLE
00027834   _TSK_LEDTOGGLE
0002793d   PRD_Sek$sts$maxfmt
00027940   HST_A_TABBEG
00027940   _HST_A_TABBEG
00027944   RTA_fromHost
00027944   _RTA_fromHost
00027946   PRD_Sek$sts$sumfmt
0002794c   RTA_fromHost$rtdx
0002794f   PRD_Sek$sts$avgfmt
0002795a   PRD_swi$sts$maxfmt
00027960   RTA_toHost
00027960   _RTA_toHost
00027962   PRD_swi$sts$sumfmt
00027968   RTA_toHost$rtdx
0002796a   PRD_swi$sts$avgfmt
00027974   KNL_swi$sts$maxfmt
0002797c   HST_A_TABEND
0002797c   KNL_swi$sts$sumfmt
0002797c   _HST_A_TABEND
00027984   KNL_swi$sts$avgfmt
00027988   SEM_LEDToggle
00027988   _SEM_LEDToggle
0002798e   SWI_BSPLink_In_Ping$sts$maxfmt
00027996   SWI_BSPLink_In_Ping$sts$sumfmt
0002799e   SWI_BSPLink_In_Ping$sts$avgfmt
000279a8   SWI_BSPLink_In_Pong$sts$maxfmt
000279b0   SWI_BSPLink_In_Pong$sts$sumfmt
000279b8   SWI_BSPLink_In_Pong$sts$avgfmt
000279c2   SWI_ADC_Out_Ping$sts$maxfmt
000279ca   SWI_ADC_Out_Ping$sts$sumfmt
000279d0   PRD_A_TABBEG
000279d0   PRD_Sek
000279d0   _PRD_Sek
000279d2   SWI_ADC_Out_Ping$sts$avgfmt
000279dc   SWI_ADC_Out_Pong$sts$maxfmt
000279e4   SWI_ADC_Out_Pong$sts$sumfmt
000279ec   PRD_Sek$aaa
000279ec   SWI_ADC_Out_Pong$sts$avgfmt
000279f0   PRD_A_TABEND
000279f0   RTA_fromHost$buf
000279f6   SWI_ADC_In_Ping$sts$maxfmt
000279fe   SWI_ADC_In_Ping$sts$sumfmt
00027a00   IDL_A_TABBEG
00027a00   IDL_cpuLoad
00027a00   _IDL_cpuLoad
00027a04   LNK_dataPump
00027a04   _LNK_dataPump
00027a06   SWI_ADC_In_Ping$sts$avgfmt
00027a08   RTA_dispatcher
00027a08   _RTA_dispatcher
00027a0c   IDL_END
00027a10   IDL_A_CALBEG
00027a10   IDL_cpuLoad$
00027a10   SWI_ADC_In_Pong$sts$maxfmt
00027a14   LNK_dataPump$
00027a18   RTA_dispatcher$
00027a18   SWI_ADC_In_Pong$sts$sumfmt
00027a1c   IDL_END$
00027a20   SWI_ADC_In_Pong$sts$avgfmt
00027a20   SYS$config
00027a2a   SWI_BSPLink_Out_Ping$sts$maxfmt
00027a30   ___pinit__
00027a30   pinit
00027a32   SWI_BSPLink_Out_Ping$sts$sumfmt
00027a3a   SWI_BSPLink_Out_Ping$sts$avgfmt
00027a3c   TRC_cinit
00027a40   TRC_R_mask
00027a40   _TRC_R_mask
00027a44   GBL_initdone
00027a44   SWI_BSPLink_Out_Pong$sts$maxfmt
00027a4c   SWI_BSPLink_Out_Pong$sts$sumfmt
00027a54   SWI_BSPLink_Out_Pong$sts$avgfmt
00027a5e   SWI_Decode_Buffer$sts$maxfmt
00027a66   SWI_Decode_Buffer$sts$sumfmt
00027a6e   SWI_Decode_Buffer$sts$avgfmt
00027a78   SWI_Encode_Buffer$sts$maxfmt
00027a80   SWI_Encode_Buffer$sts$sumfmt
00027a88   SWI_Encode_Buffer$sts$avgfmt
00027a92   TSK_idle$sts$maxfmt
00027a9a   TSK_idle$sts$sumfmt
00027aa2   TSK_idle$sts$avgfmt
00027aac   TSK_LEDTOGGLE$sts$maxfmt
00027ab4   TSK_LEDTOGGLE$sts$sumfmt
00027abc   TSK_LEDTOGGLE$sts$avgfmt
00027ac6   IDL_busyObj$maxfmt
00027ac9   IDL_busyObj$sumfmt
00027acc   IDL_busyObj$avgfmt
00036ee8   CLK_LTIMEMULT
00036ee8   GBL_FREQ
01940000   CLK_REGS
01940000   _CLK_REGS
082039a3   HWI_INTRMULTHIGH
250718a4   HWI_INTRMULTLOW
80000000   SDRAM$B
80000000   _SDRAM_base
80008000   _MySinus
ffffffff   HST_DSMBUFSEG
ffffffff   IRAM
ffffffff   RTDX_DATAMEMSEG
ffffffff   _IRAM
ffffffff   ___TI_pprof_out_hndl
ffffffff   ___TI_prof_data_size
ffffffff   ___TI_prof_data_start
ffffffff   ___binit__
ffffffff   ___c_args__
ffffffff   binit

[1016 symbols]
