******************************************************************************
               TMS320C6x Linker PC v7.4.14                     
******************************************************************************
>> Linked Sat Jun 11 23:30:11 2016

OUTPUT FILE NAME:   <my_dsp_project.out>
ENTRY POINT SYMBOL: "_c_int00"  address: 0000fb00


MEMORY CONFIGURATION

         name            origin    length      used     unused   attr    fill
----------------------  --------  ---------  --------  --------  ----  --------
  IRAM                  00000000   0003e000  00011629  0002c9d7  RWIX
  SDRAM                 80000000   00800000  0001baea  007e4516  RWIX


SECTION ALLOCATION MAP

 output                                  attributes/
section   page    origin      length       input sections
--------  ----  ----------  ----------   ----------------
.data      0    00000000    00000000     UNINITIALIZED

.vers      0    00000000    00000044     COPY SECTION
                  00000000    00000044     my_dsp_projectcfg.obj (.vers)

.hwi_vec   0    00000000    00000200     
                  00000000    00000200     my_dsp_projectcfg.obj (.hwi_vec)

.text      0    00000200    000045c0     
                  00000200    000014e0     skeleton.obj (.text)
                  000016e0    00000760     config_BSPLink.obj (.text)
                  00001e40    00000480     dsk6713bsl.lib : dsk6713.obj (.text)
                  000022c0    00000280     csl6713.lib : csl_edma.obj (.text:_EDMA_open)
                  00002540    00000240     rts6700.lib : memcpy62.obj (.text:_memcpy)
                  00002780    00000240     config_AIC23.obj (.text)
                  000029c0    00000220     csl6713.lib : csl.obj (.text:__CSL_init)
                  00002be0    000001e0     dsk6713bsl.lib : dsk6713_led.obj (.text)
                  00002dc0    000001c0     csl6713.lib : csl_irq.obj (.text:_IRQ_map)
                  00002f80    000001c0                 : csl_irq.obj (.text:_mux2Tables)
                  00003140    000001a0                 : csl_edma.obj (.text:_EDMA_allocTable)
                  000032e0    000001a0                 : csl_mcbsp.obj (.text:_MCBSP_reset)
                  00003480    00000180     bios.a67 : gbl_cslpllinit62.o67 (.text)
                  00003600    00000160     rts6700.lib : sinit.obj (.text:_call_dtors)
                  00003760    00000140     csl6713.lib : csl_edma.obj (.text:_EDMA_reset)
                  000038a0    00000140                 : csl_timer.obj (.text:_TIMER_open)
                  000039e0    00000120                 : csl_timer.obj (.text:_TIMER_reset)
                  00003b00    00000100                 : csl_edma.obj (.text:_EDMA_intAlloc)
                  00003c00    00000100                 : csl_mcbsp.obj (.text:_MCBSP_open)
                  00003d00    00000100                 : csl_mcbsp.obj (.text:_MCBSP_start)
                  00003e00    000000e0                 : csl_edma.obj (.text:_EDMA_config)
                  00003ee0    000000e0     rts6700.lib : strasg.obj (.text:__strasg)
                  00003fc0    000000e0                 : atexit.obj (.text:_atexit)
                  000040a0    000000c0     bios.a67 : tsk_stup.o67 (.text)
                  00004160    000000a0     csl6713.lib : csl_mcbsp.obj (.text:_MCBSP_close)
                  00004200    000000a0                 : csl_mcbsp.obj (.text:_MCBSP_config)
                  000042a0    000000a0                 : csl_irq.obj (.text:__IRQ_init)
                  00004340    000000a0                 : csl_irq.obj (.text:_setMux)
                  000043e0    00000060                 : csl_edma.obj (.text:_EDMA_disableChannel)
                  00004440    00000060                 : csl_edma.obj (.text:_EDMA_enableChannel)
                  000044a0    00000060                 : csl_edma.obj (.text:_EDMA_intEnable)
                  00004500    00000060                 : csl_edma.obj (.text:_EDMA_qdmaConfig)
                  00004560    00000040                 : csl_edma.obj (.text:_EDMA_link)
                  000045a0    00000040                 : csl_irq.obj (.text:_IRQ_enable)
                  000045e0    00000040     rts6700.lib : sinit.obj (.text:___add_dtor)
                  00004620    00000020     csl6713.lib : csl.obj (.text:_CSL6713_LIB_)
                  00004640    00000020                 : csl_edma.obj (.text:_EDMA_intClear)
                  00004660    00000020                 : csl_edma.obj (.text:_EDMA_intTest)
                  00004680    00000020                 : csl_irq.obj (.text:_IRQ_clear)
                  000046a0    00000020                 : csl_irq.obj (.text:_IRQ_globalEnable)
                  000046c0    00000020                 : csl_mcbsp.obj (.text:_MCBSP_getRcvAddr)
                  000046e0    00000020                 : csl_mcbsp.obj (.text:_MCBSP_getXmtAddr)
                  00004700    00000020                 : csl_mcbsp.obj (.text:_MCBSP_write)
                  00004720    00000020                 : csl_mcbsp.obj (.text:_MCBSP_xrdy)
                  00004740    00000020     rts6700.lib : _lock.obj (.text:__nop)
                  00004760    00000020                 : _lock.obj (.text:__register_lock)
                  00004780    00000020                 : _lock.obj (.text:__register_unlock)
                  000047a0    00000020     csl6713.lib : csl_irq.obj (.text)

.bios      0    000047c0    00004280     
                  000047c0    00000600     lnkrtdx.a67 : rtdx.o67 (.bios)
                  00004dc0    000005e0     bios.a67 : gbl_setL2CacheMode.o67 (.bios)
                  000053a0    00000540              : swi.o67 (.bios)
                  000058e0    00000460              : hwi_disp_asm.o67 (.bios)
                  00005d40    000003a0              : prd.o67 (.bios)
                  000060e0    000002c0              : knl_run.o67 (.bios)
                  000063a0    000002c0              : rta.o67 (.bios)
                  00006660    000002c0              : sem_pend.o67 (.bios)
                  00006920    00000260              : knl_tick.o67 (.bios)
                  00006b80    00000240              : pip.o67 (.bios)
                  00006dc0    00000220              : sem_dopo.o67 (.bios)
                  00006fe0    00000200              : tsk_setu.o67 (.bios)
                  000071e0    000001c0              : knl_swit.o67 (.bios)
                  000073a0    000001c0     biosC6000.a67 : clk.o67 (.bios)
                  00007560    000001a0     bios.a67 : tsk_exit.o67 (.bios)
                  00007700    00000180              : autoinit.o67 (.bios)
                  00007880    00000180              : tsk_stup.o67 (.bios)
                  00007a00    00000140              : knl_chec.o67 (.bios)
                  00007b40    000000e0              : gbl_cslcacheinit.o67 (.bios)
                  00007c20    000000e0              : knl_exit.o67 (.bios)
                  00007d00    000000e0              : sem_post.o67 (.bios)
                  00007de0    000000e0              : sem_post_asm.o67 (.bios)
                  00007ec0    000000e0     biosC6000.a67 : clk_meas.o67 (.bios)
                  00007fa0    000000c0     bios.a67 : knl_ipos.o67 (.bios)
                  00008060    000000c0              : knl_post.o67 (.bios)
                  00008120    000000c0              : lck.o67 (.bios)
                  000081e0    000000c0              : sys_exit.o67 (.bios)
                  000082a0    000000c0     biosC6000.a67 : clk_htime.o67 (.bios)
                  00008360    00000080     bios.a67 : fxn.o67 (.bios)
                  000083e0    00000080              : idl_busy.o67 (.bios)
                  00008460    00000080              : log.o67 (.bios)
                  000084e0    00000080              : sts.o67 (.bios)
                  00008560    00000080     biosC6000.a67 : idl_cal.o67 (.bios)
                  000085e0    00000060     bios.a67 : hwi_c.o67 (.bios)
                  00008640    00000060              : sem_pend_binary.o67 (.bios)
                  000086a0    00000060              : sem_pend_counting.o67 (.bios)
                  00008700    00000060              : swi_disable.o67 (.bios)
                  00008760    00000060              : sys_abor.o67 (.bios)
                  000087c0    00000060              : utl_putc.o67 (.bios)
                  00008820    00000060     biosC6000.a67 : clk_start.o67 (.bios)
                  00008880    00000040     bios.a67 : idl_stub.o67 (.bios)
                  000088c0    00000040              : rta_andn.o67 (.bios)
                  00008900    00000040              : utl_doab.o67 (.bios)
                  00008940    00000040     biosC6000.a67 : clk_stop.o67 (.bios)
                  00008980    00000020     bios.a67 : fxn_c.o67 (.bios)
                  000089a0    00000020              : gbl_vers.o67 (.bios)
                  000089c0    00000020              : idl.o67 (.bios)
                  000089e0    00000020              : sts_set.o67 (.bios)
                  00008a00    00000020              : utl_doer.o67 (.bios)
                  00008a20    00000020              : utl_halt.o67 (.bios)

.stack     0    00008a40    00004000     UNINITIALIZED
                  00008a40    00004000     --HOLE--

.cinit     0    0000ca40    000017c4     
                  0000ca40    000009f4     my_dsp_projectcfg.obj (.cinit)
                  0000d434    00000004     --HOLE-- [fill = 0]
                  0000d438    0000026c     bios.a67 : biosdata.o67 (.cinit)
                  0000d6a4    00000004     --HOLE-- [fill = 0]
                  0000d6a8    0000023c     skeleton.obj (.cinit)
                  0000d8e4    00000004     --HOLE-- [fill = 0]
                  0000d8e8    000001a4     bios.a67 : knl.o67 (.cinit)
                  0000da8c    00000004     --HOLE-- [fill = 0]
                  0000da90    0000012c     csl6713.lib : csl_irq.obj (.cinit)
                  0000dbbc    00000004     --HOLE-- [fill = 0]
                  0000dbc0    000000b0     bios.a67 : swi.o67 (.cinit)
                  0000dc70    00000098     config_BSPLink.obj (.cinit)
                  0000dd08    00000080     bios.a67 : tsk.o67 (.cinit)
                  0000dd88    00000070     csl6713.lib : csl_edma.obj (.cinit)
                  0000ddf8    00000060     bios.a67 : tsk_stup.o67 (.cinit)
                  0000de58    0000005c     lnkrtdx.a67 : rtdx.o67 (.cinit)
                  0000deb4    00000004     --HOLE-- [fill = 0]
                  0000deb8    00000054     csl6713.lib : csl_mcbsp.obj (.cinit)
                  0000df0c    00000004     --HOLE-- [fill = 0]
                  0000df10    0000004c     bios.a67 : rta.o67 (.cinit)
                  0000df5c    00000004     --HOLE-- [fill = 0]
                  0000df60    0000004c     csl6713.lib : csl_timer.obj (.cinit)
                  0000dfac    00000004     --HOLE-- [fill = 0]
                  0000dfb0    0000004c     rtdx.lib : buffer1.o62 (.cinit)
                  0000dffc    00000004     --HOLE-- [fill = 0]
                  0000e000    00000048     config_AIC23.obj (.cinit)
                  0000e048    0000003c     csl6713.lib : csl.obj (.cinit)
                  0000e084    00000004     --HOLE-- [fill = 0]
                  0000e088    00000034     bios.a67 : hwi.o67 (.cinit)
                  0000e0bc    00000004     --HOLE-- [fill = 0]
                  0000e0c0    0000002c              : utl_putc.o67 (.cinit)
                  0000e0ec    00000004     --HOLE-- [fill = 0]
                  0000e0f0    0000002c     rts6700.lib : exit.obj (.cinit)
                  0000e11c    00000004     --HOLE-- [fill = 0]
                  0000e120    00000024     bios.a67 : obj_init.o67 (.cinit)
                  0000e144    00000004     --HOLE-- [fill = 0]
                  0000e148    0000001c              : sys.o67 (.cinit)
                  0000e164    00000004     --HOLE-- [fill = 0]
                  0000e168    0000001c     rts6700.lib : _lock.obj (.cinit)
                  0000e184    00000004     --HOLE-- [fill = 0]
                  0000e188    0000001c                 : atexit.obj (.cinit)
                  0000e1a4    00000004     --HOLE-- [fill = 0]
                  0000e1a8    00000018     bios.a67 : knl_tick.o67 (.cinit)
                  0000e1c0    0000000c              : gbl_setL2CacheMode.o67 (.cinit)
                  0000e1cc    00000004     --HOLE-- [fill = 0]
                  0000e1d0    0000000c              : idl_busy.o67 (.cinit)
                  0000e1dc    00000004     --HOLE-- [fill = 0]
                  0000e1e0    0000000c              : knl_swit.o67 (.cinit)
                  0000e1ec    00000004     --HOLE-- [fill = 0]
                  0000e1f0    0000000c     rts6700.lib : sinit.obj (.cinit)
                  0000e1fc    00000004     --HOLE-- [fill = 0]
                  0000e200    00000004     (.pad.cinit) [fill = 0]

.log       0    0000e204    00000018     
                  0000e204    00000018     my_dsp_projectcfg.obj (.log)

.args      0    0000e21c    00000004     
                  0000e21c    00000004     --HOLE-- [fill = 0]

.rtdx_text 
*          0    0000e220    00000ea0     
                  0000e220    00000400     rtdx.lib : rtdx_mon.o62 (.rtdx_text:_RTDX_Poll)
                  0000e620    00000340              : buffer1.o62 (.rtdx_text:_RTDX_Buffer_WriteCB)
                  0000e960    00000300              : buffer1.o62 (.rtdx_text:_RTDX_write_next)
                  0000ec60    00000140              : rtdx_mon.o62 (.rtdx_text:_RTDX_Mon_Queue)
                  0000eda0    000000e0              : buffer1.o62 (.rtdx_text:_claim)
                  0000ee80    00000080              : rtdx_mon.o62 (.rtdx_text:_RTDX_Init_RT_Monitor)
                  0000ef00    00000060              : buffer1.o62 (.rtdx_text:_RTDX_Buffer_Initialize)
                  0000ef60    00000060              : buffer2.o62 (.rtdx_text:_RTDX_Buffer_ReadCB)
                  0000efc0    00000040              : buffer1.o62 (.rtdx_text:_RTDX_Buffer_Size)
                  0000f000    00000040              : rtdx_mon.o62 (.rtdx_text:_RTDX_Final_RT_Monitor)
                  0000f040    00000020              : buffer2.o62 (.rtdx_text:_RTDX_Buffer_Read)
                  0000f060    00000020              : buffer1.o62 (.rtdx_text:_RTDX_Buffer_Write)
                  0000f080    00000020              : rtdx_mon.o62 (.rtdx_text:_RTDX_checksum)
                  0000f0a0    00000020              : intr_tgt.o62 (.rtdx_text)

.far       0    0000f0c0    00000670     UNINITIALIZED
                  0000f0c0    00000188     rts6700.lib : atexit.obj (.far)
                  0000f248    000000f4     csl6713.lib : csl_irq.obj (.far)
                  0000f33c    000000d8     bios.a67 : knl.o67 (.far)
                  0000f414    00000068     config_BSPLink.obj (.far)
                  0000f47c    0000005c     bios.a67 : tsk.o67 (.far)
                  0000f4d8    00000054              : obj_init.o67 (.far)
                  0000f52c    00000054     csl6713.lib : csl_edma.obj (.far)
                  0000f580    00000050     bios.a67 : tsk_stup.o67 (.far)
                  0000f5d0    00000050     skeleton.obj (.far)
                  0000f620    00000038     csl6713.lib : csl_mcbsp.obj (.far)
                  0000f658    00000034     config_AIC23.obj (.far)
                  0000f68c    00000028     csl6713.lib : csl.obj (.far)
                  0000f6b4    00000024                 : csl_timer.obj (.far)
                  0000f6d8    00000020     bios.a67 : sys.o67 (.far)
                  0000f6f8    00000010              : knl_tick.o67 (.far)
                  0000f708    0000000c              : utl_putc.o67 (.far)
                  0000f714    0000000c     rts6700.lib : exit.obj (.far)
                  0000f720    00000008                 : _lock.obj (.far)
                  0000f728    00000004                 : sinit.obj (.far)
                  0000f72c    00000002     dsk6713bsl.lib : dsk6713.obj (.far)
                  0000f72e    00000002                    : dsk6713_led.obj (.far)

.hst1      0    0000f730    00000010     UNINITIALIZED
                  0000f730    00000010     my_dsp_projectcfg.obj (.hst1)

.sysinit   0    0000f740    00000520     
                  0000f740    000002e0     my_dsp_projectcfg.obj (.sysinit)
                  0000fa20    000000e0     bios.a67 : mem_init.o67 (.sysinit)
                  0000fb00    000000c0              : boot.o67 (.sysinit)
                  0000fbc0    00000080              : tsk_init.o67 (.sysinit)
                  0000fc40    00000020              : obj_init.o67 (.sysinit)

.rtdx_data 
*          0    0000fc60    0000044c     UNINITIALIZED
                  0000fc60    00000410     my_dsp_projectcfg.obj (.rtdx_data)
                  00010070    00000020     rtdx.lib : buffer1.o62 (.rtdx_data)
                  00010090    0000001c              : rtdx_mon.o62 (.rtdx_data)

.mem       0    000100ac    00000004     UNINITIALIZED
                  000100ac    00000004     my_dsp_projectcfg.obj (.mem)

.TSK_LEDTOGGLE$stk 
*          0    000100b0    00000400     UNINITIALIZED
                  000100b0    00000400     my_dsp_projectcfg.obj (.TSK_LEDTOGGLE$stk)

.TSK_idle$stk 
*          0    000104b0    00000400     UNINITIALIZED
                  000104b0    00000400     my_dsp_projectcfg.obj (.TSK_idle$stk)

.bss       0    000108b0    000003d0     UNINITIALIZED
                  000108b0    00000100     bios.a67 : hwi_disp_asm.o67 (.bss)
                  000109b0    000000cc              : biosdata.o67 (.bss)
                  00010a7c    0000009c              : swi.o67 (.bss)
                  00010b18    00000064     skeleton.obj (.bss)
                  00010b7c    00000048     bios.a67 : knl.o67 (.bss)
                  00010bc4    00000028     my_dsp_projectcfg.obj (.bss)
                  00010bec    00000024     config_BSPLink.obj (.bss)
                  00010c10    00000018     bios.a67 : hwi.o67 (.bss)
                  00010c28    00000018     lnkrtdx.a67 : rtdx.o67 (.bss)
                  00010c40    00000010     rtdx.lib : buffer1.o62 (.bss)
                  00010c50    0000000c     bios.a67 : tsk.o67 (.bss)
                  00010c5c    00000008              : clk_data.o67 (.bss)
                  00010c64    00000008              : sys.o67 (.bss)
                  00010c6c    00000004              : clk_data2.o67 (.bss)
                  00010c70    00000004              : gbl_setL2CacheMode.o67 (.bss)
                  00010c74    00000004              : idl_busy.o67 (.bss)
                  00010c78    00000004              : mem_asm.o67 (.bss)
                  00010c7c    00000004     config_AIC23.obj (.bss)

.trace     0    00010c80    00000200     
                  00010c80    00000200     --HOLE-- [fill = 00000000]

.swi       0    00010e80    00000160     UNINITIALIZED
                  00010e80    00000160     my_dsp_projectcfg.obj (.swi)

.prd       0    00010fe0    00000020     UNINITIALIZED
                  00010fe0    00000020     my_dsp_projectcfg.obj (.prd)

.LOG_system$buf 
*          0    00011000    00000100     UNINITIALIZED
                  00011000    00000100     my_dsp_projectcfg.obj (.LOG_system$buf)

.hst0      0    00011100    00000100     UNINITIALIZED
                  00011100    00000100     my_dsp_projectcfg.obj (.hst0)

.pip       0    00011200    000000c8     UNINITIALIZED
                  00011200    000000c8     my_dsp_projectcfg.obj (.pip)

.sts       0    000112c8    000000c0     
                  000112c8    000000c0     my_dsp_projectcfg.obj (.sts)

.tsk       0    00011388    000000c0     UNINITIALIZED
                  00011388    000000c0     my_dsp_projectcfg.obj (.tsk)

.const     0    00011448    000000b5     
                  00011448    0000004e     bios.a67 : tsk_stup.o67 (.const)
                  00011496    00000023              : utl_doab.o67 (.const)
                  000114b9    00000022              : utl_doer.o67 (.const)
                  000114db    00000001     --HOLE-- [fill = 0]
                  000114dc    00000020     dsk6713bsl.lib : dsk6713.obj (.const)
                  000114fc    00000001     bios.a67 : tsk.o67 (.const)

.printf    0    000114fd    0000012c     COPY SECTION
                  000114fd    0000012c     my_dsp_projectcfg.obj (.printf)

.gblinit   0    00011500    0000004c     
                  00011500    0000004c     my_dsp_projectcfg.obj (.gblinit)

.hst       0    0001154c    0000003c     UNINITIALIZED
                  0001154c    0000003c     my_dsp_projectcfg.obj (.hst)

.sem       0    00011588    0000002c     UNINITIALIZED
                  00011588    0000002c     my_dsp_projectcfg.obj (.sem)

.switch    0    000115b4    00000028     
                  000115b4    00000028     rtdx.lib : rtdx_mon.o62 (.switch)

.idl       0    000115dc    00000010     UNINITIALIZED
                  000115dc    00000010     my_dsp_projectcfg.obj (.idl)

.idlcal    0    000115ec    00000010     UNINITIALIZED
                  000115ec    00000010     my_dsp_projectcfg.obj (.idlcal)

.sys       0    000115fc    00000010     UNINITIALIZED
                  000115fc    00000010     my_dsp_projectcfg.obj (.sys)

.pinit     0    0001160c    0000000c     
                  0001160c    00000004     rtdx.lib : buffer1.o62 (.pinit)
                  00011610    00000004              : rtdx_mon.o62 (.pinit)
                  00011614    00000004     --HOLE-- [fill = 0]

.trcdata   0    00011618    0000000c     
                  00011618    0000000c     bios.a67 : trc.o67 (.trcdata)

.clk       0    00011624    00000008     UNINITIALIZED
                  00011624    00000008     my_dsp_projectcfg.obj (.clk)

.datenpuffer 
*          0    80000000    00013a10     UNINITIALIZED
                  80000000    00011940     skeleton.obj (.datenpuffer)
                  80011940    000020d0     config_BSPLink.obj (.datenpuffer)

.SDRAM$heap 
*          0    80013a10    00008000     UNINITIALIZED
                  80013a10    00008000     --HOLE--

.sounds    0    8001ba10    000000da     UNINITIALIZED
                  8001ba10    000000da     skeleton.obj (.sounds)


GLOBAL SYMBOLS: SORTED ALPHABETICALLY BY Name 

address    name
--------   ----
000108b0   $bss
000108b0   .bss
00000000   .data
00000200   .text
0000f8fc   BIOS$$CLKOFF
0000f8bc   BIOS$$CLKON
0000f740   BIOS_init
0000f964   BIOS_start
00000000   BUF$
00000001   BUF_ENABLED
00000001   CLK$
00011624   CLK_A_TABBEG
00000001   CLK_CALDIV
00000004   CLK_CALMULT
0000dbba   CLK_COUNTSPMS
00000000   CLK_COUNTSPMSHIGH
000109d8   CLK_D_idletime
000109d4   CLK_D_isrhook
000109d0   CLK_D_tabbeg
000109cc   CLK_D_timefxn
000082a0   CLK_F_getfhtime
000082c0   CLK_F_gethtime
000073a0   CLK_F_getltime
000082c0   CLK_F_getshtime
000073b4   CLK_F_isr
00007514   CLK_F_itime
000058e0   CLK_HOOKFXN
00000001   CLK_HTIMEDIV
00000004   CLK_HTIMEMULT
0000dbba   CLK_HTIMEPERLTIME
00004000   CLK_INTBIT
00000001   CLK_LTIMEDIV
00036ee8   CLK_LTIMEMULT
000003e8   CLK_MICROSECS
0000dbba   CLK_PRD
00000000   CLK_PRDHIGH
01940000   CLK_REGS
000109c8   CLK_R_time
00000020   CLK_TCR
00000000   CLK_TDDR
00000000   CLK_TDDRHIGH
000082c0   CLK_TIMEFXN
00000000   CLK_TIMERNUM
00000001   CLK_USETIMER
00011628   CLK_null
00000000   DEV$
00000000   DGN$
00000000   DHL$
00000000   DHL_gChannelsAvailable
00000000   DIO$
00000000   DIO_NUMSWIBASE
00000000   DIO_NUMTSKBASE
00000000   DIO_STATIC
00000000   DPI$
00008360   FXN_F_nop
00008368   FXN_F_run
000083b8   FXN_F_zero
00000001   GBL$
00005205   GBL_A_VERSION
00000000   GBL_BIGENDIAN
00000000   GBL_C641XL2PRIORITY
00000000   GBL_CACHE
00000001   GBL_CALLCSLCFGINIT
00004e20   GBL_CLKIN
00001770   GBL_CLKTYPE
00001a39   GBL_DSPSUBTYPE
0000003e   GBL_DSPTYPE
00000001   GBL_ENABLEINST
00000042   GBL_FOOTPRINT
00036ee8   GBL_FREQ
00002226   GBL_L2ALLOC
00000000   GBL_L2CONFIGALLOC
00000001   GBL_L2CONFIGURE
00000001   GBL_L2MARMASK
00000000   GBL_L2MARMASK1
00000000   GBL_L2MARMASK2
00000000   GBL_L2MARMASK3
00000000   GBL_L2MARMASK4
00000000   GBL_L2MARMASK5
00000000   GBL_L2MODE
00000000   GBL_L2PRIORITY
00000000   GBL_NULL
00000000   GBL_PROCID
00000000   GBL_ROM
00000000   GBL_SUPPORTCSL
0000dbef   GBL_TRCMASKVALUE
00000001   GBL_USERINIT
000034a8   GBL_USERINITFXN
00000001   GBL_boot
00011620   GBL_initdone
00008a40   GBL_stackbeg
0000ca3f   GBL_stackend
00000000   GIO$
00008980   GIO_CREATEFXN
00008980   GIO_DELETEFXN
00008980   GIO_PENDFXN
00008980   GIO_POSTFXN
00000000   HOOK$
00000000   HOOK_KNLID
00000001   HST$
0001154c   HST_A_TABBEG
00011588   HST_A_TABEND
00000000   HST_DSM
ffffffff   HST_DSMBUFSEG
00000400   HST_DSMMEMSIZE
00010a44   HST_D_chanmask
00010a48   HST_D_tabbeg
00010a4c   HST_D_tabend
000000ff   HST_MAXFRAMEALLOWED
00000040   HST_MAXFRAMESET
00000000   HST_NONE
00000001   HST_RTDX
00000001   HWI$
00000000   HWI_A_VECS
00005308   HWI_CFGDISPATCHED
00010c20   HWI_D_bss
00010c24   HWI_D_ccmask
00010c10   HWI_D_spsave
000058e0   HWI_F_dispatch
00000000   HWI_GENERATE_RESET_VEC
0000000a   HWI_INT10
00000000   HWI_INT10$hwi
0000000b   HWI_INT11
00000000   HWI_INT11$hwi
0000000c   HWI_INT12
00000000   HWI_INT12$hwi
0000000d   HWI_INT13
00000000   HWI_INT13$hwi
0000000e   HWI_INT14
00000000   HWI_INT14$hwi
0000000f   HWI_INT15
00000000   HWI_INT15$hwi
00000004   HWI_INT4
00000000   HWI_INT4$hwi
00000005   HWI_INT5
00000000   HWI_INT5$hwi
00000006   HWI_INT6
00000000   HWI_INT6$hwi
00000007   HWI_INT7
00000000   HWI_INT7$hwi
00000008   HWI_INT8
00000000   HWI_INT8$hwi
00000009   HWI_INT9
00000000   HWI_INT9$hwi
082039a3   HWI_INTRMULTHIGH
250718a4   HWI_INTRMULTLOW
00000001   HWI_NMI
00000000   HWI_NMI$hwi
00000000   HWI_POLARITYMASK
00000002   HWI_RESERVED0
00000000   HWI_RESERVED0$hwi
00000003   HWI_RESERVED1
00000000   HWI_RESERVED1$hwi
00000000   HWI_RESET
00000000   HWI_RESET$hwi
00000001   HWI_ZEROTAB
00000001   IDL$
000115ec   IDL_A_CALBEG
000115dc   IDL_A_TABBEG
00000006   IDL_CALIBRERROR
00008880   IDL_CALIBRFXN
00010c74   IDL_D_busyObj
000109b8   IDL_D_calbeg
000109b4   IDL_D_calibrate
000109b0   IDL_D_tabbeg
000115e8   IDL_END
000115f8   IDL_END$
000083e0   IDL_F_busy
00008560   IDL_F_calibrate
000089c0   IDL_F_loop
00008880   IDL_F_stub
00000001   IDL_USECLKIDLTIME
0001137c   IDL_busyObj
00011624   IDL_busyObj$avgfmt
00000001   IDL_busyObj$filter
00000001   IDL_busyObj$iA
00000000   IDL_busyObj$iB
00000001   IDL_busyObj$iC
0001161e   IDL_busyObj$maxfmt
00000000   IDL_busyObj$operation
00011378   IDL_busyObj$stsobj
00011621   IDL_busyObj$sumfmt
00000002   IDL_busyObj$unittype
000115dc   IDL_cpuLoad
000115ec   IDL_cpuLoad$
ffffffff   IRAM
00000001   ISRC$
00007360   KNL_glue
00010eac   KNL_swi
00000001   KNL_swi$dorta
00000002   KNL_swi$ord
00000000   KNL_swi$pri
000112ec   KNL_swi$sts
00011544   KNL_swi$sts$avgfmt
00000002   KNL_swi$sts$filter
00000001   KNL_swi$sts$filtmaxmult
00000001   KNL_swi$sts$filtsummult
00011534   KNL_swi$sts$maxfmt
000112e8   KNL_swi$sts$stsobj
0001153c   KNL_swi$sts$sumfmt
00000000   KNL_swi$sts$unittype
00000000   KNL_swi$swi
00000001   LCK$
000047c0   LNK_F_checkBufferCall
00004840   LNK_F_dataPump
000047e0   LNK_F_getChanPtr
00004838   LNK_F_init
00004d84   LNK_F_readCallBack
000115e0   LNK_dataPump
000115f0   LNK_dataPump$
00010c2c   LNK_dspFrameReadyMask
00010c28   LNK_dspFrameRequestMask
00004ae0   LNK_newin
00004c20   LNK_newout
00004854   LNK_rcloop
00004920   LNK_rdrtry
00010c34   LNK_readDone
00010c38   LNK_readFail
00010c30   LNK_readPend
00004930   LNK_rrloop
00010c3c   LNK_writeFail
00004a04   LNK_wrloop
000049f4   LNK_wrrtry
00000001   LOG$
0000e204   LOG_A_TABBEG
0000e21c   LOG_A_TABEND
00000001   LOG_A_TABLEN
000109bc   LOG_D_system
00000001   LOG_ENABLED
00008460   LOG_F_event
0000e204   LOG_system
00011000   LOG_system$buf
00000000   LOG_system$datatype
00000000   LOG_system$log
00000040   LOG_system$size
00000000   MBX$
00000001   MEM$
00010bd0   MEM_MALLOCSEG
00000000   MEM_NULL
00010bd0   MEM_SEGZERO
00000000   MEM_USEMPC
00000001   MEM_gNumHeap
00000000   MSGQ$
00000000   MSGQ_USEMSGQ
00000000   OBJ$
00000000   PIP$
00011200   PIP_A_TABBEG
000112c8   PIP_A_TABEND
00000002   PIP_A_TABLEN
000109c0   PIP_D_tabbeg
000109c4   PIP_D_tablen
00006c14   PIP_F_give
00006c14   PIP_F_probe
00006ce8   PIP_F_start
00006b80   PIP_F_take
00000064   PIP_OBJSIZE
00000000   PIP_gNextId
00000002   PIP_gNumEmbed
00000000   POOL$
00000000   POOL_USEPOOL
00000001   PRD$
00010fe0   PRD_A_TABBEG
00011000   PRD_A_TABEND
00000001   PRD_A_TABLEN
00010a00   PRD_D_cur
00010a04   PRD_D_elapsed
00010a08   PRD_D_prevtim
00010a0c   PRD_D_scalar
00010a10   PRD_D_swihandle
00010a14   PRD_D_tabbeg
00010a18   PRD_D_tablen
00010a1c   PRD_D_thook
000109fc   PRD_D_tick
00005d40   PRD_F_swi
00006000   PRD_F_tick
00000008   PRD_SCALAR
00010e80   PRD_SWIHANDLE
00010fe0   PRD_Sek
00010ffc   PRD_Sek$aaa
00000000   PRD_Sek$mode
00000001   PRD_Sek$ord
000003e8   PRD_Sek$period
00000000   PRD_Sek$prd
000112cc   PRD_Sek$sts
0001150f   PRD_Sek$sts$avgfmt
00000000   PRD_Sek$sts$filter
000114fd   PRD_Sek$sts$maxfmt
000112c8   PRD_Sek$sts$stsobj
00011506   PRD_Sek$sts$sumfmt
00000002   PRD_Sek$sts$unittype
00006b60   PRD_THOOKFXN
00011624   PRD_clock
00010e80   PRD_swi
00000001   PRD_swi$dorta
00000001   PRD_swi$ord
00000001   PRD_swi$pri
000112dc   PRD_swi$sts
0001152a   PRD_swi$sts$avgfmt
00000002   PRD_swi$sts$filter
00000001   PRD_swi$sts$filtmaxmult
00000001   PRD_swi$sts$filtsummult
0001151a   PRD_swi$sts$maxfmt
000112d8   PRD_swi$sts$stsobj
00011522   PRD_swi$sts$sumfmt
00000000   PRD_swi$sts$unittype
00000000   PRD_swi$swi
00000001   QUE$
00010a20   RTA_D_fromHost
00010a28   RTA_D_logval
00010a38   RTA_D_stsval
00010a24   RTA_D_toHost
000088c0   RTA_F_andn
00006498   RTA_F_dispatch
000063a0   RTA_F_getlog
000063e4   RTA_F_getsts
000088e0   RTA_F_or
0000642c   RTA_F_readblk
00006458   RTA_F_resetmem
0000644c   RTA_F_writeword
000115e4   RTA_dispatcher
000115f4   RTA_dispatcher$
000064e8   RTA_execute
00011550   RTA_fromHost
0000f730   RTA_fromHost$buf
00000004   RTA_fromHost$framesize
00000000   RTA_fromHost$hst
00000001   RTA_fromHost$id
00000000   RTA_fromHost$mode
00011200   RTA_fromHost$pipe
00011230   RTA_fromHost$pipe$aaa
00011260   RTA_fromHost$pipe$bbb
00010bd4   RTA_fromHost$pipe$dtab
00011204   RTA_fromHost$pipe$rd
00011234   RTA_fromHost$pipe$wr
00011558   RTA_fromHost$rtdx
0001156c   RTA_toHost
00011100   RTA_toHost$buf
00000040   RTA_toHost$framesize
00000000   RTA_toHost$hst
00000000   RTA_toHost$id
00000001   RTA_toHost$mode
00011264   RTA_toHost$pipe
00011294   RTA_toHost$pipe$aaa
000112c4   RTA_toHost$pipe$bbb
00010be0   RTA_toHost$pipe$dtab
00011268   RTA_toHost$pipe$rd
00011298   RTA_toHost$pipe$wr
00011574   RTA_toHost$rtdx
00000001   RTDX$
00000408   RTDX_BUFMEMSIZE
ffffffff   RTDX_DATAMEMSEG
00000000   RTDX_MODE
00000001   RTDX_NORMALIZED_HDR
00000001   RTDX_USERTDX
00000000   RTDX_USERTEXECUTION
00010bd0   SDRAM
80013a10   SDRAM$B
00008000   SDRAM$L
00000001   SEM$
00011594   SEM_LEDToggle
00000000   SIO$
00000001   STS$
000112c8   STS_A_TABBEG
00011388   STS_A_TABEND
00008518   STS_F_add
000084e0   STS_F_delta
00008544   STS_F_reset
00000001   SWI$
00010f88   SWI_ADC_In_Ping
00000001   SWI_ADC_In_Ping$dorta
00000007   SWI_ADC_In_Ping$ord
00000002   SWI_ADC_In_Ping$pri
0001133c   SWI_ADC_In_Ping$sts
000115c6   SWI_ADC_In_Ping$sts$avgfmt
00000002   SWI_ADC_In_Ping$sts$filter
00000001   SWI_ADC_In_Ping$sts$filtmaxmult
00000001   SWI_ADC_In_Ping$sts$filtsummult
000115b6   SWI_ADC_In_Ping$sts$maxfmt
00011338   SWI_ADC_In_Ping$sts$stsobj
000115be   SWI_ADC_In_Ping$sts$sumfmt
00000000   SWI_ADC_In_Ping$sts$unittype
00000000   SWI_ADC_In_Ping$swi
00010fb4   SWI_ADC_In_Pong
00000001   SWI_ADC_In_Pong$dorta
00000008   SWI_ADC_In_Pong$ord
00000002   SWI_ADC_In_Pong$pri
0001134c   SWI_ADC_In_Pong$sts
000115e0   SWI_ADC_In_Pong$sts$avgfmt
00000002   SWI_ADC_In_Pong$sts$filter
00000001   SWI_ADC_In_Pong$sts$filtmaxmult
00000001   SWI_ADC_In_Pong$sts$filtsummult
000115d0   SWI_ADC_In_Pong$sts$maxfmt
00011348   SWI_ADC_In_Pong$sts$stsobj
000115d8   SWI_ADC_In_Pong$sts$sumfmt
00000000   SWI_ADC_In_Pong$sts$unittype
00000000   SWI_ADC_In_Pong$swi
00010f30   SWI_ADC_Out_Ping
00000001   SWI_ADC_Out_Ping$dorta
00000005   SWI_ADC_Out_Ping$ord
00000002   SWI_ADC_Out_Ping$pri
0001131c   SWI_ADC_Out_Ping$sts
00011592   SWI_ADC_Out_Ping$sts$avgfmt
00000002   SWI_ADC_Out_Ping$sts$filter
00000001   SWI_ADC_Out_Ping$sts$filtmaxmult
00000001   SWI_ADC_Out_Ping$sts$filtsummult
00011582   SWI_ADC_Out_Ping$sts$maxfmt
00011318   SWI_ADC_Out_Ping$sts$stsobj
0001158a   SWI_ADC_Out_Ping$sts$sumfmt
00000000   SWI_ADC_Out_Ping$sts$unittype
00000000   SWI_ADC_Out_Ping$swi
00010f5c   SWI_ADC_Out_Pong
00000001   SWI_ADC_Out_Pong$dorta
00000006   SWI_ADC_Out_Pong$ord
00000002   SWI_ADC_Out_Pong$pri
0001132c   SWI_ADC_Out_Pong$sts
000115ac   SWI_ADC_Out_Pong$sts$avgfmt
00000002   SWI_ADC_Out_Pong$sts$filter
00000001   SWI_ADC_Out_Pong$sts$filtmaxmult
00000001   SWI_ADC_Out_Pong$sts$filtsummult
0001159c   SWI_ADC_Out_Pong$sts$maxfmt
00011328   SWI_ADC_Out_Pong$sts$stsobj
000115a4   SWI_ADC_Out_Pong$sts$sumfmt
00000000   SWI_ADC_Out_Pong$sts$unittype
00000000   SWI_ADC_Out_Pong$swi
00010e80   SWI_A_TABBEG
00010fe0   SWI_A_TABEND
00000008   SWI_A_TABLEN
00010ed8   SWI_BSPLink_In_Ping
00000001   SWI_BSPLink_In_Ping$dorta
00000003   SWI_BSPLink_In_Ping$ord
00000003   SWI_BSPLink_In_Ping$pri
000112fc   SWI_BSPLink_In_Ping$sts
0001155e   SWI_BSPLink_In_Ping$sts$avgfmt
00000002   SWI_BSPLink_In_Ping$sts$filter
00000001   SWI_BSPLink_In_Ping$sts$filtmaxmult
00000001   SWI_BSPLink_In_Ping$sts$filtsummult
0001154e   SWI_BSPLink_In_Ping$sts$maxfmt
000112f8   SWI_BSPLink_In_Ping$sts$stsobj
00011556   SWI_BSPLink_In_Ping$sts$sumfmt
00000000   SWI_BSPLink_In_Ping$sts$unittype
00000000   SWI_BSPLink_In_Ping$swi
00010f04   SWI_BSPLink_In_Pong
00000001   SWI_BSPLink_In_Pong$dorta
00000004   SWI_BSPLink_In_Pong$ord
00000003   SWI_BSPLink_In_Pong$pri
0001130c   SWI_BSPLink_In_Pong$sts
00011578   SWI_BSPLink_In_Pong$sts$avgfmt
00000002   SWI_BSPLink_In_Pong$sts$filter
00000001   SWI_BSPLink_In_Pong$sts$filtmaxmult
00000001   SWI_BSPLink_In_Pong$sts$filtsummult
00011568   SWI_BSPLink_In_Pong$sts$maxfmt
00011308   SWI_BSPLink_In_Pong$sts$stsobj
00011570   SWI_BSPLink_In_Pong$sts$sumfmt
00000000   SWI_BSPLink_In_Pong$sts$unittype
00000000   SWI_BSPLink_In_Pong$swi
00010a94   SWI_D_curfxn
00010a84   SWI_D_curmask
00010a90   SWI_D_curmbox
00010a88   SWI_D_curset
00010a80   SWI_D_execaddr
00010a9c   SWI_D_inswi
00010a8c   SWI_D_lock
00010a98   SWI_D_rdybeg
00010aa0   SWI_D_rdytab
00010a7c   SWI_D_runaddr
00000000   SWI_EHOOKFXN
000055bc   SWI_EXECFXN
000053a0   SWI_F_enable
000055bc   SWI_F_exec
000055e8   SWI_F_iexec
00005410   SWI_F_post
00005678   SWI_F_run
00000000   SWI_IHOOKFXN
00005678   SWI_RUNFXN
00000001   SYS$
000115fc   SYS$config
00008900   SYS_ABORTFXN
00008a00   SYS_ERRORFXN
00008a20   SYS_EXITFXN
000087c0   SYS_PUTCFXN
0001161c   TRC_R_mask
00011618   TRC_cinit
00000001   TSK$
000113f4   TSK_LEDTOGGLE
00000003   TSK_LEDTOGGLE$ord
00000002   TSK_LEDTOGGLE$pri
000100b0   TSK_LEDTOGGLE$stack
00010448   TSK_LEDTOGGLE$stkptr
0001136c   TSK_LEDTOGGLE$sts
00011614   TSK_LEDTOGGLE$sts$avgfmt
00000002   TSK_LEDTOGGLE$sts$filter
00000001   TSK_LEDTOGGLE$sts$filtmaxmult
00000001   TSK_LEDTOGGLE$sts$filtsummult
00011604   TSK_LEDTOGGLE$sts$maxfmt
00011368   TSK_LEDTOGGLE$sts$stsobj
0001160c   TSK_LEDTOGGLE$sts$sumfmt
00000000   TSK_LEDTOGGLE$sts$unittype
00000000   TSK_LEDTOGGLE$tsk
00000000   TSK_NUM_HOOKS
00000001   TSK_PRIORITY
00000000   TSK_READYFXN
00000000   TSK_STACKSEG
00000400   TSK_STACKSIZE
00000000   TSK_SWITCHFXN
00008980   TSK_VCREATEFXN
00008980   TSK_VDELETEFXN
00008980   TSK_VEXITFXN
00011394   TSK_idle
00000001   TSK_idle$ord
00000000   TSK_idle$pri
000104b0   TSK_idle$stack
00010848   TSK_idle$stkptr
0001135c   TSK_idle$sts
000115fa   TSK_idle$sts$avgfmt
00000002   TSK_idle$sts$filter
00000001   TSK_idle$sts$filtmaxmult
00000001   TSK_idle$sts$filtsummult
000115ea   TSK_idle$sts$maxfmt
00011358   TSK_idle$sts$stsobj
000115f2   TSK_idle$sts$sumfmt
00000000   TSK_idle$sts$unittype
00000000   TSK_idle$tsk
00000000   UDEV$
0000102c   _ADC_In_Ping
00001194   _ADC_In_Pong
00000fac   _ADC_Out_Ping
00000fec   _ADC_Out_Pong
80000000   _AIC_Buffer_in_ping
800007d0   _AIC_Buffer_in_pong
80000fa0   _AIC_Buffer_out_ping
80001770   _AIC_Buffer_out_pong
0000f740   _BIOS_init
0000f964   _BIOS_start
80011940   _BSPLinkBuffer_in_ping
80012174   _BSPLinkBuffer_in_pong
800129a8   _BSPLinkBuffer_out_ping
800131dc   _BSPLinkBuffer_out_pong
000018f8   _BSPLink_EDMA_Start_Ping
00001804   _BSPLink_EDMA_Start_Pong
0000178c   _BSPLink_EDMA_Stop
000012fc   _BSPLink_In_Ping
0000133c   _BSPLink_In_Pong
0000f414   _BSPLink_interface_config
0000dbba   _CLK_COUNTSPMS
00010c5c   _CLK_DFLTMICROSECS
000109f8   _CLK_D_countspms
000109ec   _CLK_D_dirty
00010c60   _CLK_D_microseconds
000109f0   _CLK_D_prd
000109f4   _CLK_D_tddr
00007514   _CLK_F_itime
0000dbba   _CLK_PRD
01940000   _CLK_REGS
00000000   _CLK_TDDR
00000000   _CLK_TIMERNUM
00000001   _CLK_USETIMER
000109dc   _CLK_htimeDiv
000109e0   _CLK_htimeMult
00010c6c   _CLK_htimePerLtime
00007514   _CLK_itime
000109e4   _CLK_ltimeDiv
000109e8   _CLK_ltimeMult
00007ec0   _CLK_measure
00008820   _CLK_start
00008940   _CLK_stop
00004620   _CSL6713_LIB_
00002780   _Config_DSK6713_AIC23
00002be0   _DSK6713_LED_init
00002c20   _DSK6713_LED_off
00002c90   _DSK6713_LED_on
00002d00   _DSK6713_LED_toggle
00002254   _DSK6713_getVersion
00001e8c   _DSK6713_init
000021a8   _DSK6713_rget
000021bc   _DSK6713_rset
0000f72c   _DSK6713_version
000021d0   _DSK6713_wait
00002228   _DSK6713_waitusec
800109a0   _Debug_Buff_ping
80011170   _Debug_Buff_pong
00000a98   _EDMA_ISR
00003140   _EDMA_allocTable
00003e00   _EDMA_config
000043e0   _EDMA_disableChannel
00004440   _EDMA_enableChannel
00003b00   _EDMA_intAlloc
00004640   _EDMA_intClear
000044a0   _EDMA_intEnable
00004660   _EDMA_intTest
00004560   _EDMA_link
000022c0   _EDMA_open
00004500   _EDMA_qdmaConfig
00003760   _EDMA_reset
00008980   _FXN_F_nop
00008368   _FXN_F_run
000083b8   _FXN_F_zero
00000000   _GBL_CACHE
00010a54   _GBL_clkIn
00007b40   _GBL_cslCacheInit
00010a58   _GBL_freq
000089a0   _GBL_getVersion
00010a50   _GBL_procId
000034a8   _GBL_setPLLto225MHz
0001154c   _HST_A_TABBEG
00011588   _HST_A_TABEND
00005308   _HWI_CFGDISPATCHED
00010c1c   _HWI_D_inhwi
00010c10   _HWI_D_spsave
000058e0   _HWI_F_dispatch
0000000a   _HWI_INT10
0000000b   _HWI_INT11
0000000c   _HWI_INT12
0000000d   _HWI_INT13
0000000e   _HWI_INT14
0000000f   _HWI_INT15
00000004   _HWI_INT4
00000005   _HWI_INT5
00000006   _HWI_INT6
00000007   _HWI_INT7
00000008   _HWI_INT8
00000009   _HWI_INT9
00000001   _HWI_NMI
00000002   _HWI_RESERVED0
00000003   _HWI_RESERVED1
00000000   _HWI_RESET
0000ca38   _HWI_STKBOTTOM
00008a40   _HWI_STKTOP
00010c10   _HWI_data
000085e0   _HWI_disable
000108b0   _HWI_dispatchTab
000085f8   _HWI_enable
0000860c   _HWI_restore
0001137c   _IDL_busyObj
000115dc   _IDL_cpuLoad
000089c0   _IDL_loop
ffffffff   _IRAM
00004680   _IRQ_clear
000045a0   _IRQ_enable
000046a0   _IRQ_globalEnable
00002dc0   _IRQ_map
00010b84   _KNL_alarm
00007a00   _KNL_check
00010ba8   _KNL_curqueue
00010b98   _KNL_curtask
00010ba0   _KNL_curtime
0000f3dc   _KNL_dummy
00007c74   _KNL_enter
00007c20   _KNL_exit
00007ad8   _KNL_idle
00010bc0   _KNL_idlefxn
00010b8c   _KNL_inactive
00007fa0   _KNL_ipost
00007afc   _KNL_max
00010bac   _KNL_maxqueue
00008060   _KNL_post
00010b9c   _KNL_prevtask
00010b90   _KNL_priority
0000f33c   _KNL_queues
000060e0   _KNL_run
000071e0   _KNL_saveIsrFrame
00010b94   _KNL_set
00010b88   _KNL_setpri
00010eac   _KNL_swi
00010ba4   _KNL_swiptr
000072ac   _KNL_switch
00010bb4   _KNL_tcreatefxn
00010bb8   _KNL_tdeletefxn
00006b60   _KNL_tick
00010bbc   _KNL_treadyfxn
00010bb0   _KNL_tswitchfxn
00010b7c   _KNL_wFlag
00010b80   _KNL_wList
00008150   _LCK_pend
00008120   _LCK_post
000115e0   _LNK_dataPump
00010c2c   _LNK_dspFrameReadyMask
00010c28   _LNK_dspFrameRequestMask
00010c34   _LNK_readDone
00010c38   _LNK_readFail
00010c30   _LNK_readPend
00010c3c   _LNK_writeFail
0000e204   _LOG_A_TABBEG
0000e21c   _LOG_A_TABEND
00000001   _LOG_A_TABLEN
000109bc   _LOG_D_system
00008460   _LOG_event
0000e204   _LOG_system
00004160   _MCBSP_close
00004200   _MCBSP_config
000046c0   _MCBSP_getRcvAddr
000046e0   _MCBSP_getXmtAddr
00003c00   _MCBSP_open
000032e0   _MCBSP_reset
00003d00   _MCBSP_start
00004700   _MCBSP_write
00004720   _MCBSP_xrdy
00010c78   _MEM
00010a5c   _MEM_D_NUMSEGMENTS
00010a64   _MEM_D_freelist
00010a68   _MEM_D_lockaddr
00010a60   _MEM_D_memtab
00010a6c   _MEM_D_unlockaddr
0000fa20   _MEM_init
00010bc4   _MEM_memtab
8001ba10   _MySinus
0000fc40   _OBJ_init
0000f510   _OBJ_segtab
0000f4d8   _OBJ_table
00011200   _PIP_A_TABBEG
000112c8   _PIP_A_TABEND
000109fc   _PRD_D_tick
00010fe0   _PRD_Sek
00011624   _PRD_clock
00010e80   _PRD_swi
000115e4   _RTA_dispatcher
00011550   _RTA_fromHost
0001156c   _RTA_toHost
0000fc60   _RTDX_Buffer
0001006c   _RTDX_Buffer_End
0000ef00   _RTDX_Buffer_Initialize
0000f040   _RTDX_Buffer_Read
0000ef60   _RTDX_Buffer_ReadCB
0000efc0   _RTDX_Buffer_Size
00010068   _RTDX_Buffer_Start
0000f060   _RTDX_Buffer_Write
0000e620   _RTDX_Buffer_WriteCB
0000f000   _RTDX_Final_RT_Monitor
0000ee80   _RTDX_Init_RT_Monitor
00000002   _RTDX_JTAGONLY
0000f0a0   _RTDX_Mask_IER
0000ec60   _RTDX_Mon_Queue
0000e220   _RTDX_Poll
00000000   _RTDX_interrupt_mask
0001007c   _RTDX_writing
80001f40   _Ringbuffer_in
00010bd0   _SDRAM
80013a10   _SDRAM_base
00008000   _SDRAM_length
00011594   _SEM_LEDToggle
000086a0   _SEM_pend
00008640   _SEM_pendBinary
00006660   _SEM_pendEnterKnl
00007de0   _SEM_post
00007de0   _SEM_postBinary
00007d00   _SEM_postEnterKnl
000112c8   _STS_A_TABBEG
00011388   _STS_A_TABEND
00008518   _STS_add
000084e0   _STS_delta
00008544   _STS_reset
000089e0   _STS_set
00010f88   _SWI_ADC_In_Ping
00010fb4   _SWI_ADC_In_Pong
00010f30   _SWI_ADC_Out_Ping
00010f5c   _SWI_ADC_Out_Pong
00010ed8   _SWI_BSPLink_In_Ping
00010f04   _SWI_BSPLink_In_Pong
00010a94   _SWI_D_curfxn
00010a84   _SWI_D_curmask
00010a88   _SWI_D_curset
00010a80   _SWI_D_execaddr
00010a9c   _SWI_D_inswi
00010a8c   _SWI_D_lock
00010a98   _SWI_D_rdybeg
00010a7c   _SWI_D_runaddr
000015f0   _SWI_LEDToggle
00010a7c   _SWI_data
00008700   _SWI_disable
00008728   _SWI_enable
00005410   _SWI_post
00010a70   _SYS
00010c80   _SYS_PUTCBEG
00010e7f   _SYS_PUTCEND
00008760   _SYS_abort
000081e0   _SYS_exit
0000f6d8   _SYS_exitStack
00010c64   _SYS_exitStackPtr
00010c68   _SYS_exitStackTop
000038a0   _TIMER_open
000039e0   _TIMER_reset
0001161c   _TRC_R_mask
00010c58   _TSK
0000f47c   _TSK_ATTRS
000113f4   _TSK_LEDTOGGLE
0000f498   _TSK_config
00007560   _TSK_exit
00011394   _TSK_idle
0000fbc0   _TSK_init
00010c50   _TSK_nTasks
00010c54   _TSK_pid
00006fe0   _TSK_setup
00007940   _TSK_startup
0000f4b8   _TSK_timerSem
00008900   _UTL_doAbort
00008a00   _UTL_doError
000087c0   _UTL_doPutc
00008a20   _UTL_halt
00007530   __CLK_lat1beg
0000755c   __CLK_lat1end
000029c0   __CSL_init
000051f4   __GBL_setL2CacheMode
00010a78   __HOOK_NUMHOOKS
00010a74   __HOOK_knlId
000058e0   __HWI_lat1beg
00005a60   __HWI_lat1end
00005a60   __HWI_lat2beg
00005c00   __HWI_lat2end1
00005b8c   __HWI_lat2end2
00005c20   __HWI_lat3beg
00005d20   __HWI_lat3end1
00005bbc   __HWI_lat3end2
000083e0   __IDL_lat1beg
00008430   __IDL_lat1end
0000f334   __IRQ_dispatchTable
0000f270   __IRQ_eventTable
000047a0   __IRQ_hookFetchPacket
000042a0   __IRQ_init
0000f2f4   __IRQ_intTable
00007a50   __KNL_lat1beg
00007ad8   __KNL_lat1end
00008460   __LOG_lat1beg
0000f650   __MCBSP_hDev0
0000f654   __MCBSP_hDev1
0000f5a8   __MEM_mutex
00006458   __RTA_lat1beg
00006490   __RTA_lat1end
00006dc0   __SEM_dopost
0000ca40   __STACK_END
00004000   __STACK_SIZE
0000554c   __SWI_lat1beg
00005600   __SWI_lat1end
00005604   __SWI_lat2beg
00005674   __SWI_lat2end
000053a0   __SWI_lat3beg
0000540c   __SWI_lat3end
0000f6b4   __TIMER_deviceTable
0000f6d4   __TIMER_hBios
0000f6cc   __TIMER_hDev0
0000f6d0   __TIMER_hDev1
0000f580   __TSK_mutex
0000f71c   ___TI_enable_exit_profile_output
ffffffff   ___TI_pprof_out_hndl
ffffffff   ___TI_prof_data_size
ffffffff   ___TI_prof_data_start
000045e0   ___add_dtor
0000f0c0   ___atexit_func_id__
ffffffff   ___binit__
000108b0   ___bss__
ffffffff   ___c_args__
0000ca40   ___cinit__
00000000   ___data__
00000000   ___edata__
00010c80   ___end__
000047c0   ___etext__
0001160c   ___pinit__
00000200   ___text__
00007700   __auto_init
0000f714   __cleanup_ptr
0000f718   __dtors_ptr
0000f720   __lock
00004740   __nop
00004760   __register_lock
00004780   __register_unlock
00008a40   __stack
00003ee0   __strasg
0000f724   __unlock
00003fc0   _atexit
0000fb00   _c_int00
00003600   _call_dtors
00010b54   _configComplete
0000f434   _configEDMABSPLinkRcv
0000f44c   _configEDMABSPLinkXmt_Ping
0000f464   _configEDMABSPLinkXmt_Pong
0000f5f0   _configEDMARcv
0000f608   _configEDMAXmt
00000498   _config_AIC23_EDMA
000016e0   _config_BSPLink
000019c4   _config_BSPLink_EDMA
00000a04   _config_interrupts
0000f5d0   _datainterface_config
0000f728   _dtors
00010bf0   _hEdmaBSPLinkRcv
00010bf4   _hEdmaBSPLinkRcvRelPing
00010bf8   _hEdmaBSPLinkRcvRelPong
00010bfc   _hEdmaBSPLinkXmt
00010b1c   _hEdmaRcv
00010b20   _hEdmaRcvRelPing
00010b24   _hEdmaRcvRelPong
00010b28   _hEdmaXmt
00010b2c   _hEdmaXmtRelPing
00010b30   _hEdmaXmtRelPong
00010b18   _hMcbsp_AIC23
00010c7c   _hMcbsp_AIC23_Config
00010bec   _hMcbsp_Link
0000029c   _main
00002540   _memcpy
00001408   _read_ring_buffer_in
00010b44   _ringbuff_in_read_i
00010b48   _ringbuff_in_write_i
00010c48   _rtdxNullChanCnt
00010c4c   _rtdxNullFuncCnt
00010070   _rtdx_buffer_state
00010090   _rtdx_mon_state
00010b4c   _soundBuffer_i
00010b58   _t_reg
0000f540   _tccAllocTable
00010c00   _tccBSPLinkRcvPing
00010c04   _tccBSPLinkRcvPong
00010c08   _tccBSPLinkXmtPing
00010c0c   _tccBSPLinkXmtPong
00010b34   _tccRcvPing
00010b38   _tccRcvPong
00010b3c   _tccXmtPing
00010b40   _tccXmtPong
00010b50   _time_cnt
0000161c   _tsk_led_toggle
00003480   _wait500nS
0000137c   _write_ring_buffer_in
ffffffff   binit
0000ca40   cinit
00000000   edata
00010c80   end
000047c0   etext
00000000   hwi0
00000020   hwi1
00000140   hwi10
00000160   hwi11
00000180   hwi12
000001a0   hwi13
000001c0   hwi14
000001e0   hwi15
00000040   hwi2
00000060   hwi3
00000080   hwi4
000000a0   hwi5
000000c0   hwi6
000000e0   hwi7
00000100   hwi8
00000120   hwi9
0001160c   pinit


GLOBAL SYMBOLS: SORTED BY Symbol Address 

address    name
--------   ----
00000000   .data
00000000   BUF$
00000000   CLK_COUNTSPMSHIGH
00000000   CLK_PRDHIGH
00000000   CLK_TDDR
00000000   CLK_TDDRHIGH
00000000   CLK_TIMERNUM
00000000   DEV$
00000000   DGN$
00000000   DHL$
00000000   DHL_gChannelsAvailable
00000000   DIO$
00000000   DIO_NUMSWIBASE
00000000   DIO_NUMTSKBASE
00000000   DIO_STATIC
00000000   DPI$
00000000   GBL_BIGENDIAN
00000000   GBL_C641XL2PRIORITY
00000000   GBL_CACHE
00000000   GBL_L2CONFIGALLOC
00000000   GBL_L2MARMASK1
00000000   GBL_L2MARMASK2
00000000   GBL_L2MARMASK3
00000000   GBL_L2MARMASK4
00000000   GBL_L2MARMASK5
00000000   GBL_L2MODE
00000000   GBL_L2PRIORITY
00000000   GBL_NULL
00000000   GBL_PROCID
00000000   GBL_ROM
00000000   GBL_SUPPORTCSL
00000000   GIO$
00000000   HOOK$
00000000   HOOK_KNLID
00000000   HST_DSM
00000000   HST_NONE
00000000   HWI_A_VECS
00000000   HWI_GENERATE_RESET_VEC
00000000   HWI_INT10$hwi
00000000   HWI_INT11$hwi
00000000   HWI_INT12$hwi
00000000   HWI_INT13$hwi
00000000   HWI_INT14$hwi
00000000   HWI_INT15$hwi
00000000   HWI_INT4$hwi
00000000   HWI_INT5$hwi
00000000   HWI_INT6$hwi
00000000   HWI_INT7$hwi
00000000   HWI_INT8$hwi
00000000   HWI_INT9$hwi
00000000   HWI_NMI$hwi
00000000   HWI_POLARITYMASK
00000000   HWI_RESERVED0$hwi
00000000   HWI_RESERVED1$hwi
00000000   HWI_RESET
00000000   HWI_RESET$hwi
00000000   IDL_busyObj$iB
00000000   IDL_busyObj$operation
00000000   KNL_swi$pri
00000000   KNL_swi$sts$unittype
00000000   KNL_swi$swi
00000000   LOG_system$datatype
00000000   LOG_system$log
00000000   MBX$
00000000   MEM_NULL
00000000   MEM_USEMPC
00000000   MSGQ$
00000000   MSGQ_USEMSGQ
00000000   OBJ$
00000000   PIP$
00000000   PIP_gNextId
00000000   POOL$
00000000   POOL_USEPOOL
00000000   PRD_Sek$mode
00000000   PRD_Sek$prd
00000000   PRD_Sek$sts$filter
00000000   PRD_swi$sts$unittype
00000000   PRD_swi$swi
00000000   RTA_fromHost$hst
00000000   RTA_fromHost$mode
00000000   RTA_toHost$hst
00000000   RTA_toHost$id
00000000   RTDX_MODE
00000000   RTDX_USERTEXECUTION
00000000   SIO$
00000000   SWI_ADC_In_Ping$sts$unittype
00000000   SWI_ADC_In_Ping$swi
00000000   SWI_ADC_In_Pong$sts$unittype
00000000   SWI_ADC_In_Pong$swi
00000000   SWI_ADC_Out_Ping$sts$unittype
00000000   SWI_ADC_Out_Ping$swi
00000000   SWI_ADC_Out_Pong$sts$unittype
00000000   SWI_ADC_Out_Pong$swi
00000000   SWI_BSPLink_In_Ping$sts$unittype
00000000   SWI_BSPLink_In_Ping$swi
00000000   SWI_BSPLink_In_Pong$sts$unittype
00000000   SWI_BSPLink_In_Pong$swi
00000000   SWI_EHOOKFXN
00000000   SWI_IHOOKFXN
00000000   TSK_LEDTOGGLE$sts$unittype
00000000   TSK_LEDTOGGLE$tsk
00000000   TSK_NUM_HOOKS
00000000   TSK_READYFXN
00000000   TSK_STACKSEG
00000000   TSK_SWITCHFXN
00000000   TSK_idle$pri
00000000   TSK_idle$sts$unittype
00000000   TSK_idle$tsk
00000000   UDEV$
00000000   _CLK_TDDR
00000000   _CLK_TIMERNUM
00000000   _GBL_CACHE
00000000   _HWI_RESET
00000000   _RTDX_interrupt_mask
00000000   ___data__
00000000   ___edata__
00000000   edata
00000000   hwi0
00000001   BUF_ENABLED
00000001   CLK$
00000001   CLK_CALDIV
00000001   CLK_HTIMEDIV
00000001   CLK_LTIMEDIV
00000001   CLK_USETIMER
00000001   GBL$
00000001   GBL_CALLCSLCFGINIT
00000001   GBL_ENABLEINST
00000001   GBL_L2CONFIGURE
00000001   GBL_L2MARMASK
00000001   GBL_USERINIT
00000001   GBL_boot
00000001   HST$
00000001   HST_RTDX
00000001   HWI$
00000001   HWI_NMI
00000001   HWI_ZEROTAB
00000001   IDL$
00000001   IDL_USECLKIDLTIME
00000001   IDL_busyObj$filter
00000001   IDL_busyObj$iA
00000001   IDL_busyObj$iC
00000001   ISRC$
00000001   KNL_swi$dorta
00000001   KNL_swi$sts$filtmaxmult
00000001   KNL_swi$sts$filtsummult
00000001   LCK$
00000001   LOG$
00000001   LOG_A_TABLEN
00000001   LOG_ENABLED
00000001   MEM$
00000001   MEM_gNumHeap
00000001   PRD$
00000001   PRD_A_TABLEN
00000001   PRD_Sek$ord
00000001   PRD_swi$dorta
00000001   PRD_swi$ord
00000001   PRD_swi$pri
00000001   PRD_swi$sts$filtmaxmult
00000001   PRD_swi$sts$filtsummult
00000001   QUE$
00000001   RTA_fromHost$id
00000001   RTA_toHost$mode
00000001   RTDX$
00000001   RTDX_NORMALIZED_HDR
00000001   RTDX_USERTDX
00000001   SEM$
00000001   STS$
00000001   SWI$
00000001   SWI_ADC_In_Ping$dorta
00000001   SWI_ADC_In_Ping$sts$filtmaxmult
00000001   SWI_ADC_In_Ping$sts$filtsummult
00000001   SWI_ADC_In_Pong$dorta
00000001   SWI_ADC_In_Pong$sts$filtmaxmult
00000001   SWI_ADC_In_Pong$sts$filtsummult
00000001   SWI_ADC_Out_Ping$dorta
00000001   SWI_ADC_Out_Ping$sts$filtmaxmult
00000001   SWI_ADC_Out_Ping$sts$filtsummult
00000001   SWI_ADC_Out_Pong$dorta
00000001   SWI_ADC_Out_Pong$sts$filtmaxmult
00000001   SWI_ADC_Out_Pong$sts$filtsummult
00000001   SWI_BSPLink_In_Ping$dorta
00000001   SWI_BSPLink_In_Ping$sts$filtmaxmult
00000001   SWI_BSPLink_In_Ping$sts$filtsummult
00000001   SWI_BSPLink_In_Pong$dorta
00000001   SWI_BSPLink_In_Pong$sts$filtmaxmult
00000001   SWI_BSPLink_In_Pong$sts$filtsummult
00000001   SYS$
00000001   TSK$
00000001   TSK_LEDTOGGLE$sts$filtmaxmult
00000001   TSK_LEDTOGGLE$sts$filtsummult
00000001   TSK_PRIORITY
00000001   TSK_idle$ord
00000001   TSK_idle$sts$filtmaxmult
00000001   TSK_idle$sts$filtsummult
00000001   _CLK_USETIMER
00000001   _HWI_NMI
00000001   _LOG_A_TABLEN
00000002   HWI_RESERVED0
00000002   IDL_busyObj$unittype
00000002   KNL_swi$ord
00000002   KNL_swi$sts$filter
00000002   PIP_A_TABLEN
00000002   PIP_gNumEmbed
00000002   PRD_Sek$sts$unittype
00000002   PRD_swi$sts$filter
00000002   SWI_ADC_In_Ping$pri
00000002   SWI_ADC_In_Ping$sts$filter
00000002   SWI_ADC_In_Pong$pri
00000002   SWI_ADC_In_Pong$sts$filter
00000002   SWI_ADC_Out_Ping$pri
00000002   SWI_ADC_Out_Ping$sts$filter
00000002   SWI_ADC_Out_Pong$pri
00000002   SWI_ADC_Out_Pong$sts$filter
00000002   SWI_BSPLink_In_Ping$sts$filter
00000002   SWI_BSPLink_In_Pong$sts$filter
00000002   TSK_LEDTOGGLE$pri
00000002   TSK_LEDTOGGLE$sts$filter
00000002   TSK_idle$sts$filter
00000002   _HWI_RESERVED0
00000002   _RTDX_JTAGONLY
00000003   HWI_RESERVED1
00000003   SWI_BSPLink_In_Ping$ord
00000003   SWI_BSPLink_In_Ping$pri
00000003   SWI_BSPLink_In_Pong$pri
00000003   TSK_LEDTOGGLE$ord
00000003   _HWI_RESERVED1
00000004   CLK_CALMULT
00000004   CLK_HTIMEMULT
00000004   HWI_INT4
00000004   RTA_fromHost$framesize
00000004   SWI_BSPLink_In_Pong$ord
00000004   _HWI_INT4
00000005   HWI_INT5
00000005   SWI_ADC_Out_Ping$ord
00000005   _HWI_INT5
00000006   HWI_INT6
00000006   IDL_CALIBRERROR
00000006   SWI_ADC_Out_Pong$ord
00000006   _HWI_INT6
00000007   HWI_INT7
00000007   SWI_ADC_In_Ping$ord
00000007   _HWI_INT7
00000008   HWI_INT8
00000008   PRD_SCALAR
00000008   SWI_ADC_In_Pong$ord
00000008   SWI_A_TABLEN
00000008   _HWI_INT8
00000009   HWI_INT9
00000009   _HWI_INT9
0000000a   HWI_INT10
0000000a   _HWI_INT10
0000000b   HWI_INT11
0000000b   _HWI_INT11
0000000c   HWI_INT12
0000000c   _HWI_INT12
0000000d   HWI_INT13
0000000d   _HWI_INT13
0000000e   HWI_INT14
0000000e   _HWI_INT14
0000000f   HWI_INT15
0000000f   _HWI_INT15
00000020   CLK_TCR
00000020   hwi1
0000003e   GBL_DSPTYPE
00000040   HST_MAXFRAMESET
00000040   LOG_system$size
00000040   RTA_toHost$framesize
00000040   hwi2
00000042   GBL_FOOTPRINT
00000060   hwi3
00000064   PIP_OBJSIZE
00000080   hwi4
000000a0   hwi5
000000c0   hwi6
000000e0   hwi7
000000ff   HST_MAXFRAMEALLOWED
00000100   hwi8
00000120   hwi9
00000140   hwi10
00000160   hwi11
00000180   hwi12
000001a0   hwi13
000001c0   hwi14
000001e0   hwi15
00000200   .text
00000200   ___text__
0000029c   _main
000003e8   CLK_MICROSECS
000003e8   PRD_Sek$period
00000400   HST_DSMMEMSIZE
00000400   TSK_STACKSIZE
00000408   RTDX_BUFMEMSIZE
00000498   _config_AIC23_EDMA
00000a04   _config_interrupts
00000a98   _EDMA_ISR
00000fac   _ADC_Out_Ping
00000fec   _ADC_Out_Pong
0000102c   _ADC_In_Ping
00001194   _ADC_In_Pong
000012fc   _BSPLink_In_Ping
0000133c   _BSPLink_In_Pong
0000137c   _write_ring_buffer_in
00001408   _read_ring_buffer_in
000015f0   _SWI_LEDToggle
0000161c   _tsk_led_toggle
000016e0   _config_BSPLink
00001770   GBL_CLKTYPE
0000178c   _BSPLink_EDMA_Stop
00001804   _BSPLink_EDMA_Start_Pong
000018f8   _BSPLink_EDMA_Start_Ping
000019c4   _config_BSPLink_EDMA
00001a39   GBL_DSPSUBTYPE
00001e8c   _DSK6713_init
000021a8   _DSK6713_rget
000021bc   _DSK6713_rset
000021d0   _DSK6713_wait
00002226   GBL_L2ALLOC
00002228   _DSK6713_waitusec
00002254   _DSK6713_getVersion
000022c0   _EDMA_open
00002540   _memcpy
00002780   _Config_DSK6713_AIC23
000029c0   __CSL_init
00002be0   _DSK6713_LED_init
00002c20   _DSK6713_LED_off
00002c90   _DSK6713_LED_on
00002d00   _DSK6713_LED_toggle
00002dc0   _IRQ_map
00003140   _EDMA_allocTable
000032e0   _MCBSP_reset
00003480   _wait500nS
000034a8   GBL_USERINITFXN
000034a8   _GBL_setPLLto225MHz
00003600   _call_dtors
00003760   _EDMA_reset
000038a0   _TIMER_open
000039e0   _TIMER_reset
00003b00   _EDMA_intAlloc
00003c00   _MCBSP_open
00003d00   _MCBSP_start
00003e00   _EDMA_config
00003ee0   __strasg
00003fc0   _atexit
00004000   CLK_INTBIT
00004000   __STACK_SIZE
00004160   _MCBSP_close
00004200   _MCBSP_config
000042a0   __IRQ_init
000043e0   _EDMA_disableChannel
00004440   _EDMA_enableChannel
000044a0   _EDMA_intEnable
00004500   _EDMA_qdmaConfig
00004560   _EDMA_link
000045a0   _IRQ_enable
000045e0   ___add_dtor
00004620   _CSL6713_LIB_
00004640   _EDMA_intClear
00004660   _EDMA_intTest
00004680   _IRQ_clear
000046a0   _IRQ_globalEnable
000046c0   _MCBSP_getRcvAddr
000046e0   _MCBSP_getXmtAddr
00004700   _MCBSP_write
00004720   _MCBSP_xrdy
00004740   __nop
00004760   __register_lock
00004780   __register_unlock
000047a0   __IRQ_hookFetchPacket
000047c0   LNK_F_checkBufferCall
000047c0   ___etext__
000047c0   etext
000047e0   LNK_F_getChanPtr
00004838   LNK_F_init
00004840   LNK_F_dataPump
00004854   LNK_rcloop
00004920   LNK_rdrtry
00004930   LNK_rrloop
000049f4   LNK_wrrtry
00004a04   LNK_wrloop
00004ae0   LNK_newin
00004c20   LNK_newout
00004d84   LNK_F_readCallBack
00004e20   GBL_CLKIN
000051f4   __GBL_setL2CacheMode
00005205   GBL_A_VERSION
00005308   HWI_CFGDISPATCHED
00005308   _HWI_CFGDISPATCHED
000053a0   SWI_F_enable
000053a0   __SWI_lat3beg
0000540c   __SWI_lat3end
00005410   SWI_F_post
00005410   _SWI_post
0000554c   __SWI_lat1beg
000055bc   SWI_EXECFXN
000055bc   SWI_F_exec
000055e8   SWI_F_iexec
00005600   __SWI_lat1end
00005604   __SWI_lat2beg
00005674   __SWI_lat2end
00005678   SWI_F_run
00005678   SWI_RUNFXN
000058e0   CLK_HOOKFXN
000058e0   HWI_F_dispatch
000058e0   _HWI_F_dispatch
000058e0   __HWI_lat1beg
00005a60   __HWI_lat1end
00005a60   __HWI_lat2beg
00005b8c   __HWI_lat2end2
00005bbc   __HWI_lat3end2
00005c00   __HWI_lat2end1
00005c20   __HWI_lat3beg
00005d20   __HWI_lat3end1
00005d40   PRD_F_swi
00006000   PRD_F_tick
000060e0   _KNL_run
000063a0   RTA_F_getlog
000063e4   RTA_F_getsts
0000642c   RTA_F_readblk
0000644c   RTA_F_writeword
00006458   RTA_F_resetmem
00006458   __RTA_lat1beg
00006490   __RTA_lat1end
00006498   RTA_F_dispatch
000064e8   RTA_execute
00006660   _SEM_pendEnterKnl
00006b60   PRD_THOOKFXN
00006b60   _KNL_tick
00006b80   PIP_F_take
00006c14   PIP_F_give
00006c14   PIP_F_probe
00006ce8   PIP_F_start
00006dc0   __SEM_dopost
00006fe0   _TSK_setup
000071e0   _KNL_saveIsrFrame
000072ac   _KNL_switch
00007360   KNL_glue
000073a0   CLK_F_getltime
000073b4   CLK_F_isr
00007514   CLK_F_itime
00007514   _CLK_F_itime
00007514   _CLK_itime
00007530   __CLK_lat1beg
0000755c   __CLK_lat1end
00007560   _TSK_exit
00007700   __auto_init
00007940   _TSK_startup
00007a00   _KNL_check
00007a50   __KNL_lat1beg
00007ad8   _KNL_idle
00007ad8   __KNL_lat1end
00007afc   _KNL_max
00007b40   _GBL_cslCacheInit
00007c20   _KNL_exit
00007c74   _KNL_enter
00007d00   _SEM_postEnterKnl
00007de0   _SEM_post
00007de0   _SEM_postBinary
00007ec0   _CLK_measure
00007fa0   _KNL_ipost
00008000   SDRAM$L
00008000   _SDRAM_length
00008060   _KNL_post
00008120   _LCK_post
00008150   _LCK_pend
000081e0   _SYS_exit
000082a0   CLK_F_getfhtime
000082c0   CLK_F_gethtime
000082c0   CLK_F_getshtime
000082c0   CLK_TIMEFXN
00008360   FXN_F_nop
00008368   FXN_F_run
00008368   _FXN_F_run
000083b8   FXN_F_zero
000083b8   _FXN_F_zero
000083e0   IDL_F_busy
000083e0   __IDL_lat1beg
00008430   __IDL_lat1end
00008460   LOG_F_event
00008460   _LOG_event
00008460   __LOG_lat1beg
000084e0   STS_F_delta
000084e0   _STS_delta
00008518   STS_F_add
00008518   _STS_add
00008544   STS_F_reset
00008544   _STS_reset
00008560   IDL_F_calibrate
000085e0   _HWI_disable
000085f8   _HWI_enable
0000860c   _HWI_restore
00008640   _SEM_pendBinary
000086a0   _SEM_pend
00008700   _SWI_disable
00008728   _SWI_enable
00008760   _SYS_abort
000087c0   SYS_PUTCFXN
000087c0   _UTL_doPutc
00008820   _CLK_start
00008880   IDL_CALIBRFXN
00008880   IDL_F_stub
000088c0   RTA_F_andn
000088e0   RTA_F_or
00008900   SYS_ABORTFXN
00008900   _UTL_doAbort
00008940   _CLK_stop
00008980   GIO_CREATEFXN
00008980   GIO_DELETEFXN
00008980   GIO_PENDFXN
00008980   GIO_POSTFXN
00008980   TSK_VCREATEFXN
00008980   TSK_VDELETEFXN
00008980   TSK_VEXITFXN
00008980   _FXN_F_nop
000089a0   _GBL_getVersion
000089c0   IDL_F_loop
000089c0   _IDL_loop
000089e0   _STS_set
00008a00   SYS_ERRORFXN
00008a00   _UTL_doError
00008a20   SYS_EXITFXN
00008a20   _UTL_halt
00008a40   GBL_stackbeg
00008a40   _HWI_STKTOP
00008a40   __stack
0000ca38   _HWI_STKBOTTOM
0000ca3f   GBL_stackend
0000ca40   __STACK_END
0000ca40   ___cinit__
0000ca40   cinit
0000dbba   CLK_COUNTSPMS
0000dbba   CLK_HTIMEPERLTIME
0000dbba   CLK_PRD
0000dbba   _CLK_COUNTSPMS
0000dbba   _CLK_PRD
0000dbef   GBL_TRCMASKVALUE
0000e204   LOG_A_TABBEG
0000e204   LOG_system
0000e204   _LOG_A_TABBEG
0000e204   _LOG_system
0000e21c   LOG_A_TABEND
0000e21c   _LOG_A_TABEND
0000e220   _RTDX_Poll
0000e620   _RTDX_Buffer_WriteCB
0000ec60   _RTDX_Mon_Queue
0000ee80   _RTDX_Init_RT_Monitor
0000ef00   _RTDX_Buffer_Initialize
0000ef60   _RTDX_Buffer_ReadCB
0000efc0   _RTDX_Buffer_Size
0000f000   _RTDX_Final_RT_Monitor
0000f040   _RTDX_Buffer_Read
0000f060   _RTDX_Buffer_Write
0000f0a0   _RTDX_Mask_IER
0000f0c0   ___atexit_func_id__
0000f270   __IRQ_eventTable
0000f2f4   __IRQ_intTable
0000f334   __IRQ_dispatchTable
0000f33c   _KNL_queues
0000f3dc   _KNL_dummy
0000f414   _BSPLink_interface_config
0000f434   _configEDMABSPLinkRcv
0000f44c   _configEDMABSPLinkXmt_Ping
0000f464   _configEDMABSPLinkXmt_Pong
0000f47c   _TSK_ATTRS
0000f498   _TSK_config
0000f4b8   _TSK_timerSem
0000f4d8   _OBJ_table
0000f510   _OBJ_segtab
0000f540   _tccAllocTable
0000f580   __TSK_mutex
0000f5a8   __MEM_mutex
0000f5d0   _datainterface_config
0000f5f0   _configEDMARcv
0000f608   _configEDMAXmt
0000f650   __MCBSP_hDev0
0000f654   __MCBSP_hDev1
0000f6b4   __TIMER_deviceTable
0000f6cc   __TIMER_hDev0
0000f6d0   __TIMER_hDev1
0000f6d4   __TIMER_hBios
0000f6d8   _SYS_exitStack
0000f714   __cleanup_ptr
0000f718   __dtors_ptr
0000f71c   ___TI_enable_exit_profile_output
0000f720   __lock
0000f724   __unlock
0000f728   _dtors
0000f72c   _DSK6713_version
0000f730   RTA_fromHost$buf
0000f740   BIOS_init
0000f740   _BIOS_init
0000f8bc   BIOS$$CLKON
0000f8fc   BIOS$$CLKOFF
0000f964   BIOS_start
0000f964   _BIOS_start
0000fa20   _MEM_init
0000fb00   _c_int00
0000fbc0   _TSK_init
0000fc40   _OBJ_init
0000fc60   _RTDX_Buffer
00010068   _RTDX_Buffer_Start
0001006c   _RTDX_Buffer_End
00010070   _rtdx_buffer_state
0001007c   _RTDX_writing
00010090   _rtdx_mon_state
000100b0   TSK_LEDTOGGLE$stack
00010448   TSK_LEDTOGGLE$stkptr
000104b0   TSK_idle$stack
00010848   TSK_idle$stkptr
000108b0   $bss
000108b0   .bss
000108b0   _HWI_dispatchTab
000108b0   ___bss__
000109b0   IDL_D_tabbeg
000109b4   IDL_D_calibrate
000109b8   IDL_D_calbeg
000109bc   LOG_D_system
000109bc   _LOG_D_system
000109c0   PIP_D_tabbeg
000109c4   PIP_D_tablen
000109c8   CLK_R_time
000109cc   CLK_D_timefxn
000109d0   CLK_D_tabbeg
000109d4   CLK_D_isrhook
000109d8   CLK_D_idletime
000109dc   _CLK_htimeDiv
000109e0   _CLK_htimeMult
000109e4   _CLK_ltimeDiv
000109e8   _CLK_ltimeMult
000109ec   _CLK_D_dirty
000109f0   _CLK_D_prd
000109f4   _CLK_D_tddr
000109f8   _CLK_D_countspms
000109fc   PRD_D_tick
000109fc   _PRD_D_tick
00010a00   PRD_D_cur
00010a04   PRD_D_elapsed
00010a08   PRD_D_prevtim
00010a0c   PRD_D_scalar
00010a10   PRD_D_swihandle
00010a14   PRD_D_tabbeg
00010a18   PRD_D_tablen
00010a1c   PRD_D_thook
00010a20   RTA_D_fromHost
00010a24   RTA_D_toHost
00010a28   RTA_D_logval
00010a38   RTA_D_stsval
00010a44   HST_D_chanmask
00010a48   HST_D_tabbeg
00010a4c   HST_D_tabend
00010a50   _GBL_procId
00010a54   _GBL_clkIn
00010a58   _GBL_freq
00010a5c   _MEM_D_NUMSEGMENTS
00010a60   _MEM_D_memtab
00010a64   _MEM_D_freelist
00010a68   _MEM_D_lockaddr
00010a6c   _MEM_D_unlockaddr
00010a70   _SYS
00010a74   __HOOK_knlId
00010a78   __HOOK_NUMHOOKS
00010a7c   SWI_D_runaddr
00010a7c   _SWI_D_runaddr
00010a7c   _SWI_data
00010a80   SWI_D_execaddr
00010a80   _SWI_D_execaddr
00010a84   SWI_D_curmask
00010a84   _SWI_D_curmask
00010a88   SWI_D_curset
00010a88   _SWI_D_curset
00010a8c   SWI_D_lock
00010a8c   _SWI_D_lock
00010a90   SWI_D_curmbox
00010a94   SWI_D_curfxn
00010a94   _SWI_D_curfxn
00010a98   SWI_D_rdybeg
00010a98   _SWI_D_rdybeg
00010a9c   SWI_D_inswi
00010a9c   _SWI_D_inswi
00010aa0   SWI_D_rdytab
00010b18   _hMcbsp_AIC23
00010b1c   _hEdmaRcv
00010b20   _hEdmaRcvRelPing
00010b24   _hEdmaRcvRelPong
00010b28   _hEdmaXmt
00010b2c   _hEdmaXmtRelPing
00010b30   _hEdmaXmtRelPong
00010b34   _tccRcvPing
00010b38   _tccRcvPong
00010b3c   _tccXmtPing
00010b40   _tccXmtPong
00010b44   _ringbuff_in_read_i
00010b48   _ringbuff_in_write_i
00010b4c   _soundBuffer_i
00010b50   _time_cnt
00010b54   _configComplete
00010b58   _t_reg
00010b7c   _KNL_wFlag
00010b80   _KNL_wList
00010b84   _KNL_alarm
00010b88   _KNL_setpri
00010b8c   _KNL_inactive
00010b90   _KNL_priority
00010b94   _KNL_set
00010b98   _KNL_curtask
00010b9c   _KNL_prevtask
00010ba0   _KNL_curtime
00010ba4   _KNL_swiptr
00010ba8   _KNL_curqueue
00010bac   _KNL_maxqueue
00010bb0   _KNL_tswitchfxn
00010bb4   _KNL_tcreatefxn
00010bb8   _KNL_tdeletefxn
00010bbc   _KNL_treadyfxn
00010bc0   _KNL_idlefxn
00010bc4   _MEM_memtab
00010bd0   MEM_MALLOCSEG
00010bd0   MEM_SEGZERO
00010bd0   SDRAM
00010bd0   _SDRAM
00010bd4   RTA_fromHost$pipe$dtab
00010be0   RTA_toHost$pipe$dtab
00010bec   _hMcbsp_Link
00010bf0   _hEdmaBSPLinkRcv
00010bf4   _hEdmaBSPLinkRcvRelPing
00010bf8   _hEdmaBSPLinkRcvRelPong
00010bfc   _hEdmaBSPLinkXmt
00010c00   _tccBSPLinkRcvPing
00010c04   _tccBSPLinkRcvPong
00010c08   _tccBSPLinkXmtPing
00010c0c   _tccBSPLinkXmtPong
00010c10   HWI_D_spsave
00010c10   _HWI_D_spsave
00010c10   _HWI_data
00010c1c   _HWI_D_inhwi
00010c20   HWI_D_bss
00010c24   HWI_D_ccmask
00010c28   LNK_dspFrameRequestMask
00010c28   _LNK_dspFrameRequestMask
00010c2c   LNK_dspFrameReadyMask
00010c2c   _LNK_dspFrameReadyMask
00010c30   LNK_readPend
00010c30   _LNK_readPend
00010c34   LNK_readDone
00010c34   _LNK_readDone
00010c38   LNK_readFail
00010c38   _LNK_readFail
00010c3c   LNK_writeFail
00010c3c   _LNK_writeFail
00010c48   _rtdxNullChanCnt
00010c4c   _rtdxNullFuncCnt
00010c50   _TSK_nTasks
00010c54   _TSK_pid
00010c58   _TSK
00010c5c   _CLK_DFLTMICROSECS
00010c60   _CLK_D_microseconds
00010c64   _SYS_exitStackPtr
00010c68   _SYS_exitStackTop
00010c6c   _CLK_htimePerLtime
00010c74   IDL_D_busyObj
00010c78   _MEM
00010c7c   _hMcbsp_AIC23_Config
00010c80   _SYS_PUTCBEG
00010c80   ___end__
00010c80   end
00010e7f   _SYS_PUTCEND
00010e80   PRD_SWIHANDLE
00010e80   PRD_swi
00010e80   SWI_A_TABBEG
00010e80   _PRD_swi
00010eac   KNL_swi
00010eac   _KNL_swi
00010ed8   SWI_BSPLink_In_Ping
00010ed8   _SWI_BSPLink_In_Ping
00010f04   SWI_BSPLink_In_Pong
00010f04   _SWI_BSPLink_In_Pong
00010f30   SWI_ADC_Out_Ping
00010f30   _SWI_ADC_Out_Ping
00010f5c   SWI_ADC_Out_Pong
00010f5c   _SWI_ADC_Out_Pong
00010f88   SWI_ADC_In_Ping
00010f88   _SWI_ADC_In_Ping
00010fb4   SWI_ADC_In_Pong
00010fb4   _SWI_ADC_In_Pong
00010fe0   PRD_A_TABBEG
00010fe0   PRD_Sek
00010fe0   SWI_A_TABEND
00010fe0   _PRD_Sek
00010ffc   PRD_Sek$aaa
00011000   LOG_system$buf
00011000   PRD_A_TABEND
00011100   RTA_toHost$buf
00011200   PIP_A_TABBEG
00011200   RTA_fromHost$pipe
00011200   _PIP_A_TABBEG
00011204   RTA_fromHost$pipe$rd
00011230   RTA_fromHost$pipe$aaa
00011234   RTA_fromHost$pipe$wr
00011260   RTA_fromHost$pipe$bbb
00011264   RTA_toHost$pipe
00011268   RTA_toHost$pipe$rd
00011294   RTA_toHost$pipe$aaa
00011298   RTA_toHost$pipe$wr
000112c4   RTA_toHost$pipe$bbb
000112c8   PIP_A_TABEND
000112c8   PRD_Sek$sts$stsobj
000112c8   STS_A_TABBEG
000112c8   _PIP_A_TABEND
000112c8   _STS_A_TABBEG
000112cc   PRD_Sek$sts
000112d8   PRD_swi$sts$stsobj
000112dc   PRD_swi$sts
000112e8   KNL_swi$sts$stsobj
000112ec   KNL_swi$sts
000112f8   SWI_BSPLink_In_Ping$sts$stsobj
000112fc   SWI_BSPLink_In_Ping$sts
00011308   SWI_BSPLink_In_Pong$sts$stsobj
0001130c   SWI_BSPLink_In_Pong$sts
00011318   SWI_ADC_Out_Ping$sts$stsobj
0001131c   SWI_ADC_Out_Ping$sts
00011328   SWI_ADC_Out_Pong$sts$stsobj
0001132c   SWI_ADC_Out_Pong$sts
00011338   SWI_ADC_In_Ping$sts$stsobj
0001133c   SWI_ADC_In_Ping$sts
00011348   SWI_ADC_In_Pong$sts$stsobj
0001134c   SWI_ADC_In_Pong$sts
00011358   TSK_idle$sts$stsobj
0001135c   TSK_idle$sts
00011368   TSK_LEDTOGGLE$sts$stsobj
0001136c   TSK_LEDTOGGLE$sts
00011378   IDL_busyObj$stsobj
0001137c   IDL_busyObj
0001137c   _IDL_busyObj
00011388   STS_A_TABEND
00011388   _STS_A_TABEND
00011394   TSK_idle
00011394   _TSK_idle
000113f4   TSK_LEDTOGGLE
000113f4   _TSK_LEDTOGGLE
000114fd   PRD_Sek$sts$maxfmt
00011506   PRD_Sek$sts$sumfmt
0001150f   PRD_Sek$sts$avgfmt
0001151a   PRD_swi$sts$maxfmt
00011522   PRD_swi$sts$sumfmt
0001152a   PRD_swi$sts$avgfmt
00011534   KNL_swi$sts$maxfmt
0001153c   KNL_swi$sts$sumfmt
00011544   KNL_swi$sts$avgfmt
0001154c   HST_A_TABBEG
0001154c   _HST_A_TABBEG
0001154e   SWI_BSPLink_In_Ping$sts$maxfmt
00011550   RTA_fromHost
00011550   _RTA_fromHost
00011556   SWI_BSPLink_In_Ping$sts$sumfmt
00011558   RTA_fromHost$rtdx
0001155e   SWI_BSPLink_In_Ping$sts$avgfmt
00011568   SWI_BSPLink_In_Pong$sts$maxfmt
0001156c   RTA_toHost
0001156c   _RTA_toHost
00011570   SWI_BSPLink_In_Pong$sts$sumfmt
00011574   RTA_toHost$rtdx
00011578   SWI_BSPLink_In_Pong$sts$avgfmt
00011582   SWI_ADC_Out_Ping$sts$maxfmt
00011588   HST_A_TABEND
00011588   _HST_A_TABEND
0001158a   SWI_ADC_Out_Ping$sts$sumfmt
00011592   SWI_ADC_Out_Ping$sts$avgfmt
00011594   SEM_LEDToggle
00011594   _SEM_LEDToggle
0001159c   SWI_ADC_Out_Pong$sts$maxfmt
000115a4   SWI_ADC_Out_Pong$sts$sumfmt
000115ac   SWI_ADC_Out_Pong$sts$avgfmt
000115b6   SWI_ADC_In_Ping$sts$maxfmt
000115be   SWI_ADC_In_Ping$sts$sumfmt
000115c6   SWI_ADC_In_Ping$sts$avgfmt
000115d0   SWI_ADC_In_Pong$sts$maxfmt
000115d8   SWI_ADC_In_Pong$sts$sumfmt
000115dc   IDL_A_TABBEG
000115dc   IDL_cpuLoad
000115dc   _IDL_cpuLoad
000115e0   LNK_dataPump
000115e0   SWI_ADC_In_Pong$sts$avgfmt
000115e0   _LNK_dataPump
000115e4   RTA_dispatcher
000115e4   _RTA_dispatcher
000115e8   IDL_END
000115ea   TSK_idle$sts$maxfmt
000115ec   IDL_A_CALBEG
000115ec   IDL_cpuLoad$
000115f0   LNK_dataPump$
000115f2   TSK_idle$sts$sumfmt
000115f4   RTA_dispatcher$
000115f8   IDL_END$
000115fa   TSK_idle$sts$avgfmt
000115fc   SYS$config
00011604   TSK_LEDTOGGLE$sts$maxfmt
0001160c   TSK_LEDTOGGLE$sts$sumfmt
0001160c   ___pinit__
0001160c   pinit
00011614   TSK_LEDTOGGLE$sts$avgfmt
00011618   TRC_cinit
0001161c   TRC_R_mask
0001161c   _TRC_R_mask
0001161e   IDL_busyObj$maxfmt
00011620   GBL_initdone
00011621   IDL_busyObj$sumfmt
00011624   CLK_A_TABBEG
00011624   IDL_busyObj$avgfmt
00011624   PRD_clock
00011624   _PRD_clock
00011628   CLK_null
00036ee8   CLK_LTIMEMULT
00036ee8   GBL_FREQ
01940000   CLK_REGS
01940000   _CLK_REGS
082039a3   HWI_INTRMULTHIGH
250718a4   HWI_INTRMULTLOW
80000000   _AIC_Buffer_in_ping
800007d0   _AIC_Buffer_in_pong
80000fa0   _AIC_Buffer_out_ping
80001770   _AIC_Buffer_out_pong
80001f40   _Ringbuffer_in
800109a0   _Debug_Buff_ping
80011170   _Debug_Buff_pong
80011940   _BSPLinkBuffer_in_ping
80012174   _BSPLinkBuffer_in_pong
800129a8   _BSPLinkBuffer_out_ping
800131dc   _BSPLinkBuffer_out_pong
80013a10   SDRAM$B
80013a10   _SDRAM_base
8001ba10   _MySinus
ffffffff   HST_DSMBUFSEG
ffffffff   IRAM
ffffffff   RTDX_DATAMEMSEG
ffffffff   _IRAM
ffffffff   ___TI_pprof_out_hndl
ffffffff   ___TI_prof_data_size
ffffffff   ___TI_prof_data_start
ffffffff   ___binit__
ffffffff   ___c_args__
ffffffff   binit

[940 symbols]
