******************************************************************************
               TMS320C6x Linker PC v7.4.14                     
******************************************************************************
>> Linked Fri Jun 17 16:11:24 2016

OUTPUT FILE NAME:   <my_dsp_project.out>
ENTRY POINT SYMBOL: "_c_int00"  address: 00027180


MEMORY CONFIGURATION

         name            origin    length      used     unused   attr    fill
----------------------  --------  ---------  --------  --------  ----  --------
  IRAM                  00000000   0003e000  00028dcd  00015233  RWIX
  SDRAM                 80000000   00800000  000084c4  007f7b3c  RWIX


SECTION ALLOCATION MAP

 output                                  attributes/
section   page    origin      length       input sections
--------  ----  ----------  ----------   ----------------
.data      0    00000000    00000000     UNINITIALIZED

.vers      0    00000000    00000044     COPY SECTION
                  00000000    00000044     my_dsp_projectcfg.obj (.vers)

.hwi_vec   0    00000000    00000200     
                  00000000    00000200     my_dsp_projectcfg.obj (.hwi_vec)

.datenpuffer 
*          0    00000200    00013f88     UNINITIALIZED
                  00000200    00013498     skeleton.obj (.datenpuffer)
                  00013698    00000af0     config_BSPLink.obj (.datenpuffer)

.log       0    00014188    00000018     
                  00014188    00000018     my_dsp_projectcfg.obj (.log)

.text      0    000141a0    00005b00     
                  000141a0    00002320     skeleton.obj (.text)
                  000164c0    00000700     config_BSPLink.obj (.text)
                  00016bc0    00000480     dsk6713bsl.lib : dsk6713.obj (.text)
                  00017040    00000300     rts6700.lib : divf.obj (.text:__divf)
                  00017340    00000280     csl6713.lib : csl_edma.obj (.text:_EDMA_open)
                  000175c0    00000240     rts6700.lib : memcpy62.obj (.text:_memcpy)
                  00017800    00000240     config_AIC23.obj (.text)
                  00017a40    00000220     csl6713.lib : csl.obj (.text:__CSL_init)
                  00017c60    000001e0     dsk6713bsl.lib : dsk6713_led.obj (.text)
                  00017e40    000001c0     csl6713.lib : csl_irq.obj (.text:_IRQ_map)
                  00018000    000001c0                 : csl_irq.obj (.text:_mux2Tables)
                  000181c0    000001a0                 : csl_edma.obj (.text:_EDMA_allocTable)
                  00018360    000001a0                 : csl_mcbsp.obj (.text:_MCBSP_reset)
                  00018500    00000180     bios.a67 : gbl_cslpllinit62.o67 (.text)
                  00018680    00000160     rts6700.lib : sinit.obj (.text:_call_dtors)
                  000187e0    00000140     csl6713.lib : csl_edma.obj (.text:_EDMA_reset)
                  00018920    00000140                 : csl_timer.obj (.text:_TIMER_open)
                  00018a60    00000120                 : csl_timer.obj (.text:_TIMER_reset)
                  00018b80    00000120     rts6700.lib : memset.obj (.text:_memset)
                  00018ca0    00000100     csl6713.lib : csl_edma.obj (.text:_EDMA_intAlloc)
                  00018da0    00000100                 : csl_mcbsp.obj (.text:_MCBSP_open)
                  00018ea0    00000100                 : csl_mcbsp.obj (.text:_MCBSP_start)
                  00018fa0    000000e0                 : csl_edma.obj (.text:_EDMA_config)
                  00019080    000000e0     rts6700.lib : round.obj (.text:__nround)
                  00019160    000000e0                 : strasg.obj (.text:__strasg)
                  00019240    000000e0                 : atexit.obj (.text:_atexit)
                  00019320    000000e0                 : modf.obj (.text:_modf)
                  00019400    000000c0     bios.a67 : tsk_stup.o67 (.text)
                  000194c0    000000a0     csl6713.lib : csl_mcbsp.obj (.text:_MCBSP_close)
                  00019560    000000a0                 : csl_mcbsp.obj (.text:_MCBSP_config)
                  00019600    000000a0                 : csl_irq.obj (.text:__IRQ_init)
                  000196a0    000000a0     rts6700.lib : fltlif.obj (.text:__fltlif)
                  00019740    000000a0     csl6713.lib : csl_irq.obj (.text:_setMux)
                  000197e0    00000080     dsk6713bsl.lib : dsk6713_dip.obj (.text)
                  00019860    00000060     csl6713.lib : csl_edma.obj (.text:_EDMA_disableChannel)
                  000198c0    00000060                 : csl_edma.obj (.text:_EDMA_enableChannel)
                  00019920    00000060                 : csl_edma.obj (.text:_EDMA_intEnable)
                  00019980    00000060                 : csl_edma.obj (.text:_EDMA_qdmaConfig)
                  000199e0    00000060     rts6700.lib : fltulf.obj (.text:__fltulf)
                  00019a40    00000040     csl6713.lib : csl_edma.obj (.text:_EDMA_link)
                  00019a80    00000040                 : csl_irq.obj (.text:_IRQ_enable)
                  00019ac0    00000040     rts6700.lib : sinit.obj (.text:___add_dtor)
                  00019b00    00000020     csl6713.lib : csl.obj (.text:_CSL6713_LIB_)
                  00019b20    00000020                 : csl_edma.obj (.text:_EDMA_intClear)
                  00019b40    00000020                 : csl_edma.obj (.text:_EDMA_intTest)
                  00019b60    00000020                 : csl_irq.obj (.text:_IRQ_clear)
                  00019b80    00000020                 : csl_irq.obj (.text:_IRQ_globalEnable)
                  00019ba0    00000020                 : csl_mcbsp.obj (.text:_MCBSP_getRcvAddr)
                  00019bc0    00000020                 : csl_mcbsp.obj (.text:_MCBSP_getXmtAddr)
                  00019be0    00000020                 : csl_mcbsp.obj (.text:_MCBSP_write)
                  00019c00    00000020                 : csl_mcbsp.obj (.text:_MCBSP_xrdy)
                  00019c20    00000020     rts6700.lib : _lock.obj (.text:__nop)
                  00019c40    00000020                 : _lock.obj (.text:__register_lock)
                  00019c60    00000020                 : _lock.obj (.text:__register_unlock)
                  00019c80    00000020     csl6713.lib : csl_irq.obj (.text)

.bios      0    00019ca0    00004280     
                  00019ca0    00000600     lnkrtdx.a67 : rtdx.o67 (.bios)
                  0001a2a0    000005e0     bios.a67 : gbl_setL2CacheMode.o67 (.bios)
                  0001a880    00000540              : swi.o67 (.bios)
                  0001adc0    00000460              : hwi_disp_asm.o67 (.bios)
                  0001b220    000003a0              : prd.o67 (.bios)
                  0001b5c0    000002c0              : knl_run.o67 (.bios)
                  0001b880    000002c0              : rta.o67 (.bios)
                  0001bb40    000002c0              : sem_pend.o67 (.bios)
                  0001be00    00000260              : knl_tick.o67 (.bios)
                  0001c060    00000240              : pip.o67 (.bios)
                  0001c2a0    00000220              : sem_dopo.o67 (.bios)
                  0001c4c0    00000200              : tsk_setu.o67 (.bios)
                  0001c6c0    000001c0              : knl_swit.o67 (.bios)
                  0001c880    000001c0     biosC6000.a67 : clk.o67 (.bios)
                  0001ca40    000001a0     bios.a67 : tsk_exit.o67 (.bios)
                  0001cbe0    00000180              : autoinit.o67 (.bios)
                  0001cd60    00000180              : tsk_stup.o67 (.bios)
                  0001cee0    00000140              : knl_chec.o67 (.bios)
                  0001d020    000000e0              : gbl_cslcacheinit.o67 (.bios)
                  0001d100    000000e0              : knl_exit.o67 (.bios)
                  0001d1e0    000000e0              : sem_post.o67 (.bios)
                  0001d2c0    000000e0              : sem_post_asm.o67 (.bios)
                  0001d3a0    000000e0     biosC6000.a67 : clk_meas.o67 (.bios)
                  0001d480    000000c0     bios.a67 : knl_ipos.o67 (.bios)
                  0001d540    000000c0              : knl_post.o67 (.bios)
                  0001d600    000000c0              : lck.o67 (.bios)
                  0001d6c0    000000c0              : sys_exit.o67 (.bios)
                  0001d780    000000c0     biosC6000.a67 : clk_htime.o67 (.bios)
                  0001d840    00000080     bios.a67 : fxn.o67 (.bios)
                  0001d8c0    00000080              : idl_busy.o67 (.bios)
                  0001d940    00000080              : log.o67 (.bios)
                  0001d9c0    00000080              : sts.o67 (.bios)
                  0001da40    00000080     biosC6000.a67 : idl_cal.o67 (.bios)
                  0001dac0    00000060     bios.a67 : hwi_c.o67 (.bios)
                  0001db20    00000060              : sem_pend_binary.o67 (.bios)
                  0001db80    00000060              : sem_pend_counting.o67 (.bios)
                  0001dbe0    00000060              : swi_disable.o67 (.bios)
                  0001dc40    00000060              : sys_abor.o67 (.bios)
                  0001dca0    00000060              : utl_putc.o67 (.bios)
                  0001dd00    00000060     biosC6000.a67 : clk_start.o67 (.bios)
                  0001dd60    00000040     bios.a67 : idl_stub.o67 (.bios)
                  0001dda0    00000040              : rta_andn.o67 (.bios)
                  0001dde0    00000040              : utl_doab.o67 (.bios)
                  0001de20    00000040     biosC6000.a67 : clk_stop.o67 (.bios)
                  0001de60    00000020     bios.a67 : fxn_c.o67 (.bios)
                  0001de80    00000020              : gbl_vers.o67 (.bios)
                  0001dea0    00000020              : idl.o67 (.bios)
                  0001dec0    00000020              : sts_set.o67 (.bios)
                  0001dee0    00000020              : utl_doer.o67 (.bios)
                  0001df00    00000020              : utl_halt.o67 (.bios)

.stack     0    0001df20    00004000     UNINITIALIZED
                  0001df20    00004000     --HOLE--

.far       0    00021f20    000021f8     UNINITIALIZED
                  00021f20    00001bf0     skeleton.obj (.far)
                  00023b10    00000188     rts6700.lib : atexit.obj (.far)
                  00023c98    000000f4     csl6713.lib : csl_irq.obj (.far)
                  00023d8c    000000d8     bios.a67 : knl.o67 (.far)
                  00023e64    0000005c              : tsk.o67 (.far)
                  00023ec0    00000054              : obj_init.o67 (.far)
                  00023f14    00000054     csl6713.lib : csl_edma.obj (.far)
                  00023f68    00000050     bios.a67 : tsk_stup.o67 (.far)
                  00023fb8    00000050     config_BSPLink.obj (.far)
                  00024008    00000038     csl6713.lib : csl_mcbsp.obj (.far)
                  00024040    00000034     config_AIC23.obj (.far)
                  00024074    00000028     csl6713.lib : csl.obj (.far)
                  0002409c    00000024                 : csl_timer.obj (.far)
                  000240c0    00000020     bios.a67 : sys.o67 (.far)
                  000240e0    00000010              : knl_tick.o67 (.far)
                  000240f0    0000000c              : utl_putc.o67 (.far)
                  000240fc    0000000c     rts6700.lib : exit.obj (.far)
                  00024108    00000008                 : _lock.obj (.far)
                  00024110    00000004                 : sinit.obj (.far)
                  00024114    00000002     dsk6713bsl.lib : dsk6713.obj (.far)
                  00024116    00000002                    : dsk6713_led.obj (.far)

.cinit     0    00024118    00001df4     
                  00024118    00000b74     my_dsp_projectcfg.obj (.cinit)
                  00024c8c    00000004     --HOLE-- [fill = 0]
                  00024c90    0000070c     skeleton.obj (.cinit)
                  0002539c    00000004     --HOLE-- [fill = 0]
                  000253a0    0000026c     bios.a67 : biosdata.o67 (.cinit)
                  0002560c    00000004     --HOLE-- [fill = 0]
                  00025610    000001a4              : knl.o67 (.cinit)
                  000257b4    00000004     --HOLE-- [fill = 0]
                  000257b8    0000012c     csl6713.lib : csl_irq.obj (.cinit)
                  000258e4    00000004     --HOLE-- [fill = 0]
                  000258e8    000000b0     bios.a67 : swi.o67 (.cinit)
                  00025998    00000080              : tsk.o67 (.cinit)
                  00025a18    00000078     config_BSPLink.obj (.cinit)
                  00025a90    00000070     csl6713.lib : csl_edma.obj (.cinit)
                  00025b00    00000060     bios.a67 : tsk_stup.o67 (.cinit)
                  00025b60    0000005c     lnkrtdx.a67 : rtdx.o67 (.cinit)
                  00025bbc    00000004     --HOLE-- [fill = 0]
                  00025bc0    00000054     csl6713.lib : csl_mcbsp.obj (.cinit)
                  00025c14    00000004     --HOLE-- [fill = 0]
                  00025c18    0000004c     bios.a67 : rta.o67 (.cinit)
                  00025c64    00000004     --HOLE-- [fill = 0]
                  00025c68    0000004c     csl6713.lib : csl_timer.obj (.cinit)
                  00025cb4    00000004     --HOLE-- [fill = 0]
                  00025cb8    0000004c     rtdx.lib : buffer1.o62 (.cinit)
                  00025d04    00000004     --HOLE-- [fill = 0]
                  00025d08    00000048     config_AIC23.obj (.cinit)
                  00025d50    0000003c     csl6713.lib : csl.obj (.cinit)
                  00025d8c    00000004     --HOLE-- [fill = 0]
                  00025d90    00000034     bios.a67 : hwi.o67 (.cinit)
                  00025dc4    00000004     --HOLE-- [fill = 0]
                  00025dc8    0000002c              : utl_putc.o67 (.cinit)
                  00025df4    00000004     --HOLE-- [fill = 0]
                  00025df8    0000002c     rts6700.lib : exit.obj (.cinit)
                  00025e24    00000004     --HOLE-- [fill = 0]
                  00025e28    00000024     bios.a67 : obj_init.o67 (.cinit)
                  00025e4c    00000004     --HOLE-- [fill = 0]
                  00025e50    0000001c              : sys.o67 (.cinit)
                  00025e6c    00000004     --HOLE-- [fill = 0]
                  00025e70    0000001c     rts6700.lib : _lock.obj (.cinit)
                  00025e8c    00000004     --HOLE-- [fill = 0]
                  00025e90    0000001c                 : atexit.obj (.cinit)
                  00025eac    00000004     --HOLE-- [fill = 0]
                  00025eb0    00000018     bios.a67 : knl_tick.o67 (.cinit)
                  00025ec8    0000000c              : gbl_setL2CacheMode.o67 (.cinit)
                  00025ed4    00000004     --HOLE-- [fill = 0]
                  00025ed8    0000000c              : idl_busy.o67 (.cinit)
                  00025ee4    00000004     --HOLE-- [fill = 0]
                  00025ee8    0000000c              : knl_swit.o67 (.cinit)
                  00025ef4    00000004     --HOLE-- [fill = 0]
                  00025ef8    0000000c     rts6700.lib : sinit.obj (.cinit)
                  00025f04    00000004     --HOLE-- [fill = 0]
                  00025f08    00000004     (.pad.cinit) [fill = 0]

.hst1      0    00025f0c    00000010     UNINITIALIZED
                  00025f0c    00000010     my_dsp_projectcfg.obj (.hst1)

.args      0    00025f1c    00000004     
                  00025f1c    00000004     --HOLE-- [fill = 0]

.rtdx_text 
*          0    00025f20    00000ea0     
                  00025f20    00000400     rtdx.lib : rtdx_mon.o62 (.rtdx_text:_RTDX_Poll)
                  00026320    00000340              : buffer1.o62 (.rtdx_text:_RTDX_Buffer_WriteCB)
                  00026660    00000300              : buffer1.o62 (.rtdx_text:_RTDX_write_next)
                  00026960    00000140              : rtdx_mon.o62 (.rtdx_text:_RTDX_Mon_Queue)
                  00026aa0    000000e0              : buffer1.o62 (.rtdx_text:_claim)
                  00026b80    00000080              : rtdx_mon.o62 (.rtdx_text:_RTDX_Init_RT_Monitor)
                  00026c00    00000060              : buffer1.o62 (.rtdx_text:_RTDX_Buffer_Initialize)
                  00026c60    00000060              : buffer2.o62 (.rtdx_text:_RTDX_Buffer_ReadCB)
                  00026cc0    00000040              : buffer1.o62 (.rtdx_text:_RTDX_Buffer_Size)
                  00026d00    00000040              : rtdx_mon.o62 (.rtdx_text:_RTDX_Final_RT_Monitor)
                  00026d40    00000020              : buffer2.o62 (.rtdx_text:_RTDX_Buffer_Read)
                  00026d60    00000020              : buffer1.o62 (.rtdx_text:_RTDX_Buffer_Write)
                  00026d80    00000020              : rtdx_mon.o62 (.rtdx_text:_RTDX_checksum)
                  00026da0    00000020              : intr_tgt.o62 (.rtdx_text)

.sysinit   0    00026dc0    00000520     
                  00026dc0    000002e0     my_dsp_projectcfg.obj (.sysinit)
                  000270a0    000000e0     bios.a67 : mem_init.o67 (.sysinit)
                  00027180    000000c0              : boot.o67 (.sysinit)
                  00027240    00000080              : tsk_init.o67 (.sysinit)
                  000272c0    00000020              : obj_init.o67 (.sysinit)

.rtdx_data 
*          0    000272e0    0000044c     UNINITIALIZED
                  000272e0    00000410     my_dsp_projectcfg.obj (.rtdx_data)
                  000276f0    00000020     rtdx.lib : buffer1.o62 (.rtdx_data)
                  00027710    0000001c              : rtdx_mon.o62 (.rtdx_data)

.bss       0    0002772c    00000404     UNINITIALIZED
                  0002772c    00000100     bios.a67 : hwi_disp_asm.o67 (.bss)
                  0002782c    000000cc              : biosdata.o67 (.bss)
                  000278f8    0000009c              : swi.o67 (.bss)
                  00027994    00000090     skeleton.obj (.bss)
                  00027a24    00000048     bios.a67 : knl.o67 (.bss)
                  00027a6c    0000002c     config_BSPLink.obj (.bss)
                  00027a98    00000028     my_dsp_projectcfg.obj (.bss)
                  00027ac0    00000018     bios.a67 : hwi.o67 (.bss)
                  00027ad8    00000018     lnkrtdx.a67 : rtdx.o67 (.bss)
                  00027af0    00000010     rtdx.lib : buffer1.o62 (.bss)
                  00027b00    0000000c     bios.a67 : tsk.o67 (.bss)
                  00027b0c    00000008              : clk_data.o67 (.bss)
                  00027b14    00000008              : sys.o67 (.bss)
                  00027b1c    00000004              : clk_data2.o67 (.bss)
                  00027b20    00000004              : gbl_setL2CacheMode.o67 (.bss)
                  00027b24    00000004              : idl_busy.o67 (.bss)
                  00027b28    00000004              : mem_asm.o67 (.bss)
                  00027b2c    00000004     config_AIC23.obj (.bss)

.TSK_LEDTOGGLE$stk 
*          0    00027b30    00000400     UNINITIALIZED
                  00027b30    00000400     my_dsp_projectcfg.obj (.TSK_LEDTOGGLE$stk)

.TSK_idle$stk 
*          0    00027f30    00000400     UNINITIALIZED
                  00027f30    00000400     my_dsp_projectcfg.obj (.TSK_idle$stk)

.swi       0    00028330    00000210     UNINITIALIZED
                  00028330    00000210     my_dsp_projectcfg.obj (.swi)

.trace     0    00028540    00000200     
                  00028540    00000200     --HOLE-- [fill = 00000000]

.tsk       0    00028740    000000c0     UNINITIALIZED
                  00028740    000000c0     my_dsp_projectcfg.obj (.tsk)

.LOG_system$buf 
*          0    00028800    00000100     UNINITIALIZED
                  00028800    00000100     my_dsp_projectcfg.obj (.LOG_system$buf)

.hst0      0    00028900    00000100     UNINITIALIZED
                  00028900    00000100     my_dsp_projectcfg.obj (.hst0)

.sts       0    00028a00    00000100     
                  00028a00    00000100     my_dsp_projectcfg.obj (.sts)

.pip       0    00028b00    000000c8     UNINITIALIZED
                  00028b00    000000c8     my_dsp_projectcfg.obj (.pip)

.const     0    00028bc8    000000b5     
                  00028bc8    0000004e     bios.a67 : tsk_stup.o67 (.const)
                  00028c16    00000023              : utl_doab.o67 (.const)
                  00028c39    00000022              : utl_doer.o67 (.const)
                  00028c5b    00000001     --HOLE-- [fill = 0]
                  00028c5c    00000020     dsk6713bsl.lib : dsk6713.obj (.const)
                  00028c7c    00000001     bios.a67 : tsk.o67 (.const)

.printf    0    00028c7d    00000194     COPY SECTION
                  00028c7d    00000194     my_dsp_projectcfg.obj (.printf)

.gblinit   0    00028c80    0000004c     
                  00028c80    0000004c     my_dsp_projectcfg.obj (.gblinit)

.hst       0    00028ccc    0000003c     UNINITIALIZED
                  00028ccc    0000003c     my_dsp_projectcfg.obj (.hst)

.sem       0    00028d08    0000002c     UNINITIALIZED
                  00028d08    0000002c     my_dsp_projectcfg.obj (.sem)

.switch    0    00028d34    00000028     
                  00028d34    00000028     rtdx.lib : rtdx_mon.o62 (.switch)

.prd       0    00028d5c    00000020     UNINITIALIZED
                  00028d5c    00000020     my_dsp_projectcfg.obj (.prd)

.idl       0    00028d7c    00000010     UNINITIALIZED
                  00028d7c    00000010     my_dsp_projectcfg.obj (.idl)

.idlcal    0    00028d8c    00000010     UNINITIALIZED
                  00028d8c    00000010     my_dsp_projectcfg.obj (.idlcal)

.sys       0    00028d9c    00000010     UNINITIALIZED
                  00028d9c    00000010     my_dsp_projectcfg.obj (.sys)

.pinit     0    00028dac    0000000c     
                  00028dac    00000004     rtdx.lib : buffer1.o62 (.pinit)
                  00028db0    00000004              : rtdx_mon.o62 (.pinit)
                  00028db4    00000004     --HOLE-- [fill = 0]

.trcdata   0    00028db8    0000000c     
                  00028db8    0000000c     bios.a67 : trc.o67 (.trcdata)

.clk       0    00028dc4    00000008     UNINITIALIZED
                  00028dc4    00000008     my_dsp_projectcfg.obj (.clk)

.mem       0    00028dcc    00000004     UNINITIALIZED
                  00028dcc    00000004     my_dsp_projectcfg.obj (.mem)

.SDRAM$heap 
*          0    80000000    00008000     UNINITIALIZED
                  80000000    00008000     --HOLE--

.sounds    0    80008000    000004c4     UNINITIALIZED
                  80008000    000004c4     skeleton.obj (.sounds)


GLOBAL SYMBOLS: SORTED ALPHABETICALLY BY Name 

address    name
--------   ----
0002772c   $bss
0002772c   .bss
00000000   .data
000141a0   .text
00026f7c   BIOS$$CLKOFF
00026f3c   BIOS$$CLKON
00026dc0   BIOS_init
00026fe4   BIOS_start
00000000   BUF$
00000001   BUF_ENABLED
00000001   CLK$
00028dc4   CLK_A_TABBEG
00000001   CLK_CALDIV
00000004   CLK_CALMULT
0000dbba   CLK_COUNTSPMS
00000000   CLK_COUNTSPMSHIGH
00027854   CLK_D_idletime
00027850   CLK_D_isrhook
0002784c   CLK_D_tabbeg
00027848   CLK_D_timefxn
0001d780   CLK_F_getfhtime
0001d7a0   CLK_F_gethtime
0001c880   CLK_F_getltime
0001d7a0   CLK_F_getshtime
0001c894   CLK_F_isr
0001c9f4   CLK_F_itime
0001adc0   CLK_HOOKFXN
00000001   CLK_HTIMEDIV
00000004   CLK_HTIMEMULT
0000dbba   CLK_HTIMEPERLTIME
00004000   CLK_INTBIT
00000001   CLK_LTIMEDIV
00036ee8   CLK_LTIMEMULT
000003e8   CLK_MICROSECS
0000dbba   CLK_PRD
00000000   CLK_PRDHIGH
01940000   CLK_REGS
00027844   CLK_R_time
00000020   CLK_TCR
00000000   CLK_TDDR
00000000   CLK_TDDRHIGH
0001d7a0   CLK_TIMEFXN
00000000   CLK_TIMERNUM
00000001   CLK_USETIMER
00028dc8   CLK_null
00000000   DEV$
00000000   DGN$
00000000   DHL$
00000000   DHL_gChannelsAvailable
00000000   DIO$
00000000   DIO_NUMSWIBASE
00000000   DIO_NUMTSKBASE
00000000   DIO_STATIC
00000000   DPI$
0001d840   FXN_F_nop
0001d848   FXN_F_run
0001d898   FXN_F_zero
00000001   GBL$
00005205   GBL_A_VERSION
00000000   GBL_BIGENDIAN
00000000   GBL_C641XL2PRIORITY
00000000   GBL_CACHE
00000001   GBL_CALLCSLCFGINIT
00004e20   GBL_CLKIN
00001770   GBL_CLKTYPE
00001a39   GBL_DSPSUBTYPE
0000003e   GBL_DSPTYPE
00000001   GBL_ENABLEINST
00000042   GBL_FOOTPRINT
00036ee8   GBL_FREQ
00002226   GBL_L2ALLOC
00000000   GBL_L2CONFIGALLOC
00000001   GBL_L2CONFIGURE
00000001   GBL_L2MARMASK
00000000   GBL_L2MARMASK1
00000000   GBL_L2MARMASK2
00000000   GBL_L2MARMASK3
00000000   GBL_L2MARMASK4
00000000   GBL_L2MARMASK5
00000000   GBL_L2MODE
00000000   GBL_L2PRIORITY
00000000   GBL_NULL
00000000   GBL_PROCID
00000000   GBL_ROM
00000000   GBL_SUPPORTCSL
0000dbef   GBL_TRCMASKVALUE
00000001   GBL_USERINIT
00018528   GBL_USERINITFXN
00000001   GBL_boot
00028dc0   GBL_initdone
0001df20   GBL_stackbeg
00021f1f   GBL_stackend
00000000   GIO$
0001de60   GIO_CREATEFXN
0001de60   GIO_DELETEFXN
0001de60   GIO_PENDFXN
0001de60   GIO_POSTFXN
00000000   HOOK$
00000000   HOOK_KNLID
00000001   HST$
00028ccc   HST_A_TABBEG
00028d08   HST_A_TABEND
00000000   HST_DSM
ffffffff   HST_DSMBUFSEG
00000400   HST_DSMMEMSIZE
000278c0   HST_D_chanmask
000278c4   HST_D_tabbeg
000278c8   HST_D_tabend
000000ff   HST_MAXFRAMEALLOWED
00000040   HST_MAXFRAMESET
00000000   HST_NONE
00000001   HST_RTDX
00000001   HWI$
00000000   HWI_A_VECS
00005308   HWI_CFGDISPATCHED
00027ad0   HWI_D_bss
00027ad4   HWI_D_ccmask
00027ac0   HWI_D_spsave
0001adc0   HWI_F_dispatch
00000000   HWI_GENERATE_RESET_VEC
0000000a   HWI_INT10
00000000   HWI_INT10$hwi
0000000b   HWI_INT11
00000000   HWI_INT11$hwi
0000000c   HWI_INT12
00000000   HWI_INT12$hwi
0000000d   HWI_INT13
00000000   HWI_INT13$hwi
0000000e   HWI_INT14
00000000   HWI_INT14$hwi
0000000f   HWI_INT15
00000000   HWI_INT15$hwi
00000004   HWI_INT4
00000000   HWI_INT4$hwi
00000005   HWI_INT5
00000000   HWI_INT5$hwi
00000006   HWI_INT6
00000000   HWI_INT6$hwi
00000007   HWI_INT7
00000000   HWI_INT7$hwi
00000008   HWI_INT8
00000000   HWI_INT8$hwi
00000009   HWI_INT9
00000000   HWI_INT9$hwi
082039a3   HWI_INTRMULTHIGH
250718a4   HWI_INTRMULTLOW
00000001   HWI_NMI
00000000   HWI_NMI$hwi
00000000   HWI_POLARITYMASK
00000002   HWI_RESERVED0
00000000   HWI_RESERVED0$hwi
00000003   HWI_RESERVED1
00000000   HWI_RESERVED1$hwi
00000000   HWI_RESET
00000000   HWI_RESET$hwi
00000001   HWI_ZEROTAB
00000001   IDL$
00028d8c   IDL_A_CALBEG
00028d7c   IDL_A_TABBEG
00000006   IDL_CALIBRERROR
0001dd60   IDL_CALIBRFXN
00027b24   IDL_D_busyObj
00027834   IDL_D_calbeg
00027830   IDL_D_calibrate
0002782c   IDL_D_tabbeg
00028d88   IDL_END
00028d98   IDL_END$
0001d8c0   IDL_F_busy
0001da40   IDL_F_calibrate
0001dea0   IDL_F_loop
0001dd60   IDL_F_stub
00000001   IDL_USECLKIDLTIME
00028af4   IDL_busyObj
00028e0c   IDL_busyObj$avgfmt
00000001   IDL_busyObj$filter
00000001   IDL_busyObj$iA
00000000   IDL_busyObj$iB
00000001   IDL_busyObj$iC
00028e06   IDL_busyObj$maxfmt
00000000   IDL_busyObj$operation
00028af0   IDL_busyObj$stsobj
00028e09   IDL_busyObj$sumfmt
00000002   IDL_busyObj$unittype
00028d7c   IDL_cpuLoad
00028d8c   IDL_cpuLoad$
ffffffff   IRAM
00000001   ISRC$
0001c840   KNL_glue
0002835c   KNL_swi
00000001   KNL_swi$dorta
00000002   KNL_swi$ord
00000000   KNL_swi$pri
00028a24   KNL_swi$sts
00028cc4   KNL_swi$sts$avgfmt
00000002   KNL_swi$sts$filter
00000001   KNL_swi$sts$filtmaxmult
00000001   KNL_swi$sts$filtsummult
00028cb4   KNL_swi$sts$maxfmt
00028a20   KNL_swi$sts$stsobj
00028cbc   KNL_swi$sts$sumfmt
00000000   KNL_swi$sts$unittype
00000000   KNL_swi$swi
00000001   LCK$
00019ca0   LNK_F_checkBufferCall
00019d20   LNK_F_dataPump
00019cc0   LNK_F_getChanPtr
00019d18   LNK_F_init
0001a264   LNK_F_readCallBack
00028d80   LNK_dataPump
00028d90   LNK_dataPump$
00027adc   LNK_dspFrameReadyMask
00027ad8   LNK_dspFrameRequestMask
00019fc0   LNK_newin
0001a100   LNK_newout
00019d34   LNK_rcloop
00019e00   LNK_rdrtry
00027ae4   LNK_readDone
00027ae8   LNK_readFail
00027ae0   LNK_readPend
00019e10   LNK_rrloop
00027aec   LNK_writeFail
00019ee4   LNK_wrloop
00019ed4   LNK_wrrtry
00000001   LOG$
00014188   LOG_A_TABBEG
000141a0   LOG_A_TABEND
00000001   LOG_A_TABLEN
00027838   LOG_D_system
00000001   LOG_ENABLED
0001d940   LOG_F_event
00014188   LOG_system
00028800   LOG_system$buf
00000000   LOG_system$datatype
00000000   LOG_system$log
00000040   LOG_system$size
00000000   MBX$
00000001   MEM$
00027aa4   MEM_MALLOCSEG
00000000   MEM_NULL
00027aa4   MEM_SEGZERO
00000000   MEM_USEMPC
00000001   MEM_gNumHeap
00000000   MSGQ$
00000000   MSGQ_USEMSGQ
00000000   OBJ$
00000000   PIP$
00028b00   PIP_A_TABBEG
00028bc8   PIP_A_TABEND
00000002   PIP_A_TABLEN
0002783c   PIP_D_tabbeg
00027840   PIP_D_tablen
0001c0f4   PIP_F_give
0001c0f4   PIP_F_probe
0001c1c8   PIP_F_start
0001c060   PIP_F_take
00000064   PIP_OBJSIZE
00000000   PIP_gNextId
00000002   PIP_gNumEmbed
00000000   POOL$
00000000   POOL_USEPOOL
00000001   PRD$
00028d5c   PRD_A_TABBEG
00028d7c   PRD_A_TABEND
00000001   PRD_A_TABLEN
0002787c   PRD_D_cur
00027880   PRD_D_elapsed
00027884   PRD_D_prevtim
00027888   PRD_D_scalar
0002788c   PRD_D_swihandle
00027890   PRD_D_tabbeg
00027894   PRD_D_tablen
00027898   PRD_D_thook
00027878   PRD_D_tick
0001b220   PRD_F_swi
0001b4e0   PRD_F_tick
00000008   PRD_SCALAR
00028330   PRD_SWIHANDLE
00028d5c   PRD_Sek
00028d78   PRD_Sek$aaa
00000000   PRD_Sek$mode
00000001   PRD_Sek$ord
000003e8   PRD_Sek$period
00000000   PRD_Sek$prd
00028a04   PRD_Sek$sts
00028c8f   PRD_Sek$sts$avgfmt
00000000   PRD_Sek$sts$filter
00028c7d   PRD_Sek$sts$maxfmt
00028a00   PRD_Sek$sts$stsobj
00028c86   PRD_Sek$sts$sumfmt
00000002   PRD_Sek$sts$unittype
0001c040   PRD_THOOKFXN
00028dc4   PRD_clock
00028330   PRD_swi
00000001   PRD_swi$dorta
00000001   PRD_swi$ord
00000001   PRD_swi$pri
00028a14   PRD_swi$sts
00028caa   PRD_swi$sts$avgfmt
00000002   PRD_swi$sts$filter
00000001   PRD_swi$sts$filtmaxmult
00000001   PRD_swi$sts$filtsummult
00028c9a   PRD_swi$sts$maxfmt
00028a10   PRD_swi$sts$stsobj
00028ca2   PRD_swi$sts$sumfmt
00000000   PRD_swi$sts$unittype
00000000   PRD_swi$swi
00000001   QUE$
0002789c   RTA_D_fromHost
000278a4   RTA_D_logval
000278b4   RTA_D_stsval
000278a0   RTA_D_toHost
0001dda0   RTA_F_andn
0001b978   RTA_F_dispatch
0001b880   RTA_F_getlog
0001b8c4   RTA_F_getsts
0001ddc0   RTA_F_or
0001b90c   RTA_F_readblk
0001b938   RTA_F_resetmem
0001b92c   RTA_F_writeword
00028d84   RTA_dispatcher
00028d94   RTA_dispatcher$
0001b9c8   RTA_execute
00028cd0   RTA_fromHost
00025f0c   RTA_fromHost$buf
00000004   RTA_fromHost$framesize
00000000   RTA_fromHost$hst
00000001   RTA_fromHost$id
00000000   RTA_fromHost$mode
00028b00   RTA_fromHost$pipe
00028b30   RTA_fromHost$pipe$aaa
00028b60   RTA_fromHost$pipe$bbb
00027aa8   RTA_fromHost$pipe$dtab
00028b04   RTA_fromHost$pipe$rd
00028b34   RTA_fromHost$pipe$wr
00028cd8   RTA_fromHost$rtdx
00028cec   RTA_toHost
00028900   RTA_toHost$buf
00000040   RTA_toHost$framesize
00000000   RTA_toHost$hst
00000000   RTA_toHost$id
00000001   RTA_toHost$mode
00028b64   RTA_toHost$pipe
00028b94   RTA_toHost$pipe$aaa
00028bc4   RTA_toHost$pipe$bbb
00027ab4   RTA_toHost$pipe$dtab
00028b68   RTA_toHost$pipe$rd
00028b98   RTA_toHost$pipe$wr
00028cf4   RTA_toHost$rtdx
00000001   RTDX$
00000408   RTDX_BUFMEMSIZE
ffffffff   RTDX_DATAMEMSEG
00000000   RTDX_MODE
00000001   RTDX_NORMALIZED_HDR
00000001   RTDX_USERTDX
00000000   RTDX_USERTEXECUTION
00027aa4   SDRAM
80000000   SDRAM$B
00008000   SDRAM$L
00000001   SEM$
00028d14   SEM_LEDToggle
00000000   SIO$
00000001   STS$
00028a00   STS_A_TABBEG
00028b00   STS_A_TABEND
0001d9f8   STS_F_add
0001d9c0   STS_F_delta
0001da24   STS_F_reset
00000001   SWI$
00028438   SWI_ADC_In_Ping
00000001   SWI_ADC_In_Ping$dorta
00000007   SWI_ADC_In_Ping$ord
00000004   SWI_ADC_In_Ping$pri
00028a74   SWI_ADC_In_Ping$sts
00028d46   SWI_ADC_In_Ping$sts$avgfmt
00000002   SWI_ADC_In_Ping$sts$filter
00000001   SWI_ADC_In_Ping$sts$filtmaxmult
00000001   SWI_ADC_In_Ping$sts$filtsummult
00028d36   SWI_ADC_In_Ping$sts$maxfmt
00028a70   SWI_ADC_In_Ping$sts$stsobj
00028d3e   SWI_ADC_In_Ping$sts$sumfmt
00000000   SWI_ADC_In_Ping$sts$unittype
00000000   SWI_ADC_In_Ping$swi
00028464   SWI_ADC_In_Pong
00000001   SWI_ADC_In_Pong$dorta
00000008   SWI_ADC_In_Pong$ord
00000004   SWI_ADC_In_Pong$pri
00028a84   SWI_ADC_In_Pong$sts
00028d60   SWI_ADC_In_Pong$sts$avgfmt
00000002   SWI_ADC_In_Pong$sts$filter
00000001   SWI_ADC_In_Pong$sts$filtmaxmult
00000001   SWI_ADC_In_Pong$sts$filtsummult
00028d50   SWI_ADC_In_Pong$sts$maxfmt
00028a80   SWI_ADC_In_Pong$sts$stsobj
00028d58   SWI_ADC_In_Pong$sts$sumfmt
00000000   SWI_ADC_In_Pong$sts$unittype
00000000   SWI_ADC_In_Pong$swi
000283e0   SWI_ADC_Out_Ping
00000001   SWI_ADC_Out_Ping$dorta
00000005   SWI_ADC_Out_Ping$ord
00000004   SWI_ADC_Out_Ping$pri
00028a54   SWI_ADC_Out_Ping$sts
00028d12   SWI_ADC_Out_Ping$sts$avgfmt
00000002   SWI_ADC_Out_Ping$sts$filter
00000001   SWI_ADC_Out_Ping$sts$filtmaxmult
00000001   SWI_ADC_Out_Ping$sts$filtsummult
00028d02   SWI_ADC_Out_Ping$sts$maxfmt
00028a50   SWI_ADC_Out_Ping$sts$stsobj
00028d0a   SWI_ADC_Out_Ping$sts$sumfmt
00000000   SWI_ADC_Out_Ping$sts$unittype
00000000   SWI_ADC_Out_Ping$swi
0002840c   SWI_ADC_Out_Pong
00000001   SWI_ADC_Out_Pong$dorta
00000006   SWI_ADC_Out_Pong$ord
00000004   SWI_ADC_Out_Pong$pri
00028a64   SWI_ADC_Out_Pong$sts
00028d2c   SWI_ADC_Out_Pong$sts$avgfmt
00000002   SWI_ADC_Out_Pong$sts$filter
00000001   SWI_ADC_Out_Pong$sts$filtmaxmult
00000001   SWI_ADC_Out_Pong$sts$filtsummult
00028d1c   SWI_ADC_Out_Pong$sts$maxfmt
00028a60   SWI_ADC_Out_Pong$sts$stsobj
00028d24   SWI_ADC_Out_Pong$sts$sumfmt
00000000   SWI_ADC_Out_Pong$sts$unittype
00000000   SWI_ADC_Out_Pong$swi
00028330   SWI_A_TABBEG
00028540   SWI_A_TABEND
0000000c   SWI_A_TABLEN
00028388   SWI_BSPLink_In_Ping
00000001   SWI_BSPLink_In_Ping$dorta
00000003   SWI_BSPLink_In_Ping$ord
00000008   SWI_BSPLink_In_Ping$pri
00028a34   SWI_BSPLink_In_Ping$sts
00028cde   SWI_BSPLink_In_Ping$sts$avgfmt
00000002   SWI_BSPLink_In_Ping$sts$filter
00000001   SWI_BSPLink_In_Ping$sts$filtmaxmult
00000001   SWI_BSPLink_In_Ping$sts$filtsummult
00028cce   SWI_BSPLink_In_Ping$sts$maxfmt
00028a30   SWI_BSPLink_In_Ping$sts$stsobj
00028cd6   SWI_BSPLink_In_Ping$sts$sumfmt
00000000   SWI_BSPLink_In_Ping$sts$unittype
00000000   SWI_BSPLink_In_Ping$swi
000283b4   SWI_BSPLink_In_Pong
00000001   SWI_BSPLink_In_Pong$dorta
00000004   SWI_BSPLink_In_Pong$ord
00000007   SWI_BSPLink_In_Pong$pri
00028a44   SWI_BSPLink_In_Pong$sts
00028cf8   SWI_BSPLink_In_Pong$sts$avgfmt
00000002   SWI_BSPLink_In_Pong$sts$filter
00000001   SWI_BSPLink_In_Pong$sts$filtmaxmult
00000001   SWI_BSPLink_In_Pong$sts$filtsummult
00028ce8   SWI_BSPLink_In_Pong$sts$maxfmt
00028a40   SWI_BSPLink_In_Pong$sts$stsobj
00028cf0   SWI_BSPLink_In_Pong$sts$sumfmt
00000000   SWI_BSPLink_In_Pong$sts$unittype
00000000   SWI_BSPLink_In_Pong$swi
00028490   SWI_BSPLink_Out_Ping
00000001   SWI_BSPLink_Out_Ping$dorta
00000009   SWI_BSPLink_Out_Ping$ord
00000008   SWI_BSPLink_Out_Ping$pri
00028a94   SWI_BSPLink_Out_Ping$sts
00028d7a   SWI_BSPLink_Out_Ping$sts$avgfmt
00000002   SWI_BSPLink_Out_Ping$sts$filter
00000001   SWI_BSPLink_Out_Ping$sts$filtmaxmult
00000001   SWI_BSPLink_Out_Ping$sts$filtsummult
00028d6a   SWI_BSPLink_Out_Ping$sts$maxfmt
00028a90   SWI_BSPLink_Out_Ping$sts$stsobj
00028d72   SWI_BSPLink_Out_Ping$sts$sumfmt
00000000   SWI_BSPLink_Out_Ping$sts$unittype
00000000   SWI_BSPLink_Out_Ping$swi
000284bc   SWI_BSPLink_Out_Pong
00000001   SWI_BSPLink_Out_Pong$dorta
0000000a   SWI_BSPLink_Out_Pong$ord
00000007   SWI_BSPLink_Out_Pong$pri
00028aa4   SWI_BSPLink_Out_Pong$sts
00028d94   SWI_BSPLink_Out_Pong$sts$avgfmt
00000002   SWI_BSPLink_Out_Pong$sts$filter
00000001   SWI_BSPLink_Out_Pong$sts$filtmaxmult
00000001   SWI_BSPLink_Out_Pong$sts$filtsummult
00028d84   SWI_BSPLink_Out_Pong$sts$maxfmt
00028aa0   SWI_BSPLink_Out_Pong$sts$stsobj
00028d8c   SWI_BSPLink_Out_Pong$sts$sumfmt
00000000   SWI_BSPLink_Out_Pong$sts$unittype
00000000   SWI_BSPLink_Out_Pong$swi
00027910   SWI_D_curfxn
00027900   SWI_D_curmask
0002790c   SWI_D_curmbox
00027904   SWI_D_curset
000278fc   SWI_D_execaddr
00027918   SWI_D_inswi
00027908   SWI_D_lock
00027914   SWI_D_rdybeg
0002791c   SWI_D_rdytab
000278f8   SWI_D_runaddr
000284e8   SWI_Decode_Buffer
00000001   SWI_Decode_Buffer$dorta
0000000b   SWI_Decode_Buffer$ord
00000003   SWI_Decode_Buffer$pri
00028ab4   SWI_Decode_Buffer$sts
00028dae   SWI_Decode_Buffer$sts$avgfmt
00000002   SWI_Decode_Buffer$sts$filter
00000001   SWI_Decode_Buffer$sts$filtmaxmult
00000001   SWI_Decode_Buffer$sts$filtsummult
00028d9e   SWI_Decode_Buffer$sts$maxfmt
00028ab0   SWI_Decode_Buffer$sts$stsobj
00028da6   SWI_Decode_Buffer$sts$sumfmt
00000000   SWI_Decode_Buffer$sts$unittype
00000000   SWI_Decode_Buffer$swi
00000000   SWI_EHOOKFXN
0001aa9c   SWI_EXECFXN
00028514   SWI_Encode_Buffer
00000001   SWI_Encode_Buffer$dorta
0000000c   SWI_Encode_Buffer$ord
00000004   SWI_Encode_Buffer$pri
00028ac4   SWI_Encode_Buffer$sts
00028dc8   SWI_Encode_Buffer$sts$avgfmt
00000002   SWI_Encode_Buffer$sts$filter
00000001   SWI_Encode_Buffer$sts$filtmaxmult
00000001   SWI_Encode_Buffer$sts$filtsummult
00028db8   SWI_Encode_Buffer$sts$maxfmt
00028ac0   SWI_Encode_Buffer$sts$stsobj
00028dc0   SWI_Encode_Buffer$sts$sumfmt
00000000   SWI_Encode_Buffer$sts$unittype
00000000   SWI_Encode_Buffer$swi
0001a880   SWI_F_enable
0001aa9c   SWI_F_exec
0001aac8   SWI_F_iexec
0001a8f0   SWI_F_post
0001ab58   SWI_F_run
00000000   SWI_IHOOKFXN
0001ab58   SWI_RUNFXN
00000001   SYS$
00028d9c   SYS$config
0001dde0   SYS_ABORTFXN
0001dee0   SYS_ERRORFXN
0001df00   SYS_EXITFXN
0001dca0   SYS_PUTCFXN
00028dbc   TRC_R_mask
00028db8   TRC_cinit
00000001   TSK$
000287ac   TSK_LEDTOGGLE
00000003   TSK_LEDTOGGLE$ord
00000002   TSK_LEDTOGGLE$pri
00027b30   TSK_LEDTOGGLE$stack
00027ec8   TSK_LEDTOGGLE$stkptr
00028ae4   TSK_LEDTOGGLE$sts
00028dfc   TSK_LEDTOGGLE$sts$avgfmt
00000002   TSK_LEDTOGGLE$sts$filter
00000001   TSK_LEDTOGGLE$sts$filtmaxmult
00000001   TSK_LEDTOGGLE$sts$filtsummult
00028dec   TSK_LEDTOGGLE$sts$maxfmt
00028ae0   TSK_LEDTOGGLE$sts$stsobj
00028df4   TSK_LEDTOGGLE$sts$sumfmt
00000000   TSK_LEDTOGGLE$sts$unittype
00000000   TSK_LEDTOGGLE$tsk
00000000   TSK_NUM_HOOKS
00000001   TSK_PRIORITY
00000000   TSK_READYFXN
00000000   TSK_STACKSEG
00000400   TSK_STACKSIZE
00000000   TSK_SWITCHFXN
0001de60   TSK_VCREATEFXN
0001de60   TSK_VDELETEFXN
0001de60   TSK_VEXITFXN
0002874c   TSK_idle
00000001   TSK_idle$ord
00000000   TSK_idle$pri
00027f30   TSK_idle$stack
000282c8   TSK_idle$stkptr
00028ad4   TSK_idle$sts
00028de2   TSK_idle$sts$avgfmt
00000002   TSK_idle$sts$filter
00000001   TSK_idle$sts$filtmaxmult
00000001   TSK_idle$sts$filtsummult
00028dd2   TSK_idle$sts$maxfmt
00028ad0   TSK_idle$sts$stsobj
00028dda   TSK_idle$sts$sumfmt
00000000   TSK_idle$sts$unittype
00000000   TSK_idle$tsk
00000000   UDEV$
00014f58   _ADC_In_Ping
00014fb0   _ADC_In_Pong
00014ed8   _ADC_Out_Ping
00014f18   _ADC_Out_Pong
00000200   _AIC_Buffer_in_ping
000005e8   _AIC_Buffer_in_pong
000009d0   _AIC_Buffer_out_ping
00000db8   _AIC_Buffer_out_pong
00026dc0   _BIOS_init
00026fe4   _BIOS_start
00013698   _BSPLinkBuffer_in_ping
00013954   _BSPLinkBuffer_in_pong
00013c10   _BSPLinkBuffer_out_ping
00013ecc   _BSPLinkBuffer_out_pong
00015008   _BSPLink_In_Ping
0001505c   _BSPLink_In_Pong
000150b0   _BSPLink_Out_Ping
0001515c   _BSPLink_Out_Pong
00023fb8   _BSPLink_interface_config
0000dbba   _CLK_COUNTSPMS
00027b0c   _CLK_DFLTMICROSECS
00027874   _CLK_D_countspms
00027868   _CLK_D_dirty
00027b10   _CLK_D_microseconds
0002786c   _CLK_D_prd
00027870   _CLK_D_tddr
0001c9f4   _CLK_F_itime
0000dbba   _CLK_PRD
01940000   _CLK_REGS
00000000   _CLK_TDDR
00000000   _CLK_TIMERNUM
00000001   _CLK_USETIMER
00027858   _CLK_htimeDiv
0002785c   _CLK_htimeMult
00027b1c   _CLK_htimePerLtime
0001c9f4   _CLK_itime
00027860   _CLK_ltimeDiv
00027864   _CLK_ltimeMult
0001d3a0   _CLK_measure
0001dd00   _CLK_start
0001de20   _CLK_stop
00019b00   _CSL6713_LIB_
00017800   _Config_DSK6713_AIC23
000279f8   _DECODER
000197e8   _DSK6713_DIP_get
000197e0   _DSK6713_DIP_init
00017c60   _DSK6713_LED_init
00017ca0   _DSK6713_LED_off
00017d10   _DSK6713_LED_on
00017d80   _DSK6713_LED_toggle
00016fd4   _DSK6713_getVersion
00016c0c   _DSK6713_init
00016f28   _DSK6713_rget
00016f3c   _DSK6713_rset
00024114   _DSK6713_version
00016f50   _DSK6713_wait
00016fa8   _DSK6713_waitusec
00004c38   _Debug_Buff
00004468   _Debug_Buff_ping
00004850   _Debug_Buff_pong
00004080   _Decoding_Buffer
000279d4   _Decoding_Buffer_i
00014aa4   _EDMA_ISR
000181c0   _EDMA_allocTable
00018fa0   _EDMA_config
00019860   _EDMA_disableChannel
000198c0   _EDMA_enableChannel
00018ca0   _EDMA_intAlloc
00019b20   _EDMA_intClear
00019920   _EDMA_intEnable
00019b40   _EDMA_intTest
00019a40   _EDMA_link
00017340   _EDMA_open
00019980   _EDMA_qdmaConfig
000187e0   _EDMA_reset
000279f4   _ENCODER
00004274   _Encoding_Buffer
000279dc   _Encoding_Buffer_i
0001de60   _FXN_F_nop
0001d848   _FXN_F_run
0001d898   _FXN_F_zero
00000000   _GBL_CACHE
000278d0   _GBL_clkIn
0001d020   _GBL_cslCacheInit
000278d4   _GBL_freq
0001de80   _GBL_getVersion
000278cc   _GBL_procId
00018528   _GBL_setPLLto225MHz
00028ccc   _HST_A_TABBEG
00028d08   _HST_A_TABEND
00005308   _HWI_CFGDISPATCHED
00027acc   _HWI_D_inhwi
00027ac0   _HWI_D_spsave
0001adc0   _HWI_F_dispatch
0000000a   _HWI_INT10
0000000b   _HWI_INT11
0000000c   _HWI_INT12
0000000d   _HWI_INT13
0000000e   _HWI_INT14
0000000f   _HWI_INT15
00000004   _HWI_INT4
00000005   _HWI_INT5
00000006   _HWI_INT6
00000007   _HWI_INT7
00000008   _HWI_INT8
00000009   _HWI_INT9
00000001   _HWI_NMI
00000002   _HWI_RESERVED0
00000003   _HWI_RESERVED1
00000000   _HWI_RESET
00021f18   _HWI_STKBOTTOM
0001df20   _HWI_STKTOP
00027ac0   _HWI_data
0001dac0   _HWI_disable
0002772c   _HWI_dispatchTab
0001dad8   _HWI_enable
0001daec   _HWI_restore
00028af4   _IDL_busyObj
00028d7c   _IDL_cpuLoad
0001dea0   _IDL_loop
ffffffff   _IRAM
00019b60   _IRQ_clear
00019a80   _IRQ_enable
00019b80   _IRQ_globalEnable
00017e40   _IRQ_map
00027a2c   _KNL_alarm
0001cee0   _KNL_check
00027a50   _KNL_curqueue
00027a40   _KNL_curtask
00027a48   _KNL_curtime
00023e2c   _KNL_dummy
0001d154   _KNL_enter
0001d100   _KNL_exit
0001cfb8   _KNL_idle
00027a68   _KNL_idlefxn
00027a34   _KNL_inactive
0001d480   _KNL_ipost
0001cfdc   _KNL_max
00027a54   _KNL_maxqueue
0001d540   _KNL_post
00027a44   _KNL_prevtask
00027a38   _KNL_priority
00023d8c   _KNL_queues
0001b5c0   _KNL_run
0001c6c0   _KNL_saveIsrFrame
00027a3c   _KNL_set
00027a30   _KNL_setpri
0002835c   _KNL_swi
00027a4c   _KNL_swiptr
0001c78c   _KNL_switch
00027a5c   _KNL_tcreatefxn
00027a60   _KNL_tdeletefxn
0001c040   _KNL_tick
00027a64   _KNL_treadyfxn
00027a58   _KNL_tswitchfxn
00027a24   _KNL_wFlag
00027a28   _KNL_wList
0001d630   _LCK_pend
0001d600   _LCK_post
00028d80   _LNK_dataPump
00027adc   _LNK_dspFrameReadyMask
00027ad8   _LNK_dspFrameRequestMask
00027ae4   _LNK_readDone
00027ae8   _LNK_readFail
00027ae0   _LNK_readPend
00027aec   _LNK_writeFail
00014188   _LOG_A_TABBEG
000141a0   _LOG_A_TABEND
00000001   _LOG_A_TABLEN
00027838   _LOG_D_system
0001d940   _LOG_event
00014188   _LOG_system
000194c0   _MCBSP_close
00019560   _MCBSP_config
00019ba0   _MCBSP_getRcvAddr
00019bc0   _MCBSP_getXmtAddr
00018da0   _MCBSP_open
00018360   _MCBSP_reset
00018ea0   _MCBSP_start
00019be0   _MCBSP_write
00019c00   _MCBSP_xrdy
00027b28   _MEM
000278d8   _MEM_D_NUMSEGMENTS
000278e0   _MEM_D_freelist
000278e4   _MEM_D_lockaddr
000278dc   _MEM_D_memtab
000278e8   _MEM_D_unlockaddr
000270a0   _MEM_init
00027a98   _MEM_memtab
80008000   _MySinus
800080dc   _MySound
000272c0   _OBJ_init
00023ef8   _OBJ_segtab
00023ec0   _OBJ_table
00028b00   _PIP_A_TABBEG
00028bc8   _PIP_A_TABEND
00027878   _PRD_D_tick
00028d5c   _PRD_Sek
00028dc4   _PRD_clock
00028330   _PRD_swi
00028d84   _RTA_dispatcher
00028cd0   _RTA_fromHost
00028cec   _RTA_toHost
000272e0   _RTDX_Buffer
000276ec   _RTDX_Buffer_End
00026c00   _RTDX_Buffer_Initialize
00026d40   _RTDX_Buffer_Read
00026c60   _RTDX_Buffer_ReadCB
00026cc0   _RTDX_Buffer_Size
000276e8   _RTDX_Buffer_Start
00026d60   _RTDX_Buffer_Write
00026320   _RTDX_Buffer_WriteCB
00026d00   _RTDX_Final_RT_Monitor
00026b80   _RTDX_Init_RT_Monitor
00000002   _RTDX_JTAGONLY
00026da0   _RTDX_Mask_IER
00026960   _RTDX_Mon_Queue
00025f20   _RTDX_Poll
00000000   _RTDX_interrupt_mask
000276fc   _RTDX_writing
000011a0   _Ringbuffer_Audio_in
00002910   _Ringbuffer_Audio_out
00027aa4   _SDRAM
80000000   _SDRAM_base
00008000   _SDRAM_length
00028d14   _SEM_LEDToggle
0001db80   _SEM_pend
0001db20   _SEM_pendBinary
0001bb40   _SEM_pendEnterKnl
0001d2c0   _SEM_post
0001d2c0   _SEM_postBinary
0001d1e0   _SEM_postEnterKnl
00028a00   _STS_A_TABBEG
00028b00   _STS_A_TABEND
0001d9f8   _STS_add
0001d9c0   _STS_delta
0001da24   _STS_reset
0001dec0   _STS_set
00028438   _SWI_ADC_In_Ping
00028464   _SWI_ADC_In_Pong
000283e0   _SWI_ADC_Out_Ping
0002840c   _SWI_ADC_Out_Pong
00028388   _SWI_BSPLink_In_Ping
000283b4   _SWI_BSPLink_In_Pong
00028490   _SWI_BSPLink_Out_Ping
000284bc   _SWI_BSPLink_Out_Pong
00027910   _SWI_D_curfxn
00027900   _SWI_D_curmask
00027904   _SWI_D_curset
000278fc   _SWI_D_execaddr
00027918   _SWI_D_inswi
00027908   _SWI_D_lock
00027914   _SWI_D_rdybeg
000278f8   _SWI_D_runaddr
000284e8   _SWI_Decode_Buffer
00028514   _SWI_Encode_Buffer
000163b4   _SWI_LEDToggle
000278f8   _SWI_data
0001dbe0   _SWI_disable
0001dc08   _SWI_enable
0001a8f0   _SWI_post
000278ec   _SYS
00028540   _SYS_PUTCBEG
0002873f   _SYS_PUTCEND
0001dc40   _SYS_abort
0001d6c0   _SYS_exit
000240c0   _SYS_exitStack
00027b14   _SYS_exitStackPtr
00027b18   _SYS_exitStackTop
00018920   _TIMER_open
00018a60   _TIMER_reset
00028dbc   _TRC_R_mask
00027b08   _TSK
00023e64   _TSK_ATTRS
000287ac   _TSK_LEDTOGGLE
00023e80   _TSK_config
0001ca40   _TSK_exit
0002874c   _TSK_idle
00027240   _TSK_init
00027b00   _TSK_nTasks
00027b04   _TSK_pid
0001c4c0   _TSK_setup
0001ce20   _TSK_startup
00023ea0   _TSK_timerSem
0001dde0   _UTL_doAbort
0001dee0   _UTL_doError
0001dca0   _UTL_doPutc
0001df00   _UTL_halt
0001ca10   __CLK_lat1beg
0001ca3c   __CLK_lat1end
00017a40   __CSL_init
0001a6d4   __GBL_setL2CacheMode
000278f4   __HOOK_NUMHOOKS
000278f0   __HOOK_knlId
0001adc0   __HWI_lat1beg
0001af40   __HWI_lat1end
0001af40   __HWI_lat2beg
0001b0e0   __HWI_lat2end1
0001b06c   __HWI_lat2end2
0001b100   __HWI_lat3beg
0001b200   __HWI_lat3end1
0001b09c   __HWI_lat3end2
0001d8c0   __IDL_lat1beg
0001d910   __IDL_lat1end
00023d84   __IRQ_dispatchTable
00023cc0   __IRQ_eventTable
00019c80   __IRQ_hookFetchPacket
00019600   __IRQ_init
00023d44   __IRQ_intTable
0001cf30   __KNL_lat1beg
0001cfb8   __KNL_lat1end
0001d940   __LOG_lat1beg
00024038   __MCBSP_hDev0
0002403c   __MCBSP_hDev1
00023f90   __MEM_mutex
0001b938   __RTA_lat1beg
0001b970   __RTA_lat1end
0001c2a0   __SEM_dopost
00021f20   __STACK_END
00004000   __STACK_SIZE
0001aa2c   __SWI_lat1beg
0001aae0   __SWI_lat1end
0001aae4   __SWI_lat2beg
0001ab54   __SWI_lat2end
0001a880   __SWI_lat3beg
0001a8ec   __SWI_lat3end
0002409c   __TIMER_deviceTable
000240bc   __TIMER_hBios
000240b4   __TIMER_hDev0
000240b8   __TIMER_hDev1
00023f68   __TSK_mutex
00024104   ___TI_enable_exit_profile_output
ffffffff   ___TI_pprof_out_hndl
ffffffff   ___TI_prof_data_size
ffffffff   ___TI_prof_data_start
00019ac0   ___add_dtor
00023b10   ___atexit_func_id__
ffffffff   ___binit__
0002772c   ___bss__
ffffffff   ___c_args__
00024118   ___cinit__
00000000   ___data__
00000000   ___edata__
00027b30   ___end__
00019ca0   ___etext__
00028dac   ___pinit__
000141a0   ___text__
0001cbe0   __auto_init
000240fc   __cleanup_ptr
00017040   __divf
00024100   __dtors_ptr
000196a0   __fltlif
000199e0   __fltulf
00024108   __lock
00019c20   __nop
00019080   __nround
00019c40   __register_lock
00019c60   __register_unlock
0001df20   __stack
00019160   __strasg
0002410c   __unlock
00019240   _atexit
00022d64   _b_enc
00027180   _c_int00
00018680   _call_dtors
000279ec   _configComplete
00023fd8   _configEDMABSPLinkRcv
00023ff0   _configEDMABSPLinkXmt
00021f40   _configEDMARcv
00021f58   _configEDMAXmt
0001445c   _config_AIC23_EDMA
000164c0   _config_BSPLink
00016638   _config_BSPLink_EDMA
00014a10   _config_interrupts
000279e1   _dataDetected
00021f20   _datainterface_config
00027994   _debug_buff_i
00021f70   _debug_denum
00015208   _decode_buffer
000279d8   _decoding_buff_valid
000279fc   _den_f
00024110   _dtors
00021fb8   _e_enc
000155cc   _encode_buffer
000279e0   _encoding_buff_valid
00015efc   _framing_link_data
00027a70   _hEdmaBSPLinkRcv
00027a74   _hEdmaBSPLinkRcvRelPing
00027a78   _hEdmaBSPLinkRcvRelPong
00027a7c   _hEdmaBSPLinkXmt
00027a80   _hEdmaBSPLinkXmtRelPing
00027a84   _hEdmaBSPLinkXmtRelPong
0002799c   _hEdmaRcv
000279a0   _hEdmaRcvRelPing
000279a4   _hEdmaRcvRelPong
000279a8   _hEdmaXmt
000279ac   _hEdmaXmtRelPing
000279b0   _hEdmaXmtRelPong
00027998   _hMcbsp_AIC23
00027b2c   _hMcbsp_AIC23_Config
00027a6c   _hMcbsp_Link
000141e8   _main
000175c0   _memcpy
00018b80   _memset
00019320   _modf
00027a00   _num_f
00016230   _read_buffer_audio_out
000279c4   _ringbuff_audio_in_read_i
000279c8   _ringbuff_audio_in_write_i
000279cc   _ringbuff_audio_out_read_i
000279d0   _ringbuff_audio_out_write_i
000279e8   _ringbuffer_in_ready
00027af8   _rtdxNullChanCnt
00027afc   _rtdxNullFuncCnt
000276f0   _rtdx_buffer_state
00027710   _rtdx_mon_state
000279e4   _soundBuffer_i
000279f0   _t_reg
00023f28   _tccAllocTable
00027a88   _tccBSPLinkRcvPing
00027a8c   _tccBSPLinkRcvPong
00027a90   _tccBSPLinkXmtPing
00027a94   _tccBSPLinkXmtPong
000279b4   _tccRcvPing
000279b8   _tccRcvPong
000279bc   _tccXmtPing
000279c0   _tccXmtPong
000279ea   _time_cnt
000163e0   _tsk_led_toggle
00018500   _wait500nS
000162e8   _write_buffer_audio_in
00016048   _write_decoding_buffer
00021fa0   _y_enc
ffffffff   binit
00024118   cinit
00000000   edata
00027b30   end
00019ca0   etext
00000000   hwi0
00000020   hwi1
00000140   hwi10
00000160   hwi11
00000180   hwi12
000001a0   hwi13
000001c0   hwi14
000001e0   hwi15
00000040   hwi2
00000060   hwi3
00000080   hwi4
000000a0   hwi5
000000c0   hwi6
000000e0   hwi7
00000100   hwi8
00000120   hwi9
00028dac   pinit


GLOBAL SYMBOLS: SORTED BY Symbol Address 

address    name
--------   ----
00000000   .data
00000000   BUF$
00000000   CLK_COUNTSPMSHIGH
00000000   CLK_PRDHIGH
00000000   CLK_TDDR
00000000   CLK_TDDRHIGH
00000000   CLK_TIMERNUM
00000000   DEV$
00000000   DGN$
00000000   DHL$
00000000   DHL_gChannelsAvailable
00000000   DIO$
00000000   DIO_NUMSWIBASE
00000000   DIO_NUMTSKBASE
00000000   DIO_STATIC
00000000   DPI$
00000000   GBL_BIGENDIAN
00000000   GBL_C641XL2PRIORITY
00000000   GBL_CACHE
00000000   GBL_L2CONFIGALLOC
00000000   GBL_L2MARMASK1
00000000   GBL_L2MARMASK2
00000000   GBL_L2MARMASK3
00000000   GBL_L2MARMASK4
00000000   GBL_L2MARMASK5
00000000   GBL_L2MODE
00000000   GBL_L2PRIORITY
00000000   GBL_NULL
00000000   GBL_PROCID
00000000   GBL_ROM
00000000   GBL_SUPPORTCSL
00000000   GIO$
00000000   HOOK$
00000000   HOOK_KNLID
00000000   HST_DSM
00000000   HST_NONE
00000000   HWI_A_VECS
00000000   HWI_GENERATE_RESET_VEC
00000000   HWI_INT10$hwi
00000000   HWI_INT11$hwi
00000000   HWI_INT12$hwi
00000000   HWI_INT13$hwi
00000000   HWI_INT14$hwi
00000000   HWI_INT15$hwi
00000000   HWI_INT4$hwi
00000000   HWI_INT5$hwi
00000000   HWI_INT6$hwi
00000000   HWI_INT7$hwi
00000000   HWI_INT8$hwi
00000000   HWI_INT9$hwi
00000000   HWI_NMI$hwi
00000000   HWI_POLARITYMASK
00000000   HWI_RESERVED0$hwi
00000000   HWI_RESERVED1$hwi
00000000   HWI_RESET
00000000   HWI_RESET$hwi
00000000   IDL_busyObj$iB
00000000   IDL_busyObj$operation
00000000   KNL_swi$pri
00000000   KNL_swi$sts$unittype
00000000   KNL_swi$swi
00000000   LOG_system$datatype
00000000   LOG_system$log
00000000   MBX$
00000000   MEM_NULL
00000000   MEM_USEMPC
00000000   MSGQ$
00000000   MSGQ_USEMSGQ
00000000   OBJ$
00000000   PIP$
00000000   PIP_gNextId
00000000   POOL$
00000000   POOL_USEPOOL
00000000   PRD_Sek$mode
00000000   PRD_Sek$prd
00000000   PRD_Sek$sts$filter
00000000   PRD_swi$sts$unittype
00000000   PRD_swi$swi
00000000   RTA_fromHost$hst
00000000   RTA_fromHost$mode
00000000   RTA_toHost$hst
00000000   RTA_toHost$id
00000000   RTDX_MODE
00000000   RTDX_USERTEXECUTION
00000000   SIO$
00000000   SWI_ADC_In_Ping$sts$unittype
00000000   SWI_ADC_In_Ping$swi
00000000   SWI_ADC_In_Pong$sts$unittype
00000000   SWI_ADC_In_Pong$swi
00000000   SWI_ADC_Out_Ping$sts$unittype
00000000   SWI_ADC_Out_Ping$swi
00000000   SWI_ADC_Out_Pong$sts$unittype
00000000   SWI_ADC_Out_Pong$swi
00000000   SWI_BSPLink_In_Ping$sts$unittype
00000000   SWI_BSPLink_In_Ping$swi
00000000   SWI_BSPLink_In_Pong$sts$unittype
00000000   SWI_BSPLink_In_Pong$swi
00000000   SWI_BSPLink_Out_Ping$sts$unittype
00000000   SWI_BSPLink_Out_Ping$swi
00000000   SWI_BSPLink_Out_Pong$sts$unittype
00000000   SWI_BSPLink_Out_Pong$swi
00000000   SWI_Decode_Buffer$sts$unittype
00000000   SWI_Decode_Buffer$swi
00000000   SWI_EHOOKFXN
00000000   SWI_Encode_Buffer$sts$unittype
00000000   SWI_Encode_Buffer$swi
00000000   SWI_IHOOKFXN
00000000   TSK_LEDTOGGLE$sts$unittype
00000000   TSK_LEDTOGGLE$tsk
00000000   TSK_NUM_HOOKS
00000000   TSK_READYFXN
00000000   TSK_STACKSEG
00000000   TSK_SWITCHFXN
00000000   TSK_idle$pri
00000000   TSK_idle$sts$unittype
00000000   TSK_idle$tsk
00000000   UDEV$
00000000   _CLK_TDDR
00000000   _CLK_TIMERNUM
00000000   _GBL_CACHE
00000000   _HWI_RESET
00000000   _RTDX_interrupt_mask
00000000   ___data__
00000000   ___edata__
00000000   edata
00000000   hwi0
00000001   BUF_ENABLED
00000001   CLK$
00000001   CLK_CALDIV
00000001   CLK_HTIMEDIV
00000001   CLK_LTIMEDIV
00000001   CLK_USETIMER
00000001   GBL$
00000001   GBL_CALLCSLCFGINIT
00000001   GBL_ENABLEINST
00000001   GBL_L2CONFIGURE
00000001   GBL_L2MARMASK
00000001   GBL_USERINIT
00000001   GBL_boot
00000001   HST$
00000001   HST_RTDX
00000001   HWI$
00000001   HWI_NMI
00000001   HWI_ZEROTAB
00000001   IDL$
00000001   IDL_USECLKIDLTIME
00000001   IDL_busyObj$filter
00000001   IDL_busyObj$iA
00000001   IDL_busyObj$iC
00000001   ISRC$
00000001   KNL_swi$dorta
00000001   KNL_swi$sts$filtmaxmult
00000001   KNL_swi$sts$filtsummult
00000001   LCK$
00000001   LOG$
00000001   LOG_A_TABLEN
00000001   LOG_ENABLED
00000001   MEM$
00000001   MEM_gNumHeap
00000001   PRD$
00000001   PRD_A_TABLEN
00000001   PRD_Sek$ord
00000001   PRD_swi$dorta
00000001   PRD_swi$ord
00000001   PRD_swi$pri
00000001   PRD_swi$sts$filtmaxmult
00000001   PRD_swi$sts$filtsummult
00000001   QUE$
00000001   RTA_fromHost$id
00000001   RTA_toHost$mode
00000001   RTDX$
00000001   RTDX_NORMALIZED_HDR
00000001   RTDX_USERTDX
00000001   SEM$
00000001   STS$
00000001   SWI$
00000001   SWI_ADC_In_Ping$dorta
00000001   SWI_ADC_In_Ping$sts$filtmaxmult
00000001   SWI_ADC_In_Ping$sts$filtsummult
00000001   SWI_ADC_In_Pong$dorta
00000001   SWI_ADC_In_Pong$sts$filtmaxmult
00000001   SWI_ADC_In_Pong$sts$filtsummult
00000001   SWI_ADC_Out_Ping$dorta
00000001   SWI_ADC_Out_Ping$sts$filtmaxmult
00000001   SWI_ADC_Out_Ping$sts$filtsummult
00000001   SWI_ADC_Out_Pong$dorta
00000001   SWI_ADC_Out_Pong$sts$filtmaxmult
00000001   SWI_ADC_Out_Pong$sts$filtsummult
00000001   SWI_BSPLink_In_Ping$dorta
00000001   SWI_BSPLink_In_Ping$sts$filtmaxmult
00000001   SWI_BSPLink_In_Ping$sts$filtsummult
00000001   SWI_BSPLink_In_Pong$dorta
00000001   SWI_BSPLink_In_Pong$sts$filtmaxmult
00000001   SWI_BSPLink_In_Pong$sts$filtsummult
00000001   SWI_BSPLink_Out_Ping$dorta
00000001   SWI_BSPLink_Out_Ping$sts$filtmaxmult
00000001   SWI_BSPLink_Out_Ping$sts$filtsummult
00000001   SWI_BSPLink_Out_Pong$dorta
00000001   SWI_BSPLink_Out_Pong$sts$filtmaxmult
00000001   SWI_BSPLink_Out_Pong$sts$filtsummult
00000001   SWI_Decode_Buffer$dorta
00000001   SWI_Decode_Buffer$sts$filtmaxmult
00000001   SWI_Decode_Buffer$sts$filtsummult
00000001   SWI_Encode_Buffer$dorta
00000001   SWI_Encode_Buffer$sts$filtmaxmult
00000001   SWI_Encode_Buffer$sts$filtsummult
00000001   SYS$
00000001   TSK$
00000001   TSK_LEDTOGGLE$sts$filtmaxmult
00000001   TSK_LEDTOGGLE$sts$filtsummult
00000001   TSK_PRIORITY
00000001   TSK_idle$ord
00000001   TSK_idle$sts$filtmaxmult
00000001   TSK_idle$sts$filtsummult
00000001   _CLK_USETIMER
00000001   _HWI_NMI
00000001   _LOG_A_TABLEN
00000002   HWI_RESERVED0
00000002   IDL_busyObj$unittype
00000002   KNL_swi$ord
00000002   KNL_swi$sts$filter
00000002   PIP_A_TABLEN
00000002   PIP_gNumEmbed
00000002   PRD_Sek$sts$unittype
00000002   PRD_swi$sts$filter
00000002   SWI_ADC_In_Ping$sts$filter
00000002   SWI_ADC_In_Pong$sts$filter
00000002   SWI_ADC_Out_Ping$sts$filter
00000002   SWI_ADC_Out_Pong$sts$filter
00000002   SWI_BSPLink_In_Ping$sts$filter
00000002   SWI_BSPLink_In_Pong$sts$filter
00000002   SWI_BSPLink_Out_Ping$sts$filter
00000002   SWI_BSPLink_Out_Pong$sts$filter
00000002   SWI_Decode_Buffer$sts$filter
00000002   SWI_Encode_Buffer$sts$filter
00000002   TSK_LEDTOGGLE$pri
00000002   TSK_LEDTOGGLE$sts$filter
00000002   TSK_idle$sts$filter
00000002   _HWI_RESERVED0
00000002   _RTDX_JTAGONLY
00000003   HWI_RESERVED1
00000003   SWI_BSPLink_In_Ping$ord
00000003   SWI_Decode_Buffer$pri
00000003   TSK_LEDTOGGLE$ord
00000003   _HWI_RESERVED1
00000004   CLK_CALMULT
00000004   CLK_HTIMEMULT
00000004   HWI_INT4
00000004   RTA_fromHost$framesize
00000004   SWI_ADC_In_Ping$pri
00000004   SWI_ADC_In_Pong$pri
00000004   SWI_ADC_Out_Ping$pri
00000004   SWI_ADC_Out_Pong$pri
00000004   SWI_BSPLink_In_Pong$ord
00000004   SWI_Encode_Buffer$pri
00000004   _HWI_INT4
00000005   HWI_INT5
00000005   SWI_ADC_Out_Ping$ord
00000005   _HWI_INT5
00000006   HWI_INT6
00000006   IDL_CALIBRERROR
00000006   SWI_ADC_Out_Pong$ord
00000006   _HWI_INT6
00000007   HWI_INT7
00000007   SWI_ADC_In_Ping$ord
00000007   SWI_BSPLink_In_Pong$pri
00000007   SWI_BSPLink_Out_Pong$pri
00000007   _HWI_INT7
00000008   HWI_INT8
00000008   PRD_SCALAR
00000008   SWI_ADC_In_Pong$ord
00000008   SWI_BSPLink_In_Ping$pri
00000008   SWI_BSPLink_Out_Ping$pri
00000008   _HWI_INT8
00000009   HWI_INT9
00000009   SWI_BSPLink_Out_Ping$ord
00000009   _HWI_INT9
0000000a   HWI_INT10
0000000a   SWI_BSPLink_Out_Pong$ord
0000000a   _HWI_INT10
0000000b   HWI_INT11
0000000b   SWI_Decode_Buffer$ord
0000000b   _HWI_INT11
0000000c   HWI_INT12
0000000c   SWI_A_TABLEN
0000000c   SWI_Encode_Buffer$ord
0000000c   _HWI_INT12
0000000d   HWI_INT13
0000000d   _HWI_INT13
0000000e   HWI_INT14
0000000e   _HWI_INT14
0000000f   HWI_INT15
0000000f   _HWI_INT15
00000020   CLK_TCR
00000020   hwi1
0000003e   GBL_DSPTYPE
00000040   HST_MAXFRAMESET
00000040   LOG_system$size
00000040   RTA_toHost$framesize
00000040   hwi2
00000042   GBL_FOOTPRINT
00000060   hwi3
00000064   PIP_OBJSIZE
00000080   hwi4
000000a0   hwi5
000000c0   hwi6
000000e0   hwi7
000000ff   HST_MAXFRAMEALLOWED
00000100   hwi8
00000120   hwi9
00000140   hwi10
00000160   hwi11
00000180   hwi12
000001a0   hwi13
000001c0   hwi14
000001e0   hwi15
00000200   _AIC_Buffer_in_ping
000003e8   CLK_MICROSECS
000003e8   PRD_Sek$period
00000400   HST_DSMMEMSIZE
00000400   TSK_STACKSIZE
00000408   RTDX_BUFMEMSIZE
000005e8   _AIC_Buffer_in_pong
000009d0   _AIC_Buffer_out_ping
00000db8   _AIC_Buffer_out_pong
000011a0   _Ringbuffer_Audio_in
00001770   GBL_CLKTYPE
00001a39   GBL_DSPSUBTYPE
00002226   GBL_L2ALLOC
00002910   _Ringbuffer_Audio_out
00004000   CLK_INTBIT
00004000   __STACK_SIZE
00004080   _Decoding_Buffer
00004274   _Encoding_Buffer
00004468   _Debug_Buff_ping
00004850   _Debug_Buff_pong
00004c38   _Debug_Buff
00004e20   GBL_CLKIN
00005205   GBL_A_VERSION
00005308   HWI_CFGDISPATCHED
00005308   _HWI_CFGDISPATCHED
00008000   SDRAM$L
00008000   _SDRAM_length
0000dbba   CLK_COUNTSPMS
0000dbba   CLK_HTIMEPERLTIME
0000dbba   CLK_PRD
0000dbba   _CLK_COUNTSPMS
0000dbba   _CLK_PRD
0000dbef   GBL_TRCMASKVALUE
00013698   _BSPLinkBuffer_in_ping
00013954   _BSPLinkBuffer_in_pong
00013c10   _BSPLinkBuffer_out_ping
00013ecc   _BSPLinkBuffer_out_pong
00014188   LOG_A_TABBEG
00014188   LOG_system
00014188   _LOG_A_TABBEG
00014188   _LOG_system
000141a0   .text
000141a0   LOG_A_TABEND
000141a0   _LOG_A_TABEND
000141a0   ___text__
000141e8   _main
0001445c   _config_AIC23_EDMA
00014a10   _config_interrupts
00014aa4   _EDMA_ISR
00014ed8   _ADC_Out_Ping
00014f18   _ADC_Out_Pong
00014f58   _ADC_In_Ping
00014fb0   _ADC_In_Pong
00015008   _BSPLink_In_Ping
0001505c   _BSPLink_In_Pong
000150b0   _BSPLink_Out_Ping
0001515c   _BSPLink_Out_Pong
00015208   _decode_buffer
000155cc   _encode_buffer
00015efc   _framing_link_data
00016048   _write_decoding_buffer
00016230   _read_buffer_audio_out
000162e8   _write_buffer_audio_in
000163b4   _SWI_LEDToggle
000163e0   _tsk_led_toggle
000164c0   _config_BSPLink
00016638   _config_BSPLink_EDMA
00016c0c   _DSK6713_init
00016f28   _DSK6713_rget
00016f3c   _DSK6713_rset
00016f50   _DSK6713_wait
00016fa8   _DSK6713_waitusec
00016fd4   _DSK6713_getVersion
00017040   __divf
00017340   _EDMA_open
000175c0   _memcpy
00017800   _Config_DSK6713_AIC23
00017a40   __CSL_init
00017c60   _DSK6713_LED_init
00017ca0   _DSK6713_LED_off
00017d10   _DSK6713_LED_on
00017d80   _DSK6713_LED_toggle
00017e40   _IRQ_map
000181c0   _EDMA_allocTable
00018360   _MCBSP_reset
00018500   _wait500nS
00018528   GBL_USERINITFXN
00018528   _GBL_setPLLto225MHz
00018680   _call_dtors
000187e0   _EDMA_reset
00018920   _TIMER_open
00018a60   _TIMER_reset
00018b80   _memset
00018ca0   _EDMA_intAlloc
00018da0   _MCBSP_open
00018ea0   _MCBSP_start
00018fa0   _EDMA_config
00019080   __nround
00019160   __strasg
00019240   _atexit
00019320   _modf
000194c0   _MCBSP_close
00019560   _MCBSP_config
00019600   __IRQ_init
000196a0   __fltlif
000197e0   _DSK6713_DIP_init
000197e8   _DSK6713_DIP_get
00019860   _EDMA_disableChannel
000198c0   _EDMA_enableChannel
00019920   _EDMA_intEnable
00019980   _EDMA_qdmaConfig
000199e0   __fltulf
00019a40   _EDMA_link
00019a80   _IRQ_enable
00019ac0   ___add_dtor
00019b00   _CSL6713_LIB_
00019b20   _EDMA_intClear
00019b40   _EDMA_intTest
00019b60   _IRQ_clear
00019b80   _IRQ_globalEnable
00019ba0   _MCBSP_getRcvAddr
00019bc0   _MCBSP_getXmtAddr
00019be0   _MCBSP_write
00019c00   _MCBSP_xrdy
00019c20   __nop
00019c40   __register_lock
00019c60   __register_unlock
00019c80   __IRQ_hookFetchPacket
00019ca0   LNK_F_checkBufferCall
00019ca0   ___etext__
00019ca0   etext
00019cc0   LNK_F_getChanPtr
00019d18   LNK_F_init
00019d20   LNK_F_dataPump
00019d34   LNK_rcloop
00019e00   LNK_rdrtry
00019e10   LNK_rrloop
00019ed4   LNK_wrrtry
00019ee4   LNK_wrloop
00019fc0   LNK_newin
0001a100   LNK_newout
0001a264   LNK_F_readCallBack
0001a6d4   __GBL_setL2CacheMode
0001a880   SWI_F_enable
0001a880   __SWI_lat3beg
0001a8ec   __SWI_lat3end
0001a8f0   SWI_F_post
0001a8f0   _SWI_post
0001aa2c   __SWI_lat1beg
0001aa9c   SWI_EXECFXN
0001aa9c   SWI_F_exec
0001aac8   SWI_F_iexec
0001aae0   __SWI_lat1end
0001aae4   __SWI_lat2beg
0001ab54   __SWI_lat2end
0001ab58   SWI_F_run
0001ab58   SWI_RUNFXN
0001adc0   CLK_HOOKFXN
0001adc0   HWI_F_dispatch
0001adc0   _HWI_F_dispatch
0001adc0   __HWI_lat1beg
0001af40   __HWI_lat1end
0001af40   __HWI_lat2beg
0001b06c   __HWI_lat2end2
0001b09c   __HWI_lat3end2
0001b0e0   __HWI_lat2end1
0001b100   __HWI_lat3beg
0001b200   __HWI_lat3end1
0001b220   PRD_F_swi
0001b4e0   PRD_F_tick
0001b5c0   _KNL_run
0001b880   RTA_F_getlog
0001b8c4   RTA_F_getsts
0001b90c   RTA_F_readblk
0001b92c   RTA_F_writeword
0001b938   RTA_F_resetmem
0001b938   __RTA_lat1beg
0001b970   __RTA_lat1end
0001b978   RTA_F_dispatch
0001b9c8   RTA_execute
0001bb40   _SEM_pendEnterKnl
0001c040   PRD_THOOKFXN
0001c040   _KNL_tick
0001c060   PIP_F_take
0001c0f4   PIP_F_give
0001c0f4   PIP_F_probe
0001c1c8   PIP_F_start
0001c2a0   __SEM_dopost
0001c4c0   _TSK_setup
0001c6c0   _KNL_saveIsrFrame
0001c78c   _KNL_switch
0001c840   KNL_glue
0001c880   CLK_F_getltime
0001c894   CLK_F_isr
0001c9f4   CLK_F_itime
0001c9f4   _CLK_F_itime
0001c9f4   _CLK_itime
0001ca10   __CLK_lat1beg
0001ca3c   __CLK_lat1end
0001ca40   _TSK_exit
0001cbe0   __auto_init
0001ce20   _TSK_startup
0001cee0   _KNL_check
0001cf30   __KNL_lat1beg
0001cfb8   _KNL_idle
0001cfb8   __KNL_lat1end
0001cfdc   _KNL_max
0001d020   _GBL_cslCacheInit
0001d100   _KNL_exit
0001d154   _KNL_enter
0001d1e0   _SEM_postEnterKnl
0001d2c0   _SEM_post
0001d2c0   _SEM_postBinary
0001d3a0   _CLK_measure
0001d480   _KNL_ipost
0001d540   _KNL_post
0001d600   _LCK_post
0001d630   _LCK_pend
0001d6c0   _SYS_exit
0001d780   CLK_F_getfhtime
0001d7a0   CLK_F_gethtime
0001d7a0   CLK_F_getshtime
0001d7a0   CLK_TIMEFXN
0001d840   FXN_F_nop
0001d848   FXN_F_run
0001d848   _FXN_F_run
0001d898   FXN_F_zero
0001d898   _FXN_F_zero
0001d8c0   IDL_F_busy
0001d8c0   __IDL_lat1beg
0001d910   __IDL_lat1end
0001d940   LOG_F_event
0001d940   _LOG_event
0001d940   __LOG_lat1beg
0001d9c0   STS_F_delta
0001d9c0   _STS_delta
0001d9f8   STS_F_add
0001d9f8   _STS_add
0001da24   STS_F_reset
0001da24   _STS_reset
0001da40   IDL_F_calibrate
0001dac0   _HWI_disable
0001dad8   _HWI_enable
0001daec   _HWI_restore
0001db20   _SEM_pendBinary
0001db80   _SEM_pend
0001dbe0   _SWI_disable
0001dc08   _SWI_enable
0001dc40   _SYS_abort
0001dca0   SYS_PUTCFXN
0001dca0   _UTL_doPutc
0001dd00   _CLK_start
0001dd60   IDL_CALIBRFXN
0001dd60   IDL_F_stub
0001dda0   RTA_F_andn
0001ddc0   RTA_F_or
0001dde0   SYS_ABORTFXN
0001dde0   _UTL_doAbort
0001de20   _CLK_stop
0001de60   GIO_CREATEFXN
0001de60   GIO_DELETEFXN
0001de60   GIO_PENDFXN
0001de60   GIO_POSTFXN
0001de60   TSK_VCREATEFXN
0001de60   TSK_VDELETEFXN
0001de60   TSK_VEXITFXN
0001de60   _FXN_F_nop
0001de80   _GBL_getVersion
0001dea0   IDL_F_loop
0001dea0   _IDL_loop
0001dec0   _STS_set
0001dee0   SYS_ERRORFXN
0001dee0   _UTL_doError
0001df00   SYS_EXITFXN
0001df00   _UTL_halt
0001df20   GBL_stackbeg
0001df20   _HWI_STKTOP
0001df20   __stack
00021f18   _HWI_STKBOTTOM
00021f1f   GBL_stackend
00021f20   __STACK_END
00021f20   _datainterface_config
00021f40   _configEDMARcv
00021f58   _configEDMAXmt
00021f70   _debug_denum
00021fa0   _y_enc
00021fb8   _e_enc
00022d64   _b_enc
00023b10   ___atexit_func_id__
00023cc0   __IRQ_eventTable
00023d44   __IRQ_intTable
00023d84   __IRQ_dispatchTable
00023d8c   _KNL_queues
00023e2c   _KNL_dummy
00023e64   _TSK_ATTRS
00023e80   _TSK_config
00023ea0   _TSK_timerSem
00023ec0   _OBJ_table
00023ef8   _OBJ_segtab
00023f28   _tccAllocTable
00023f68   __TSK_mutex
00023f90   __MEM_mutex
00023fb8   _BSPLink_interface_config
00023fd8   _configEDMABSPLinkRcv
00023ff0   _configEDMABSPLinkXmt
00024038   __MCBSP_hDev0
0002403c   __MCBSP_hDev1
0002409c   __TIMER_deviceTable
000240b4   __TIMER_hDev0
000240b8   __TIMER_hDev1
000240bc   __TIMER_hBios
000240c0   _SYS_exitStack
000240fc   __cleanup_ptr
00024100   __dtors_ptr
00024104   ___TI_enable_exit_profile_output
00024108   __lock
0002410c   __unlock
00024110   _dtors
00024114   _DSK6713_version
00024118   ___cinit__
00024118   cinit
00025f0c   RTA_fromHost$buf
00025f20   _RTDX_Poll
00026320   _RTDX_Buffer_WriteCB
00026960   _RTDX_Mon_Queue
00026b80   _RTDX_Init_RT_Monitor
00026c00   _RTDX_Buffer_Initialize
00026c60   _RTDX_Buffer_ReadCB
00026cc0   _RTDX_Buffer_Size
00026d00   _RTDX_Final_RT_Monitor
00026d40   _RTDX_Buffer_Read
00026d60   _RTDX_Buffer_Write
00026da0   _RTDX_Mask_IER
00026dc0   BIOS_init
00026dc0   _BIOS_init
00026f3c   BIOS$$CLKON
00026f7c   BIOS$$CLKOFF
00026fe4   BIOS_start
00026fe4   _BIOS_start
000270a0   _MEM_init
00027180   _c_int00
00027240   _TSK_init
000272c0   _OBJ_init
000272e0   _RTDX_Buffer
000276e8   _RTDX_Buffer_Start
000276ec   _RTDX_Buffer_End
000276f0   _rtdx_buffer_state
000276fc   _RTDX_writing
00027710   _rtdx_mon_state
0002772c   $bss
0002772c   .bss
0002772c   _HWI_dispatchTab
0002772c   ___bss__
0002782c   IDL_D_tabbeg
00027830   IDL_D_calibrate
00027834   IDL_D_calbeg
00027838   LOG_D_system
00027838   _LOG_D_system
0002783c   PIP_D_tabbeg
00027840   PIP_D_tablen
00027844   CLK_R_time
00027848   CLK_D_timefxn
0002784c   CLK_D_tabbeg
00027850   CLK_D_isrhook
00027854   CLK_D_idletime
00027858   _CLK_htimeDiv
0002785c   _CLK_htimeMult
00027860   _CLK_ltimeDiv
00027864   _CLK_ltimeMult
00027868   _CLK_D_dirty
0002786c   _CLK_D_prd
00027870   _CLK_D_tddr
00027874   _CLK_D_countspms
00027878   PRD_D_tick
00027878   _PRD_D_tick
0002787c   PRD_D_cur
00027880   PRD_D_elapsed
00027884   PRD_D_prevtim
00027888   PRD_D_scalar
0002788c   PRD_D_swihandle
00027890   PRD_D_tabbeg
00027894   PRD_D_tablen
00027898   PRD_D_thook
0002789c   RTA_D_fromHost
000278a0   RTA_D_toHost
000278a4   RTA_D_logval
000278b4   RTA_D_stsval
000278c0   HST_D_chanmask
000278c4   HST_D_tabbeg
000278c8   HST_D_tabend
000278cc   _GBL_procId
000278d0   _GBL_clkIn
000278d4   _GBL_freq
000278d8   _MEM_D_NUMSEGMENTS
000278dc   _MEM_D_memtab
000278e0   _MEM_D_freelist
000278e4   _MEM_D_lockaddr
000278e8   _MEM_D_unlockaddr
000278ec   _SYS
000278f0   __HOOK_knlId
000278f4   __HOOK_NUMHOOKS
000278f8   SWI_D_runaddr
000278f8   _SWI_D_runaddr
000278f8   _SWI_data
000278fc   SWI_D_execaddr
000278fc   _SWI_D_execaddr
00027900   SWI_D_curmask
00027900   _SWI_D_curmask
00027904   SWI_D_curset
00027904   _SWI_D_curset
00027908   SWI_D_lock
00027908   _SWI_D_lock
0002790c   SWI_D_curmbox
00027910   SWI_D_curfxn
00027910   _SWI_D_curfxn
00027914   SWI_D_rdybeg
00027914   _SWI_D_rdybeg
00027918   SWI_D_inswi
00027918   _SWI_D_inswi
0002791c   SWI_D_rdytab
00027994   _debug_buff_i
00027998   _hMcbsp_AIC23
0002799c   _hEdmaRcv
000279a0   _hEdmaRcvRelPing
000279a4   _hEdmaRcvRelPong
000279a8   _hEdmaXmt
000279ac   _hEdmaXmtRelPing
000279b0   _hEdmaXmtRelPong
000279b4   _tccRcvPing
000279b8   _tccRcvPong
000279bc   _tccXmtPing
000279c0   _tccXmtPong
000279c4   _ringbuff_audio_in_read_i
000279c8   _ringbuff_audio_in_write_i
000279cc   _ringbuff_audio_out_read_i
000279d0   _ringbuff_audio_out_write_i
000279d4   _Decoding_Buffer_i
000279d8   _decoding_buff_valid
000279dc   _Encoding_Buffer_i
000279e0   _encoding_buff_valid
000279e1   _dataDetected
000279e4   _soundBuffer_i
000279e8   _ringbuffer_in_ready
000279ea   _time_cnt
000279ec   _configComplete
000279f0   _t_reg
000279f4   _ENCODER
000279f8   _DECODER
000279fc   _den_f
00027a00   _num_f
00027a24   _KNL_wFlag
00027a28   _KNL_wList
00027a2c   _KNL_alarm
00027a30   _KNL_setpri
00027a34   _KNL_inactive
00027a38   _KNL_priority
00027a3c   _KNL_set
00027a40   _KNL_curtask
00027a44   _KNL_prevtask
00027a48   _KNL_curtime
00027a4c   _KNL_swiptr
00027a50   _KNL_curqueue
00027a54   _KNL_maxqueue
00027a58   _KNL_tswitchfxn
00027a5c   _KNL_tcreatefxn
00027a60   _KNL_tdeletefxn
00027a64   _KNL_treadyfxn
00027a68   _KNL_idlefxn
00027a6c   _hMcbsp_Link
00027a70   _hEdmaBSPLinkRcv
00027a74   _hEdmaBSPLinkRcvRelPing
00027a78   _hEdmaBSPLinkRcvRelPong
00027a7c   _hEdmaBSPLinkXmt
00027a80   _hEdmaBSPLinkXmtRelPing
00027a84   _hEdmaBSPLinkXmtRelPong
00027a88   _tccBSPLinkRcvPing
00027a8c   _tccBSPLinkRcvPong
00027a90   _tccBSPLinkXmtPing
00027a94   _tccBSPLinkXmtPong
00027a98   _MEM_memtab
00027aa4   MEM_MALLOCSEG
00027aa4   MEM_SEGZERO
00027aa4   SDRAM
00027aa4   _SDRAM
00027aa8   RTA_fromHost$pipe$dtab
00027ab4   RTA_toHost$pipe$dtab
00027ac0   HWI_D_spsave
00027ac0   _HWI_D_spsave
00027ac0   _HWI_data
00027acc   _HWI_D_inhwi
00027ad0   HWI_D_bss
00027ad4   HWI_D_ccmask
00027ad8   LNK_dspFrameRequestMask
00027ad8   _LNK_dspFrameRequestMask
00027adc   LNK_dspFrameReadyMask
00027adc   _LNK_dspFrameReadyMask
00027ae0   LNK_readPend
00027ae0   _LNK_readPend
00027ae4   LNK_readDone
00027ae4   _LNK_readDone
00027ae8   LNK_readFail
00027ae8   _LNK_readFail
00027aec   LNK_writeFail
00027aec   _LNK_writeFail
00027af8   _rtdxNullChanCnt
00027afc   _rtdxNullFuncCnt
00027b00   _TSK_nTasks
00027b04   _TSK_pid
00027b08   _TSK
00027b0c   _CLK_DFLTMICROSECS
00027b10   _CLK_D_microseconds
00027b14   _SYS_exitStackPtr
00027b18   _SYS_exitStackTop
00027b1c   _CLK_htimePerLtime
00027b24   IDL_D_busyObj
00027b28   _MEM
00027b2c   _hMcbsp_AIC23_Config
00027b30   TSK_LEDTOGGLE$stack
00027b30   ___end__
00027b30   end
00027ec8   TSK_LEDTOGGLE$stkptr
00027f30   TSK_idle$stack
000282c8   TSK_idle$stkptr
00028330   PRD_SWIHANDLE
00028330   PRD_swi
00028330   SWI_A_TABBEG
00028330   _PRD_swi
0002835c   KNL_swi
0002835c   _KNL_swi
00028388   SWI_BSPLink_In_Ping
00028388   _SWI_BSPLink_In_Ping
000283b4   SWI_BSPLink_In_Pong
000283b4   _SWI_BSPLink_In_Pong
000283e0   SWI_ADC_Out_Ping
000283e0   _SWI_ADC_Out_Ping
0002840c   SWI_ADC_Out_Pong
0002840c   _SWI_ADC_Out_Pong
00028438   SWI_ADC_In_Ping
00028438   _SWI_ADC_In_Ping
00028464   SWI_ADC_In_Pong
00028464   _SWI_ADC_In_Pong
00028490   SWI_BSPLink_Out_Ping
00028490   _SWI_BSPLink_Out_Ping
000284bc   SWI_BSPLink_Out_Pong
000284bc   _SWI_BSPLink_Out_Pong
000284e8   SWI_Decode_Buffer
000284e8   _SWI_Decode_Buffer
00028514   SWI_Encode_Buffer
00028514   _SWI_Encode_Buffer
00028540   SWI_A_TABEND
00028540   _SYS_PUTCBEG
0002873f   _SYS_PUTCEND
0002874c   TSK_idle
0002874c   _TSK_idle
000287ac   TSK_LEDTOGGLE
000287ac   _TSK_LEDTOGGLE
00028800   LOG_system$buf
00028900   RTA_toHost$buf
00028a00   PRD_Sek$sts$stsobj
00028a00   STS_A_TABBEG
00028a00   _STS_A_TABBEG
00028a04   PRD_Sek$sts
00028a10   PRD_swi$sts$stsobj
00028a14   PRD_swi$sts
00028a20   KNL_swi$sts$stsobj
00028a24   KNL_swi$sts
00028a30   SWI_BSPLink_In_Ping$sts$stsobj
00028a34   SWI_BSPLink_In_Ping$sts
00028a40   SWI_BSPLink_In_Pong$sts$stsobj
00028a44   SWI_BSPLink_In_Pong$sts
00028a50   SWI_ADC_Out_Ping$sts$stsobj
00028a54   SWI_ADC_Out_Ping$sts
00028a60   SWI_ADC_Out_Pong$sts$stsobj
00028a64   SWI_ADC_Out_Pong$sts
00028a70   SWI_ADC_In_Ping$sts$stsobj
00028a74   SWI_ADC_In_Ping$sts
00028a80   SWI_ADC_In_Pong$sts$stsobj
00028a84   SWI_ADC_In_Pong$sts
00028a90   SWI_BSPLink_Out_Ping$sts$stsobj
00028a94   SWI_BSPLink_Out_Ping$sts
00028aa0   SWI_BSPLink_Out_Pong$sts$stsobj
00028aa4   SWI_BSPLink_Out_Pong$sts
00028ab0   SWI_Decode_Buffer$sts$stsobj
00028ab4   SWI_Decode_Buffer$sts
00028ac0   SWI_Encode_Buffer$sts$stsobj
00028ac4   SWI_Encode_Buffer$sts
00028ad0   TSK_idle$sts$stsobj
00028ad4   TSK_idle$sts
00028ae0   TSK_LEDTOGGLE$sts$stsobj
00028ae4   TSK_LEDTOGGLE$sts
00028af0   IDL_busyObj$stsobj
00028af4   IDL_busyObj
00028af4   _IDL_busyObj
00028b00   PIP_A_TABBEG
00028b00   RTA_fromHost$pipe
00028b00   STS_A_TABEND
00028b00   _PIP_A_TABBEG
00028b00   _STS_A_TABEND
00028b04   RTA_fromHost$pipe$rd
00028b30   RTA_fromHost$pipe$aaa
00028b34   RTA_fromHost$pipe$wr
00028b60   RTA_fromHost$pipe$bbb
00028b64   RTA_toHost$pipe
00028b68   RTA_toHost$pipe$rd
00028b94   RTA_toHost$pipe$aaa
00028b98   RTA_toHost$pipe$wr
00028bc4   RTA_toHost$pipe$bbb
00028bc8   PIP_A_TABEND
00028bc8   _PIP_A_TABEND
00028c7d   PRD_Sek$sts$maxfmt
00028c86   PRD_Sek$sts$sumfmt
00028c8f   PRD_Sek$sts$avgfmt
00028c9a   PRD_swi$sts$maxfmt
00028ca2   PRD_swi$sts$sumfmt
00028caa   PRD_swi$sts$avgfmt
00028cb4   KNL_swi$sts$maxfmt
00028cbc   KNL_swi$sts$sumfmt
00028cc4   KNL_swi$sts$avgfmt
00028ccc   HST_A_TABBEG
00028ccc   _HST_A_TABBEG
00028cce   SWI_BSPLink_In_Ping$sts$maxfmt
00028cd0   RTA_fromHost
00028cd0   _RTA_fromHost
00028cd6   SWI_BSPLink_In_Ping$sts$sumfmt
00028cd8   RTA_fromHost$rtdx
00028cde   SWI_BSPLink_In_Ping$sts$avgfmt
00028ce8   SWI_BSPLink_In_Pong$sts$maxfmt
00028cec   RTA_toHost
00028cec   _RTA_toHost
00028cf0   SWI_BSPLink_In_Pong$sts$sumfmt
00028cf4   RTA_toHost$rtdx
00028cf8   SWI_BSPLink_In_Pong$sts$avgfmt
00028d02   SWI_ADC_Out_Ping$sts$maxfmt
00028d08   HST_A_TABEND
00028d08   _HST_A_TABEND
00028d0a   SWI_ADC_Out_Ping$sts$sumfmt
00028d12   SWI_ADC_Out_Ping$sts$avgfmt
00028d14   SEM_LEDToggle
00028d14   _SEM_LEDToggle
00028d1c   SWI_ADC_Out_Pong$sts$maxfmt
00028d24   SWI_ADC_Out_Pong$sts$sumfmt
00028d2c   SWI_ADC_Out_Pong$sts$avgfmt
00028d36   SWI_ADC_In_Ping$sts$maxfmt
00028d3e   SWI_ADC_In_Ping$sts$sumfmt
00028d46   SWI_ADC_In_Ping$sts$avgfmt
00028d50   SWI_ADC_In_Pong$sts$maxfmt
00028d58   SWI_ADC_In_Pong$sts$sumfmt
00028d5c   PRD_A_TABBEG
00028d5c   PRD_Sek
00028d5c   _PRD_Sek
00028d60   SWI_ADC_In_Pong$sts$avgfmt
00028d6a   SWI_BSPLink_Out_Ping$sts$maxfmt
00028d72   SWI_BSPLink_Out_Ping$sts$sumfmt
00028d78   PRD_Sek$aaa
00028d7a   SWI_BSPLink_Out_Ping$sts$avgfmt
00028d7c   IDL_A_TABBEG
00028d7c   IDL_cpuLoad
00028d7c   PRD_A_TABEND
00028d7c   _IDL_cpuLoad
00028d80   LNK_dataPump
00028d80   _LNK_dataPump
00028d84   RTA_dispatcher
00028d84   SWI_BSPLink_Out_Pong$sts$maxfmt
00028d84   _RTA_dispatcher
00028d88   IDL_END
00028d8c   IDL_A_CALBEG
00028d8c   IDL_cpuLoad$
00028d8c   SWI_BSPLink_Out_Pong$sts$sumfmt
00028d90   LNK_dataPump$
00028d94   RTA_dispatcher$
00028d94   SWI_BSPLink_Out_Pong$sts$avgfmt
00028d98   IDL_END$
00028d9c   SYS$config
00028d9e   SWI_Decode_Buffer$sts$maxfmt
00028da6   SWI_Decode_Buffer$sts$sumfmt
00028dac   ___pinit__
00028dac   pinit
00028dae   SWI_Decode_Buffer$sts$avgfmt
00028db8   SWI_Encode_Buffer$sts$maxfmt
00028db8   TRC_cinit
00028dbc   TRC_R_mask
00028dbc   _TRC_R_mask
00028dc0   GBL_initdone
00028dc0   SWI_Encode_Buffer$sts$sumfmt
00028dc4   CLK_A_TABBEG
00028dc4   PRD_clock
00028dc4   _PRD_clock
00028dc8   CLK_null
00028dc8   SWI_Encode_Buffer$sts$avgfmt
00028dd2   TSK_idle$sts$maxfmt
00028dda   TSK_idle$sts$sumfmt
00028de2   TSK_idle$sts$avgfmt
00028dec   TSK_LEDTOGGLE$sts$maxfmt
00028df4   TSK_LEDTOGGLE$sts$sumfmt
00028dfc   TSK_LEDTOGGLE$sts$avgfmt
00028e06   IDL_busyObj$maxfmt
00028e09   IDL_busyObj$sumfmt
00028e0c   IDL_busyObj$avgfmt
00036ee8   CLK_LTIMEMULT
00036ee8   GBL_FREQ
01940000   CLK_REGS
01940000   _CLK_REGS
082039a3   HWI_INTRMULTHIGH
250718a4   HWI_INTRMULTLOW
80000000   SDRAM$B
80000000   _SDRAM_base
80008000   _MySinus
800080dc   _MySound
ffffffff   HST_DSMBUFSEG
ffffffff   IRAM
ffffffff   RTDX_DATAMEMSEG
ffffffff   _IRAM
ffffffff   ___TI_pprof_out_hndl
ffffffff   ___TI_prof_data_size
ffffffff   ___TI_prof_data_start
ffffffff   ___binit__
ffffffff   ___c_args__
ffffffff   binit

[1034 symbols]
