******************************************************************************
               TMS320C6x Linker PC v7.4.14                     
******************************************************************************
>> Linked Wed Jun 08 10:22:34 2016

OUTPUT FILE NAME:   <my_dsp_project.out>
ENTRY POINT SYMBOL: "_c_int00"  address: 0000f980


MEMORY CONFIGURATION

         name            origin    length      used     unused   attr    fill
----------------------  --------  ---------  --------  --------  ----  --------
  IRAM                  00000000   0003e000  00011535  0002cacb  RWIX
  SDRAM                 80000000   00800000  0000ee72  007f118e  RWIX


SECTION ALLOCATION MAP

 output                                  attributes/
section   page    origin      length       input sections
--------  ----  ----------  ----------   ----------------
.data      0    00000000    00000000     UNINITIALIZED

.vers      0    00000000    00000044     COPY SECTION
                  00000000    00000044     my_dsp_projectcfg.obj (.vers)

.hwi_vec   0    00000000    00000200     
                  00000000    00000200     my_dsp_projectcfg.obj (.hwi_vec)

.text      0    00000200    00004380     
                  00000200    00001240     skeleton.obj (.text)
                  00001440    000007c0     config_BSPLink.obj (.text)
                  00001c00    00000480     dsk6713bsl.lib : dsk6713.obj (.text)
                  00002080    00000280     csl6713.lib : csl_edma.obj (.text:_EDMA_open)
                  00002300    00000240     rts6700.lib : memcpy62.obj (.text:_memcpy)
                  00002540    00000240     config_AIC23.obj (.text)
                  00002780    00000220     csl6713.lib : csl.obj (.text:__CSL_init)
                  000029a0    000001e0     dsk6713bsl.lib : dsk6713_led.obj (.text)
                  00002b80    000001c0     csl6713.lib : csl_irq.obj (.text:_IRQ_map)
                  00002d40    000001c0                 : csl_irq.obj (.text:_mux2Tables)
                  00002f00    000001a0                 : csl_edma.obj (.text:_EDMA_allocTable)
                  000030a0    000001a0                 : csl_mcbsp.obj (.text:_MCBSP_reset)
                  00003240    00000180     bios.a67 : gbl_cslpllinit62.o67 (.text)
                  000033c0    00000160     rts6700.lib : sinit.obj (.text:_call_dtors)
                  00003520    00000140     csl6713.lib : csl_edma.obj (.text:_EDMA_reset)
                  00003660    00000140                 : csl_timer.obj (.text:_TIMER_open)
                  000037a0    00000120                 : csl_timer.obj (.text:_TIMER_reset)
                  000038c0    00000100                 : csl_edma.obj (.text:_EDMA_intAlloc)
                  000039c0    00000100                 : csl_mcbsp.obj (.text:_MCBSP_open)
                  00003ac0    00000100                 : csl_mcbsp.obj (.text:_MCBSP_start)
                  00003bc0    000000e0                 : csl_edma.obj (.text:_EDMA_config)
                  00003ca0    000000e0     rts6700.lib : strasg.obj (.text:__strasg)
                  00003d80    000000e0                 : atexit.obj (.text:_atexit)
                  00003e60    000000c0     bios.a67 : tsk_stup.o67 (.text)
                  00003f20    000000a0     csl6713.lib : csl_mcbsp.obj (.text:_MCBSP_close)
                  00003fc0    000000a0                 : csl_mcbsp.obj (.text:_MCBSP_config)
                  00004060    000000a0                 : csl_irq.obj (.text:__IRQ_init)
                  00004100    000000a0                 : csl_irq.obj (.text:_setMux)
                  000041a0    00000060                 : csl_edma.obj (.text:_EDMA_disableChannel)
                  00004200    00000060                 : csl_edma.obj (.text:_EDMA_enableChannel)
                  00004260    00000060                 : csl_edma.obj (.text:_EDMA_intEnable)
                  000042c0    00000060                 : csl_edma.obj (.text:_EDMA_qdmaConfig)
                  00004320    00000040                 : csl_edma.obj (.text:_EDMA_link)
                  00004360    00000040                 : csl_irq.obj (.text:_IRQ_enable)
                  000043a0    00000040     rts6700.lib : sinit.obj (.text:___add_dtor)
                  000043e0    00000020     csl6713.lib : csl.obj (.text:_CSL6713_LIB_)
                  00004400    00000020                 : csl_edma.obj (.text:_EDMA_intClear)
                  00004420    00000020                 : csl_edma.obj (.text:_EDMA_intTest)
                  00004440    00000020                 : csl_irq.obj (.text:_IRQ_clear)
                  00004460    00000020                 : csl_irq.obj (.text:_IRQ_globalEnable)
                  00004480    00000020                 : csl_mcbsp.obj (.text:_MCBSP_getRcvAddr)
                  000044a0    00000020                 : csl_mcbsp.obj (.text:_MCBSP_getXmtAddr)
                  000044c0    00000020                 : csl_mcbsp.obj (.text:_MCBSP_write)
                  000044e0    00000020                 : csl_mcbsp.obj (.text:_MCBSP_xrdy)
                  00004500    00000020     rts6700.lib : _lock.obj (.text:__nop)
                  00004520    00000020                 : _lock.obj (.text:__register_lock)
                  00004540    00000020                 : _lock.obj (.text:__register_unlock)
                  00004560    00000020     csl6713.lib : csl_irq.obj (.text)

.bios      0    00004580    00004280     
                  00004580    00000600     lnkrtdx.a67 : rtdx.o67 (.bios)
                  00004b80    000005e0     bios.a67 : gbl_setL2CacheMode.o67 (.bios)
                  00005160    00000540              : swi.o67 (.bios)
                  000056a0    00000460              : hwi_disp_asm.o67 (.bios)
                  00005b00    000003a0              : prd.o67 (.bios)
                  00005ea0    000002c0              : knl_run.o67 (.bios)
                  00006160    000002c0              : rta.o67 (.bios)
                  00006420    000002c0              : sem_pend.o67 (.bios)
                  000066e0    00000260              : knl_tick.o67 (.bios)
                  00006940    00000240              : pip.o67 (.bios)
                  00006b80    00000220              : sem_dopo.o67 (.bios)
                  00006da0    00000200              : tsk_setu.o67 (.bios)
                  00006fa0    000001c0              : knl_swit.o67 (.bios)
                  00007160    000001c0     biosC6000.a67 : clk.o67 (.bios)
                  00007320    000001a0     bios.a67 : tsk_exit.o67 (.bios)
                  000074c0    00000180              : autoinit.o67 (.bios)
                  00007640    00000180              : tsk_stup.o67 (.bios)
                  000077c0    00000140              : knl_chec.o67 (.bios)
                  00007900    000000e0              : gbl_cslcacheinit.o67 (.bios)
                  000079e0    000000e0              : knl_exit.o67 (.bios)
                  00007ac0    000000e0              : sem_post.o67 (.bios)
                  00007ba0    000000e0              : sem_post_asm.o67 (.bios)
                  00007c80    000000e0     biosC6000.a67 : clk_meas.o67 (.bios)
                  00007d60    000000c0     bios.a67 : knl_ipos.o67 (.bios)
                  00007e20    000000c0              : knl_post.o67 (.bios)
                  00007ee0    000000c0              : lck.o67 (.bios)
                  00007fa0    000000c0              : sys_exit.o67 (.bios)
                  00008060    000000c0     biosC6000.a67 : clk_htime.o67 (.bios)
                  00008120    00000080     bios.a67 : fxn.o67 (.bios)
                  000081a0    00000080              : idl_busy.o67 (.bios)
                  00008220    00000080              : log.o67 (.bios)
                  000082a0    00000080              : sts.o67 (.bios)
                  00008320    00000080     biosC6000.a67 : idl_cal.o67 (.bios)
                  000083a0    00000060     bios.a67 : hwi_c.o67 (.bios)
                  00008400    00000060              : sem_pend_binary.o67 (.bios)
                  00008460    00000060              : sem_pend_counting.o67 (.bios)
                  000084c0    00000060              : swi_disable.o67 (.bios)
                  00008520    00000060              : sys_abor.o67 (.bios)
                  00008580    00000060              : utl_putc.o67 (.bios)
                  000085e0    00000060     biosC6000.a67 : clk_start.o67 (.bios)
                  00008640    00000040     bios.a67 : idl_stub.o67 (.bios)
                  00008680    00000040              : rta_andn.o67 (.bios)
                  000086c0    00000040              : utl_doab.o67 (.bios)
                  00008700    00000040     biosC6000.a67 : clk_stop.o67 (.bios)
                  00008740    00000020     bios.a67 : fxn_c.o67 (.bios)
                  00008760    00000020              : gbl_vers.o67 (.bios)
                  00008780    00000020              : idl.o67 (.bios)
                  000087a0    00000020              : sts_set.o67 (.bios)
                  000087c0    00000020              : utl_doer.o67 (.bios)
                  000087e0    00000020              : utl_halt.o67 (.bios)

.stack     0    00008800    00004000     UNINITIALIZED
                  00008800    00004000     --HOLE--

.cinit     0    0000c800    00001894     
                  0000c800    00000ab4     my_dsp_projectcfg.obj (.cinit)
                  0000d2b4    00000004     --HOLE-- [fill = 0]
                  0000d2b8    0000026c     bios.a67 : biosdata.o67 (.cinit)
                  0000d524    00000004     --HOLE-- [fill = 0]
                  0000d528    0000024c     skeleton.obj (.cinit)
                  0000d774    00000004     --HOLE-- [fill = 0]
                  0000d778    000001a4     bios.a67 : knl.o67 (.cinit)
                  0000d91c    00000004     --HOLE-- [fill = 0]
                  0000d920    0000012c     csl6713.lib : csl_irq.obj (.cinit)
                  0000da4c    00000004     --HOLE-- [fill = 0]
                  0000da50    000000b0     bios.a67 : swi.o67 (.cinit)
                  0000db00    00000098     config_BSPLink.obj (.cinit)
                  0000db98    00000080     bios.a67 : tsk.o67 (.cinit)
                  0000dc18    00000070     csl6713.lib : csl_edma.obj (.cinit)
                  0000dc88    00000060     bios.a67 : tsk_stup.o67 (.cinit)
                  0000dce8    0000005c     lnkrtdx.a67 : rtdx.o67 (.cinit)
                  0000dd44    00000004     --HOLE-- [fill = 0]
                  0000dd48    00000054     csl6713.lib : csl_mcbsp.obj (.cinit)
                  0000dd9c    00000004     --HOLE-- [fill = 0]
                  0000dda0    0000004c     bios.a67 : rta.o67 (.cinit)
                  0000ddec    00000004     --HOLE-- [fill = 0]
                  0000ddf0    0000004c     csl6713.lib : csl_timer.obj (.cinit)
                  0000de3c    00000004     --HOLE-- [fill = 0]
                  0000de40    0000004c     rtdx.lib : buffer1.o62 (.cinit)
                  0000de8c    00000004     --HOLE-- [fill = 0]
                  0000de90    00000048     config_AIC23.obj (.cinit)
                  0000ded8    0000003c     csl6713.lib : csl.obj (.cinit)
                  0000df14    00000004     --HOLE-- [fill = 0]
                  0000df18    00000034     bios.a67 : hwi.o67 (.cinit)
                  0000df4c    00000004     --HOLE-- [fill = 0]
                  0000df50    0000002c              : utl_putc.o67 (.cinit)
                  0000df7c    00000004     --HOLE-- [fill = 0]
                  0000df80    0000002c     rts6700.lib : exit.obj (.cinit)
                  0000dfac    00000004     --HOLE-- [fill = 0]
                  0000dfb0    00000024     bios.a67 : obj_init.o67 (.cinit)
                  0000dfd4    00000004     --HOLE-- [fill = 0]
                  0000dfd8    0000001c              : sys.o67 (.cinit)
                  0000dff4    00000004     --HOLE-- [fill = 0]
                  0000dff8    0000001c     rts6700.lib : _lock.obj (.cinit)
                  0000e014    00000004     --HOLE-- [fill = 0]
                  0000e018    0000001c                 : atexit.obj (.cinit)
                  0000e034    00000004     --HOLE-- [fill = 0]
                  0000e038    00000018     bios.a67 : knl_tick.o67 (.cinit)
                  0000e050    0000000c              : gbl_setL2CacheMode.o67 (.cinit)
                  0000e05c    00000004     --HOLE-- [fill = 0]
                  0000e060    0000000c              : idl_busy.o67 (.cinit)
                  0000e06c    00000004     --HOLE-- [fill = 0]
                  0000e070    0000000c              : knl_swit.o67 (.cinit)
                  0000e07c    00000004     --HOLE-- [fill = 0]
                  0000e080    0000000c     rts6700.lib : sinit.obj (.cinit)
                  0000e08c    00000004     --HOLE-- [fill = 0]
                  0000e090    00000004     (.pad.cinit) [fill = 0]

.pinit     0    0000e094    0000000c     
                  0000e094    00000004     rtdx.lib : buffer1.o62 (.pinit)
                  0000e098    00000004              : rtdx_mon.o62 (.pinit)
                  0000e09c    00000004     --HOLE-- [fill = 0]

.rtdx_text 
*          0    0000e0a0    00000ea0     
                  0000e0a0    00000400     rtdx.lib : rtdx_mon.o62 (.rtdx_text:_RTDX_Poll)
                  0000e4a0    00000340              : buffer1.o62 (.rtdx_text:_RTDX_Buffer_WriteCB)
                  0000e7e0    00000300              : buffer1.o62 (.rtdx_text:_RTDX_write_next)
                  0000eae0    00000140              : rtdx_mon.o62 (.rtdx_text:_RTDX_Mon_Queue)
                  0000ec20    000000e0              : buffer1.o62 (.rtdx_text:_claim)
                  0000ed00    00000080              : rtdx_mon.o62 (.rtdx_text:_RTDX_Init_RT_Monitor)
                  0000ed80    00000060              : buffer1.o62 (.rtdx_text:_RTDX_Buffer_Initialize)
                  0000ede0    00000060              : buffer2.o62 (.rtdx_text:_RTDX_Buffer_ReadCB)
                  0000ee40    00000040              : buffer1.o62 (.rtdx_text:_RTDX_Buffer_Size)
                  0000ee80    00000040              : rtdx_mon.o62 (.rtdx_text:_RTDX_Final_RT_Monitor)
                  0000eec0    00000020              : buffer2.o62 (.rtdx_text:_RTDX_Buffer_Read)
                  0000eee0    00000020              : buffer1.o62 (.rtdx_text:_RTDX_Buffer_Write)
                  0000ef00    00000020              : rtdx_mon.o62 (.rtdx_text:_RTDX_checksum)
                  0000ef20    00000020              : intr_tgt.o62 (.rtdx_text)

.far       0    0000ef40    00000670     UNINITIALIZED
                  0000ef40    00000188     rts6700.lib : atexit.obj (.far)
                  0000f0c8    000000f4     csl6713.lib : csl_irq.obj (.far)
                  0000f1bc    000000d8     bios.a67 : knl.o67 (.far)
                  0000f294    00000068     config_BSPLink.obj (.far)
                  0000f2fc    0000005c     bios.a67 : tsk.o67 (.far)
                  0000f358    00000054              : obj_init.o67 (.far)
                  0000f3ac    00000054     csl6713.lib : csl_edma.obj (.far)
                  0000f400    00000050     bios.a67 : tsk_stup.o67 (.far)
                  0000f450    00000050     skeleton.obj (.far)
                  0000f4a0    00000038     csl6713.lib : csl_mcbsp.obj (.far)
                  0000f4d8    00000034     config_AIC23.obj (.far)
                  0000f50c    00000028     csl6713.lib : csl.obj (.far)
                  0000f534    00000024                 : csl_timer.obj (.far)
                  0000f558    00000020     bios.a67 : sys.o67 (.far)
                  0000f578    00000010              : knl_tick.o67 (.far)
                  0000f588    0000000c              : utl_putc.o67 (.far)
                  0000f594    0000000c     rts6700.lib : exit.obj (.far)
                  0000f5a0    00000008                 : _lock.obj (.far)
                  0000f5a8    00000004                 : sinit.obj (.far)
                  0000f5ac    00000002     dsk6713bsl.lib : dsk6713.obj (.far)
                  0000f5ae    00000002                    : dsk6713_led.obj (.far)

.hst1      0    0000f5b0    00000010     UNINITIALIZED
                  0000f5b0    00000010     my_dsp_projectcfg.obj (.hst1)

.sysinit   0    0000f5c0    00000520     
                  0000f5c0    000002e0     my_dsp_projectcfg.obj (.sysinit)
                  0000f8a0    000000e0     bios.a67 : mem_init.o67 (.sysinit)
                  0000f980    000000c0              : boot.o67 (.sysinit)
                  0000fa40    00000080              : tsk_init.o67 (.sysinit)
                  0000fac0    00000020              : obj_init.o67 (.sysinit)

.rtdx_data 
*          0    0000fae0    0000044c     UNINITIALIZED
                  0000fae0    00000410     my_dsp_projectcfg.obj (.rtdx_data)
                  0000fef0    00000020     rtdx.lib : buffer1.o62 (.rtdx_data)
                  0000ff10    0000001c              : rtdx_mon.o62 (.rtdx_data)

.args      0    0000ff2c    00000004     
                  0000ff2c    00000004     --HOLE-- [fill = 0]

.TSK_LEDTOGGLE$stk 
*          0    0000ff30    00000400     UNINITIALIZED
                  0000ff30    00000400     my_dsp_projectcfg.obj (.TSK_LEDTOGGLE$stk)

.TSK_idle$stk 
*          0    00010330    00000400     UNINITIALIZED
                  00010330    00000400     my_dsp_projectcfg.obj (.TSK_idle$stk)

.bss       0    00010730    000003d4     UNINITIALIZED
                  00010730    00000100     bios.a67 : hwi_disp_asm.o67 (.bss)
                  00010830    000000cc              : biosdata.o67 (.bss)
                  000108fc    0000009c              : swi.o67 (.bss)
                  00010998    00000068     skeleton.obj (.bss)
                  00010a00    00000048     bios.a67 : knl.o67 (.bss)
                  00010a48    00000028     my_dsp_projectcfg.obj (.bss)
                  00010a70    00000024     config_BSPLink.obj (.bss)
                  00010a94    00000018     bios.a67 : hwi.o67 (.bss)
                  00010aac    00000018     lnkrtdx.a67 : rtdx.o67 (.bss)
                  00010ac4    00000010     rtdx.lib : buffer1.o62 (.bss)
                  00010ad4    0000000c     bios.a67 : tsk.o67 (.bss)
                  00010ae0    00000008              : clk_data.o67 (.bss)
                  00010ae8    00000008              : sys.o67 (.bss)
                  00010af0    00000004              : clk_data2.o67 (.bss)
                  00010af4    00000004              : gbl_setL2CacheMode.o67 (.bss)
                  00010af8    00000004              : idl_busy.o67 (.bss)
                  00010afc    00000004              : mem_asm.o67 (.bss)
                  00010b00    00000004     config_AIC23.obj (.bss)

.trace     0    00010b04    00000200     
                  00010b04    00000200     --HOLE-- [fill = 00000000]

.swi       0    00010d04    000001b8     UNINITIALIZED
                  00010d04    000001b8     my_dsp_projectcfg.obj (.swi)

.hst       0    00010ebc    0000003c     UNINITIALIZED
                  00010ebc    0000003c     my_dsp_projectcfg.obj (.hst)

.clk       0    00010ef8    00000008     UNINITIALIZED
                  00010ef8    00000008     my_dsp_projectcfg.obj (.clk)

.LOG_system$buf 
*          0    00010f00    00000100     UNINITIALIZED
                  00010f00    00000100     my_dsp_projectcfg.obj (.LOG_system$buf)

.hst0      0    00011000    00000100     UNINITIALIZED
                  00011000    00000100     my_dsp_projectcfg.obj (.hst0)

.sts       0    00011100    000000e0     
                  00011100    000000e0     my_dsp_projectcfg.obj (.sts)

.pip       0    000111e0    000000c8     UNINITIALIZED
                  000111e0    000000c8     my_dsp_projectcfg.obj (.pip)

.tsk       0    000112a8    000000c0     UNINITIALIZED
                  000112a8    000000c0     my_dsp_projectcfg.obj (.tsk)

.const     0    00011368    000000b5     
                  00011368    0000004e     bios.a67 : tsk_stup.o67 (.const)
                  000113b6    00000023              : utl_doab.o67 (.const)
                  000113d9    00000022              : utl_doer.o67 (.const)
                  000113fb    00000001     --HOLE-- [fill = 0]
                  000113fc    00000020     dsk6713bsl.lib : dsk6713.obj (.const)
                  0001141c    00000001     bios.a67 : tsk.o67 (.const)

.printf    0    0001141d    00000160     COPY SECTION
                  0001141d    00000160     my_dsp_projectcfg.obj (.printf)

.gblinit   0    00011420    0000004c     
                  00011420    0000004c     my_dsp_projectcfg.obj (.gblinit)

.sem       0    0001146c    0000002c     UNINITIALIZED
                  0001146c    0000002c     my_dsp_projectcfg.obj (.sem)

.switch    0    00011498    00000028     
                  00011498    00000028     rtdx.lib : rtdx_mon.o62 (.switch)

.prd       0    000114c0    00000020     UNINITIALIZED
                  000114c0    00000020     my_dsp_projectcfg.obj (.prd)

.log       0    000114e0    00000018     
                  000114e0    00000018     my_dsp_projectcfg.obj (.log)

.idl       0    000114f8    00000010     UNINITIALIZED
                  000114f8    00000010     my_dsp_projectcfg.obj (.idl)

.idlcal    0    00011508    00000010     UNINITIALIZED
                  00011508    00000010     my_dsp_projectcfg.obj (.idlcal)

.sys       0    00011518    00000010     UNINITIALIZED
                  00011518    00000010     my_dsp_projectcfg.obj (.sys)

.trcdata   0    00011528    0000000c     
                  00011528    0000000c     bios.a67 : trc.o67 (.trcdata)

.mem       0    00011534    00000004     UNINITIALIZED
                  00011534    00000004     my_dsp_projectcfg.obj (.mem)

.SDRAM$heap 
*          0    80000000    00008000     UNINITIALIZED
                  80000000    00008000     --HOLE--

.datenpuffer 
*          0    80008000    00006d98     UNINITIALIZED
                  80008000    00005df8     skeleton.obj (.datenpuffer)
                  8000ddf8    00000fa0     config_BSPLink.obj (.datenpuffer)

.sounds    0    8000ed98    000000da     UNINITIALIZED
                  8000ed98    000000da     skeleton.obj (.sounds)


GLOBAL SYMBOLS: SORTED ALPHABETICALLY BY Name 

address    name
--------   ----
00010730   $bss
00010730   .bss
00000000   .data
00000200   .text
0000f77c   BIOS$$CLKOFF
0000f73c   BIOS$$CLKON
0000f5c0   BIOS_init
0000f7e4   BIOS_start
00000000   BUF$
00000001   BUF_ENABLED
00000001   CLK$
00010ef8   CLK_A_TABBEG
00000001   CLK_CALDIV
00000004   CLK_CALMULT
0000dbba   CLK_COUNTSPMS
00000000   CLK_COUNTSPMSHIGH
00010858   CLK_D_idletime
00010854   CLK_D_isrhook
00010850   CLK_D_tabbeg
0001084c   CLK_D_timefxn
00008060   CLK_F_getfhtime
00008080   CLK_F_gethtime
00007160   CLK_F_getltime
00008080   CLK_F_getshtime
00007174   CLK_F_isr
000072d4   CLK_F_itime
000056a0   CLK_HOOKFXN
00000001   CLK_HTIMEDIV
00000004   CLK_HTIMEMULT
0000dbba   CLK_HTIMEPERLTIME
00004000   CLK_INTBIT
00000001   CLK_LTIMEDIV
00036ee8   CLK_LTIMEMULT
000003e8   CLK_MICROSECS
0000dbba   CLK_PRD
00000000   CLK_PRDHIGH
01940000   CLK_REGS
00010848   CLK_R_time
00000020   CLK_TCR
00000000   CLK_TDDR
00000000   CLK_TDDRHIGH
00008080   CLK_TIMEFXN
00000000   CLK_TIMERNUM
00000001   CLK_USETIMER
00010efc   CLK_null
00000000   DEV$
00000000   DGN$
00000000   DHL$
00000000   DHL_gChannelsAvailable
00000000   DIO$
00000000   DIO_NUMSWIBASE
00000000   DIO_NUMTSKBASE
00000000   DIO_STATIC
00000000   DPI$
00008120   FXN_F_nop
00008128   FXN_F_run
00008178   FXN_F_zero
00000001   GBL$
00005205   GBL_A_VERSION
00000000   GBL_BIGENDIAN
00000000   GBL_C641XL2PRIORITY
00000000   GBL_CACHE
00000001   GBL_CALLCSLCFGINIT
00004e20   GBL_CLKIN
00001770   GBL_CLKTYPE
00001a39   GBL_DSPSUBTYPE
0000003e   GBL_DSPTYPE
00000001   GBL_ENABLEINST
00000042   GBL_FOOTPRINT
00036ee8   GBL_FREQ
00002226   GBL_L2ALLOC
00000000   GBL_L2CONFIGALLOC
00000001   GBL_L2CONFIGURE
00000001   GBL_L2MARMASK
00000000   GBL_L2MARMASK1
00000000   GBL_L2MARMASK2
00000000   GBL_L2MARMASK3
00000000   GBL_L2MARMASK4
00000000   GBL_L2MARMASK5
00000000   GBL_L2MODE
00000000   GBL_L2PRIORITY
00000000   GBL_NULL
00000000   GBL_PROCID
00000000   GBL_ROM
00000000   GBL_SUPPORTCSL
0000dbef   GBL_TRCMASKVALUE
00000001   GBL_USERINIT
00003268   GBL_USERINITFXN
00000001   GBL_boot
00011530   GBL_initdone
00008800   GBL_stackbeg
0000c7ff   GBL_stackend
00000000   GIO$
00008740   GIO_CREATEFXN
00008740   GIO_DELETEFXN
00008740   GIO_PENDFXN
00008740   GIO_POSTFXN
00000000   HOOK$
00000000   HOOK_KNLID
00000001   HST$
00010ebc   HST_A_TABBEG
00010ef8   HST_A_TABEND
00000000   HST_DSM
ffffffff   HST_DSMBUFSEG
00000400   HST_DSMMEMSIZE
000108c4   HST_D_chanmask
000108c8   HST_D_tabbeg
000108cc   HST_D_tabend
000000ff   HST_MAXFRAMEALLOWED
00000040   HST_MAXFRAMESET
00000000   HST_NONE
00000001   HST_RTDX
00000001   HWI$
00000000   HWI_A_VECS
00005308   HWI_CFGDISPATCHED
00010aa4   HWI_D_bss
00010aa8   HWI_D_ccmask
00010a94   HWI_D_spsave
000056a0   HWI_F_dispatch
00000000   HWI_GENERATE_RESET_VEC
0000000a   HWI_INT10
00000000   HWI_INT10$hwi
0000000b   HWI_INT11
00000000   HWI_INT11$hwi
0000000c   HWI_INT12
00000000   HWI_INT12$hwi
0000000d   HWI_INT13
00000000   HWI_INT13$hwi
0000000e   HWI_INT14
00000000   HWI_INT14$hwi
0000000f   HWI_INT15
00000000   HWI_INT15$hwi
00000004   HWI_INT4
00000000   HWI_INT4$hwi
00000005   HWI_INT5
00000000   HWI_INT5$hwi
00000006   HWI_INT6
00000000   HWI_INT6$hwi
00000007   HWI_INT7
00000000   HWI_INT7$hwi
00000008   HWI_INT8
00000000   HWI_INT8$hwi
00000009   HWI_INT9
00000000   HWI_INT9$hwi
082039a3   HWI_INTRMULTHIGH
250718a4   HWI_INTRMULTLOW
00000001   HWI_NMI
00000000   HWI_NMI$hwi
00000000   HWI_POLARITYMASK
00000002   HWI_RESERVED0
00000000   HWI_RESERVED0$hwi
00000003   HWI_RESERVED1
00000000   HWI_RESERVED1$hwi
00000000   HWI_RESET
00000000   HWI_RESET$hwi
00000001   HWI_ZEROTAB
00000001   IDL$
00011508   IDL_A_CALBEG
000114f8   IDL_A_TABBEG
00000006   IDL_CALIBRERROR
00008640   IDL_CALIBRFXN
00010af8   IDL_D_busyObj
00010838   IDL_D_calbeg
00010834   IDL_D_calibrate
00010830   IDL_D_tabbeg
00011504   IDL_END
00011514   IDL_END$
000081a0   IDL_F_busy
00008320   IDL_F_calibrate
00008780   IDL_F_loop
00008640   IDL_F_stub
00000001   IDL_USECLKIDLTIME
000111d4   IDL_busyObj
00011578   IDL_busyObj$avgfmt
00000001   IDL_busyObj$filter
00000001   IDL_busyObj$iA
00000000   IDL_busyObj$iB
00000001   IDL_busyObj$iC
00011572   IDL_busyObj$maxfmt
00000000   IDL_busyObj$operation
000111d0   IDL_busyObj$stsobj
00011575   IDL_busyObj$sumfmt
00000002   IDL_busyObj$unittype
000114f8   IDL_cpuLoad
00011508   IDL_cpuLoad$
ffffffff   IRAM
00000001   ISRC$
00007120   KNL_glue
00010d30   KNL_swi
00000001   KNL_swi$dorta
00000002   KNL_swi$ord
00000000   KNL_swi$pri
00011124   KNL_swi$sts
00011464   KNL_swi$sts$avgfmt
00000002   KNL_swi$sts$filter
00000001   KNL_swi$sts$filtmaxmult
00000001   KNL_swi$sts$filtsummult
00011454   KNL_swi$sts$maxfmt
00011120   KNL_swi$sts$stsobj
0001145c   KNL_swi$sts$sumfmt
00000000   KNL_swi$sts$unittype
00000000   KNL_swi$swi
00000001   LCK$
00004580   LNK_F_checkBufferCall
00004600   LNK_F_dataPump
000045a0   LNK_F_getChanPtr
000045f8   LNK_F_init
00004b44   LNK_F_readCallBack
000114fc   LNK_dataPump
0001150c   LNK_dataPump$
00010ab0   LNK_dspFrameReadyMask
00010aac   LNK_dspFrameRequestMask
000048a0   LNK_newin
000049e0   LNK_newout
00004614   LNK_rcloop
000046e0   LNK_rdrtry
00010ab8   LNK_readDone
00010abc   LNK_readFail
00010ab4   LNK_readPend
000046f0   LNK_rrloop
00010ac0   LNK_writeFail
000047c4   LNK_wrloop
000047b4   LNK_wrrtry
00000001   LOG$
000114e0   LOG_A_TABBEG
000114f8   LOG_A_TABEND
00000001   LOG_A_TABLEN
0001083c   LOG_D_system
00000001   LOG_ENABLED
00008220   LOG_F_event
000114e0   LOG_system
00010f00   LOG_system$buf
00000000   LOG_system$datatype
00000000   LOG_system$log
00000040   LOG_system$size
00000000   MBX$
00000001   MEM$
00010a54   MEM_MALLOCSEG
00000000   MEM_NULL
00010a54   MEM_SEGZERO
00000000   MEM_USEMPC
00000001   MEM_gNumHeap
00000000   MSGQ$
00000000   MSGQ_USEMSGQ
00000000   OBJ$
00000000   PIP$
000111e0   PIP_A_TABBEG
000112a8   PIP_A_TABEND
00000002   PIP_A_TABLEN
00010840   PIP_D_tabbeg
00010844   PIP_D_tablen
000069d4   PIP_F_give
000069d4   PIP_F_probe
00006aa8   PIP_F_start
00006940   PIP_F_take
00000064   PIP_OBJSIZE
00000000   PIP_gNextId
00000002   PIP_gNumEmbed
00000000   POOL$
00000000   POOL_USEPOOL
00000001   PRD$
000114c0   PRD_A_TABBEG
000114e0   PRD_A_TABEND
00000001   PRD_A_TABLEN
00010880   PRD_D_cur
00010884   PRD_D_elapsed
00010888   PRD_D_prevtim
0001088c   PRD_D_scalar
00010890   PRD_D_swihandle
00010894   PRD_D_tabbeg
00010898   PRD_D_tablen
0001089c   PRD_D_thook
0001087c   PRD_D_tick
00005b00   PRD_F_swi
00005dc0   PRD_F_tick
000114c0   PRD_LEDToggle
000114dc   PRD_LEDToggle$aaa
00000000   PRD_LEDToggle$mode
00000002   PRD_LEDToggle$ord
000003e8   PRD_LEDToggle$period
00000000   PRD_LEDToggle$prd
00011104   PRD_LEDToggle$sts
0001142f   PRD_LEDToggle$sts$avgfmt
00000000   PRD_LEDToggle$sts$filter
0001141d   PRD_LEDToggle$sts$maxfmt
00011100   PRD_LEDToggle$sts$stsobj
00011426   PRD_LEDToggle$sts$sumfmt
00000002   PRD_LEDToggle$sts$unittype
00000008   PRD_SCALAR
00010d04   PRD_SWIHANDLE
00006920   PRD_THOOKFXN
00010ef8   PRD_clock
00010d04   PRD_swi
00000001   PRD_swi$dorta
00000001   PRD_swi$ord
00000001   PRD_swi$pri
00011114   PRD_swi$sts
0001144a   PRD_swi$sts$avgfmt
00000002   PRD_swi$sts$filter
00000001   PRD_swi$sts$filtmaxmult
00000001   PRD_swi$sts$filtsummult
0001143a   PRD_swi$sts$maxfmt
00011110   PRD_swi$sts$stsobj
00011442   PRD_swi$sts$sumfmt
00000000   PRD_swi$sts$unittype
00000000   PRD_swi$swi
00000001   QUE$
000108a0   RTA_D_fromHost
000108a8   RTA_D_logval
000108b8   RTA_D_stsval
000108a4   RTA_D_toHost
00008680   RTA_F_andn
00006258   RTA_F_dispatch
00006160   RTA_F_getlog
000061a4   RTA_F_getsts
000086a0   RTA_F_or
000061ec   RTA_F_readblk
00006218   RTA_F_resetmem
0000620c   RTA_F_writeword
00011500   RTA_dispatcher
00011510   RTA_dispatcher$
000062a8   RTA_execute
00010ec0   RTA_fromHost
0000f5b0   RTA_fromHost$buf
00000004   RTA_fromHost$framesize
00000000   RTA_fromHost$hst
00000001   RTA_fromHost$id
00000000   RTA_fromHost$mode
000111e0   RTA_fromHost$pipe
00011210   RTA_fromHost$pipe$aaa
00011240   RTA_fromHost$pipe$bbb
00010a58   RTA_fromHost$pipe$dtab
000111e4   RTA_fromHost$pipe$rd
00011214   RTA_fromHost$pipe$wr
00010ec8   RTA_fromHost$rtdx
00010edc   RTA_toHost
00011000   RTA_toHost$buf
00000040   RTA_toHost$framesize
00000000   RTA_toHost$hst
00000000   RTA_toHost$id
00000001   RTA_toHost$mode
00011244   RTA_toHost$pipe
00011274   RTA_toHost$pipe$aaa
000112a4   RTA_toHost$pipe$bbb
00010a64   RTA_toHost$pipe$dtab
00011248   RTA_toHost$pipe$rd
00011278   RTA_toHost$pipe$wr
00010ee4   RTA_toHost$rtdx
00000001   RTDX$
00000408   RTDX_BUFMEMSIZE
ffffffff   RTDX_DATAMEMSEG
00000000   RTDX_MODE
00000001   RTDX_NORMALIZED_HDR
00000001   RTDX_USERTDX
00000000   RTDX_USERTEXECUTION
00010a54   SDRAM
80000000   SDRAM$B
00008000   SDRAM$L
00000001   SEM$
00011478   SEM_LEDToggle
00000000   SIO$
00000001   STS$
00011100   STS_A_TABBEG
000111e0   STS_A_TABEND
000082d8   STS_F_add
000082a0   STS_F_delta
00008304   STS_F_reset
00000001   SWI$
00010e0c   SWI_ADC_In_Ping
00000001   SWI_ADC_In_Ping$dorta
00000007   SWI_ADC_In_Ping$ord
00000001   SWI_ADC_In_Ping$pri
00011174   SWI_ADC_In_Ping$sts
000114e6   SWI_ADC_In_Ping$sts$avgfmt
00000002   SWI_ADC_In_Ping$sts$filter
00000001   SWI_ADC_In_Ping$sts$filtmaxmult
00000001   SWI_ADC_In_Ping$sts$filtsummult
000114d6   SWI_ADC_In_Ping$sts$maxfmt
00011170   SWI_ADC_In_Ping$sts$stsobj
000114de   SWI_ADC_In_Ping$sts$sumfmt
00000000   SWI_ADC_In_Ping$sts$unittype
00000000   SWI_ADC_In_Ping$swi
00010e38   SWI_ADC_In_Pong
00000001   SWI_ADC_In_Pong$dorta
00000008   SWI_ADC_In_Pong$ord
00000001   SWI_ADC_In_Pong$pri
00011184   SWI_ADC_In_Pong$sts
00011500   SWI_ADC_In_Pong$sts$avgfmt
00000002   SWI_ADC_In_Pong$sts$filter
00000001   SWI_ADC_In_Pong$sts$filtmaxmult
00000001   SWI_ADC_In_Pong$sts$filtsummult
000114f0   SWI_ADC_In_Pong$sts$maxfmt
00011180   SWI_ADC_In_Pong$sts$stsobj
000114f8   SWI_ADC_In_Pong$sts$sumfmt
00000000   SWI_ADC_In_Pong$sts$unittype
00000000   SWI_ADC_In_Pong$swi
00010db4   SWI_ADC_Out_Ping
00000001   SWI_ADC_Out_Ping$dorta
00000005   SWI_ADC_Out_Ping$ord
00000001   SWI_ADC_Out_Ping$pri
00011154   SWI_ADC_Out_Ping$sts
000114b2   SWI_ADC_Out_Ping$sts$avgfmt
00000002   SWI_ADC_Out_Ping$sts$filter
00000001   SWI_ADC_Out_Ping$sts$filtmaxmult
00000001   SWI_ADC_Out_Ping$sts$filtsummult
000114a2   SWI_ADC_Out_Ping$sts$maxfmt
00011150   SWI_ADC_Out_Ping$sts$stsobj
000114aa   SWI_ADC_Out_Ping$sts$sumfmt
00000000   SWI_ADC_Out_Ping$sts$unittype
00000000   SWI_ADC_Out_Ping$swi
00010de0   SWI_ADC_Out_Pong
00000001   SWI_ADC_Out_Pong$dorta
00000006   SWI_ADC_Out_Pong$ord
00000001   SWI_ADC_Out_Pong$pri
00011164   SWI_ADC_Out_Pong$sts
000114cc   SWI_ADC_Out_Pong$sts$avgfmt
00000002   SWI_ADC_Out_Pong$sts$filter
00000001   SWI_ADC_Out_Pong$sts$filtmaxmult
00000001   SWI_ADC_Out_Pong$sts$filtsummult
000114bc   SWI_ADC_Out_Pong$sts$maxfmt
00011160   SWI_ADC_Out_Pong$sts$stsobj
000114c4   SWI_ADC_Out_Pong$sts$sumfmt
00000000   SWI_ADC_Out_Pong$sts$unittype
00000000   SWI_ADC_Out_Pong$swi
00010d04   SWI_A_TABBEG
00010ebc   SWI_A_TABEND
0000000a   SWI_A_TABLEN
00010d5c   SWI_BSPLink_In_Ping
00000001   SWI_BSPLink_In_Ping$dorta
00000003   SWI_BSPLink_In_Ping$ord
00000001   SWI_BSPLink_In_Ping$pri
00011134   SWI_BSPLink_In_Ping$sts
0001147e   SWI_BSPLink_In_Ping$sts$avgfmt
00000002   SWI_BSPLink_In_Ping$sts$filter
00000001   SWI_BSPLink_In_Ping$sts$filtmaxmult
00000001   SWI_BSPLink_In_Ping$sts$filtsummult
0001146e   SWI_BSPLink_In_Ping$sts$maxfmt
00011130   SWI_BSPLink_In_Ping$sts$stsobj
00011476   SWI_BSPLink_In_Ping$sts$sumfmt
00000000   SWI_BSPLink_In_Ping$sts$unittype
00000000   SWI_BSPLink_In_Ping$swi
00010d88   SWI_BSPLink_In_Pong
00000001   SWI_BSPLink_In_Pong$dorta
00000004   SWI_BSPLink_In_Pong$ord
00000001   SWI_BSPLink_In_Pong$pri
00011144   SWI_BSPLink_In_Pong$sts
00011498   SWI_BSPLink_In_Pong$sts$avgfmt
00000002   SWI_BSPLink_In_Pong$sts$filter
00000001   SWI_BSPLink_In_Pong$sts$filtmaxmult
00000001   SWI_BSPLink_In_Pong$sts$filtsummult
00011488   SWI_BSPLink_In_Pong$sts$maxfmt
00011140   SWI_BSPLink_In_Pong$sts$stsobj
00011490   SWI_BSPLink_In_Pong$sts$sumfmt
00000000   SWI_BSPLink_In_Pong$sts$unittype
00000000   SWI_BSPLink_In_Pong$swi
00010e64   SWI_BSPLink_Out_Ping
00000001   SWI_BSPLink_Out_Ping$dorta
00000009   SWI_BSPLink_Out_Ping$ord
00000001   SWI_BSPLink_Out_Ping$pri
00011194   SWI_BSPLink_Out_Ping$sts
0001151a   SWI_BSPLink_Out_Ping$sts$avgfmt
00000002   SWI_BSPLink_Out_Ping$sts$filter
00000001   SWI_BSPLink_Out_Ping$sts$filtmaxmult
00000001   SWI_BSPLink_Out_Ping$sts$filtsummult
0001150a   SWI_BSPLink_Out_Ping$sts$maxfmt
00011190   SWI_BSPLink_Out_Ping$sts$stsobj
00011512   SWI_BSPLink_Out_Ping$sts$sumfmt
00000000   SWI_BSPLink_Out_Ping$sts$unittype
00000000   SWI_BSPLink_Out_Ping$swi
00010e90   SWI_BSPLink_Out_Pong
00000001   SWI_BSPLink_Out_Pong$dorta
0000000b   SWI_BSPLink_Out_Pong$ord
00000001   SWI_BSPLink_Out_Pong$pri
000111a4   SWI_BSPLink_Out_Pong$sts
00011534   SWI_BSPLink_Out_Pong$sts$avgfmt
00000002   SWI_BSPLink_Out_Pong$sts$filter
00000001   SWI_BSPLink_Out_Pong$sts$filtmaxmult
00000001   SWI_BSPLink_Out_Pong$sts$filtsummult
00011524   SWI_BSPLink_Out_Pong$sts$maxfmt
000111a0   SWI_BSPLink_Out_Pong$sts$stsobj
0001152c   SWI_BSPLink_Out_Pong$sts$sumfmt
00000000   SWI_BSPLink_Out_Pong$sts$unittype
00000000   SWI_BSPLink_Out_Pong$swi
00010914   SWI_D_curfxn
00010904   SWI_D_curmask
00010910   SWI_D_curmbox
00010908   SWI_D_curset
00010900   SWI_D_execaddr
0001091c   SWI_D_inswi
0001090c   SWI_D_lock
00010918   SWI_D_rdybeg
00010920   SWI_D_rdytab
000108fc   SWI_D_runaddr
00000000   SWI_EHOOKFXN
0000537c   SWI_EXECFXN
00005160   SWI_F_enable
0000537c   SWI_F_exec
000053a8   SWI_F_iexec
000051d0   SWI_F_post
00005438   SWI_F_run
00000000   SWI_IHOOKFXN
00005438   SWI_RUNFXN
00000001   SYS$
00011518   SYS$config
000086c0   SYS_ABORTFXN
000087c0   SYS_ERRORFXN
000087e0   SYS_EXITFXN
00008580   SYS_PUTCFXN
0001152c   TRC_R_mask
00011528   TRC_cinit
00000001   TSK$
00011314   TSK_LEDTOGGLE
00000003   TSK_LEDTOGGLE$ord
00000002   TSK_LEDTOGGLE$pri
0000ff30   TSK_LEDTOGGLE$stack
000102c8   TSK_LEDTOGGLE$stkptr
000111c4   TSK_LEDTOGGLE$sts
00011568   TSK_LEDTOGGLE$sts$avgfmt
00000002   TSK_LEDTOGGLE$sts$filter
00000001   TSK_LEDTOGGLE$sts$filtmaxmult
00000001   TSK_LEDTOGGLE$sts$filtsummult
00011558   TSK_LEDTOGGLE$sts$maxfmt
000111c0   TSK_LEDTOGGLE$sts$stsobj
00011560   TSK_LEDTOGGLE$sts$sumfmt
00000000   TSK_LEDTOGGLE$sts$unittype
00000000   TSK_LEDTOGGLE$tsk
00000000   TSK_NUM_HOOKS
00000001   TSK_PRIORITY
00000000   TSK_READYFXN
00000000   TSK_STACKSEG
00000400   TSK_STACKSIZE
00000000   TSK_SWITCHFXN
00008740   TSK_VCREATEFXN
00008740   TSK_VDELETEFXN
00008740   TSK_VEXITFXN
000112b4   TSK_idle
00000001   TSK_idle$ord
00000000   TSK_idle$pri
00010330   TSK_idle$stack
000106c8   TSK_idle$stkptr
000111b4   TSK_idle$sts
0001154e   TSK_idle$sts$avgfmt
00000002   TSK_idle$sts$filter
00000001   TSK_idle$sts$filtmaxmult
00000001   TSK_idle$sts$filtsummult
0001153e   TSK_idle$sts$maxfmt
000111b0   TSK_idle$sts$stsobj
00011546   TSK_idle$sts$sumfmt
00000000   TSK_idle$sts$unittype
00000000   TSK_idle$tsk
00000000   UDEV$
0000f5c0   _BIOS_init
0000f7e4   _BIOS_start
8000ddf8   _BSPLinkBuffer_in_ping
8000e1e0   _BSPLinkBuffer_in_pong
8000e5c8   _BSPLinkBuffer_out_ping
8000e9b0   _BSPLinkBuffer_out_pong
00001684   _BSPLink_EDMA_Start_Ping
00001598   _BSPLink_EDMA_Start_Pong
00001520   _BSPLink_EDMA_Stop
0000f294   _BSPLink_interface_config
80008000   _Buffer_in_ping
800083e8   _Buffer_in_pong
800087d0   _Buffer_out_ping
80008bb8   _Buffer_out_pong
0000dbba   _CLK_COUNTSPMS
00010ae0   _CLK_DFLTMICROSECS
00010878   _CLK_D_countspms
0001086c   _CLK_D_dirty
00010ae4   _CLK_D_microseconds
00010870   _CLK_D_prd
00010874   _CLK_D_tddr
000072d4   _CLK_F_itime
0000dbba   _CLK_PRD
01940000   _CLK_REGS
00000000   _CLK_TDDR
00000000   _CLK_TIMERNUM
00000001   _CLK_USETIMER
0001085c   _CLK_htimeDiv
00010860   _CLK_htimeMult
00010af0   _CLK_htimePerLtime
000072d4   _CLK_itime
00010864   _CLK_ltimeDiv
00010868   _CLK_ltimeMult
00007c80   _CLK_measure
000085e0   _CLK_start
00008700   _CLK_stop
000043e0   _CSL6713_LIB_
00002540   _Config_DSK6713_AIC23
000029a0   _DSK6713_LED_init
000029e0   _DSK6713_LED_off
00002a50   _DSK6713_LED_on
00002ac0   _DSK6713_LED_toggle
00002014   _DSK6713_getVersion
00001c4c   _DSK6713_init
00001f68   _DSK6713_rget
00001f7c   _DSK6713_rset
0000f5ac   _DSK6713_version
00001f90   _DSK6713_wait
00001fe8   _DSK6713_waitusec
00000ad4   _EDMA_ISR
00002f00   _EDMA_allocTable
00003bc0   _EDMA_config
000041a0   _EDMA_disableChannel
00004200   _EDMA_enableChannel
000038c0   _EDMA_intAlloc
00004400   _EDMA_intClear
00004260   _EDMA_intEnable
00004420   _EDMA_intTest
00004320   _EDMA_link
00002080   _EDMA_open
000042c0   _EDMA_qdmaConfig
00003520   _EDMA_reset
00008740   _FXN_F_nop
00008128   _FXN_F_run
00008178   _FXN_F_zero
00000000   _GBL_CACHE
000108d4   _GBL_clkIn
00007900   _GBL_cslCacheInit
000108d8   _GBL_freq
00008760   _GBL_getVersion
000108d0   _GBL_procId
00003268   _GBL_setPLLto225MHz
00010ebc   _HST_A_TABBEG
00010ef8   _HST_A_TABEND
00005308   _HWI_CFGDISPATCHED
00010aa0   _HWI_D_inhwi
00010a94   _HWI_D_spsave
000056a0   _HWI_F_dispatch
0000000a   _HWI_INT10
0000000b   _HWI_INT11
0000000c   _HWI_INT12
0000000d   _HWI_INT13
0000000e   _HWI_INT14
0000000f   _HWI_INT15
00000004   _HWI_INT4
00000005   _HWI_INT5
00000006   _HWI_INT6
00000007   _HWI_INT7
00000008   _HWI_INT8
00000009   _HWI_INT9
00000aac   _HWI_McBSP0_Rx
00000001   _HWI_NMI
00000002   _HWI_RESERVED0
00000003   _HWI_RESERVED1
00000000   _HWI_RESET
0000c7f8   _HWI_STKBOTTOM
00008800   _HWI_STKTOP
00010a94   _HWI_data
000083a0   _HWI_disable
00010730   _HWI_dispatchTab
000083b8   _HWI_enable
000083cc   _HWI_restore
000111d4   _IDL_busyObj
000114f8   _IDL_cpuLoad
00008780   _IDL_loop
ffffffff   _IRAM
00004440   _IRQ_clear
00004360   _IRQ_enable
00004460   _IRQ_globalEnable
00002b80   _IRQ_map
00010a08   _KNL_alarm
000077c0   _KNL_check
00010a2c   _KNL_curqueue
00010a1c   _KNL_curtask
00010a24   _KNL_curtime
0000f25c   _KNL_dummy
00007a34   _KNL_enter
000079e0   _KNL_exit
00007898   _KNL_idle
00010a44   _KNL_idlefxn
00010a10   _KNL_inactive
00007d60   _KNL_ipost
000078bc   _KNL_max
00010a30   _KNL_maxqueue
00007e20   _KNL_post
00010a20   _KNL_prevtask
00010a14   _KNL_priority
0000f1bc   _KNL_queues
00005ea0   _KNL_run
00006fa0   _KNL_saveIsrFrame
00010a18   _KNL_set
00010a0c   _KNL_setpri
00010d30   _KNL_swi
00010a28   _KNL_swiptr
0000706c   _KNL_switch
00010a38   _KNL_tcreatefxn
00010a3c   _KNL_tdeletefxn
00006920   _KNL_tick
00010a40   _KNL_treadyfxn
00010a34   _KNL_tswitchfxn
00010a00   _KNL_wFlag
00010a04   _KNL_wList
00007f10   _LCK_pend
00007ee0   _LCK_post
000114fc   _LNK_dataPump
00010ab0   _LNK_dspFrameReadyMask
00010aac   _LNK_dspFrameRequestMask
00010ab8   _LNK_readDone
00010abc   _LNK_readFail
00010ab4   _LNK_readPend
00010ac0   _LNK_writeFail
000114e0   _LOG_A_TABBEG
000114f8   _LOG_A_TABEND
00000001   _LOG_A_TABLEN
0001083c   _LOG_D_system
00008220   _LOG_event
000114e0   _LOG_system
00003f20   _MCBSP_close
00003fc0   _MCBSP_config
00004480   _MCBSP_getRcvAddr
000044a0   _MCBSP_getXmtAddr
000039c0   _MCBSP_open
000030a0   _MCBSP_reset
00003ac0   _MCBSP_start
000044c0   _MCBSP_write
000044e0   _MCBSP_xrdy
00010afc   _MEM
000108dc   _MEM_D_NUMSEGMENTS
000108e4   _MEM_D_freelist
000108e8   _MEM_D_lockaddr
000108e0   _MEM_D_memtab
000108ec   _MEM_D_unlockaddr
0000f8a0   _MEM_init
00010a48   _MEM_memtab
8000ed98   _MySound
0000fac0   _OBJ_init
0000f390   _OBJ_segtab
0000f358   _OBJ_table
000111e0   _PIP_A_TABBEG
000112a8   _PIP_A_TABEND
0001087c   _PRD_D_tick
000114c0   _PRD_LEDToggle
00010ef8   _PRD_clock
00010d04   _PRD_swi
00011500   _RTA_dispatcher
00010ec0   _RTA_fromHost
00010edc   _RTA_toHost
0000fae0   _RTDX_Buffer
0000feec   _RTDX_Buffer_End
0000ed80   _RTDX_Buffer_Initialize
0000eec0   _RTDX_Buffer_Read
0000ede0   _RTDX_Buffer_ReadCB
0000ee40   _RTDX_Buffer_Size
0000fee8   _RTDX_Buffer_Start
0000eee0   _RTDX_Buffer_Write
0000e4a0   _RTDX_Buffer_WriteCB
0000ee80   _RTDX_Final_RT_Monitor
0000ed00   _RTDX_Init_RT_Monitor
00000002   _RTDX_JTAGONLY
0000ef20   _RTDX_Mask_IER
0000eae0   _RTDX_Mon_Queue
0000e0a0   _RTDX_Poll
00000000   _RTDX_interrupt_mask
0000fefc   _RTDX_writing
8000b6cc   _Ringbuffer_in
80008fa0   _Ringbuffer_out
00010a54   _SDRAM
80000000   _SDRAM_base
00008000   _SDRAM_length
00011478   _SEM_LEDToggle
00008460   _SEM_pend
00008400   _SEM_pendBinary
00006420   _SEM_pendEnterKnl
00007ba0   _SEM_post
00007ba0   _SEM_postBinary
00007ac0   _SEM_postEnterKnl
00011100   _STS_A_TABBEG
000111e0   _STS_A_TABEND
000082d8   _STS_add
000082a0   _STS_delta
00008304   _STS_reset
000087a0   _STS_set
00010e0c   _SWI_ADC_In_Ping
00010e38   _SWI_ADC_In_Pong
00010db4   _SWI_ADC_Out_Ping
00010de0   _SWI_ADC_Out_Pong
00010d5c   _SWI_BSPLink_In_Ping
00010d88   _SWI_BSPLink_In_Pong
00010e64   _SWI_BSPLink_Out_Ping
00010e90   _SWI_BSPLink_Out_Pong
00010914   _SWI_D_curfxn
00010904   _SWI_D_curmask
00010908   _SWI_D_curset
00010900   _SWI_D_execaddr
0001091c   _SWI_D_inswi
0001090c   _SWI_D_lock
00010918   _SWI_D_rdybeg
000108fc   _SWI_D_runaddr
000012e8   _SWI_LEDToggle
000108fc   _SWI_data
000084c0   _SWI_disable
000084e8   _SWI_enable
000051d0   _SWI_post
000108f0   _SYS
00010b04   _SYS_PUTCBEG
00010d03   _SYS_PUTCEND
00008520   _SYS_abort
00007fa0   _SYS_exit
0000f558   _SYS_exitStack
00010ae8   _SYS_exitStackPtr
00010aec   _SYS_exitStackTop
00003660   _TIMER_open
000037a0   _TIMER_reset
0001152c   _TRC_R_mask
00010adc   _TSK
0000f2fc   _TSK_ATTRS
00011314   _TSK_LEDTOGGLE
0000f318   _TSK_config
00007320   _TSK_exit
000112b4   _TSK_idle
0000fa40   _TSK_init
00010ad4   _TSK_nTasks
00010ad8   _TSK_pid
00006da0   _TSK_setup
00007700   _TSK_startup
0000f338   _TSK_timerSem
000086c0   _UTL_doAbort
000087c0   _UTL_doError
00008580   _UTL_doPutc
000087e0   _UTL_halt
000072f0   __CLK_lat1beg
0000731c   __CLK_lat1end
00002780   __CSL_init
00004fb4   __GBL_setL2CacheMode
000108f8   __HOOK_NUMHOOKS
000108f4   __HOOK_knlId
000056a0   __HWI_lat1beg
00005820   __HWI_lat1end
00005820   __HWI_lat2beg
000059c0   __HWI_lat2end1
0000594c   __HWI_lat2end2
000059e0   __HWI_lat3beg
00005ae0   __HWI_lat3end1
0000597c   __HWI_lat3end2
000081a0   __IDL_lat1beg
000081f0   __IDL_lat1end
0000f1b4   __IRQ_dispatchTable
0000f0f0   __IRQ_eventTable
00004560   __IRQ_hookFetchPacket
00004060   __IRQ_init
0000f174   __IRQ_intTable
00007810   __KNL_lat1beg
00007898   __KNL_lat1end
00008220   __LOG_lat1beg
0000f4d0   __MCBSP_hDev0
0000f4d4   __MCBSP_hDev1
0000f428   __MEM_mutex
00006218   __RTA_lat1beg
00006250   __RTA_lat1end
00006b80   __SEM_dopost
0000c800   __STACK_END
00004000   __STACK_SIZE
0000530c   __SWI_lat1beg
000053c0   __SWI_lat1end
000053c4   __SWI_lat2beg
00005434   __SWI_lat2end
00005160   __SWI_lat3beg
000051cc   __SWI_lat3end
0000f534   __TIMER_deviceTable
0000f554   __TIMER_hBios
0000f54c   __TIMER_hDev0
0000f550   __TIMER_hDev1
0000f400   __TSK_mutex
0000f59c   ___TI_enable_exit_profile_output
ffffffff   ___TI_pprof_out_hndl
ffffffff   ___TI_prof_data_size
ffffffff   ___TI_prof_data_start
000043a0   ___add_dtor
0000ef40   ___atexit_func_id__
ffffffff   ___binit__
00010730   ___bss__
ffffffff   ___c_args__
0000c800   ___cinit__
00000000   ___data__
00000000   ___edata__
00010b04   ___end__
00004580   ___etext__
0000e094   ___pinit__
00000200   ___text__
000074c0   __auto_init
0000f594   __cleanup_ptr
0000f598   __dtors_ptr
0000f5a0   __lock
00004500   __nop
00004520   __register_lock
00004540   __register_unlock
00008800   __stack
00003ca0   __strasg
0000f5a4   __unlock
00003d80   _atexit
0000f980   _c_int00
000033c0   _call_dtors
000109d8   _configComplete
0000f2b4   _configEDMABSPLinkRcv
0000f2cc   _configEDMABSPLinkXmt_Ping
0000f2e4   _configEDMABSPLinkXmt_Pong
0000f470   _configEDMARcv
0000f488   _configEDMAXmt
00001440   _config_BSPLink
00001770   _config_BSPLink_EDMA
00000494   _config_EDMA
000009c0   _config_interrupts
0000f450   _datainterface_config
0000f5a8   _dtors
00010a74   _hEdmaBSPLinkRcv
00010a78   _hEdmaBSPLinkRcvRelPing
00010a7c   _hEdmaBSPLinkRcvRelPong
00010a80   _hEdmaBSPLinkXmt
0001099c   _hEdmaRcv
000109a0   _hEdmaRcvRelPing
000109a4   _hEdmaRcvRelPong
000109a8   _hEdmaXmt
000109ac   _hEdmaXmtRelPing
000109b0   _hEdmaXmtRelPong
00010998   _hMcbsp
00010b00   _hMcbsp_AIC23_Config
00010a70   _hMcbsp_Link
00000248   _main
00002300   _memcpy
00001044   _p_ring_link_out_read_ping
00001070   _p_ring_link_out_read_pong
00000fec   _p_ring_link_out_write_ping
00001018   _p_ring_link_out_write_pong
00000f94   _process_ring_link_in_read_ping
00000fc0   _process_ring_link_in_read_pong
00000f3c   _process_ring_link_in_write_ping
00000f68   _process_ring_link_in_write_pong
00001130   _read_ring_buffer_in
00001254   _read_ring_buffer_out
000109c4   _ringbuff_in_read_i
000109c8   _ringbuff_in_write_i
000109cc   _ringbuff_out_read_i
000109d0   _ringbuff_out_write_i
00010acc   _rtdxNullChanCnt
00010ad0   _rtdxNullFuncCnt
0000fef0   _rtdx_buffer_state
0000ff10   _rtdx_mon_state
000109d4   _soundBuffer_i
000109dc   _t_reg
0000f3c0   _tccAllocTable
00010a84   _tccBSPLinkRcvPing
00010a88   _tccBSPLinkRcvPong
00010a8c   _tccBSPLinkXmtPing
00010a90   _tccBSPLinkXmtPong
000109b4   _tccRcvPing
000109b8   _tccRcvPong
000109bc   _tccXmtPing
000109c0   _tccXmtPong
00001314   _tsk_led_toggle
00003240   _wait500nS
0000109c   _write_ring_buffer_in
000011c0   _write_ring_buffer_out
ffffffff   binit
0000c800   cinit
00000000   edata
00010b04   end
00004580   etext
00000000   hwi0
00000020   hwi1
00000140   hwi10
00000160   hwi11
00000180   hwi12
000001a0   hwi13
000001c0   hwi14
000001e0   hwi15
00000040   hwi2
00000060   hwi3
00000080   hwi4
000000a0   hwi5
000000c0   hwi6
000000e0   hwi7
00000100   hwi8
00000120   hwi9
0000e094   pinit


GLOBAL SYMBOLS: SORTED BY Symbol Address 

address    name
--------   ----
00000000   .data
00000000   BUF$
00000000   CLK_COUNTSPMSHIGH
00000000   CLK_PRDHIGH
00000000   CLK_TDDR
00000000   CLK_TDDRHIGH
00000000   CLK_TIMERNUM
00000000   DEV$
00000000   DGN$
00000000   DHL$
00000000   DHL_gChannelsAvailable
00000000   DIO$
00000000   DIO_NUMSWIBASE
00000000   DIO_NUMTSKBASE
00000000   DIO_STATIC
00000000   DPI$
00000000   GBL_BIGENDIAN
00000000   GBL_C641XL2PRIORITY
00000000   GBL_CACHE
00000000   GBL_L2CONFIGALLOC
00000000   GBL_L2MARMASK1
00000000   GBL_L2MARMASK2
00000000   GBL_L2MARMASK3
00000000   GBL_L2MARMASK4
00000000   GBL_L2MARMASK5
00000000   GBL_L2MODE
00000000   GBL_L2PRIORITY
00000000   GBL_NULL
00000000   GBL_PROCID
00000000   GBL_ROM
00000000   GBL_SUPPORTCSL
00000000   GIO$
00000000   HOOK$
00000000   HOOK_KNLID
00000000   HST_DSM
00000000   HST_NONE
00000000   HWI_A_VECS
00000000   HWI_GENERATE_RESET_VEC
00000000   HWI_INT10$hwi
00000000   HWI_INT11$hwi
00000000   HWI_INT12$hwi
00000000   HWI_INT13$hwi
00000000   HWI_INT14$hwi
00000000   HWI_INT15$hwi
00000000   HWI_INT4$hwi
00000000   HWI_INT5$hwi
00000000   HWI_INT6$hwi
00000000   HWI_INT7$hwi
00000000   HWI_INT8$hwi
00000000   HWI_INT9$hwi
00000000   HWI_NMI$hwi
00000000   HWI_POLARITYMASK
00000000   HWI_RESERVED0$hwi
00000000   HWI_RESERVED1$hwi
00000000   HWI_RESET
00000000   HWI_RESET$hwi
00000000   IDL_busyObj$iB
00000000   IDL_busyObj$operation
00000000   KNL_swi$pri
00000000   KNL_swi$sts$unittype
00000000   KNL_swi$swi
00000000   LOG_system$datatype
00000000   LOG_system$log
00000000   MBX$
00000000   MEM_NULL
00000000   MEM_USEMPC
00000000   MSGQ$
00000000   MSGQ_USEMSGQ
00000000   OBJ$
00000000   PIP$
00000000   PIP_gNextId
00000000   POOL$
00000000   POOL_USEPOOL
00000000   PRD_LEDToggle$mode
00000000   PRD_LEDToggle$prd
00000000   PRD_LEDToggle$sts$filter
00000000   PRD_swi$sts$unittype
00000000   PRD_swi$swi
00000000   RTA_fromHost$hst
00000000   RTA_fromHost$mode
00000000   RTA_toHost$hst
00000000   RTA_toHost$id
00000000   RTDX_MODE
00000000   RTDX_USERTEXECUTION
00000000   SIO$
00000000   SWI_ADC_In_Ping$sts$unittype
00000000   SWI_ADC_In_Ping$swi
00000000   SWI_ADC_In_Pong$sts$unittype
00000000   SWI_ADC_In_Pong$swi
00000000   SWI_ADC_Out_Ping$sts$unittype
00000000   SWI_ADC_Out_Ping$swi
00000000   SWI_ADC_Out_Pong$sts$unittype
00000000   SWI_ADC_Out_Pong$swi
00000000   SWI_BSPLink_In_Ping$sts$unittype
00000000   SWI_BSPLink_In_Ping$swi
00000000   SWI_BSPLink_In_Pong$sts$unittype
00000000   SWI_BSPLink_In_Pong$swi
00000000   SWI_BSPLink_Out_Ping$sts$unittype
00000000   SWI_BSPLink_Out_Ping$swi
00000000   SWI_BSPLink_Out_Pong$sts$unittype
00000000   SWI_BSPLink_Out_Pong$swi
00000000   SWI_EHOOKFXN
00000000   SWI_IHOOKFXN
00000000   TSK_LEDTOGGLE$sts$unittype
00000000   TSK_LEDTOGGLE$tsk
00000000   TSK_NUM_HOOKS
00000000   TSK_READYFXN
00000000   TSK_STACKSEG
00000000   TSK_SWITCHFXN
00000000   TSK_idle$pri
00000000   TSK_idle$sts$unittype
00000000   TSK_idle$tsk
00000000   UDEV$
00000000   _CLK_TDDR
00000000   _CLK_TIMERNUM
00000000   _GBL_CACHE
00000000   _HWI_RESET
00000000   _RTDX_interrupt_mask
00000000   ___data__
00000000   ___edata__
00000000   edata
00000000   hwi0
00000001   BUF_ENABLED
00000001   CLK$
00000001   CLK_CALDIV
00000001   CLK_HTIMEDIV
00000001   CLK_LTIMEDIV
00000001   CLK_USETIMER
00000001   GBL$
00000001   GBL_CALLCSLCFGINIT
00000001   GBL_ENABLEINST
00000001   GBL_L2CONFIGURE
00000001   GBL_L2MARMASK
00000001   GBL_USERINIT
00000001   GBL_boot
00000001   HST$
00000001   HST_RTDX
00000001   HWI$
00000001   HWI_NMI
00000001   HWI_ZEROTAB
00000001   IDL$
00000001   IDL_USECLKIDLTIME
00000001   IDL_busyObj$filter
00000001   IDL_busyObj$iA
00000001   IDL_busyObj$iC
00000001   ISRC$
00000001   KNL_swi$dorta
00000001   KNL_swi$sts$filtmaxmult
00000001   KNL_swi$sts$filtsummult
00000001   LCK$
00000001   LOG$
00000001   LOG_A_TABLEN
00000001   LOG_ENABLED
00000001   MEM$
00000001   MEM_gNumHeap
00000001   PRD$
00000001   PRD_A_TABLEN
00000001   PRD_swi$dorta
00000001   PRD_swi$ord
00000001   PRD_swi$pri
00000001   PRD_swi$sts$filtmaxmult
00000001   PRD_swi$sts$filtsummult
00000001   QUE$
00000001   RTA_fromHost$id
00000001   RTA_toHost$mode
00000001   RTDX$
00000001   RTDX_NORMALIZED_HDR
00000001   RTDX_USERTDX
00000001   SEM$
00000001   STS$
00000001   SWI$
00000001   SWI_ADC_In_Ping$dorta
00000001   SWI_ADC_In_Ping$pri
00000001   SWI_ADC_In_Ping$sts$filtmaxmult
00000001   SWI_ADC_In_Ping$sts$filtsummult
00000001   SWI_ADC_In_Pong$dorta
00000001   SWI_ADC_In_Pong$pri
00000001   SWI_ADC_In_Pong$sts$filtmaxmult
00000001   SWI_ADC_In_Pong$sts$filtsummult
00000001   SWI_ADC_Out_Ping$dorta
00000001   SWI_ADC_Out_Ping$pri
00000001   SWI_ADC_Out_Ping$sts$filtmaxmult
00000001   SWI_ADC_Out_Ping$sts$filtsummult
00000001   SWI_ADC_Out_Pong$dorta
00000001   SWI_ADC_Out_Pong$pri
00000001   SWI_ADC_Out_Pong$sts$filtmaxmult
00000001   SWI_ADC_Out_Pong$sts$filtsummult
00000001   SWI_BSPLink_In_Ping$dorta
00000001   SWI_BSPLink_In_Ping$pri
00000001   SWI_BSPLink_In_Ping$sts$filtmaxmult
00000001   SWI_BSPLink_In_Ping$sts$filtsummult
00000001   SWI_BSPLink_In_Pong$dorta
00000001   SWI_BSPLink_In_Pong$pri
00000001   SWI_BSPLink_In_Pong$sts$filtmaxmult
00000001   SWI_BSPLink_In_Pong$sts$filtsummult
00000001   SWI_BSPLink_Out_Ping$dorta
00000001   SWI_BSPLink_Out_Ping$pri
00000001   SWI_BSPLink_Out_Ping$sts$filtmaxmult
00000001   SWI_BSPLink_Out_Ping$sts$filtsummult
00000001   SWI_BSPLink_Out_Pong$dorta
00000001   SWI_BSPLink_Out_Pong$pri
00000001   SWI_BSPLink_Out_Pong$sts$filtmaxmult
00000001   SWI_BSPLink_Out_Pong$sts$filtsummult
00000001   SYS$
00000001   TSK$
00000001   TSK_LEDTOGGLE$sts$filtmaxmult
00000001   TSK_LEDTOGGLE$sts$filtsummult
00000001   TSK_PRIORITY
00000001   TSK_idle$ord
00000001   TSK_idle$sts$filtmaxmult
00000001   TSK_idle$sts$filtsummult
00000001   _CLK_USETIMER
00000001   _HWI_NMI
00000001   _LOG_A_TABLEN
00000002   HWI_RESERVED0
00000002   IDL_busyObj$unittype
00000002   KNL_swi$ord
00000002   KNL_swi$sts$filter
00000002   PIP_A_TABLEN
00000002   PIP_gNumEmbed
00000002   PRD_LEDToggle$ord
00000002   PRD_LEDToggle$sts$unittype
00000002   PRD_swi$sts$filter
00000002   SWI_ADC_In_Ping$sts$filter
00000002   SWI_ADC_In_Pong$sts$filter
00000002   SWI_ADC_Out_Ping$sts$filter
00000002   SWI_ADC_Out_Pong$sts$filter
00000002   SWI_BSPLink_In_Ping$sts$filter
00000002   SWI_BSPLink_In_Pong$sts$filter
00000002   SWI_BSPLink_Out_Ping$sts$filter
00000002   SWI_BSPLink_Out_Pong$sts$filter
00000002   TSK_LEDTOGGLE$pri
00000002   TSK_LEDTOGGLE$sts$filter
00000002   TSK_idle$sts$filter
00000002   _HWI_RESERVED0
00000002   _RTDX_JTAGONLY
00000003   HWI_RESERVED1
00000003   SWI_BSPLink_In_Ping$ord
00000003   TSK_LEDTOGGLE$ord
00000003   _HWI_RESERVED1
00000004   CLK_CALMULT
00000004   CLK_HTIMEMULT
00000004   HWI_INT4
00000004   RTA_fromHost$framesize
00000004   SWI_BSPLink_In_Pong$ord
00000004   _HWI_INT4
00000005   HWI_INT5
00000005   SWI_ADC_Out_Ping$ord
00000005   _HWI_INT5
00000006   HWI_INT6
00000006   IDL_CALIBRERROR
00000006   SWI_ADC_Out_Pong$ord
00000006   _HWI_INT6
00000007   HWI_INT7
00000007   SWI_ADC_In_Ping$ord
00000007   _HWI_INT7
00000008   HWI_INT8
00000008   PRD_SCALAR
00000008   SWI_ADC_In_Pong$ord
00000008   _HWI_INT8
00000009   HWI_INT9
00000009   SWI_BSPLink_Out_Ping$ord
00000009   _HWI_INT9
0000000a   HWI_INT10
0000000a   SWI_A_TABLEN
0000000a   _HWI_INT10
0000000b   HWI_INT11
0000000b   SWI_BSPLink_Out_Pong$ord
0000000b   _HWI_INT11
0000000c   HWI_INT12
0000000c   _HWI_INT12
0000000d   HWI_INT13
0000000d   _HWI_INT13
0000000e   HWI_INT14
0000000e   _HWI_INT14
0000000f   HWI_INT15
0000000f   _HWI_INT15
00000020   CLK_TCR
00000020   hwi1
0000003e   GBL_DSPTYPE
00000040   HST_MAXFRAMESET
00000040   LOG_system$size
00000040   RTA_toHost$framesize
00000040   hwi2
00000042   GBL_FOOTPRINT
00000060   hwi3
00000064   PIP_OBJSIZE
00000080   hwi4
000000a0   hwi5
000000c0   hwi6
000000e0   hwi7
000000ff   HST_MAXFRAMEALLOWED
00000100   hwi8
00000120   hwi9
00000140   hwi10
00000160   hwi11
00000180   hwi12
000001a0   hwi13
000001c0   hwi14
000001e0   hwi15
00000200   .text
00000200   ___text__
00000248   _main
000003e8   CLK_MICROSECS
000003e8   PRD_LEDToggle$period
00000400   HST_DSMMEMSIZE
00000400   TSK_STACKSIZE
00000408   RTDX_BUFMEMSIZE
00000494   _config_EDMA
000009c0   _config_interrupts
00000aac   _HWI_McBSP0_Rx
00000ad4   _EDMA_ISR
00000f3c   _process_ring_link_in_write_ping
00000f68   _process_ring_link_in_write_pong
00000f94   _process_ring_link_in_read_ping
00000fc0   _process_ring_link_in_read_pong
00000fec   _p_ring_link_out_write_ping
00001018   _p_ring_link_out_write_pong
00001044   _p_ring_link_out_read_ping
00001070   _p_ring_link_out_read_pong
0000109c   _write_ring_buffer_in
00001130   _read_ring_buffer_in
000011c0   _write_ring_buffer_out
00001254   _read_ring_buffer_out
000012e8   _SWI_LEDToggle
00001314   _tsk_led_toggle
00001440   _config_BSPLink
00001520   _BSPLink_EDMA_Stop
00001598   _BSPLink_EDMA_Start_Pong
00001684   _BSPLink_EDMA_Start_Ping
00001770   GBL_CLKTYPE
00001770   _config_BSPLink_EDMA
00001a39   GBL_DSPSUBTYPE
00001c4c   _DSK6713_init
00001f68   _DSK6713_rget
00001f7c   _DSK6713_rset
00001f90   _DSK6713_wait
00001fe8   _DSK6713_waitusec
00002014   _DSK6713_getVersion
00002080   _EDMA_open
00002226   GBL_L2ALLOC
00002300   _memcpy
00002540   _Config_DSK6713_AIC23
00002780   __CSL_init
000029a0   _DSK6713_LED_init
000029e0   _DSK6713_LED_off
00002a50   _DSK6713_LED_on
00002ac0   _DSK6713_LED_toggle
00002b80   _IRQ_map
00002f00   _EDMA_allocTable
000030a0   _MCBSP_reset
00003240   _wait500nS
00003268   GBL_USERINITFXN
00003268   _GBL_setPLLto225MHz
000033c0   _call_dtors
00003520   _EDMA_reset
00003660   _TIMER_open
000037a0   _TIMER_reset
000038c0   _EDMA_intAlloc
000039c0   _MCBSP_open
00003ac0   _MCBSP_start
00003bc0   _EDMA_config
00003ca0   __strasg
00003d80   _atexit
00003f20   _MCBSP_close
00003fc0   _MCBSP_config
00004000   CLK_INTBIT
00004000   __STACK_SIZE
00004060   __IRQ_init
000041a0   _EDMA_disableChannel
00004200   _EDMA_enableChannel
00004260   _EDMA_intEnable
000042c0   _EDMA_qdmaConfig
00004320   _EDMA_link
00004360   _IRQ_enable
000043a0   ___add_dtor
000043e0   _CSL6713_LIB_
00004400   _EDMA_intClear
00004420   _EDMA_intTest
00004440   _IRQ_clear
00004460   _IRQ_globalEnable
00004480   _MCBSP_getRcvAddr
000044a0   _MCBSP_getXmtAddr
000044c0   _MCBSP_write
000044e0   _MCBSP_xrdy
00004500   __nop
00004520   __register_lock
00004540   __register_unlock
00004560   __IRQ_hookFetchPacket
00004580   LNK_F_checkBufferCall
00004580   ___etext__
00004580   etext
000045a0   LNK_F_getChanPtr
000045f8   LNK_F_init
00004600   LNK_F_dataPump
00004614   LNK_rcloop
000046e0   LNK_rdrtry
000046f0   LNK_rrloop
000047b4   LNK_wrrtry
000047c4   LNK_wrloop
000048a0   LNK_newin
000049e0   LNK_newout
00004b44   LNK_F_readCallBack
00004e20   GBL_CLKIN
00004fb4   __GBL_setL2CacheMode
00005160   SWI_F_enable
00005160   __SWI_lat3beg
000051cc   __SWI_lat3end
000051d0   SWI_F_post
000051d0   _SWI_post
00005205   GBL_A_VERSION
00005308   HWI_CFGDISPATCHED
00005308   _HWI_CFGDISPATCHED
0000530c   __SWI_lat1beg
0000537c   SWI_EXECFXN
0000537c   SWI_F_exec
000053a8   SWI_F_iexec
000053c0   __SWI_lat1end
000053c4   __SWI_lat2beg
00005434   __SWI_lat2end
00005438   SWI_F_run
00005438   SWI_RUNFXN
000056a0   CLK_HOOKFXN
000056a0   HWI_F_dispatch
000056a0   _HWI_F_dispatch
000056a0   __HWI_lat1beg
00005820   __HWI_lat1end
00005820   __HWI_lat2beg
0000594c   __HWI_lat2end2
0000597c   __HWI_lat3end2
000059c0   __HWI_lat2end1
000059e0   __HWI_lat3beg
00005ae0   __HWI_lat3end1
00005b00   PRD_F_swi
00005dc0   PRD_F_tick
00005ea0   _KNL_run
00006160   RTA_F_getlog
000061a4   RTA_F_getsts
000061ec   RTA_F_readblk
0000620c   RTA_F_writeword
00006218   RTA_F_resetmem
00006218   __RTA_lat1beg
00006250   __RTA_lat1end
00006258   RTA_F_dispatch
000062a8   RTA_execute
00006420   _SEM_pendEnterKnl
00006920   PRD_THOOKFXN
00006920   _KNL_tick
00006940   PIP_F_take
000069d4   PIP_F_give
000069d4   PIP_F_probe
00006aa8   PIP_F_start
00006b80   __SEM_dopost
00006da0   _TSK_setup
00006fa0   _KNL_saveIsrFrame
0000706c   _KNL_switch
00007120   KNL_glue
00007160   CLK_F_getltime
00007174   CLK_F_isr
000072d4   CLK_F_itime
000072d4   _CLK_F_itime
000072d4   _CLK_itime
000072f0   __CLK_lat1beg
0000731c   __CLK_lat1end
00007320   _TSK_exit
000074c0   __auto_init
00007700   _TSK_startup
000077c0   _KNL_check
00007810   __KNL_lat1beg
00007898   _KNL_idle
00007898   __KNL_lat1end
000078bc   _KNL_max
00007900   _GBL_cslCacheInit
000079e0   _KNL_exit
00007a34   _KNL_enter
00007ac0   _SEM_postEnterKnl
00007ba0   _SEM_post
00007ba0   _SEM_postBinary
00007c80   _CLK_measure
00007d60   _KNL_ipost
00007e20   _KNL_post
00007ee0   _LCK_post
00007f10   _LCK_pend
00007fa0   _SYS_exit
00008000   SDRAM$L
00008000   _SDRAM_length
00008060   CLK_F_getfhtime
00008080   CLK_F_gethtime
00008080   CLK_F_getshtime
00008080   CLK_TIMEFXN
00008120   FXN_F_nop
00008128   FXN_F_run
00008128   _FXN_F_run
00008178   FXN_F_zero
00008178   _FXN_F_zero
000081a0   IDL_F_busy
000081a0   __IDL_lat1beg
000081f0   __IDL_lat1end
00008220   LOG_F_event
00008220   _LOG_event
00008220   __LOG_lat1beg
000082a0   STS_F_delta
000082a0   _STS_delta
000082d8   STS_F_add
000082d8   _STS_add
00008304   STS_F_reset
00008304   _STS_reset
00008320   IDL_F_calibrate
000083a0   _HWI_disable
000083b8   _HWI_enable
000083cc   _HWI_restore
00008400   _SEM_pendBinary
00008460   _SEM_pend
000084c0   _SWI_disable
000084e8   _SWI_enable
00008520   _SYS_abort
00008580   SYS_PUTCFXN
00008580   _UTL_doPutc
000085e0   _CLK_start
00008640   IDL_CALIBRFXN
00008640   IDL_F_stub
00008680   RTA_F_andn
000086a0   RTA_F_or
000086c0   SYS_ABORTFXN
000086c0   _UTL_doAbort
00008700   _CLK_stop
00008740   GIO_CREATEFXN
00008740   GIO_DELETEFXN
00008740   GIO_PENDFXN
00008740   GIO_POSTFXN
00008740   TSK_VCREATEFXN
00008740   TSK_VDELETEFXN
00008740   TSK_VEXITFXN
00008740   _FXN_F_nop
00008760   _GBL_getVersion
00008780   IDL_F_loop
00008780   _IDL_loop
000087a0   _STS_set
000087c0   SYS_ERRORFXN
000087c0   _UTL_doError
000087e0   SYS_EXITFXN
000087e0   _UTL_halt
00008800   GBL_stackbeg
00008800   _HWI_STKTOP
00008800   __stack
0000c7f8   _HWI_STKBOTTOM
0000c7ff   GBL_stackend
0000c800   __STACK_END
0000c800   ___cinit__
0000c800   cinit
0000dbba   CLK_COUNTSPMS
0000dbba   CLK_HTIMEPERLTIME
0000dbba   CLK_PRD
0000dbba   _CLK_COUNTSPMS
0000dbba   _CLK_PRD
0000dbef   GBL_TRCMASKVALUE
0000e094   ___pinit__
0000e094   pinit
0000e0a0   _RTDX_Poll
0000e4a0   _RTDX_Buffer_WriteCB
0000eae0   _RTDX_Mon_Queue
0000ed00   _RTDX_Init_RT_Monitor
0000ed80   _RTDX_Buffer_Initialize
0000ede0   _RTDX_Buffer_ReadCB
0000ee40   _RTDX_Buffer_Size
0000ee80   _RTDX_Final_RT_Monitor
0000eec0   _RTDX_Buffer_Read
0000eee0   _RTDX_Buffer_Write
0000ef20   _RTDX_Mask_IER
0000ef40   ___atexit_func_id__
0000f0f0   __IRQ_eventTable
0000f174   __IRQ_intTable
0000f1b4   __IRQ_dispatchTable
0000f1bc   _KNL_queues
0000f25c   _KNL_dummy
0000f294   _BSPLink_interface_config
0000f2b4   _configEDMABSPLinkRcv
0000f2cc   _configEDMABSPLinkXmt_Ping
0000f2e4   _configEDMABSPLinkXmt_Pong
0000f2fc   _TSK_ATTRS
0000f318   _TSK_config
0000f338   _TSK_timerSem
0000f358   _OBJ_table
0000f390   _OBJ_segtab
0000f3c0   _tccAllocTable
0000f400   __TSK_mutex
0000f428   __MEM_mutex
0000f450   _datainterface_config
0000f470   _configEDMARcv
0000f488   _configEDMAXmt
0000f4d0   __MCBSP_hDev0
0000f4d4   __MCBSP_hDev1
0000f534   __TIMER_deviceTable
0000f54c   __TIMER_hDev0
0000f550   __TIMER_hDev1
0000f554   __TIMER_hBios
0000f558   _SYS_exitStack
0000f594   __cleanup_ptr
0000f598   __dtors_ptr
0000f59c   ___TI_enable_exit_profile_output
0000f5a0   __lock
0000f5a4   __unlock
0000f5a8   _dtors
0000f5ac   _DSK6713_version
0000f5b0   RTA_fromHost$buf
0000f5c0   BIOS_init
0000f5c0   _BIOS_init
0000f73c   BIOS$$CLKON
0000f77c   BIOS$$CLKOFF
0000f7e4   BIOS_start
0000f7e4   _BIOS_start
0000f8a0   _MEM_init
0000f980   _c_int00
0000fa40   _TSK_init
0000fac0   _OBJ_init
0000fae0   _RTDX_Buffer
0000fee8   _RTDX_Buffer_Start
0000feec   _RTDX_Buffer_End
0000fef0   _rtdx_buffer_state
0000fefc   _RTDX_writing
0000ff10   _rtdx_mon_state
0000ff30   TSK_LEDTOGGLE$stack
000102c8   TSK_LEDTOGGLE$stkptr
00010330   TSK_idle$stack
000106c8   TSK_idle$stkptr
00010730   $bss
00010730   .bss
00010730   _HWI_dispatchTab
00010730   ___bss__
00010830   IDL_D_tabbeg
00010834   IDL_D_calibrate
00010838   IDL_D_calbeg
0001083c   LOG_D_system
0001083c   _LOG_D_system
00010840   PIP_D_tabbeg
00010844   PIP_D_tablen
00010848   CLK_R_time
0001084c   CLK_D_timefxn
00010850   CLK_D_tabbeg
00010854   CLK_D_isrhook
00010858   CLK_D_idletime
0001085c   _CLK_htimeDiv
00010860   _CLK_htimeMult
00010864   _CLK_ltimeDiv
00010868   _CLK_ltimeMult
0001086c   _CLK_D_dirty
00010870   _CLK_D_prd
00010874   _CLK_D_tddr
00010878   _CLK_D_countspms
0001087c   PRD_D_tick
0001087c   _PRD_D_tick
00010880   PRD_D_cur
00010884   PRD_D_elapsed
00010888   PRD_D_prevtim
0001088c   PRD_D_scalar
00010890   PRD_D_swihandle
00010894   PRD_D_tabbeg
00010898   PRD_D_tablen
0001089c   PRD_D_thook
000108a0   RTA_D_fromHost
000108a4   RTA_D_toHost
000108a8   RTA_D_logval
000108b8   RTA_D_stsval
000108c4   HST_D_chanmask
000108c8   HST_D_tabbeg
000108cc   HST_D_tabend
000108d0   _GBL_procId
000108d4   _GBL_clkIn
000108d8   _GBL_freq
000108dc   _MEM_D_NUMSEGMENTS
000108e0   _MEM_D_memtab
000108e4   _MEM_D_freelist
000108e8   _MEM_D_lockaddr
000108ec   _MEM_D_unlockaddr
000108f0   _SYS
000108f4   __HOOK_knlId
000108f8   __HOOK_NUMHOOKS
000108fc   SWI_D_runaddr
000108fc   _SWI_D_runaddr
000108fc   _SWI_data
00010900   SWI_D_execaddr
00010900   _SWI_D_execaddr
00010904   SWI_D_curmask
00010904   _SWI_D_curmask
00010908   SWI_D_curset
00010908   _SWI_D_curset
0001090c   SWI_D_lock
0001090c   _SWI_D_lock
00010910   SWI_D_curmbox
00010914   SWI_D_curfxn
00010914   _SWI_D_curfxn
00010918   SWI_D_rdybeg
00010918   _SWI_D_rdybeg
0001091c   SWI_D_inswi
0001091c   _SWI_D_inswi
00010920   SWI_D_rdytab
00010998   _hMcbsp
0001099c   _hEdmaRcv
000109a0   _hEdmaRcvRelPing
000109a4   _hEdmaRcvRelPong
000109a8   _hEdmaXmt
000109ac   _hEdmaXmtRelPing
000109b0   _hEdmaXmtRelPong
000109b4   _tccRcvPing
000109b8   _tccRcvPong
000109bc   _tccXmtPing
000109c0   _tccXmtPong
000109c4   _ringbuff_in_read_i
000109c8   _ringbuff_in_write_i
000109cc   _ringbuff_out_read_i
000109d0   _ringbuff_out_write_i
000109d4   _soundBuffer_i
000109d8   _configComplete
000109dc   _t_reg
00010a00   _KNL_wFlag
00010a04   _KNL_wList
00010a08   _KNL_alarm
00010a0c   _KNL_setpri
00010a10   _KNL_inactive
00010a14   _KNL_priority
00010a18   _KNL_set
00010a1c   _KNL_curtask
00010a20   _KNL_prevtask
00010a24   _KNL_curtime
00010a28   _KNL_swiptr
00010a2c   _KNL_curqueue
00010a30   _KNL_maxqueue
00010a34   _KNL_tswitchfxn
00010a38   _KNL_tcreatefxn
00010a3c   _KNL_tdeletefxn
00010a40   _KNL_treadyfxn
00010a44   _KNL_idlefxn
00010a48   _MEM_memtab
00010a54   MEM_MALLOCSEG
00010a54   MEM_SEGZERO
00010a54   SDRAM
00010a54   _SDRAM
00010a58   RTA_fromHost$pipe$dtab
00010a64   RTA_toHost$pipe$dtab
00010a70   _hMcbsp_Link
00010a74   _hEdmaBSPLinkRcv
00010a78   _hEdmaBSPLinkRcvRelPing
00010a7c   _hEdmaBSPLinkRcvRelPong
00010a80   _hEdmaBSPLinkXmt
00010a84   _tccBSPLinkRcvPing
00010a88   _tccBSPLinkRcvPong
00010a8c   _tccBSPLinkXmtPing
00010a90   _tccBSPLinkXmtPong
00010a94   HWI_D_spsave
00010a94   _HWI_D_spsave
00010a94   _HWI_data
00010aa0   _HWI_D_inhwi
00010aa4   HWI_D_bss
00010aa8   HWI_D_ccmask
00010aac   LNK_dspFrameRequestMask
00010aac   _LNK_dspFrameRequestMask
00010ab0   LNK_dspFrameReadyMask
00010ab0   _LNK_dspFrameReadyMask
00010ab4   LNK_readPend
00010ab4   _LNK_readPend
00010ab8   LNK_readDone
00010ab8   _LNK_readDone
00010abc   LNK_readFail
00010abc   _LNK_readFail
00010ac0   LNK_writeFail
00010ac0   _LNK_writeFail
00010acc   _rtdxNullChanCnt
00010ad0   _rtdxNullFuncCnt
00010ad4   _TSK_nTasks
00010ad8   _TSK_pid
00010adc   _TSK
00010ae0   _CLK_DFLTMICROSECS
00010ae4   _CLK_D_microseconds
00010ae8   _SYS_exitStackPtr
00010aec   _SYS_exitStackTop
00010af0   _CLK_htimePerLtime
00010af8   IDL_D_busyObj
00010afc   _MEM
00010b00   _hMcbsp_AIC23_Config
00010b04   _SYS_PUTCBEG
00010b04   ___end__
00010b04   end
00010d03   _SYS_PUTCEND
00010d04   PRD_SWIHANDLE
00010d04   PRD_swi
00010d04   SWI_A_TABBEG
00010d04   _PRD_swi
00010d30   KNL_swi
00010d30   _KNL_swi
00010d5c   SWI_BSPLink_In_Ping
00010d5c   _SWI_BSPLink_In_Ping
00010d88   SWI_BSPLink_In_Pong
00010d88   _SWI_BSPLink_In_Pong
00010db4   SWI_ADC_Out_Ping
00010db4   _SWI_ADC_Out_Ping
00010de0   SWI_ADC_Out_Pong
00010de0   _SWI_ADC_Out_Pong
00010e0c   SWI_ADC_In_Ping
00010e0c   _SWI_ADC_In_Ping
00010e38   SWI_ADC_In_Pong
00010e38   _SWI_ADC_In_Pong
00010e64   SWI_BSPLink_Out_Ping
00010e64   _SWI_BSPLink_Out_Ping
00010e90   SWI_BSPLink_Out_Pong
00010e90   _SWI_BSPLink_Out_Pong
00010ebc   HST_A_TABBEG
00010ebc   SWI_A_TABEND
00010ebc   _HST_A_TABBEG
00010ec0   RTA_fromHost
00010ec0   _RTA_fromHost
00010ec8   RTA_fromHost$rtdx
00010edc   RTA_toHost
00010edc   _RTA_toHost
00010ee4   RTA_toHost$rtdx
00010ef8   CLK_A_TABBEG
00010ef8   HST_A_TABEND
00010ef8   PRD_clock
00010ef8   _HST_A_TABEND
00010ef8   _PRD_clock
00010efc   CLK_null
00010f00   LOG_system$buf
00011000   RTA_toHost$buf
00011100   PRD_LEDToggle$sts$stsobj
00011100   STS_A_TABBEG
00011100   _STS_A_TABBEG
00011104   PRD_LEDToggle$sts
00011110   PRD_swi$sts$stsobj
00011114   PRD_swi$sts
00011120   KNL_swi$sts$stsobj
00011124   KNL_swi$sts
00011130   SWI_BSPLink_In_Ping$sts$stsobj
00011134   SWI_BSPLink_In_Ping$sts
00011140   SWI_BSPLink_In_Pong$sts$stsobj
00011144   SWI_BSPLink_In_Pong$sts
00011150   SWI_ADC_Out_Ping$sts$stsobj
00011154   SWI_ADC_Out_Ping$sts
00011160   SWI_ADC_Out_Pong$sts$stsobj
00011164   SWI_ADC_Out_Pong$sts
00011170   SWI_ADC_In_Ping$sts$stsobj
00011174   SWI_ADC_In_Ping$sts
00011180   SWI_ADC_In_Pong$sts$stsobj
00011184   SWI_ADC_In_Pong$sts
00011190   SWI_BSPLink_Out_Ping$sts$stsobj
00011194   SWI_BSPLink_Out_Ping$sts
000111a0   SWI_BSPLink_Out_Pong$sts$stsobj
000111a4   SWI_BSPLink_Out_Pong$sts
000111b0   TSK_idle$sts$stsobj
000111b4   TSK_idle$sts
000111c0   TSK_LEDTOGGLE$sts$stsobj
000111c4   TSK_LEDTOGGLE$sts
000111d0   IDL_busyObj$stsobj
000111d4   IDL_busyObj
000111d4   _IDL_busyObj
000111e0   PIP_A_TABBEG
000111e0   RTA_fromHost$pipe
000111e0   STS_A_TABEND
000111e0   _PIP_A_TABBEG
000111e0   _STS_A_TABEND
000111e4   RTA_fromHost$pipe$rd
00011210   RTA_fromHost$pipe$aaa
00011214   RTA_fromHost$pipe$wr
00011240   RTA_fromHost$pipe$bbb
00011244   RTA_toHost$pipe
00011248   RTA_toHost$pipe$rd
00011274   RTA_toHost$pipe$aaa
00011278   RTA_toHost$pipe$wr
000112a4   RTA_toHost$pipe$bbb
000112a8   PIP_A_TABEND
000112a8   _PIP_A_TABEND
000112b4   TSK_idle
000112b4   _TSK_idle
00011314   TSK_LEDTOGGLE
00011314   _TSK_LEDTOGGLE
0001141d   PRD_LEDToggle$sts$maxfmt
00011426   PRD_LEDToggle$sts$sumfmt
0001142f   PRD_LEDToggle$sts$avgfmt
0001143a   PRD_swi$sts$maxfmt
00011442   PRD_swi$sts$sumfmt
0001144a   PRD_swi$sts$avgfmt
00011454   KNL_swi$sts$maxfmt
0001145c   KNL_swi$sts$sumfmt
00011464   KNL_swi$sts$avgfmt
0001146e   SWI_BSPLink_In_Ping$sts$maxfmt
00011476   SWI_BSPLink_In_Ping$sts$sumfmt
00011478   SEM_LEDToggle
00011478   _SEM_LEDToggle
0001147e   SWI_BSPLink_In_Ping$sts$avgfmt
00011488   SWI_BSPLink_In_Pong$sts$maxfmt
00011490   SWI_BSPLink_In_Pong$sts$sumfmt
00011498   SWI_BSPLink_In_Pong$sts$avgfmt
000114a2   SWI_ADC_Out_Ping$sts$maxfmt
000114aa   SWI_ADC_Out_Ping$sts$sumfmt
000114b2   SWI_ADC_Out_Ping$sts$avgfmt
000114bc   SWI_ADC_Out_Pong$sts$maxfmt
000114c0   PRD_A_TABBEG
000114c0   PRD_LEDToggle
000114c0   _PRD_LEDToggle
000114c4   SWI_ADC_Out_Pong$sts$sumfmt
000114cc   SWI_ADC_Out_Pong$sts$avgfmt
000114d6   SWI_ADC_In_Ping$sts$maxfmt
000114dc   PRD_LEDToggle$aaa
000114de   SWI_ADC_In_Ping$sts$sumfmt
000114e0   LOG_A_TABBEG
000114e0   LOG_system
000114e0   PRD_A_TABEND
000114e0   _LOG_A_TABBEG
000114e0   _LOG_system
000114e6   SWI_ADC_In_Ping$sts$avgfmt
000114f0   SWI_ADC_In_Pong$sts$maxfmt
000114f8   IDL_A_TABBEG
000114f8   IDL_cpuLoad
000114f8   LOG_A_TABEND
000114f8   SWI_ADC_In_Pong$sts$sumfmt
000114f8   _IDL_cpuLoad
000114f8   _LOG_A_TABEND
000114fc   LNK_dataPump
000114fc   _LNK_dataPump
00011500   RTA_dispatcher
00011500   SWI_ADC_In_Pong$sts$avgfmt
00011500   _RTA_dispatcher
00011504   IDL_END
00011508   IDL_A_CALBEG
00011508   IDL_cpuLoad$
0001150a   SWI_BSPLink_Out_Ping$sts$maxfmt
0001150c   LNK_dataPump$
00011510   RTA_dispatcher$
00011512   SWI_BSPLink_Out_Ping$sts$sumfmt
00011514   IDL_END$
00011518   SYS$config
0001151a   SWI_BSPLink_Out_Ping$sts$avgfmt
00011524   SWI_BSPLink_Out_Pong$sts$maxfmt
00011528   TRC_cinit
0001152c   SWI_BSPLink_Out_Pong$sts$sumfmt
0001152c   TRC_R_mask
0001152c   _TRC_R_mask
00011530   GBL_initdone
00011534   SWI_BSPLink_Out_Pong$sts$avgfmt
0001153e   TSK_idle$sts$maxfmt
00011546   TSK_idle$sts$sumfmt
0001154e   TSK_idle$sts$avgfmt
00011558   TSK_LEDTOGGLE$sts$maxfmt
00011560   TSK_LEDTOGGLE$sts$sumfmt
00011568   TSK_LEDTOGGLE$sts$avgfmt
00011572   IDL_busyObj$maxfmt
00011575   IDL_busyObj$sumfmt
00011578   IDL_busyObj$avgfmt
00036ee8   CLK_LTIMEMULT
00036ee8   GBL_FREQ
01940000   CLK_REGS
01940000   _CLK_REGS
082039a3   HWI_INTRMULTHIGH
250718a4   HWI_INTRMULTLOW
80000000   SDRAM$B
80000000   _SDRAM_base
80008000   _Buffer_in_ping
800083e8   _Buffer_in_pong
800087d0   _Buffer_out_ping
80008bb8   _Buffer_out_pong
80008fa0   _Ringbuffer_out
8000b6cc   _Ringbuffer_in
8000ddf8   _BSPLinkBuffer_in_ping
8000e1e0   _BSPLinkBuffer_in_pong
8000e5c8   _BSPLinkBuffer_out_ping
8000e9b0   _BSPLinkBuffer_out_pong
8000ed98   _MySound
ffffffff   HST_DSMBUFSEG
ffffffff   IRAM
ffffffff   RTDX_DATAMEMSEG
ffffffff   _IRAM
ffffffff   ___TI_pprof_out_hndl
ffffffff   ___TI_prof_data_size
ffffffff   ___TI_prof_data_start
ffffffff   ___binit__
ffffffff   ___c_args__
ffffffff   binit

[975 symbols]
